01-17 15:31:27.592  1927  1927 I zygote  : Explicit concurrent copying GC freed 2169(90KB) AllocSpace objects, 0(0B) LOS objects, 72% free, 2MB/8MB, paused 13us total 8.975ms
01-17 15:31:27.602  1927  1927 I zygote  : Explicit concurrent copying GC freed 1126(78KB) AllocSpace objects, 0(0B) LOS objects, 73% free, 2MB/8MB, paused 10us total 9.429ms
01-17 15:31:27.603  1927  1927 D Zygote32Timing: PostZygoteInitGC took to complete: 34ms
01-17 15:31:27.603  1927  1927 D Zygote32Timing: ZygoteInit took to complete: 5105ms
01-17 15:31:27.676  1927  1927 I Zygote  : System server process 1982 has been created
01-17 15:31:27.685  1927  1927 I Zygote  : Accepting command socket connections
01-17 15:31:27.909  1982  1982 I chatty  : uid=1000 system_server expire 105 lines
01-17 15:31:28.197  1982  1982 I chatty  : uid=1000 system_server expire 212 lines
01-17 15:31:29.276  1770  1802 D installd: Found quota mount /dev/block/dm-0 at /data
01-17 15:31:29.276  1982  1995 I chatty  : uid=1000 system_server expire 2 lines
01-17 15:31:29.779  1982  2001 I chatty  : uid=1000(system) batterystats-wo expire 4 lines
01-17 15:31:29.825  1982  2001 I chatty  : uid=1000(system) batterystats-wo expire 6 lines
01-17 15:31:29.834  1574  1574 W hwservicemanager: getTransport: Cannot find entry android.hardware.memtrack@1.0::IMemtrack/default in either framework or device manifest.
01-17 15:31:30.428  1926  1933 E SurfaceFlinger: ro.sf.lcd_density must be defined as a build property
01-17 15:31:30.430  1982  2005 I chatty  : uid=1000(system) android.display expire 3 lines
01-17 15:31:30.501  1926  1926 D SurfaceFlinger: Set power mode=2, type=0 flinger=0xeb146000
01-17 15:31:30.502  1574  1574 W hwservicemanager: getTransport: Cannot find entry android.hardware.light@2.0::ILight/default in either framework or device manifest.
01-17 15:31:30.502  1982  2005 I chatty  : uid=1000(system) android.display expire 5 lines
01-17 15:31:31.072  1982  2022 I chatty  : uid=1000 system_server expire 15 lines
01-17 15:31:31.181  1982  2021 I chatty  : uid=1000 system_server expire 7 lines
01-17 15:31:31.308  1982  2019 I chatty  : uid=1000 system_server expire 145 lines
01-17 15:31:31.337  1982  2020 I chatty  : uid=1000 system_server expire 10 lines
01-17 15:31:34.903  1982  2024 I chatty  : uid=1000 system_server expire 12 lines
01-17 15:31:34.909  1982  2027 I chatty  : uid=1000 system_server expire 8 lines
01-17 15:31:34.945  1982  2025 I chatty  : uid=1000 system_server expire 15 lines
01-17 15:31:36.111  1982  2026 I chatty  : uid=1000 system_server expire 6 lines
01-17 15:31:38.095  1982  1982 I chatty  : uid=1000 system_server expire 3 lines
01-17 15:31:38.095  1982  1982 W PackageSettings: No potential matches found for Intent { act=android.intent.action.EDIT typ=application/vnd.openxmlformats-officedocument.wordprocessingml.document } while setting preferred com.google.android.apps.docs.editors.docs/com.google.android.apps.docs.editors.kix.quickword.QuickWordDocumentOpenerActivityAlias
01-17 15:31:38.095  1982  1982 W PackageSettings: No potential matches found for Intent { act=android.intent.action.EDIT typ=application/vnd.ms-word.document.macroenabled.12 } while setting preferred com.google.android.apps.docs.editors.docs/com.google.android.apps.docs.editors.kix.quickword.QuickWordDocumentOpenerActivityAlias
01-17 15:31:38.095  1982  1982 W PackageSettings: No potential matches found for Intent { act=android.intent.action.EDIT typ=application/msword } while setting preferred com.google.android.apps.docs.editors.docs/com.google.android.apps.docs.editors.kix.quickword.QuickWordDocumentOpenerActivityAlias
01-17 15:31:38.095  1982  1982 W PackageSettings: No potential matches found for Intent { act=android.intent.action.EDIT typ=application/vnd.ms-word.template.macroenabled.12 } while setting preferred com.google.android.apps.docs.editors.docs/com.google.android.apps.docs.editors.kix.quickword.QuickWordDocumentOpenerActivityAlias
01-17 15:31:38.096  1982  1982 W PackageSettings: No potential matches found for Intent { act=android.intent.action.EDIT typ=application/vnd.openxmlformats-officedocument.wordprocessingml.template } while setting preferred com.google.android.apps.docs.editors.docs/com.google.android.apps.docs.editors.kix.quickword.QuickWordDocumentOpenerActivityAlias
01-17 15:31:38.096  1982  1982 W PackageSettings: No potential matches found for Intent { act=android.intent.action.EDIT typ=application/x-msword } while setting preferred com.google.android.apps.docs.editors.docs/com.google.android.apps.docs.editors.kix.quickword.QuickWordDocumentOpenerActivityAlias
01-17 15:31:38.096  1982  1982 W PackageSettings: No potential matches found for Intent { act=android.intent.action.EDIT typ=application/vnd.openxmlformats-officedocument.presentationml.presentation } while setting preferred com.google.android.apps.docs.editors.slides/com.google.android.apps.docs.editors.kix.quickword.QuickWordDocumentOpenerActivityAlias
01-17 15:31:38.096  1982  1982 W PackageSettings: No potential matches found for Intent { act=android.intent.action.EDIT typ=application/vnd.ms-powerpoint } while setting preferred com.google.android.apps.docs.editors.slides/com.google.android.apps.docs.editors.kix.quickword.QuickWordDocumentOpenerActivityAlias
01-17 15:31:38.096  1982  1982 W PackageSettings: No potential matches found for Intent { act=android.intent.action.EDIT typ=application/vnd.openxmlformats-officedocument.presentationml.template } while setting preferred com.google.android.apps.docs.editors.slides/com.google.android.apps.docs.editors.kix.quickword.QuickWordDocumentOpenerActivityAlias
01-17 15:31:38.096  1982  1982 W PackageSettings: No potential matches found for Intent { act=android.intent.action.EDIT typ=application/vnd.ms-powerpoint.presentation.macroenabled.12 } while setting preferred com.google.android.apps.docs.editors.slides/com.google.android.apps.docs.editors.kix.quickword.QuickWordDocumentOpenerActivityAlias
01-17 15:31:38.096  1982  1982 W PackageSettings: No potential matches found for Intent { act=android.intent.action.EDIT typ=application/vnd.openxmlformats-officedocument.presentationml.slideshow } while setting preferred com.google.android.apps.docs.editors.slides/com.google.android.apps.docs.editors.kix.quickword.QuickWordDocumentOpenerActivityAlias
01-17 15:31:38.096  1982  1982 W PackageSettings: No potential matches found for Intent { act=android.intent.action.EDIT typ=application/vnd.ms-powerpoint.slideshow.macroenabled.12 } while setting preferred com.google.android.apps.docs.editors.slides/com.google.android.apps.docs.editors.kix.quickword.QuickWordDocumentOpenerActivityAlias
01-17 15:31:38.096  1982  1982 W PackageSettings: No potential matches found for Intent { act=android.intent.action.EDIT typ=application/x-mspowerpoint } while setting preferred com.google.android.apps.docs.editors.slides/com.google.android.apps.docs.editors.kix.quickword.QuickWordDocumentOpenerActivityAlias
01-17 15:31:38.131  1982  1982 W PackageManager: Unknown package com.google.android.apps.docs.editors.docs in sysconfig <app-link>
01-17 15:31:38.131  1982  1982 W PackageManager: Unknown package com.google.android.apps.docs.editors.sheets in sysconfig <app-link>
01-17 15:31:38.131  1982  1982 W PackageManager: Unknown package com.google.android.apps.docs.editors.slides in sysconfig <app-link>
01-17 15:31:38.131  1982  1982 W PackageManager: Sysconfig <app-link> package 'com.android.vending' does not handle web links
01-17 15:31:38.132  1982  1982 W PackageManager: Unknown package com.google.android.apps.plus in sysconfig <app-link>
01-17 15:31:38.132  1982  1982 W PackageManager: Unknown package com.google.android.apps.tycho in sysconfig <app-link>
01-17 15:31:38.132  1982  1982 W PackageManager: Unknown package com.google.android.talk in sysconfig <app-link>
01-17 15:31:38.135  1770  1802 I SELinux : SELinux: Loaded file_contexts
01-17 15:31:38.139  1770  1802 W installd: Requested default storage /data/user_de/0/com.google.android.ext.services is not active; migrating from /data/data/com.google.android.ext.services
01-17 15:31:38.144  1770  1802 W installd: Requested default storage /data/user_de/0/com.android.providers.telephony is not active; migrating from /data/data/com.android.providers.telephony
01-17 15:31:38.148  1770  1802 W installd: Requested default storage /data/user_de/0/com.google.android.ext.shared is not active; migrating from /data/data/com.google.android.ext.shared
01-17 15:31:38.158  1770  1770 W installd: Requested default storage /data/user_de/0/com.android.defcontainer is not active; migrating from /data/data/com.android.defcontainer
01-17 15:31:38.166  1770  1770 W installd: Requested default storage /data/user_de/0/android is not active; migrating from /data/data/android
01-17 15:31:38.169  1770  1770 W installd: Requested default storage /data/user_de/0/com.android.providers.settings is not active; migrating from /data/data/com.android.providers.settings
01-17 15:31:38.172  1770  1770 W installd: Requested default storage /data/user_de/0/com.android.inputdevices is not active; migrating from /data/data/com.android.inputdevices
01-17 15:31:38.178  1770  2029 W installd: Requested default storage /data/user_de/0/com.android.server.telecom is not active; migrating from /data/data/com.android.server.telecom
01-17 15:31:38.182  1770  2029 W installd: Requested default storage /data/user_de/0/com.google.android.packageinstaller is not active; migrating from /data/data/com.google.android.packageinstaller
01-17 15:31:38.186  1770  2029 W installd: Requested default storage /data/user_de/0/com.android.proxyhandler is not active; migrating from /data/data/com.android.proxyhandler
01-17 15:31:38.189  1770  2029 W installd: Requested default storage /data/user_de/0/com.android.settings is not active; migrating from /data/data/com.android.settings
01-17 15:31:38.192  1770  2029 W installd: Requested default storage /data/user_de/0/com.android.phone is not active; migrating from /data/data/com.android.phone
01-17 15:31:38.196  1770  2029 W installd: Requested default storage /data/user_de/0/com.android.shell is not active; migrating from /data/data/com.android.shell
01-17 15:31:38.200  1770  2029 W installd: Requested default storage /data/user_de/0/com.android.location.fused is not active; migrating from /data/data/com.android.location.fused
01-17 15:31:38.205  1770  2029 W installd: Requested default storage /data/user_de/0/com.android.systemui is not active; migrating from /data/data/com.android.systemui
01-17 15:31:38.211  1982  2030 D SystemServerInitThreadPool: Started executing prepareAppData
01-17 15:31:38.211  1770  2029 W installd: Ignoring /data/data/com.android.defcontainer/lib with unexpected GID 0 instead of 10014
01-17 15:31:38.211  1770  2029 W installd: Ignoring /data/data/com.google.android.inputmethod.latin/lib with unexpected GID 0 instead of 10078
01-17 15:31:38.211  1770  2029 W installd: Ignoring /data/user_de/0/com.android.defcontainer/lib with unexpected GID 0 instead of 10014
01-17 15:31:38.211  1982  2030 D SystemServerTimingAsync: AppDataFixup took to complete: 0ms
01-17 15:31:38.236  1982  1982 I chatty  : uid=1000 system_server expire 145 lines
01-17 15:31:38.237  1982  1982 D PackageManager: Set ephemeral resolver: Pair{ComponentInfo{com.google.android.gms/com.google.android.gms.chimera.PersistentBoundBrokerService} android.intent.action.RESOLVE_INSTANT_APP_PACKAGE}
01-17 15:31:38.252  1982  1982 D PackageManager: Instant App installer not found with android.intent.action.INSTALL_INSTANT_APP_PACKAGE
01-17 15:31:38.252  1982  1982 D PackageManager: Clear ephemeral installer activity
01-17 15:31:38.289  1982  1982 D SystemServerTiming: StartPackageManagerService took to complete: 7786ms
01-17 15:31:38.289  1982  1982 I SystemServer: StartOtaDexOptService
01-17 15:31:38.289  1982  1982 D OTADexopt: No upgrade, skipping A/B artifacts check.
01-17 15:31:38.289  1982  1982 D SystemServerTiming: StartOtaDexOptService took to complete: 0ms
01-17 15:31:38.289  1982  1982 I SystemServer: StartUserManagerService
01-17 15:31:38.289  1982  1982 I SystemServiceManager: Starting com.android.server.pm.UserManagerService$LifeCycle
01-17 15:31:38.291  1982  1982 D SystemServerTiming: StartUserManagerService took to complete: 2ms
01-17 15:31:38.291  1982  1982 I SystemServer: InitAttributerCache
01-17 15:31:38.295  1982  1982 D SystemServerTiming: InitAttributerCache took to complete: 4ms
01-17 15:31:38.295  1982  1982 I SystemServer: SetSystemProcess
01-17 15:31:38.311  1648  1648 I lowmemorykiller: lmkd data connection established
01-17 15:31:38.346  1982  1982 D SystemServerTiming: SetSystemProcess took to complete: 51ms
01-17 15:31:38.346  1574  1574 W hwservicemanager: getTransport: Cannot find entry android.hardware.soundtrigger@2.0::ISoundTriggerHw/default in either framework or device manifest.
01-17 15:31:38.347  1825  1825 E SoundTriggerHwService: could not read implementation properties
01-17 15:31:38.380  1982  1982 I SystemServer: StartOverlayManagerService
01-17 15:31:38.389  1982  1982 D SystemServerTiming: StartOverlayManagerService took to complete: 9ms
01-17 15:31:38.389  1982  2038 D SystemServerInitThreadPool: Started executing Init OverlayManagerService
01-17 15:31:38.390  1982  1982 I SystemServer: StartBatteryService
01-17 15:31:38.390  1982  1982 I SystemServiceManager: Starting com.android.server.BatteryService
01-17 15:31:38.391  1982  2039 D SystemServerInitThreadPool: Started executing StartSensorService
01-17 15:31:38.391  1982  2039 I chatty  : uid=1000 system_server expire 5 lines
01-17 15:31:38.399  1982  2039 D SystemServerTimingAsync: StartSensorService took to complete: 8ms
01-17 15:31:38.399  1982  2039 D SystemServerInitThreadPool: Finished executing StartSensorService
01-17 15:31:38.400  1982  2042 I chatty  : uid=1000(system) SensorEventAckR expire 1 line
01-17 15:31:38.400  1982  2043 I chatty  : uid=1000(system) SensorService expire 1 line
01-17 15:31:38.410  1770  2029 W installd: Requested default storage /data/user_de/0/com.android.cellbroadcastreceiver is not active; migrating from /data/data/com.android.cellbroadcastreceiver
01-17 15:31:38.470  2044  2044 W ResourceType: CREATING STRING CACHE OF 40436 bytes
01-17 15:31:38.482  1982  2001 E BatteryExternalStatsWorker: no controller energy info supplied for telephony
01-17 15:31:38.482  1982  2001 E KernelUidCpuFreqTimeReader: Failed to read /proc/uid_time_in_state: java.io.FileNotFoundException: /proc/uid_time_in_state (No such file or directory)
01-17 15:31:38.483  1982  1982 I HealthServiceWrapper: health: HealthServiceWrapper listening to instance default
01-17 15:31:38.483  1982  1982 I BatteryService: health: Waited 0ms and received the update.
01-17 15:31:38.483  1982  2001 E KernelUidCpuFreqTimeReader: Failed to read /proc/uid_time_in_state: java.io.FileNotFoundException: /proc/uid_time_in_state (No such file or directory)
01-17 15:31:38.483  1982  1982 W SystemServiceManager: Service com.android.server.BatteryService took 91 ms in onStart
01-17 15:31:38.483  1982  1982 D SystemServerTiming: StartBatteryService took to complete: 93ms
01-17 15:31:38.483  1982  2046 I chatty  : uid=1000(system) HealthServiceRe expire 1 line
01-17 15:31:38.483  1982  1982 I SystemServer: StartUsageService
01-17 15:31:38.483  1982  1982 I SystemServiceManager: Starting com.android.server.usage.UsageStatsService
01-17 15:31:38.493  1982  2001 I BatteryStatsImpl: Resetting battery stats: level=100 status=4 dischargeLevel=100 lowAmount=0 highAmount=0
01-17 15:31:38.493  2044  2044 W ResourceType: idmap: overlaid 7 resources not marked overlayable
01-17 15:31:38.517  2047  2047 W ResourceType: CREATING STRING CACHE OF 40436 bytes
01-17 15:31:38.531  2047  2047 W ResourceType: idmap: overlaid 7 resources not marked overlayable
01-17 15:31:38.543  1982  1997 I BinderCallsStatsService: Resetting stats
01-17 15:31:38.545  1982  2001 E KernelUidCpuFreqTimeReader: Failed to read /proc/uid_time_in_state: java.io.FileNotFoundException: /proc/uid_time_in_state (No such file or directory)
01-17 15:31:38.557  2048  2048 W ResourceType: CREATING STRING CACHE OF 40436 bytes
01-17 15:31:38.570  2048  2048 W ResourceType: idmap: overlaid 7 resources not marked overlayable
01-17 15:31:38.591  2049  2049 W ResourceType: CREATING STRING CACHE OF 30972 bytes
01-17 15:31:38.622  2049  2049 W ResourceType: idmap: overlaid 2 resources not marked overlayable
01-17 15:31:38.631  1982  1982 I UsageStatsDatabase: Upgrading from version 0 to 3
01-17 15:31:38.631  1982  1982 I UsageStatsDatabase: Deleting all usage stats files
01-17 15:31:38.642  1982  1982 I UsageStatsService: User[0] Rollover scheduled @ 2023-01-18 14:31:38(1674052298619)
01-17 15:31:38.642  1982  1982 W SystemServiceManager: Service com.android.server.usage.UsageStatsService took 87 ms in onStart
01-17 15:31:38.642  1982  1982 D SystemServerTiming: StartUsageService took to complete: 159ms
01-17 15:31:38.642  1982  1982 I SystemServer: StartWebViewUpdateService
01-17 15:31:38.642  1982  1982 I SystemServiceManager: Starting com.android.server.webkit.WebViewUpdateService
01-17 15:31:38.647  2050  2050 W ResourceType: CREATING STRING CACHE OF 40436 bytes
01-17 15:31:38.662  2050  2050 W ResourceType: idmap: overlaid 6 resources not marked overlayable
01-17 15:31:38.665  1982  2038 D SystemServerInitThreadPool: Finished executing Init OverlayManagerService
01-17 15:31:38.687  1982  1982 D SystemServerTiming: StartWebViewUpdateService took to complete: 45ms
01-17 15:31:38.687  1982  1982 I SystemServer: StartBinderCallsStatsService
01-17 15:31:38.688  1982  1982 D SystemServerTiming: StartBinderCallsStatsService took to complete: 1ms
01-17 15:31:38.688  1982  1982 I SystemServer: StartKeyAttestationApplicationIdProviderService
01-17 15:31:38.688  1982  1995 D SystemServerInitThreadPool: Started executing SecondaryZygotePreload
01-17 15:31:38.688  1982  1995 I SystemServer: SecondaryZygotePreload
01-17 15:31:38.699  1982  1995 I chatty  : uid=1000 system_server expire 2 lines
01-17 15:31:38.700  1982  1982 D SystemServerTiming: StartKeyAttestationApplicationIdProviderService took to complete: 12ms
01-17 15:31:38.701  1982  1982 I SystemServer: StartKeyChainSystemService
01-17 15:31:38.701  1982  1982 I SystemServiceManager: Starting com.android.server.security.KeyChainSystemService
01-17 15:31:38.701  1982  1982 D SystemServerTiming: StartKeyChainSystemService took to complete: 0ms
01-17 15:31:38.701  1982  1982 I SystemServer: StartSchedulingPolicyService
01-17 15:31:38.701  1982  2039 D SystemServerInitThreadPool: Started executing SchedulingPolicyService.<init>
01-17 15:31:38.703  1982  2039 D SystemServerInitThreadPool: Finished executing SchedulingPolicyService.<init>
01-17 15:31:38.703  1982  1982 D SystemServerTiming: StartSchedulingPolicyService took to complete: 2ms
01-17 15:31:38.703  1982  1982 I SystemServer: StartTelecomLoaderService
01-17 15:31:38.703  1982  1982 I SystemServiceManager: Starting com.android.server.telecom.TelecomLoaderService
01-17 15:31:38.715  1982  1982 D SystemServerTiming: StartTelecomLoaderService took to complete: 12ms
01-17 15:31:38.715  1982  1982 I SystemServer: StartTelephonyRegistry
01-17 15:31:38.717  1982  1982 D SystemServerTiming: StartTelephonyRegistry took to complete: 2ms
01-17 15:31:38.717  1982  1982 I SystemServer: StartEntropyMixer
01-17 15:31:38.717  1982  1982 W EntropyMixer: No existing entropy file -- first boot?
01-17 15:31:38.721  1982  1995 E SystemServer: Unable to preload default resources
01-17 15:31:38.721  1982  1995 D SystemServerTimingAsync: SecondaryZygotePreload took to complete: 33ms
01-17 15:31:38.721  1982  1995 D SystemServerInitThreadPool: Finished executing SecondaryZygotePreload
01-17 15:31:38.731  1982  1982 I EntropyMixer: Added HW RNG output to entropy pool
01-17 15:31:38.731  1982  1982 I EntropyMixer: Writing entropy...
01-17 15:31:38.741  1982  1982 D SystemServerTiming: StartEntropyMixer took to complete: 23ms
01-17 15:31:38.741  1982  1982 I SystemServer: StartAccountManagerService
01-17 15:31:38.741  1982  1982 I SystemServiceManager: Starting com.android.server.accounts.AccountManagerService$Lifecycle
01-17 15:31:38.743  1982  1982 D SystemServerTiming: StartAccountManagerService took to complete: 2ms
01-17 15:31:38.743  1982  1982 I SystemServer: StartContentService
01-17 15:31:38.743  1982  1982 I SystemServiceManager: Starting com.android.server.content.ContentService$Lifecycle
01-17 15:31:38.765  1770  2045 W installd: Requested default storage /data/user_de/0/com.android.providers.blockednumber is not active; migrating from /data/data/com.android.providers.blockednumber
01-17 15:31:38.771  1770  2045 W installd: Requested default storage /data/user_de/0/com.android.emergency is not active; migrating from /data/data/com.android.emergency
01-17 15:31:38.780  1770  2045 W installd: Requested default storage /data/user_de/0/com.android.bluetooth is not active; migrating from /data/data/com.android.bluetooth
01-17 15:31:38.790  1982  2030 D SystemServerTimingAsync: AppDataPrepare took to complete: 578ms
01-17 15:31:38.790  1982  2030 I PackageManager: Deferred reconcileAppsData finished 90 packages
01-17 15:31:38.790  1982  2030 D SystemServerInitThreadPool: Finished executing prepareAppData
01-17 15:31:38.791  1982  1982 D SystemServerTiming: StartContentService took to complete: 48ms
01-17 15:31:38.791  1982  1982 I SystemServer: InstallSystemProviders
01-17 15:31:38.958  1982  1982 I SettingsState: No settings state /data/system/users/0/settings_system.xml
01-17 15:31:38.964  1982  1982 I SettingsState: No settings state /data/system/users/0/settings_secure.xml
01-17 15:31:38.965  1982  1982 D SettingsProvider: Generated and saved new ANDROID_ID [cea70069af5bd677] for user 0
01-17 15:31:38.968  1982  1982 I SettingsState: No settings state /data/system/users/0/settings_global.xml
01-17 15:31:38.979  1982  1982 D SettingsProvider: Setting [com.google.android.gms/.autofill.service.AutofillService] as Autofill Service for user 0
01-17 15:31:38.988  1982  1982 I SettingsState: No settings state /data/system/users/0/settings_ssaid.xml
01-17 15:31:39.004  1982  1982 D SystemServerTiming: InstallSystemProviders took to complete: 213ms
01-17 15:31:39.004  1982  1982 I SystemServer: StartDropBoxManager
01-17 15:31:39.004  1982  1982 I SystemServiceManager: Starting com.android.server.DropBoxManagerService
01-17 15:31:39.005  1982  1982 D SystemServerTiming: StartDropBoxManager took to complete: 1ms
01-17 15:31:39.005  1982  1982 I SystemServer: StartVibratorService
01-17 15:31:39.015  1574  1574 W hwservicemanager: getTransport: Cannot find entry android.hardware.vibrator@1.0::IVibrator/default in either framework or device manifest.
01-17 15:31:39.016  1574  1574 W hwservicemanager: getTransport: Cannot find entry android.hardware.vibrator@1.0::IVibrator/default in either framework or device manifest.
01-17 15:31:39.017  1574  1574 W hwservicemanager: getTransport: Cannot find entry android.hardware.vibrator@1.0::IVibrator/default in either framework or device manifest.
01-17 15:31:39.020  1982  1982 D SystemServerTiming: StartVibratorService took to complete: 15ms
01-17 15:31:39.020  1982  1982 I SystemServer: StartConsumerIrService
01-17 15:31:39.021  1574  1574 W hwservicemanager: getTransport: Cannot find entry android.hardware.ir@1.0::IConsumerIr/default in either framework or device manifest.
01-17 15:31:39.022  1982  1982 D SystemServerTiming: StartConsumerIrService took to complete: 2ms
01-17 15:31:39.022  1982  1982 I SystemServer: StartAlarmManagerService
01-17 15:31:39.022  1982  1982 I SystemServiceManager: Starting com.android.server.AlarmManagerService
01-17 15:31:39.024  1982  1982 D SystemServerTiming: StartAlarmManagerService took to complete: 2ms
01-17 15:31:39.024  1982  1982 I SystemServer: InitWatchdog
01-17 15:31:39.025  1982  1982 D SystemServerTiming: InitWatchdog took to complete: 1ms
01-17 15:31:39.025  1982  1982 I SystemServer: StartInputManagerService
01-17 15:31:39.038  1982  1982 I InputManager: Initializing input manager, mUseDevInputEventForAudioJack=true
01-17 15:31:39.052  1982  1982 D SystemServerTiming: StartInputManagerService took to complete: 27ms
01-17 15:31:39.052  1982  1982 I SystemServer: StartWindowManagerService
01-17 15:31:39.168  1982  2005 I WindowManager: No existing display settings /data/system/display_settings.xml; starting empty
01-17 15:31:39.210  1982  1982 D SystemServerTiming: StartWindowManagerService took to complete: 158ms
01-17 15:31:39.211  1982  1982 I SystemServer: SetWindowManagerService
01-17 15:31:39.386  1982  1982 D SystemServerTiming: SetWindowManagerService took to complete: 175ms
01-17 15:31:39.386  1982  1982 I SystemServer: WindowManagerServiceOnInitReady
01-17 15:31:39.386  1982  2003 W Looper  : Slow dispatch took 165ms android.fg h=com.android.server.DropBoxManagerService$3 c=null m=1
01-17 15:31:39.423  1982  1998 I chatty  : uid=1000(system) android.ui expire 2 lines
01-17 15:31:39.436  1982  1982 D SystemServerTiming: WindowManagerServiceOnInitReady took to complete: 50ms
01-17 15:31:39.436  1982  1982 I SystemServer: StartVrManagerService
01-17 15:31:39.436  1982  2038 D SystemServerInitThreadPool: Started executing StartHidlServices
01-17 15:31:39.437  1982  1982 I SystemServiceManager: Starting com.android.server.vr.VrManagerService
01-17 15:31:39.439  1982  2038 D SystemServerTimingAsync: StartHidlServices took to complete: 2ms
01-17 15:31:39.439  1982  2038 D SystemServerInitThreadPool: Finished executing StartHidlServices
01-17 15:31:39.452  1574  1574 W hwservicemanager: getTransport: Cannot find entry android.hardware.vr@1.0::IVr/default in either framework or device manifest.
01-17 15:31:39.453  1982  1982 D SystemServerTiming: StartVrManagerService took to complete: 16ms
01-17 15:31:39.453  1982  1982 I SystemServer: StartInputManager
01-17 15:31:39.454  1982  1982 I InputManager: Starting input manager
01-17 15:31:39.455  1982  1982 D SystemServerTiming: StartInputManager took to complete: 2ms
01-17 15:31:39.455  1982  1982 I SystemServer: DisplayManagerWindowManagerAndInputReady
01-17 15:31:39.455  1982  1982 D SystemServerTiming: DisplayManagerWindowManagerAndInputReady took to complete: 0ms
01-17 15:31:39.456  1982  1982 I SystemServer: No Bluetooth Service (emulator)
01-17 15:31:39.456  1982  1982 I SystemServer: IpConnectivityMetrics
01-17 15:31:39.456  1982  1982 I SystemServiceManager: Starting com.android.server.connectivity.IpConnectivityMetrics
01-17 15:31:39.456  1982  2056 I chatty  : uid=1000(system) InputReader expire 16 lines
01-17 15:31:39.492  1982  1982 D SystemServerTiming: IpConnectivityMetrics took to complete: 36ms
01-17 15:31:39.492  1982  1982 I SystemServer: NetworkWatchlistService
01-17 15:31:39.492  1982  1982 I SystemServiceManager: Starting com.android.server.net.watchlist.NetworkWatchlistService$Lifecycle
01-17 15:31:39.569  1982  2057 I WatchlistLoggingHandler: Start aggregating watchlist records.
01-17 15:31:39.570  1982  1982 W SystemServiceManager: Service com.android.server.net.watchlist.NetworkWatchlistService$Lifecycle took 78 ms in onStart
01-17 15:31:39.570  1982  1982 D SystemServerTiming: NetworkWatchlistService took to complete: 78ms
01-17 15:31:39.570  1982  1982 I SystemServer: PinnerService
01-17 15:31:39.570  1982  1982 I SystemServiceManager: Starting com.android.server.PinnerService
01-17 15:31:39.570  1982  1982 D SystemServerTiming: PinnerService took to complete: 0ms
01-17 15:31:39.571  1982  1982 I SystemServer: StartInputMethodManagerLifecycle
01-17 15:31:39.571  1982  1982 I SystemServiceManager: Starting com.android.server.InputMethodManagerService$Lifecycle
01-17 15:31:39.595  1982  1982 D SystemServerTiming: StartInputMethodManagerLifecycle took to complete: 24ms
01-17 15:31:39.596  1982  1982 I SystemServer: StartAccessibilityManagerService
01-17 15:31:39.628  1982  1982 D SystemServerTiming: StartAccessibilityManagerService took to complete: 32ms
01-17 15:31:39.628  1982  1982 I SystemServer: MakeDisplayReady
01-17 15:31:39.654  1982  1982 I ActivityManager: Config changes=20005df8 {1.0 ?mcc?mnc [en_US] ldltr sw411dp w411dp h822dp 560dpi nrml long port ?uimode ?night -touch -keyb/h/h -nav/h winConfig={ mBounds=Rect(0, 0 - 0, 0) mAppBounds=Rect(0, 0 - 1440, 2880) mWindowingMode=fullscreen mActivityType=undefined} s.2}
01-17 15:31:39.658  1982  1982 I ActivityManager: Override config changes=60007dfc {1.0 ?mcc?mnc [en_US] ldltr sw411dp w411dp h822dp 560dpi nrml long port ?uimode ?night -touch -keyb/h/h -nav/h winConfig={ mBounds=Rect(0, 0 - 1440, 2880) mAppBounds=Rect(0, 0 - 1440, 2880) mWindowingMode=fullscreen mActivityType=undefined} s.2} for displayId=0
01-17 15:31:39.660  1982  1982 I ActivityManager: Config changes=20000438 {1.0 ?mcc?mnc [en_US] ldltr sw411dp w411dp h750dp 560dpi nrml long port ?uimode ?night finger qwerty/v/v -nav/h winConfig={ mBounds=Rect(0, 0 - 0, 0) mAppBounds=Rect(0, 0 - 1440, 2712) mWindowingMode=fullscreen mActivityType=undefined} s.3}
01-17 15:31:39.661  1982  1982 I ActivityManager: Override config changes=20000438 {1.0 ?mcc?mnc [en_US] ldltr sw411dp w411dp h750dp 560dpi nrml long port ?uimode ?night finger qwerty/v/v -nav/h winConfig={ mBounds=Rect(0, 0 - 1440, 2880) mAppBounds=Rect(0, 0 - 1440, 2712) mWindowingMode=fullscreen mActivityType=undefined} s.3} for displayId=0
01-17 15:31:39.663  1982  1982 W LocalDisplayAdapter: Unable to find color mode 0, ignoring request.
01-17 15:31:39.663  1982  1982 D SystemServerTiming: MakeDisplayReady took to complete: 35ms
01-17 15:31:39.663  1982  1982 I SystemServer: StartStorageManagerService
01-17 15:31:39.663  1982  1982 I SystemServiceManager: Starting com.android.server.StorageManagerService$Lifecycle
01-17 15:31:39.668  1982  2058 D StorageManagerService: Thinking about init, mSystemReady=false, mDaemonConnected=true
01-17 15:31:39.669  1982  1982 D SystemServerTiming: StartStorageManagerService took to complete: 6ms
01-17 15:31:39.668  1982  2058 D StorageManagerService: Thinking about reset, mSystemReady=false, mDaemonConnected=true
01-17 15:31:39.669  1982  1982 I SystemServer: StartStorageStatsService
01-17 15:31:39.669  1982  1982 I SystemServiceManager: Starting com.android.server.usage.StorageStatsService$Lifecycle
01-17 15:31:39.670  1770  2045 D installd: Found quota mount /dev/block/dm-0 at /data
01-17 15:31:39.671  1982  1982 D SystemServerTiming: StartStorageStatsService took to complete: 2ms
01-17 15:31:39.671  1982  1982 I SystemServer: StartUiModeManager
01-17 15:31:39.671  1982  1982 I SystemServiceManager: Starting com.android.server.UiModeManagerService
01-17 15:31:39.672  1982  2039 D SystemServerInitThreadPool: Started executing UiModeManager.onStart
01-17 15:31:39.672  1982  2039 I ActivityManager: Config changes=200 {1.0 ?mcc?mnc [en_US] ldltr sw411dp w411dp h750dp 560dpi nrml long port finger qwerty/v/v -nav/h winConfig={ mBounds=Rect(0, 0 - 0, 0) mAppBounds=Rect(0, 0 - 1440, 2712) mWindowingMode=fullscreen mActivityType=undefined} s.4}
01-17 15:31:39.672  1982  1982 D SystemServerTiming: StartUiModeManager took to complete: 1ms
01-17 15:31:39.672  1982  1982 I SystemServer: UpdatePackagesIfNeeded
01-17 15:31:39.675  1982  2039 I ActivityManager: Override config changes=200 {1.0 ?mcc?mnc [en_US] ldltr sw411dp w411dp h750dp 560dpi nrml long port finger qwerty/v/v -nav/h winConfig={ mBounds=Rect(0, 0 - 1440, 2880) mAppBounds=Rect(0, 0 - 1440, 2712) mWindowingMode=fullscreen mActivityType=undefined} s.4} for displayId=0
01-17 15:31:39.677  1982  2039 D SystemServerInitThreadPool: Finished executing UiModeManager.onStart
01-17 15:31:39.670  1770  2045 D installd: Found quota mount /dev/block/dm-0 at /data
01-17 15:31:40.221  2060  2060 W dex2oat : Unexpected CPU variant for X86 using defaults: x86
01-17 15:31:40.222  2060  2060 W dex2oat : Mismatch between dex2oat instruction set features (ISA: X86 Feature string: -ssse3,-sse4.1,-sse4.2,-avx,-avx2,-popcnt) and those of dex2oat executable (ISA: X86 Feature string: ssse3,-sse4.1,-sse4.2,-avx,-avx2,-popcnt) for the command line:
01-17 15:31:40.222  2060  2060 W dex2oat : /system/bin/dex2oat --zip-fd=8 --zip-location=GoogleDialer.apk --input-vdex-fd=-1 --output-vdex-fd=10 --oat-fd=9 --oat-location=/data/dalvik-cache/x86/system@priv-app@GoogleDialer@GoogleDialer.apk@classes.dex --instruction-set=x86 --instruction-set-variant=x86 --instruction-set-features=default --runtime-arg -Xms64m --runtime-arg -Xmx512m --compiler-filter=quicken --swap-fd=11 --classpath-dir=/system/priv-app/GoogleDialer --class-loader-context=PCL[/system/framework/com.google.android.dialer.support.jar] --generate-mini-debug-info --compact-dex-level=none --runtime-arg -Xtarget-sdk-version:28 --runtime-arg -Xhidden-api-checks --compilation-reason=first-boot
01-17 15:31:40.222  2060  2060 I dex2oat : /system/bin/dex2oat --input-vdex-fd=-1 --output-vdex-fd=10 --compiler-filter=quicken --classpath-dir=/system/priv-app/GoogleDialer --class-loader-context=PCL[/system/framework/com.google.android.dialer.support.jar] --generate-mini-debug-info --compact-dex-level=none --compilation-reason=first-boot
01-17 15:31:41.545  2060  2060 I dex2oat : dex2oat took 1.357s (2.475s cpu) (threads: 4) arena alloc=117KB (120032B) java alloc=5MB (5257480B) native alloc=7MB (7596600B) free=2MB (2889160B)
01-17 15:31:43.077  2067  2067 W dex2oat : Unexpected CPU variant for X86 using defaults: x86
01-17 15:31:43.077  2067  2067 W dex2oat : Mismatch between dex2oat instruction set features (ISA: X86 Feature string: -ssse3,-sse4.1,-sse4.2,-avx,-avx2,-popcnt) and those of dex2oat executable (ISA: X86 Feature string: ssse3,-sse4.1,-sse4.2,-avx,-avx2,-popcnt) for the command line:
01-17 15:31:43.077  2067  2067 W dex2oat : /system/bin/dex2oat --zip-fd=8 --zip-location=EasterEgg.apk --input-vdex-fd=-1 --output-vdex-fd=10 --oat-fd=9 --oat-location=/data/dalvik-cache/x86/system@app@EasterEgg@EasterEgg.apk@classes.dex --instruction-set=x86 --instruction-set-variant=x86 --instruction-set-features=default --runtime-arg -Xms64m --runtime-arg -Xmx512m --compiler-filter=quicken --swap-fd=11 --classpath-dir=/system/app/EasterEgg --class-loader-context=PCL[] --generate-mini-debug-info --compact-dex-level=none --runtime-arg -Xtarget-sdk-version:28 --compilation-reason=first-boot
01-17 15:31:43.077  2067  2067 I dex2oat : /system/bin/dex2oat --input-vdex-fd=-1 --output-vdex-fd=10 --compiler-filter=quicken --classpath-dir=/system/app/EasterEgg --class-loader-context=PCL[] --generate-mini-debug-info --compact-dex-level=none --compilation-reason=first-boot
01-17 15:31:43.264  2067  2067 I dex2oat : dex2oat took 187.399ms (253.365ms cpu) (threads: 4) arena alloc=3KB (3776B) java alloc=357KB (366408B) native alloc=1684KB (1724496B) free=1899KB (1945520B)
01-17 15:31:46.387  1982  1982 D SystemServerTiming: UpdatePackagesIfNeeded took to complete: 6715ms
01-17 15:31:46.388  1982  1982 I SystemServer: PerformFstrimIfNeeded
01-17 15:31:46.388  1982  1982 W PackageManager: No disk maintenance in 1673965906388; running immediately
01-17 15:31:46.389  1982  1982 D SystemServerTiming: PerformFstrimIfNeeded took to complete: 1ms
01-17 15:31:46.389  1982  2058 I StorageManagerService: Running fstrim idle maintenance
01-17 15:31:46.389  1982  1982 I SystemServer: StartLockSettingsService
01-17 15:31:46.389  1982  1982 I SystemServiceManager: Starting com.android.server.locksettings.LockSettingsService$Lifecycle
01-17 15:31:46.392  1582  2074 D vold    : Starting trim of /data
01-17 15:31:46.425  1582  2074 W vold    : Trim failed on /data: Operation not supported on transport endpoint
01-17 15:31:46.495  1982  1982 W SystemServiceManager: Service com.android.server.locksettings.LockSettingsService$Lifecycle took 106 ms in onStart
01-17 15:31:46.496  1982  1982 D SystemServerTiming: StartLockSettingsService took to complete: 107ms
01-17 15:31:46.496  1574  1574 W hwservicemanager: getTransport: Cannot find entry android.hardware.oemlock@1.0::IOemLock/default in either framework or device manifest.
01-17 15:31:46.497  1982  1982 I OemLock : OemLock HAL not present on device
01-17 15:31:46.497  1982  1982 I SystemServer: StartDeviceIdleController
01-17 15:31:46.497  1982  1982 I SystemServiceManager: Starting com.android.server.DeviceIdleController
01-17 15:31:46.499  1982  1982 D SystemServerTiming: StartDeviceIdleController took to complete: 2ms
01-17 15:31:46.499  1982  1982 I SystemServer: StartDevicePolicyManager
01-17 15:31:46.499  1982  1982 I SystemServiceManager: Starting com.android.server.devicepolicy.DevicePolicyManagerService$Lifecycle
01-17 15:31:46.597  1982  1982 D SystemServerTiming: StartDevicePolicyManager took to complete: 98ms
01-17 15:31:46.597  1982  1982 I SystemServer: StartStatusBarManagerService
01-17 15:31:46.598  1982  1982 D SystemServerTiming: StartStatusBarManagerService took to complete: 1ms
01-17 15:31:46.598  1982  1982 I SystemServer: StartClipboardService
01-17 15:31:46.598  1982  1982 I SystemServiceManager: Starting com.android.server.clipboard.ClipboardService
01-17 15:31:46.600  1982  1982 D SystemServerTiming: StartClipboardService took to complete: 2ms
01-17 15:31:46.600  1982  1982 I SystemServer: StartNetworkManagementService
01-17 15:31:46.603  1982  2076 I NetworkManagement: onDaemonConnected()
01-17 15:31:46.605  1982  1982 D SystemServerTiming: StartNetworkManagementService took to complete: 5ms
01-17 15:31:46.605  1982  1982 I SystemServer: StartIpSecService
01-17 15:31:46.606  1982  1982 D SystemServerTiming: StartIpSecService took to complete: 1ms
01-17 15:31:46.606  1982  1982 I SystemServer: StartTextServicesManager
01-17 15:31:46.606  1982  1982 I SystemServiceManager: Starting com.android.server.TextServicesManagerService$Lifecycle
01-17 15:31:46.607  1982  1982 D SystemServerTiming: StartTextServicesManager took to complete: 1ms
01-17 15:31:46.607  1982  1982 I SystemServer: StartTextClassificationManagerService
01-17 15:31:46.607  1982  1982 I SystemServiceManager: Starting com.android.server.textclassifier.TextClassificationManagerService$Lifecycle
01-17 15:31:46.608  1982  1982 D SystemServerTiming: StartTextClassificationManagerService took to complete: 1ms
01-17 15:31:46.608  1982  1982 I SystemServer: StartNetworkScoreService
01-17 15:31:46.608  1982  1982 I SystemServiceManager: Starting com.android.server.NetworkScoreService$Lifecycle
01-17 15:31:46.609  1982  1982 D SystemServerTiming: StartNetworkScoreService took to complete: 1ms
01-17 15:31:46.609  1982  1982 I SystemServer: StartNetworkStatsService
01-17 15:31:46.610  1982  1982 D SystemServerTiming: StartNetworkStatsService took to complete: 1ms
01-17 15:31:46.610  1982  1982 I SystemServer: StartNetworkPolicyManagerService
01-17 15:31:46.638  1982  1982 D SystemServerTiming: StartNetworkPolicyManagerService took to complete: 28ms
01-17 15:31:46.638  1982  1982 I SystemServer: StartWifi
01-17 15:31:46.862  1982  1982 I SystemServiceManager: Starting com.android.server.wifi.WifiService
01-17 15:31:47.489  1982  2082 I chatty  : uid=1000(system) WifiStateMachin expire 16 lines
01-17 15:31:47.523  1982  1982 D SystemServerTiming: StartWifi took to complete: 885ms
01-17 15:31:47.523  1982  1982 I SystemServer: StartWifiScanning
01-17 15:31:47.524  1982  1982 I SystemServiceManager: Starting com.android.server.wifi.scanner.WifiScanningService
01-17 15:31:47.527  1982  1982 D SystemServerTiming: StartWifiScanning took to complete: 4ms
01-17 15:31:47.527  1982  1982 I SystemServer: StartWifiP2P
01-17 15:31:47.527  1982  1982 I SystemServiceManager: Starting com.android.server.wifi.p2p.WifiP2pService
01-17 15:31:47.573  1982  1982 D SystemServerTiming: StartWifiP2P took to complete: 46ms
01-17 15:31:47.574  1982  1982 I SystemServer: StartConnectivityService
01-17 15:31:47.575  1982  1982 D ConnectivityService: ConnectivityService starting up
01-17 15:31:47.577  1982  1982 D ConnectivityService: wifiOnly=false
01-17 15:31:47.625  1982  1982 D SystemServerTiming: StartConnectivityService took to complete: 51ms
01-17 15:31:47.625  1982  1982 I SystemServer: StartNsdService
01-17 15:31:47.626  1982  1982 D NsdService: Network service discovery is enabled
01-17 15:31:47.627  1982  1982 D SystemServerTiming: StartNsdService took to complete: 2ms
01-17 15:31:47.627  1982  1982 I SystemServer: StartSystemUpdateManagerService
01-17 15:31:47.628  1982  1982 I SystemUpdateManagerService: No existing info file /data/system/system-update-info.xml
01-17 15:31:47.628  1982  1982 D SystemServerTiming: StartSystemUpdateManagerService took to complete: 1ms
01-17 15:31:47.628  1982  1982 I SystemServer: StartUpdateLockService
01-17 15:31:47.629  1982  1982 D SystemServerTiming: StartUpdateLockService took to complete: 1ms
01-17 15:31:47.629  1982  1982 I SystemServer: StartNotificationManager
01-17 15:31:47.629  1982  1982 I SystemServiceManager: Starting com.android.server.notification.NotificationManagerService
01-17 15:31:47.698  1982  1982 D ConditionProviders.SCP: new ScheduleConditionProvider()
01-17 15:31:47.704  1982  1982 I ConditionProviders:  Allowing condition provider com.google.android.apps.restore/com.google.android.apps.pixelmigrate.component.NotificationConsolidatorService
01-17 15:31:47.704  1982  1982 I NotificationListeners:  Allowing notification listener com.google.android.apps.restore/com.google.android.apps.pixelmigrate.component.NotificationConsolidatorService
01-17 15:31:47.705  1982  1982 I ConditionProviders:  Allowing condition provider com.android.camera2
01-17 15:31:47.705  1982  1982 I ConditionProviders:  Allowing condition provider com.google.android.ext.services/android.ext.services.notification.Assistant
01-17 15:31:47.705  1982  1982 I NotificationAssistants:  Allowing notification assistant com.google.android.ext.services/android.ext.services.notification.Assistant
01-17 15:31:47.706  1982  1982 D ZenLog  : set_zen_mode: off,init
01-17 15:31:47.710  1982  1982 W SystemServiceManager: Service com.android.server.notification.NotificationManagerService took 57 ms in onStart
01-17 15:31:47.733  1982  1982 D SystemServerTiming: StartNotificationManager took to complete: 104ms
01-17 15:31:47.733  1982  1982 I SystemServer: StartDeviceMonitor
01-17 15:31:47.733  1982  1982 I SystemServiceManager: Starting com.android.server.storage.DeviceStorageMonitorService
01-17 15:31:47.735  1982  1982 D SystemServerTiming: StartDeviceMonitor took to complete: 2ms
01-17 15:31:47.735  1982  1982 I SystemServer: StartLocationManagerService
01-17 15:31:47.743  1982  1982 D SystemServerTiming: StartLocationManagerService took to complete: 8ms
01-17 15:31:47.743  1982  1982 I SystemServer: StartCountryDetectorService
01-17 15:31:47.743  1982  1982 D SystemServerTiming: StartCountryDetectorService took to complete: 0ms
01-17 15:31:47.743  1982  1982 I SystemServer: StartSearchManagerService
01-17 15:31:47.744  1982  1982 I SystemServiceManager: Starting com.android.server.search.SearchManagerService$Lifecycle
01-17 15:31:47.744  1982  1982 D SystemServerTiming: StartSearchManagerService took to complete: 0ms
01-17 15:31:47.744  1982  1982 I SystemServer: StartWallpaperManagerService
01-17 15:31:47.744  1982  1982 I SystemServiceManager: Starting com.android.server.wallpaper.WallpaperManagerService$Lifecycle
01-17 15:31:47.745  1982  1982 D SystemServerTiming: StartWallpaperManagerService took to complete: 1ms
01-17 15:31:47.745  1982  1982 I SystemServer: StartAudioService
01-17 15:31:47.745  1982  1982 I SystemServiceManager: Starting com.android.server.audio.AudioService$Lifecycle
01-17 15:31:47.797  1825  1825 D PermissionCache: checking android.permission.MODIFY_AUDIO_ROUTING for uid=1000 => granted (1206 us)
01-17 15:31:47.797  1825  1841 D PermissionCache: checking android.permission.MODIFY_AUDIO_SETTINGS for uid=1000 => granted (1220 us)
01-17 15:31:47.799  1825  1844 W AudioFlinger: no wake lock to update, system not ready yet
01-17 15:31:47.800  1826  1845 W DeviceHAL: Error from HAL Device in function set_mic_mute: Function not implemented
01-17 15:31:47.824  1825  1841 D AudioFlinger: isLowRamDevice:false totalMemory:1567367168 mClientSharedHeapSize:4194304
01-17 15:31:47.825  1982  1982 D SystemServerTiming: StartAudioService took to complete: 80ms
01-17 15:31:47.825  1982  1982 I SystemServer: StartDockObserver
01-17 15:31:47.825  1982  1982 I SystemServiceManager: Starting com.android.server.DockObserver
01-17 15:31:47.825  1982  1982 W DockObserver: This kernel does not have dock station support
01-17 15:31:47.827  1982  1982 D SystemServerTiming: StartDockObserver took to complete: 1ms
01-17 15:31:47.827  1982  1982 I SystemServer: StartWiredAccessoryManager
01-17 15:31:47.828  1982  1982 W WiredAccessoryManager: This kernel does not have usb audio support
01-17 15:31:47.828  1982  1982 W WiredAccessoryManager: This kernel does not have HDMI audio support
01-17 15:31:47.828  1982  1982 D SystemServerTiming: StartWiredAccessoryManager took to complete: 1ms
01-17 15:31:47.828  1982  1982 I SystemServer: StartMidiManager
01-17 15:31:47.828  1982  1982 I SystemServiceManager: Starting com.android.server.midi.MidiService$Lifecycle
01-17 15:31:47.841  1982  1982 D SystemServerTiming: StartMidiManager took to complete: 13ms
01-17 15:31:47.841  1982  1982 I SystemServer: StartUsbService
01-17 15:31:47.841  1982  1982 I SystemServiceManager: Starting com.android.server.usb.UsbService$Lifecycle
01-17 15:31:47.855  1982  1982 E UsbDeviceManager: failed to write to /sys/class/android_usb/android0/f_rndis/ethaddr
01-17 15:31:47.856  1574  1574 W hwservicemanager: getTransport: Cannot find entry android.hardware.usb.gadget@1.0::IUsbGadget/default in either framework or device manifest.
01-17 15:31:47.935  1982  1982 I UsbDeviceManager: USB GADGET HAL not present in the device
01-17 15:31:47.935  1982  1982 I UsbDeviceManager: java.util.NoSuchElementException
01-17 15:31:47.935  1982  1982 I UsbDeviceManager: 	at android.os.HwBinder.getService(Native Method)
01-17 15:31:47.935  1982  1982 I UsbDeviceManager: 	at android.hardware.usb.gadget.V1_0.IUsbGadget.getService(IUsbGadget.java:40)
01-17 15:31:47.935  1982  1982 I UsbDeviceManager: 	at android.hardware.usb.gadget.V1_0.IUsbGadget.getService(IUsbGadget.java:44)
01-17 15:31:47.935  1982  1982 I UsbDeviceManager: 	at com.android.server.usb.UsbDeviceManager.<init>(UsbDeviceManager.java:267)
01-17 15:31:47.935  1982  1982 I UsbDeviceManager: 	at com.android.server.usb.UsbService.<init>(UsbService.java:139)
01-17 15:31:47.935  1982  1982 I UsbDeviceManager: 	at com.android.server.usb.UsbService$Lifecycle.onStart(UsbService.java:73)
01-17 15:31:47.935  1982  1982 I UsbDeviceManager: 	at com.android.server.SystemServiceManager.startService(SystemServiceManager.java:126)
01-17 15:31:47.935  1982  1982 I UsbDeviceManager: 	at com.android.server.SystemServiceManager.startService(SystemServiceManager.java:113)
01-17 15:31:47.935  1982  1982 I UsbDeviceManager: 	at com.android.server.SystemServiceManager.startService(SystemServiceManager.java:72)
01-17 15:31:47.935  1982  1982 I UsbDeviceManager: 	at com.android.server.SystemServer.startOtherServices(SystemServer.java:1299)
01-17 15:31:47.935  1982  1982 I UsbDeviceManager: 	at com.android.server.SystemServer.run(SystemServer.java:431)
01-17 15:31:47.935  1982  1982 I UsbDeviceManager: 	at com.android.server.SystemServer.main(SystemServer.java:294)
01-17 15:31:47.935  1982  1982 I UsbDeviceManager: 	at java.lang.reflect.Method.invoke(Native Method)
01-17 15:31:47.935  1982  1982 I UsbDeviceManager: 	at com.android.internal.os.RuntimeInit$MethodAndArgsCaller.run(RuntimeInit.java:493)
01-17 15:31:47.935  1982  1982 I UsbDeviceManager: 	at com.android.internal.os.ZygoteInit.main(ZygoteInit.java:838)
01-17 15:31:47.935  1982  1982 E UsbDeviceManager: Failed to open control for mtp
01-17 15:31:47.944  1574  1574 W hwservicemanager: getTransport: Cannot find entry android.hardware.usb@1.0::IUsb/default in either framework or device manifest.
01-17 15:31:47.935  1982  1982 E UsbDeviceManager: Failed to open control for mtp
01-17 15:31:47.961  1982  1982 E UsbPortManager: connectToProxy: usb hal service not found. Did the service fail to start?
01-17 15:31:47.961  1982  1982 E UsbPortManager: java.util.NoSuchElementException
01-17 15:31:47.961  1982  1982 E UsbPortManager: 	at android.os.HwBinder.getService(Native Method)
01-17 15:31:47.961  1982  1982 E UsbPortManager: 	at android.os.HwBinder.getService(HwBinder.java:91)
01-17 15:31:47.961  1982  1982 E UsbPortManager: 	at android.hardware.usb.V1_0.IUsb.getService(IUsb.java:48)
01-17 15:31:47.961  1982  1982 E UsbPortManager: 	at android.hardware.usb.V1_0.IUsb.getService(IUsb.java:52)
01-17 15:31:47.961  1982  1982 E UsbPortManager: 	at com.android.server.usb.UsbPortManager.connectToProxy(UsbPortManager.java:531)
01-17 15:31:47.961  1982  1982 E UsbPortManager: 	at com.android.server.usb.UsbPortManager.<init>(UsbPortManager.java:137)
01-17 15:31:47.961  1982  1982 E UsbPortManager: 	at com.android.server.usb.UsbService.<init>(UsbService.java:142)
01-17 15:31:47.961  1982  1982 E UsbPortManager: 	at com.android.server.usb.UsbService$Lifecycle.onStart(UsbService.java:73)
01-17 15:31:47.961  1982  1982 E UsbPortManager: 	at com.android.server.SystemServiceManager.startService(SystemServiceManager.java:126)
01-17 15:31:47.961  1982  1982 E UsbPortManager: 	at com.android.server.SystemServiceManager.startService(SystemServiceManager.java:113)
01-17 15:31:47.961  1982  1982 E UsbPortManager: 	at com.android.server.SystemServiceManager.startService(SystemServiceManager.java:72)
01-17 15:31:47.961  1982  1982 E UsbPortManager: 	at com.android.server.SystemServer.startOtherServices(SystemServer.java:1299)
01-17 15:31:47.961  1982  1982 E UsbPortManager: 	at com.android.server.SystemServer.run(SystemServer.java:431)
