01-17 15:31:12.381  1765  1765 I SurfaceFlinger: EGLSurface: 8-8-8-8, config=0x2
01-17 15:31:12.383  1765  1765 D eglCodecCommon: setVertexArrayObject: set vao to 0 (0) 0 0
01-17 15:31:12.383  1765  1765 D EGL_emulation: eglCreateContext: 0xed620ae0: maj 3 min 0 rcv 3
01-17 15:31:12.383  1765  1765 D EGL_emulation: eglMakeCurrent: 0xed620ae0: ver 3 0 (tinfo 0xed61c310)
01-17 15:31:12.385  1765  1765 I SurfaceFlinger: OpenGL ES informations:
01-17 15:31:12.385  1765  1765 I SurfaceFlinger: vendor    : Google (Intel Inc.)
01-17 15:31:12.385  1765  1765 I SurfaceFlinger: renderer  : Android Emulator OpenGL ES Translator (Intel(R) Iris(TM) Plus Graphics 655)
01-17 15:31:12.385  1765  1765 I SurfaceFlinger: version   : OpenGL ES 3.0 (4.1 INTEL-18.7.4)
01-17 15:31:12.385  1765  1765 I SurfaceFlinger: extensions: GL_EXT_debug_marker GL_EXT_robustness GL_OES_EGL_sync GL_OES_EGL_image GL_OES_EGL_image_external GL_OES_depth24 GL_OES_depth32 GL_OES_element_index_uint GL_OES_texture_float GL_OES_texture_float_linear GL_OES_compressed_paletted_texture GL_OES_compressed_ETC1_RGB8_texture GL_OES_depth_texture GL_OES_texture_npot GL_OES_rgb8_rgba8 GL_EXT_color_buffer_float GL_EXT_color_buffer_half_float GL_EXT_texture_format_BGRA8888 GL_APPLE_texture_format_BGRA8888 ANDROID_EMU_CHECKSUM_HELPER_v1 ANDROID_EMU_native_sync_v2 ANDROID_EMU_native_sync_v3 ANDROID_EMU_native_sync_v4 ANDROID_EMU_dma_v1 ANDROID_EMU_YUV420_888_to_NV21 ANDROID_EMU_YUV_Cache ANDROID_EMU_sync_buffer_data GL_OES_EGL_image_external_essl3 GL_OES_vertex_array_object GL_KHR_texture_compression_astc_ldr ANDROID_EMU_host_side_tracing ANDROID_EMU_gles_max_version_3_0 
01-17 15:31:12.385  1765  1765 I SurfaceFlinger: GL_MAX_TEXTURE_SIZE = 16384
01-17 15:31:12.385  1765  1765 I SurfaceFlinger: GL_MAX_VIEWPORT_DIMS = 16384
01-17 15:31:12.393  1639  1639 D gralloc_ranchu: gralloc_alloc: Creating ashmem region of size 16592896
01-17 15:31:12.394  1765  1765 D HostConnection: createUnique: call
01-17 15:31:12.394  1765  1765 D HostConnection: HostConnection::get() New Host Connection established 0xed625b30, tid 1765
01-17 15:31:12.396  1765  1765 D HostConnection: HostComposition ext ANDROID_EMU_CHECKSUM_HELPER_v1 ANDROID_EMU_native_sync_v2 ANDROID_EMU_native_sync_v3 ANDROID_EMU_native_sync_v4 ANDROID_EMU_dma_v1 ANDROID_EMU_YUV420_888_to_NV21 ANDROID_EMU_YUV_Cache ANDROID_EMU_sync_buffer_data GL_OES_EGL_image_external_essl3 GL_OES_vertex_array_object GL_KHR_texture_compression_astc_ldr ANDROID_EMU_host_side_tracing ANDROID_EMU_gles_max_version_3_0 
01-17 15:31:12.396  1765  1765 E eglCodecCommon: GoldfishAddressSpaceHostMemoryAllocator: ioctl_ping failed for device_type=5, ret=-1
01-17 15:31:12.396  1765  1765 E HWComposer: getSupportedPerFrameMetadata: getSupportedPerFrameMetadata failed for display 0: Unsupported (8)
01-17 15:31:12.397  1639  1639 D gralloc_ranchu: gralloc_alloc: Creating ashmem region of size 16592896
01-17 15:31:12.397  1639  1703 D gralloc_ranchu: gralloc_alloc: Creating ashmem region of size 16592896
01-17 15:31:12.398  1765  1765 D EGL_emulation: eglMakeCurrent: 0xed620ae0: ver 3 0 (tinfo 0xed61c310)
01-17 15:31:12.456  1765  1765 D SurfaceFlinger: shader cache generated - 24 shaders in 57.609024 ms
01-17 15:31:12.458  1765  1765 D SurfaceFlinger: Set power mode=2, type=0 flinger=0xed646000
01-17 15:31:12.458  1765  1765 D SurfaceFlinger: Finished set power mode=2, type=0
01-17 15:31:12.487  1774  1774 I mediametrics: ServiceManager: 0xeee1a6e0
01-17 15:31:12.487  1774  1774 D MediaAnalyticsService: MediaAnalyticsService created
01-17 15:31:12.709  1770  1770 I installd: installd firing up
01-17 15:31:12.710  1770  1770 E cutils  : Failed to read /data/.layout_version: No such file or directory
01-17 15:31:12.710  1770  1770 D installd: Assuming that device has multi-user storage layout; upgrade no longer supported
01-17 15:31:12.710  1770  1770 D installd: Upgrading to /data/misc/user directories
01-17 15:31:12.714  1798  1798 D HostConnection: createUnique: call
01-17 15:31:12.714  1798  1798 D HostConnection: HostConnection::get() New Host Connection established 0xef524140, tid 1798
01-17 15:31:12.717  1798  1798 D HostConnection: HostComposition ext ANDROID_EMU_CHECKSUM_HELPER_v1 ANDROID_EMU_native_sync_v2 ANDROID_EMU_native_sync_v3 ANDROID_EMU_native_sync_v4 ANDROID_EMU_dma_v1 ANDROID_EMU_YUV420_888_to_NV21 ANDROID_EMU_YUV_Cache ANDROID_EMU_sync_buffer_data GL_OES_EGL_image_external_essl3 GL_OES_vertex_array_object GL_KHR_texture_compression_astc_ldr ANDROID_EMU_host_side_tracing ANDROID_EMU_gles_max_version_3_0 
01-17 15:31:12.717  1798  1798 E hwcomposer: unknown display attribute 6
01-17 15:31:12.718  1798  1798 I ServiceManagement: Removing namespace from process name android.hardware.graphics.composer@2.1-service to composer@2.1-service.
01-17 15:31:12.719  1798  1798 I android.hardware.graphics.composer@2.1-service: Registration complete for android.hardware.graphics.composer@2.1::IComposer/default.
01-17 15:31:12.767  1766  1766 D AndroidRuntime: >>>>>> START com.android.internal.os.ZygoteInit uid 0 <<<<<<
01-17 15:31:12.784  1765  1782 E SurfaceFlinger: ro.sf.lcd_density must be defined as a build property
01-17 15:31:12.786  1765  1765 F HidlStatus: Status.cpp:149] Failed HIDL return status not checked: Status(EX_TRANSACTION_FAILED): 'DEAD_OBJECT: '
--------- beginning of crash
01-17 15:31:12.786  1765  1765 F libc    : Fatal signal 6 (SIGABRT), code -6 (SI_TKILL) in tid 1765 (surfaceflinger), pid 1765 (surfaceflinger)
01-17 15:31:12.965  1793  1793 I /system/bin/tombstoned: tombstoned successfully initialized
01-17 15:31:13.199  1574  1574 W hwservicemanager: getTransport: Cannot find entry android.hardware.usb.gadget@1.0::IUsbGadget/default in either framework or device manifest.
01-17 15:31:13.200  1794  1794 I usbd    : Usb HAL not found
01-17 15:31:13.349  1797  1797 D android.hardware.biometrics.fingerprint@2.1-service: Opening fingerprint hal library...
01-17 15:31:13.434  1773  1773 W /system/bin/mediaextractor: Could not read additional policy file '/vendor/etc/seccomp_policy/mediaextractor.policy'
01-17 15:31:13.434  1773  1773 W mediaextractor: libminijail[1773]: failed to get path of fd 5: No such file or directory
01-17 15:31:13.434  1773  1773 W mediaextractor: libminijail[1773]: allowing syscall: socketcall
01-17 15:31:13.434  1773  1773 W mediaextractor: libminijail[1773]: allowing syscall: writev
01-17 15:31:13.434  1773  1773 W mediaextractor: libminijail[1773]: allowing syscall: fcntl64
01-17 15:31:13.434  1773  1773 W mediaextractor: libminijail[1773]: allowing syscall: clock_gettime
01-17 15:31:13.510  1817  1817 I crash_dump32: obtaining output fd from tombstoned, type: kDebuggerdTombstone
01-17 15:31:13.511  1793  1793 I /system/bin/tombstoned: received crash request for pid 1765
01-17 15:31:13.511  1817  1817 I crash_dump32: performing dump of process 1765 (target tid = 1765)
01-17 15:31:13.512  1817  1817 F DEBUG   : *** *** *** *** *** *** *** *** *** *** *** *** *** *** *** ***
01-17 15:31:13.512  1817  1817 F DEBUG   : Build fingerprint: 'google/sdk_gphone_x86_arm/generic_x86_arm:9/PSR1.180720.122/6736742:userdebug/dev-keys'
01-17 15:31:13.512  1817  1817 F DEBUG   : Revision: '0'
01-17 15:31:13.512  1817  1817 F DEBUG   : ABI: 'x86'
01-17 15:31:13.512  1817  1817 F DEBUG   : pid: 1765, tid: 1765, name: surfaceflinger  >>> /system/bin/surfaceflinger <<<
01-17 15:31:13.512  1817  1817 F DEBUG   : signal 6 (SIGABRT), code -6 (SI_TKILL), fault addr --------
01-17 15:31:13.512  1817  1817 F DEBUG   : Abort message: 'Status.cpp:149] Failed HIDL return status not checked: Status(EX_TRANSACTION_FAILED): 'DEAD_OBJECT: ''
01-17 15:31:13.512  1817  1817 F DEBUG   :     eax 00000000  ebx 000006e5  ecx 000006e5  edx 00000006
01-17 15:31:13.512  1817  1817 F DEBUG   :     edi 000006e5  esi ee6af048
01-17 15:31:13.512  1817  1817 F DEBUG   :     ebp ffa8bb08  esp ffa8ba88  eip ef0b2b39
01-17 15:31:13.613  1773  1773 W mediaextractor: libminijail[1773]: logging seccomp filter failures
01-17 15:31:13.631  1778  1803 I ServiceManager: Waiting for service package_native...
01-17 15:31:13.714  1817  1817 F DEBUG   : 
01-17 15:31:13.714  1817  1817 F DEBUG   : backtrace:
01-17 15:31:13.714  1817  1817 F DEBUG   :     #00 pc 00000b39  [vdso:ef0b2000] (__kernel_vsyscall+9)
01-17 15:31:13.714  1817  1817 F DEBUG   :     #01 pc 0001fdf8  /system/lib/libc.so (syscall+40)
01-17 15:31:13.714  1817  1817 F DEBUG   :     #02 pc 00022ed3  /system/lib/libc.so (abort+115)
01-17 15:31:13.714  1817  1817 F DEBUG   :     #03 pc 00006f85  /system/lib/libbase.so (android::base::DefaultAborter(char const*)+37)
01-17 15:31:13.714  1817  1817 F DEBUG   :     #04 pc 00008433  /system/lib/libbase.so (_ZNSt3__110__function6__funcIPFvPKcENS_9allocatorIS5_EES4_EclEOS3_+35)
01-17 15:31:13.714  1817  1817 F DEBUG   :     #05 pc 00007ccc  /system/lib/libbase.so (android::base::LogMessage::~LogMessage()+828)
01-17 15:31:13.714  1817  1817 F DEBUG   :     #06 pc 0001bbf2  /system/lib/libhidlbase.so (android::hardware::details::return_status::~return_status()+290)
01-17 15:31:13.714  1817  1817 F DEBUG   :     #07 pc 0004f386  /system/lib/libsurfaceflinger.so (android::Hwc2::impl::Composer::getActiveConfig(unsigned long long, unsigned int*)+118)
01-17 15:31:13.714  1817  1817 F DEBUG   :     #08 pc 0005afe4  /system/lib/libsurfaceflinger.so (HWC2::Display::getActiveConfig(std::__1::shared_ptr<HWC2::Display::Config const>*) const+68)
01-17 15:31:13.714  1817  1817 F DEBUG   :     #09 pc 00061d7b  /system/lib/libsurfaceflinger.so (android::HWComposer::getActiveConfig(int) const+107)
01-17 15:31:13.714  1817  1817 F DEBUG   :     #10 pc 00075ce0  /system/lib/libsurfaceflinger.so (android::Layer::Layer(android::SurfaceFlinger*, android::sp<android::Client> const&, android::String8 const&, unsigned int, unsigned int, unsigned int)+2672)
01-17 15:31:13.714  1817  1817 F DEBUG   :     #11 pc 0003f1fc  /system/lib/libsurfaceflinger.so (android::BufferLayer::BufferLayer(android::SurfaceFlinger*, android::sp<android::Client> const&, android::String8 const&, unsigned int, unsigned int, unsigned int)+76)
01-17 15:31:13.714  1817  1817 F DEBUG   :     #12 pc 000a2ae8  /system/lib/libsurfaceflinger.so (android::SurfaceFlinger::createLayer(android::String8 const&, android::sp<android::Client> const&, unsigned int, unsigned int, int, unsigned int, int, int, android::sp<android::IBinder>*, android::sp<android::IGraphicBufferProducer>*, android::sp<android::Layer>*)+792)
01-17 15:31:13.714  1817  1817 F DEBUG   :     #13 pc 00048a88  /system/lib/libsurfaceflinger.so (_ZZN7android6Client13createSurfaceERKNS_7String8EjjijRKNS_2spINS_7IBinderEEEiiPS6_PNS4_INS_22IGraphicBufferProducerEEEEN18MessageCreateLayer7handlerEv$cc626c412ebb6ae9410a5876e5c2c26d+136)
01-17 15:31:13.714  1817  1817 F DEBUG   :     #14 pc 00086182  /system/lib/libsurfaceflinger.so (android::MessageBase::handleMessage(android::Message const&)+34)
01-17 15:31:13.714  1817  1817 F DEBUG   :     #15 pc 0001364e  /system/lib/libutils.so (android::Looper::pollInner(int)+414)
01-17 15:31:13.714  1817  1817 F DEBUG   :     #16 pc 0001340b  /system/lib/libutils.so (android::Looper::pollOnce(int, int*, int*, void**)+43)
01-17 15:31:13.714  1817  1817 F DEBUG   :     #17 pc 0008662d  /system/lib/libsurfaceflinger.so (android::impl::MessageQueue::waitMessage()+109)
01-17 15:31:13.714  1817  1817 F DEBUG   :     #18 pc 00098c6d  /system/lib/libsurfaceflinger.so (android::SurfaceFlinger::run()+45)
01-17 15:31:13.714  1817  1817 F DEBUG   :     #19 pc 00002884  /system/bin/surfaceflinger (main+1172)
01-17 15:31:13.714  1817  1817 F DEBUG   :     #20 pc 000c0f54  /system/lib/libc.so (__libc_init+100)
01-17 15:31:13.737  1817  1817 E crash_dump32: unable to connect to activity manager: No such file or directory
01-17 15:31:13.737  1793  1793 E /system/bin/tombstoned: Tombstone written to: /data/tombstones/tombstone_00
01-17 15:31:13.741  1573  1573 I ServiceManager: service 'SurfaceFlinger' died
01-17 15:31:13.741  1573  1573 I ServiceManager: service 'gpu' died
01-17 15:31:13.741  1799  1809 E BpSurfaceComposerClient: Failed to transact (-32)
01-17 15:31:13.741  1799  1799 W SurfaceComposerClient: ComposerService remote (surfaceflinger) died [0xedec7440]
01-17 15:31:13.741  1799  1809 E SurfaceComposerClient: SurfaceComposerClient::createSurface error Broken pipe
01-17 15:31:13.741  1799  1799 D BootAnimation: SurfaceFlinger died, exiting...
01-17 15:31:13.766  1573  1573 I ServiceManager: service 'media.audio_flinger' died
01-17 15:31:13.766  1629  1727 I r_submix: adev_close()
01-17 15:31:13.767  1779  1779 I wificond: wificond is starting up...
01-17 15:31:13.843  1797  1797 D FingerprintHal: ----------------> fingerprint_open ----------------->
01-17 15:31:13.843  1797  1797 D FingerprintHal: ----------------> set_notify_callback ----------------->
01-17 15:31:13.843  1797  1797 D FingerprintHal: fingerprint callback notification set
01-17 15:31:13.844  1797  1797 I ServiceManagement: Removing namespace from process name android.hardware.biometrics.fingerprint@2.1-service to fingerprint@2.1-service.
01-17 15:31:13.844  1797  1827 D FingerprintHal: ----------------> listenerFunction ----------------->
01-17 15:31:13.857  1826  1826 I ServiceManagement: Removing namespace from process name android.hardware.audio@2.0-service to audio@2.0-service.
01-17 15:31:13.858  1826  1826 I audiohalservice: Registration complete for android.hardware.audio@4.0::IDevicesFactory/default.
01-17 15:31:13.861  1826  1826 I audiohalservice: Registration complete for android.hardware.audio.effect@4.0::IEffectsFactory/default.
01-17 15:31:13.862  1574  1574 W hwservicemanager: getTransport: Cannot find entry android.hardware.soundtrigger@2.1::ISoundTriggerHw/default in either framework or device manifest.
01-17 15:31:13.862  1826  1826 E audiohalservice: Could not get passthrough implementation for android.hardware.soundtrigger@2.1::ISoundTriggerHw/default.
01-17 15:31:13.862  1574  1574 W hwservicemanager: getTransport: Cannot find entry android.hardware.soundtrigger@2.0::ISoundTriggerHw/default in either framework or device manifest.
01-17 15:31:13.862  1826  1826 E SoundTriggerHalImpl: couldn't load sound trigger module sound_trigger.primary (No such file or directory)
01-17 15:31:13.863  1826  1826 I audiohalservice: Registration complete for android.hardware.soundtrigger@2.0::ISoundTriggerHw/default.
01-17 15:31:13.863  1574  1574 W hwservicemanager: getTransport: Cannot find entry android.hardware.bluetooth.a2dp@1.0::IBluetoothAudioOffload/default in either framework or device manifest.
01-17 15:31:13.864  1826  1826 E audiohalservice: Could not get passthrough implementation for android.hardware.bluetooth.a2dp@1.0::IBluetoothAudioOffload/default.
01-17 15:31:13.864  1826  1826 W audiohalservice: Could not register Bluetooth audio offload 1.0
01-17 15:31:13.901  1573  1573 I ServiceManager: service 'wificond' died
01-17 15:31:13.902  1777  1777 W statsd  : statscompanion service unavailable!
01-17 15:31:13.902  1777  1777 I statsd  : using statsd socket
01-17 15:31:13.907  1825  1825 I FastMixerState: sMaxFastTracks = 8
01-17 15:31:13.909  1825  1825 I audioserver: ServiceManager: 0xe491aa60
01-17 15:31:13.909  1825  1825 W BatteryNotifier: batterystats service unavailable!
01-17 15:31:13.912  1574  1574 W hwservicemanager: getTransport: Cannot find entry android.hardware.audio@4.0::IDevicesFactory/msd in either framework or device manifest.
01-17 15:31:13.913  1825  1825 I AudioFlinger: Using default 3000 mSec as standby time.
01-17 15:31:13.914  1825  1825 I APM::ConfigParsingUtils: loadAudioPolicyConfig() loaded /vendor/etc/audio_policy.conf
01-17 15:31:13.915  1826  1833 D audio_hw_generic: Emulator host-side ALSA audio emulation detected.
01-17 15:31:13.915  1826  1833 D audio_hw_generic: mixer 0 name Master Playback Volume
01-17 15:31:13.915  1826  1833 D audio_hw_generic: set ctl 0 to 100
01-17 15:31:13.915  1826  1833 D audio_hw_generic: set ctl 1 to 100
01-17 15:31:13.915  1826  1833 D audio_hw_generic: mixer 1 name Master Playback Switch
01-17 15:31:13.915  1826  1833 D audio_hw_generic: set ctl 0 to 1
01-17 15:31:13.915  1826  1833 D audio_hw_generic: set ctl 1 to 1
01-17 15:31:13.915  1826  1833 D audio_hw_generic: mixer 2 name Capture Volume
01-17 15:31:13.915  1826  1833 D audio_hw_generic: set ctl 0 to 100
01-17 15:31:13.915  1826  1833 D audio_hw_generic: set ctl 1 to 100
01-17 15:31:13.915  1826  1833 D audio_hw_generic: mixer 3 name Capture Switch
01-17 15:31:13.915  1826  1833 D audio_hw_generic: set ctl 0 to 1
01-17 15:31:13.915  1826  1833 D audio_hw_generic: set ctl 1 to 1
01-17 15:31:13.915  1826  1833 D audio_hw_generic: mixer 4 name Line Phantom Jack
01-17 15:31:13.915  1826  1833 D audio_hw_generic: mixer 5 name Line Out Phantom Jack
01-17 15:31:13.915  1826  1833 D audio_hw_generic: mixer 6 name Playback Channel Map
01-17 15:31:13.915  1826  1833 D audio_hw_generic: mixer 7 name Capture Channel Map
01-17 15:31:13.916  1826  1833 W DeviceHAL: Error from HAL Device in function get_master_volume: Function not implemented
01-17 15:31:13.916  1826  1833 W DeviceHAL: Error from HAL Device in function get_master_mute: Function not implemented
01-17 15:31:13.916  1826  1833 W DeviceHAL: Error from HAL Device in function set_master_volume: Function not implemented
01-17 15:31:13.916  1826  1833 W DeviceHAL: Error from HAL Device in function set_master_mute: Function not implemented
01-17 15:31:13.917  1825  1825 I AudioFlinger: loadHwModule() Loaded primary audio interface, handle 10
01-17 15:31:13.917  1825  1825 I AudioFlinger: openOutput() this 0xe493c000, module 10 Device 0x2, SamplingRate 48000, Format 0x000001, Channels 0x3, flags 0x2
01-17 15:31:13.918  1825  1825 I AudioFlinger: HAL output buffer size 720 frames, normal sink buffer size 1152 frames
01-17 15:31:13.920  1825  1825 I BufferProvider: found effect "Multichannel Downmix To Stereo" from The Android Open Source Project
01-17 15:31:13.921  1825  1844 I AudioFlinger: AudioFlinger's thread 0xe3f031c0 tid=1844 ready to run
01-17 15:31:13.921  1825  1844 W AudioFlinger: no wake lock to update, system not ready yet
01-17 15:31:13.921  1825  1825 I AudioFlinger: Using module 10 as the primary audio interface
01-17 15:31:13.922  1825  1844 W AudioFlinger: no wake lock to update, system not ready yet
01-17 15:31:13.924  1825  1825 W AudioFlinger: moveEffects() bad srcOutput 0
01-17 15:31:13.926  1825  1847 I AudioFlinger: AudioFlinger's thread 0xe3c16c40 tid=1847 ready to run
01-17 15:31:13.927  1826  1845 I r_submix: adev_open(name=audio_hw_if)
01-17 15:31:13.927  1826  1845 I r_submix: adev_init_check()
01-17 15:31:13.928  1826  1826 W DeviceHAL: Error from HAL Device in function set_master_mute: Function not implemented
01-17 15:31:13.928  1825  1825 I AudioFlinger: loadHwModule() Loaded r_submix audio interface, handle 18
01-17 15:31:13.928  1826  1826 D r_submix: adev_open_input_stream(addr=0)
01-17 15:31:13.928  1826  1826 D r_submix: submix_audio_device_create_pipe_l(addr=0, idx=9)
01-17 15:31:13.928  1826  1826 D r_submix:   now using address 0 for route 9
01-17 15:31:13.929  1825  1848 I AudioFlinger: AudioFlinger's thread 0xe3c16080 tid=1848 ready to run
01-17 15:31:13.929  1826  1826 D r_submix: adev_close_input_stream()
01-17 15:31:13.930  1826  1826 D r_submix: submix_audio_device_release_pipe_l(idx=9) addr=0
01-17 15:31:13.930  1826  1826 D r_submix: submix_audio_device_destroy_pipe_l(): pipe destroyed
01-17 15:31:13.930  1825  1825 I         : Waiting for activity service
01-17 15:31:14.065  1791  1791 I gatekeeperd: Starting gatekeeperd...
01-17 15:31:14.090  1772  1772 I mediaserver: ServiceManager: 0xf4e1a720
01-17 15:31:14.322  1574  1574 W hwservicemanager: getTransport: Cannot find entry android.hardware.keymaster@4.0::IKeymasterDevice/default in either framework or device manifest.
01-17 15:31:14.324  1771  1771 I keystore: found android.hardware.keymaster@3.0::IKeymasterDevice with interface name default and seclevel SOFTWARE
01-17 15:31:14.324  1771  1771 W keystore: No secure Keymaster implementation found, but device offers insecure Keymaster HAL. Using as default.
01-17 15:31:14.646  1778  1803 I ServiceManager: Waiting for service package_native...
01-17 15:31:14.689  1780  1780 I media.codec: mediacodecservice starting
01-17 15:31:14.701  1780  1780 W media.codec: Could not read additional policy file '/vendor/etc/seccomp_policy/mediacodec.policy'
01-17 15:31:14.701  1780  1780 W media.codec: libminijail[1780]: failed to get path of fd 5: No such file or directory
01-17 15:31:14.701  1780  1780 W media.codec: libminijail[1780]: allowing syscall: socketcall
01-17 15:31:14.701  1780  1780 W media.codec: libminijail[1780]: allowing syscall: writev
01-17 15:31:14.701  1780  1780 W media.codec: libminijail[1780]: allowing syscall: fcntl64
01-17 15:31:14.701  1780  1780 W media.codec: libminijail[1780]: allowing syscall: clock_gettime
01-17 15:31:14.701  1780  1780 W media.codec: libminijail[1780]: logging seccomp filter failures
01-17 15:31:14.757  1780  1780 W MediaCodecsXmlParser: unable to open media codecs configuration xml file: /data/misc/media/media_codecs_profiling_results.xml
01-17 15:31:14.757  1780  1780 W MediaCodecsXmlParser: parseTopLevelXMLFile(/data/misc/media/media_codecs_profiling_results.xml) failed
01-17 15:31:14.760  1780  1780 I ServiceManagement: Removing namespace from process name android.hardware.media.omx@1.0-service to omx@1.0-service.
01-17 15:31:14.762  1780  1780 E vndksupport: Could not load libstagefrighthw.so from default namespace: dlopen failed: library "libstagefrighthw.so" not found.
01-17 15:31:14.762  1780  1780 W MediaCodecsXmlParser: unable to open media codecs configuration xml file: /data/misc/media/media_codecs_profiling_results.xml
01-17 15:31:14.763  1780  1780 W MediaCodecsXmlParser: parseTopLevelXMLFile(/data/misc/media/media_codecs_profiling_results.xml) failed
01-17 15:31:14.763  1780  1780 I ServiceManagement: Removing namespace from process name android.hardware.media.omx@1.0-service to omx@1.0-service.
01-17 15:31:14.763  1780  1780 I media.codec: IOmx HAL service created.
01-17 15:31:14.764  1879  1879 E netmgr  : Failed to open QEMU pipe 'qemud:network': Invalid argument
01-17 15:31:14.765  1879  1879 E netmgr  : WifiForwarder unable to open QEMU pipe: Invalid argument
01-17 15:31:15.168  1919  1919 E hostapd : Configuration file: /data/vendor/wifi/hostapd/hostapd.conf
01-17 15:31:15.170  1919  1919 I hostapd : rfkill: Cannot get wiphy information
01-17 15:31:15.171  1919  1919 I hostapd : wlan1: interface state UNINITIALIZED->COUNTRY_UPDATE
01-17 15:31:15.251  1916  1916 E ipv6proxy: Failed to forward Neighbor Solicitation for fe80::840d:e6ff:fe8f:578e from radio0-peer to eth0: Cannot assign requested address
01-17 15:31:15.666  1778  1803 I ServiceManager: Waiting for service package_native...
01-17 15:31:16.255  1916  1916 E ipv6proxy: Failed to forward Router Advertisement from eth0 to wlan1: Cannot assign requested address
01-17 15:31:16.256  1916  1916 E ipv6proxy: Failed to forward Router Advertisement from eth0 to radio0-peer: Cannot assign requested address
01-17 15:31:16.693  1778  1803 I ServiceManager: Waiting for service package_native...
01-17 15:31:17.290  1931  1931 I wificond: wificond is starting up...
01-17 15:31:17.307  1926  1926 I ConfigStore: android::hardware::configstore::V1_0::ISurfaceFlingerConfigs::startGraphicsAllocatorService retrieved: 0
01-17 15:31:17.308  1926  1926 I SurfaceFlinger: Using HWComposer service: 'default'
01-17 15:31:17.308  1926  1926 I SurfaceFlinger: SurfaceFlinger is starting
01-17 15:31:17.309  1926  1926 I ConfigStore: android::hardware::configstore::V1_0::ISurfaceFlingerConfigs::vsyncEventPhaseOffsetNs retrieved: 1000000 (default)
01-17 15:31:17.309  1926  1926 I ConfigStore: android::hardware::configstore::V1_0::ISurfaceFlingerConfigs::vsyncSfEventPhaseOffsetNs retrieved: 1000000 (default)
01-17 15:31:17.310  1926  1926 I ConfigStore: android::hardware::configstore::V1_0::ISurfaceFlingerConfigs::hasSyncFramework retrieved: 1
01-17 15:31:17.311  1926  1926 I ConfigStore: android::hardware::configstore::V1_0::ISurfaceFlingerConfigs::presentTimeOffsetFromVSyncNs retrieved: 0
01-17 15:31:17.311  1926  1926 I ConfigStore: android::hardware::configstore::V1_0::ISurfaceFlingerConfigs::useHwcForRGBtoYUV retrieved: 0
01-17 15:31:17.311  1926  1926 I ConfigStore: android::hardware::configstore::V1_0::ISurfaceFlingerConfigs::maxVirtualDisplaySize retrieved: 0 (default)
01-17 15:31:17.312  1926  1926 I ConfigStore: android::hardware::configstore::V1_0::ISurfaceFlingerConfigs::useVrFlinger retrieved: 0 (default)
01-17 15:31:17.312  1926  1926 I ConfigStore: android::hardware::configstore::V1_0::ISurfaceFlingerConfigs::maxFrameBufferAcquiredBuffers retrieved: 3
01-17 15:31:17.312  1926  1926 I ConfigStore: android::hardware::configstore::V1_0::ISurfaceFlingerConfigs::hasWideColorDisplay retrieved: 0
01-17 15:31:17.312  1574  1574 W hwservicemanager: getTransport: Cannot find entry android.hardware.configstore@1.1::ISurfaceFlingerConfigs/default in either framework or device manifest.
01-17 15:31:17.313  1926  1926 I ConfigStore: android::hardware::configstore::V1_1::ISurfaceFlingerConfigs::primaryDisplayOrientation retrieved: ORIENTATION_0 (default)
01-17 15:31:17.313  1926  1926 I SurfaceFlinger: Enabling HWC virtual displays
01-17 15:31:17.313  1926  1926 I SurfaceFlinger: Disabling Triple Buffering
01-17 15:31:17.313  1926  1926 I SurfaceFlinger: Treble testing override: 'false'
01-17 15:31:17.313  1926  1926 I SurfaceFlinger: SurfaceFlinger's main thread ready to run. Initializing graphics H/W...
01-17 15:31:17.313  1926  1926 I SurfaceFlinger: Phase offest NS: 1000000
01-17 15:31:17.313  1926  1926 D libEGL  : Emulator has host GPU support, qemu.gles is set to 1.
01-17 15:31:17.314  1926  1926 E vndksupport: Could not load /vendor/lib/egl/libGLES_emulation.so from sphal namespace: dlopen failed: library "/vendor/lib/egl/libGLES_emulation.so" not found.
01-17 15:31:17.314  1926  1926 E libEGL  : load_driver(/vendor/lib/egl/libGLES_emulation.so): unknown
01-17 15:31:17.316  1926  1926 D libEGL  : loaded /vendor/lib/egl/libEGL_emulation.so
01-17 15:31:17.316  1926  1926 D libEGL  : loaded /vendor/lib/egl/libGLESv1_CM_emulation.so
01-17 15:31:17.324  1926  1926 D libEGL  : loaded /vendor/lib/egl/libGLESv2_emulation.so
01-17 15:31:17.332  1926  1926 D HostConnection: HostConnection::get() New Host Connection established 0xeb124410, tid 1926
01-17 15:31:17.335  1926  1926 D HostConnection: HostComposition ext ANDROID_EMU_CHECKSUM_HELPER_v1 ANDROID_EMU_native_sync_v2 ANDROID_EMU_native_sync_v3 ANDROID_EMU_native_sync_v4 ANDROID_EMU_dma_v1 ANDROID_EMU_YUV420_888_to_NV21 ANDROID_EMU_YUV_Cache ANDROID_EMU_sync_buffer_data GL_OES_EGL_image_external_essl3 GL_OES_vertex_array_object GL_KHR_texture_compression_astc_ldr ANDROID_EMU_host_side_tracing ANDROID_EMU_gles_max_version_3_0 
01-17 15:31:17.336  1926  1926 I ConfigStore: android::hardware::configstore::V1_0::ISurfaceFlingerConfigs::hasWideColorDisplay retrieved: 0
01-17 15:31:17.337  1926  1926 I ConfigStore: android::hardware::configstore::V1_0::ISurfaceFlingerConfigs::hasHDRDisplay retrieved: 0
01-17 15:31:17.337  1926  1926 I SurfaceFlinger: EGL information:
01-17 15:31:17.337  1926  1926 I SurfaceFlinger: vendor    : Android
01-17 15:31:17.337  1926  1926 I SurfaceFlinger: version   : 1.4 Android META-EGL
01-17 15:31:17.337  1926  1926 I SurfaceFlinger: extensions: EGL_KHR_get_all_proc_addresses EGL_ANDROID_presentation_time EGL_KHR_swap_buffers_with_damage EGL_ANDROID_get_native_client_buffer EGL_ANDROID_front_buffer_auto_refresh EGL_ANDROID_get_frame_timestamps EGL_EXT_surface_SMPTE2086_metadata EGL_EXT_surface_CTA861_3_metadata EGL_KHR_image EGL_KHR_image_base EGL_KHR_gl_texture_2D_image EGL_KHR_fence_sync EGL_KHR_create_context EGL_ANDROID_image_native_buffer EGL_KHR_wait_sync EGL_ANDROID_recordable 
01-17 15:31:17.337  1926  1926 I SurfaceFlinger: Client API: OpenGL_ES
01-17 15:31:17.337  1926  1926 I SurfaceFlinger: EGLSurface: 8-8-8-8, config=0x2
01-17 15:31:17.339  1926  1926 D eglCodecCommon: setVertexArrayObject: set vao to 0 (0) 0 0
01-17 15:31:17.339  1926  1926 D EGL_emulation: eglCreateContext: 0xeb120ae0: maj 3 min 0 rcv 3
01-17 15:31:17.339  1926  1926 D EGL_emulation: eglMakeCurrent: 0xeb120ae0: ver 3 0 (tinfo 0xeb11c310)
01-17 15:31:17.341  1926  1926 I SurfaceFlinger: OpenGL ES informations:
01-17 15:31:17.341  1926  1926 I SurfaceFlinger: vendor    : Google (Intel Inc.)
01-17 15:31:17.341  1926  1926 I SurfaceFlinger: renderer  : Android Emulator OpenGL ES Translator (Intel(R) Iris(TM) Plus Graphics 655)
01-17 15:31:17.341  1926  1926 I SurfaceFlinger: version   : OpenGL ES 3.0 (4.1 INTEL-18.7.4)
01-17 15:31:17.341  1926  1926 I SurfaceFlinger: extensions: GL_EXT_debug_marker GL_EXT_robustness GL_OES_EGL_sync GL_OES_EGL_image GL_OES_EGL_image_external GL_OES_depth24 GL_OES_depth32 GL_OES_element_index_uint GL_OES_texture_float GL_OES_texture_float_linear GL_OES_compressed_paletted_texture GL_OES_compressed_ETC1_RGB8_texture GL_OES_depth_texture GL_OES_texture_npot GL_OES_rgb8_rgba8 GL_EXT_color_buffer_float GL_EXT_color_buffer_half_float GL_EXT_texture_format_BGRA8888 GL_APPLE_texture_format_BGRA8888 ANDROID_EMU_CHECKSUM_HELPER_v1 ANDROID_EMU_native_sync_v2 ANDROID_EMU_native_sync_v3 ANDROID_EMU_native_sync_v4 ANDROID_EMU_dma_v1 ANDROID_EMU_YUV420_888_to_NV21 ANDROID_EMU_YUV_Cache ANDROID_EMU_sync_buffer_data GL_OES_EGL_image_external_essl3 GL_OES_vertex_array_object GL_KHR_texture_compression_astc_ldr ANDROID_EMU_host_side_tracing ANDROID_EMU_gles_max_version_3_0 
01-17 15:31:17.341  1926  1926 I SurfaceFlinger: GL_MAX_TEXTURE_SIZE = 16384
01-17 15:31:17.341  1926  1926 I SurfaceFlinger: GL_MAX_VIEWPORT_DIMS = 16384
01-17 15:31:17.350  1639  1703 D gralloc_ranchu: gralloc_alloc: Creating ashmem region of size 16592896
01-17 15:31:17.351  1926  1926 D HostConnection: createUnique: call
01-17 15:31:17.351  1926  1926 D HostConnection: HostConnection::get() New Host Connection established 0xeb125b30, tid 1926
01-17 15:31:17.356  1927  1927 D AndroidRuntime: >>>>>> START com.android.internal.os.ZygoteInit uid 0 <<<<<<
01-17 15:31:17.363  1926  1926 D HostConnection: HostComposition ext ANDROID_EMU_CHECKSUM_HELPER_v1 ANDROID_EMU_native_sync_v2 ANDROID_EMU_native_sync_v3 ANDROID_EMU_native_sync_v4 ANDROID_EMU_dma_v1 ANDROID_EMU_YUV420_888_to_NV21 ANDROID_EMU_YUV_Cache ANDROID_EMU_sync_buffer_data GL_OES_EGL_image_external_essl3 GL_OES_vertex_array_object GL_KHR_texture_compression_astc_ldr ANDROID_EMU_host_side_tracing ANDROID_EMU_gles_max_version_3_0 
01-17 15:31:17.363  1926  1926 E eglCodecCommon: GoldfishAddressSpaceHostMemoryAllocator: ioctl_ping failed for device_type=5, ret=-1
01-17 15:31:17.363  1926  1926 E HWComposer: getSupportedPerFrameMetadata: getSupportedPerFrameMetadata failed for display 0: Unsupported (8)
01-17 15:31:17.364  1639  1703 D gralloc_ranchu: gralloc_alloc: Creating ashmem region of size 16592896
01-17 15:31:17.364  1639  1639 D gralloc_ranchu: gralloc_alloc: Creating ashmem region of size 16592896
01-17 15:31:17.366  1926  1926 D EGL_emulation: eglMakeCurrent: 0xeb120ae0: ver 3 0 (tinfo 0xeb11c310)
01-17 15:31:17.420  1926  1926 D SurfaceFlinger: shader cache generated - 24 shaders in 53.789688 ms
01-17 15:31:17.421  1926  1926 D SurfaceFlinger: Set power mode=2, type=0 flinger=0xeb146000
01-17 15:31:17.422  1926  1926 D SurfaceFlinger: Finished set power mode=2, type=0
01-17 15:31:17.524  1926  1933 E SurfaceFlinger: ro.sf.lcd_density must be defined as a build property
01-17 15:31:17.526  1941  1944 D libEGL  : Emulator has host GPU support, qemu.gles is set to 1.
01-17 15:31:17.527  1941  1944 E vndksupport: Could not load /vendor/lib/egl/libGLES_emulation.so from sphal namespace: dlopen failed: library "/vendor/lib/egl/libGLES_emulation.so" not found.
01-17 15:31:17.527  1941  1944 E libEGL  : load_driver(/vendor/lib/egl/libGLES_emulation.so): unknown
01-17 15:31:17.529  1929  1929 I mediaserver: ServiceManager: 0xf3f9ab60
01-17 15:31:17.530  1941  1944 D libEGL  : loaded /vendor/lib/egl/libEGL_emulation.so
01-17 15:31:17.531  1941  1944 D libEGL  : loaded /vendor/lib/egl/libGLESv1_CM_emulation.so
01-17 15:31:17.539  1941  1944 D libEGL  : loaded /vendor/lib/egl/libGLESv2_emulation.so
01-17 15:31:17.548  1941  1944 D HostConnection: HostConnection::get() New Host Connection established 0xf0aa14a0, tid 1944
01-17 15:31:17.561  1941  1944 D HostConnection: HostComposition ext ANDROID_EMU_CHECKSUM_HELPER_v1 ANDROID_EMU_native_sync_v2 ANDROID_EMU_native_sync_v3 ANDROID_EMU_native_sync_v4 ANDROID_EMU_dma_v1 ANDROID_EMU_YUV420_888_to_NV21 ANDROID_EMU_YUV_Cache ANDROID_EMU_sync_buffer_data GL_OES_EGL_image_external_essl3 GL_OES_vertex_array_object GL_KHR_texture_compression_astc_ldr ANDROID_EMU_host_side_tracing ANDROID_EMU_gles_max_version_3_0 
01-17 15:31:17.563  1941  1944 I ConfigStore: android::hardware::configstore::V1_0::ISurfaceFlingerConfigs::hasWideColorDisplay retrieved: 0
01-17 15:31:17.564  1941  1944 I ConfigStore: android::hardware::configstore::V1_0::ISurfaceFlingerConfigs::hasHDRDisplay retrieved: 0
01-17 15:31:17.565  1639  1639 D gralloc_ranchu: gralloc_alloc: Creating ashmem region of size 16592896
01-17 15:31:17.567  1929  1929 W BatteryNotifier: batterystats service unavailable!
01-17 15:31:17.570  1941  1944 D HostConnection: createUnique: call
01-17 15:31:17.570  1941  1944 D HostConnection: HostConnection::get() New Host Connection established 0xf0aa1540, tid 1944
01-17 15:31:17.581  1941  1944 D HostConnection: HostComposition ext ANDROID_EMU_CHECKSUM_HELPER_v1 ANDROID_EMU_native_sync_v2 ANDROID_EMU_native_sync_v3 ANDROID_EMU_native_sync_v4 ANDROID_EMU_dma_v1 ANDROID_EMU_YUV420_888_to_NV21 ANDROID_EMU_YUV_Cache ANDROID_EMU_sync_buffer_data GL_OES_EGL_image_external_essl3 GL_OES_vertex_array_object GL_KHR_texture_compression_astc_ldr ANDROID_EMU_host_side_tracing ANDROID_EMU_gles_max_version_3_0 
01-17 15:31:17.582  1941  1944 E eglCodecCommon: GoldfishAddressSpaceHostMemoryAllocator: ioctl_ping failed for device_type=5, ret=-1
01-17 15:31:17.585  1941  1944 D eglCodecCommon: setVertexArrayObject: set vao to 0 (0) 0 0
01-17 15:31:17.585  1941  1944 D EGL_emulation: eglCreateContext: 0xf0a994e0: maj 1 min 0 rcv 1
01-17 15:31:17.587  1930  1930 I Netd    : Netd 1.0 starting
01-17 15:31:17.596  1941  1944 D EGL_emulation: eglMakeCurrent: 0xf0a994e0: ver 1 0 (tinfo 0xf0a8f0b0)
01-17 15:31:17.613  1941  1944 D BootAnimation: BootAnimationShownTiming start time: 19613ms
01-17 15:31:17.614  1941  1947 E BootAnimation: Could not add watch for /data/system
01-17 15:31:17.614  1930  1930 D TetherController: Setting IP forward enable = 0
01-17 15:31:17.628  1639  1639 D gralloc_ranchu: gralloc_alloc: Creating ashmem region of size 16592896
01-17 15:31:17.643  1926  1926 I SurfaceFlinger: Enter boot animation
01-17 15:31:17.644  1798  1937 E eglCodecCommon: GoldfishAddressSpaceHostMemoryAllocator: ioctl_ping failed for device_type=5, ret=-1
01-17 15:31:17.718  1930  1930 I Netd    : Creating child chains: 81.5ms
01-17 15:31:17.718  1930  1930 I Netd    : Setting up OEM hooks: 0.1ms
01-17 15:31:17.721  1930  1930 I Netd    : Setting up FirewallController hooks: 3.1ms
01-17 15:31:17.723  1930  1930 I Netd    : Setting up TetherController hooks: 1.6ms
01-17 15:31:17.724  1930  1930 I Netd    : Setting up BandwidthController hooks: 1.2ms
01-17 15:31:17.724  1930  1930 I Netd    : Setting up IdletimerController hooks: 0.1ms
01-17 15:31:17.724  1930  1930 I Netd    : initializing traffic control: 0.0ms
01-17 15:31:17.727  1930  1930 I Netd    : Disabling bandwidth control: 2.6ms
01-17 15:31:17.727  1930  1930 E Netd    : cannot find interface dummy0
01-17 15:31:17.727  1930  1930 I Netd    : Initializing RouteController: 0.7ms
01-17 15:31:17.727  1930  1930 D XfrmController: Sending Netlink XFRM Message: XFRM_MSG_FLUSHSA
01-17 15:31:17.727  1930  1930 D XfrmController: Sending Netlink XFRM Message: XFRM_MSG_FLUSHPOLICY
01-17 15:31:17.728  1930  1930 I Netd    : Initializing XfrmController: 0.4ms
01-17 15:31:17.729  1930  1930 E Netd    : Unable to create netlink socket: Protocol not supported
01-17 15:31:17.729  1930  1930 W Netd    : Unable to open qlog quota socket, check if xt_quota2 can send via UeventHandler
01-17 15:31:17.730  1930  1930 D MDnsDS  : MDnsSdListener::Hander starting up
01-17 15:31:17.730  1930  1958 D MDnsDS  : MDnsSdListener starting to monitor
01-17 15:31:17.730  1930  1958 D MDnsDS  : Going to poll with pollCount 1
01-17 15:31:17.731  1930  1930 I Netd    : Registering NetdNativeService: 1.2ms
01-17 15:31:17.732  1930  1930 I Netd    : Starting CommandListener: 1.4ms
01-17 15:31:17.733  1930  1930 I Netd    : Registering NetdHwService: 1.0ms
01-17 15:31:17.733  1930  1930 I Netd    : Netd started in 146ms
01-17 15:31:17.736  1778  1803 W ServiceManager: Service package_native didn't start. Returning NULL
01-17 15:31:17.736  1778  1803 E storaged: getService package_native failed
01-17 15:31:17.738  1778  1803 I storaged: storaged: Start
01-17 15:31:17.739  1778  1803 E storaged: getDiskStats failed with result NOT_SUPPORTED and size 0
01-17 15:31:17.747  1928  1928 I cameraserver: ServiceManager: 0xead1a700
01-17 15:31:17.747  1928  1928 I CameraService: CameraService started (pid=1928)
01-17 15:31:17.747  1928  1928 I CameraService: CameraService process starting
01-17 15:31:17.748  1928  1928 W BatteryNotifier: batterystats service unavailable!
01-17 15:31:17.748  1928  1928 W BatteryNotifier: batterystats service unavailable!
01-17 15:31:17.750  1927  1927 I zygote  : option[0]=-Xzygote
01-17 15:31:17.750  1927  1927 I zygote  : option[1]=-Xusetombstonedtraces
01-17 15:31:17.750  1927  1927 I zygote  : option[2]=exit
01-17 15:31:17.750  1927  1927 I zygote  : option[3]=vfprintf
01-17 15:31:17.750  1927  1927 I zygote  : option[4]=sensitiveThread
01-17 15:31:17.750  1927  1927 I zygote  : option[5]=-verbose:gc
01-17 15:31:17.750  1927  1927 I zygote  : option[6]=-Xms4m
01-17 15:31:17.750  1927  1927 I zygote  : option[7]=-Xmx384m
01-17 15:31:17.750  1927  1927 I zygote  : option[8]=-Xusejit:true
01-17 15:31:17.750  1927  1927 I zygote  : option[9]=-Xjitsaveprofilinginfo
01-17 15:31:17.750  1927  1927 I zygote  : option[10]=-XjdwpOptions:suspend=n,server=y
01-17 15:31:17.750  1927  1927 I zygote  : option[11]=-XjdwpProvider:default
01-17 15:31:17.750  1927  1927 I zygote  : option[12]=-Xlockprofthreshold:500
01-17 15:31:17.750  1927  1927 I zygote  : option[13]=-Ximage-compiler-option
01-17 15:31:17.750  1927  1927 I zygote  : option[14]=--runtime-arg
01-17 15:31:17.750  1927  1927 I zygote  : option[15]=-Ximage-compiler-option
01-17 15:31:17.750  1927  1927 I zygote  : option[16]=-Xms64m
01-17 15:31:17.750  1927  1927 I zygote  : option[17]=-Ximage-compiler-option
01-17 15:31:17.750  1927  1927 I zygote  : option[18]=--runtime-arg
01-17 15:31:17.750  1927  1927 I zygote  : option[19]=-Ximage-compiler-option
01-17 15:31:17.750  1927  1927 I zygote  : option[20]=-Xmx64m
01-17 15:31:17.750  1927  1927 I zygote  : option[21]=-Ximage-compiler-option
01-17 15:31:17.750  1927  1927 I zygote  : option[22]=--profile-file=/system/etc/boot-image.prof
01-17 15:31:17.750  1927  1927 I zygote  : option[23]=-Ximage-compiler-option
01-17 15:31:17.750  1927  1927 I zygote  : option[24]=--compiler-filter=speed-profile
01-17 15:31:17.750  1927  1927 I zygote  : option[25]=-Xcompiler-option
01-17 15:31:17.750  1927  1927 I zygote  : option[26]=--runtime-arg
01-17 15:31:17.750  1927  1927 I zygote  : option[27]=-Xcompiler-option
01-17 15:31:17.750  1927  1927 I zygote  : option[28]=-Xms64m
01-17 15:31:17.750  1927  1927 I zygote  : option[29]=-Xcompiler-option
01-17 15:31:17.750  1927  1927 I zygote  : option[30]=--runtime-arg
01-17 15:31:17.750  1927  1927 I zygote  : option[31]=-Xcompiler-option
01-17 15:31:17.750  1927  1927 I zygote  : option[32]=-Xmx512m
01-17 15:31:17.750  1927  1927 I zygote  : option[33]=-Ximage-compiler-option
01-17 15:31:17.750  1927  1927 I zygote  : option[34]=--instruction-set-variant=x86
01-17 15:31:17.750  1927  1927 I zygote  : option[35]=-Xcompiler-option
01-17 15:31:17.750  1927  1927 I zygote  : option[36]=--instruction-set-variant=x86
01-17 15:31:17.750  1927  1927 I zygote  : option[37]=-Ximage-compiler-option
01-17 15:31:17.750  1927  1927 I zygote  : option[38]=--instruction-set-features=default
01-17 15:31:17.750  1927  1927 I zygote  : option[39]=-Xcompiler-option
01-17 15:31:17.750  1927  1927 I zygote  : option[40]=--instruction-set-features=default
01-17 15:31:17.750  1927  1927 I zygote  : option[41]=-Duser.locale=en-US
01-17 15:31:17.750  1927  1927 I zygote  : option[42]=-XX:NativeBridge=libndk_translation.so
01-17 15:31:17.750  1927  1927 I zygote  : option[43]=--cpu-abilist=x86,armeabi-v7a,armeabi
01-17 15:31:17.750  1927  1927 I zygote  : option[44]=-Xfingerprint:google/sdk_gphone_x86_arm/generic_x86_arm:9/PSR1.180720.122/6736742:userdebug/dev-keys
01-17 15:31:17.751  1928  1928 I CameraProviderManager: Connecting to new camera provider: legacy/0, isRemote? 1
01-17 15:31:17.753  1928  1928 I CameraProviderManager: Enumerating new camera device: device@3.3/legacy/0
01-17 15:31:17.754  1928  1928 I CameraProviderManager: Enumerating new camera device: device@3.3/legacy/1
01-17 15:31:17.755  1928  1928 I CameraProviderManager: Camera provider legacy/0 ready with 2 camera devices
01-17 15:31:17.755  1574  1574 W hwservicemanager: getTransport: Cannot find entry android.hardware.camera.provider@2.4::ICameraProvider/external/0 in either framework or device manifest.
01-17 15:31:17.755  1928  1966 W CameraProviderManager: addProviderLocked: Camera provider HAL with name 'legacy/0' already registered
01-17 15:31:17.774  1928  1928 I CameraHardwareInterface: Opening camera 0
01-17 15:31:17.774  1928  1928 E CameraHardwareInterface: initialize: openSession failed! No such file or directory (-2)
01-17 15:31:17.774  1928  1928 E CameraFlashlight: connectCameraDevice: initializing camera 0 failed
01-17 15:31:17.774  1928  1928 I CameraHardwareInterface: Destroying camera 0
01-17 15:31:17.774  1928  1928 E CameraFlashlight: findFlashUnits: failed to check if camera 0 has a flash unit. No such file or directory (-2)
01-17 15:31:17.775  1928  1928 I CameraHardwareInterface: Opening camera 1
01-17 15:31:17.775  1928  1928 E CameraHardwareInterface: initialize: openSession failed! No such file or directory (-2)
01-17 15:31:17.775  1928  1928 E CameraFlashlight: connectCameraDevice: initializing camera 1 failed
01-17 15:31:17.775  1928  1928 I CameraHardwareInterface: Destroying camera 1
01-17 15:31:17.775  1928  1928 E CameraFlashlight: findFlashUnits: failed to check if camera 1 has a flash unit. No such file or directory (-2)
01-17 15:31:17.776  1928  1928 I CameraService: onDeviceStatusChanged: Status changed for cameraId=1, newStatus=1
01-17 15:31:17.776  1928  1928 I CameraService: onDeviceStatusChanged: Unknown camera ID 1, a new camera is added
01-17 15:31:17.777  1928  1928 I CameraService: onDeviceStatusChanged: Status changed for cameraId=0, newStatus=1
01-17 15:31:17.777  1928  1928 I CameraService: onDeviceStatusChanged: Unknown camera ID 0, a new camera is added
01-17 15:31:17.778  1928  1966 I CameraService: onDeviceStatusChanged: Status changed for cameraId=1, newStatus=1
01-17 15:31:17.778  1928  1966 E CameraService: onDeviceStatusChanged: State transition to the same status 0x1 not allowed
01-17 15:31:17.778  1928  1966 I CameraService: onDeviceStatusChanged: Status changed for cameraId=0, newStatus=1
01-17 15:31:17.780  1928  1928 I         : Waiting for activity service
01-17 15:31:17.911  1927  1927 I zygote  : VerifyImage: /system/bin/patchoat --input-image-location=/system/framework/boot.art --output-image-directory=/data/dalvik-cache/x86 --instruction-set=x86 --verify
01-17 15:31:18.652  1778  1803 I ServiceManager: Waiting for service package_native...
01-17 15:31:19.141  1639  1639 D gralloc_ranchu: gralloc_alloc: Creating ashmem region of size 16592896
01-17 15:31:19.262  1970  1970 E patchoat: Unable to open relocated image file  /data/dalvik-cache/x86/system@framework@boot.art
01-17 15:31:19.264  1927  1927 W zygote  : Failed execv(/system/bin/patchoat --input-image-location=/system/framework/boot.art --output-image-directory=/data/dalvik-cache/x86 --instruction-set=x86 --verify) because non-0 exit status Preemptively pruning the dalvik cache.
01-17 15:31:19.264  1927  1927 I zygote  : Pruning dalvik-cache since we are relocating an image and will need to recompile
01-17 15:31:19.264  1927  1927 I zygote  : RelocateImage: /system/bin/patchoat --input-image-location=/system/framework/boot.art --output-image-directory=/data/dalvik-cache/x86 --instruction-set=x86 --base-offset-delta=13389824
01-17 15:31:19.667  1778  1803 I ServiceManager: Waiting for service package_native...
01-17 15:31:20.189  1919  1919 I hostapd : wlan1: interface state COUNTRY_UPDATE->HT_SCAN
01-17 15:31:20.381  1916  1916 E ipv6proxy: Failed to forward Router Advertisement from eth0 to wlan1: Network is unreachable
01-17 15:31:20.681  1778  1803 I ServiceManager: Waiting for service package_native...
01-17 15:31:21.501  1919  1919 E hostapd : Using interface wlan1 with hwaddr 02:15:b2:00:01:00 and ssid "AndroidWifi"
01-17 15:31:21.502  1919  1919 I hostapd : wlan1: interface state HT_SCAN->ENABLED
01-17 15:31:21.502  1919  1919 I hostapd : wlan1: AP-ENABLED 
01-17 15:31:21.698  1778  1803 I ServiceManager: Waiting for service package_native...
01-17 15:31:22.509  1927  1927 D Zygote  : begin preload
01-17 15:31:22.509  1927  1927 I Zygote  : Installing ICU cache reference pinning...
01-17 15:31:22.509  1927  1927 I Zygote  : Preloading ICU data...
01-17 15:31:22.712  1778  1803 I ServiceManager: Waiting for service package_native...
01-17 15:31:22.814  1778  1803 W ServiceManager: Service package_native didn't start. Returning NULL
01-17 15:31:22.814  1778  1803 E storaged: getService package_native failed
01-17 15:31:22.900  1927  1927 D Zygote32Timing: BeginIcuCachePinning took to complete: 390ms
01-17 15:31:22.900  1927  1927 I Zygote  : Preloading classes...
01-17 15:31:23.067  1927  1927 I PackageBackwardCompatibility: Loaded android.content.pm.OrgApacheHttpLegacyUpdater
01-17 15:31:23.067  1927  1927 I PackageBackwardCompatibility: Could not find android.content.pm.AndroidTestBaseUpdater, ignoring
01-17 15:31:25.656  1927  1927 E ActivityRecognitionHardware: activity_recognition HAL is deprecated. class_init is effectively a no-op
01-17 15:31:25.979  1927  1927 I zygote  : Thread[1,tid=1927,Native,Thread*=0xe4edc000,peer=0x12c80110,"main"] recursive attempt to load library "/system/lib/libmedia_jni.so"
01-17 15:31:25.980  1927  1927 D MtpDeviceJNI: register_android_mtp_MtpDevice
01-17 15:31:25.980  1927  1927 I zygote  : Thread[1,tid=1927,Native,Thread*=0xe4edc000,peer=0x12c80110,"main"] recursive attempt to load library "/system/lib/libmedia_jni.so"
01-17 15:31:25.981  1927  1927 I zygote  : Thread[1,tid=1927,Native,Thread*=0xe4edc000,peer=0x12c80110,"main"] recursive attempt to load library "/system/lib/libmedia_jni.so"
01-17 15:31:26.582  1927  1927 I Zygote  : ...preloaded 6535 classes in 3682ms.
01-17 15:31:26.582  1927  1927 I zygote  : VMRuntime.preloadDexCaches starting
01-17 15:31:26.642  1927  1927 I zygote  : VMRuntime.preloadDexCaches strings total=339033 before=12306 after=12306
01-17 15:31:26.642  1927  1927 I zygote  : VMRuntime.preloadDexCaches types total=31350 before=7821 after=7822
01-17 15:31:26.642  1927  1927 I zygote  : VMRuntime.preloadDexCaches fields total=140738 before=9181 after=9181
01-17 15:31:26.642  1927  1927 I zygote  : VMRuntime.preloadDexCaches methods total=247730 before=12783 after=12783
01-17 15:31:26.642  1927  1927 I zygote  : VMRuntime.preloadDexCaches finished
01-17 15:31:26.642  1927  1927 D Zygote32Timing: PreloadClasses took to complete: 3742ms
01-17 15:31:27.317  1927  1927 I Zygote  : Preloading resources...
01-17 15:31:27.412  1927  1927 W Resources: Preloaded drawable resource #0x1080265 (android:drawable/dialog_background_material) that varies with configuration!!
01-17 15:31:27.452  1927  1927 I Zygote  : ...preloaded 64 resources in 135ms.
01-17 15:31:27.454  1927  1927 I Zygote  : ...preloaded 41 resources in 2ms.
01-17 15:31:27.454  1927  1927 D Zygote32Timing: PreloadResources took to complete: 812ms
01-17 15:31:27.459  1927  1927 D libEGL  : Emulator has host GPU support, qemu.gles is set to 1.
01-17 15:31:27.460  1927  1927 E vndksupport: Could not load /vendor/lib/egl/libGLES_emulation.so from sphal namespace: dlopen failed: library "/vendor/lib/egl/libGLES_emulation.so" not found.
01-17 15:31:27.460  1927  1927 E libEGL  : load_driver(/vendor/lib/egl/libGLES_emulation.so): unknown
01-17 15:31:27.463  1927  1927 D libEGL  : loaded /vendor/lib/egl/libEGL_emulation.so
01-17 15:31:27.464  1927  1927 D libEGL  : loaded /vendor/lib/egl/libGLESv1_CM_emulation.so
01-17 15:31:27.474  1927  1927 D libEGL  : loaded /vendor/lib/egl/libGLESv2_emulation.so
01-17 15:31:27.485  1927  1927 I Zygote  : Preloading shared libraries...
01-17 15:31:27.552  1927  1927 I Zygote  : Uninstalled ICU cache reference pinning...
01-17 15:31:27.562  1927  1927 I Zygote  : Installed AndroidKeyStoreProvider in 10ms.
01-17 15:31:27.569  1927  1927 I Zygote  : Warmed up JCA providers in 7ms.
01-17 15:31:27.569  1927  1927 D Zygote  : end preload
01-17 15:31:27.569  1927  1927 D Zygote32Timing: ZygotePreload took to complete: 5060ms
01-17 15:31:27.569  1927  1927 I zygote  : Waiting for a blocking GC Explicit
01-17 15:31:27.583  1927  1927 I zygote  : WaitForGcToComplete blocked Explicit on None for 14.379ms
