01-17 15:32:00.803  2122  2122 I FeaturePermissions: onSharedPreferenceChanged() : Key = show_launcher_icon : Feature = null
01-17 15:32:00.803  2122  2122 I LauncherIconVisibility: doUpdate() : Visible = false
01-17 15:32:00.804  1982  1994 D PackageManager: Instant App installer not found with android.intent.action.INSTALL_INSTANT_APP_PACKAGE
01-17 15:32:00.804  1982  1994 D PackageManager: Clear ephemeral installer activity
01-17 15:32:00.806  1982  2564 E BackupPasswordManager: Unable to read backup pw version
01-17 15:32:00.806  1982  2564 E BackupPasswordManager: Unable to read saved backup pw hash
01-17 15:32:00.807  1982  1999 W ActivityManager: Slow operation: 69ms so far, now at startProcess: returned from zygote!
01-17 15:32:00.809  1982  2011 I ActivityManager: Killing 2122:com.google.android.inputmethod.latin/u0a78 (adj 200): change com.google.android.inputmethod.latin
01-17 15:32:00.810  1982  2011 W ActivityManager: Scheduling restart of crashed service com.google.android.inputmethod.latin/com.android.inputmethod.latin.LatinIME in 1000ms
01-17 15:32:00.810  1982  2000 W libprocessgroup: kill(-2122, 9) failed: No such process
01-17 15:32:00.812  2624  2624 W android.smspus: Unexpected CPU variant for X86 using defaults: x86
01-17 15:32:00.813  1982  1999 W ActivityManager: Slow operation: 75ms so far, now at startProcess: done updating battery stats
01-17 15:32:00.813  1982  1999 W ActivityManager: Slow operation: 75ms so far, now at startProcess: building log message
01-17 15:32:00.813  1982  1999 I ActivityManager: Start proc 2624:com.android.smspush/u0a59 for service com.android.smspush/.WapPushManager
01-17 15:32:00.813  1982  1999 W ActivityManager: Slow operation: 75ms so far, now at startProcess: starting to update pids map
01-17 15:32:00.813  1982  1999 W ActivityManager: Slow operation: 75ms so far, now at startProcess: done updating pids map
01-17 15:32:00.813  1982  1999 W ActivityManager: Slow operation: 61ms so far, now at startProcess: asking zygote to start proc
01-17 15:32:00.817  1982  1982 I AccountsDb: Creating CE database /data/system_ce/0/accounts_ce.db
01-17 15:32:00.819  1982  2056 I InputReader: Reconfiguring input devices.  changes=0x00000010
01-17 15:32:00.824  1982  2565 E system_server: No package ID 7f found for ID 0x7f08017c.
01-17 15:32:00.824  1982  2565 E system_server: No package ID 7f found for ID 0x7f120f74.
01-17 15:32:00.825  1982  2565 E system_server: No package ID 7f found for ID 0x7f08017b.
01-17 15:32:00.825  1982  2565 E system_server: No package ID 7f found for ID 0x7f120480.
01-17 15:32:00.825  1982  2565 E system_server: No package ID 7f found for ID 0x7f08017a.
01-17 15:32:00.825  1982  2565 E system_server: No package ID 7f found for ID 0x7f12099f.
01-17 15:32:00.826  1982  1993 I PackageManager: Replacing preferred activity com.google.android.apps.messaging/.ui.conversation.LaunchConversationActivity for user 0:
01-17 15:32:00.826  1982  1993 I PackageManager:   Action: "android.intent.action.SENDTO"
01-17 15:32:00.826  1982  1993 I PackageManager:   Category: "android.intent.category.DEFAULT"
01-17 15:32:00.826  1982  1993 I PackageManager:   Scheme: "sms"
01-17 15:32:00.826  1982  1993 I PackageManager:   Action: "android.intent.action.SENDTO"
01-17 15:32:00.826  1982  1993 I PackageManager:   Category: "android.intent.category.DEFAULT"
01-17 15:32:00.826  1982  1993 I PackageManager:   Scheme: "smsto"
01-17 15:32:00.827  1982  1993 I PackageManager:   Action: "android.intent.action.SENDTO"
01-17 15:32:00.827  1982  1993 I PackageManager:   Category: "android.intent.category.DEFAULT"
01-17 15:32:00.827  1982  1993 I PackageManager:   Scheme: "mms"
01-17 15:32:00.826  1982  1993 I chatty  : uid=1000(system) Binder:1982_1 identical 1 line
01-17 15:32:00.827  1982  1993 I PackageManager: Replacing preferred activity com.google.android.apps.messaging/.ui.conversation.LaunchConversationActivity for user 0:
01-17 15:32:00.827  1982  2502 I PackageManager: Replacing preferred activity com.google.android.apps.messaging/.ui.conversation.LaunchConversationActivity for user 0:
01-17 15:32:00.827  1982  2502 I PackageManager:   Action: "android.intent.action.SENDTO"
01-17 15:32:00.827  1982  2502 I PackageManager:   Category: "android.intent.category.DEFAULT"
01-17 15:32:00.827  1982  2502 I PackageManager:   Scheme: "mmsto"
01-17 15:32:00.828  2463  2611 I ContactsDatabaseHelper: Bootstrapping database contacts2.db version: 1300
01-17 15:32:00.829  1982  1999 W ActivityManager: Slow operation: 77ms so far, now at startProcess: returned from zygote!
01-17 15:32:00.829  1982  1999 W ActivityManager: Slow operation: 77ms so far, now at startProcess: done updating battery stats
01-17 15:32:00.829  1982  1999 W ActivityManager: Slow operation: 77ms so far, now at startProcess: building log message
01-17 15:32:00.829  1982  1999 I ActivityManager: Start proc 2641:com.google.android.googlequicksearchbox:search/u0a40 for broadcast com.google.android.googlequicksearchbox/com.google.android.apps.gsa.broadcastreceiver.external.PixelLauncherBroadcastReceiver
01-17 15:32:00.829  1982  1999 W ActivityManager: Slow operation: 77ms so far, now at startProcess: starting to update pids map
01-17 15:32:00.829  1982  1999 W ActivityManager: Slow operation: 77ms so far, now at startProcess: done updating pids map
01-17 15:32:00.829  1982  1999 W ActivityManager: Slow operation: 71ms so far, now at startProcess: asking zygote to start proc
01-17 15:32:00.829  2624  2624 I android.smspus: The ClassLoaderContext is a special shared library.
01-17 15:32:00.838  2641  2641 W earchbox:searc: Unexpected CPU variant for X86 using defaults: x86
01-17 15:32:00.838  2193  2193 D CarrierSvcBindHelper: No carrier app for: 0
01-17 15:32:00.838  2193  2193 D ImsResolver: maybeAddedImsService, packageName: com.google.android.inputmethod.latin
01-17 15:32:00.845  1982  1999 W ActivityManager: Slow operation: 87ms so far, now at startProcess: returned from zygote!
01-17 15:32:00.845  1982  1999 W ActivityManager: Slow operation: 87ms so far, now at startProcess: done updating battery stats
01-17 15:32:00.845  1982  1999 W ActivityManager: Slow operation: 87ms so far, now at startProcess: building log message
01-17 15:32:00.845  1982  1999 I ActivityManager: Start proc 2650:com.google.android.apps.nexuslauncher/u0a24 for service com.google.android.apps.nexuslauncher/com.android.quickstep.TouchInteractionService
01-17 15:32:00.845  1982  1999 W ActivityManager: Slow operation: 87ms so far, now at startProcess: starting to update pids map
01-17 15:32:00.845  1982  1999 W ActivityManager: Slow operation: 87ms so far, now at startProcess: done updating pids map
01-17 15:32:00.845  1982  1999 W ActivityManager: Slow operation: 84ms so far, now at startProcess: asking zygote to start proc
01-17 15:32:00.848  2650  2650 W s.nexuslaunche: Unexpected CPU variant for X86 using defaults: x86
01-17 15:32:00.852  1982  2000 W libprocessgroup: kill(-2122, 9) failed: No such process
01-17 15:32:00.857  1982  1999 W ActivityManager: Slow operation: 96ms so far, now at startProcess: returned from zygote!
01-17 15:32:00.857  1982  1999 W ActivityManager: Slow operation: 96ms so far, now at startProcess: done updating battery stats
01-17 15:32:00.857  1982  1999 W ActivityManager: Slow operation: 96ms so far, now at startProcess: building log message
01-17 15:32:00.857  1982  1999 I ActivityManager: Start proc 2665:com.google.android.apps.restore/u0a9 for service com.google.android.apps.restore/com.google.android.apps.pixelmigrate.component.NotificationConsolidatorService
01-17 15:32:00.857  1982  1999 W ActivityManager: Slow operation: 96ms so far, now at startProcess: starting to update pids map
01-17 15:32:00.857  1982  1999 W ActivityManager: Slow operation: 96ms so far, now at startProcess: done updating pids map
01-17 15:32:00.858  1982  2564 I BackupManagerService: Unlocking system user; mService=com.android.server.backup.BackupManagerService@949851d
01-17 15:32:00.858  1982  2564 I BackupManagerService: Backup enable apparently not migrated
01-17 15:32:00.858  1982  2564 I BackupManagerService: Migrating enable state false
01-17 15:32:00.859  2665  2665 W id.apps.restor: Unexpected CPU variant for X86 using defaults: x86
01-17 15:32:00.859  1982  2564 I BackupManagerService: Backup enabled => false
01-17 15:32:00.870  1982  1982 W Looper  : Slow dispatch took 101ms main h=android.app.ActivityThread$H c=android.app.-$$Lambda$LoadedApk$ReceiverDispatcher$Args$_BumDX2UKsnxLVrE6UJsJZkotuA@83522ea m=0
01-17 15:32:00.878  1982  1982 D WifiService: resetting networks because SIM was loaded
01-17 15:32:00.881  1982  2082 D WifiStateMachine: resetting EAP-SIM/AKA/AKA' networks since SIM was changed
01-17 15:32:00.882  1927  1927 I Zygote  : Process 2122 exited due to signal (9)
01-17 15:32:00.883  2641  2641 I earchbox:searc: The ClassLoaderContext is a special shared library.
01-17 15:32:00.886  2641  2641 I earchbox:searc: The ClassLoaderContext is a special shared library.
01-17 15:32:00.891  1982  2000 W libprocessgroup: kill(-2122, 9) failed: No such process
01-17 15:32:00.891  1982  2000 I libprocessgroup: Successfully killed process cgroup uid 10078 pid 2122 in 81ms
01-17 15:32:00.893  2650  2650 I s.nexuslaunche: The ClassLoaderContext is a special shared library.
01-17 15:32:00.913  2578  2578 I SecureElementService: main onCreate
01-17 15:32:00.915  1574  1574 W hwservicemanager: getTransport: Cannot find entry android.hardware.secure_element@1.0::ISecureElement/eSE1 in either framework or device manifest.
01-17 15:32:00.915  2665  2665 I id.apps.restor: The ClassLoaderContext is a special shared library.
01-17 15:32:00.916  2578  2578 I SecureElementService: No HAL implementation for eSE1
01-17 15:32:00.916  1574  1574 W hwservicemanager: getTransport: Cannot find entry android.hardware.secure_element@1.0::ISecureElement/SIM1 in either framework or device manifest.
01-17 15:32:00.917  2578  2578 I SecureElementService: No HAL implementation for SIM1
01-17 15:32:00.938  2110  2123 W .gms.persisten: Suspending all threads took: 226.395ms
01-17 15:32:00.955  2539  2693 D ExtAssistant: File doesn't exist or isn't readable yet
01-17 15:32:00.958  1982  1992 I system_server: Background concurrent copying GC freed 48034(3MB) AllocSpace objects, 54(1400KB) LOS objects, 41% free, 8MB/14MB, paused 208us total 104.008ms
01-17 15:32:00.967  1639  1639 D gralloc_ranchu: gralloc_alloc: Creating ashmem region of size 16592896
01-17 15:32:00.981  1982  2036 D HostConnection: createUnique: call
01-17 15:32:00.981  1982  2036 D HostConnection: HostConnection::get() New Host Connection established 0xdec37230, tid 2036
01-17 15:32:00.985  1982  2036 D HostConnection: HostComposition ext ANDROID_EMU_CHECKSUM_HELPER_v1 ANDROID_EMU_native_sync_v2 ANDROID_EMU_native_sync_v3 ANDROID_EMU_native_sync_v4 ANDROID_EMU_dma_v1 ANDROID_EMU_YUV420_888_to_NV21 ANDROID_EMU_YUV_Cache ANDROID_EMU_sync_buffer_data GL_OES_EGL_image_external_essl3 GL_OES_vertex_array_object GL_KHR_texture_compression_astc_ldr ANDROID_EMU_host_side_tracing ANDROID_EMU_gles_max_version_3_0 
01-17 15:32:00.990  2696  2696 W e.process.gapp: Unexpected CPU variant for X86 using defaults: x86
01-17 15:32:00.990  1982  1999 I ActivityManager: Start proc 2696:com.google.process.gapps/u0a12 for content provider com.google.android.gsf/.settings.GoogleSettingsProvider
01-17 15:32:01.004  2463  2463 D StrictMode: StrictMode policy violation; ~duration=21 ms: android.os.strictmode.DiskWriteViolation
01-17 15:32:01.004  2463  2463 D StrictMode: 	at android.os.StrictMode$AndroidBlockGuardPolicy.onWriteToDisk(StrictMode.java:1460)
01-17 15:32:01.004  2463  2463 D StrictMode: 	at libcore.io.BlockGuardOs.mkdir(BlockGuardOs.java:196)
01-17 15:32:01.004  2463  2463 D StrictMode: 	at android.system.Os.mkdir(Os.java:323)
01-17 15:32:01.004  2463  2463 D StrictMode: 	at android.app.ContextImpl.ensurePrivateDirExists(ContextImpl.java:608)
01-17 15:32:01.004  2463  2463 D StrictMode: 	at android.app.ContextImpl.ensurePrivateDirExists(ContextImpl.java:596)
01-17 15:32:01.004  2463  2463 D StrictMode: 	at android.app.ContextImpl.getPreferencesDir(ContextImpl.java:552)
01-17 15:32:01.004  2463  2463 D StrictMode: 	at android.app.ContextImpl.getSharedPreferencesPath(ContextImpl.java:747)
01-17 15:32:01.004  2463  2463 D StrictMode: 	at android.app.ContextImpl.getSharedPreferences(ContextImpl.java:400)
01-17 15:32:01.004  2463  2463 D StrictMode: 	at android.preference.PreferenceManager.getDefaultSharedPreferences(PreferenceManager.java:526)
01-17 15:32:01.004  2463  2463 D StrictMode: 	at com.android.providers.contacts.FastScrollingIndexCache.getInstance(FastScrollingIndexCache.java:95)
01-17 15:32:01.004  2463  2463 D StrictMode: 	at com.android.providers.contacts.ContactsProvider2.initialize(ContactsProvider2.java:1588)
01-17 15:32:01.004  2463  2463 D StrictMode: 	at com.android.providers.contacts.ContactsProvider2.onCreate(ContactsProvider2.java:1563)
01-17 15:32:01.004  2463  2463 D StrictMode: 	at android.content.ContentProvider.attachInfo(ContentProvider.java:1919)
01-17 15:32:01.004  2463  2463 D StrictMode: 	at android.content.ContentProvider.attachInfo(ContentProvider.java:1894)
01-17 15:32:01.004  2463  2463 D StrictMode: 	at android.app.ActivityThread.installProvider(ActivityThread.java:6391)
01-17 15:32:01.004  2463  2463 D StrictMode: 	at android.app.ActivityThread.installContentProviders(ActivityThread.java:5938)
01-17 15:32:01.004  2463  2463 D StrictMode: 	at android.app.ActivityThread.handleInstallProvider(ActivityThread.java:3235)
01-17 15:32:01.004  2463  2463 D StrictMode: 	at android.app.ActivityThread$H.handleMessage(ActivityThread.java:1770)
01-17 15:32:01.004  2463  2463 D StrictMode: 	at android.os.Handler.dispatchMessage(Handler.java:106)
01-17 15:32:01.004  2463  2463 D StrictMode: 	at android.os.Looper.loop(Looper.java:193)
01-17 15:32:01.004  2463  2463 D StrictMode: 	at android.app.ActivityThread.main(ActivityThread.java:6669)
01-17 15:32:01.004  2463  2463 D StrictMode: 	at java.lang.reflect.Method.invoke(Native Method)
01-17 15:32:01.004  2463  2463 D StrictMode: 	at com.android.internal.os.RuntimeInit$MethodAndArgsCaller.run(RuntimeInit.java:493)
01-17 15:32:01.004  2463  2463 D StrictMode: 	at com.android.internal.os.ZygoteInit.main(ZygoteInit.java:858)
01-17 15:32:01.004  2463  2463 D StrictMode: StrictMode policy violation; ~duration=21 ms: android.os.strictmode.DiskWriteViolation
01-17 15:32:01.004  2463  2463 D StrictMode: 	at android.os.StrictMode$AndroidBlockGuardPolicy.onWriteToDisk(StrictMode.java:1460)
01-17 15:32:01.004  2463  2463 D StrictMode: 	at libcore.io.BlockGuardOs.chmod(BlockGuardOs.java:72)
01-17 15:32:01.004  2463  2463 D StrictMode: 	at android.system.Os.chmod(Os.java:85)
01-17 15:32:01.004  2463  2463 D StrictMode: 	at android.app.ContextImpl.ensurePrivateDirExists(ContextImpl.java:609)
01-17 15:32:01.004  2463  2463 D StrictMode: 	at android.app.ContextImpl.ensurePrivateDirExists(ContextImpl.java:596)
01-17 15:32:01.004  2463  2463 D StrictMode: 	at android.app.ContextImpl.getPreferencesDir(ContextImpl.java:552)
01-17 15:32:01.004  2463  2463 D StrictMode: 	at android.app.ContextImpl.getSharedPreferencesPath(ContextImpl.java:747)
01-17 15:32:01.004  2463  2463 D StrictMode: 	at android.app.ContextImpl.getSharedPreferences(ContextImpl.java:400)
01-17 15:32:01.004  2463  2463 D StrictMode: 	at android.preference.PreferenceManager.getDefaultSharedPreferences(PreferenceManager.java:526)
01-17 15:32:01.004  2463  2463 D StrictMode: 	at com.android.providers.contacts.FastScrollingIndexCache.getInstance(FastScrollingIndexCache.java:95)
01-17 15:32:01.004  2463  2463 D StrictMode: 	at com.android.providers.contacts.ContactsProvider2.initialize(ContactsProvider2.java:1588)
01-17 15:32:01.004  2463  2463 D StrictMode: 	at com.android.providers.contacts.ContactsProvider2.onCreate(ContactsProvider2.java:1563)
01-17 15:32:01.004  2463  2463 D StrictMode: 	at android.content.ContentProvider.attachInfo(ContentProvider.java:1919)
01-17 15:32:01.004  2463  2463 D StrictMode: 	at android.content.ContentProvider.attachInfo(ContentProvider.java:1894)
01-17 15:32:01.004  2463  2463 D StrictMode: 	at android.app.ActivityThread.installProvider(ActivityThread.java:6391)
01-17 15:32:01.004  2463  2463 D StrictMode: 	at android.app.ActivityThread.installContentProviders(ActivityThread.java:5938)
01-17 15:32:01.004  2463  2463 D StrictMode: 	at android.app.ActivityThread.handleInstallProvider(ActivityThread.java:3235)
01-17 15:32:01.004  2463  2463 D StrictMode: 	at android.app.ActivityThread$H.handleMessage(ActivityThread.java:1770)
01-17 15:32:01.004  2463  2463 D StrictMode: 	at android.os.Handler.dispatchMessage(Handler.java:106)
01-17 15:32:01.004  2463  2463 D StrictMode: 	at android.os.Looper.loop(Looper.java:193)
01-17 15:32:01.004  2463  2463 D StrictMode: 	at android.app.ActivityThread.main(ActivityThread.java:6669)
01-17 15:32:01.004  2463  2463 D StrictMode: 	at java.lang.reflect.Method.invoke(Native Method)
01-17 15:32:01.004  2463  2463 D StrictMode: 	at com.android.internal.os.RuntimeInit$MethodAndArgsCaller.run(RuntimeInit.java:493)
01-17 15:32:01.004  2463  2463 D StrictMode: 	at com.android.internal.os.ZygoteInit.main(ZygoteInit.java:858)
01-17 15:32:01.006  2463  2463 I ContactsPerf: VoicemailContentProvider.onCreate start
01-17 15:32:01.011  1982  2036 E eglCodecCommon: GoldfishAddressSpaceHostMemoryAllocator: ioctl_ping failed for device_type=5, ret=-1
01-17 15:32:01.017  2696  2696 I e.process.gapp: The ClassLoaderContext is a special shared library.
01-17 15:32:01.039  1982  1982 W Looper  : Slow delivery took 224ms main h=android.app.ActivityThread$H c=android.app.-$$Lambda$LoadedApk$ReceiverDispatcher$Args$_BumDX2UKsnxLVrE6UJsJZkotuA@44f3a9f m=0
01-17 15:32:01.022  2696  2696 I e.process.gapp: The ClassLoaderContext is a special shared library.
01-17 15:32:01.041  1982  2565 E system_server: No package ID 7f found for ID 0x7f02014c.
01-17 15:32:01.042  1982  2565 E system_server: No package ID 7f found for ID 0x7f110426.
01-17 15:32:01.042  1982  2565 E system_server: No package ID 7f found for ID 0x7f110427.
01-17 15:32:01.043  1982  2565 E system_server: No package ID 7f found for ID 0x7f02014d.
01-17 15:32:01.043  1982  2565 E system_server: No package ID 7f found for ID 0x7f110428.
01-17 15:32:01.047  1982  2565 E system_server: No package ID 7f found for ID 0x7f110429.
01-17 15:32:01.065  2463  2463 I ContactsPerf: VoicemailContentProvider.onCreate finish
01-17 15:32:01.077  1982  1999 I ActivityManager: Start proc 2715:com.android.printspooler/u0a54 for service com.android.printspooler/.model.PrintSpoolerService
01-17 15:32:01.080  2715  2715 W id.printspoole: Unexpected CPU variant for X86 using defaults: x86
01-17 15:32:01.115  2715  2715 I id.printspoole: The ClassLoaderContext is a special shared library.
01-17 15:32:01.132  1982  2003 W AppWidgetServiceImpl: Failed to read state: java.io.FileNotFoundException: /data/system/users/0/appwidgets.xml (No such file or directory)
01-17 15:32:01.133  1982  2003 I AppWidgetServiceImpl: Async processing of onUserUnlocked u0 took 458 ms
01-17 15:32:01.133  1982  2003 W Looper  : Slow dispatch took 458ms android.fg h=android.os.Handler c=com.android.server.appwidget.-$$Lambda$AppWidgetService$HIwvoPMyKqEhLVIiysgUKH8QJg8@81816dd m=0
01-17 15:32:01.133  1982  2003 I ActivityManager: Loading recents for user 0 into memory.
01-17 15:32:01.133  1982  2003 W Looper  : Slow delivery took 450ms android.fg h=android.os.Handler c=com.android.server.am.-$$Lambda$UserController$Eh5Od1-6teHInq04bnfmHhMt3-E@5274252 m=0
01-17 15:32:01.134  1982  2003 W Looper  : Drained
01-17 15:32:01.136  1982  2565 E system_server: No package ID 7f found for ID 0x7f0200f2.
01-17 15:32:01.136  1982  2565 E system_server: No package ID 7f found for ID 0x7f120325.
01-17 15:32:01.136  1982  2565 E system_server: No package ID 7f found for ID 0x7f120322.
01-17 15:32:01.136  1982  2565 E system_server: No package ID 7f found for ID 0x7f0200f4.
01-17 15:32:01.136  1982  2565 E system_server: No package ID 7f found for ID 0x7f120326.
01-17 15:32:01.136  1982  2565 E system_server: No package ID 7f found for ID 0x7f120323.
01-17 15:32:01.137  1982  2565 E system_server: No package ID 7f found for ID 0x7f0200f6.
01-17 15:32:01.137  1982  2565 E system_server: No package ID 7f found for ID 0x7f120327.
01-17 15:32:01.137  1982  2565 E system_server: No package ID 7f found for ID 0x7f120324.
01-17 15:32:01.139  1982  2565 E system_server: No package ID 7f found for ID 0x7f080295.
01-17 15:32:01.139  1982  2565 E system_server: No package ID 7f found for ID 0x7f120387.
01-17 15:32:01.140  1982  2565 E system_server: No package ID 7f found for ID 0x7f080294.
01-17 15:32:01.140  1982  2565 E system_server: No package ID 7f found for ID 0x7f1200ec.
01-17 15:32:01.140  1982  2565 E system_server: No package ID 7f found for ID 0x7f120386.
01-17 15:32:01.140  1982  2565 E system_server: No package ID 7f found for ID 0x7f120266.
01-17 15:32:01.140  1982  2565 E ShortcutService: Ignoring excessive intent tag.
01-17 15:32:01.143  1982  1982 I Telecom : DefaultDialerCache: Refreshing default dialer for user 0: now com.google.android.dialer: DDC.oR@AD0
01-17 15:32:01.153  1982  1982 W InputMethodManagerService: Session failed to close due to remote exception
01-17 15:32:01.153  1982  1982 W InputMethodManagerService: android.os.DeadObjectException
01-17 15:32:01.153  1982  1982 W InputMethodManagerService: 	at android.os.BinderProxy.transactNative(Native Method)
01-17 15:32:01.153  1982  1982 W InputMethodManagerService: 	at android.os.BinderProxy.transact(Binder.java:1127)
01-17 15:32:01.153  1982  1982 W InputMethodManagerService: 	at com.android.internal.view.IInputMethodSession$Stub$Proxy.finishSession(IInputMethodSession.java:309)
01-17 15:32:01.153  1982  1982 W InputMethodManagerService: 	at com.android.server.InputMethodManagerService.finishSessionLocked(InputMethodManagerService.java:2130)
01-17 15:32:01.153  1982  1982 W InputMethodManagerService: 	at com.android.server.InputMethodManagerService.clearClientSessionLocked(InputMethodManagerService.java:2121)
01-17 15:32:01.153  1982  1982 W InputMethodManagerService: 	at com.android.server.InputMethodManagerService.clearCurMethodLocked(InputMethodManagerService.java:2147)
01-17 15:32:01.153  1982  1982 W InputMethodManagerService: 	at com.android.server.InputMethodManagerService.onServiceDisconnected(InputMethodManagerService.java:2174)
01-17 15:32:01.153  1982  1982 W InputMethodManagerService: 	at android.app.LoadedApk$ServiceDispatcher.doDeath(LoadedApk.java:1749)
01-17 15:32:01.153  1982  1982 W InputMethodManagerService: 	at android.app.LoadedApk$ServiceDispatcher$RunConnection.run(LoadedApk.java:1764)
01-17 15:32:01.153  1982  1982 W InputMethodManagerService: 	at android.os.Handler.handleCallback(Handler.java:873)
01-17 15:32:01.153  1982  1982 W InputMethodManagerService: 	at android.os.Handler.dispatchMessage(Handler.java:99)
01-17 15:32:01.153  1982  1982 W InputMethodManagerService: 	at android.os.Looper.loop(Looper.java:193)
01-17 15:32:01.153  1982  1982 W InputMethodManagerService: 	at com.android.server.SystemServer.run(SystemServer.java:454)
01-17 15:32:01.153  1982  1982 W InputMethodManagerService: 	at com.android.server.SystemServer.main(SystemServer.java:294)
01-17 15:32:01.153  1982  1982 W InputMethodManagerService: 	at java.lang.reflect.Method.invoke(Native Method)
01-17 15:32:01.153  1982  1982 W InputMethodManagerService: 	at com.android.internal.os.RuntimeInit$MethodAndArgsCaller.run(RuntimeInit.java:493)
01-17 15:32:01.153  1982  1982 W InputMethodManagerService: 	at com.android.internal.os.ZygoteInit.main(ZygoteInit.java:838)
01-17 15:32:01.167  1982  1982 I DefaultPermGrantPolicy: Granting permissions to default sms app for user:0
01-17 15:32:01.168  1982  1982 W DevicePolicyManager: Trying to set ro.device_owner, but it has already been set?
01-17 15:32:01.169  1982  1982 W Looper  : Drained
01-17 15:32:01.190  2570  2570 I InteractorInitializer: Initialized process com.google.android.googlequicksearchbox:interactor
01-17 15:32:01.207  2463  2611 I ContactsProviderV1: Bootstrapping database legacy support
01-17 15:32:01.223  2463  2611 D ContactsDatabaseHelper: WAL enabled for contacts2.db: true
01-17 15:32:01.245  2463  2710 I CallLogDatabaseHelper: Migrating from old tables...
01-17 15:32:01.245  2463  2710 I CallLogDatabaseHelper: Source tables don't exist.
01-17 15:32:01.266  2463  2710 I CallLogDatabaseHelper: Migrating from old tables...
01-17 15:32:01.266  2463  2710 I CallLogDatabaseHelper: Source tables don't exist.
01-17 15:32:01.342  2570  2570 W AppFlowTracker: Dropping AppFlow event "93" logged from process "com.google.android.googlequicksearchbox:interactor"
01-17 15:32:01.343  2570  2570 W AppFlowTracker: Dropping AppFlow event "24" logged from process "com.google.android.googlequicksearchbox:interactor"
01-17 15:32:01.351  2570  2570 I GsaVoiceInteractionSrv: Registering passthrough
01-17 15:32:01.351  1982  2565 E system_server: No package ID 7f found for ID 0x7f0203d8.
01-17 15:32:01.351  1982  2565 E system_server: No package ID 7f found for ID 0x7f170002.
01-17 15:32:01.351  1982  2565 E system_server: No package ID 7f found for ID 0x7f020483.
01-17 15:32:01.352  1982  2565 E system_server: No package ID 7f found for ID 0x7f170009.
01-17 15:32:01.380  1926  1932 W SurfaceFlinger: Attempting to set client state on removed layer: Surface(name=AppWindowToken{4c13b5a token=Token{e39af05 ActivityRecord{d804a7c u0 com.android.settings/.FallbackHome t3}}})/@0x3cfee69 - animation-leash#0
01-17 15:32:01.381  1926  1932 W SurfaceFlinger: Attempting to set client state on removed layer: Surface(name=AppWindowToken{6c594a5 token=Token{91bc29c ActivityRecord{acca20f u0 com.google.android.sdksetup/.DefaultActivity t4}}})/@0x44cedfa - animation-leash#0
01-17 15:32:01.381  1926  1932 W SurfaceFlinger: Attempting to destroy on removed layer: Surface(name=AppWindowToken{4c13b5a token=Token{e39af05 ActivityRecord{d804a7c u0 com.android.settings/.FallbackHome t3}}})/@0x3cfee69 - animation-leash#0
01-17 15:32:01.381  1926  1932 W SurfaceFlinger: Attempting to destroy on removed layer: Surface(name=AppWindowToken{6c594a5 token=Token{91bc29c ActivityRecord{acca20f u0 com.google.android.sdksetup/.DefaultActivity t4}}})/@0x44cedfa - animation-leash#0
01-17 15:32:01.389  2641  2738 I SharedPreferencesProto: load shared preferences: file not found
01-17 15:32:01.397  2354  2390 D EGL_emulation: eglMakeCurrent: 0xdec05120: ver 3 0 (tinfo 0xdec035d0)
01-17 15:32:01.411  2641  2739 I SharedPreferencesProto: load shared preferences: file not found
01-17 15:32:01.412  2641  2682 E ActivityThread: Failed to find provider info for com.google.android.voicesearch
01-17 15:32:01.422  2740  2740 W ocess.gservice: Unexpected CPU variant for X86 using defaults: x86
01-17 15:32:01.426  1982  1999 I ActivityManager: Start proc 2740:com.google.process.gservices/u0a12 for content provider com.google.android.gsf/.gservices.GservicesProvider
01-17 15:32:01.443  2740  2740 I ocess.gservice: The ClassLoaderContext is a special shared library.
01-17 15:32:01.444  2740  2740 I ocess.gservice: The ClassLoaderContext is a special shared library.
01-17 15:32:01.468  2145  2145 I vol.Events: writeEvent dismiss_dialog timeout
01-17 15:32:01.499  1982  2565 E system_server: No package ID 7f found for ID 0x7f02019b.
01-17 15:32:01.499  1982  2565 E system_server: No package ID 7f found for ID 0x7f1303bf.
01-17 15:32:01.499  1982  2565 E system_server: No package ID 7f found for ID 0x7f1303bf.
01-17 15:32:01.499  1982  2565 E system_server: No package ID 7f found for ID 0x7f020197.
01-17 15:32:01.499  1982  2565 E system_server: No package ID 7f found for ID 0x7f1303bd.
01-17 15:32:01.499  1982  2565 E system_server: No package ID 7f found for ID 0x7f1303bd.
01-17 15:32:01.499  1982  2565 E system_server: No package ID 7f found for ID 0x7f020199.
01-17 15:32:01.499  1982  2565 E system_server: No package ID 7f found for ID 0x7f1303be.
01-17 15:32:01.499  1982  2565 E system_server: No package ID 7f found for ID 0x7f1303be.
01-17 15:32:01.514  2245  2245 I SetupWizard: [PreDeferredLifecycleScheduler] Starting predeferred lifecycle
01-17 15:32:01.515  2245  2245 I SetupWizard: [ComponentLifecycleCallback] Enabling all components
01-17 15:32:01.516  1982  2436 D PackageManager: Instant App installer not found with android.intent.action.INSTALL_INSTANT_APP_PACKAGE
01-17 15:32:01.516  1982  2436 D PackageManager: Clear ephemeral installer activity
01-17 15:32:01.516  1982  2436 D PackageManager: Instant App installer not found with android.intent.action.INSTALL_INSTANT_APP_PACKAGE
01-17 15:32:01.516  1982  2436 D PackageManager: Clear ephemeral installer activity
01-17 15:32:01.517  1982  2436 D PackageManager: Instant App installer not found with android.intent.action.INSTALL_INSTANT_APP_PACKAGE
01-17 15:32:01.517  1982  2436 D PackageManager: Clear ephemeral installer activity
01-17 15:32:01.517  1982  2436 D PackageManager: Instant App installer not found with android.intent.action.INSTALL_INSTANT_APP_PACKAGE
01-17 15:32:01.517  1982  2436 D PackageManager: Clear ephemeral installer activity
01-17 15:32:01.518  1982  2436 D PackageManager: Instant App installer not found with android.intent.action.INSTALL_INSTANT_APP_PACKAGE
01-17 15:32:01.518  1982  2436 D PackageManager: Clear ephemeral installer activity
01-17 15:32:01.518  1982  2436 D PackageManager: Instant App installer not found with android.intent.action.INSTALL_INSTANT_APP_PACKAGE
01-17 15:32:01.518  1982  2436 D PackageManager: Clear ephemeral installer activity
01-17 15:32:01.518  1982  2436 D PackageManager: Instant App installer not found with android.intent.action.INSTALL_INSTANT_APP_PACKAGE
01-17 15:32:01.518  1982  2436 D PackageManager: Clear ephemeral installer activity
01-17 15:32:01.519  1982  2436 D PackageManager: Instant App installer not found with android.intent.action.INSTALL_INSTANT_APP_PACKAGE
01-17 15:32:01.519  1982  2436 D PackageManager: Clear ephemeral installer activity
01-17 15:32:01.519  1982  2436 D PackageManager: Instant App installer not found with android.intent.action.INSTALL_INSTANT_APP_PACKAGE
01-17 15:32:01.519  1982  2436 D PackageManager: Clear ephemeral installer activity
01-17 15:32:01.519  1982  2436 D PackageManager: Instant App installer not found with android.intent.action.INSTALL_INSTANT_APP_PACKAGE
01-17 15:32:01.520  1982  2436 D PackageManager: Clear ephemeral installer activity
01-17 15:32:01.520  1982  2436 D PackageManager: Instant App installer not found with android.intent.action.INSTALL_INSTANT_APP_PACKAGE
01-17 15:32:01.520  1982  2436 D PackageManager: Clear ephemeral installer activity
01-17 15:32:01.520  1982  2436 D PackageManager: Instant App installer not found with android.intent.action.INSTALL_INSTANT_APP_PACKAGE
01-17 15:32:01.520  1982  2436 D PackageManager: Clear ephemeral installer activity
01-17 15:32:01.521  1982  2436 D PackageManager: Instant App installer not found with android.intent.action.INSTALL_INSTANT_APP_PACKAGE
01-17 15:32:01.521  1982  2436 D PackageManager: Clear ephemeral installer activity
01-17 15:32:01.521  2110  2110 I ModuleSetMgr: Pending container module APKs: []
01-17 15:32:01.521  2110  2110 I ModuleSetMgr: Pending non-container module APKs: []
01-17 15:32:01.521  1982  2436 D PackageManager: Instant App installer not found with android.intent.action.INSTALL_INSTANT_APP_PACKAGE
01-17 15:32:01.521  1982  2436 D PackageManager: Clear ephemeral installer activity
01-17 15:32:01.522  1982  2436 D PackageManager: Instant App installer not found with android.intent.action.INSTALL_INSTANT_APP_PACKAGE
01-17 15:32:01.522  1982  2436 D PackageManager: Clear ephemeral installer activity
01-17 15:32:01.522  1982  2436 D PackageManager: Instant App installer not found with android.intent.action.INSTALL_INSTANT_APP_PACKAGE
01-17 15:32:01.522  1982  2436 D PackageManager: Clear ephemeral installer activity
01-17 15:32:01.522  1982  2436 D PackageManager: Instant App installer not found with android.intent.action.INSTALL_INSTANT_APP_PACKAGE
01-17 15:32:01.522  1982  2436 D PackageManager: Clear ephemeral installer activity
01-17 15:32:01.522  1982  2436 D PackageManager: Instant App installer not found with android.intent.action.INSTALL_INSTANT_APP_PACKAGE
01-17 15:32:01.522  1982  2436 D PackageManager: Clear ephemeral installer activity
01-17 15:32:01.523  1982  2436 D PackageManager: Instant App installer not found with android.intent.action.INSTALL_INSTANT_APP_PACKAGE
01-17 15:32:01.523  1982  2436 D PackageManager: Clear ephemeral installer activity
01-17 15:32:01.523  1982  2436 D PackageManager: Instant App installer not found with android.intent.action.INSTALL_INSTANT_APP_PACKAGE
01-17 15:32:01.523  1982  2436 D PackageManager: Clear ephemeral installer activity
01-17 15:32:01.524  1982  2436 D PackageManager: Instant App installer not found with android.intent.action.INSTALL_INSTANT_APP_PACKAGE
01-17 15:32:01.524  1982  2436 D PackageManager: Clear ephemeral installer activity
01-17 15:32:01.524  1982  2436 D PackageManager: Instant App installer not found with android.intent.action.INSTALL_INSTANT_APP_PACKAGE
01-17 15:32:01.524  1982  2436 D PackageManager: Clear ephemeral installer activity
01-17 15:32:01.524  1982  2436 D PackageManager: Instant App installer not found with android.intent.action.INSTALL_INSTANT_APP_PACKAGE
01-17 15:32:01.524  1982  2436 D PackageManager: Clear ephemeral installer activity
01-17 15:32:01.525  1982  2436 D PackageManager: Instant App installer not found with android.intent.action.INSTALL_INSTANT_APP_PACKAGE
01-17 15:32:01.525  1982  2436 D PackageManager: Clear ephemeral installer activity
01-17 15:32:01.525  1982  2436 D PackageManager: Instant App installer not found with android.intent.action.INSTALL_INSTANT_APP_PACKAGE
01-17 15:32:01.525  1982  2436 D PackageManager: Clear ephemeral installer activity
01-17 15:32:01.526  1982  2436 D PackageManager: Instant App installer not found with android.intent.action.INSTALL_INSTANT_APP_PACKAGE
01-17 15:32:01.526  1982  2436 D PackageManager: Clear ephemeral installer activity
01-17 15:32:01.527  1982  2436 D PackageManager: Instant App installer not found with android.intent.action.INSTALL_INSTANT_APP_PACKAGE
01-17 15:32:01.527  1982  2436 D PackageManager: Clear ephemeral installer activity
01-17 15:32:01.527  1982  2436 D PackageManager: Instant App installer not found with android.intent.action.INSTALL_INSTANT_APP_PACKAGE
01-17 15:32:01.527  1982  2436 D PackageManager: Clear ephemeral installer activity
01-17 15:32:01.528  1982  2436 D PackageManager: Instant App installer not found with android.intent.action.INSTALL_INSTANT_APP_PACKAGE
01-17 15:32:01.528  1982  2436 D PackageManager: Clear ephemeral installer activity
01-17 15:32:01.528  1982  2436 D PackageManager: Instant App installer not found with android.intent.action.INSTALL_INSTANT_APP_PACKAGE
01-17 15:32:01.528  1982  2436 D PackageManager: Clear ephemeral installer activity
01-17 15:32:01.528  1982  2436 D PackageManager: Instant App installer not found with android.intent.action.INSTALL_INSTANT_APP_PACKAGE
01-17 15:32:01.528  1982  2436 D PackageManager: Clear ephemeral installer activity
01-17 15:32:01.529  1982  2436 D PackageManager: Instant App installer not found with android.intent.action.INSTALL_INSTANT_APP_PACKAGE
01-17 15:32:01.529  1982  2436 D PackageManager: Clear ephemeral installer activity
01-17 15:32:01.529  1982  2436 D PackageManager: Instant App installer not found with android.intent.action.INSTALL_INSTANT_APP_PACKAGE
01-17 15:32:01.529  1982  2436 D PackageManager: Clear ephemeral installer activity
01-17 15:32:01.529  1982  2436 D PackageManager: Instant App installer not found with android.intent.action.INSTALL_INSTANT_APP_PACKAGE
01-17 15:32:01.529  1982  2436 D PackageManager: Clear ephemeral installer activity
01-17 15:32:01.530  1982  2436 D PackageManager: Instant App installer not found with android.intent.action.INSTALL_INSTANT_APP_PACKAGE
01-17 15:32:01.530  1982  2436 D PackageManager: Clear ephemeral installer activity
01-17 15:32:01.530  1982  2436 D PackageManager: Instant App installer not found with android.intent.action.INSTALL_INSTANT_APP_PACKAGE
01-17 15:32:01.530  1982  2436 D PackageManager: Clear ephemeral installer activity
01-17 15:32:01.530  1982  2436 D PackageManager: Instant App installer not found with android.intent.action.INSTALL_INSTANT_APP_PACKAGE
01-17 15:32:01.530  1982  2436 D PackageManager: Clear ephemeral installer activity
01-17 15:32:01.531  1982  2436 D PackageManager: Instant App installer not found with android.intent.action.INSTALL_INSTANT_APP_PACKAGE
01-17 15:32:01.531  1982  2436 D PackageManager: Clear ephemeral installer activity
01-17 15:32:01.531  1982  2436 D PackageManager: Instant App installer not found with android.intent.action.INSTALL_INSTANT_APP_PACKAGE
01-17 15:32:01.531  1982  2436 D PackageManager: Clear ephemeral installer activity
01-17 15:32:01.532  1982  2436 D PackageManager: Instant App installer not found with android.intent.action.INSTALL_INSTANT_APP_PACKAGE
01-17 15:32:01.532  1982  2436 D PackageManager: Clear ephemeral installer activity
01-17 15:32:01.532  1982  2436 D PackageManager: Instant App installer not found with android.intent.action.INSTALL_INSTANT_APP_PACKAGE
01-17 15:32:01.532  1982  2436 D PackageManager: Clear ephemeral installer activity
01-17 15:32:01.532  1982  2436 D PackageManager: Instant App installer not found with android.intent.action.INSTALL_INSTANT_APP_PACKAGE
01-17 15:32:01.532  1982  2436 D PackageManager: Clear ephemeral installer activity
01-17 15:32:01.533  1982  2436 D PackageManager: Instant App installer not found with android.intent.action.INSTALL_INSTANT_APP_PACKAGE
01-17 15:32:01.533  1982  2436 D PackageManager: Clear ephemeral installer activity
01-17 15:32:01.533  1982  2436 D PackageManager: Instant App installer not found with android.intent.action.INSTALL_INSTANT_APP_PACKAGE
01-17 15:32:01.533  1982  2436 D PackageManager: Clear ephemeral installer activity
01-17 15:32:01.533  1982  2436 D PackageManager: Instant App installer not found with android.intent.action.INSTALL_INSTANT_APP_PACKAGE
01-17 15:32:01.533  1982  2436 D PackageManager: Clear ephemeral installer activity
01-17 15:32:01.534  1982  2436 D PackageManager: Instant App installer not found with android.intent.action.INSTALL_INSTANT_APP_PACKAGE
01-17 15:32:01.534  1982  2436 D PackageManager: Clear ephemeral installer activity
01-17 15:32:01.534  2740  2740 I GservicesProvider: Gservices pushing to system: true; secure/global: true
01-17 15:32:01.534  1982  2502 D PackageManager: Instant App installer not found with android.intent.action.INSTALL_INSTANT_APP_PACKAGE
01-17 15:32:01.534  1982  2502 D PackageManager: Clear ephemeral installer activity
01-17 15:32:01.535  1982  2502 D PackageManager: Instant App installer not found with android.intent.action.INSTALL_INSTANT_APP_PACKAGE
01-17 15:32:01.535  1982  2502 D PackageManager: Clear ephemeral installer activity
01-17 15:32:01.535  1982  2502 D PackageManager: Instant App installer not found with android.intent.action.INSTALL_INSTANT_APP_PACKAGE
01-17 15:32:01.535  1982  2502 D PackageManager: Clear ephemeral installer activity
01-17 15:32:01.535  1982  2502 D PackageManager: Instant App installer not found with android.intent.action.INSTALL_INSTANT_APP_PACKAGE
01-17 15:32:01.535  1982  2502 D PackageManager: Clear ephemeral installer activity
01-17 15:32:01.536  1982  2502 D PackageManager: Instant App installer not found with android.intent.action.INSTALL_INSTANT_APP_PACKAGE
01-17 15:32:01.536  1982  2502 D PackageManager: Clear ephemeral installer activity
01-17 15:32:01.536  1982  2502 D PackageManager: Instant App installer not found with android.intent.action.INSTALL_INSTANT_APP_PACKAGE
01-17 15:32:01.536  1982  2502 D PackageManager: Clear ephemeral installer activity
01-17 15:32:01.536  1982  2502 D PackageManager: Instant App installer not found with android.intent.action.INSTALL_INSTANT_APP_PACKAGE
01-17 15:32:01.536  1982  2502 D PackageManager: Clear ephemeral installer activity
01-17 15:32:01.537  1982  2502 D PackageManager: Instant App installer not found with android.intent.action.INSTALL_INSTANT_APP_PACKAGE
01-17 15:32:01.537  1982  2502 D PackageManager: Clear ephemeral installer activity
01-17 15:32:01.537  1982  2502 D PackageManager: Instant App installer not found with android.intent.action.INSTALL_INSTANT_APP_PACKAGE
01-17 15:32:01.537  1982  2502 D PackageManager: Clear ephemeral installer activity
01-17 15:32:01.538  1982  2502 D PackageManager: Instant App installer not found with android.intent.action.INSTALL_INSTANT_APP_PACKAGE
01-17 15:32:01.538  1982  2502 D PackageManager: Clear ephemeral installer activity
01-17 15:32:01.539  1982  2502 D PackageManager: Instant App installer not found with android.intent.action.INSTALL_INSTANT_APP_PACKAGE
01-17 15:32:01.539  1982  2502 D PackageManager: Clear ephemeral installer activity
01-17 15:32:01.539  1982  2502 D PackageManager: Instant App installer not found with android.intent.action.INSTALL_INSTANT_APP_PACKAGE
01-17 15:32:01.541  1982  2502 D PackageManager: Clear ephemeral installer activity
01-17 15:32:01.541  1982  2502 D PackageManager: Instant App installer not found with android.intent.action.INSTALL_INSTANT_APP_PACKAGE
01-17 15:32:01.542  1982  2502 D PackageManager: Clear ephemeral installer activity
01-17 15:32:01.542  1982  2502 D PackageManager: Instant App installer not found with android.intent.action.INSTALL_INSTANT_APP_PACKAGE
01-17 15:32:01.542  1982  2502 D PackageManager: Clear ephemeral installer activity
01-17 15:32:01.542  1982  2502 D PackageManager: Instant App installer not found with android.intent.action.INSTALL_INSTANT_APP_PACKAGE
01-17 15:32:01.542  1982  2502 D PackageManager: Clear ephemeral installer activity
01-17 15:32:01.543  1982  2502 D PackageManager: Instant App installer not found with android.intent.action.INSTALL_INSTANT_APP_PACKAGE
01-17 15:32:01.543  1982  2502 D PackageManager: Clear ephemeral installer activity
01-17 15:32:01.543  1982  2502 D PackageManager: Instant App installer not found with android.intent.action.INSTALL_INSTANT_APP_PACKAGE
01-17 15:32:01.543  1982  2502 D PackageManager: Clear ephemeral installer activity
01-17 15:32:01.543  1982  2502 D PackageManager: Instant App installer not found with android.intent.action.INSTALL_INSTANT_APP_PACKAGE
01-17 15:32:01.543  1982  2502 D PackageManager: Clear ephemeral installer activity
01-17 15:32:01.544  1982  2502 D PackageManager: Instant App installer not found with android.intent.action.INSTALL_INSTANT_APP_PACKAGE
01-17 15:32:01.544  1982  2502 D PackageManager: Clear ephemeral installer activity
01-17 15:32:01.544  1982  2502 D PackageManager: Instant App installer not found with android.intent.action.INSTALL_INSTANT_APP_PACKAGE
01-17 15:32:01.544  1982  2502 D PackageManager: Clear ephemeral installer activity
01-17 15:32:01.545  1982  2502 D PackageManager: Instant App installer not found with android.intent.action.INSTALL_INSTANT_APP_PACKAGE
01-17 15:32:01.545  1982  2502 D PackageManager: Clear ephemeral installer activity
01-17 15:32:01.546  1982  2502 D PackageManager: Instant App installer not found with android.intent.action.INSTALL_INSTANT_APP_PACKAGE
01-17 15:32:01.546  1982  2502 D PackageManager: Clear ephemeral installer activity
01-17 15:32:01.547  1982  2502 D PackageManager: Instant App installer not found with android.intent.action.INSTALL_INSTANT_APP_PACKAGE
01-17 15:32:01.547  1982  2502 D PackageManager: Clear ephemeral installer activity
01-17 15:32:01.547  1982  2502 D PackageManager: Instant App installer not found with android.intent.action.INSTALL_INSTANT_APP_PACKAGE
01-17 15:32:01.548  1982  2502 D PackageManager: Clear ephemeral installer activity
01-17 15:32:01.548  1982  2502 D PackageManager: Instant App installer not found with android.intent.action.INSTALL_INSTANT_APP_PACKAGE
01-17 15:32:01.548  1982  2502 D PackageManager: Clear ephemeral installer activity
01-17 15:32:01.548  1982  2502 D PackageManager: Instant App installer not found with android.intent.action.INSTALL_INSTANT_APP_PACKAGE
01-17 15:32:01.549  1982  2502 D PackageManager: Clear ephemeral installer activity
01-17 15:32:01.549  1982  2502 D PackageManager: Instant App installer not found with android.intent.action.INSTALL_INSTANT_APP_PACKAGE
01-17 15:32:01.549  1982  2502 D PackageManager: Clear ephemeral installer activity
01-17 15:32:01.549  1982  2502 D PackageManager: Instant App installer not found with android.intent.action.INSTALL_INSTANT_APP_PACKAGE
01-17 15:32:01.549  1982  2502 D PackageManager: Clear ephemeral installer activity
01-17 15:32:01.549  1982  2502 D PackageManager: Instant App installer not found with android.intent.action.INSTALL_INSTANT_APP_PACKAGE
01-17 15:32:01.549  1982  2502 D PackageManager: Clear ephemeral installer activity
01-17 15:32:01.550  1982  2502 D PackageManager: Instant App installer not found with android.intent.action.INSTALL_INSTANT_APP_PACKAGE
01-17 15:32:01.550  1982  2502 D PackageManager: Clear ephemeral installer activity
01-17 15:32:01.550  1982  2502 D PackageManager: Instant App installer not found with android.intent.action.INSTALL_INSTANT_APP_PACKAGE
01-17 15:32:01.550  1982  2502 D PackageManager: Clear ephemeral installer activity
01-17 15:32:01.550  1982  2502 D PackageManager: Instant App installer not found with android.intent.action.INSTALL_INSTANT_APP_PACKAGE
01-17 15:32:01.550  1982  2502 D PackageManager: Clear ephemeral installer activity
01-17 15:32:01.550  1982  2436 D PackageManager: Instant App installer not found with android.intent.action.INSTALL_INSTANT_APP_PACKAGE
01-17 15:32:01.550  1982  2436 D PackageManager: Clear ephemeral installer activity
01-17 15:32:01.551  1982  2436 D PackageManager: Instant App installer not found with android.intent.action.INSTALL_INSTANT_APP_PACKAGE
01-17 15:32:01.551  1982  2436 D PackageManager: Clear ephemeral installer activity
01-17 15:32:01.551  1982  2295 D PackageManager: Instant App installer not found with android.intent.action.INSTALL_INSTANT_APP_PACKAGE
01-17 15:32:01.552  1982  2295 D PackageManager: Clear ephemeral installer activity
01-17 15:32:01.552  1982  2295 D PackageManager: Instant App installer not found with android.intent.action.INSTALL_INSTANT_APP_PACKAGE
01-17 15:32:01.552  1982  2295 D PackageManager: Clear ephemeral installer activity
01-17 15:32:01.552  1982  2032 D PackageManager: Instant App installer not found with android.intent.action.INSTALL_INSTANT_APP_PACKAGE
01-17 15:32:01.552  1982  2032 D PackageManager: Clear ephemeral installer activity
01-17 15:32:01.552  1982  2032 D PackageManager: Instant App installer not found with android.intent.action.INSTALL_INSTANT_APP_PACKAGE
01-17 15:32:01.552  1982  2032 D PackageManager: Clear ephemeral installer activity
01-17 15:32:01.553  1982  2032 D PackageManager: Instant App installer not found with android.intent.action.INSTALL_INSTANT_APP_PACKAGE
01-17 15:32:01.553  1982  2032 D PackageManager: Clear ephemeral installer activity
01-17 15:32:01.553  1982  1994 D PackageManager: Instant App installer not found with android.intent.action.INSTALL_INSTANT_APP_PACKAGE
01-17 15:32:01.553  1982  1994 D PackageManager: Clear ephemeral installer activity
01-17 15:32:01.559  2110  2110 E ChimeraCfgMgr: Failed to read module config: java.io.FileNotFoundException: /data/user_de/0/com.google.android.gms/app_chimera/current_config.fb (No such file or directory)
01-17 15:32:01.559  2110  2110 W IntentOperation: Failed to get Chimera config:com.google.android.chimera.config.InvalidConfigException: java.io.FileNotFoundException: /data/user_de/0/com.google.android.gms/app_chimera/current_config.fb (No such file or directory)
01-17 15:32:01.559  1982  1994 D PackageManager: Instant App installer not found with android.intent.action.INSTALL_INSTANT_APP_PACKAGE
01-17 15:32:01.559  1982  1994 D PackageManager: Clear ephemeral installer activity
01-17 15:32:01.562  2641  2738 E earchbox:searc: The String#value field is not present on Android versions >= 6.0
01-17 15:32:01.568  2245  2245 I SetupWizard: [PreDeferredServiceScheduler] Scheduled job#2651 to run
01-17 15:32:01.580  1982  2565 E system_server: No package ID 7f found for ID 0x7f0200c8.
01-17 15:32:01.580  1982  2565 E system_server: No package ID 7f found for ID 0x7f110160.
01-17 15:32:01.580  1982  2565 E system_server: No package ID 7f found for ID 0x7f11015f.
01-17 15:32:01.588  2641  2757 I OpaEligibilityChecker: send OpaEligibilityChange broadcast to CommonBroadcastReceiver
01-17 15:32:01.589  1982  1994 D PackageManager: Instant App installer not found with android.intent.action.INSTALL_INSTANT_APP_PACKAGE
01-17 15:32:01.589  1982  1994 D PackageManager: Clear ephemeral installer activity
01-17 15:32:01.590  1982  1994 D PackageManager: Instant App installer not found with android.intent.action.INSTALL_INSTANT_APP_PACKAGE
01-17 15:32:01.590  1982  1994 D PackageManager: Clear ephemeral installer activity
01-17 15:32:01.590  1982  1994 D PackageManager: Instant App installer not found with android.intent.action.INSTALL_INSTANT_APP_PACKAGE
01-17 15:32:01.590  1982  1994 D PackageManager: Clear ephemeral installer activity
01-17 15:32:01.609  2641  2682 I HotwordHelper: hasHotwordEverywhere-false
01-17 15:32:01.614  2570  2570 W KeyphraseEnrollmentInfo: No enrollment application supports the given keyphrase/locale: 'Ok Google'/en_US
01-17 15:32:01.614  2570  2570 I GsaVoiceInteractionSrv: Creating AOHD: Keyphrase - Ok Google, Locale - en-US/en-US
