01-17 15:31:56.482  1982  2033 D PackageManager: Clear ephemeral installer activity
01-17 15:31:56.488  1982  1982 I LockSettingsService: Reporting device setup complete to IGateKeeperService
01-17 15:31:56.498  1982  2033 W AccountManagerService: Blocking binding to authenticator ComponentInfo{com.google.android.gms/com.google.android.gms.auth.account.authenticator.GoogleAccountAuthenticatorService} which isn't encryption aware
01-17 15:31:56.498  1982  2033 D AccountManagerService: bind attempt failed for Session: expectLaunch false, connected false, stats (0/0/0), lifetime 0.0, getAccountsByTypeAndFeatures, service_usm
01-17 15:31:56.500  1982  2033 I ActivityManager: START u0 {act=android.intent.action.MAIN cat=[android.intent.category.HOME] flg=0x10000100 cmp=com.android.settings/.FallbackHome} from uid 0
01-17 15:31:56.506  2245  2245 E ActivityThread: Failed to find provider info for com.google.android.gsf.gservices
01-17 15:31:56.509  2245  2245 I SetupWizard: [PreDeferredLifecycleScheduler] Scheduled job#2650 to run at Tue Jan 17 15:31:57 GMT+01:00 2023
01-17 15:31:56.516  2354  2354 W ndroid.setting: Unexpected CPU variant for X86 using defaults: x86
01-17 15:31:56.519  1982  2032 I Telecom : CallsManager: Sending phone-account ComponentInfo{com.android.phone/com.android.services.telephony.TelephonyConnectionService}, ***, UserHandle{0} registered intent as user: TSI.rPA@AAQ
01-17 15:31:56.519  1982  1999 I ActivityManager: Start proc 2354:com.android.settings/1000 for activity com.android.settings/.FallbackHome
01-17 15:31:56.519  1982  2032 I Telecom : CallsManager: Sending phone-account registered intent to default dialer: TSI.rPA@AAQ
01-17 15:31:56.519  2193  2193 I TelecomFramework: AccountEntry: Registered phoneAccount: [[ ] PhoneAccount: ComponentInfo{com.android.phone/com.android.services.telephony.TelephonyConnectionService}, ***, UserHandle{0} Capabilities: CallProvider MultiUser PlaceEmerg SimSub  Audio Routes: BESW Schemes: tel voicemail  Extras: Bundle[{android.telecom.extra.SUPPORTS_VIDEO_CALLING_FALLBACK=true}] GroupId: ***] with handle: ComponentInfo{com.android.phone/com.android.services.telephony.TelephonyConnectionService}, ***, UserHandle{0}
01-17 15:31:56.520  2193  2193 I TelecomFramework: PstnIncomingCallNotifier: Registering: Handler (com.android.internal.telephony.GsmCdmaPhone) {30c5e96}
01-17 15:31:56.525  2193  2193 I TelecomFramework: PstnIncomingCallNotifier: Unregistering: Handler (com.android.internal.telephony.GsmCdmaPhone) {30c5e96}
01-17 15:31:56.526  2193  2193 E PhoneInterfaceManager: [PhoneIntfMgr] getIccId: No UICC
01-17 15:31:56.534  1982  1994 I Telecom : PhoneAccountRegistrar: Modify account: [ComponentInfo{com.android.phone/com.android.services.telephony.TelephonyConnectionService}, ***, UserHandle{0}]: TSI.rPA@AAc
01-17 15:31:56.536  1791  1791 D PermissionCache: checking android.permission.ACCESS_KEYGUARD_SECURE_STORAGE for uid=1000 => granted (536 us)
01-17 15:31:56.537  1791  1791 I gatekeeperd: cold boot: clearing state
01-17 15:31:56.537  2193  2193 I TelecomFramework: AccountEntry: Registered phoneAccount: [[ ] PhoneAccount: ComponentInfo{com.android.phone/com.android.services.telephony.TelephonyConnectionService}, ***, UserHandle{0} Capabilities: CallProvider MultiUser PlaceEmerg SimSub  Audio Routes: BESW Schemes: tel voicemail  Extras: Bundle[{android.telecom.extra.SUPPORTS_VIDEO_CALLING_FALLBACK=true}] GroupId: ***] with handle: ComponentInfo{com.android.phone/com.android.services.telephony.TelephonyConnectionService}, ***, UserHandle{0}
01-17 15:31:56.537  2193  2193 I TelecomFramework: PstnIncomingCallNotifier: Registering: Handler (com.android.internal.telephony.GsmCdmaPhone) {30c5e96}
01-17 15:31:56.539  1982  1996 E AutofillManagerServiceImpl: Bad AutofillService name: com.google.android.gms/.autofill.service.AutofillService
01-17 15:31:56.539  1982  1996 D AutofillManagerServiceImpl: Reset component for user 0 (com.google.android.gms/.autofill.service.AutofillService)
01-17 15:31:56.539  1982  1996 E AutofillManagerServiceImpl: Bad AutofillService name: com.google.android.gms/.autofill.service.AutofillService
01-17 15:31:56.539  1982  1996 D AutofillManagerServiceImpl: Reset component for user 0 (com.google.android.gms/.autofill.service.AutofillService)
01-17 15:31:56.539  1982  1996 D FieldClassificationStrategy: reset(): service is not bound. Do nothing.
01-17 15:31:56.539  1982  1998 D AutofillUI: destroySaveUiUiThread(): already destroyed
01-17 15:31:56.539  1982  1982 I DevicePolicyManager: Set ro.device_owner property to false
01-17 15:31:56.543  2354  2354 I ndroid.setting: The ClassLoaderContext is a special shared library.
01-17 15:31:56.544  2354  2354 I ndroid.setting: The ClassLoaderContext is a special shared library.
01-17 15:31:56.583  1929  1945 I OMXClient: IOmx service obtained
01-17 15:31:56.584  1780  1896 I OMXMaster: makeComponentInstance(OMX.google.flac.encoder) in omx@1.0-service process
01-17 15:31:56.650  2193  2193 I ImsExternalCallTracker: handleVideoCapabilitiesChanged : isVideoCapable = false
01-17 15:31:56.650  2193  2193 D ImsExternalCallTracker: refreshCallPullState
01-17 15:31:56.650  2193  2193 I TelecomFramework: PstnPhoneCapabilitiesNotifier: handleVideoCapabilitesChanged. Video capability - false
01-17 15:31:56.650  2193  2193 I ImsExternalCallTracker: handleVideoCapabilitiesChanged : isVideoCapable = false
01-17 15:31:56.650  2193  2193 D ImsExternalCallTracker: refreshCallPullState
01-17 15:31:56.652  2193  2193 E PhoneInterfaceManager: [PhoneIntfMgr] getIccId: No UICC
01-17 15:31:56.650  2193  2193 I TelecomFramework: PstnPhoneCapabilitiesNotifier: handleVideoCapabilitesChanged. Video capability - false
01-17 15:31:56.657  1982  1994 I Telecom : PhoneAccountRegistrar: Modify account: [ComponentInfo{com.android.phone/com.android.services.telephony.TelephonyConnectionService}, ***, UserHandle{0}]: TSI.rPA@AAo
01-17 15:31:56.675  2145  2344 I vol.Events: writeEvent level_changed STREAM_VOICE_CALL 4
01-17 15:31:56.680  2145  2344 I vol.Events: writeEvent level_changed STREAM_SYSTEM 5
01-17 15:31:56.680  1982  2099 I GnssLocationProvider: WakeLock acquired by sendMessage(REPORT_SV_STATUS, 0, com.android.server.location.GnssLocationProvider$SvStatusInfo@a010b67)
01-17 15:31:56.681  1982  1996 I GnssLocationProvider: WakeLock released by handleMessage(REPORT_SV_STATUS, 0, com.android.server.location.GnssLocationProvider$SvStatusInfo@a010b67)
01-17 15:31:56.683  2145  2344 I vol.Events: writeEvent level_changed STREAM_RING 5
01-17 15:31:56.685  2145  2344 I vol.Events: writeEvent level_changed STREAM_MUSIC 5
01-17 15:31:56.692  2145  2344 I vol.Events: writeEvent level_changed STREAM_ALARM 6
01-17 15:31:56.701  2145  2344 I vol.Events: writeEvent level_changed STREAM_BLUETOOTH_SCO 7
01-17 15:31:56.718  2193  2193 D MccTable: updateMccMncConfiguration mccmnc='310260' fromServiceState=false
01-17 15:31:56.720  2145  2344 I vol.Events: writeEvent zen_mode_config_changed [disallowAlarms=false disallowMedia=false disallowSystem=true disallowRinger=false]
01-17 15:31:56.722  2193  2193 D MccTable: updateMccMncConfiguration defaultMccMnc=
01-17 15:31:56.722  2193  2193 D MccTable: updateMccMncConfiguration: mcc=310, mnc=260
01-17 15:31:56.724  2193  2193 D MccTable: updateMccMncConfiguration updateConfig config={0.0 310mcc260mnc ?localeList ?layoutDir ?swdp ?wdp ?hdp ?density ?lsize ?long ?ldr ?wideColorGamut ?orien ?uimode ?night ?touch ?keyb/?/? ?nav/? winConfig={ mBounds=Rect(0, 0 - 0, 0) mAppBounds=null mWindowingMode=undefined mActivityType=undefined}}
01-17 15:31:56.726  1929  1945 I OMXClient: IOmx service obtained
01-17 15:31:56.726  1780  1896 I OMXMaster: makeComponentInstance(OMX.google.h264.decoder) in omx@1.0-service process
01-17 15:31:56.726  1982  2032 I ActivityManager: Config changes=3 {1.0 310mcc260mnc [en_US] ldltr sw411dp w411dp h750dp 560dpi nrml long port finger qwerty/v/v -nav/h winConfig={ mBounds=Rect(0, 0 - 0, 0) mAppBounds=Rect(0, 0 - 1440, 2712) mWindowingMode=fullscreen mActivityType=undefined} s.5}
01-17 15:31:56.736  1982  2032 I ActivityManager: Override config changes=3 {1.0 310mcc260mnc [en_US] ldltr sw411dp w411dp h750dp 560dpi nrml long port finger qwerty/v/v -nav/h winConfig={ mBounds=Rect(0, 0 - 1440, 2712) mAppBounds=Rect(0, 0 - 1440, 2712) mWindowingMode=fullscreen mActivityType=undefined} s.5} for displayId=0
01-17 15:31:56.758  1982  1982 I GnssLocationProvider: WakeLock acquired by sendMessage(SUBSCRIPTION_OR_SIM_CHANGED, 0, null)
01-17 15:31:56.759  1982  2079 W BestClock: java.time.DateTimeException: Missing NTP fix
01-17 15:31:56.759  2193  2193 D TelephonyProvider: subIdString = -2 subId = -2
01-17 15:31:56.759  1982  1996 I GnssLocationProvider: WakeLock released by handleMessage(SUBSCRIPTION_OR_SIM_CHANGED, 0, null)
01-17 15:31:56.759  1982  2079 W BestClock: java.time.DateTimeException: Missing NTP fix
01-17 15:31:56.760  2193  2193 D TelephonyProvider: getPreferredApnIdFromApn: for subId -2
01-17 15:31:56.766  2193  2193 I TelecomFramework: PstnIncomingCallNotifier: Unregistering: Handler (com.android.internal.telephony.GsmCdmaPhone) {30c5e96}
01-17 15:31:56.767  2193  2193 E PhoneInterfaceManager: [PhoneIntfMgr] getIccId: No UICC
01-17 15:31:56.775  1982  2032 I Telecom : PhoneAccountRegistrar: Modify account: [ComponentInfo{com.android.phone/com.android.services.telephony.TelephonyConnectionService}, ***, UserHandle{0}(addr: tel:************ -> tel:)(subAddr: tel:************ -> tel:)]: TSI.rPA@AAs
01-17 15:31:56.776  2193  2193 I TelecomFramework: AccountEntry: Registered phoneAccount: [[ ] PhoneAccount: ComponentInfo{com.android.phone/com.android.services.telephony.TelephonyConnectionService}, ***, UserHandle{0} Capabilities: CallProvider MultiUser PlaceEmerg SimSub  Audio Routes: BESW Schemes: tel voicemail  Extras: Bundle[{android.telecom.extra.SUPPORTS_VIDEO_CALLING_FALLBACK=true}] GroupId: ***] with handle: ComponentInfo{com.android.phone/com.android.services.telephony.TelephonyConnectionService}, ***, UserHandle{0}
01-17 15:31:56.776  2193  2193 I TelecomFramework: PstnIncomingCallNotifier: Registering: Handler (com.android.internal.telephony.GsmCdmaPhone) {30c5e96}
01-17 15:31:56.780  2193  2193 I ImsExternalCallTracker: handleVideoCapabilitiesChanged : isVideoCapable = false
01-17 15:31:56.780  2193  2193 D ImsExternalCallTracker: refreshCallPullState
01-17 15:31:56.780  2193  2193 I TelecomFramework: PstnPhoneCapabilitiesNotifier: handleVideoCapabilitesChanged. Video capability - false
01-17 15:31:56.780  2193  2193 E PhoneInterfaceManager: [PhoneIntfMgr] getIccId: No UICC
01-17 15:31:56.789  1982  2032 I Telecom : PhoneAccountRegistrar: Modify account: [ComponentInfo{com.android.phone/com.android.services.telephony.TelephonyConnectionService}, ***, UserHandle{0}]: TSI.rPA@AA4
01-17 15:31:56.792  2145  2145 D SystemUIBootTiming: StartServicescom.android.systemui.volume.VolumeUI took to complete: 575ms
01-17 15:31:56.817  2193  2298 D MccTable: updateMccMncConfiguration mccmnc='310260' fromServiceState=false
01-17 15:31:56.818  2193  2298 D MccTable: updateMccMncConfiguration defaultMccMnc=310260
01-17 15:31:56.818  2193  2298 D MccTable: updateMccMncConfiguration: mcc=310, mnc=260
01-17 15:31:56.818  2193  2298 D MccTable: updateMccMncConfiguration updateConfig config={0.0 310mcc260mnc ?localeList ?layoutDir ?swdp ?wdp ?hdp ?density ?lsize ?long ?ldr ?wideColorGamut ?orien ?uimode ?night ?touch ?keyb/?/? ?nav/? winConfig={ mBounds=Rect(0, 0 - 0, 0) mAppBounds=null mWindowingMode=undefined mActivityType=undefined}}
01-17 15:31:56.837  2193  2193 D TelephonyProvider: subIdString = 1 subId = 1
01-17 15:31:56.837  2193  2193 D TelephonyProvider: getPreferredApnIdFromApn: for subId 1
01-17 15:31:56.860  2193  2193 I TelecomFramework: PstnIncomingCallNotifier: Unregistering: Handler (com.android.internal.telephony.GsmCdmaPhone) {30c5e96}
01-17 15:31:56.885  1926  1951 E SurfaceFlinger: ro.sf.lcd_density must be defined as a build property
01-17 15:31:56.898  1780  1895 E OMXNodeInstance: getExtensionIndex(0xf3526de0:google.h264.decoder, OMX.google.android.index.configureVideoTunnelMode) ERROR: UnsupportedIndex(0x8000101a)
01-17 15:31:56.898  1780  1895 E OMXNodeInstance: getExtensionIndex(0xf3526de0:google.h264.decoder, OMX.google.android.index.enableAndroidNativeBuffers) ERROR: UnsupportedIndex(0x8000101a)
01-17 15:31:56.899  1982  1982 I GnssLocationProvider: WakeLock acquired by sendMessage(SUBSCRIPTION_OR_SIM_CHANGED, 0, null)
01-17 15:31:56.900  1982  1994 I Telecom : PhoneAccountRegistrar: New phone account registered: [[ ] PhoneAccount: ComponentInfo{com.android.phone/com.android.services.telephony.TelephonyConnectionService}, ***, UserHandle{0} Capabilities: CallProvider MultiUser PlaceEmerg SimSub  Audio Routes: BESW Schemes: tel voicemail  Extras: Bundle[mParcelledData.dataSize=124] GroupId: ***]: TSI.rPA@AA8
01-17 15:31:56.900  1982  2079 I NetworkPolicy: No policy for subscriber 310260...; generating default policy
01-17 15:31:56.901  2193  2298 D MccTable: updateMccMncConfiguration mccmnc='310260' fromServiceState=false
01-17 15:31:56.902  2193  2298 D MccTable: updateMccMncConfiguration defaultMccMnc=310260
01-17 15:31:56.902  2193  2298 D MccTable: updateMccMncConfiguration: mcc=310, mnc=260
01-17 15:31:56.902  2193  2298 D MccTable: updateMccMncConfiguration updateConfig config={0.0 310mcc260mnc ?localeList ?layoutDir ?swdp ?wdp ?hdp ?density ?lsize ?long ?ldr ?wideColorGamut ?orien ?uimode ?night ?touch ?keyb/?/? ?nav/? winConfig={ mBounds=Rect(0, 0 - 0, 0) mAppBounds=null mWindowingMode=undefined mActivityType=undefined}}
01-17 15:31:56.903  1982  2079 W BestClock: java.time.DateTimeException: Missing NTP fix
01-17 15:31:56.903  1929  1945 I OMXClient: IOmx service obtained
01-17 15:31:56.903  1780  1895 I OMXMaster: makeComponentInstance(OMX.google.h263.decoder) in omx@1.0-service process
01-17 15:31:56.903  1982  1994 I Telecom : CallsManager: Sending phone-account ComponentInfo{com.android.phone/com.android.services.telephony.TelephonyConnectionService}, ***, UserHandle{0} registered intent as user: TSI.rPA@AA8
01-17 15:31:56.903  1982  1994 I Telecom : CallsManager: Sending phone-account registered intent to default dialer: TSI.rPA@AA8
01-17 15:31:56.904  2193  2193 I TelecomFramework: AccountEntry: Registered phoneAccount: [[ ] PhoneAccount: ComponentInfo{com.android.phone/com.android.services.telephony.TelephonyConnectionService}, ***, UserHandle{0} Capabilities: CallProvider MultiUser PlaceEmerg SimSub  Audio Routes: BESW Schemes: tel voicemail  Extras: Bundle[{android.telecom.extra.SUPPORTS_VIDEO_CALLING_FALLBACK=true}] GroupId: ***] with handle: ComponentInfo{com.android.phone/com.android.services.telephony.TelephonyConnectionService}, ***, UserHandle{0}
01-17 15:31:56.904  2193  2193 I TelecomFramework: PstnIncomingCallNotifier: Registering: Handler (com.android.internal.telephony.GsmCdmaPhone) {30c5e96}
01-17 15:31:56.907  1982  1996 E GnssLocationProvider: no AGPS interface in set_agps_server
01-17 15:31:56.907  1982  1996 I GnssLocationProvider: WakeLock released by handleMessage(SUBSCRIPTION_OR_SIM_CHANGED, 0, null)
01-17 15:31:56.907  2193  2193 I TelecomFramework: TelecomAccountRegistry: Unregistering phone account ComponentInfo{com.android.phone/com.android.services.telephony.TelephonyConnectionService}, ***, UserHandle{0}.
01-17 15:31:56.908  1982  2079 W BestClock: java.time.DateTimeException: Missing NTP fix
01-17 15:31:56.909  1982  2032 I Telecom : CallsManager: Sending phone-account ComponentInfo{com.android.phone/com.android.services.telephony.TelephonyConnectionService}, ***, UserHandle{0} unregistered intent as user: TSI.uPA@ABE
01-17 15:31:56.909  1982  2032 I Telecom : CallsManager: Sending phone-account unregistered intent to default dialer: TSI.uPA@ABE
01-17 15:31:56.910  1982  1982 I GnssLocationProvider: WakeLock acquired by sendMessage(SUBSCRIPTION_OR_SIM_CHANGED, 0, null)
01-17 15:31:56.912  1982  2079 W BestClock: java.time.DateTimeException: Missing NTP fix
01-17 15:31:56.915  1982  2079 I chatty  : uid=1000(system) NetworkPolicy identical 1 line
01-17 15:31:56.920  1982  2079 W BestClock: java.time.DateTimeException: Missing NTP fix
01-17 15:31:56.921  1982  1996 E GnssLocationProvider: no AGPS interface in set_agps_server
01-17 15:31:56.921  1982  1996 I GnssLocationProvider: WakeLock released by handleMessage(SUBSCRIPTION_OR_SIM_CHANGED, 0, null)
01-17 15:31:56.922  1982  2079 W BestClock: java.time.DateTimeException: Missing NTP fix
01-17 15:31:56.931  1982  1982 I GnssLocationProvider: WakeLock acquired by sendMessage(SUBSCRIPTION_OR_SIM_CHANGED, 0, null)
01-17 15:31:56.933  2193  2193 I TelecomFramework: PstnIncomingCallNotifier: Unregistering: Handler (com.android.internal.telephony.GsmCdmaPhone) {30c5e96}
01-17 15:31:56.938  2145  2145 D SystemUIBootTiming: StartServicescom.android.systemui.stackdivider.Divider took to complete: 147ms
01-17 15:31:56.939  1982  2079 W BestClock: java.time.DateTimeException: Missing NTP fix
01-17 15:31:56.940  2193  2298 D IntentBroadcaster: Broadcasting and adding intent for rebroadcast: android.intent.action.SIM_STATE_CHANGED LOADED for slotId 0
01-17 15:31:56.941  1982  1982 D WifiService: resetting networks because SIM was loaded
01-17 15:31:56.941  1982  2082 D WifiStateMachine: resetting EAP-SIM/AKA/AKA' networks since SIM was changed
01-17 15:31:56.942  1982  1996 E GnssLocationProvider: no AGPS interface in set_agps_server
01-17 15:31:56.942  1982  1996 I GnssLocationProvider: WakeLock released by handleMessage(SUBSCRIPTION_OR_SIM_CHANGED, 0, null)
01-17 15:31:56.943  1982  2079 W BestClock: java.time.DateTimeException: Missing NTP fix
01-17 15:31:56.946  2193  2298 D CarrierConfigLoader: update config for phoneId: 0 simState: LOADED
01-17 15:31:56.946  2193  2298 D CarrierSvcBindHelper: update binding for phoneId: 0 simState: LOADED
01-17 15:31:56.951  1982  1996 E GnssLocationProvider: no AGPS interface in set_agps_server
01-17 15:31:56.956  1982  2033 I Telecom : PhoneAccountRegistrar: Modify account: [ComponentInfo{com.android.phone/com.android.services.telephony.TelephonyConnectionService}, ***, UserHandle{0}]: TSI.rPA@ABM
01-17 15:31:56.957  2193  2193 I TelecomFramework: AccountEntry: Registered phoneAccount: [[ ] PhoneAccount: ComponentInfo{com.android.phone/com.android.services.telephony.TelephonyConnectionService}, ***, UserHandle{0} Capabilities: CallProvider MultiUser PlaceEmerg SimSub  Audio Routes: BESW Schemes: tel voicemail  Extras: Bundle[{android.telecom.extra.SUPPORTS_VIDEO_CALLING_FALLBACK=true}] GroupId: ***] with handle: ComponentInfo{com.android.phone/com.android.services.telephony.TelephonyConnectionService}, ***, UserHandle{0}
01-17 15:31:56.957  2193  2193 I TelecomFramework: PstnIncomingCallNotifier: Registering: Handler (com.android.internal.telephony.GsmCdmaPhone) {30c5e96}
01-17 15:31:56.960  1982  2033 W ContextImpl: Calling a method in the system process without a qualified user: android.app.ContextImpl.sendBroadcastAsUserMultiplePermissions:1053 com.android.server.TelephonyRegistry.broadcastCallStateChanged:1602 com.android.server.TelephonyRegistry.notifyCallStateForPhoneId:793 com.android.internal.telephony.ITelephonyRegistry$Stub.onTransact:122 android.os.Binder.execTransact:731 
01-17 15:31:56.972  1982  1982 I GnssLocationProvider: WakeLock acquired by sendMessage(SUBSCRIPTION_OR_SIM_CHANGED, 0, null)
01-17 15:31:56.977  1982  2079 W BestClock: java.time.DateTimeException: Missing NTP fix
01-17 15:31:56.978  2354  2354 D OpenGLRenderer: Skia GL Pipeline
01-17 15:31:56.979  1982  1996 E GnssLocationProvider: no AGPS interface in set_agps_server
01-17 15:31:56.979  1982  1996 I GnssLocationProvider: WakeLock released by handleMessage(SUBSCRIPTION_OR_SIM_CHANGED, 0, null)
01-17 15:31:56.981  1982  2079 W BestClock: java.time.DateTimeException: Missing NTP fix
01-17 15:31:56.982  1926  1951 E SurfaceFlinger: ro.sf.lcd_density must be defined as a build property
01-17 15:31:56.983  1982  1982 I GnssLocationProvider: WakeLock acquired by sendMessage(SUBSCRIPTION_OR_SIM_CHANGED, 0, null)
01-17 15:31:56.988  2193  2193 D TelephonyProvider: subIdString = 1 subId = 1
01-17 15:31:56.988  2193  2193 D TelephonyProvider: getPreferredApnIdFromApn: for subId 1
01-17 15:31:56.991  1982  2079 W BestClock: java.time.DateTimeException: Missing NTP fix
01-17 15:31:56.994  1982  1996 E GnssLocationProvider: no AGPS interface in set_agps_server
01-17 15:31:56.994  1982  1996 I GnssLocationProvider: WakeLock released by handleMessage(SUBSCRIPTION_OR_SIM_CHANGED, 0, null)
01-17 15:31:56.994  1982  2079 W BestClock: java.time.DateTimeException: Missing NTP fix
01-17 15:31:57.012  1780  1895 E OMXNodeInstance: getExtensionIndex(0xf3526de0:google.h263.decoder, OMX.google.android.index.configureVideoTunnelMode) ERROR: UnsupportedIndex(0x8000101a)
01-17 15:31:57.012  1780  1895 E OMXNodeInstance: getExtensionIndex(0xf3526de0:google.h263.decoder, OMX.google.android.index.enableAndroidNativeBuffers) ERROR: UnsupportedIndex(0x8000101a)
01-17 15:31:57.014  2354  2390 D HostConnection: HostConnection::get() New Host Connection established 0xdec21280, tid 2390
01-17 15:31:57.022  1639  1639 D gralloc_ranchu: gralloc_alloc: Creating ashmem region of size 16592896
01-17 15:31:57.024  1639  1703 D gralloc_ranchu: gralloc_alloc: Creating ashmem region of size 16592896
01-17 15:31:57.030  1639  1639 D gralloc_ranchu: gralloc_alloc: Creating ashmem region of size 16592896
01-17 15:31:57.033  2193  2193 I ImsExternalCallTracker: handleVideoCapabilitiesChanged : isVideoCapable = false
01-17 15:31:57.033  2193  2193 D ImsExternalCallTracker: refreshCallPullState
01-17 15:31:57.033  2193  2193 I TelecomFramework: PstnPhoneCapabilitiesNotifier: handleVideoCapabilitesChanged. Video capability - false
01-17 15:31:57.033  2193  2193 I TelecomFramework: PstnIncomingCallNotifier: Unregistering: Handler (com.android.internal.telephony.GsmCdmaPhone) {30c5e96}
01-17 15:31:57.034  2122  2122 I GoogleInputMethod: onStartInput() : Dummy InputConnection bound
01-17 15:31:57.035  2122  2122 I FeaturePermissions: onSharedPreferenceChanged() : Key = enable_incognito_mode : Feature = null
01-17 15:31:57.042  2122  2122 I ShortcutsDataManager: startImportContentTask()
01-17 15:31:57.042  2122  2122 I ShortcutsDataManager: onImportAborted()
01-17 15:31:57.050  2354  2390 D HostConnection: HostComposition ext ANDROID_EMU_CHECKSUM_HELPER_v1 ANDROID_EMU_native_sync_v2 ANDROID_EMU_native_sync_v3 ANDROID_EMU_native_sync_v4 ANDROID_EMU_dma_v1 ANDROID_EMU_YUV420_888_to_NV21 ANDROID_EMU_YUV_Cache ANDROID_EMU_sync_buffer_data GL_OES_EGL_image_external_essl3 GL_OES_vertex_array_object GL_KHR_texture_compression_astc_ldr ANDROID_EMU_host_side_tracing ANDROID_EMU_gles_max_version_3_0 
01-17 15:31:57.050  1929  1945 I OMXClient: IOmx service obtained
01-17 15:31:57.050  1780  1895 I OMXMaster: makeComponentInstance(OMX.google.hevc.decoder) in omx@1.0-service process
01-17 15:31:57.053  2354  2390 I ConfigStore: android::hardware::configstore::V1_0::ISurfaceFlingerConfigs::hasWideColorDisplay retrieved: 0
01-17 15:31:57.054  2354  2390 I ConfigStore: android::hardware::configstore::V1_0::ISurfaceFlingerConfigs::hasHDRDisplay retrieved: 0
01-17 15:31:57.054  2354  2390 I OpenGLRenderer: Initialized EGL, version 1.4
01-17 15:31:57.054  2354  2390 D OpenGLRenderer: Swap behavior 1
01-17 15:31:57.054  2354  2390 W OpenGLRenderer: Failed to choose config with EGL_SWAP_BEHAVIOR_PRESERVED, retrying without...
01-17 15:31:57.054  2354  2390 D OpenGLRenderer: Swap behavior 0
01-17 15:31:57.055  2354  2390 D eglCodecCommon: setVertexArrayObject: set vao to 0 (0) 0 0
01-17 15:31:57.055  2354  2390 D EGL_emulation: eglCreateContext: 0xdec05120: maj 3 min 0 rcv 3
01-17 15:31:57.056  2354  2390 D EGL_emulation: eglMakeCurrent: 0xdec05120: ver 3 0 (tinfo 0xdec035d0)
01-17 15:31:57.058  1926  1951 E SurfaceFlinger: ro.sf.lcd_density must be defined as a build property
01-17 15:31:57.062  1982  2033 I Telecom : PhoneAccountRegistrar: Modify account: [ComponentInfo{com.android.phone/com.android.services.telephony.TelephonyConnectionService}, ***, UserHandle{0}]: TSI.rPA@ABY
01-17 15:31:57.065  2193  2193 I TelecomFramework: AccountEntry: Registered phoneAccount: [[ ] PhoneAccount: ComponentInfo{com.android.phone/com.android.services.telephony.TelephonyConnectionService}, ***, UserHandle{0} Capabilities: CallProvider MultiUser PlaceEmerg SimSub  Audio Routes: BESW Schemes: tel voicemail  Extras: Bundle[{android.telecom.extra.SUPPORTS_VIDEO_CALLING_FALLBACK=true}] GroupId: ***] with handle: ComponentInfo{com.android.phone/com.android.services.telephony.TelephonyConnectionService}, ***, UserHandle{0}
01-17 15:31:57.065  2193  2193 I TelecomFramework: PstnIncomingCallNotifier: Registering: Handler (com.android.internal.telephony.GsmCdmaPhone) {30c5e96}
01-17 15:31:57.069  2193  2193 D CallNotifier: updatePhoneStateListeners: update CF notifications.
01-17 15:31:57.071  2193  2193 I TelecomFramework: PstnIncomingCallNotifier: Unregistering: Handler (com.android.internal.telephony.GsmCdmaPhone) {30c5e96}
01-17 15:31:57.084  1982  2033 I Telecom : PhoneAccountRegistrar: Modify account: [ComponentInfo{com.android.phone/com.android.services.telephony.TelephonyConnectionService}, ***, UserHandle{0}]: TSI.rPA@ABk
01-17 15:31:57.085  2193  2193 I TelecomFramework: AccountEntry: Registered phoneAccount: [[ ] PhoneAccount: ComponentInfo{com.android.phone/com.android.services.telephony.TelephonyConnectionService}, ***, UserHandle{0} Capabilities: CallProvider MultiUser PlaceEmerg SimSub  Audio Routes: BESW Schemes: tel voicemail  Extras: Bundle[{android.telecom.extra.SUPPORTS_VIDEO_CALLING_FALLBACK=true}] GroupId: ***] with handle: ComponentInfo{com.android.phone/com.android.services.telephony.TelephonyConnectionService}, ***, UserHandle{0}
01-17 15:31:57.085  2193  2193 I TelecomFramework: PstnIncomingCallNotifier: Registering: Handler (com.android.internal.telephony.GsmCdmaPhone) {30c5e96}
01-17 15:31:57.070  2193  2193 I chatty  : uid=1001(radio) com.android.phone identical 1 line
01-17 15:31:57.087  2193  2193 D CallNotifier: updatePhoneStateListeners: update CF notifications.
01-17 15:31:57.088  2193  2193 I NotificationMgr: updateMwi(): subId 1 update to false
01-17 15:31:57.092  2193  2193 I CallNotifier: onCallForwardingIndicatorChanged(): subId=1, visible=N
01-17 15:31:57.093  2193  2193 D CallNotifier: updatePhoneStateListeners: update CF notifications.
01-17 15:31:57.093  2193  2193 I NotificationMgr: updateCfi: subId= 1, visible=N
01-17 15:31:57.094  2193  2193 I NotificationMgr: updateMwi(): subId 1 update to false
01-17 15:31:57.101  2193  2193 D CarrierConfigLoader: mHandler: 7 phoneId: 0
01-17 15:31:57.105  2193  2193 E CarrierConfigLoader: java.io.FileNotFoundException: /data/user_de/0/com.android.phone/files/carrierconfig-com.android.carrierconfig-89014103211118510720.xml (No such file or directory)
01-17 15:31:57.105  2193  2193 D CarrierConfigLoader: Binding to com.android.carrierconfig for phone 0
01-17 15:31:57.105  1982  1999 I ActivityManager: Start proc 2396:com.google.android.dialer/u0a11 for broadcast com.google.android.dialer/com.android.dialer.app.voicemail.LegacyVoicemailNotificationReceiver
01-17 15:31:57.107  2193  2193 D CarrierSvcBindHelper: mHandler: 0
01-17 15:31:57.107  2193  2193 D CarrierSvcBindHelper: Rebinding if necessary for phoneId: 0
01-17 15:31:57.108  2396  2396 W .android.diale: Unexpected CPU variant for X86 using defaults: x86
01-17 15:31:57.108  2193  2193 D CarrierSvcBindHelper: No carrier app for: 0
01-17 15:31:57.108  2193  2193 I ImsExternalCallTracker: handleVideoCapabilitiesChanged : isVideoCapable = false
01-17 15:31:57.108  2193  2193 D ImsExternalCallTracker: refreshCallPullState
01-17 15:31:57.108  2193  2193 I TelecomFramework: PstnPhoneCapabilitiesNotifier: handleVideoCapabilitesChanged. Video capability - false
01-17 15:31:57.109  2193  2193 D TelephonyProvider: subIdString = 1 subId = 1
01-17 15:31:57.109  2193  2193 D TelephonyProvider: getPreferredApnIdFromApn: for subId 1
01-17 15:31:57.118  2193  2193 D CarrierIdProvider: updateCarrierIdForSubId: 1
01-17 15:31:57.120  2193  2193 I CallNotifier: onCallForwardingIndicatorChanged(): subId=1, visible=N
01-17 15:31:57.121  2193  2193 D CallNotifier: updatePhoneStateListeners: update CF notifications.
01-17 15:31:57.121  2193  2193 I NotificationMgr: updateCfi: subId= 1, visible=N
01-17 15:31:57.121  1982  1999 I ActivityManager: Start proc 2408:com.android.carrierconfig/u0a16 for service com.android.carrierconfig/.DefaultCarrierConfigService
01-17 15:31:57.121  2193  2193 I NotificationMgr: updateMwi(): subId 1 update to false
01-17 15:31:57.123  2408  2408 W d.carrierconfi: Unexpected CPU variant for X86 using defaults: x86
01-17 15:31:57.129  2193  2193 D CallNotifier: updatePhoneStateListeners: update CF notifications.
01-17 15:31:57.130  2193  2193 I NotificationMgr: updateCfi: subId= 1, visible=N
01-17 15:31:57.131  2193  2193 I NotificationMgr: updateMwi(): subId 1 update to false
01-17 15:31:57.135  2396  2396 I .android.diale: The ClassLoaderContext is a special shared library.
01-17 15:31:57.140  2193  2193 I TelecomFramework: PstnIncomingCallNotifier: Unregistering: Handler (com.android.internal.telephony.GsmCdmaPhone) {30c5e96}
01-17 15:31:57.148  2396  2396 I Dialer  : GoogleDialerApplication.onCreate - enter
01-17 15:31:57.153  2396  2396 I Dialer  : DialerExecutorModule.newThread - creating low priority thread
01-17 15:31:57.156  2396  2430 I Dialer  : BlockedNumbersAutoMigrator - not attempting auto-migrate: device is locked
01-17 15:31:57.161  2408  2408 I d.carrierconfi: The ClassLoaderContext is a special shared library.
01-17 15:31:57.165  1982  1994 I Telecom : PhoneAccountRegistrar: Modify account: [ComponentInfo{com.android.phone/com.android.services.telephony.TelephonyConnectionService}, ***, UserHandle{0}]: TSI.rPA@ACQ
01-17 15:31:57.171  2193  2193 I TelecomFramework: AccountEntry: Registered phoneAccount: [[ ] PhoneAccount: ComponentInfo{com.android.phone/com.android.services.telephony.TelephonyConnectionService}, ***, UserHandle{0} Capabilities: CallProvider MultiUser PlaceEmerg SimSub  Audio Routes: BESW Schemes: tel voicemail  Extras: Bundle[{android.telecom.extra.SUPPORTS_VIDEO_CALLING_FALLBACK=true}] GroupId: ***] with handle: ComponentInfo{com.android.phone/com.android.services.telephony.TelephonyConnectionService}, ***, UserHandle{0}
01-17 15:31:57.171  2193  2193 I TelecomFramework: PstnIncomingCallNotifier: Registering: Handler (com.android.internal.telephony.GsmCdmaPhone) {30c5e96}
01-17 15:31:57.188  2396  2396 E ActivityThread: Failed to find provider info for com.google.android.gsf.gservices
01-17 15:31:57.188  2396  2396 I chatty  : uid=10011(com.google.android.dialer) identical 1 line
01-17 15:31:57.189  2396  2396 E ActivityThread: Failed to find provider info for com.google.android.gsf.gservices
01-17 15:31:57.189  2193  2193 I TelecomFramework: PstnIncomingCallNotifier: Unregistering: Handler (com.android.internal.telephony.GsmCdmaPhone) {30c5e96}
01-17 15:31:57.193  1982  1994 I WifiService: getWifiServiceMessenger uid=10037
01-17 15:31:57.193  2408  2408 D DefaultCarrierConfigService: Service created
01-17 15:31:57.195  2396  2396 E ActivityThread: Failed to find provider info for com.google.android.gsf.gservices
01-17 15:31:57.195  2396  2396 I Dialer  : SpamModule.provideSpam - using in-app spam
01-17 15:31:57.203  2396  2396 I Dialer  : SpamModule.provideSpam - using in-app spam
01-17 15:31:57.205  2396  2396 I Dialer  : DialerApplication.initializeAnnotatedCallLog - framework not enabled
01-17 15:31:57.208  2396  2396 I Dialer  : NotificationChannelManager.initChannels - doing an expensive initialization of all notification channels
01-17 15:31:57.208  2396  2396 I Dialer  : NotificationChannelManager.initChannels - desired channel IDs: {phone_ongoing_call, phone_incoming_call, phone_voicemail, phone_missed_call, phone_default}
01-17 15:31:57.208  2396  2396 I Dialer  : NotificationChannelManager.initChannels - existing channel IDs: {}
01-17 15:31:57.198  2396  2396 I chatty  : uid=10011(com.google.android.dialer) identical 3 lines
01-17 15:31:57.200  2396  2396 E ActivityThread: Failed to find provider info for com.google.android.gsf.gservices
01-17 15:31:57.210  1982  2032 W ActivityManager: Unable to start service Intent { act=com.google.android.gms.people.service.START pkg=com.google.android.gms } U=0: not found
01-17 15:31:57.211  1982  2032 W ActivityManager: Unbind failed: could not find connection for android.os.BinderProxy@d950574
01-17 15:31:57.211  2396  2432 E GmsClient: unable to connect to service: com.google.android.gms.people.service.START on com.google.android.gms
01-17 15:31:57.211  1982  1994 W ActivityManager: Unable to start service Intent { act=com.google.android.gms.telephonyspam.service.START pkg=com.google.android.gms } U=0: not found
01-17 15:31:57.212  1982  2295 W ActivityManager: Unbind failed: could not find connection for android.os.BinderProxy@6ab1b12
01-17 15:31:57.212  2396  2432 E GmsClient: unable to connect to service: com.google.android.gms.telephonyspam.service.START on com.google.android.gms
01-17 15:31:57.212  1982  1994 W ActivityManager: Unable to start service Intent { act=com.google.android.gms.people.service.START pkg=com.google.android.gms } U=0: not found
01-17 15:31:57.213  1982  1994 W ActivityManager: Unbind failed: could not find connection for android.os.BinderProxy@b0632e3
01-17 15:31:57.213  2396  2432 E GmsClient: unable to connect to service: com.google.android.gms.people.service.START on com.google.android.gms
01-17 15:31:57.226  2396  2396 E ActivityThread: Failed to find provider info for com.google.android.gsf.gservices
01-17 15:31:57.227  2396  2396 E ActivityThread: Failed to find provider info for com.google.android.gsf.gservices
01-17 15:31:57.229  1982  2295 I Telecom : PhoneAccountRegistrar: Modify account: [ComponentInfo{com.android.phone/com.android.services.telephony.TelephonyConnectionService}, ***, UserHandle{0}]: TSI.rPA@ACk
01-17 15:31:57.230  1982  2032 W ActivityManager: Unable to start service Intent { act=com.google.android.gms.phenotype.service.START pkg=com.google.android.gms } U=0: not found
01-17 15:31:57.230  1982  2032 W ActivityManager: Unbind failed: could not find connection for android.os.BinderProxy@da98399
01-17 15:31:57.230  2396  2432 E GmsClient: unable to connect to service: com.google.android.gms.phenotype.service.START on com.google.android.gms
01-17 15:31:57.231  2193  2193 I TelecomFramework: AccountEntry: Registered phoneAccount: [[ ] PhoneAccount: ComponentInfo{com.android.phone/com.android.services.telephony.TelephonyConnectionService}, ***, UserHandle{0} Capabilities: CallProvider MultiUser PlaceEmerg SimSub  Audio Routes: BESW Schemes: tel voicemail  Extras: Bundle[{android.telecom.extra.SUPPORTS_VIDEO_CALLING_FALLBACK=true}] GroupId: ***] with handle: ComponentInfo{com.android.phone/com.android.services.telephony.TelephonyConnectionService}, ***, UserHandle{0}
01-17 15:31:57.231  2193  2193 I TelecomFramework: PstnIncomingCallNotifier: Registering: Handler (com.android.internal.telephony.GsmCdmaPhone) {30c5e96}
01-17 15:31:57.233  2396  2396 E .android.diale: The String#value field is not present on Android versions >= 6.0
01-17 15:31:57.233  2193  2193 D CallNotifier: updatePhoneStateListeners: update CF notifications.
01-17 15:31:57.234  2193  2193 I NotificationMgr: updateCfi: subId= 1, visible=N
01-17 15:31:57.234  1982  2295 D ConnectivityService: requestNetwork for uid/pid:10037/2145 NetworkRequest [ TRACK_DEFAULT id=9, [ Capabilities: INTERNET&NOT_RESTRICTED&TRUSTED Unwanted:  Uid: 10037] ]
01-17 15:31:57.234  2193  2193 I NotificationMgr: updateMwi(): subId 1 update to false
01-17 15:31:57.236  2396  2396 I Dialer  : GoogleDialerApplication.onCreate - register new client
01-17 15:31:57.236  1780  1895 E OMXNodeInstance: getExtensionIndex(0xf3526de0:google.hevc.decoder, OMX.google.android.index.configureVideoTunnelMode) ERROR: UnsupportedIndex(0x8000101a)
01-17 15:31:57.236  1780  1895 E OMXNodeInstance: getExtensionIndex(0xf3526de0:google.hevc.decoder, OMX.google.android.index.enableAndroidNativeBuffers) ERROR: UnsupportedIndex(0x8000101a)
01-17 15:31:57.237  1929  1945 I OMXClient: IOmx service obtained
01-17 15:31:57.237  1780  1895 I OMXMaster: makeComponentInstance(OMX.google.mpeg4.decoder) in omx@1.0-service process
01-17 15:31:57.237  1780  1895 E OMXNodeInstance: getExtensionIndex(0xf3526de0:google.mpeg4.decoder, OMX.google.android.index.configureVideoTunnelMode) ERROR: UnsupportedIndex(0x8000101a)
01-17 15:31:57.237  1780  1895 E OMXNodeInstance: getExtensionIndex(0xf3526de0:google.mpeg4.decoder, OMX.google.android.index.enableAndroidNativeBuffers) ERROR: UnsupportedIndex(0x8000101a)
01-17 15:31:57.241  1929  1945 I OMXClient: IOmx service obtained
01-17 15:31:57.241  2193  2193 D CallNotifier: updatePhoneStateListeners: update CF notifications.
01-17 15:31:57.241  2193  2193 I NotificationMgr: updateCfi: subId= 1, visible=N
01-17 15:31:57.241  1780  1895 I OMXMaster: makeComponentInstance(OMX.google.vp8.decoder) in omx@1.0-service process
01-17 15:31:57.243  1982  2436 W ActivityManager: Unable to start service Intent { act=com.google.android.gms.phenotype.service.START pkg=com.google.android.gms } U=0: not found
01-17 15:31:57.243  1982  2436 W ActivityManager: Unbind failed: could not find connection for android.os.BinderProxy@93eb3a4
01-17 15:31:57.243  2396  2432 E GmsClient: unable to connect to service: com.google.android.gms.phenotype.service.START on com.google.android.gms
01-17 15:31:57.246  2193  2193 I NotificationMgr: updateMwi(): subId 1 update to false
01-17 15:31:57.250  2396  2396 E ActivityThread: Failed to find provider info for com.google.android.gsf.gservices
01-17 15:31:57.250  2193  2193 I ImsExternalCallTracker: handleVideoCapabilitiesChanged : isVideoCapable = false
01-17 15:31:57.251  2193  2193 D ImsExternalCallTracker: refreshCallPullState
01-17 15:31:57.250  2396  2396 E ActivityThread: Failed to find provider info for com.google.android.gsf.gservices
01-17 15:31:57.251  2193  2193 I TelecomFramework: PstnPhoneCapabilitiesNotifier: handleVideoCapabilitesChanged. Video capability - false
01-17 15:31:57.251  2193  2193 I ImsExternalCallTracker: handleVideoCapabilitiesChanged : isVideoCapable = false
01-17 15:31:57.251  2193  2193 D ImsExternalCallTracker: refreshCallPullState
01-17 15:31:57.251  2396  2396 I Dialer  : GoogleDialerApplication.onCreate - registered new client
01-17 15:31:57.251  2193  2193 I TelecomFramework: PstnPhoneCapabilitiesNotifier: handleVideoCapabilitesChanged. Video capability - false
01-17 15:31:57.252  2396  2396 E ActivityThread: Failed to find provider info for com.google.android.gsf.gservices
01-17 15:31:57.253  2193  2193 D TelephonyProvider: subIdString = 1 subId = 1
01-17 15:31:57.253  2193  2193 D TelephonyProvider: getPreferredApnIdFromApn: for subId 1
01-17 15:31:57.253  2396  2396 I Dialer  : LegacyVoicemailNotificationReceiver.onReceive - received legacy voicemail notification
01-17 15:31:57.253  2396  2396 I Dialer  : LegacyVoicemailNotificationReceiver.onReceive - isRefresh: false
01-17 15:31:57.254  2396  2396 I Dialer  : LegacyVoicemailNotificationReceiver.onReceive - clearing notification
01-17 15:31:57.254  2396  2396 I Dialer  : LegacyVoicemailNotifier.cancelNotification - enter
01-17 15:31:57.255  2396  2396 I Dialer  : Flags.register - phenotype register status: false
01-17 15:31:57.268  2396  2396 I Dialer  : LegacyVoicemailNotificationReceiver.onReceive - received legacy voicemail notification
01-17 15:31:57.268  2396  2396 I Dialer  : LegacyVoicemailNotificationReceiver.onReceive - isRefresh: true
01-17 15:31:57.268  2396  2396 I Dialer  : LegacyVoicemailNotificationReceiver.onReceive - clearing notification
01-17 15:31:57.268  2396  2396 I Dialer  : LegacyVoicemailNotifier.cancelNotification - enter
01-17 15:31:57.269  2396  2396 I Dialer  : LegacyVoicemailNotificationReceiver.onReceive - received legacy voicemail notification
01-17 15:31:57.269  2396  2396 I Dialer  : LegacyVoicemailNotificationReceiver.onReceive - isRefresh: true
01-17 15:31:57.269  2396  2396 I Dialer  : LegacyVoicemailNotificationReceiver.onReceive - clearing notification
01-17 15:31:57.269  2396  2396 I Dialer  : LegacyVoicemailNotifier.cancelNotification - enter
01-17 15:31:57.270  2396  2396 I Dialer  : LegacyVoicemailNotificationReceiver.onReceive - received legacy voicemail notification
01-17 15:31:57.270  2396  2396 I Dialer  : LegacyVoicemailNotificationReceiver.onReceive - isRefresh: true
01-17 15:31:57.270  2396  2396 I Dialer  : LegacyVoicemailNotificationReceiver.onReceive - clearing notification
01-17 15:31:57.270  2396  2396 I Dialer  : LegacyVoicemailNotifier.cancelNotification - enter
01-17 15:31:57.271  2396  2396 I Dialer  : LegacyVoicemailNotificationReceiver.onReceive - received legacy voicemail notification
01-17 15:31:57.271  2396  2396 I Dialer  : LegacyVoicemailNotificationReceiver.onReceive - isRefresh: false
01-17 15:31:57.271  2396  2396 I Dialer  : LegacyVoicemailNotificationReceiver.onReceive - clearing notification
01-17 15:31:57.271  2396  2396 I Dialer  : LegacyVoicemailNotifier.cancelNotification - enter
01-17 15:31:57.273  2396  2396 I Dialer  : LegacyVoicemailNotificationReceiver.onReceive - received legacy voicemail notification
01-17 15:31:57.273  2396  2396 I Dialer  : LegacyVoicemailNotificationReceiver.onReceive - isRefresh: true
01-17 15:31:57.273  2396  2396 I Dialer  : LegacyVoicemailNotificationReceiver.onReceive - clearing notification
01-17 15:31:57.273  2396  2396 I Dialer  : LegacyVoicemailNotifier.cancelNotification - enter
01-17 15:31:57.252  2396  2396 E ActivityThread: Failed to find provider info for com.google.android.gsf.gservices
01-17 15:31:57.283  1982  2436 D ConnectivityService: registerNetworkAgent NetworkAgentInfo{ ni{[type: MOBILE[LTE], state: CONNECTED/CONNECTED, reason: connected, extra: epc.tmobile.com, failover: false, available: true, roaming: false]}  network{100}  nethandle{432902426637}  lp{{InterfaceName: radio0 LinkAddresses: [192.168.200.2/24,fe80::840d:e6ff:fe8f:578e/64,fec0::840d:e6ff:fe8f:578e/64,fec0::ed42:176b:239d:6b2c/64,]  Routes: [0.0.0.0/0 -> 192.168.200.1 radio0,192.168.200.0/24 -> 0.0.0.0 radio0,fe80::/64 -> :: radio0,fec0::/64 -> :: radio0,] DnsAddresses: [10.0.2.3,] UsePrivateDns: false PrivateDnsServerName: null Domains: null MTU: 1500 TcpBufferSizes: 524288,1048576,2097152,262144,524288,1048576}}  nc{[ Transports: CELLULAR Capabilities: MMS&SUPL&DUN&FOTA&IMS&CBS&IA&INTERNET&NOT_RESTRICTED&TRUSTED&NOT_VPN&NOT_ROAMING&FOREGROUND&NOT_CONGESTED&NOT_SUSPENDED Unwanted:  LinkUpBandwidth>=51200Kbps LinkDnBandwidth>=102400Kbps Specifier: <1>]}  Score{10}  everValidated{false}  lastValidated{false}  created{false} lingering{false} explicitlySelected{false} acceptUnvalidated{false} everCaptivePortalDetected{false} lastCaptivePortalDetected{false} clat{null} }
01-17 15:31:57.283  1982  2085 D ConnectivityService: NetworkAgentInfo [MOBILE (LTE) - 100] EVENT_NETWORK_INFO_CHANGED, going from null to CONNECTED
01-17 15:31:57.283  2193  2193 I ImsExternalCallTracker: handleVideoCapabilitiesChanged : isVideoCapable = false
01-17 15:31:57.283  2193  2193 D ImsExternalCallTracker: refreshCallPullState
01-17 15:31:57.283  1930  1963 D TcpSocketMonitor: resuming tcpinfo polling (interval=30000ms)
01-17 15:31:57.283  2193  2193 I TelecomFramework: PstnPhoneCapabilitiesNotifier: handleVideoCapabilitesChanged. Video capability - false
01-17 15:31:57.284  2193  2193 D CarrierConfigLoader: Connected to config app: com.android.carrierconfig/com.android.carrierconfig.DefaultCarrierConfigService
01-17 15:31:57.284  2193  2193 I ImsExternalCallTracker: handleVideoCapabilitiesChanged : isVideoCapable = false
01-17 15:31:57.284  1982  2085 W DnsManager: updatePrivateDns(100, PrivateDnsConfig{true:/[]})
01-17 15:31:57.284  2193  2193 D ImsExternalCallTracker: refreshCallPullState
01-17 15:31:57.284  2193  2193 I TelecomFramework: PstnPhoneCapabilitiesNotifier: handleVideoCapabilitesChanged. Video capability - false
01-17 15:31:57.284  1982  2085 D ConnectivityService: Setting DNS servers for network 100 to [/10.0.2.3]
01-17 15:31:57.284  1982  2085 D DnsManager: setDnsConfigurationForNetwork(100, [10.0.2.3], [], [1800, 25, 8, 64], , [10.0.2.3])
01-17 15:31:57.285  1982  2085 D ConnectivityService: Adding iface radio0 to network 100
01-17 15:31:57.287  1982  2085 E ConnectivityService: exception in setMtu()java.lang.IllegalStateException: command '33 interface setmtu radio0 1500' failed with '400 33 Failed to set MTU (Permission denied)'
01-17 15:31:57.289  1982  2085 D ConnectivityService: Setting DNS servers for network 100 to [/10.0.2.3]
01-17 15:31:57.290  1982  2085 D DnsManager: setDnsConfigurationForNetwork(100, [10.0.2.3], [], [1800, 25, 8, 64], , [10.0.2.3])
01-17 15:31:57.293  1982  2085 W BestClock: java.time.DateTimeException: Missing NTP fix
01-17 15:31:57.300  1982  2436 I Telecom : PhoneAccountRegistrar: Modify account: [ComponentInfo{com.android.phone/com.android.services.telephony.TelephonyConnectionService}, ***, UserHandle{0}]: TSI.rPA@ADI
01-17 15:31:57.302  1982  2085 W BestClock: java.time.DateTimeException: Missing NTP fix
01-17 15:31:57.303  1982  2079 W BestClock: java.time.DateTimeException: Missing NTP fix
01-17 15:31:57.306  2193  2193 D PhoneSwitcherNetworkRequstListener: got request NetworkRequest [ TRACK_DEFAULT id=9, [ Capabilities: INTERNET&NOT_RESTRICTED&TRUSTED Unwanted:  Uid: 10037] ] with score 0
01-17 15:31:57.306  1982  2085 W BestClock: java.time.DateTimeException: Missing NTP fix
01-17 15:31:57.307  2193  2193 D TelephonyProvider: subIdString = 1 subId = 1
01-17 15:31:57.307  2193  2193 D TelephonyProvider: getPreferredApnIdFromApn: for subId 1
01-17 15:31:57.271  1930  1930 W Binder:1930_2: type=1400 audit(0.0:7): avc: denied { write } for name="mtu" dev="sysfs" ino=14700 scontext=u:r:netd:s0 tcontext=u:object_r:sysfs:s0 tclass=file permissive=0
01-17 15:31:57.308  2193  2202 W System  : A resource failed to call close. 
01-17 15:31:57.309  2193  2193 D TelephonyProvider: subIdString = 1 subId = 1
01-17 15:31:57.309  2193  2193 D TelephonyProvider: getPreferredApnIdFromApn: for subId 1
01-17 15:31:57.309  1982  2085 W BestClock: java.time.DateTimeException: Missing NTP fix
01-17 15:31:57.309  1982  2079 W BestClock: java.time.DateTimeException: Missing NTP fix
01-17 15:31:57.312  1982  2085 D ConnectivityService: Switching to new default network: NetworkAgentInfo{ ni{[type: MOBILE[LTE], state: CONNECTED/CONNECTED, reason: connected, extra: epc.tmobile.com, failover: false, available: true, roaming: false]}  network{100}  nethandle{432902426637}  lp{{InterfaceName: radio0 LinkAddresses: [192.168.200.2/24,fe80::840d:e6ff:fe8f:578e/64,fec0::840d:e6ff:fe8f:578e/64,fec0::ed42:176b:239d:6b2c/64,]  Routes: [0.0.0.0/0 -> 192.168.200.1 radio0,192.168.200.0/24 -> 0.0.0.0 radio0,fe80::/64 -> :: radio0,fec0::/64 -> :: radio0,] DnsAddresses: [10.0.2.3,] UsePrivateDns: false PrivateDnsServerName: null Domains: null MTU: 1500 TcpBufferSizes: 524288,1048576,2097152,262144,524288,1048576}}  nc{[ Transports: CELLULAR Capabilities: MMS&SUPL&DUN&FOTA&IMS&CBS&IA&INTERNET&NOT_RESTRICTED&TRUSTED&NOT_VPN&NOT_ROAMING&FOREGROUND&NOT_CONGESTED&NOT_SUSPENDED Unwanted:  LinkUpBandwidth>=51200Kbps LinkDnBandwidth>=102400Kbps Specifier: <1>]}  Score{10}  everValidated{false}  lastValidated{false}  created{true} lingering{false} explicitlySelected{false} acceptUnvalidated{false} everCaptivePortalDetected{false} lastCaptivePortalDetected{false} clat{null} }
01-17 15:31:57.313  2193  2193 D TelephonyProvider: subIdString = 1 subId = 1
01-17 15:31:57.313  2193  2193 D TelephonyProvider: getPreferredApnIdFromApn: for subId 1
01-17 15:31:57.316  2193  2193 D TelephonyProvider: subIdString = 1 subId = 1
01-17 15:31:57.316  2193  2193 D TelephonyProvider: getPreferredApnIdFromApn: for subId 1
01-17 15:31:57.318  1982  2085 W BestClock: java.time.DateTimeException: Missing NTP fix
01-17 15:31:57.318  2193  2193 D TelephonyProvider: subIdString = 1 subId = 1
01-17 15:31:57.319  2193  2193 D TelephonyProvider: getPreferredApnIdFromApn: for subId 1
01-17 15:31:57.321  2193  2193 D TelephonyProvider: subIdString = 1 subId = 1
01-17 15:31:57.321  2193  2193 D TelephonyProvider: getPreferredApnIdFromApn: for subId 1
01-17 15:31:57.323  1982  2085 W BestClock: java.time.DateTimeException: Missing NTP fix
01-17 15:31:57.323  2193  2193 D TelephonyProvider: subIdString = 1 subId = 1
01-17 15:31:57.323  2193  2193 D TelephonyProvider: getPreferredApnIdFromApn: for subId 1
01-17 15:31:57.324  1982  2079 W BestClock: java.time.DateTimeException: Missing NTP fix
01-17 15:31:57.324  1982  2190 D NetworkTimeUpdateService: New default network 100; checking time.
01-17 15:31:57.324  1982  2085 D ConnectivityService: Sending CONNECTED broadcast for type 0 NetworkAgentInfo [MOBILE (LTE) - 100] isDefaultNetwork=true
01-17 15:31:57.326  1982  1982 I SyncManager: Loaded persisted syncs: 0 periodic syncs, 0 oneshot syncs, 7 total system server jobs, JobStats: FirstLoad: 0/0/0 LastSave: 2/0/0
01-17 15:31:57.326  2193  2193 D TelephonyProvider: subIdString = 1 subId = 1
01-17 15:31:57.326  2193  2193 D TelephonyProvider: getPreferredApnIdFromApn: for subId 1
01-17 15:31:57.328  2193  2193 D TelephonyProvider: subIdString = 1 subId = 1
01-17 15:31:57.328  2193  2193 D TelephonyProvider: getPreferredApnIdFromApn: for subId 1
01-17 15:31:57.328  1982  2085 W BestClock: java.time.DateTimeException: Missing NTP fix
01-17 15:31:57.328  1982  2085 W BestClock: java.time.DateTimeException: Missing NTP fix
01-17 15:31:57.333  1982  2078 W BestClock: java.time.DateTimeException: Missing NTP fix
