01-16 13:47:38.643  2148  2148 D TelephonyProvider: getPreferredApnIdFromApn: for subId 1
01-16 13:47:38.646  2427  2427 E ActivityThread: Failed to find provider info for com.google.android.gsf.gservices
01-16 13:47:38.648  1933  2039 W BestClock: java.time.DateTimeException: Missing NTP fix
01-16 13:47:38.648  2148  2148 D TelephonyProvider: subIdString = 1 subId = 1
01-16 13:47:38.648  2148  2148 D TelephonyProvider: getPreferredApnIdFromApn: for subId 1
01-16 13:47:38.650  1933  2033 W BestClock: java.time.DateTimeException: Missing NTP fix
01-16 13:47:38.650  2427  2427 I Dialer  : SpamModule.provideSpam - using in-app spam
01-16 13:47:38.651  1933  2039 W BestClock: java.time.DateTimeException: Missing NTP fix
01-16 13:47:38.651  2427  2427 I Dialer  : DialerApplication.initializeAnnotatedCallLog - framework not enabled
01-16 13:47:38.653  2148  2148 D TelephonyProvider: subIdString = 1 subId = 1
01-16 13:47:38.653  2148  2148 D TelephonyProvider: getPreferredApnIdFromApn: for subId 1
01-16 13:47:38.648  2427  2427 I chatty  : uid=10013(com.google.android.dialer) identical 1 line
01-16 13:47:38.649  2427  2427 E ActivityThread: Failed to find provider info for com.google.android.gsf.gservices
01-16 13:47:38.653  1933  2370 W ActivityManager: Unable to start service Intent { act=com.google.android.gms.people.service.START pkg=com.google.android.gms } U=0: not found
01-16 13:47:38.654  2427  2427 I Dialer  : NotificationChannelManager.initChannels - doing an expensive initialization of all notification channels
01-16 13:47:38.654  2427  2427 I Dialer  : NotificationChannelManager.initChannels - desired channel IDs: {phone_ongoing_call, phone_incoming_call, phone_voicemail, phone_missed_call, phone_default}
01-16 13:47:38.654  2427  2427 I Dialer  : NotificationChannelManager.initChannels - existing channel IDs: {}
01-16 13:47:38.655  1933  1984 W ActivityManager: Unbind failed: could not find connection for android.os.BinderProxy@87c4c6c
01-16 13:47:38.661  1933  2039 W BestClock: java.time.DateTimeException: Missing NTP fix
01-16 13:47:38.656  2427  2453 E GmsClient: unable to connect to service: com.google.android.gms.people.service.START on com.google.android.gms
01-16 13:47:38.662  1933  2033 W BestClock: java.time.DateTimeException: Missing NTP fix
01-16 13:47:38.664  1933  2039 D ConnectivityService: Switching to new default network: NetworkAgentInfo{ ni{[type: MOBILE[LTE], state: CONNECTED/CONNECTED, reason: connected, extra: epc.tmobile.com, failover: false, available: true, roaming: false]}  network{100}  nethandle{432902426637}  lp{{InterfaceName: radio0 LinkAddresses: [192.168.200.2/24,fe80::fcb6:64ff:fe56:a6b0/64,fec0::fcb6:64ff:fe56:a6b0/64,fec0::a9e4:4519:1432:9946/64,]  Routes: [0.0.0.0/0 -> 192.168.200.1 radio0,192.168.200.0/24 -> 0.0.0.0 radio0,fe80::/64 -> :: radio0,fec0::/64 -> :: radio0,] DnsAddresses: [10.0.2.3,] UsePrivateDns: false PrivateDnsServerName: null Domains: null MTU: 1500 TcpBufferSizes: 524288,1048576,2097152,262144,524288,1048576}}  nc{[ Transports: CELLULAR Capabilities: MMS&SUPL&DUN&FOTA&IMS&CBS&IA&INTERNET&NOT_RESTRICTED&TRUSTED&NOT_VPN&NOT_ROAMING&FOREGROUND&NOT_CONGESTED&NOT_SUSPENDED Unwanted:  LinkUpBandwidth>=51200Kbps LinkDnBandwidth>=102400Kbps Specifier: <1>]}  Score{10}  everValidated{false}  lastValidated{false}  created{true} lingering{false} explicitlySelected{false} acceptUnvalidated{false} everCaptivePortalDetected{false} lastCaptivePortalDetected{false} clat{null} }
01-16 13:47:38.667  2148  2148 D TelephonyProvider: subIdString = 1 subId = 1
01-16 13:47:38.668  2148  2148 D TelephonyProvider: getPreferredApnIdFromApn: for subId 1
01-16 13:47:38.668  1637  1637 D gralloc_ranchu: gralloc_alloc: Creating ashmem region of size 970752
01-16 13:47:38.670  1637  1637 D gralloc_ranchu: gralloc_alloc: Creating ashmem region of size 970752
01-16 13:47:38.673  2099  2324 D HostConnection: HostConnection::get() New Host Connection established 0xe5921af0, tid 2324
01-16 13:47:38.674  1637  1704 D gralloc_ranchu: gralloc_alloc: Creating ashmem region of size 970752
01-16 13:47:38.676  1933  2371 W ActivityManager: Unable to start service Intent { act=com.google.android.gms.telephonyspam.service.START pkg=com.google.android.gms } U=0: not found
01-16 13:47:38.677  1933  2371 W ActivityManager: Unbind failed: could not find connection for android.os.BinderProxy@1ce2596
01-16 13:47:38.677  2427  2453 E GmsClient: unable to connect to service: com.google.android.gms.telephonyspam.service.START on com.google.android.gms
01-16 13:47:38.679  2099  2099 D ViewRootImpl[StatusBar]: changeCanvasOpacity: opaque=true
01-16 13:47:38.679  2148  2148 D TelephonyProvider: subIdString = 1 subId = 1
01-16 13:47:38.679  2148  2148 D TelephonyProvider: getPreferredApnIdFromApn: for subId 1
01-16 13:47:38.680  2148  2148 D TelephonyProvider: subIdString = 1 subId = 1
01-16 13:47:38.680  2148  2148 D TelephonyProvider: getPreferredApnIdFromApn: for subId 1
01-16 13:47:38.682  2148  2148 D TelephonyProvider: subIdString = 1 subId = 1
01-16 13:47:38.682  2148  2148 D TelephonyProvider: getPreferredApnIdFromApn: for subId 1
01-16 13:47:38.684  2148  2148 D TelephonyProvider: subIdString = 1 subId = 1
01-16 13:47:38.684  2148  2148 D TelephonyProvider: getPreferredApnIdFromApn: for subId 1
01-16 13:47:38.692  1933  2039 W BestClock: java.time.DateTimeException: Missing NTP fix
01-16 13:47:38.693  2148  2148 D TelephonyProvider: subIdString = 1 subId = 1
01-16 13:47:38.693  2148  2148 D TelephonyProvider: deletePreferredApn: for subId 1
01-16 13:47:38.696  2427  2427 E ActivityThread: Failed to find provider info for com.google.android.gsf.gservices
01-16 13:47:38.701  2148  2148 D TelephonyProvider: subIdString = 1 subId = 1
01-16 13:47:38.702  2148  2148 D TelephonyProvider: setPreferredApn: _id 1 subId 1
01-16 13:47:38.703  1933  2039 W BestClock: java.time.DateTimeException: Missing NTP fix
01-16 13:47:38.705  1933  2033 W BestClock: java.time.DateTimeException: Missing NTP fix
01-16 13:47:38.707  1933  2145 D NetworkTimeUpdateService: New default network 100; checking time.
01-16 13:47:38.701  2427  2427 E ActivityThread: Failed to find provider info for com.google.android.gsf.gservices
01-16 13:47:38.707  1933  2039 D ConnectivityService: Sending CONNECTED broadcast for type 0 NetworkAgentInfo [MOBILE (LTE) - 100] isDefaultNetwork=true
01-16 13:47:38.709  1933  1933 I SyncManager: Loaded persisted syncs: 0 periodic syncs, 0 oneshot syncs, 7 total system server jobs, JobStats: FirstLoad: 0/0/0 LastSave: 2/0/0
01-16 13:47:38.710  1933  2033 W BestClock: java.time.DateTimeException: Missing NTP fix
01-16 13:47:38.714  1933  1945 W ActivityManager: Unable to start service Intent { act=com.google.android.gms.phenotype.service.START pkg=com.google.android.gms } U=0: not found
01-16 13:47:38.715  2099  2324 D HostConnection: HostComposition ext ANDROID_EMU_CHECKSUM_HELPER_v1 ANDROID_EMU_native_sync_v2 ANDROID_EMU_native_sync_v3 ANDROID_EMU_native_sync_v4 ANDROID_EMU_dma_v1 ANDROID_EMU_YUV420_888_to_NV21 ANDROID_EMU_YUV_Cache ANDROID_EMU_sync_buffer_data GL_OES_EGL_image_external_essl3 GL_OES_vertex_array_object GL_KHR_texture_compression_astc_ldr ANDROID_EMU_host_side_tracing ANDROID_EMU_gles_max_version_3_0 
01-16 13:47:38.720  2427  2427 E .android.diale: The String#value field is not present on Android versions >= 6.0
01-16 13:47:38.721  2099  2324 I ConfigStore: android::hardware::configstore::V1_0::ISurfaceFlingerConfigs::hasWideColorDisplay retrieved: 0
01-16 13:47:38.721  2099  2324 I ConfigStore: android::hardware::configstore::V1_0::ISurfaceFlingerConfigs::hasHDRDisplay retrieved: 0
01-16 13:47:38.721  2099  2324 I OpenGLRenderer: Initialized EGL, version 1.4
01-16 13:47:38.721  2099  2324 D OpenGLRenderer: Swap behavior 1
01-16 13:47:38.721  1933  2033 W BestClock: java.time.DateTimeException: Missing NTP fix
01-16 13:47:38.721  2099  2324 W OpenGLRenderer: Failed to choose config with EGL_SWAP_BEHAVIOR_PRESERVED, retrying without...
01-16 13:47:38.721  2099  2324 D OpenGLRenderer: Swap behavior 0
01-16 13:47:38.723  2427  2427 I Dialer  : GoogleDialerApplication.onCreate - register new client
01-16 13:47:38.723  2148  2148 D CarrierConfigLoader: mHandler: 3 phoneId: 0
01-16 13:47:38.724  2099  2324 D eglCodecCommon: setVertexArrayObject: set vao to 0 (0) 0 0
01-16 13:47:38.724  2099  2324 D EGL_emulation: eglCreateContext: 0xe59056c0: maj 3 min 0 rcv 3
01-16 13:47:38.724  2408  2426 D DefaultCarrierConfigService: Config being fetched
01-16 13:47:38.725  2099  2324 D EGL_emulation: eglMakeCurrent: 0xe59056c0: ver 3 0 (tinfo 0xe5903790)
01-16 13:47:38.727  1767  2372 E SurfaceFlinger: ro.sf.lcd_density must be defined as a build property
01-16 13:47:38.729  1933  2456 D NetworkMonitor/NetworkAgentInfo [MOBILE (LTE) - 100]: PROBE_DNS www.google.com 64ms OK 142.250.201.4,2a00:1450:4006:80a::2004
01-16 13:47:38.730  1933  1984 W ActivityManager: Unbind failed: could not find connection for android.os.BinderProxy@b2eb288
01-16 13:47:38.730  2427  2453 E GmsClient: unable to connect to service: com.google.android.gms.phenotype.service.START on com.google.android.gms
01-16 13:47:38.737  1933  2039 W BestClock: java.time.DateTimeException: Missing NTP fix
01-16 13:47:38.739  1933  2039 W BestClock: java.time.DateTimeException: Missing NTP fix
01-16 13:47:38.740  1933  2033 W BestClock: java.time.DateTimeException: Missing NTP fix
01-16 13:47:38.741  1933  2457 D NetworkMonitor/NetworkAgentInfo [MOBILE (LTE) - 100]: PROBE_DNS connectivitycheck.gstatic.com 74ms OK 142.251.37.35,2a00:1450:4006:80d::2003
01-16 13:47:38.742  1933  2032 W BestClock: java.time.DateTimeException: Missing NTP fix
01-16 13:47:38.752  2427  2427 E ActivityThread: Failed to find provider info for com.google.android.gsf.gservices
01-16 13:47:38.752  2099  2324 D HostConnection: createUnique: call
01-16 13:47:38.752  2148  2148 D CarrierConfigLoader: mHandler: 5 phoneId: 0
01-16 13:47:38.752  2099  2324 D HostConnection: HostConnection::get() New Host Connection established 0xe5922360, tid 2324
01-16 13:47:38.755  2427  2427 I Dialer  : GoogleDialerApplication.onCreate - registered new client
01-16 13:47:38.757  1933  2032 W BestClock: java.time.DateTimeException: Missing NTP fix
01-16 13:47:38.758  1933  2039 W BestClock: java.time.DateTimeException: Missing NTP fix
01-16 13:47:38.760  1933  2039 W BestClock: java.time.DateTimeException: Missing NTP fix
01-16 13:47:38.761  2148  2350 I CarrierInfoManager: using values for mnc, mcc: 260,310
01-16 13:47:38.761  2148  2148 I ImsResolver: Received Carrier Config Changed for SlotId: 0
01-16 13:47:38.761  2148  2148 D CarrierKeyDownloadManager: Carrier Config changed: android.telephony.action.CARRIER_CONFIG_CHANGED
01-16 13:47:38.757  2427  2427 I chatty  : uid=10013(com.google.android.dialer) identical 2 lines
01-16 13:47:38.758  2427  2427 E ActivityThread: Failed to find provider info for com.google.android.gsf.gservices
01-16 13:47:38.764  2099  2407 E ActivityThread: Failed to find provider info for com.android.contacts
01-16 13:47:38.766  2148  2148 D CarrierKeyDownloadManager: Carrier not enabled or invalid values
01-16 13:47:38.766  2148  2148 D CarrierKeyDownloadManager: Cleaning up existing renewal alarms
01-16 13:47:38.766  2427  2427 I Dialer  : LegacyVoicemailNotificationReceiver.onReceive - received legacy voicemail notification
01-16 13:47:38.767  2427  2427 I Dialer  : LegacyVoicemailNotificationReceiver.onReceive - isRefresh: false
01-16 13:47:38.781  2427  2427 I Dialer  : LegacyVoicemailNotificationReceiver.onReceive - clearing notification
01-16 13:47:38.781  2427  2427 I Dialer  : LegacyVoicemailNotifier.cancelNotification - enter
01-16 13:47:38.782  2427  2427 I Dialer  : Flags.register - phenotype register status: false
01-16 13:47:38.782  1933  2033 W BestClock: java.time.DateTimeException: Missing NTP fix
01-16 13:47:38.783  2148  2148 I ImsResolver: Carrier Config updated, binding new ImsService
01-16 13:47:38.798  2427  2427 I Dialer  : LegacyVoicemailNotificationReceiver.onReceive - received legacy voicemail notification
01-16 13:47:38.798  2427  2427 I Dialer  : LegacyVoicemailNotificationReceiver.onReceive - isRefresh: true
01-16 13:47:38.798  1933  2145 D SntpClient: round trip: 53ms, clock offset: 1135ms
01-16 13:47:38.798  2427  2427 I Dialer  : LegacyVoicemailNotificationReceiver.onReceive - clearing notification
01-16 13:47:38.798  2427  2427 I Dialer  : LegacyVoicemailNotifier.cancelNotification - enter
01-16 13:47:38.802  2148  2350 D CarrierInfoManager: No rows found for keyType: 2
01-16 13:47:38.814  2099  2324 D HostConnection: HostComposition ext ANDROID_EMU_CHECKSUM_HELPER_v1 ANDROID_EMU_native_sync_v2 ANDROID_EMU_native_sync_v3 ANDROID_EMU_native_sync_v4 ANDROID_EMU_dma_v1 ANDROID_EMU_YUV420_888_to_NV21 ANDROID_EMU_YUV_Cache ANDROID_EMU_sync_buffer_data GL_OES_EGL_image_external_essl3 GL_OES_vertex_array_object GL_KHR_texture_compression_astc_ldr ANDROID_EMU_host_side_tracing ANDROID_EMU_gles_max_version_3_0 
01-16 13:47:38.814  2099  2324 E eglCodecCommon: GoldfishAddressSpaceHostMemoryAllocator: ioctl_ping failed for device_type=5, ret=-1
01-16 13:47:38.819  1933  1933 I Telecom : PhoneAccountRegistrar: SimCallManager queried, returning: null: TSI.gSCMFU@AC8
01-16 13:47:38.820  2148  2148 D CallNotifier: updatePhoneStateListeners: update CF notifications.
01-16 13:47:38.820  2148  2148 I NotificationMgr: updateCfi: subId= 1, visible=N
01-16 13:47:38.820  1933  2457 D NetworkMonitor/NetworkAgentInfo [MOBILE (LTE) - 100]: PROBE_HTTP http://connectivitycheck.gstatic.com/generate_204 time=79ms ret=204 request={User-Agent=[Mozilla/5.0 (X11; Linux x86_64) AppleWebKit/537.36 (KHTML, like Gecko) Chrome/60.0.3112.32 Safari/537.36]} headers={null=[HTTP/1.1 204 No Content], Content-Length=[0], Cross-Origin-Resource-Policy=[cross-origin], Date=[Mon, 16 Jan 2023 12:47:39 GMT], X-Android-Received-Millis=[1673873258820], X-Android-Response-Source=[NETWORK 204], X-Android-Selected-Protocol=[http/1.1], X-Android-Sent-Millis=[1673873258781]}
01-16 13:47:38.822  2148  2148 I NotificationMgr: updateMwi(): subId 1 update to false
01-16 13:47:38.829  2099  2337 E ActivityThread: Failed to find provider info for com.android.contacts
01-16 13:47:38.834  2427  2427 I Dialer  : LegacyVoicemailNotificationReceiver.onReceive - received legacy voicemail notification
01-16 13:47:38.834  2427  2427 I Dialer  : LegacyVoicemailNotificationReceiver.onReceive - isRefresh: true
01-16 13:47:38.834  2427  2427 I Dialer  : LegacyVoicemailNotificationReceiver.onReceive - clearing notification
01-16 13:47:38.834  2427  2427 I Dialer  : LegacyVoicemailNotifier.cancelNotification - enter
01-16 13:47:38.834  2148  2157 W System  : A resource failed to call close. 
01-16 13:47:38.835  2148  2148 I TelecomFramework: PstnIncomingCallNotifier: Unregistering: Handler (com.android.internal.telephony.GsmCdmaPhone) {265b20}
01-16 13:47:38.836  2467  2467 W d.process.acor: Unexpected CPU variant for X86 using defaults: x86
01-16 13:47:38.836  1933  1951 I ActivityManager: Start proc 2467:android.process.acore/u0a25 for content provider com.android.providers.blockednumber/.BlockedNumberProvider
01-16 13:47:38.859  1933  1945 I Telecom : PhoneAccountRegistrar: Modify account: [ComponentInfo{com.android.phone/com.android.services.telephony.TelephonyConnectionService}, ***, UserHandle{0}]: TSI.rPA@ADI
01-16 13:47:38.863  2148  2148 I TelecomFramework: AccountEntry: Registered phoneAccount: [[ ] PhoneAccount: ComponentInfo{com.android.phone/com.android.services.telephony.TelephonyConnectionService}, ***, UserHandle{0} Capabilities: CallProvider MultiUser PlaceEmerg SimSub  Audio Routes: BESW Schemes: tel voicemail  Extras: Bundle[{android.telecom.extra.SUPPORTS_VIDEO_CALLING_FALLBACK=true}] GroupId: ***] with handle: ComponentInfo{com.android.phone/com.android.services.telephony.TelephonyConnectionService}, ***, UserHandle{0}
01-16 13:47:38.863  2148  2148 I TelecomFramework: PstnIncomingCallNotifier: Registering: Handler (com.android.internal.telephony.GsmCdmaPhone) {265b20}
01-16 13:47:38.874  2148  2148 I ImsExternalCallTracker: handleVideoCapabilitiesChanged : isVideoCapable = false
01-16 13:47:38.874  2148  2148 D ImsExternalCallTracker: refreshCallPullState
01-16 13:47:38.874  2148  2148 I TelecomFramework: PstnPhoneCapabilitiesNotifier: handleVideoCapabilitesChanged. Video capability - false
01-16 13:47:38.882  2467  2467 I d.process.acor: The ClassLoaderContext is a special shared library.
01-16 13:47:38.897  2467  2467 I d.process.acor: The ClassLoaderContext is a special shared library.
01-16 13:47:38.904  1637  1704 D gralloc_ranchu: gralloc_alloc: Creating ashmem region of size 487424
01-16 13:47:38.904  1933  1984 I Telecom : PhoneAccountRegistrar: Modify account: [ComponentInfo{com.android.phone/com.android.services.telephony.TelephonyConnectionService}, ***, UserHandle{0}]: TSI.rPA@ADU
01-16 13:47:38.905  1637  1637 D gralloc_ranchu: gralloc_alloc: Creating ashmem region of size 487424
01-16 13:47:38.906  1637  1704 D gralloc_ranchu: gralloc_alloc: Creating ashmem region of size 487424
01-16 13:47:38.912  2099  2099 D StatusBar: disable<e i a s b h r c s > disable2<q i n >
01-16 13:47:38.915  1933  2035 D WifiService: New client listening to asynchronous messages
01-16 13:47:38.929  1933  2053 I GnssLocationProvider: WakeLock acquired by sendMessage(REPORT_SV_STATUS, 0, com.android.server.location.GnssLocationProvider$SvStatusInfo@26a00d7)
01-16 13:47:38.929  1933  1948 I GnssLocationProvider: WakeLock released by handleMessage(REPORT_SV_STATUS, 0, com.android.server.location.GnssLocationProvider$SvStatusInfo@26a00d7)
01-16 13:47:38.986  2064  2064 E ActivityThread: Failed to find provider info for com.google.android.gsf.gservices
01-16 13:47:38.987  2064  2064 E ActivityThread: Failed to find provider info for com.google.android.gsf.gservices
01-16 13:47:39.022  1933  1988 W LocalDisplayAdapter: Unable to find color mode 0, ignoring request.
01-16 13:47:39.026  1933  2456 D NetworkMonitor/NetworkAgentInfo [MOBILE (LTE) - 100]: PROBE_HTTPS https://www.google.com/generate_204 time=295ms ret=204 request={User-Agent=[Mozilla/5.0 (X11; Linux x86_64) AppleWebKit/537.36 (KHTML, like Gecko) Chrome/60.0.3112.32 Safari/537.36]} headers={null=[HTTP/1.1 204 No Content], Alt-Svc=[h3=":443"; ma=2592000,h3-29=":443"; ma=2592000,h3-Q050=":443"; ma=2592000,h3-Q046=":443"; ma=2592000,h3-Q043=":443"; ma=2592000,quic=":443"; ma=2592000; v="46,43"], Content-Length=[0], Cross-Origin-Resource-Policy=[cross-origin], Date=[Mon, 16 Jan 2023 12:47:40 GMT], X-Android-Received-Millis=[1673873259026], X-Android-Response-Source=[NETWORK 204], X-Android-Selected-Protocol=[http/1.1], X-Android-Sent-Millis=[1673873258887]}
01-16 13:47:39.024  1933  1988 W LocalDisplayAdapter: Unable to find color mode 0, ignoring request.
01-16 13:47:39.028  1933  2039 D ConnectivityService: NetworkAgentInfo [MOBILE (LTE) - 100] validation passed
01-16 13:47:39.029  1933  2009 I InputReader: Reconfiguring input devices.  changes=0x00000004
01-16 13:47:39.030  1933  2051 I GnssLocationProvider: WakeLock acquired by sendMessage(UPDATE_NETWORK_STATE, 0, 100)
01-16 13:47:39.037  1933  1948 I GnssLocationProvider: WakeLock released by handleMessage(UPDATE_NETWORK_STATE, 0, 100)
01-16 13:47:39.140  2299  2329 D eglCodecCommon: setVertexArrayObject: set vao to 0 (0) 1 2
01-16 13:47:39.143  1933  1933 W Looper  : Slow dispatch took 324ms main h=android.app.ActivityThread$H c=android.app.-$$Lambda$LoadedApk$ReceiverDispatcher$Args$_BumDX2UKsnxLVrE6UJsJZkotuA@fbf515c m=0
01-16 13:47:39.144  1933  1933 W Looper  : Slow delivery took 377ms main h=com.android.server.job.JobSchedulerService$JobHandler c=null m=4
01-16 13:47:39.144  1933  1933 I GnssLocationProvider: WakeLock acquired by sendMessage(SUBSCRIPTION_OR_SIM_CHANGED, 0, null)
01-16 13:47:39.146  1933  1933 W Looper  : Drained
01-16 13:47:39.154  1933  1948 E GnssLocationProvider: no AGPS interface in set_agps_server
01-16 13:47:39.154  1933  1948 I GnssLocationProvider: WakeLock released by handleMessage(SUBSCRIPTION_OR_SIM_CHANGED, 0, null)
01-16 13:47:39.326  2099  2110 I ndroid.systemu: Background concurrent copying GC freed 44389(3MB) AllocSpace objects, 43(1500KB) LOS objects, 50% free, 3MB/7MB, paused 532us total 106.535ms
01-16 13:47:39.765  1637  1704 D gralloc_ranchu: gralloc_alloc: Creating ashmem region of size 16592896
01-16 13:47:39.767  2099  2099 I ImageWallpaper: Redrawing in rect: RectF(0.0, 0.0, 3495.9375, 2880.0) with surface size: 1440x2880
01-16 13:47:39.771  2099  2324 D EGL_emulation: eglMakeCurrent: 0xe59056c0: ver 3 0 (tinfo 0xe5903790)
01-16 13:47:39.797  2099  2324 D eglCodecCommon: setVertexArrayObject: set vao to 0 (0) 3 2
01-16 13:47:39.834  1933  1988 W LocalDisplayAdapter: Unable to find color mode 0, ignoring request.
01-16 13:47:39.834  1637  1704 D gralloc_ranchu: gralloc_alloc: Creating ashmem region of size 16592896
01-16 13:47:39.836  1933  2009 I InputReader: Reconfiguring input devices.  changes=0x00000004
01-16 13:47:39.852  2099  2099 I Choreographer: Skipped 71 frames!  The application may be doing too much work on its main thread.
01-16 13:47:39.864  1637  1704 D gralloc_ranchu: gralloc_alloc: Creating ashmem region of size 970752
01-16 13:47:39.873  1637  1704 D gralloc_ranchu: gralloc_alloc: Creating ashmem region of size 40960
01-16 13:47:39.884  1933  2009 I InputReader: Reconfiguring input devices.  changes=0x00000004
01-16 13:47:39.888  1637  1704 D gralloc_ranchu: gralloc_alloc: Creating ashmem region of size 40960
01-16 13:47:39.891  1637  1704 I chatty  : uid=1000(system) HwBinder:1637_2 identical 5 lines
01-16 13:47:39.905  1637  1704 D gralloc_ranchu: gralloc_alloc: Creating ashmem region of size 40960
01-16 13:47:39.907  2099  2324 D EGL_emulation: eglMakeCurrent: 0xe59056c0: ver 3 0 (tinfo 0xe5903790)
01-16 13:47:39.935  1933  2053 I GnssLocationProvider: WakeLock acquired by sendMessage(REPORT_SV_STATUS, 0, com.android.server.location.GnssLocationProvider$SvStatusInfo@da7c98c)
01-16 13:47:39.935  1933  1948 I GnssLocationProvider: WakeLock released by handleMessage(REPORT_SV_STATUS, 0, com.android.server.location.GnssLocationProvider$SvStatusInfo@da7c98c)
01-16 13:47:39.952  1637  1704 D gralloc_ranchu: gralloc_alloc: Creating ashmem region of size 970752
01-16 13:47:39.953  2099  2324 I OpenGLRenderer: Davey! duration=1298ms; Flags=1, IntendedVsync=60015087817, Vsync=61198421103, OldestInputEvent=9223372036854775807, NewestInputEvent=0, HandleInputStart=61212810064, AnimationStart=61212824866, PerformTraversalsStart=61213135429, DrawStart=61226009003, SyncQueued=61267016275, SyncStart=61267519233, IssueDrawCommandsStart=61267914528, SwapBuffers=61304123766, FrameCompleted=61313785930, DequeueBufferDuration=1691000, QueueBufferDuration=625000, 
01-16 13:47:40.010  2099  2324 D EGL_emulation: eglMakeCurrent: 0xe59056c0: ver 3 0 (tinfo 0xe5903790)
01-16 13:47:40.080  2099  2324 I OpenGLRenderer: Davey! duration=1424ms; Flags=1, IntendedVsync=60015087817, Vsync=61198421103, OldestInputEvent=9223372036854775807, NewestInputEvent=0, HandleInputStart=61212810064, AnimationStart=61212824866, PerformTraversalsStart=61213135429, DrawStart=61334234516, SyncQueued=61370395651, SyncStart=61371281490, IssueDrawCommandsStart=61371380964, SwapBuffers=61428143275, FrameCompleted=61440068715, DequeueBufferDuration=467000, QueueBufferDuration=477000, 
01-16 13:47:40.120  2099  2099 W KeyguardUpdateMonitor: invalid subId in handleServiceStateChange()
01-16 13:47:40.125  2099  2099 W KeyguardUpdateMonitor: invalid subId in handleServiceStateChange()
01-16 13:47:40.125  2099  2099 W KeyguardUpdateMonitor: invalid subId in handleSimStateChange()
01-16 13:47:40.148  1767  1782 W SurfaceFlinger: Attempting to destroy on removed layer: 66887a9 DockedStackDivider#0
01-16 13:47:40.207  2099  2099 I ImageWallpaper: Redrawing in rect: RectF(0.0, 0.0, 3495.9375, 2880.0) with surface size: 1440x2880
01-16 13:47:40.207  2099  2324 D EGL_emulation: eglMakeCurrent: 0xe59056c0: ver 3 0 (tinfo 0xe5903790)
01-16 13:47:40.211  2099  2099 I ImageWallpaper: Redrawing in rect: RectF(0.0, 0.0, 3495.9375, 2880.0) with surface size: 1440x2880
01-16 13:47:40.212  1637  1704 D gralloc_ranchu: gralloc_alloc: Creating ashmem region of size 16592896
01-16 13:47:40.219  2099  2099 I ImageWallpaper: Redrawing in rect: RectF(0.0, 0.0, 3495.9375, 2880.0) with surface size: 1440x2880
01-16 13:47:39.872  1933  1988 W LocalDisplayAdapter: Unable to find color mode 0, ignoring request.
01-16 13:47:40.272  2064  2064 E ActivityThread: Failed to find provider info for com.google.android.gsf.gservices
01-16 13:47:40.251  2099  2099 I ImageWallpaper: Redrawing in rect: RectF(0.0, 0.0, 3495.9375, 2880.0) with surface size: 1440x2880
01-16 13:47:40.285  2064  2064 I chatty  : uid=10012 com.google.android.gms.persistent expire 46 lines
01-16 13:47:40.287  2064  2064 I chatty  : uid=10012 com.google.android.gms.persistent identical 2 lines
01-16 13:47:40.288  2064  2064 E ActivityThread: Failed to find provider info for com.google.android.gsf.gservices
01-16 13:47:40.292  1933  1957 I WindowManager: ******* TELLING SURFACE FLINGER WE ARE BOOTED!
01-16 13:47:40.292  1767  1818 I SurfaceFlinger: Boot is finished (46764 ms)
01-16 13:47:40.293  1637  1704 D gralloc_ranchu: gralloc_alloc: Creating ashmem region of size 40960
01-16 13:47:40.296  1637  1704 D gralloc_ranchu: gralloc_alloc: Creating ashmem region of size 40960
01-16 13:47:40.298  1772  1772 E installd: Failed to unlink /data//dalvik-cache/x86/.booting: No such file or directory
01-16 13:47:40.298  1933  1957 W ActivityManager: Unable to mark boot complete for abi: x86 (android.os.ServiceSpecificException: Failed to unlink /data//dalvik-cache/x86/.booting (code 2))
01-16 13:47:40.299  1772  1772 E installd: Failed to unlink /data//dalvik-cache/arm/.booting: No such file or directory
01-16 13:47:40.299  1933  1957 W ActivityManager: Unable to mark boot complete for abi: armeabi-v7a (android.os.ServiceSpecificException: Failed to unlink /data//dalvik-cache/arm/.booting (code 2))
01-16 13:47:40.300  1933  1957 I SystemServiceManager: Starting phase 1000
01-16 13:47:40.305  1637  1704 D gralloc_ranchu: gralloc_alloc: Creating ashmem region of size 40960
01-16 13:47:40.307  1637  1704 D gralloc_ranchu: gralloc_alloc: Creating ashmem region of size 40960
01-16 13:47:40.309  2099  2324 D EGL_emulation: eglMakeCurrent: 0xe59056c0: ver 3 0 (tinfo 0xe5903790)
01-16 13:47:40.313  1637  1704 D gralloc_ranchu: gralloc_alloc: Creating ashmem region of size 970752
01-16 13:47:40.318  1933  1957 D ActivityManager: Finishing user boot 0
01-16 13:47:40.318  1933  1957 I ActivityManager: User 0 state changed from BOOTING to RUNNING_LOCKED
01-16 13:47:40.319  1933  1957 D ActivityManager: Started unlocking user 0
01-16 13:47:40.319  1933  1957 D ActivityManager: Unlocking user 0 progress 0
01-16 13:47:40.319  1933  1957 D ActivityManager: Unlocking user 0 progress 5
01-16 13:47:40.319  1580  1587 D vold    : e4crypt_prepare_user_storage for volume null, user 0, serial 0, flags 2
01-16 13:47:40.319  1580  1587 D vold    : Preparing: /data/system_ce/0
01-16 13:47:40.320  1580  1587 D vold    : Preparing: /data/misc_ce/0
01-16 13:47:40.320  1580  1587 D vold    : Preparing: /data/vendor_ce/0
01-16 13:47:40.320  1580  1587 D vold    : Preparing: /data/media/0
01-16 13:47:40.320  1580  1587 D vold    : Preparing: /data/data
01-16 13:47:40.323  2495  2495 I bootstat: Service started: /system/bin/bootstat --set_system_boot_reason --record_boot_complete --record_boot_reason --record_time_since_factory_reset -l 
01-16 13:47:40.330  1933  1951 I ActivityManager: Start proc 2497:com.google.android.ext.services/u0a23 for on-hold
01-16 13:47:40.330  2064  2064 E ActivityThread: Failed to find provider info for com.google.android.gsf.gservices
01-16 13:47:40.338  2099  2324 D EGL_emulation: eglMakeCurrent: 0xe59056c0: ver 3 0 (tinfo 0xe5903790)
01-16 13:47:40.358  2495  2495 I bootstat: Battery level at startup 100%
01-16 13:47:40.358  2495  2495 I bootstat: Canonical boot reason: reboot
01-16 13:47:40.362  2099  2099 W System  : ClassLoader referenced unknown path: 
01-16 13:47:40.379  2099  2324 D EGL_emulation: eglMakeCurrent: 0xe59056c0: ver 3 0 (tinfo 0xe5903790)
01-16 13:47:40.391  2495  2495 E bootstat: Failed to read /data/misc/bootstat/last_boot_time_utc: No such file or directory
01-16 13:47:40.391  2495  2495 E bootstat: Failed to parse boot time record: /data/misc/bootstat/last_boot_time_utc
01-16 13:47:40.391  2495  2495 E bootstat: Failed to read /data/misc/bootstat/build_date: No such file or directory
01-16 13:47:40.391  2495  2495 E bootstat: Failed to parse boot time record: /data/misc/bootstat/build_date
01-16 13:47:40.391  2495  2495 I bootstat: Canonical boot reason: reboot,factory_reset
01-16 13:47:40.393  2099  2324 D EGL_emulation: eglMakeCurrent: 0xe59056c0: ver 3 0 (tinfo 0xe5903790)
01-16 13:47:40.335  2064  2064 I chatty  : uid=10012 com.google.android.gms.persistent identical 4 lines
01-16 13:47:40.335  2064  2064 E ActivityThread: Failed to find provider info for com.google.android.gsf.gservices
01-16 13:47:40.396  2497  2497 W id.ext.service: Unexpected CPU variant for X86 using defaults: x86
01-16 13:47:40.432  2495  2495 E bootstat: Failed to read /data/misc/bootstat/factory_reset: No such file or directory
01-16 13:47:40.432  2495  2495 E bootstat: Failed to parse boot time record: /data/misc/bootstat/factory_reset
01-16 13:47:40.435  2497  2497 I id.ext.service: The ClassLoaderContext is a special shared library.
01-16 13:47:40.455  1580  1587 I vold_prepare_subdirs: SELinux: Loaded file_contexts
01-16 13:47:40.455  2520  2520 D vold_prepare_subdirs: Setting up mode 700 uid 0 gid 0 context u:object_r:vold_data_file:s0 on path: /data/misc_ce/0/vold
01-16 13:47:40.455  2520  2520 D vold_prepare_subdirs: Setting up mode 700 uid 0 gid 0 context u:object_r:storaged_data_file:s0 on path: /data/misc_ce/0/storaged
01-16 13:47:40.456  2497  2521 D ExtAssistant: File doesn't exist or isn't readable yet
01-16 13:47:40.457  1933  1955 D UserDataPreparer: Serial number missing on /data/system_ce/0; assuming current is valid
01-16 13:47:40.458  1933  1955 D UserDataPreparer: Setting property: sys.user.0.ce_available=true
01-16 13:47:40.472  1933  1945 E ActivityManager: Sending non-protected broadcast com.android.systemui.demo from system 2099:com.android.systemui/u0a33 pkg com.android.systemui
01-16 13:47:40.472  1933  1945 E ActivityManager: java.lang.Throwable
01-16 13:47:40.472  1933  1945 E ActivityManager: 	at com.android.server.am.ActivityManagerService.checkBroadcastFromSystem(ActivityManagerService.java:21206)
01-16 13:47:40.472  1933  1945 E ActivityManager: 	at com.android.server.am.ActivityManagerService.broadcastIntentLocked(ActivityManagerService.java:21717)
01-16 13:47:40.472  1933  1945 E ActivityManager: 	at com.android.server.am.ActivityManagerService.broadcastIntent(ActivityManagerService.java:21952)
01-16 13:47:40.472  1933  1945 E ActivityManager: 	at android.app.IActivityManager$Stub.onTransact$broadcastIntent$(IActivityManager.java:10171)
01-16 13:47:40.472  1933  1945 E ActivityManager: 	at android.app.IActivityManager$Stub.onTransact(IActivityManager.java:167)
01-16 13:47:40.472  1933  1945 E ActivityManager: 	at com.android.server.am.ActivityManagerService.onTransact(ActivityManagerService.java:3291)
01-16 13:47:40.472  1933  1945 E ActivityManager: 	at android.os.Binder.execTransact(Binder.java:731)
01-16 13:47:40.479  1933  1945 E ActivityManager: Sending non-protected broadcast com.android.systemui.demo from system 2099:com.android.systemui/u0a33 pkg com.android.systemui
01-16 13:47:40.479  1933  1945 E ActivityManager: java.lang.Throwable
01-16 13:47:40.479  1933  1945 E ActivityManager: 	at com.android.server.am.ActivityManagerService.checkBroadcastFromSystem(ActivityManagerService.java:21206)
01-16 13:47:40.479  1933  1945 E ActivityManager: 	at com.android.server.am.ActivityManagerService.broadcastIntentLocked(ActivityManagerService.java:21810)
01-16 13:47:40.479  1933  1945 E ActivityManager: 	at com.android.server.am.ActivityManagerService.broadcastIntent(ActivityManagerService.java:21952)
01-16 13:47:40.479  1933  1945 E ActivityManager: 	at android.app.IActivityManager$Stub.onTransact$broadcastIntent$(IActivityManager.java:10171)
01-16 13:47:40.479  1933  1945 E ActivityManager: 	at android.app.IActivityManager$Stub.onTransact(IActivityManager.java:167)
01-16 13:47:40.479  1933  1945 E ActivityManager: 	at com.android.server.am.ActivityManagerService.onTransact(ActivityManagerService.java:3291)
01-16 13:47:40.479  1933  1945 E ActivityManager: 	at android.os.Binder.execTransact(Binder.java:731)
01-16 13:47:40.484  2064  2064 E ActivityThread: Failed to find provider info for com.google.android.gsf.gservices
01-16 13:47:40.485  2064  2064 E ActivityThread: Failed to find provider info for com.google.android.gsf.gservices
01-16 13:47:40.485  2064  2064 E ActivityThread: Failed to find provider info for com.google.android.gsf.gservices
01-16 13:47:40.486  2064  2064 E ActivityThread: Failed to find provider info for com.google.android.gsf.gservices
01-16 13:47:40.486  2064  2064 E ActivityThread: Failed to find provider info for com.google.android.gsf.gservices
01-16 13:47:40.487  2064  2064 E ActivityThread: Failed to find provider info for com.google.android.gsf.gservices
01-16 13:47:40.488  2064  2064 E ActivityThread: Failed to find provider info for com.google.android.gsf.gservices
01-16 13:47:40.489  2064  2064 E ActivityThread: Failed to find provider info for com.google.android.gsf.gservices
01-16 13:47:40.664  1933  1955 I ActivityManager: User 0 state changed from RUNNING_LOCKED to RUNNING_UNLOCKING
01-16 13:47:40.664  1933  1955 D ActivityManager: Unlocking user 0 progress 20
01-16 13:47:40.664  1933  1955 W Looper  : Slow dispatch took 345ms android.fg h=android.os.Handler c=com.android.server.am.-$$Lambda$UserController$o6oQFjGYYIfx-I94cSakTLPLt6s@bdf4b16 m=0
01-16 13:47:40.664  1933  1949 I SystemServiceManager: Calling onUnlockUser u0
01-16 13:47:40.664  1933  1955 W Looper  : Slow delivery took 266ms android.fg h=com.android.server.DropBoxManagerService$3 c=null m=1
01-16 13:47:40.664  1933  1949 D StorageManagerService: onUnlockUser 0
01-16 13:47:40.664  1580  1587 D vold    : Linking /storage/emulated/0 to /mnt/user/0/primary
01-16 13:47:40.664  1933  1955 W Looper  : Drained
01-16 13:47:40.665  1933  2011 D StorageManagerService: Volume public:253,80 broadcasting mounted to UserHandle{0}
01-16 13:47:40.665  1933  2011 D StorageManagerService: Volume emulated broadcasting mounted to UserHandle{0}
01-16 13:47:40.702  1933  2036 W WifiConfigManager: Ignore user unlock until store is read!
01-16 13:47:40.712  1933  1949 E AutofillManagerServiceImpl: Bad AutofillService name: com.google.android.gms/.autofill.service.AutofillService
01-16 13:47:40.712  1933  1949 D AutofillManagerServiceImpl: Reset component for user 0 (com.google.android.gms/.autofill.service.AutofillService)
01-16 13:47:40.712  1933  1949 E AutofillManagerServiceImpl: Bad AutofillService name: com.google.android.gms/.autofill.service.AutofillService
01-16 13:47:40.712  1933  1949 D AutofillManagerServiceImpl: Reset component for user 0 (com.google.android.gms/.autofill.service.AutofillService)
01-16 13:47:40.712  1933  1949 D FieldClassificationStrategy: reset(): service is not bound. Do nothing.
01-16 13:47:40.712  1933  1949 I ActivityManager: User 0 state changed from RUNNING_UNLOCKING to RUNNING_UNLOCKED
01-16 13:47:40.712  1933  1949 D SystemServerTiming: SystemUserUnlock took to complete: 393ms
01-16 13:47:40.713  1933  1933 W InputMethodManagerService: Illegal subtype state: old subtype = null, new subtype = android.view.inputmethod.InputMethodSubtype@70bfcd7e
01-16 13:47:40.715  1933  1950 D AutofillUI: destroySaveUiUiThread(): already destroyed
01-16 13:47:40.727  1933  1951 I ActivityManager: Start proc 2526:com.google.android.googlequicksearchbox:interactor/u0a40 for service com.google.android.googlequicksearchbox/com.google.android.voiceinteraction.GsaVoiceInteractionService
01-16 13:47:40.727  2075  2075 I InputContentProvider: Created InputContentProvider: exported=[false]
01-16 13:47:40.727  2526  2526 I chatty  : uid=10040 com.google.android.googlequicksearchbox:interactor expire 7 lines
01-16 13:47:40.729  1933  2524 I SELinux : SELinux: Loaded file_contexts
01-16 13:47:40.740  1933  1949 I PreBootBroadcaster: Pre-boot of {com.android.managedprovisioning/com.android.managedprovisioning.ota.PreBootListener} for user 0
01-16 13:47:40.743  2099  2324 D EGL_emulation: eglMakeCurrent: 0xe59056c0: ver 3 0 (tinfo 0xe5903790)
01-16 13:47:40.745  1933  1951 I ActivityManager: Start proc 2542:com.android.se/1068 for added application com.android.se
01-16 13:47:40.748  2542  2542 W com.android.se: Unexpected CPU variant for X86 using defaults: x86
01-16 13:47:40.751  2299  2299 D FallbackHome: User unlocked and real home found; let's go!
01-16 13:47:40.757  2099  2324 D EGL_emulation: eglMakeCurrent: 0xe59056c0: ver 3 0 (tinfo 0xe5903790)
01-16 13:47:40.759  1933  2371 I ActivityManager: START u0 {act=android.intent.action.MAIN cat=[android.intent.category.HOME] flg=0x10000100 cmp=com.google.android.sdksetup/.DefaultActivity} from uid 0
01-16 13:47:40.773  1933  1988 W System  : ClassLoader referenced unknown path: 
01-16 13:47:40.776  1933  1951 I ActivityManager: Start proc 2562:com.google.process.gservices/u0a12 for content provider com.google.android.gsf/.gservices.GservicesProvider
01-16 13:47:40.795  2204  2204 I SetupWizard: [PreDeferredLifecycleScheduler] Starting predeferred lifecycle
01-16 13:47:40.795  2204  2204 I SetupWizard: [ComponentLifecycleCallback] Enabling all components
01-16 13:47:40.798  1933  1984 D PackageManager: Instant App installer not found with android.intent.action.INSTALL_INSTANT_APP_PACKAGE
01-16 13:47:40.798  1933  1984 D PackageManager: Clear ephemeral installer activity
01-16 13:47:40.798  2542  2542 I com.android.se: The ClassLoaderContext is a special shared library.
01-16 13:47:40.798  1933  1984 D PackageManager: Instant App installer not found with android.intent.action.INSTALL_INSTANT_APP_PACKAGE
01-16 13:47:40.798  1933  1984 D PackageManager: Clear ephemeral installer activity
01-16 13:47:40.799  1933  1984 D PackageManager: Instant App installer not found with android.intent.action.INSTALL_INSTANT_APP_PACKAGE
01-16 13:47:40.799  1933  1984 D PackageManager: Clear ephemeral installer activity
01-16 13:47:40.799  1933  1984 D PackageManager: Instant App installer not found with android.intent.action.INSTALL_INSTANT_APP_PACKAGE
01-16 13:47:40.799  1933  1984 D PackageManager: Clear ephemeral installer activity
01-16 13:47:40.799  1933  1984 D PackageManager: Instant App installer not found with android.intent.action.INSTALL_INSTANT_APP_PACKAGE
01-16 13:47:40.799  1933  1984 D PackageManager: Clear ephemeral installer activity
01-16 13:47:40.802  1933  1984 D PackageManager: Instant App installer not found with android.intent.action.INSTALL_INSTANT_APP_PACKAGE
01-16 13:47:40.802  1933  1984 D PackageManager: Clear ephemeral installer activity
01-16 13:47:40.806  1933  1945 D PackageManager: Instant App installer not found with android.intent.action.INSTALL_INSTANT_APP_PACKAGE
01-16 13:47:40.806  1933  1945 D PackageManager: Clear ephemeral installer activity
01-16 13:47:40.807  1933  1984 D PackageManager: Instant App installer not found with android.intent.action.INSTALL_INSTANT_APP_PACKAGE
01-16 13:47:40.807  1933  1984 D PackageManager: Clear ephemeral installer activity
01-16 13:47:40.808  1933  1985 D PackageManager: Instant App installer not found with android.intent.action.INSTALL_INSTANT_APP_PACKAGE
01-16 13:47:40.808  1933  1985 D PackageManager: Clear ephemeral installer activity
01-16 13:47:40.808  1933  1985 D PackageManager: Instant App installer not found with android.intent.action.INSTALL_INSTANT_APP_PACKAGE
01-16 13:47:40.808  1933  1985 D PackageManager: Clear ephemeral installer activity
01-16 13:47:40.811  1933  1985 D PackageManager: Instant App installer not found with android.intent.action.INSTALL_INSTANT_APP_PACKAGE
01-16 13:47:40.811  1933  1985 D PackageManager: Clear ephemeral installer activity
01-16 13:47:40.811  1933  1985 D PackageManager: Instant App installer not found with android.intent.action.INSTALL_INSTANT_APP_PACKAGE
01-16 13:47:40.811  1933  1985 D PackageManager: Clear ephemeral installer activity
01-16 13:47:40.812  1933  1985 D PackageManager: Instant App installer not found with android.intent.action.INSTALL_INSTANT_APP_PACKAGE
01-16 13:47:40.812  1933  1985 D PackageManager: Clear ephemeral installer activity
01-16 13:47:40.812  1933  1985 D PackageManager: Instant App installer not found with android.intent.action.INSTALL_INSTANT_APP_PACKAGE
01-16 13:47:40.812  1933  1985 D PackageManager: Clear ephemeral installer activity
01-16 13:47:40.812  1933  1985 D PackageManager: Instant App installer not found with android.intent.action.INSTALL_INSTANT_APP_PACKAGE
01-16 13:47:40.812  1933  1985 D PackageManager: Clear ephemeral installer activity
01-16 13:47:40.812  2075  2075 I TransientFileCleaner: Deleting 0 files
01-16 13:47:40.813  1933  1985 D PackageManager: Instant App installer not found with android.intent.action.INSTALL_INSTANT_APP_PACKAGE
01-16 13:47:40.813  1933  1985 D PackageManager: Clear ephemeral installer activity
01-16 13:47:40.813  1933  1985 D PackageManager: Instant App installer not found with android.intent.action.INSTALL_INSTANT_APP_PACKAGE
01-16 13:47:40.813  1933  1985 D PackageManager: Clear ephemeral installer activity
01-16 13:47:40.813  1933  1985 D PackageManager: Instant App installer not found with android.intent.action.INSTALL_INSTANT_APP_PACKAGE
01-16 13:47:40.813  1933  1985 D PackageManager: Clear ephemeral installer activity
01-16 13:47:40.813  1933  1985 D PackageManager: Instant App installer not found with android.intent.action.INSTALL_INSTANT_APP_PACKAGE
01-16 13:47:40.813  1933  1985 D PackageManager: Clear ephemeral installer activity
01-16 13:47:40.813  1933  1985 D PackageManager: Instant App installer not found with android.intent.action.INSTALL_INSTANT_APP_PACKAGE
01-16 13:47:40.813  1933  1985 D PackageManager: Clear ephemeral installer activity
01-16 13:47:40.813  1933  1945 D PackageManager: Instant App installer not found with android.intent.action.INSTALL_INSTANT_APP_PACKAGE
01-16 13:47:40.813  1933  1945 D PackageManager: Clear ephemeral installer activity
01-16 13:47:40.814  2075  2075 I FeaturePermissions: onSharedPreferenceChanged() : Key = pref_key_should_reset_suggestions_pref : Feature = null
01-16 13:47:40.814  1933  1945 D PackageManager: Instant App installer not found with android.intent.action.INSTALL_INSTANT_APP_PACKAGE
01-16 13:47:40.815  1933  1945 D PackageManager: Clear ephemeral installer activity
01-16 13:47:40.815  1933  1945 D PackageManager: Instant App installer not found with android.intent.action.INSTALL_INSTANT_APP_PACKAGE
01-16 13:47:40.815  1933  1945 D PackageManager: Clear ephemeral installer activity
01-16 13:47:40.816  2075  2075 I FeaturePermissions: onSharedPreferenceChanged() : Key = show_launcher_icon : Feature = null
01-16 13:47:40.816  2075  2075 I LauncherIconVisibility: doUpdate() : Visible = false
01-16 13:47:40.816  1933  1945 D PackageManager: Instant App installer not found with android.intent.action.INSTALL_INSTANT_APP_PACKAGE
01-16 13:47:40.816  1933  1945 D PackageManager: Clear ephemeral installer activity
01-16 13:47:40.817  2148  2148 D CarrierSvcBindHelper: Received android.intent.action.USER_UNLOCKED
01-16 13:47:40.817  1933  1984 D PackageManager: Instant App installer not found with android.intent.action.INSTALL_INSTANT_APP_PACKAGE
01-16 13:47:40.817  1933  1984 D PackageManager: Clear ephemeral installer activity
01-16 13:47:40.817  1933  1962 I ActivityManager: Killing 2075:com.google.android.inputmethod.latin/u0a82 (adj 200): change com.google.android.inputmethod.latin
01-16 13:47:40.818  1933  1962 W ActivityManager: Scheduling restart of crashed service com.google.android.inputmethod.latin/com.android.inputmethod.latin.LatinIME in 1000ms
01-16 13:47:40.819  1933  1952 W libprocessgroup: kill(-2075, 9) failed: No such process
01-16 13:47:40.820  2148  2148 D CarrierSvcBindHelper: No carrier app for: 0
01-16 13:47:40.821  2148  2148 D IntentBroadcaster: Rebroadcasting intent android.intent.action.SIM_STATE_CHANGED LOADED for slotId 0
01-16 13:47:40.821  2467  2568 I ContactsDatabaseHelper: Bootstrapping database contacts2.db version: 1300
01-16 13:47:40.821  1933  1933 D NotificationListeners: Removing active service ComponentInfo{com.google.android.ext.services/android.ext.services.notification.Assistant}
01-16 13:47:40.825  2562  2562 I chatty  : uid=10012(com.google.android.gms) com.google.process.gservices expire 4 lines
01-16 13:47:40.825  1933  1933 I AccountManagerService: User 0 is unlocked - opening CE database
01-16 13:47:40.826  1933  1984 D PackageManager: Instant App installer not found with android.intent.action.INSTALL_INSTANT_APP_PACKAGE
01-16 13:47:40.827  1933  1984 D PackageManager: Clear ephemeral installer activity
01-16 13:47:40.828  1933  2524 E BackupPasswordManager: Unable to read backup pw version
01-16 13:47:40.829  1933  1951 W ActivityManager: Slow operation: 61ms so far, now at startProcess: returned from zygote!
01-16 13:47:40.834  1933  2524 E BackupPasswordManager: Unable to read saved backup pw hash
01-16 13:47:40.835  2573  2573 W ndroid.sdksetu: Unexpected CPU variant for X86 using defaults: x86
01-16 13:47:40.836  1933  1984 D PackageManager: Instant App installer not found with android.intent.action.INSTALL_INSTANT_APP_PACKAGE
01-16 13:47:40.836  1933  1984 D PackageManager: Clear ephemeral installer activity
01-16 13:47:40.838  1933  1984 D PackageManager: Instant App installer not found with android.intent.action.INSTALL_INSTANT_APP_PACKAGE
01-16 13:47:40.838  1933  1984 D PackageManager: Clear ephemeral installer activity
01-16 13:47:40.839  1933  1944 D PackageManager: Instant App installer not found with android.intent.action.INSTALL_INSTANT_APP_PACKAGE
01-16 13:47:40.839  1933  1944 D PackageManager: Clear ephemeral installer activity
01-16 13:47:40.840  1933  1984 D PackageManager: Instant App installer not found with android.intent.action.INSTALL_INSTANT_APP_PACKAGE
01-16 13:47:40.840  1933  1984 D PackageManager: Clear ephemeral installer activity
01-16 13:47:40.840  1933  1945 D PackageManager: Instant App installer not found with android.intent.action.INSTALL_INSTANT_APP_PACKAGE
01-16 13:47:40.840  1933  1945 D PackageManager: Clear ephemeral installer activity
01-16 13:47:40.842  1933  1984 D PackageManager: Instant App installer not found with android.intent.action.INSTALL_INSTANT_APP_PACKAGE
01-16 13:47:40.842  1933  1984 D PackageManager: Clear ephemeral installer activity
01-16 13:47:40.842  1933  2525 E system_server: No package ID 7f found for ID 0x7f08017c.
01-16 13:47:40.842  1933  2525 E system_server: No package ID 7f found for ID 0x7f120f74.
01-16 13:47:40.842  1933  1984 D PackageManager: Instant App installer not found with android.intent.action.INSTALL_INSTANT_APP_PACKAGE
01-16 13:47:40.842  1933  1984 D PackageManager: Clear ephemeral installer activity
01-16 13:47:40.842  1933  2525 E system_server: No package ID 7f found for ID 0x7f08017b.
01-16 13:47:40.842  1933  2525 E system_server: No package ID 7f found for ID 0x7f120480.
01-16 13:47:40.842  1933  2525 E system_server: No package ID 7f found for ID 0x7f08017a.
01-16 13:47:40.842  1933  2525 E system_server: No package ID 7f found for ID 0x7f12099f.
01-16 13:47:40.843  1933  1984 D PackageManager: Instant App installer not found with android.intent.action.INSTALL_INSTANT_APP_PACKAGE
01-16 13:47:40.843  1933  1984 D PackageManager: Clear ephemeral installer activity
01-16 13:47:40.843  1933  1951 W ActivityManager: Slow operation: 75ms so far, now at startProcess: done updating battery stats
01-16 13:47:40.843  1933  1951 W ActivityManager: Slow operation: 75ms so far, now at startProcess: building log message
01-16 13:47:40.843  1933  1951 I ActivityManager: Start proc 2573:com.google.android.sdksetup/u0a21 for activity com.google.android.sdksetup/.DefaultActivity
01-16 13:47:40.843  1933  1951 W ActivityManager: Slow operation: 75ms so far, now at startProcess: starting to update pids map
01-16 13:47:40.843  1933  1951 W ActivityManager: Slow operation: 75ms so far, now at startProcess: done updating pids map
01-16 13:47:40.843  1933  1951 W ActivityManager: Slow operation: 70ms so far, now at startProcess: asking zygote to start proc
01-16 13:47:40.847  1933  1984 D PackageManager: Instant App installer not found with android.intent.action.INSTALL_INSTANT_APP_PACKAGE
01-16 13:47:40.847  1933  1984 D PackageManager: Clear ephemeral installer activity
01-16 13:47:40.848  1933  2371 D PackageManager: Instant App installer not found with android.intent.action.INSTALL_INSTANT_APP_PACKAGE
01-16 13:47:40.848  1933  2371 D PackageManager: Clear ephemeral installer activity
01-16 13:47:40.849  1933  1984 D PackageManager: Instant App installer not found with android.intent.action.INSTALL_INSTANT_APP_PACKAGE
01-16 13:47:40.849  1933  1984 D PackageManager: Clear ephemeral installer activity
01-16 13:47:40.854  1768  1768 I Zygote  : Process 2075 exited due to signal (9)
01-16 13:47:40.857  1933  1984 D PackageManager: Instant App installer not found with android.intent.action.INSTALL_INSTANT_APP_PACKAGE
01-16 13:47:40.857  1933  1984 D PackageManager: Clear ephemeral installer activity
01-16 13:47:40.857  1933  2027 D PackageManager: Instant App installer not found with android.intent.action.INSTALL_INSTANT_APP_PACKAGE
