01-16 13:47:17.682  1933  1933 D SystemServerTiming: StartUserManagerService took to complete: 1ms
01-16 13:47:17.682  1933  1933 I SystemServer: InitAttributerCache
01-16 13:47:17.696  1933  1933 D SystemServerTiming: InitAttributerCache took to complete: 14ms
01-16 13:47:17.696  1933  1933 I SystemServer: SetSystemProcess
01-16 13:47:17.713  1646  1646 I lowmemorykiller: lmkd data connection established
01-16 13:47:17.747  1933  1933 D SystemServerTiming: SetSystemProcess took to complete: 51ms
01-16 13:47:17.749  1572  1572 W hwservicemanager: getTransport: Cannot find entry android.hardware.soundtrigger@2.0::ISoundTriggerHw/default in either framework or device manifest.
01-16 13:47:17.749  1645  1645 E SoundTriggerHwService: could not read implementation properties
01-16 13:47:17.781  1933  1933 I SystemServer: StartOverlayManagerService
01-16 13:47:17.790  1933  1933 D SystemServerTiming: StartOverlayManagerService took to complete: 9ms
01-16 13:47:17.790  1933  1990 D SystemServerInitThreadPool: Started executing Init OverlayManagerService
01-16 13:47:17.790  1933  1933 I SystemServer: StartBatteryService
01-16 13:47:17.790  1933  1933 I SystemServiceManager: Starting com.android.server.BatteryService
01-16 13:47:17.791  1933  1991 D SystemServerInitThreadPool: Started executing StartSensorService
01-16 13:47:17.791  1933  1991 I chatty  : uid=1000 system_server expire 4 lines
01-16 13:47:17.797  1772  1981 W installd: Requested default storage /data/user_de/0/com.android.cellbroadcastreceiver is not active; migrating from /data/data/com.android.cellbroadcastreceiver
01-16 13:47:17.797  1933  1994 I chatty  : uid=1000(system) SensorEventAckR expire 1 line
01-16 13:47:17.798  1933  1995 I chatty  : uid=1000(system) SensorService expire 1 line
01-16 13:47:17.802  1933  1991 D SystemServerTimingAsync: StartSensorService took to complete: 11ms
01-16 13:47:17.802  1933  1991 D SystemServerInitThreadPool: Finished executing StartSensorService
01-16 13:47:17.866  1996  1996 W ResourceType: CREATING STRING CACHE OF 40436 bytes
01-16 13:47:17.886  1933  1953 E BatteryExternalStatsWorker: no controller energy info supplied for telephony
01-16 13:47:17.886  1933  1953 E KernelUidCpuFreqTimeReader: Failed to read /proc/uid_time_in_state: java.io.FileNotFoundException: /proc/uid_time_in_state (No such file or directory)
01-16 13:47:17.886  1933  1933 I HealthServiceWrapper: health: HealthServiceWrapper listening to instance default
01-16 13:47:17.886  1933  1933 I BatteryService: health: Waited 0ms and received the update.
01-16 13:47:17.887  1933  1953 E KernelUidCpuFreqTimeReader: Failed to read /proc/uid_time_in_state: java.io.FileNotFoundException: /proc/uid_time_in_state (No such file or directory)
01-16 13:47:17.887  1933  1933 W SystemServiceManager: Service com.android.server.BatteryService took 96 ms in onStart
01-16 13:47:17.887  1933  1933 D SystemServerTiming: StartBatteryService took to complete: 97ms
01-16 13:47:17.887  1933  1933 I SystemServer: StartUsageService
01-16 13:47:17.887  1933  1933 I SystemServiceManager: Starting com.android.server.usage.UsageStatsService
01-16 13:47:17.888  1933  1998 I chatty  : uid=1000(system) HealthServiceRe expire 1 line
01-16 13:47:17.893  1996  1996 W ResourceType: idmap: overlaid 7 resources not marked overlayable
01-16 13:47:17.894  1933  1953 I BatteryStatsImpl: Resetting battery stats: level=100 status=4 dischargeLevel=100 lowAmount=0 highAmount=0
01-16 13:47:17.896  1933  1949 W ProcessCpuTracker: Skipping unknown process pid 1996
01-16 13:47:17.919  1999  1999 W ResourceType: CREATING STRING CACHE OF 40436 bytes
01-16 13:47:17.933  1999  1999 W ResourceType: idmap: overlaid 7 resources not marked overlayable
01-16 13:47:17.954  1933  1949 I BinderCallsStatsService: Resetting stats
01-16 13:47:17.957  2000  2000 W ResourceType: CREATING STRING CACHE OF 40436 bytes
01-16 13:47:17.969  2000  2000 W ResourceType: idmap: overlaid 7 resources not marked overlayable
01-16 13:47:17.995  2001  2001 W ResourceType: CREATING STRING CACHE OF 30972 bytes
01-16 13:47:18.021  1933  1933 I UsageStatsDatabase: Upgrading from version 0 to 3
01-16 13:47:18.021  1933  1933 I UsageStatsDatabase: Deleting all usage stats files
01-16 13:47:18.024  2001  2001 W ResourceType: idmap: overlaid 2 resources not marked overlayable
01-16 13:47:18.032  1933  1933 I UsageStatsService: User[0] Rollover scheduled @ 2023-01-17 12:47:17(1673959637997)
01-16 13:47:18.032  1933  1933 W SystemServiceManager: Service com.android.server.usage.UsageStatsService took 87 ms in onStart
01-16 13:47:18.032  1933  1933 D SystemServerTiming: StartUsageService took to complete: 145ms
01-16 13:47:18.032  1933  1933 I SystemServer: StartWebViewUpdateService
01-16 13:47:18.032  1933  1933 I SystemServiceManager: Starting com.android.server.webkit.WebViewUpdateService
01-16 13:47:18.050  2002  2002 W ResourceType: CREATING STRING CACHE OF 40436 bytes
01-16 13:47:18.066  2002  2002 W ResourceType: idmap: overlaid 6 resources not marked overlayable
01-16 13:47:18.069  1933  1990 D SystemServerInitThreadPool: Finished executing Init OverlayManagerService
01-16 13:47:18.077  1933  1933 D SystemServerTiming: StartWebViewUpdateService took to complete: 45ms
01-16 13:47:18.077  1933  1933 I SystemServer: StartBinderCallsStatsService
01-16 13:47:18.077  1933  1933 D SystemServerTiming: StartBinderCallsStatsService took to complete: 0ms
01-16 13:47:18.077  1933  1933 I SystemServer: StartKeyAttestationApplicationIdProviderService
01-16 13:47:18.078  1933  1947 D SystemServerInitThreadPool: Started executing SecondaryZygotePreload
01-16 13:47:18.078  1933  1947 I SystemServer: SecondaryZygotePreload
01-16 13:47:18.090  1933  1947 I chatty  : uid=1000 system_server expire 1 line
01-16 13:47:18.091  1933  1933 D SystemServerTiming: StartKeyAttestationApplicationIdProviderService took to complete: 13ms
01-16 13:47:18.091  1933  1933 I SystemServer: StartKeyChainSystemService
01-16 13:47:18.091  1933  1933 I SystemServiceManager: Starting com.android.server.security.KeyChainSystemService
01-16 13:47:18.091  1933  1933 D SystemServerTiming: StartKeyChainSystemService took to complete: 0ms
01-16 13:47:18.091  1933  1933 I SystemServer: StartSchedulingPolicyService
01-16 13:47:18.091  1933  1991 D SystemServerInitThreadPool: Started executing SchedulingPolicyService.<init>
01-16 13:47:18.092  1933  1933 D SystemServerTiming: StartSchedulingPolicyService took to complete: 1ms
01-16 13:47:18.092  1933  1933 I SystemServer: StartTelecomLoaderService
01-16 13:47:18.092  1933  1933 I SystemServiceManager: Starting com.android.server.telecom.TelecomLoaderService
01-16 13:47:18.094  1933  1991 D SystemServerInitThreadPool: Finished executing SchedulingPolicyService.<init>
01-16 13:47:18.105  1933  1933 D SystemServerTiming: StartTelecomLoaderService took to complete: 13ms
01-16 13:47:18.105  1933  1933 I SystemServer: StartTelephonyRegistry
01-16 13:47:18.107  1933  1933 D SystemServerTiming: StartTelephonyRegistry took to complete: 2ms
01-16 13:47:18.107  1933  1933 I SystemServer: StartEntropyMixer
01-16 13:47:18.107  1933  1933 W EntropyMixer: No existing entropy file -- first boot?
01-16 13:47:18.111  1933  1947 E SystemServer: Unable to preload default resources
01-16 13:47:18.111  1933  1947 D SystemServerTimingAsync: SecondaryZygotePreload took to complete: 33ms
01-16 13:47:18.111  1933  1947 D SystemServerInitThreadPool: Finished executing SecondaryZygotePreload
01-16 13:47:18.121  1933  1933 I EntropyMixer: Added HW RNG output to entropy pool
01-16 13:47:18.121  1933  1933 I EntropyMixer: Writing entropy...
01-16 13:47:18.132  1933  1933 D SystemServerTiming: StartEntropyMixer took to complete: 25ms
01-16 13:47:18.132  1933  1933 I SystemServer: StartAccountManagerService
01-16 13:47:18.132  1933  1933 I SystemServiceManager: Starting com.android.server.accounts.AccountManagerService$Lifecycle
01-16 13:47:18.134  1933  1933 D SystemServerTiming: StartAccountManagerService took to complete: 2ms
01-16 13:47:18.134  1933  1933 I SystemServer: StartContentService
01-16 13:47:18.134  1933  1933 I SystemServiceManager: Starting com.android.server.content.ContentService$Lifecycle
01-16 13:47:18.148  1772  1772 W installd: Requested default storage /data/user_de/0/com.android.providers.blockednumber is not active; migrating from /data/data/com.android.providers.blockednumber
01-16 13:47:18.155  1772  1796 W installd: Requested default storage /data/user_de/0/com.android.emergency is not active; migrating from /data/data/com.android.emergency
01-16 13:47:18.164  1772  1772 W installd: Requested default storage /data/user_de/0/com.android.bluetooth is not active; migrating from /data/data/com.android.bluetooth
01-16 13:47:18.174  1933  1982 D SystemServerTimingAsync: AppDataPrepare took to complete: 605ms
01-16 13:47:18.174  1933  1982 I PackageManager: Deferred reconcileAppsData finished 90 packages
01-16 13:47:18.174  1933  1982 D SystemServerInitThreadPool: Finished executing prepareAppData
01-16 13:47:18.181  1933  1933 D SystemServerTiming: StartContentService took to complete: 47ms
01-16 13:47:18.181  1933  1933 I SystemServer: InstallSystemProviders
01-16 13:47:18.358  1933  1933 I SettingsState: No settings state /data/system/users/0/settings_system.xml
01-16 13:47:18.364  1933  1933 I SettingsState: No settings state /data/system/users/0/settings_secure.xml
01-16 13:47:18.365  1933  1933 D SettingsProvider: Generated and saved new ANDROID_ID [f16af8790e76e078] for user 0
01-16 13:47:18.369  1933  1933 I SettingsState: No settings state /data/system/users/0/settings_global.xml
01-16 13:47:18.381  1933  1933 D SettingsProvider: Setting [com.google.android.gms/.autofill.service.AutofillService] as Autofill Service for user 0
01-16 13:47:18.390  1933  1933 I SettingsState: No settings state /data/system/users/0/settings_ssaid.xml
01-16 13:47:18.405  1933  1933 D SystemServerTiming: InstallSystemProviders took to complete: 224ms
01-16 13:47:18.405  1933  1933 I SystemServer: StartDropBoxManager
01-16 13:47:18.405  1933  1933 I SystemServiceManager: Starting com.android.server.DropBoxManagerService
01-16 13:47:18.405  1933  1933 D SystemServerTiming: StartDropBoxManager took to complete: 0ms
01-16 13:47:18.405  1933  1933 I SystemServer: StartVibratorService
01-16 13:47:18.414  1572  1572 W hwservicemanager: getTransport: Cannot find entry android.hardware.vibrator@1.0::IVibrator/default in either framework or device manifest.
01-16 13:47:18.414  1572  1572 W hwservicemanager: getTransport: Cannot find entry android.hardware.vibrator@1.0::IVibrator/default in either framework or device manifest.
01-16 13:47:18.415  1572  1572 W hwservicemanager: getTransport: Cannot find entry android.hardware.vibrator@1.0::IVibrator/default in either framework or device manifest.
01-16 13:47:18.418  1933  1933 D SystemServerTiming: StartVibratorService took to complete: 12ms
01-16 13:47:18.418  1933  1933 I SystemServer: StartConsumerIrService
01-16 13:47:18.418  1572  1572 W hwservicemanager: getTransport: Cannot find entry android.hardware.ir@1.0::IConsumerIr/default in either framework or device manifest.
01-16 13:47:18.419  1933  1933 D SystemServerTiming: StartConsumerIrService took to complete: 1ms
01-16 13:47:18.419  1933  1933 I SystemServer: StartAlarmManagerService
01-16 13:47:18.419  1933  1933 I SystemServiceManager: Starting com.android.server.AlarmManagerService
01-16 13:47:18.422  1933  1933 D SystemServerTiming: StartAlarmManagerService took to complete: 3ms
01-16 13:47:18.422  1933  1933 I SystemServer: InitWatchdog
01-16 13:47:18.422  1933  1933 D SystemServerTiming: InitWatchdog took to complete: 0ms
01-16 13:47:18.422  1933  1933 I SystemServer: StartInputManagerService
01-16 13:47:18.428  1933  1933 I InputManager: Initializing input manager, mUseDevInputEventForAudioJack=true
01-16 13:47:18.439  1933  1933 D SystemServerTiming: StartInputManagerService took to complete: 17ms
01-16 13:47:18.439  1933  1933 I SystemServer: StartWindowManagerService
01-16 13:47:18.558  1933  1957 I WindowManager: No existing display settings /data/system/display_settings.xml; starting empty
01-16 13:47:18.613  1933  1933 D SystemServerTiming: StartWindowManagerService took to complete: 174ms
01-16 13:47:18.613  1933  1933 I SystemServer: SetWindowManagerService
01-16 13:47:18.785  1933  1933 D SystemServerTiming: SetWindowManagerService took to complete: 172ms
01-16 13:47:18.785  1933  1955 W Looper  : Slow dispatch took 161ms android.fg h=com.android.server.DropBoxManagerService$3 c=null m=1
01-16 13:47:18.785  1933  1933 I SystemServer: WindowManagerServiceOnInitReady
01-16 13:47:18.824  1933  1950 I chatty  : uid=1000(system) android.ui expire 1 line
01-16 13:47:18.848  1933  1933 D SystemServerTiming: WindowManagerServiceOnInitReady took to complete: 63ms
01-16 13:47:18.848  1933  1933 I SystemServer: StartVrManagerService
01-16 13:47:18.848  1933  1933 I SystemServiceManager: Starting com.android.server.vr.VrManagerService
01-16 13:47:18.848  1933  1990 D SystemServerInitThreadPool: Started executing StartHidlServices
01-16 13:47:18.851  1933  1990 D SystemServerTimingAsync: StartHidlServices took to complete: 3ms
01-16 13:47:18.851  1933  1990 D SystemServerInitThreadPool: Finished executing StartHidlServices
01-16 13:47:18.864  1572  1572 W hwservicemanager: getTransport: Cannot find entry android.hardware.vr@1.0::IVr/default in either framework or device manifest.
01-16 13:47:18.865  1933  1933 D SystemServerTiming: StartVrManagerService took to complete: 17ms
01-16 13:47:18.865  1933  1933 I SystemServer: StartInputManager
01-16 13:47:18.865  1933  1933 I InputManager: Starting input manager
01-16 13:47:18.867  1933  1933 D SystemServerTiming: StartInputManager took to complete: 2ms
01-16 13:47:18.867  1933  1933 I SystemServer: DisplayManagerWindowManagerAndInputReady
01-16 13:47:18.867  1933  1933 D SystemServerTiming: DisplayManagerWindowManagerAndInputReady took to complete: 0ms
01-16 13:47:18.867  1933  1933 I SystemServer: No Bluetooth Service (emulator)
01-16 13:47:18.867  1933  1933 I SystemServer: IpConnectivityMetrics
01-16 13:47:18.868  1933  1933 I SystemServiceManager: Starting com.android.server.connectivity.IpConnectivityMetrics
01-16 13:47:18.868  1933  2009 I chatty  : uid=1000(system) InputReader expire 14 lines
01-16 13:47:18.903  1933  1933 D SystemServerTiming: IpConnectivityMetrics took to complete: 35ms
01-16 13:47:18.903  1933  1933 I SystemServer: NetworkWatchlistService
01-16 13:47:18.903  1933  1933 I SystemServiceManager: Starting com.android.server.net.watchlist.NetworkWatchlistService$Lifecycle
01-16 13:47:18.958  1933  2010 I WatchlistLoggingHandler: Start aggregating watchlist records.
01-16 13:47:18.958  1933  1933 W SystemServiceManager: Service com.android.server.net.watchlist.NetworkWatchlistService$Lifecycle took 55 ms in onStart
01-16 13:47:18.958  1933  1933 D SystemServerTiming: NetworkWatchlistService took to complete: 55ms
01-16 13:47:18.958  1933  1933 I SystemServer: PinnerService
01-16 13:47:18.958  1933  1933 I SystemServiceManager: Starting com.android.server.PinnerService
01-16 13:47:18.958  1933  1933 D SystemServerTiming: PinnerService took to complete: 0ms
01-16 13:47:18.959  1933  1933 I SystemServer: StartInputMethodManagerLifecycle
01-16 13:47:18.959  1933  1933 I SystemServiceManager: Starting com.android.server.InputMethodManagerService$Lifecycle
01-16 13:47:18.988  1933  1933 D SystemServerTiming: StartInputMethodManagerLifecycle took to complete: 29ms
01-16 13:47:18.988  1933  1933 I SystemServer: StartAccessibilityManagerService
01-16 13:47:19.029  1933  1933 D SystemServerTiming: StartAccessibilityManagerService took to complete: 41ms
01-16 13:47:19.029  1933  1933 I SystemServer: MakeDisplayReady
01-16 13:47:19.041  1933  1933 I ActivityManager: Config changes=20005df8 {1.0 ?mcc?mnc [en_US] ldltr sw411dp w411dp h822dp 560dpi nrml long port ?uimode ?night -touch -keyb/h/h -nav/h winConfig={ mBounds=Rect(0, 0 - 0, 0) mAppBounds=Rect(0, 0 - 1440, 2880) mWindowingMode=fullscreen mActivityType=undefined} s.2}
01-16 13:47:19.052  1933  1933 I ActivityManager: Override config changes=60007dfc {1.0 ?mcc?mnc [en_US] ldltr sw411dp w411dp h822dp 560dpi nrml long port ?uimode ?night -touch -keyb/h/h -nav/h winConfig={ mBounds=Rect(0, 0 - 1440, 2880) mAppBounds=Rect(0, 0 - 1440, 2880) mWindowingMode=fullscreen mActivityType=undefined} s.2} for displayId=0
01-16 13:47:19.054  1933  1933 W LocalDisplayAdapter: Unable to find color mode 0, ignoring request.
01-16 13:47:19.055  1933  1933 I ActivityManager: Config changes=20000400 {1.0 ?mcc?mnc [en_US] ldltr sw411dp w411dp h750dp 560dpi nrml long port ?uimode ?night -touch -keyb/h/h -nav/h winConfig={ mBounds=Rect(0, 0 - 0, 0) mAppBounds=Rect(0, 0 - 1440, 2712) mWindowingMode=fullscreen mActivityType=undefined} s.3}
01-16 13:47:19.057  1933  1933 I ActivityManager: Override config changes=20000400 {1.0 ?mcc?mnc [en_US] ldltr sw411dp w411dp h750dp 560dpi nrml long port ?uimode ?night -touch -keyb/h/h -nav/h winConfig={ mBounds=Rect(0, 0 - 1440, 2880) mAppBounds=Rect(0, 0 - 1440, 2712) mWindowingMode=fullscreen mActivityType=undefined} s.3} for displayId=0
01-16 13:47:19.058  1933  1933 W LocalDisplayAdapter: Unable to find color mode 0, ignoring request.
01-16 13:47:19.059  1933  1933 D SystemServerTiming: MakeDisplayReady took to complete: 30ms
01-16 13:47:19.059  1933  1933 I SystemServer: StartStorageManagerService
01-16 13:47:19.059  1933  1933 I SystemServiceManager: Starting com.android.server.StorageManagerService$Lifecycle
01-16 13:47:19.062  1933  2011 D StorageManagerService: Thinking about init, mSystemReady=false, mDaemonConnected=true
01-16 13:47:19.062  1933  2011 D StorageManagerService: Thinking about reset, mSystemReady=false, mDaemonConnected=true
01-16 13:47:19.062  1933  1933 D SystemServerTiming: StartStorageManagerService took to complete: 3ms
01-16 13:47:19.062  1933  1933 I SystemServer: StartStorageStatsService
01-16 13:47:19.062  1933  1933 I SystemServiceManager: Starting com.android.server.usage.StorageStatsService$Lifecycle
01-16 13:47:19.063  1772  1772 D installd: Found quota mount /dev/block/dm-0 at /data
01-16 13:47:19.063  1772  1772 D installd: Found quota mount /dev/block/dm-0 at /data
01-16 13:47:19.064  1933  1933 D SystemServerTiming: StartStorageStatsService took to complete: 2ms
01-16 13:47:19.064  1933  1933 I SystemServer: StartUiModeManager
01-16 13:47:19.064  1933  1933 I SystemServiceManager: Starting com.android.server.UiModeManagerService
01-16 13:47:19.065  1933  1991 D SystemServerInitThreadPool: Started executing UiModeManager.onStart
01-16 13:47:19.065  1933  1933 D SystemServerTiming: StartUiModeManager took to complete: 1ms
01-16 13:47:19.065  1933  1991 I ActivityManager: Config changes=200 {1.0 ?mcc?mnc [en_US] ldltr sw411dp w411dp h750dp 560dpi nrml long port -touch -keyb/h/h -nav/h winConfig={ mBounds=Rect(0, 0 - 0, 0) mAppBounds=Rect(0, 0 - 1440, 2712) mWindowingMode=fullscreen mActivityType=undefined} s.4}
01-16 13:47:19.065  1933  1933 I SystemServer: UpdatePackagesIfNeeded
01-16 13:47:19.067  1933  1991 I ActivityManager: Override config changes=200 {1.0 ?mcc?mnc [en_US] ldltr sw411dp w411dp h750dp 560dpi nrml long port -touch -keyb/h/h -nav/h winConfig={ mBounds=Rect(0, 0 - 1440, 2880) mAppBounds=Rect(0, 0 - 1440, 2712) mWindowingMode=fullscreen mActivityType=undefined} s.4} for displayId=0
01-16 13:47:19.068  1933  1991 D SystemServerInitThreadPool: Finished executing UiModeManager.onStart
01-16 13:47:19.226  1933  2008 I ActivityManager: Config changes=38 {1.0 ?mcc?mnc [en_US] ldltr sw411dp w411dp h750dp 560dpi nrml long port finger qwerty/v/v -nav/h winConfig={ mBounds=Rect(0, 0 - 0, 0) mAppBounds=Rect(0, 0 - 1440, 2712) mWindowingMode=fullscreen mActivityType=undefined} s.5}
01-16 13:47:19.230  1933  2008 I ActivityManager: Override config changes=38 {1.0 ?mcc?mnc [en_US] ldltr sw411dp w411dp h750dp 560dpi nrml long port finger qwerty/v/v -nav/h winConfig={ mBounds=Rect(0, 0 - 1440, 2880) mAppBounds=Rect(0, 0 - 1440, 2712) mWindowingMode=fullscreen mActivityType=undefined} s.5} for displayId=0
01-16 13:47:19.600  2012  2012 W dex2oat : Unexpected CPU variant for X86 using defaults: x86
01-16 13:47:19.601  2012  2012 W dex2oat : Mismatch between dex2oat instruction set features (ISA: X86 Feature string: -ssse3,-sse4.1,-sse4.2,-avx,-avx2,-popcnt) and those of dex2oat executable (ISA: X86 Feature string: ssse3,-sse4.1,-sse4.2,-avx,-avx2,-popcnt) for the command line:
01-16 13:47:19.601  2012  2012 W dex2oat : /system/bin/dex2oat --zip-fd=8 --zip-location=GoogleDialer.apk --input-vdex-fd=-1 --output-vdex-fd=10 --oat-fd=9 --oat-location=/data/dalvik-cache/x86/system@priv-app@GoogleDialer@GoogleDialer.apk@classes.dex --instruction-set=x86 --instruction-set-variant=x86 --instruction-set-features=default --runtime-arg -Xms64m --runtime-arg -Xmx512m --compiler-filter=quicken --swap-fd=11 --classpath-dir=/system/priv-app/GoogleDialer --class-loader-context=PCL[/system/framework/com.google.android.dialer.support.jar] --generate-mini-debug-info --compact-dex-level=none --runtime-arg -Xtarget-sdk-version:28 --runtime-arg -Xhidden-api-checks --compilation-reason=first-boot
01-16 13:47:19.601  2012  2012 I dex2oat : /system/bin/dex2oat --input-vdex-fd=-1 --output-vdex-fd=10 --compiler-filter=quicken --classpath-dir=/system/priv-app/GoogleDialer --class-loader-context=PCL[/system/framework/com.google.android.dialer.support.jar] --generate-mini-debug-info --compact-dex-level=none --compilation-reason=first-boot
01-16 13:47:20.950  2012  2012 I dex2oat : dex2oat took 1.386s (2.412s cpu) (threads: 4) arena alloc=117KB (120032B) java alloc=5MB (5273864B) native alloc=7MB (7636840B) free=2MB (2848920B)
01-16 13:47:22.468  2019  2019 W dex2oat : Unexpected CPU variant for X86 using defaults: x86
01-16 13:47:22.469  2019  2019 W dex2oat : Mismatch between dex2oat instruction set features (ISA: X86 Feature string: -ssse3,-sse4.1,-sse4.2,-avx,-avx2,-popcnt) and those of dex2oat executable (ISA: X86 Feature string: ssse3,-sse4.1,-sse4.2,-avx,-avx2,-popcnt) for the command line:
01-16 13:47:22.469  2019  2019 W dex2oat : /system/bin/dex2oat --zip-fd=8 --zip-location=EasterEgg.apk --input-vdex-fd=-1 --output-vdex-fd=10 --oat-fd=9 --oat-location=/data/dalvik-cache/x86/system@app@EasterEgg@EasterEgg.apk@classes.dex --instruction-set=x86 --instruction-set-variant=x86 --instruction-set-features=default --runtime-arg -Xms64m --runtime-arg -Xmx512m --compiler-filter=quicken --swap-fd=11 --classpath-dir=/system/app/EasterEgg --class-loader-context=PCL[] --generate-mini-debug-info --compact-dex-level=none --runtime-arg -Xtarget-sdk-version:28 --compilation-reason=first-boot
01-16 13:47:22.469  2019  2019 I dex2oat : /system/bin/dex2oat --input-vdex-fd=-1 --output-vdex-fd=10 --compiler-filter=quicken --classpath-dir=/system/app/EasterEgg --class-loader-context=PCL[] --generate-mini-debug-info --compact-dex-level=none --compilation-reason=first-boot
01-16 13:47:22.650  2019  2019 I dex2oat : dex2oat took 182.286ms (280.892ms cpu) (threads: 4) arena alloc=3KB (3712B) java alloc=341KB (350024B) native alloc=1682KB (1723280B) free=1901KB (1946736B)
01-16 13:47:22.772  1933  1953 E KernelUidCpuFreqTimeReader: Failed to read /proc/uid_time_in_state: java.io.FileNotFoundException: /proc/uid_time_in_state (No such file or directory)
01-16 13:47:25.931  1933  1933 D SystemServerTiming: UpdatePackagesIfNeeded took to complete: 6866ms
01-16 13:47:25.931  1933  1933 I SystemServer: PerformFstrimIfNeeded
01-16 13:47:25.932  1933  1933 W PackageManager: No disk maintenance in 1673873245932; running immediately
01-16 13:47:25.933  1933  1933 D SystemServerTiming: PerformFstrimIfNeeded took to complete: 2ms
01-16 13:47:25.933  1933  2011 I StorageManagerService: Running fstrim idle maintenance
01-16 13:47:25.933  1933  1933 I SystemServer: StartLockSettingsService
01-16 13:47:25.933  1933  1933 I SystemServiceManager: Starting com.android.server.locksettings.LockSettingsService$Lifecycle
01-16 13:47:25.934  1580  2026 D vold    : Starting trim of /data
01-16 13:47:25.958  1580  2026 W vold    : Trim failed on /data: Operation not supported on transport endpoint
01-16 13:47:26.062  1933  1933 W SystemServiceManager: Service com.android.server.locksettings.LockSettingsService$Lifecycle took 129 ms in onStart
01-16 13:47:26.063  1933  1933 D SystemServerTiming: StartLockSettingsService took to complete: 130ms
01-16 13:47:26.064  1572  1572 W hwservicemanager: getTransport: Cannot find entry android.hardware.oemlock@1.0::IOemLock/default in either framework or device manifest.
01-16 13:47:26.064  1933  1933 I OemLock : OemLock HAL not present on device
01-16 13:47:26.064  1933  1933 I SystemServer: StartDeviceIdleController
01-16 13:47:26.064  1933  1933 I SystemServiceManager: Starting com.android.server.DeviceIdleController
01-16 13:47:26.067  1933  1933 D SystemServerTiming: StartDeviceIdleController took to complete: 3ms
01-16 13:47:26.067  1933  1933 I SystemServer: StartDevicePolicyManager
01-16 13:47:26.067  1933  1933 I SystemServiceManager: Starting com.android.server.devicepolicy.DevicePolicyManagerService$Lifecycle
01-16 13:47:26.164  1933  1933 D SystemServerTiming: StartDevicePolicyManager took to complete: 97ms
01-16 13:47:26.165  1933  1933 I SystemServer: StartStatusBarManagerService
01-16 13:47:26.165  1933  1933 D SystemServerTiming: StartStatusBarManagerService took to complete: 0ms
01-16 13:47:26.165  1933  1933 I SystemServer: StartClipboardService
01-16 13:47:26.165  1933  1933 I SystemServiceManager: Starting com.android.server.clipboard.ClipboardService
01-16 13:47:26.167  1933  1933 D SystemServerTiming: StartClipboardService took to complete: 1ms
01-16 13:47:26.167  1933  1933 I SystemServer: StartNetworkManagementService
01-16 13:47:26.168  1933  2030 I NetworkManagement: onDaemonConnected()
01-16 13:47:26.169  1933  1933 D SystemServerTiming: StartNetworkManagementService took to complete: 2ms
01-16 13:47:26.169  1933  1933 I SystemServer: StartIpSecService
01-16 13:47:26.170  1933  1933 D SystemServerTiming: StartIpSecService took to complete: 1ms
01-16 13:47:26.170  1933  1933 I SystemServer: StartTextServicesManager
01-16 13:47:26.171  1933  1933 I SystemServiceManager: Starting com.android.server.TextServicesManagerService$Lifecycle
01-16 13:47:26.171  1933  1933 D SystemServerTiming: StartTextServicesManager took to complete: 1ms
01-16 13:47:26.172  1933  1933 I SystemServer: StartTextClassificationManagerService
01-16 13:47:26.172  1933  1933 I SystemServiceManager: Starting com.android.server.textclassifier.TextClassificationManagerService$Lifecycle
01-16 13:47:26.172  1933  1933 D SystemServerTiming: StartTextClassificationManagerService took to complete: 0ms
01-16 13:47:26.172  1933  1933 I SystemServer: StartNetworkScoreService
01-16 13:47:26.172  1933  1933 I SystemServiceManager: Starting com.android.server.NetworkScoreService$Lifecycle
01-16 13:47:26.173  1933  1933 D SystemServerTiming: StartNetworkScoreService took to complete: 1ms
01-16 13:47:26.173  1933  1933 I SystemServer: StartNetworkStatsService
01-16 13:47:26.175  1933  1933 D SystemServerTiming: StartNetworkStatsService took to complete: 2ms
01-16 13:47:26.175  1933  1933 I SystemServer: StartNetworkPolicyManagerService
01-16 13:47:26.207  1933  1933 D SystemServerTiming: StartNetworkPolicyManagerService took to complete: 32ms
01-16 13:47:26.207  1933  1933 I SystemServer: StartWifi
01-16 13:47:26.367  1933  1943 I chatty  : uid=1000(system) HeapTaskDaemon expire 1 line
01-16 13:47:26.388  1933  1933 I SystemServiceManager: Starting com.android.server.wifi.WifiService
01-16 13:47:26.999  1933  2036 I chatty  : uid=1000(system) WifiStateMachin expire 17 lines
01-16 13:47:27.066  1933  1933 D SystemServerTiming: StartWifi took to complete: 859ms
01-16 13:47:27.066  1933  1933 I SystemServer: StartWifiScanning
01-16 13:47:27.067  1933  1933 I SystemServiceManager: Starting com.android.server.wifi.scanner.WifiScanningService
01-16 13:47:27.069  1933  1933 I chatty  : uid=1000 system_server expire 30 lines
01-16 13:47:27.069  1933  1933 D SystemServerTiming: StartWifiScanning took to complete: 3ms
01-16 13:47:27.069  1933  1933 I SystemServer: StartWifiP2P
01-16 13:47:27.069  1933  1933 I SystemServiceManager: Starting com.android.server.wifi.p2p.WifiP2pService
01-16 13:47:27.128  1933  1933 D SystemServerTiming: StartWifiP2P took to complete: 59ms
01-16 13:47:27.129  1933  1933 I SystemServer: StartConnectivityService
01-16 13:47:27.131  1933  1933 D ConnectivityService: ConnectivityService starting up
01-16 13:47:27.133  1933  1933 D ConnectivityService: wifiOnly=false
01-16 13:47:27.180  1933  1933 D SystemServerTiming: StartConnectivityService took to complete: 51ms
01-16 13:47:27.181  1933  1933 I SystemServer: StartNsdService
01-16 13:47:27.182  1933  1933 D NsdService: Network service discovery is enabled
01-16 13:47:27.184  1933  1933 D SystemServerTiming: StartNsdService took to complete: 3ms
01-16 13:47:27.184  1933  1933 I SystemServer: StartSystemUpdateManagerService
01-16 13:47:27.184  1933  1933 I SystemUpdateManagerService: No existing info file /data/system/system-update-info.xml
01-16 13:47:27.184  1933  1933 D SystemServerTiming: StartSystemUpdateManagerService took to complete: 0ms
01-16 13:47:27.185  1933  1933 I SystemServer: StartUpdateLockService
01-16 13:47:27.185  1933  1933 D SystemServerTiming: StartUpdateLockService took to complete: 0ms
01-16 13:47:27.185  1933  1933 I SystemServer: StartNotificationManager
01-16 13:47:27.185  1933  1933 I SystemServiceManager: Starting com.android.server.notification.NotificationManagerService
01-16 13:47:27.263  1933  1933 D ConditionProviders.SCP: new ScheduleConditionProvider()
01-16 13:47:27.270  1933  1933 I ConditionProviders:  Allowing condition provider com.google.android.apps.restore/com.google.android.apps.pixelmigrate.component.NotificationConsolidatorService
01-16 13:47:27.270  1933  1933 I NotificationListeners:  Allowing notification listener com.google.android.apps.restore/com.google.android.apps.pixelmigrate.component.NotificationConsolidatorService
01-16 13:47:27.270  1933  1933 I ConditionProviders:  Allowing condition provider com.android.camera2
01-16 13:47:27.271  1933  1933 I ConditionProviders:  Allowing condition provider com.google.android.ext.services/android.ext.services.notification.Assistant
01-16 13:47:27.271  1933  1933 I NotificationAssistants:  Allowing notification assistant com.google.android.ext.services/android.ext.services.notification.Assistant
01-16 13:47:27.272  1933  1933 D ZenLog  : set_zen_mode: off,init
01-16 13:47:27.277  1933  1933 W SystemServiceManager: Service com.android.server.notification.NotificationManagerService took 70 ms in onStart
01-16 13:47:27.298  1933  1933 D SystemServerTiming: StartNotificationManager took to complete: 113ms
01-16 13:47:27.298  1933  1933 I SystemServer: StartDeviceMonitor
01-16 13:47:27.298  1933  1933 I SystemServiceManager: Starting com.android.server.storage.DeviceStorageMonitorService
01-16 13:47:27.303  1933  1933 D SystemServerTiming: StartDeviceMonitor took to complete: 5ms
01-16 13:47:27.303  1933  1933 I SystemServer: StartLocationManagerService
01-16 13:47:27.320  1933  1933 D SystemServerTiming: StartLocationManagerService took to complete: 17ms
01-16 13:47:27.320  1933  1933 I SystemServer: StartCountryDetectorService
01-16 13:47:27.320  1933  1933 D SystemServerTiming: StartCountryDetectorService took to complete: 0ms
01-16 13:47:27.321  1933  1933 I SystemServer: StartSearchManagerService
01-16 13:47:27.321  1933  1933 I SystemServiceManager: Starting com.android.server.search.SearchManagerService$Lifecycle
01-16 13:47:27.321  1933  1933 D SystemServerTiming: StartSearchManagerService took to complete: 0ms
01-16 13:47:27.321  1933  1933 I SystemServer: StartWallpaperManagerService
01-16 13:47:27.321  1933  1933 I SystemServiceManager: Starting com.android.server.wallpaper.WallpaperManagerService$Lifecycle
01-16 13:47:27.322  1933  1933 D SystemServerTiming: StartWallpaperManagerService took to complete: 1ms
01-16 13:47:27.322  1933  1933 I SystemServer: StartAudioService
01-16 13:47:27.322  1933  1933 I SystemServiceManager: Starting com.android.server.audio.AudioService$Lifecycle
01-16 13:47:27.366  1645  1721 D PermissionCache: checking android.permission.MODIFY_AUDIO_SETTINGS for uid=1000 => granted (618 us)
01-16 13:47:27.366  1645  1645 D PermissionCache: checking android.permission.MODIFY_AUDIO_ROUTING for uid=1000 => granted (488 us)
01-16 13:47:27.374  1645  1728 W AudioFlinger: no wake lock to update, system not ready yet
01-16 13:47:27.375  1627  1627 W DeviceHAL: Error from HAL Device in function set_mic_mute: Function not implemented
01-16 13:47:27.412  1645  1645 D AudioFlinger: isLowRamDevice:false totalMemory:1567367168 mClientSharedHeapSize:4194304
01-16 13:47:27.413  1933  1933 D SystemServerTiming: StartAudioService took to complete: 91ms
01-16 13:47:27.413  1933  1933 I SystemServer: StartDockObserver
01-16 13:47:27.413  1933  1933 I SystemServiceManager: Starting com.android.server.DockObserver
01-16 13:47:27.414  1933  1933 W DockObserver: This kernel does not have dock station support
01-16 13:47:27.415  1933  1933 D SystemServerTiming: StartDockObserver took to complete: 2ms
01-16 13:47:27.415  1933  1933 I SystemServer: StartWiredAccessoryManager
01-16 13:47:27.415  1933  1933 W WiredAccessoryManager: This kernel does not have usb audio support
01-16 13:47:27.415  1933  1933 W WiredAccessoryManager: This kernel does not have HDMI audio support
01-16 13:47:27.415  1933  1933 D SystemServerTiming: StartWiredAccessoryManager took to complete: 0ms
01-16 13:47:27.415  1933  1933 I SystemServer: StartMidiManager
01-16 13:47:27.415  1933  1933 I SystemServiceManager: Starting com.android.server.midi.MidiService$Lifecycle
01-16 13:47:27.429  1933  1933 D SystemServerTiming: StartMidiManager took to complete: 14ms
01-16 13:47:27.429  1933  1933 I SystemServer: StartUsbService
01-16 13:47:27.429  1933  1933 I SystemServiceManager: Starting com.android.server.usb.UsbService$Lifecycle
01-16 13:47:27.443  1933  1933 E UsbDeviceManager: failed to write to /sys/class/android_usb/android0/f_rndis/ethaddr
01-16 13:47:27.444  1572  1572 W hwservicemanager: getTransport: Cannot find entry android.hardware.usb.gadget@1.0::IUsbGadget/default in either framework or device manifest.
01-16 13:47:27.545  1933  1933 I UsbDeviceManager: USB GADGET HAL not present in the device
01-16 13:47:27.545  1933  1933 I UsbDeviceManager: java.util.NoSuchElementException
01-16 13:47:27.545  1933  1933 I UsbDeviceManager: 	at android.os.HwBinder.getService(Native Method)
01-16 13:47:27.545  1933  1933 I UsbDeviceManager: 	at android.hardware.usb.gadget.V1_0.IUsbGadget.getService(IUsbGadget.java:40)
01-16 13:47:27.545  1933  1933 I UsbDeviceManager: 	at android.hardware.usb.gadget.V1_0.IUsbGadget.getService(IUsbGadget.java:44)
01-16 13:47:27.545  1933  1933 I UsbDeviceManager: 	at com.android.server.usb.UsbDeviceManager.<init>(UsbDeviceManager.java:267)
01-16 13:47:27.545  1933  1933 I UsbDeviceManager: 	at com.android.server.usb.UsbService.<init>(UsbService.java:139)
01-16 13:47:27.545  1933  1933 I UsbDeviceManager: 	at com.android.server.usb.UsbService$Lifecycle.onStart(UsbService.java:73)
01-16 13:47:27.545  1933  1933 I UsbDeviceManager: 	at com.android.server.SystemServiceManager.startService(SystemServiceManager.java:126)
01-16 13:47:27.545  1933  1933 I UsbDeviceManager: 	at com.android.server.SystemServiceManager.startService(SystemServiceManager.java:113)
01-16 13:47:27.545  1933  1933 I UsbDeviceManager: 	at com.android.server.SystemServiceManager.startService(SystemServiceManager.java:72)
01-16 13:47:27.545  1933  1933 I UsbDeviceManager: 	at com.android.server.SystemServer.startOtherServices(SystemServer.java:1299)
01-16 13:47:27.545  1933  1933 I UsbDeviceManager: 	at com.android.server.SystemServer.run(SystemServer.java:431)
01-16 13:47:27.545  1933  1933 I UsbDeviceManager: 	at com.android.server.SystemServer.main(SystemServer.java:294)
01-16 13:47:27.545  1933  1933 I UsbDeviceManager: 	at java.lang.reflect.Method.invoke(Native Method)
01-16 13:47:27.545  1933  1933 I UsbDeviceManager: 	at com.android.internal.os.RuntimeInit$MethodAndArgsCaller.run(RuntimeInit.java:493)
01-16 13:47:27.545  1933  1933 I UsbDeviceManager: 	at com.android.internal.os.ZygoteInit.main(ZygoteInit.java:838)
01-16 13:47:27.546  1933  1933 E UsbDeviceManager: Failed to open control for mtp
01-16 13:47:27.583  1572  1572 W hwservicemanager: getTransport: Cannot find entry android.hardware.usb@1.0::IUsb/default in either framework or device manifest.
01-16 13:47:27.546  1933  1933 E UsbDeviceManager: Failed to open control for mtp
01-16 13:47:27.593  1933  1933 E UsbPortManager: connectToProxy: usb hal service not found. Did the service fail to start?
01-16 13:47:27.593  1933  1933 E UsbPortManager: java.util.NoSuchElementException
01-16 13:47:27.593  1933  1933 E UsbPortManager: 	at android.os.HwBinder.getService(Native Method)
01-16 13:47:27.593  1933  1933 E UsbPortManager: 	at android.os.HwBinder.getService(HwBinder.java:91)
01-16 13:47:27.593  1933  1933 E UsbPortManager: 	at android.hardware.usb.V1_0.IUsb.getService(IUsb.java:48)
01-16 13:47:27.593  1933  1933 E UsbPortManager: 	at android.hardware.usb.V1_0.IUsb.getService(IUsb.java:52)
01-16 13:47:27.593  1933  1933 E UsbPortManager: 	at com.android.server.usb.UsbPortManager.connectToProxy(UsbPortManager.java:531)
01-16 13:47:27.593  1933  1933 E UsbPortManager: 	at com.android.server.usb.UsbPortManager.<init>(UsbPortManager.java:137)
01-16 13:47:27.593  1933  1933 E UsbPortManager: 	at com.android.server.usb.UsbService.<init>(UsbService.java:142)
01-16 13:47:27.593  1933  1933 E UsbPortManager: 	at com.android.server.usb.UsbService$Lifecycle.onStart(UsbService.java:73)
01-16 13:47:27.593  1933  1933 E UsbPortManager: 	at com.android.server.SystemServiceManager.startService(SystemServiceManager.java:126)
01-16 13:47:27.593  1933  1933 E UsbPortManager: 	at com.android.server.SystemServiceManager.startService(SystemServiceManager.java:113)
01-16 13:47:27.593  1933  1933 E UsbPortManager: 	at com.android.server.SystemServiceManager.startService(SystemServiceManager.java:72)
01-16 13:47:27.593  1933  1933 E UsbPortManager: 	at com.android.server.SystemServer.startOtherServices(SystemServer.java:1299)
01-16 13:47:27.593  1933  1933 E UsbPortManager: 	at com.android.server.SystemServer.run(SystemServer.java:431)
01-16 13:47:27.593  1933  1933 E UsbPortManager: 	at com.android.server.SystemServer.main(SystemServer.java:294)
01-16 13:47:27.593  1933  1933 E UsbPortManager: 	at java.lang.reflect.Method.invoke(Native Method)
01-16 13:47:27.593  1933  1933 E UsbPortManager: 	at com.android.internal.os.RuntimeInit$MethodAndArgsCaller.run(RuntimeInit.java:493)
01-16 13:47:27.593  1933  1933 E UsbPortManager: 	at com.android.internal.os.ZygoteInit.main(ZygoteInit.java:838)
01-16 13:47:27.594  1933  1933 W SystemServiceManager: Service com.android.server.usb.UsbService$Lifecycle took 165 ms in onStart
01-16 13:47:27.594  1933  1933 D SystemServerTiming: StartUsbService took to complete: 165ms
01-16 13:47:27.594  1933  1933 I SystemServer: StartSerialService
01-16 13:47:27.595  1933  1933 D SystemServerTiming: StartSerialService took to complete: 1ms
01-16 13:47:27.595  1933  1933 I SystemServer: StartHardwarePropertiesManagerService
01-16 13:47:27.596  1572  1572 W hwservicemanager: getTransport: Cannot find entry android.hardware.thermal@1.0::IThermal/default in either framework or device manifest.
01-16 13:47:27.596  1933  1933 D SystemServerTiming: StartHardwarePropertiesManagerService took to complete: 1ms
01-16 13:47:27.596  1933  1933 I SystemServer: StartTwilightService
01-16 13:47:27.596  1933  1933 I SystemServiceManager: Starting com.android.server.twilight.TwilightService
01-16 13:47:27.597  1933  1933 D SystemServerTiming: StartTwilightService took to complete: 1ms
01-16 13:47:27.597  1933  1933 I SystemServer: StartJobScheduler
01-16 13:47:27.597  1933  1933 I SystemServiceManager: Starting com.android.server.job.JobSchedulerService
01-16 13:47:27.625  1933  1933 I JobStore: Read 0 jobs
01-16 13:47:27.629  1933  1933 D SystemServerTiming: StartJobScheduler took to complete: 32ms
01-16 13:47:27.629  1933  1933 I SystemServer: StartSoundTrigger
01-16 13:47:27.629  1933  1933 I SystemServiceManager: Starting com.android.server.soundtrigger.SoundTriggerService
01-16 13:47:27.630  1933  1933 D SystemServerTiming: StartSoundTrigger took to complete: 1ms
01-16 13:47:27.630  1933  1933 I SystemServer: StartTrustManager
01-16 13:47:27.630  1933  1933 I SystemServiceManager: Starting com.android.server.trust.TrustManagerService
01-16 13:47:27.631  1933  1933 D SystemServerTiming: StartTrustManager took to complete: 1ms
01-16 13:47:27.631  1933  1933 I SystemServer: StartBackupManager
01-16 13:47:27.631  1933  1933 I SystemServiceManager: Starting com.android.server.backup.BackupManagerService$Lifecycle
01-16 13:47:27.665  1933  1933 D SystemServerTiming: StartBackupManager took to complete: 34ms
01-16 13:47:27.665  1933  1933 I SystemServer: StartAppWidgerService
01-16 13:47:27.665  1933  1933 I SystemServiceManager: Starting com.android.server.appwidget.AppWidgetService
01-16 13:47:27.728  1933  1933 D SystemServerTiming: StartAppWidgerService took to complete: 63ms
01-16 13:47:27.728  1933  1933 I SystemServer: StartVoiceRecognitionManager
01-16 13:47:27.728  1933  1933 I SystemServiceManager: Starting com.android.server.voiceinteraction.VoiceInteractionManagerService
01-16 13:47:27.729  1933  1933 D SystemServerTiming: StartVoiceRecognitionManager took to complete: 1ms
01-16 13:47:27.745  1933  1933 I SystemServer: StartGestureLauncher
01-16 13:47:27.745  1933  1933 I SystemServiceManager: Starting com.android.server.GestureLauncherService
01-16 13:47:27.745  1933  1933 D SystemServerTiming: StartGestureLauncher took to complete: 0ms
01-16 13:47:27.745  1933  1933 I SystemServer: StartSensorNotification
01-16 13:47:27.745  1933  1933 I SystemServiceManager: Starting com.android.server.SensorNotificationService
01-16 13:47:27.746  1933  1933 D SystemServerTiming: StartSensorNotification took to complete: 1ms
01-16 13:47:27.746  1933  1933 I SystemServer: StartContextHubSystemService
01-16 13:47:27.746  1933  1933 I SystemServiceManager: Starting com.android.server.ContextHubSystemService
01-16 13:47:27.746  1933  1933 D SystemServerTiming: StartContextHubSystemService took to complete: 0ms
01-16 13:47:27.746  1933  1933 I SystemServer: StartDiskStatsService
01-16 13:47:27.746  1933  1947 D SystemServerInitThreadPool: Started executing Init ContextHubSystemService
01-16 13:47:27.748  1572  1572 W hwservicemanager: getTransport: Cannot find entry android.hardware.contexthub@1.0::IContexthub/default in either framework or device manifest.
01-16 13:47:27.749  1933  1947 I chatty  : uid=1000 system_server expire 1 line
01-16 13:47:27.749  1933  1947 D SystemServerInitThreadPool: Finished executing Init ContextHubSystemService
01-16 13:47:27.749  1933  1933 D SystemServerTiming: StartDiskStatsService took to complete: 3ms
01-16 13:47:27.749  1933  1933 I SystemServer: StartNetworkTimeUpdateService
01-16 13:47:27.751  1933  1933 D SystemServerTiming: StartNetworkTimeUpdateService took to complete: 1ms
01-16 13:47:27.751  1933  1933 I SystemServer: StartCommonTimeManagementService
01-16 13:47:27.752  1933  1933 D SystemServerTiming: StartCommonTimeManagementService took to complete: 1ms
01-16 13:47:27.752  1933  1933 I SystemServer: CertBlacklister
01-16 13:47:27.752  1933  1933 D SystemServerTiming: CertBlacklister took to complete: 0ms
01-16 13:47:27.752  1933  1933 I SystemServer: StartEmergencyAffordanceService
01-16 13:47:27.753  1933  1933 I SystemServiceManager: Starting com.android.server.emergency.EmergencyAffordanceService
01-16 13:47:27.753  1933  1933 D SystemServerTiming: StartEmergencyAffordanceService took to complete: 1ms
01-16 13:47:27.753  1933  1933 I SystemServer: StartDreamManager
01-16 13:47:27.753  1933  1933 I SystemServiceManager: Starting com.android.server.dreams.DreamManagerService
01-16 13:47:27.754  1933  1933 D SystemServerTiming: StartDreamManager took to complete: 1ms
01-16 13:47:27.754  1933  1933 I SystemServer: AddGraphicsStatsService
01-16 13:47:27.755  1933  1933 D SystemServerTiming: AddGraphicsStatsService took to complete: 1ms
01-16 13:47:27.755  1933  1933 I SystemServer: StartPrintManager
01-16 13:47:27.755  1933  1933 I SystemServiceManager: Starting com.android.server.print.PrintManagerService
01-16 13:47:27.756  1933  1933 D SystemServerTiming: StartPrintManager took to complete: 1ms
01-16 13:47:27.756  1933  1933 I SystemServer: StartRestrictionManager
01-16 13:47:27.756  1933  1933 I SystemServiceManager: Starting com.android.server.restrictions.RestrictionsManagerService
01-16 13:47:27.757  1933  1933 D SystemServerTiming: StartRestrictionManager took to complete: 1ms
01-16 13:47:27.757  1933  1933 I SystemServer: StartMediaSessionService
01-16 13:47:27.757  1933  1933 I SystemServiceManager: Starting com.android.server.media.MediaSessionService
01-16 13:47:27.758  1933  1933 D SystemServerTiming: StartMediaSessionService took to complete: 1ms
01-16 13:47:27.758  1933  1933 I SystemServer: StartMediaUpdateService
01-16 13:47:27.758  1933  1933 I SystemServiceManager: Starting com.android.server.media.MediaUpdateService
01-16 13:47:27.758  1933  1933 D SystemServerTiming: StartMediaUpdateService took to complete: 0ms
01-16 13:47:27.759  1933  1933 I SystemServer: StartMediaResourceMonitor
01-16 13:47:27.759  1933  1933 I SystemServiceManager: Starting com.android.server.media.MediaResourceMonitorService
01-16 13:47:27.759  1933  1933 D SystemServerTiming: StartMediaResourceMonitor took to complete: 0ms
01-16 13:47:27.759  1933  1933 I SystemServer: StartMediaRouterService
01-16 13:47:27.760  1933  1933 D SystemServerTiming: StartMediaRouterService took to complete: 1ms
01-16 13:47:27.760  1933  1933 I SystemServer: StartFingerprintSensor
01-16 13:47:27.760  1933  1933 I SystemServiceManager: Starting com.android.server.fingerprint.FingerprintService
01-16 13:47:27.762  1933  1982 D SystemServerInitThreadPool: Started executing FingerprintService.onStart
01-16 13:47:27.762  1933  1933 D SystemServerTiming: StartFingerprintSensor took to complete: 2ms
01-16 13:47:27.762  1933  1933 I SystemServer: StartBackgroundDexOptService
01-16 13:47:27.762  1933  1933 D SystemServerTiming: StartBackgroundDexOptService took to complete: 0ms
01-16 13:47:27.762  1933  1933 I SystemServer: StartPruneInstantAppsJobService
01-16 13:47:27.763  1933  1933 D SystemServerTiming: StartPruneInstantAppsJobService took to complete: 1ms
01-16 13:47:27.763  1933  1933 I SystemServer: StartShortcutServiceLifecycle
01-16 13:47:27.763  1933  1933 I SystemServiceManager: Starting com.android.server.pm.ShortcutService$Lifecycle
01-16 13:47:27.763  1933  1982 I chatty  : uid=1000 system_server expire 1 line
01-16 13:47:27.764  1800  1800 D FingerprintHal: ----------------> fingerprint_set_active_group -----------------> path /data/vendor_de/0/fpdata
01-16 13:47:27.764  1800  1800 D FingerprintHal: ----------------> loadFingerprints ----------------->
01-16 13:47:27.764  1933  1933 D SystemServerTiming: StartShortcutServiceLifecycle took to complete: 1ms
01-16 13:47:27.764  1800  1800 E FingerprintHal: Could not load fingerprints from storage at /data/vendor_de/0/fpdata/emufp.bin; it has not yet been created.
01-16 13:47:27.764  1933  1933 I SystemServer: StartLauncherAppsService
01-16 13:47:27.764  1800  1800 D FingerprintHal: ----------------> loadAuthenticatorId ----------------->
01-16 13:47:27.764  1800  1800 E FingerprintHal: Could not load authenticator id from storage at /data/vendor_de/0/fpdata/emuauthid.bin; it has not yet been created.
01-16 13:47:27.764  1800  1800 D FingerprintHal: ----------------> get_64bit_rand ----------------->
01-16 13:47:27.764  1933  1933 I SystemServiceManager: Starting com.android.server.pm.LauncherAppsService
01-16 13:47:27.764  1800  1800 D FingerprintHal: ----------------> saveAuthenticatorId ----------------->
01-16 13:47:27.764  1800  1800 D FingerprintHal: Save authenticator id (0x6b8b4567327b23c6)
01-16 13:47:27.765  1800  1800 D FingerprintHal: ----------------> fingerprint_enumerate ----------------->
01-16 13:47:27.765  1800  1800 D android.hardware.biometrics.fingerprint@2.1-service: onEnumerate(fid=0, gid=0, rem=0)
01-16 13:47:27.765  1933  1982 D SystemServerInitThreadPool: Finished executing FingerprintService.onStart
01-16 13:47:27.766  1933  1933 D SystemServerTiming: StartLauncherAppsService took to complete: 2ms
01-16 13:47:27.766  1933  1933 I SystemServer: StartCrossProfileAppsService
01-16 13:47:27.766  1933  1933 I SystemServiceManager: Starting com.android.server.pm.CrossProfileAppsService
01-16 13:47:27.766  1933  1933 D SystemServerTiming: StartCrossProfileAppsService took to complete: 0ms
01-16 13:47:27.766  1933  1933 I SystemServer: StartMediaProjectionManager
01-16 13:47:27.766  1933  1933 I SystemServiceManager: Starting com.android.server.media.projection.MediaProjectionManagerService
01-16 13:47:27.785  1933  1933 D SystemServerTiming: StartMediaProjectionManager took to complete: 19ms
01-16 13:47:27.785  1933  1933 I SystemServer: StartSliceManagerService
01-16 13:47:27.786  1933  1933 I SystemServiceManager: Starting com.android.server.slice.SliceManagerService$Lifecycle
01-16 13:47:27.788  1933  1933 D SystemServerTiming: StartSliceManagerService took to complete: 3ms
01-16 13:47:27.788  1933  1933 I SystemServer: StartCameraServiceProxy
