01-16 13:47:37.418  1933  1985 W WallpaperManagerService: Cannot extract colors because wallpaper could not be read.
01-16 13:47:37.418  1933  1985 W WallpaperManagerService: Cannot get theme colors because WallpaperColors is null.
01-16 13:47:37.418  1933  1985 W WallpaperManagerService: Cannot extract colors because wallpaper could not be read.
01-16 13:47:37.418  1933  1985 W WallpaperManagerService: Cannot get theme colors because WallpaperColors is null.
01-16 13:47:37.430  2148  2148 D ServiceStateProvider: subId=-2
01-16 13:47:37.432  2299  2329 D HostConnection: HostComposition ext ANDROID_EMU_CHECKSUM_HELPER_v1 ANDROID_EMU_native_sync_v2 ANDROID_EMU_native_sync_v3 ANDROID_EMU_native_sync_v4 ANDROID_EMU_dma_v1 ANDROID_EMU_YUV420_888_to_NV21 ANDROID_EMU_YUV_Cache ANDROID_EMU_sync_buffer_data GL_OES_EGL_image_external_essl3 GL_OES_vertex_array_object GL_KHR_texture_compression_astc_ldr ANDROID_EMU_host_side_tracing ANDROID_EMU_gles_max_version_3_0 
01-16 13:47:37.432  2299  2329 E eglCodecCommon: GoldfishAddressSpaceHostMemoryAllocator: ioctl_ping failed for device_type=5, ret=-1
01-16 13:47:37.436  2299  2329 D EGL_emulation: eglMakeCurrent: 0xe5905120: ver 3 0 (tinfo 0xe5903250)
01-16 13:47:37.440  1777  1838 W OMXUtils: do not know color format 0x7f000789 = 2130708361
01-16 13:47:37.443  1777  1838 I OMXClient: IOmx service obtained
01-16 13:47:37.443  1787  2237 I OMXMaster: makeComponentInstance(OMX.google.h263.encoder) in omx@1.0-service process
01-16 13:47:37.443  2099  2099 D StatusBar: disable<e i a s b h r c s > disable2<q i n >
01-16 13:47:37.444  2148  2293 D IntentBroadcaster: Broadcasting and adding intent for rebroadcast: android.intent.action.SIM_STATE_CHANGED READY for slotId 0
01-16 13:47:37.444  1933  1944 I StatusBarManagerService: registerStatusBar bar=com.android.internal.statusbar.IStatusBar$Stub$Proxy@1b43df2
01-16 13:47:37.448  2148  2148 E PhoneInterfaceManager: [PhoneIntfMgr] getIccId: No UICC
01-16 13:47:37.508  1933  1988 W LocalDisplayAdapter: Unable to find color mode 0, ignoring request.
01-16 13:47:37.511  1933  1957 I ActivityManager: Displayed com.android.settings/.FallbackHome: +1s134ms (total +7s61ms)
01-16 13:47:37.512  1933  2009 I InputReader: Reconfiguring input devices.  changes=0x00000004
01-16 13:47:37.532  1767  1782 W SurfaceFlinger: Attempting to destroy on removed layer: AppWindowToken{37c511c token=Token{345a8f ActivityRecord{397a5ee u0 com.google.android.setupwizard/.SetupWizardActivity t2}}}#0
01-16 13:47:37.533  1933  1949 W KeyguardServiceDelegate: onScreenTurningOn(): no keyguard service!
01-16 13:47:37.538  2148  2148 D OpenGLRenderer: Skia GL Pipeline
01-16 13:47:37.549  1767  1783 W SurfaceFlinger: Attempting to destroy on removed layer: AppWindowToken{1029be8 token=Token{245210b ActivityRecord{205c8da u0 com.android.settings/.CryptKeeper t1}}}#0
01-16 13:47:37.551  1787  2237 I SoftMPEG4Encoder: Construct SoftMPEG4Encoder
01-16 13:47:37.552  1777  1838 W OMXUtils: do not know color format 0x7f000789 = 2130708361
01-16 13:47:37.552  1787  2237 E OMXNodeInstance: getConfig(0xf4b98120:google.h263.encoder, ConfigAndroidIntraRefresh(0x6f60000a)) ERROR: Undefined(0x80001001)
01-16 13:47:37.555  1777  1838 I OMXClient: IOmx service obtained
01-16 13:47:37.555  1787  1787 I OMXMaster: makeComponentInstance(OMX.google.mpeg4.encoder) in omx@1.0-service process
01-16 13:47:37.555  1787  1787 I SoftMPEG4Encoder: Construct SoftMPEG4Encoder
01-16 13:47:37.558  1777  1838 W OMXUtils: do not know color format 0x7f000789 = 2130708361
01-16 13:47:37.559  1787  1787 E OMXNodeInstance: getConfig(0xf4b984e0:google.mpeg4.encoder, ConfigAndroidIntraRefresh(0x6f60000a)) ERROR: Undefined(0x80001001)
01-16 13:47:37.561  1777  1838 I OMXClient: IOmx service obtained
01-16 13:47:37.561  1787  1787 I OMXMaster: makeComponentInstance(OMX.google.vp8.encoder) in omx@1.0-service process
01-16 13:47:37.589  1933  1944 I Telecom : PhoneAccountRegistrar: New phone account registered: [[ ] PhoneAccount: ComponentInfo{com.android.phone/com.android.services.telephony.TelephonyConnectionService}, ***, UserHandle{0} Capabilities: CallProvider MultiUser PlaceEmerg SimSub  Audio Routes: BESW Schemes: tel voicemail  Extras: Bundle[mParcelledData.dataSize=124] GroupId: ***]: TSI.rPA@AAg
01-16 13:47:37.645  1933  1944 I Telecom : CallsManager: Sending phone-account ComponentInfo{com.android.phone/com.android.services.telephony.TelephonyConnectionService}, ***, UserHandle{0} registered intent as user: TSI.rPA@AAg
01-16 13:47:37.645  1933  1944 I Telecom : CallsManager: Sending phone-account registered intent to default dialer: TSI.rPA@AAg
01-16 13:47:37.646  2148  2148 I TelecomFramework: AccountEntry: Registered phoneAccount: [[ ] PhoneAccount: ComponentInfo{com.android.phone/com.android.services.telephony.TelephonyConnectionService}, ***, UserHandle{0} Capabilities: CallProvider MultiUser PlaceEmerg SimSub  Audio Routes: BESW Schemes: tel voicemail  Extras: Bundle[{android.telecom.extra.SUPPORTS_VIDEO_CALLING_FALLBACK=true}] GroupId: ***] with handle: ComponentInfo{com.android.phone/com.android.services.telephony.TelephonyConnectionService}, ***, UserHandle{0}
01-16 13:47:37.689  2148  2148 I TelecomFramework: PstnIncomingCallNotifier: Registering: Handler (com.android.internal.telephony.GsmCdmaPhone) {265b20}
01-16 13:47:37.697  2148  2148 I TelecomFramework: PstnIncomingCallNotifier: Unregistering: Handler (com.android.internal.telephony.GsmCdmaPhone) {265b20}
01-16 13:47:37.698  2148  2148 E PhoneInterfaceManager: [PhoneIntfMgr] getIccId: No UICC
01-16 13:47:37.707  1933  1945 I Telecom : PhoneAccountRegistrar: Modify account: [ComponentInfo{com.android.phone/com.android.services.telephony.TelephonyConnectionService}, ***, UserHandle{0}]: TSI.rPA@AAs
01-16 13:47:37.709  2148  2148 I TelecomFramework: AccountEntry: Registered phoneAccount: [[ ] PhoneAccount: ComponentInfo{com.android.phone/com.android.services.telephony.TelephonyConnectionService}, ***, UserHandle{0} Capabilities: CallProvider MultiUser PlaceEmerg SimSub  Audio Routes: BESW Schemes: tel voicemail  Extras: Bundle[{android.telecom.extra.SUPPORTS_VIDEO_CALLING_FALLBACK=true}] GroupId: ***] with handle: ComponentInfo{com.android.phone/com.android.services.telephony.TelephonyConnectionService}, ***, UserHandle{0}
01-16 13:47:37.709  2148  2148 I TelecomFramework: PstnIncomingCallNotifier: Registering: Handler (com.android.internal.telephony.GsmCdmaPhone) {265b20}
01-16 13:47:37.728  1777  1838 W OMXUtils: do not know color format 0x7f000789 = 2130708361
01-16 13:47:37.729  1787  2237 E OMXNodeInstance: getConfig(0xf4b984e0:google.vp8.encoder, ConfigAndroidIntraRefresh(0x6f60000a)) ERROR: Undefined(0x80001001)
01-16 13:47:37.730  1777  1838 D MediaCodecList: ignored a null builder
01-16 13:47:37.778  2099  2253 I OMXClient: IOmx service obtained
01-16 13:47:37.778  1933  2180 I OMXClient: IOmx service obtained
01-16 13:47:37.778  1787  1787 I OMXMaster: makeComponentInstance(OMX.google.vorbis.decoder) in omx@1.0-service process
01-16 13:47:37.779  1787  2237 I OMXMaster: makeComponentInstance(OMX.google.vorbis.decoder) in omx@1.0-service process
01-16 13:47:37.782  1787  1787 E OMXNodeInstance: getConfig(0xf4fa6c00:google.vorbis.decoder, ConfigAndroidVendorExtension(0x6f100004)) ERROR: Undefined(0x80001001)
01-16 13:47:37.782  1787  2237 E OMXNodeInstance: getConfig(0xf4b984e0:google.vorbis.decoder, ConfigAndroidVendorExtension(0x6f100004)) ERROR: Undefined(0x80001001)
01-16 13:47:37.785  1624  1624 W AshmemAllocator: ashmem_create_region(32768) returning hidl_memory(0xf3b1c180, 32768)
01-16 13:47:37.785  1624  1624 W AshmemAllocator: ashmem_create_region(32768) returning hidl_memory(0xf3b1c180, 32768)
01-16 13:47:37.814  2148  2148 I ImsExternalCallTracker: handleVideoCapabilitiesChanged : isVideoCapable = false
01-16 13:47:37.814  2148  2148 D ImsExternalCallTracker: refreshCallPullState
01-16 13:47:37.814  2148  2148 I TelecomFramework: PstnPhoneCapabilitiesNotifier: handleVideoCapabilitesChanged. Video capability - false
01-16 13:47:37.815  2148  2148 I ImsExternalCallTracker: handleVideoCapabilitiesChanged : isVideoCapable = false
01-16 13:47:37.815  2148  2148 D ImsExternalCallTracker: refreshCallPullState
01-16 13:47:37.815  2148  2148 E PhoneInterfaceManager: [PhoneIntfMgr] getIccId: No UICC
01-16 13:47:37.815  2148  2148 I TelecomFramework: PstnPhoneCapabilitiesNotifier: handleVideoCapabilitesChanged. Video capability - false
01-16 13:47:37.823  1933  1944 I Telecom : PhoneAccountRegistrar: Modify account: [ComponentInfo{com.android.phone/com.android.services.telephony.TelephonyConnectionService}, ***, UserHandle{0}]: TSI.rPA@AA4
01-16 13:47:37.842  2148  2148 D MccTable: updateMccMncConfiguration mccmnc='310260' fromServiceState=false
01-16 13:47:37.843  2148  2148 D MccTable: updateMccMncConfiguration defaultMccMnc=
01-16 13:47:37.843  2148  2148 D MccTable: updateMccMncConfiguration: mcc=310, mnc=260
01-16 13:47:37.843  2148  2148 D MccTable: updateMccMncConfiguration updateConfig config={0.0 310mcc260mnc ?localeList ?layoutDir ?swdp ?wdp ?hdp ?density ?lsize ?long ?ldr ?wideColorGamut ?orien ?uimode ?night ?touch ?keyb/?/? ?nav/? winConfig={ mBounds=Rect(0, 0 - 0, 0) mAppBounds=null mWindowingMode=undefined mActivityType=undefined}}
01-16 13:47:37.843  1933  1985 I ActivityManager: Config changes=3 {1.0 310mcc260mnc [en_US] ldltr sw411dp w411dp h750dp 560dpi nrml long port finger qwerty/v/v -nav/h winConfig={ mBounds=Rect(0, 0 - 0, 0) mAppBounds=Rect(0, 0 - 1440, 2712) mWindowingMode=fullscreen mActivityType=undefined} s.6}
01-16 13:47:37.845  2099  2099 I CameraManagerGlobal: Connecting to camera service
01-16 13:47:37.853  1933  1985 I ActivityManager: Override config changes=3 {1.0 310mcc260mnc [en_US] ldltr sw411dp w411dp h750dp 560dpi nrml long port finger qwerty/v/v -nav/h winConfig={ mBounds=Rect(0, 0 - 1440, 2712) mAppBounds=Rect(0, 0 - 1440, 2712) mWindowingMode=fullscreen mActivityType=undefined} s.6} for displayId=0
01-16 13:47:37.865  2075  2075 I GoogleInputMethod: onStartInput() : Dummy InputConnection bound
01-16 13:47:37.866  2075  2075 I ShortcutsDataManager: startImportContentTask()
01-16 13:47:37.866  2075  2075 I ShortcutsDataManager: onImportAborted()
01-16 13:47:37.874  1624  1624 W AshmemAllocator: ashmem_create_region(32768) returning hidl_memory(0xf3b1c180, 32768)
01-16 13:47:37.876  1933  1985 W LocalDisplayAdapter: Unable to find color mode 0, ignoring request.
01-16 13:47:37.876  1624  1624 I chatty  : uid=1000(system) allocator@1.0-s identical 47 lines
01-16 13:47:37.878  1624  1624 W AshmemAllocator: ashmem_create_region(32768) returning hidl_memory(0xf3b1c180, 32768)
01-16 13:47:37.879  2299  2329 D EGL_emulation: eglMakeCurrent: 0xe5905120: ver 3 0 (tinfo 0xe5903250)
01-16 13:47:37.879  1624  1624 W AshmemAllocator: ashmem_create_region(32768) returning hidl_memory(0xf3b1c180, 32768)
01-16 13:47:37.881  1624  1624 W AshmemAllocator: ashmem_create_region(32768) returning hidl_memory(0xf3b1c180, 32768)
01-16 13:47:37.882  1933  2009 I InputReader: Reconfiguring input devices.  changes=0x00000004
01-16 13:47:37.883  1637  1637 D gralloc_ranchu: gralloc_alloc: Creating ashmem region of size 16592896
01-16 13:47:37.883  1624  1624 W AshmemAllocator: ashmem_create_region(32768) returning hidl_memory(0xf3b1c180, 32768)
01-16 13:47:37.883  1624  1624 W AshmemAllocator: ashmem_create_region(32768) returning hidl_memory(0xf3b1c180, 32768)
01-16 13:47:37.885  2299  2329 D EGL_emulation: eglMakeCurrent: 0xe5905120: ver 3 0 (tinfo 0xe5903250)
01-16 13:47:37.886  1624  1624 W AshmemAllocator: ashmem_create_region(32768) returning hidl_memory(0xf3b1c180, 32768)
01-16 13:47:37.889  1624  1624 W AshmemAllocator: ashmem_create_region(32768) returning hidl_memory(0xf3b1c180, 32768)
01-16 13:47:37.889  1637  1637 D gralloc_ranchu: gralloc_alloc: Creating ashmem region of size 16592896
01-16 13:47:37.889  1624  1624 W AshmemAllocator: ashmem_create_region(32768) returning hidl_memory(0xf3b1c180, 32768)
01-16 13:47:37.892  1933  1988 W LocalDisplayAdapter: Unable to find color mode 0, ignoring request.
01-16 13:47:37.890  1624  1624 W AshmemAllocator: ashmem_create_region(32768) returning hidl_memory(0xf3b1c180, 32768)
01-16 13:47:37.894  1637  1637 D gralloc_ranchu: gralloc_alloc: Creating ashmem region of size 16592896
01-16 13:47:37.902  1933  2009 I InputReader: Reconfiguring input devices.  changes=0x00000004
01-16 13:47:37.902  1624  1624 W AshmemAllocator: ashmem_create_region(32768) returning hidl_memory(0xf3b1c180, 32768)
01-16 13:47:37.902  1624  1624 W AshmemAllocator: ashmem_create_region(32768) returning hidl_memory(0xf3b1c180, 32768)
01-16 13:47:37.903  1933  1933 I GnssLocationProvider: WakeLock acquired by sendMessage(SUBSCRIPTION_OR_SIM_CHANGED, 0, null)
01-16 13:47:37.903  1624  1624 W AshmemAllocator: ashmem_create_region(32768) returning hidl_memory(0xf3b1c180, 32768)
01-16 13:47:37.904  1624  1624 W AshmemAllocator: ashmem_create_region(32768) returning hidl_memory(0xf3b1c180, 32768)
01-16 13:47:37.905  1933  2033 W BestClock: java.time.DateTimeException: Missing NTP fix
01-16 13:47:37.905  2148  2148 D TelephonyProvider: subIdString = -2 subId = -2
01-16 13:47:37.906  1933  2033 W BestClock: java.time.DateTimeException: Missing NTP fix
01-16 13:47:37.907  2148  2148 D TelephonyProvider: getPreferredApnIdFromApn: for subId -2
01-16 13:47:37.907  1933  1948 I GnssLocationProvider: WakeLock released by handleMessage(SUBSCRIPTION_OR_SIM_CHANGED, 0, null)
01-16 13:47:37.919  2148  2148 I TelecomFramework: PstnIncomingCallNotifier: Unregistering: Handler (com.android.internal.telephony.GsmCdmaPhone) {265b20}
01-16 13:47:37.921  2148  2148 E PhoneInterfaceManager: [PhoneIntfMgr] getIccId: No UICC
01-16 13:47:37.926  1933  2053 I GnssLocationProvider: WakeLock acquired by sendMessage(REPORT_SV_STATUS, 0, com.android.server.location.GnssLocationProvider$SvStatusInfo@d749aec)
01-16 13:47:37.927  1933  1948 I GnssLocationProvider: WakeLock released by handleMessage(REPORT_SV_STATUS, 0, com.android.server.location.GnssLocationProvider$SvStatusInfo@d749aec)
01-16 13:47:37.933  1933  1985 I Telecom : PhoneAccountRegistrar: Modify account: [ComponentInfo{com.android.phone/com.android.services.telephony.TelephonyConnectionService}, ***, UserHandle{0}(addr: tel:************ -> tel:)(subAddr: tel:************ -> tel:)]: TSI.rPA@AA8
01-16 13:47:37.935  2148  2148 I TelecomFramework: AccountEntry: Registered phoneAccount: [[ ] PhoneAccount: ComponentInfo{com.android.phone/com.android.services.telephony.TelephonyConnectionService}, ***, UserHandle{0} Capabilities: CallProvider MultiUser PlaceEmerg SimSub  Audio Routes: BESW Schemes: tel voicemail  Extras: Bundle[{android.telecom.extra.SUPPORTS_VIDEO_CALLING_FALLBACK=true}] GroupId: ***] with handle: ComponentInfo{com.android.phone/com.android.services.telephony.TelephonyConnectionService}, ***, UserHandle{0}
01-16 13:47:37.935  2148  2148 I TelecomFramework: PstnIncomingCallNotifier: Registering: Handler (com.android.internal.telephony.GsmCdmaPhone) {265b20}
01-16 13:47:37.941  2148  2148 I ImsExternalCallTracker: handleVideoCapabilitiesChanged : isVideoCapable = false
01-16 13:47:37.941  2148  2148 D ImsExternalCallTracker: refreshCallPullState
01-16 13:47:37.941  2148  2148 I TelecomFramework: PstnPhoneCapabilitiesNotifier: handleVideoCapabilitesChanged. Video capability - false
01-16 13:47:37.942  2148  2148 E PhoneInterfaceManager: [PhoneIntfMgr] getIccId: No UICC
01-16 13:47:37.960  1933  2370 I Telecom : PhoneAccountRegistrar: Modify account: [ComponentInfo{com.android.phone/com.android.services.telephony.TelephonyConnectionService}, ***, UserHandle{0}]: TSI.rPA@ABI
01-16 13:47:37.980  2148  2293 D MccTable: updateMccMncConfiguration mccmnc='310260' fromServiceState=false
01-16 13:47:37.982  2148  2293 D MccTable: updateMccMncConfiguration defaultMccMnc=310260
01-16 13:47:37.982  2148  2293 D MccTable: updateMccMncConfiguration: mcc=310, mnc=260
01-16 13:47:37.982  2148  2293 D MccTable: updateMccMncConfiguration updateConfig config={0.0 310mcc260mnc ?localeList ?layoutDir ?swdp ?wdp ?hdp ?density ?lsize ?long ?ldr ?wideColorGamut ?orien ?uimode ?night ?touch ?keyb/?/? ?nav/? winConfig={ mBounds=Rect(0, 0 - 0, 0) mAppBounds=null mWindowingMode=undefined mActivityType=undefined}}
01-16 13:47:37.990  1933  2378 I OMXClient: IOmx service obtained
01-16 13:47:37.991  1787  1787 I OMXMaster: makeComponentInstance(OMX.google.vorbis.decoder) in omx@1.0-service process
01-16 13:47:37.992  1787  1906 E OMXNodeInstance: getConfig(0xf4b984e0:google.vorbis.decoder, ConfigAndroidVendorExtension(0x6f100004)) ERROR: Undefined(0x80001001)
01-16 13:47:37.993  1624  1624 W AshmemAllocator: ashmem_create_region(32768) returning hidl_memory(0xf3b1c180, 32768)
01-16 13:47:37.997  1624  1624 W AshmemAllocator: ashmem_create_region(32768) returning hidl_memory(0xf3b1c180, 32768)
01-16 13:47:37.998  2148  2148 D TelephonyProvider: subIdString = 1 subId = 1
01-16 13:47:37.998  2148  2148 D TelephonyProvider: getPreferredApnIdFromApn: for subId 1
01-16 13:47:37.998  1624  1624 W AshmemAllocator: ashmem_create_region(32768) returning hidl_memory(0xf3b1c180, 32768)
01-16 13:47:38.052  2099  2386 I OMXClient: IOmx service obtained
01-16 13:47:38.052  2148  2148 I TelecomFramework: PstnIncomingCallNotifier: Unregistering: Handler (com.android.internal.telephony.GsmCdmaPhone) {265b20}
01-16 13:47:38.052  1787  1787 I OMXMaster: makeComponentInstance(OMX.google.vorbis.decoder) in omx@1.0-service process
01-16 13:47:38.054  1787  1787 E OMXNodeInstance: getConfig(0xf4b984e0:google.vorbis.decoder, ConfigAndroidVendorExtension(0x6f100004)) ERROR: Undefined(0x80001001)
01-16 13:47:38.062  1624  1624 W AshmemAllocator: ashmem_create_region(32768) returning hidl_memory(0xf3b1c180, 32768)
01-16 13:47:38.070  1624  1624 W AshmemAllocator: ashmem_create_region(32768) returning hidl_memory(0xf3b1c180, 32768)
01-16 13:47:38.073  1933  1933 I GnssLocationProvider: WakeLock acquired by sendMessage(SUBSCRIPTION_OR_SIM_CHANGED, 0, null)
01-16 13:47:38.076  2148  2293 D MccTable: updateMccMncConfiguration mccmnc='310260' fromServiceState=false
01-16 13:47:38.080  1933  2033 I NetworkPolicy: No policy for subscriber 310260...; generating default policy
01-16 13:47:38.080  2148  2293 D MccTable: updateMccMncConfiguration defaultMccMnc=310260
01-16 13:47:38.080  2148  2293 D MccTable: updateMccMncConfiguration: mcc=310, mnc=260
01-16 13:47:38.080  2148  2293 D MccTable: updateMccMncConfiguration updateConfig config={0.0 310mcc260mnc ?localeList ?layoutDir ?swdp ?wdp ?hdp ?density ?lsize ?long ?ldr ?wideColorGamut ?orien ?uimode ?night ?touch ?keyb/?/? ?nav/? winConfig={ mBounds=Rect(0, 0 - 0, 0) mAppBounds=null mWindowingMode=undefined mActivityType=undefined}}
01-16 13:47:38.083  1933  2033 W BestClock: java.time.DateTimeException: Missing NTP fix
01-16 13:47:38.085  1624  1624 W AshmemAllocator: ashmem_create_region(32768) returning hidl_memory(0xf3b1c180, 32768)
01-16 13:47:38.088  1624  1624 W AshmemAllocator: ashmem_create_region(32768) returning hidl_memory(0xf3b1c180, 32768)
01-16 13:47:38.088  1933  2390 I OMXClient: IOmx service obtained
01-16 13:47:38.088  1624  1624 W AshmemAllocator: ashmem_create_region(32768) returning hidl_memory(0xf3b1c180, 32768)
01-16 13:47:38.088  1787  1787 I OMXMaster: makeComponentInstance(OMX.google.vorbis.decoder) in omx@1.0-service process
01-16 13:47:38.091  1933  1948 E GnssLocationProvider: no AGPS interface in set_agps_server
01-16 13:47:38.091  1933  1948 I GnssLocationProvider: WakeLock released by handleMessage(SUBSCRIPTION_OR_SIM_CHANGED, 0, null)
01-16 13:47:38.095  1787  1906 E OMXNodeInstance: getConfig(0xf4b980c0:google.vorbis.decoder, ConfigAndroidVendorExtension(0x6f100004)) ERROR: Undefined(0x80001001)
01-16 13:47:38.100  1624  1624 W AshmemAllocator: ashmem_create_region(32768) returning hidl_memory(0xf3b1c180, 32768)
01-16 13:47:38.101  1624  1624 W AshmemAllocator: ashmem_create_region(32768) returning hidl_memory(0xf3b1c180, 32768)
01-16 13:47:38.103  1933  2033 W BestClock: java.time.DateTimeException: Missing NTP fix
01-16 13:47:38.103  1624  1624 W AshmemAllocator: ashmem_create_region(32768) returning hidl_memory(0xf3b1c180, 32768)
01-16 13:47:38.104  1933  2370 I Telecom : PhoneAccountRegistrar: New phone account registered: [[ ] PhoneAccount: ComponentInfo{com.android.phone/com.android.services.telephony.TelephonyConnectionService}, ***, UserHandle{0} Capabilities: CallProvider MultiUser PlaceEmerg SimSub  Audio Routes: BESW Schemes: tel voicemail  Extras: Bundle[mParcelledData.dataSize=124] GroupId: ***]: TSI.rPA@ABM
01-16 13:47:38.107  1933  2370 I Telecom : CallsManager: Sending phone-account ComponentInfo{com.android.phone/com.android.services.telephony.TelephonyConnectionService}, ***, UserHandle{0} registered intent as user: TSI.rPA@ABM
01-16 13:47:38.108  1933  2370 I Telecom : CallsManager: Sending phone-account registered intent to default dialer: TSI.rPA@ABM
01-16 13:47:38.109  2148  2148 I TelecomFramework: AccountEntry: Registered phoneAccount: [[ ] PhoneAccount: ComponentInfo{com.android.phone/com.android.services.telephony.TelephonyConnectionService}, ***, UserHandle{0} Capabilities: CallProvider MultiUser PlaceEmerg SimSub  Audio Routes: BESW Schemes: tel voicemail  Extras: Bundle[{android.telecom.extra.SUPPORTS_VIDEO_CALLING_FALLBACK=true}] GroupId: ***] with handle: ComponentInfo{com.android.phone/com.android.services.telephony.TelephonyConnectionService}, ***, UserHandle{0}
01-16 13:47:38.109  2148  2148 I TelecomFramework: PstnIncomingCallNotifier: Registering: Handler (com.android.internal.telephony.GsmCdmaPhone) {265b20}
01-16 13:47:38.105  1624  1624 W AshmemAllocator: ashmem_create_region(32768) returning hidl_memory(0xf3b1c180, 32768)
01-16 13:47:38.112  2099  2099 D NotificationEntryMgr: heads up is enabled
01-16 13:47:38.113  1933  2033 W BestClock: java.time.DateTimeException: Missing NTP fix
01-16 13:47:38.116  2148  2148 I TelecomFramework: TelecomAccountRegistry: Unregistering phone account ComponentInfo{com.android.phone/com.android.services.telephony.TelephonyConnectionService}, ***, UserHandle{0}.
01-16 13:47:38.123  1933  1945 I Telecom : CallsManager: Sending phone-account ComponentInfo{com.android.phone/com.android.services.telephony.TelephonyConnectionService}, ***, UserHandle{0} unregistered intent as user: TSI.uPA@ABU
01-16 13:47:38.124  1933  1945 I Telecom : CallsManager: Sending phone-account unregistered intent to default dialer: TSI.uPA@ABU
01-16 13:47:38.116  1933  2033 W BestClock: java.time.DateTimeException: Missing NTP fix
01-16 13:47:38.138  1933  1933 I GnssLocationProvider: WakeLock acquired by sendMessage(SUBSCRIPTION_OR_SIM_CHANGED, 0, null)
01-16 13:47:38.143  1933  2033 W BestClock: java.time.DateTimeException: Missing NTP fix
01-16 13:47:38.147  1933  2370 W ContextImpl: Calling a method in the system process without a qualified user: android.app.ContextImpl.sendBroadcastAsUserMultiplePermissions:1053 com.android.server.TelephonyRegistry.broadcastCallStateChanged:1602 com.android.server.TelephonyRegistry.notifyCallStateForPhoneId:793 com.android.internal.telephony.ITelephonyRegistry$Stub.onTransact:122 android.os.Binder.execTransact:731 
01-16 13:47:38.146  1933  2033 W BestClock: java.time.DateTimeException: Missing NTP fix
01-16 13:47:38.152  1933  1948 E GnssLocationProvider: no AGPS interface in set_agps_server
01-16 13:47:38.153  1933  1948 I GnssLocationProvider: WakeLock released by handleMessage(SUBSCRIPTION_OR_SIM_CHANGED, 0, null)
01-16 13:47:38.163  1933  1933 I GnssLocationProvider: WakeLock acquired by sendMessage(SUBSCRIPTION_OR_SIM_CHANGED, 0, null)
01-16 13:47:38.168  1933  1933 I GnssLocationProvider: WakeLock acquired by sendMessage(SUBSCRIPTION_OR_SIM_CHANGED, 0, null)
01-16 13:47:38.169  1933  2033 W BestClock: java.time.DateTimeException: Missing NTP fix
01-16 13:47:38.177  2064  2064 E ActivityThread: Failed to find provider info for com.google.android.gsf.gservices
01-16 13:47:38.175  1933  2033 I chatty  : uid=1000(system) NetworkPolicy identical 2 lines
01-16 13:47:38.179  1933  2033 W BestClock: java.time.DateTimeException: Missing NTP fix
01-16 13:47:38.179  2148  2293 D IntentBroadcaster: Broadcasting and adding intent for rebroadcast: android.intent.action.SIM_STATE_CHANGED LOADED for slotId 0
01-16 13:47:38.181  1933  1933 D WifiService: resetting networks because SIM was loaded
01-16 13:47:38.181  1933  2036 D WifiStateMachine: resetting EAP-SIM/AKA/AKA' networks since SIM was changed
01-16 13:47:38.182  1933  1948 E GnssLocationProvider: no AGPS interface in set_agps_server
01-16 13:47:38.182  1933  1948 I GnssLocationProvider: WakeLock released by handleMessage(SUBSCRIPTION_OR_SIM_CHANGED, 0, null)
01-16 13:47:38.184  2148  2293 D CarrierConfigLoader: update config for phoneId: 0 simState: LOADED
01-16 13:47:38.184  2148  2293 D CarrierSvcBindHelper: update binding for phoneId: 0 simState: LOADED
01-16 13:47:38.186  1933  2397 I OMXClient: IOmx service obtained
01-16 13:47:38.186  1787  1787 I OMXMaster: makeComponentInstance(OMX.google.vorbis.decoder) in omx@1.0-service process
01-16 13:47:38.189  1787  1787 E OMXNodeInstance: getConfig(0xf4b984e0:google.vorbis.decoder, ConfigAndroidVendorExtension(0x6f100004)) ERROR: Undefined(0x80001001)
01-16 13:47:38.190  1933  1933 I GnssLocationProvider: WakeLock acquired by sendMessage(SUBSCRIPTION_OR_SIM_CHANGED, 0, null)
01-16 13:47:38.193  1624  1624 W AshmemAllocator: ashmem_create_region(32768) returning hidl_memory(0xf3b1c180, 32768)
01-16 13:47:38.198  1624  1624 W AshmemAllocator: ashmem_create_region(32768) returning hidl_memory(0xf3b1c180, 32768)
01-16 13:47:38.198  1933  2033 W BestClock: java.time.DateTimeException: Missing NTP fix
01-16 13:47:38.199  1624  1624 W AshmemAllocator: ashmem_create_region(32768) returning hidl_memory(0xf3b1c180, 32768)
01-16 13:47:38.201  1624  1624 W AshmemAllocator: ashmem_create_region(32768) returning hidl_memory(0xf3b1c180, 32768)
01-16 13:47:38.201  2099  2401 I OMXClient: IOmx service obtained
01-16 13:47:38.201  1787  1907 I OMXMaster: makeComponentInstance(OMX.google.vorbis.decoder) in omx@1.0-service process
01-16 13:47:38.202  1787  1907 E OMXNodeInstance: getConfig(0xf4fa6cc0:google.vorbis.decoder, ConfigAndroidVendorExtension(0x6f100004)) ERROR: Undefined(0x80001001)
01-16 13:47:38.202  1933  1948 E GnssLocationProvider: no AGPS interface in set_agps_server
01-16 13:47:38.202  1933  1948 I GnssLocationProvider: WakeLock released by handleMessage(SUBSCRIPTION_OR_SIM_CHANGED, 0, null)
01-16 13:47:38.203  1624  1624 W AshmemAllocator: ashmem_create_region(32768) returning hidl_memory(0xf3b1c180, 32768)
01-16 13:47:38.205  1624  1624 W AshmemAllocator: ashmem_create_region(32768) returning hidl_memory(0xf3b1c180, 32768)
01-16 13:47:38.205  2148  2148 D TelephonyProvider: subIdString = 1 subId = 1
01-16 13:47:38.205  2148  2148 D TelephonyProvider: getPreferredApnIdFromApn: for subId 1
01-16 13:47:38.209  1933  2033 W BestClock: java.time.DateTimeException: Missing NTP fix
01-16 13:47:38.216  2099  2099 E BluetoothAdapter: Bluetooth binder is null
01-16 13:47:38.224  1933  1948 E GnssLocationProvider: no AGPS interface in set_agps_server
01-16 13:47:38.225  1624  1624 W AshmemAllocator: ashmem_create_region(32768) returning hidl_memory(0xf3b1c180, 32768)
01-16 13:47:38.227  1624  1624 W AshmemAllocator: ashmem_create_region(32768) returning hidl_memory(0xf3b1c180, 32768)
01-16 13:47:38.239  2099  2324 D OpenGLRenderer: profile bars disabled
01-16 13:47:38.240  2099  2324 D OpenGLRenderer: ambientRatio = 1.50
01-16 13:47:38.254  1933  1948 E GnssLocationProvider: no AGPS interface in set_agps_server
01-16 13:47:38.255  1933  1948 I GnssLocationProvider: WakeLock released by handleMessage(SUBSCRIPTION_OR_SIM_CHANGED, 0, null)
01-16 13:47:38.202  2064  2064 E ActivityThread: Failed to find provider info for com.google.android.gsf.gservices
01-16 13:47:38.278  2148  2148 I TelecomFramework: PstnIncomingCallNotifier: Unregistering: Handler (com.android.internal.telephony.GsmCdmaPhone) {265b20}
01-16 13:47:38.289  2099  2099 D StatusBar: disable<e i a s b h r c s > disable2<q i n >
01-16 13:47:38.305  1933  2370 I Telecom : PhoneAccountRegistrar: Modify account: [ComponentInfo{com.android.phone/com.android.services.telephony.TelephonyConnectionService}, ***, UserHandle{0}]: TSI.rPA@ABc
01-16 13:47:38.306  2148  2148 I TelecomFramework: AccountEntry: Registered phoneAccount: [[ ] PhoneAccount: ComponentInfo{com.android.phone/com.android.services.telephony.TelephonyConnectionService}, ***, UserHandle{0} Capabilities: CallProvider MultiUser PlaceEmerg SimSub  Audio Routes: BESW Schemes: tel voicemail  Extras: Bundle[{android.telecom.extra.SUPPORTS_VIDEO_CALLING_FALLBACK=true}] GroupId: ***] with handle: ComponentInfo{com.android.phone/com.android.services.telephony.TelephonyConnectionService}, ***, UserHandle{0}
01-16 13:47:38.306  2148  2148 I TelecomFramework: PstnIncomingCallNotifier: Registering: Handler (com.android.internal.telephony.GsmCdmaPhone) {265b20}
01-16 13:47:38.310  2148  2148 I ImsExternalCallTracker: handleVideoCapabilitiesChanged : isVideoCapable = false
01-16 13:47:38.310  2148  2148 D ImsExternalCallTracker: refreshCallPullState
01-16 13:47:38.310  2148  2148 I TelecomFramework: PstnPhoneCapabilitiesNotifier: handleVideoCapabilitesChanged. Video capability - false
01-16 13:47:38.314  2148  2148 D CallNotifier: updatePhoneStateListeners: update CF notifications.
01-16 13:47:38.315  2148  2148 I TelecomFramework: PstnIncomingCallNotifier: Unregistering: Handler (com.android.internal.telephony.GsmCdmaPhone) {265b20}
01-16 13:47:38.324  1933  2404 I OMXClient: IOmx service obtained
01-16 13:47:38.324  1787  1787 I OMXMaster: makeComponentInstance(OMX.google.vorbis.decoder) in omx@1.0-service process
01-16 13:47:38.326  1787  1787 E OMXNodeInstance: getConfig(0xf4fa6cc0:google.vorbis.decoder, ConfigAndroidVendorExtension(0x6f100004)) ERROR: Undefined(0x80001001)
01-16 13:47:38.330  1624  1624 W AshmemAllocator: ashmem_create_region(32768) returning hidl_memory(0xf3b1c180, 32768)
01-16 13:47:38.336  1933  1945 I Telecom : PhoneAccountRegistrar: Modify account: [ComponentInfo{com.android.phone/com.android.services.telephony.TelephonyConnectionService}, ***, UserHandle{0}]: TSI.rPA@ABs
01-16 13:47:38.338  2148  2148 I TelecomFramework: AccountEntry: Registered phoneAccount: [[ ] PhoneAccount: ComponentInfo{com.android.phone/com.android.services.telephony.TelephonyConnectionService}, ***, UserHandle{0} Capabilities: CallProvider MultiUser PlaceEmerg SimSub  Audio Routes: BESW Schemes: tel voicemail  Extras: Bundle[{android.telecom.extra.SUPPORTS_VIDEO_CALLING_FALLBACK=true}] GroupId: ***] with handle: ComponentInfo{com.android.phone/com.android.services.telephony.TelephonyConnectionService}, ***, UserHandle{0}
01-16 13:47:38.338  2148  2148 I TelecomFramework: PstnIncomingCallNotifier: Registering: Handler (com.android.internal.telephony.GsmCdmaPhone) {265b20}
01-16 13:47:38.340  1624  1624 W AshmemAllocator: ashmem_create_region(32768) returning hidl_memory(0xf3b1c180, 32768)
01-16 13:47:38.348  2148  2148 D CallNotifier: updatePhoneStateListeners: update CF notifications.
01-16 13:47:38.349  2064  2064 E ActivityThread: Failed to find provider info for com.google.android.gsf.gservices
01-16 13:47:38.350  2064  2064 E ActivityThread: Failed to find provider info for com.google.android.gsf.gservices
01-16 13:47:38.351  2148  2148 I TelecomFramework: PstnIncomingCallNotifier: Unregistering: Handler (com.android.internal.telephony.GsmCdmaPhone) {265b20}
01-16 13:47:38.378  1933  1945 I Telecom : PhoneAccountRegistrar: Modify account: [ComponentInfo{com.android.phone/com.android.services.telephony.TelephonyConnectionService}, ***, UserHandle{0}]: TSI.rPA@AB4
01-16 13:47:38.380  2148  2148 I TelecomFramework: AccountEntry: Registered phoneAccount: [[ ] PhoneAccount: ComponentInfo{com.android.phone/com.android.services.telephony.TelephonyConnectionService}, ***, UserHandle{0} Capabilities: CallProvider MultiUser PlaceEmerg SimSub  Audio Routes: BESW Schemes: tel voicemail  Extras: Bundle[{android.telecom.extra.SUPPORTS_VIDEO_CALLING_FALLBACK=true}] GroupId: ***] with handle: ComponentInfo{com.android.phone/com.android.services.telephony.TelephonyConnectionService}, ***, UserHandle{0}
01-16 13:47:38.381  2148  2148 I TelecomFramework: PstnIncomingCallNotifier: Registering: Handler (com.android.internal.telephony.GsmCdmaPhone) {265b20}
01-16 13:47:38.386  2148  2148 I TelecomFramework: PstnIncomingCallNotifier: Unregistering: Handler (com.android.internal.telephony.GsmCdmaPhone) {265b20}
01-16 13:47:38.412  2099  2407 I SecurityController: could not bind to KeyChainService
01-16 13:47:38.418  1933  1945 I Telecom : PhoneAccountRegistrar: Modify account: [ComponentInfo{com.android.phone/com.android.services.telephony.TelephonyConnectionService}, ***, UserHandle{0}]: TSI.rPA@ACE
01-16 13:47:38.420  2148  2148 I TelecomFramework: AccountEntry: Registered phoneAccount: [[ ] PhoneAccount: ComponentInfo{com.android.phone/com.android.services.telephony.TelephonyConnectionService}, ***, UserHandle{0} Capabilities: CallProvider MultiUser PlaceEmerg SimSub  Audio Routes: BESW Schemes: tel voicemail  Extras: Bundle[{android.telecom.extra.SUPPORTS_VIDEO_CALLING_FALLBACK=true}] GroupId: ***] with handle: ComponentInfo{com.android.phone/com.android.services.telephony.TelephonyConnectionService}, ***, UserHandle{0}
01-16 13:47:38.420  2148  2148 I TelecomFramework: PstnIncomingCallNotifier: Registering: Handler (com.android.internal.telephony.GsmCdmaPhone) {265b20}
01-16 13:47:38.420  1933  1957 W WindowManager: App freeze timeout expired.
01-16 13:47:38.428  2099  2337 E ActivityThread: Failed to find provider info for com.android.contacts
01-16 13:47:38.430  2099  2099 D SystemUIBootTiming: StartServicescom.android.systemui.SystemBars took to complete: 1519ms
01-16 13:47:38.430  2099  2099 W SystemUIService: Initialization of com.android.systemui.SystemBars took 2159 ms
01-16 13:47:38.430  2148  2148 D CallNotifier: updatePhoneStateListeners: update CF notifications.
01-16 13:47:38.432  2148  2148 D CarrierConfigLoader: mHandler: 7 phoneId: 0
01-16 13:47:38.433  2148  2148 E CarrierConfigLoader: java.io.FileNotFoundException: /data/user_de/0/com.android.phone/files/carrierconfig-com.android.carrierconfig-89014103211118510720.xml (No such file or directory)
01-16 13:47:38.433  2148  2148 D CarrierConfigLoader: Binding to com.android.carrierconfig for phone 0
01-16 13:47:38.435  2148  2148 D CarrierSvcBindHelper: mHandler: 0
01-16 13:47:38.435  2148  2148 D CarrierSvcBindHelper: Rebinding if necessary for phoneId: 0
01-16 13:47:38.436  2099  2099 D StorageNotification: Notifying about private volume: VolumeInfo{private}:
01-16 13:47:38.436  2099  2099 D StorageNotification:     type=PRIVATE diskId=null partGuid=null mountFlags=0 mountUserId=-1 
01-16 13:47:38.436  2099  2099 D StorageNotification:     state=MOUNTED 
01-16 13:47:38.436  2099  2099 D StorageNotification:     fsType=null fsUuid=null fsLabel=null 
01-16 13:47:38.436  2099  2099 D StorageNotification:     path=/data internalPath=null 
01-16 13:47:38.438  2099  2099 D StorageNotification: Notifying about public volume: VolumeInfo{public:253,80}:
01-16 13:47:38.438  2099  2099 D StorageNotification:     type=PUBLIC diskId=disk:253,80 partGuid= mountFlags=VISIBLE mountUserId=0 
01-16 13:47:38.438  2099  2099 D StorageNotification:     state=MOUNTED 
01-16 13:47:38.438  2099  2099 D StorageNotification:     fsType=vfat fsUuid=1415-1210 fsLabel=SDCARD 
01-16 13:47:38.438  2099  2099 D StorageNotification:     path=/storage/1415-1210 internalPath=/mnt/media_rw/1415-1210 
01-16 13:47:38.443  2148  2148 D CarrierSvcBindHelper: No carrier app for: 0
01-16 13:47:38.445  2408  2408 W d.carrierconfi: Unexpected CPU variant for X86 using defaults: x86
01-16 13:47:38.446  2148  2148 D CallNotifier: updatePhoneStateListeners: update CF notifications.
01-16 13:47:38.447  2148  2148 I TelecomFramework: PstnIncomingCallNotifier: Unregistering: Handler (com.android.internal.telephony.GsmCdmaPhone) {265b20}
01-16 13:47:38.448  1933  1951 I ActivityManager: Start proc 2408:com.android.carrierconfig/u0a15 for service com.android.carrierconfig/.DefaultCarrierConfigService
01-16 13:47:38.449  2099  2099 D SystemUIBootTiming: StartServicescom.android.systemui.usb.StorageNotification took to complete: 19ms
01-16 13:47:38.459  2099  2099 D SystemUIBootTiming: StartServicescom.android.systemui.power.PowerUI took to complete: 10ms
01-16 13:47:38.461  2099  2099 D SystemUIBootTiming: StartServicescom.android.systemui.media.RingtonePlayer took to complete: 1ms
01-16 13:47:38.462  2064  2064 E ActivityThread: Failed to find provider info for com.google.android.gsf.gservices
01-16 13:47:38.463  2064  2064 E ActivityThread: Failed to find provider info for com.google.android.gsf.gservices
01-16 13:47:38.464  2099  2099 D SystemUIBootTiming: StartServicescom.android.systemui.keyboard.KeyboardUI took to complete: 3ms
01-16 13:47:38.471  1933  2371 I Telecom : PhoneAccountRegistrar: Modify account: [ComponentInfo{com.android.phone/com.android.services.telephony.TelephonyConnectionService}, ***, UserHandle{0}]: TSI.rPA@ACU
01-16 13:47:38.472  1933  2420 I OMXClient: IOmx service obtained
01-16 13:47:38.472  1787  1907 I OMXMaster: makeComponentInstance(OMX.google.vorbis.decoder) in omx@1.0-service process
01-16 13:47:38.475  1787  1907 E OMXNodeInstance: getConfig(0xf4fa6cc0:google.vorbis.decoder, ConfigAndroidVendorExtension(0x6f100004)) ERROR: Undefined(0x80001001)
01-16 13:47:38.475  2148  2148 I TelecomFramework: AccountEntry: Registered phoneAccount: [[ ] PhoneAccount: ComponentInfo{com.android.phone/com.android.services.telephony.TelephonyConnectionService}, ***, UserHandle{0} Capabilities: CallProvider MultiUser PlaceEmerg SimSub  Audio Routes: BESW Schemes: tel voicemail  Extras: Bundle[{android.telecom.extra.SUPPORTS_VIDEO_CALLING_FALLBACK=true}] GroupId: ***] with handle: ComponentInfo{com.android.phone/com.android.services.telephony.TelephonyConnectionService}, ***, UserHandle{0}
01-16 13:47:38.475  2148  2148 I TelecomFramework: PstnIncomingCallNotifier: Registering: Handler (com.android.internal.telephony.GsmCdmaPhone) {265b20}
01-16 13:47:38.479  1624  1624 W AshmemAllocator: ashmem_create_region(32768) returning hidl_memory(0xf3b1c180, 32768)
01-16 13:47:38.481  1624  1624 W AshmemAllocator: ashmem_create_region(32768) returning hidl_memory(0xf3b1c180, 32768)
01-16 13:47:38.482  2148  2148 D CallNotifier: updatePhoneStateListeners: update CF notifications.
01-16 13:47:38.483  1624  1624 W AshmemAllocator: ashmem_create_region(32768) returning hidl_memory(0xf3b1c180, 32768)
01-16 13:47:38.483  2148  2148 I NotificationMgr: updateMwi(): subId 1 update to false
01-16 13:47:38.483  1624  1624 W AshmemAllocator: ashmem_create_region(32768) returning hidl_memory(0xf3b1c180, 32768)
01-16 13:47:38.486  2099  2099 D SystemUIBootTiming: StartServicescom.android.systemui.pip.PipUI took to complete: 22ms
01-16 13:47:38.488  2099  2099 D SystemUIBootTiming: StartServicescom.android.systemui.shortcut.ShortcutKeyDispatcher took to complete: 2ms
01-16 13:47:38.484  1624  1624 W AshmemAllocator: ashmem_create_region(32768) returning hidl_memory(0xf3b1c180, 32768)
01-16 13:47:38.492  2148  2148 I CallNotifier: onCallForwardingIndicatorChanged(): subId=1, visible=N
01-16 13:47:38.494  2148  2148 D CallNotifier: updatePhoneStateListeners: update CF notifications.
01-16 13:47:38.494  2148  2148 I NotificationMgr: updateCfi: subId= 1, visible=N
01-16 13:47:38.496  2148  2148 I NotificationMgr: updateMwi(): subId 1 update to false
01-16 13:47:38.501  1933  2043 D NotificationSQLiteLog: Pruned event entries: 0
01-16 13:47:38.502  1624  1624 W AshmemAllocator: ashmem_create_region(32768) returning hidl_memory(0xf3b1c180, 32768)
01-16 13:47:38.503  1624  1624 W AshmemAllocator: ashmem_create_region(32768) returning hidl_memory(0xf3b1c180, 32768)
01-16 13:47:38.506  2148  2148 I ImsExternalCallTracker: handleVideoCapabilitiesChanged : isVideoCapable = false
01-16 13:47:38.506  2148  2148 D ImsExternalCallTracker: refreshCallPullState
01-16 13:47:38.506  2148  2148 I TelecomFramework: PstnPhoneCapabilitiesNotifier: handleVideoCapabilitesChanged. Video capability - false
01-16 13:47:38.506  2148  2148 D TelephonyProvider: subIdString = 1 subId = 1
01-16 13:47:38.506  2148  2148 D TelephonyProvider: getPreferredApnIdFromApn: for subId 1
01-16 13:47:38.507  2099  2099 D SystemUIBootTiming: StartServicescom.google.android.systemui.GoogleServices took to complete: 19ms
01-16 13:47:38.511  1933  1951 I ActivityManager: Start proc 2427:com.google.android.dialer/u0a13 for broadcast com.google.android.dialer/com.android.dialer.app.voicemail.LegacyVoicemailNotificationReceiver
01-16 13:47:38.516  2148  2148 D CarrierIdProvider: updateCarrierIdForSubId: 1
01-16 13:47:38.517  2408  2408 I d.carrierconfi: The ClassLoaderContext is a special shared library.
01-16 13:47:38.520  2099  2099 D SystemUIBootTiming: StartServicescom.android.systemui.util.leak.GarbageMonitor$Service took to complete: 9ms
01-16 13:47:38.522  2427  2427 W .android.diale: Unexpected CPU variant for X86 using defaults: x86
01-16 13:47:38.531  2099  2099 D SystemUIBootTiming: StartServicescom.android.systemui.LatencyTester took to complete: 11ms
01-16 13:47:38.532  2148  2148 I ImsExternalCallTracker: handleVideoCapabilitiesChanged : isVideoCapable = false
01-16 13:47:38.532  2148  2148 D ImsExternalCallTracker: refreshCallPullState
01-16 13:47:38.532  2148  2148 I TelecomFramework: PstnPhoneCapabilitiesNotifier: handleVideoCapabilitesChanged. Video capability - false
01-16 13:47:38.533  2148  2148 I ImsExternalCallTracker: handleVideoCapabilitiesChanged : isVideoCapable = false
01-16 13:47:38.533  2148  2148 D ImsExternalCallTracker: refreshCallPullState
01-16 13:47:38.533  2148  2148 I ImsExternalCallTracker: handleVideoCapabilitiesChanged : isVideoCapable = false
01-16 13:47:38.533  2148  2148 D ImsExternalCallTracker: refreshCallPullState
01-16 13:47:38.536  2408  2408 D DefaultCarrierConfigService: Service created
01-16 13:47:38.536  2148  2148 I ImsExternalCallTracker: handleVideoCapabilitiesChanged : isVideoCapable = false
01-16 13:47:38.537  2148  2148 D ImsExternalCallTracker: refreshCallPullState
01-16 13:47:38.533  2148  2148 I chatty  : uid=1001(radio) com.android.phone identical 2 lines
01-16 13:47:38.537  2148  2148 I TelecomFramework: PstnPhoneCapabilitiesNotifier: handleVideoCapabilitesChanged. Video capability - false
01-16 13:47:38.542  2099  2099 D SystemUIBootTiming: StartServicescom.android.systemui.globalactions.GlobalActionsComponent took to complete: 11ms
01-16 13:47:38.543  2099  2099 D SystemUIBootTiming: StartServicescom.android.systemui.ScreenDecorations took to complete: 1ms
01-16 13:47:38.560  1933  2370 I Telecom : PhoneAccountRegistrar: Modify account: [ComponentInfo{com.android.phone/com.android.services.telephony.TelephonyConnectionService}, ***, UserHandle{0}]: TSI.rPA@ACw
01-16 13:47:38.567  2427  2427 I .android.diale: The ClassLoaderContext is a special shared library.
01-16 13:47:38.571  2148  2148 D TelephonyProvider: subIdString = 1 subId = 1
01-16 13:47:38.572  2148  2148 D TelephonyProvider: getPreferredApnIdFromApn: for subId 1
01-16 13:47:38.574  1933  2047 I AudioService: setBluetoothScoOnInt: false resetBluetoothSco
01-16 13:47:38.587  2064  2064 E ActivityThread: Failed to find provider info for com.google.android.gsf.gservices
01-16 13:47:38.588  2427  2427 I Dialer  : GoogleDialerApplication.onCreate - enter
01-16 13:47:38.593  2427  2427 I Dialer  : DialerExecutorModule.newThread - creating low priority thread
01-16 13:47:38.588  2064  2064 I chatty  : uid=10012 com.google.android.gms.persistent identical 2 lines
01-16 13:47:38.589  2064  2064 E ActivityThread: Failed to find provider info for com.google.android.gsf.gservices
01-16 13:47:38.593  2099  2099 D SystemUIBootTiming: StartServicescom.android.systemui.fingerprint.FingerprintDialogImpl took to complete: 50ms
01-16 13:47:38.595  2099  2099 D SystemUIBootTiming: StartServicescom.android.systemui.SliceBroadcastRelayHandler took to complete: 1ms
01-16 13:47:38.595  2099  2099 D SystemUIBootTiming: StartServices took to complete: 4406ms
01-16 13:47:38.596  2427  2447 I Dialer  : BlockedNumbersAutoMigrator - not attempting auto-migrate: device is locked
01-16 13:47:38.600  1933  2371 E memtrack: Couldn't load memtrack module
01-16 13:47:38.600  1933  2371 W android.os.Debug: failed to get memory consumption info: -1
01-16 13:47:38.615  1933  1945 D ConnectivityService: registerNetworkAgent NetworkAgentInfo{ ni{[type: MOBILE[LTE], state: CONNECTED/CONNECTED, reason: connected, extra: epc.tmobile.com, failover: false, available: true, roaming: false]}  network{100}  nethandle{432902426637}  lp{{InterfaceName: radio0 LinkAddresses: [192.168.200.2/24,fe80::fcb6:64ff:fe56:a6b0/64,fec0::fcb6:64ff:fe56:a6b0/64,fec0::a9e4:4519:1432:9946/64,]  Routes: [0.0.0.0/0 -> 192.168.200.1 radio0,192.168.200.0/24 -> 0.0.0.0 radio0,fe80::/64 -> :: radio0,fec0::/64 -> :: radio0,] DnsAddresses: [10.0.2.3,] UsePrivateDns: false PrivateDnsServerName: null Domains: null MTU: 1500 TcpBufferSizes: 524288,1048576,2097152,262144,524288,1048576}}  nc{[ Transports: CELLULAR Capabilities: MMS&SUPL&DUN&FOTA&IMS&CBS&IA&INTERNET&NOT_RESTRICTED&TRUSTED&NOT_VPN&NOT_ROAMING&FOREGROUND&NOT_CONGESTED&NOT_SUSPENDED Unwanted:  LinkUpBandwidth>=51200Kbps LinkDnBandwidth>=102400Kbps Specifier: <1>]}  Score{10}  everValidated{false}  lastValidated{false}  created{false} lingering{false} explicitlySelected{false} acceptUnvalidated{false} everCaptivePortalDetected{false} lastCaptivePortalDetected{false} clat{null} }
01-16 13:47:38.615  1933  2039 D ConnectivityService: NetworkAgentInfo [MOBILE (LTE) - 100] EVENT_NETWORK_INFO_CHANGED, going from null to CONNECTED
01-16 13:47:38.616  1778  1866 D TcpSocketMonitor: resuming tcpinfo polling (interval=30000ms)
01-16 13:47:38.616  1933  2039 W DnsManager: updatePrivateDns(100, PrivateDnsConfig{true:/[]})
01-16 13:47:38.616  1933  2039 D ConnectivityService: Setting DNS servers for network 100 to [/10.0.2.3]
01-16 13:47:38.617  2148  2157 W System  : A resource failed to call close. 
01-16 13:47:38.617  1933  2039 D DnsManager: setDnsConfigurationForNetwork(100, [10.0.2.3], [], [1800, 25, 8, 64], , [10.0.2.3])
01-16 13:47:38.619  2064  2064 E ActivityThread: Failed to find provider info for com.google.android.gsf.gservices
01-16 13:47:38.620  1933  2039 D ConnectivityService: Adding iface radio0 to network 100
01-16 13:47:38.629  2427  2427 E ActivityThread: Failed to find provider info for com.google.android.gsf.gservices
01-16 13:47:38.631  2427  2427 I chatty  : uid=10013(com.google.android.dialer) identical 1 line
01-16 13:47:38.631  2427  2427 E ActivityThread: Failed to find provider info for com.google.android.gsf.gservices
01-16 13:47:38.632  1933  2039 E ConnectivityService: exception in setMtu()java.lang.IllegalStateException: command '33 interface setmtu radio0 1500' failed with '400 33 Failed to set MTU (Permission denied)'
01-16 13:47:38.633  1933  1945 W ActivityManager: Unable to start service Intent { act=android.intent.action.QUICKSTEP_SERVICE pkg=com.google.android.apps.nexuslauncher } U=0: not found
01-16 13:47:38.633  2427  2427 E ActivityThread: Failed to find provider info for com.google.android.gsf.gservices
01-16 13:47:38.633  2099  2099 W OverviewProxyService: Failed to connect on attempt 1 will try again in 5000ms
01-16 13:47:38.634  2427  2427 I Dialer  : SpamModule.provideSpam - using in-app spam
01-16 13:47:38.635  2148  2148 D CarrierConfigLoader: Connected to config app: com.android.carrierconfig/com.android.carrierconfig.DefaultCarrierConfigService
01-16 13:47:38.635  2148  2148 D TelephonyProvider: subIdString = 1 subId = 1
01-16 13:47:38.635  2148  2148 D TelephonyProvider: getPreferredApnIdFromApn: for subId 1
01-16 13:47:38.635  1933  2039 D ConnectivityService: Setting DNS servers for network 100 to [/10.0.2.3]
01-16 13:47:38.635  1933  2039 D DnsManager: setDnsConfigurationForNetwork(100, [10.0.2.3], [], [1800, 25, 8, 64], , [10.0.2.3])
01-16 13:47:38.636  2427  2427 E ActivityThread: Failed to find provider info for com.google.android.gsf.gservices
01-16 13:47:38.636  1933  1984 W ActivityManager: Unable to start service Intent { act=com.google.android.gms.people.service.START pkg=com.google.android.gms } U=0: not found
01-16 13:47:38.637  1933  1945 W ActivityManager: Unbind failed: could not find connection for android.os.BinderProxy@198ac40
01-16 13:47:38.637  1933  2039 W BestClock: java.time.DateTimeException: Missing NTP fix
01-16 13:47:38.638  2427  2453 E GmsClient: unable to connect to service: com.google.android.gms.people.service.START on com.google.android.gms
01-16 13:47:38.638  1933  1945 W ActivityManager: Unable to start service Intent { act=com.google.android.gms.telephonyspam.service.START pkg=com.google.android.gms } U=0: not found
01-16 13:47:38.638  1933  1945 W ActivityManager: Unbind failed: could not find connection for android.os.BinderProxy@bfd0779
01-16 13:47:38.638  2427  2453 E GmsClient: unable to connect to service: com.google.android.gms.telephonyspam.service.START on com.google.android.gms
01-16 13:47:38.641  2099  2099 I Choreographer: Skipped 103 frames!  The application may be doing too much work on its main thread.
01-16 13:47:38.616  1778  1778 W Binder:1778_2: type=1400 audit(0.0:7): avc: denied { write } for name="mtu" dev="sysfs" ino=14700 scontext=u:r:netd:s0 tcontext=u:object_r:sysfs:s0 tclass=file permissive=0
01-16 13:47:38.643  2148  2148 D TelephonyProvider: subIdString = 1 subId = 1
