01-16 13:47:45.546  1933  1985 D PackageManager: Instant App installer not found with android.intent.action.INSTALL_INSTANT_APP_PACKAGE
01-16 13:47:45.546  1933  1985 D PackageManager: Clear ephemeral installer activity
01-16 13:47:45.547  1933  2370 D PackageManager: Instant App installer not found with android.intent.action.INSTALL_INSTANT_APP_PACKAGE
01-16 13:47:45.547  1933  2370 D PackageManager: Clear ephemeral installer activity
01-16 13:47:45.548  1933  2370 D PackageManager: Instant App installer not found with android.intent.action.INSTALL_INSTANT_APP_PACKAGE
01-16 13:47:45.548  1933  2370 D PackageManager: Clear ephemeral installer activity
01-16 13:47:45.548  1933  2370 D PackageManager: Instant App installer not found with android.intent.action.INSTALL_INSTANT_APP_PACKAGE
01-16 13:47:45.548  1933  2370 D PackageManager: Clear ephemeral installer activity
01-16 13:47:45.550  2705  3040 I chatty  : uid=10012(com.google.android.gms) expire 2 lines
01-16 13:47:45.588  2705  3009 I chatty  : uid=10012(com.google.android.gms) expire 15 lines
01-16 13:47:45.597  2820  2820 I ModuleManager: com.google.android.apps.inputmethod.libs.search.IDefaultStickerExtension changed to available
01-16 13:47:45.598  2820  2820 I ModuleManager: Module object of interface com.google.android.apps.inputmethod.libs.search.sticker.DefaultStickerExtension loaded.
01-16 13:47:45.662  2820  2820 I ModuleManager: com.google.android.apps.inputmethod.libs.search.INativeCardExtension changed to available
01-16 13:47:45.662  2820  3007 I HWRImeSpacktratProv: getSetupStrategy
01-16 13:47:45.662  2820  3007 W AndroidIME: ewp: No constructor for 'com.google.android.apps.inputmethod.libs.search.makeagif.superpacks.MakeAGifSuperpacksStrategyProvider' with 0 arguments
01-16 13:47:45.662  2820  2820 I ModuleManager: com.google.android.apps.inputmethod.libs.search.sense.IConversationToQueryExtension changed to available
01-16 13:47:45.662  2820  2820 I ModuleManager: Module object of interface com.google.android.apps.inputmethod.libs.search.sense.ConversationToQueryExtension loaded.
01-16 13:47:45.662  2820  3007 E SuperpacksMgr: ata: getSuperpackStrategyForIModules(): Failed to invoke com.google.android.apps.inputmethod.libs.search.makeagif.superpacks.MakeAGifSuperpacksStrategyProvider#getSetupStrategy
01-16 13:47:45.662  2820  3007 E SuperpacksMgr: java.lang.NullPointerException: Attempt to invoke interface method 'java.util.List asw.a(android.content.Context)' on a null object reference
01-16 13:47:45.662  2820  3007 E SuperpacksMgr: 	at ata.d(PG:119)
01-16 13:47:45.662  2820  3007 E SuperpacksMgr: 	at atb.a(PG:9)
01-16 13:47:45.662  2820  3007 E SuperpacksMgr: 	at bng.run(Unknown Source:4)
01-16 13:47:45.662  2820  3007 E SuperpacksMgr: 	at java.util.concurrent.Executors$RunnableAdapter.call(Executors.java:458)
01-16 13:47:45.662  2820  3007 E SuperpacksMgr: 	at java.util.concurrent.FutureTask.run(FutureTask.java:266)
01-16 13:47:45.662  2820  3007 E SuperpacksMgr: 	at bcs.run(PG:15)
01-16 13:47:45.662  2820  3007 E SuperpacksMgr: 	at java.util.concurrent.ThreadPoolExecutor.runWorker(ThreadPoolExecutor.java:1167)
01-16 13:47:45.662  2820  3007 E SuperpacksMgr: 	at java.util.concurrent.ThreadPoolExecutor$Worker.run(ThreadPoolExecutor.java:641)
01-16 13:47:45.662  2820  3007 E SuperpacksMgr: 	at java.lang.Thread.run(Thread.java:764)
01-16 13:47:45.662  2820  3007 E SuperpacksMgr: 	at bcl.run(PG:8)
01-16 13:47:45.662  2820  3007 I HWRImeSpacktratProv: getSetupStrategy
01-16 13:47:45.663  2820  3007 W AndroidIME: ewp: No constructor for 'com.google.android.apps.inputmethod.libs.search.makeagif.superpacks.MakeAGifSuperpacksStrategyProvider' with 0 arguments
01-16 13:47:45.663  2820  2820 I Conv2QueryExtension: onCreate()
01-16 13:47:45.665  2820  3007 E SuperpacksMgr: ata: getSuperpackStrategyForIModules(): Failed to invoke com.google.android.apps.inputmethod.libs.search.makeagif.superpacks.MakeAGifSuperpacksStrategyProvider#getSetupStrategy
01-16 13:47:45.665  2820  3007 E SuperpacksMgr: java.lang.NullPointerException: Attempt to invoke interface method 'java.util.List asw.a(android.content.Context)' on a null object reference
01-16 13:47:45.665  2820  3007 E SuperpacksMgr: 	at ata.d(PG:119)
01-16 13:47:45.665  2820  3007 E SuperpacksMgr: 	at atb.a(PG:9)
01-16 13:47:45.665  2820  3007 E SuperpacksMgr: 	at bng.run(Unknown Source:4)
01-16 13:47:45.665  2820  3007 E SuperpacksMgr: 	at java.util.concurrent.Executors$RunnableAdapter.call(Executors.java:458)
01-16 13:47:45.665  2820  3007 E SuperpacksMgr: 	at java.util.concurrent.FutureTask.run(FutureTask.java:266)
01-16 13:47:45.665  2820  3007 E SuperpacksMgr: 	at bcs.run(PG:15)
01-16 13:47:45.665  2820  3007 E SuperpacksMgr: 	at java.util.concurrent.ThreadPoolExecutor.runWorker(ThreadPoolExecutor.java:1167)
01-16 13:47:45.665  2820  3007 E SuperpacksMgr: 	at java.util.concurrent.ThreadPoolExecutor$Worker.run(ThreadPoolExecutor.java:641)
01-16 13:47:45.665  2820  3007 E SuperpacksMgr: 	at java.lang.Thread.run(Thread.java:764)
01-16 13:47:45.665  2820  3007 E SuperpacksMgr: 	at bcl.run(PG:8)
01-16 13:47:45.803  1933  1933 I TransportClient: BackupTransportService#1: Notifying [TransportManager.registerTransport()] transport = IBackupTransport
01-16 13:47:45.814  2705  3027 I chatty  : uid=10012(com.google.android.gms) expire 4 lines
01-16 13:47:45.826  2705  3057 I chatty  : uid=10012(com.google.android.gms) expire 13 lines
01-16 13:47:45.948  1933  2053 I GnssLocationProvider: WakeLock acquired by sendMessage(REPORT_SV_STATUS, 0, com.android.server.location.GnssLocationProvider$SvStatusInfo@d86fe07)
01-16 13:47:45.948  1933  1948 I GnssLocationProvider: WakeLock released by handleMessage(REPORT_SV_STATUS, 0, com.android.server.location.GnssLocationProvider$SvStatusInfo@d86fe07)
01-16 13:47:45.988  1933  2524 W Binder  : Outgoing transactions from this process must be FLAG_ONEWAY
01-16 13:47:45.988  1933  2524 W Binder  : java.lang.Throwable
01-16 13:47:45.988  1933  2524 W Binder  : 	at android.os.BinderProxy.transact(Binder.java:1114)
01-16 13:47:45.988  1933  2524 W Binder  : 	at com.android.internal.backup.IBackupTransport$Stub$Proxy.name(IBackupTransport.java:381)
01-16 13:47:45.988  1933  2524 W Binder  : 	at com.android.server.backup.TransportManager.registerTransport(TransportManager.java:612)
01-16 13:47:45.988  1933  2524 W Binder  : 	at com.android.server.backup.TransportManager.registerTransportsForIntent(TransportManager.java:550)
01-16 13:47:45.988  1933  2524 W Binder  : 	at com.android.server.backup.TransportManager.registerTransports(TransportManager.java:520)
01-16 13:47:45.988  1933  2524 W Binder  : 	at com.android.server.backup.-$$Lambda$pM_c5tVAGDtxjxLF_ONtACWWq6Q.run(Unknown Source:2)
01-16 13:47:45.988  1933  2524 W Binder  : 	at android.os.Handler.handleCallback(Handler.java:873)
01-16 13:47:45.988  1933  2524 W Binder  : 	at android.os.Handler.dispatchMessage(Handler.java:99)
01-16 13:47:45.988  1933  2524 W Binder  : 	at android.os.Looper.loop(Looper.java:193)
01-16 13:47:45.988  1933  2524 W Binder  : 	at android.os.HandlerThread.run(HandlerThread.java:65)
01-16 13:47:45.991  2705  2722 I chatty  : uid=10012(com.google.android.gms) Binder:2705_1 expire 2 lines
01-16 13:47:45.997  1933  2524 D BackupTransportManager: Transport com.google.android.gms/.backup.BackupTransportService registered
01-16 13:47:45.997  1933  2524 D BackupManagerService: Transport com.google.android.gms/.backup.BackupTransportService registered 4841ms after first request (delay = 3000ms)
01-16 13:47:46.277  2705  2720 I chatty  : uid=10012(com.google.android.gms) HeapTaskDaemon expire 3 lines
01-16 13:47:46.301  3076  3076 W android.youtub: Unexpected CPU variant for X86 using defaults: x86
01-16 13:47:46.307  1933  1951 I ActivityManager: Start proc 3076:com.google.android.youtube/u0a74 for service com.google.android.youtube/com.google.android.apps.youtube.app.common.ads.AdIdListenerService
01-16 13:47:46.319  3076  3076 I android.youtub: The ClassLoaderContext is a special shared library.
01-16 13:47:46.321  3076  3076 I android.youtub: The ClassLoaderContext is a special shared library.
01-16 13:47:46.356  2705  3028 I chatty  : uid=10012(com.google.android.gms) expire 3 lines
01-16 13:47:46.364  2623  2623 D Committer: Committed to new configuration from Phenotype
01-16 13:47:46.370  2064  3098 I chatty  : uid=10012(com.google.android.gms) highpool[2] expire 3 lines
01-16 13:47:46.372  2623  2623 W PhenotypeFlagCommitter: Committing snapshot for com.google.android.apps.nexuslauncher failed, retrying
01-16 13:47:46.376  2623  2623 D Committer: Committed to new configuration from Phenotype
01-16 13:47:46.377  2064  3101 I chatty  : uid=10012(com.google.android.gms) highpool[3] expire 5 lines
01-16 13:47:46.379  2623  2623 W PhenotypeFlagCommitter: Committing snapshot for com.google.android.apps.nexuslauncher failed, retrying
01-16 13:47:46.383  2623  2623 D Committer: Committed to new configuration from Phenotype
01-16 13:47:46.425  2623  2623 D Committer: Commit finished, result:false
01-16 13:47:46.477  1933  1933 I GnssLocationProvider: WakeLock acquired by sendMessage(SET_REQUEST, 0, com.android.server.location.GnssLocationProvider$GpsRequest@f5030fc)
01-16 13:47:46.478  1933  1948 I GnssLocationProvider: WakeLock released by handleMessage(SET_REQUEST, 0, com.android.server.location.GnssLocationProvider$GpsRequest@f5030fc)
01-16 13:47:46.482  1933  2605 I ActivityManager: Killing 2599:com.google.android.googlequicksearchbox:search/u0a40 (adj 0): permissions revoked
01-16 13:47:46.482  1933  1952 W libprocessgroup: kill(-2599, 9) failed: No such process
01-16 13:47:46.483  1933  2605 W ActivityManager: Scheduling restart of crashed service com.google.android.googlequicksearchbox/com.google.android.apps.gsa.tasks.BackgroundTasksJobService in 1000ms
01-16 13:47:46.483  1933  2605 W ActivityManager: Scheduling restart of crashed service com.google.android.googlequicksearchbox/com.google.android.apps.gsa.nowoverlayservice.DrawerOverlayService in 11000ms
01-16 13:47:46.483  1933  2605 W ActivityManager: Scheduling restart of crashed service com.google.android.googlequicksearchbox/com.google.android.apps.gsa.search.core.service.SearchService in 21000ms
01-16 13:47:46.485  1933  2605 I ActivityManager: Killing 2526:com.google.android.googlequicksearchbox:interactor/u0a40 (adj 100): permissions revoked
01-16 13:47:46.486  1933  2605 W ActivityManager: Scheduling restart of crashed service com.google.android.googlequicksearchbox/com.google.android.voiceinteraction.GsaVoiceInteractionService in 30996ms
01-16 13:47:46.521  1933  1952 W libprocessgroup: kill(-2599, 9) failed: No such process
01-16 13:47:46.541  1768  1768 I Zygote  : Process 2526 exited due to signal (9)
01-16 13:47:46.542  1933  2008 W InputDispatcher: channel 'd38810c com.google.android.apps.nexuslauncher/com.google.android.apps.nexuslauncher.NexusLauncherActivity (server)' ~ Consumer closed input channel or an error occurred.  events=0x9
01-16 13:47:46.542  1933  2008 E InputDispatcher: channel 'd38810c com.google.android.apps.nexuslauncher/com.google.android.apps.nexuslauncher.NexusLauncherActivity (server)' ~ Channel is unrecoverably broken and will be disposed!
01-16 13:47:46.542  1768  1768 I Zygote  : Process 2599 exited due to signal (9)
01-16 13:47:46.543  1933  2605 D ConnectivityService: ConnectivityService NetworkRequestInfo binderDied(NetworkRequest [ LISTEN id=13, [ Capabilities: INTERNET&NOT_RESTRICTED&TRUSTED Unwanted:  Uid: 10040] ], android.os.BinderProxy@2f9d385)
01-16 13:47:46.544  1933  2027 I WindowManager: WIN DEATH: Window{d38810c u0 com.google.android.apps.nexuslauncher/com.google.android.apps.nexuslauncher.NexusLauncherActivity}
01-16 13:47:46.544  1933  2027 W InputDispatcher: Attempted to unregister already unregistered input channel 'd38810c com.google.android.apps.nexuslauncher/com.google.android.apps.nexuslauncher.NexusLauncherActivity (server)'
01-16 13:47:46.545  1933  1957 W ActivityManager: setHasOverlayUi called on unknown pid: 2599
01-16 13:47:46.553  1767  1767 W SurfaceFlinger: couldn't log to binary event log: overflow.
01-16 13:47:46.561  1933  1952 W libprocessgroup: kill(-2599, 9) failed: No such process
01-16 13:47:46.561  1933  1952 I libprocessgroup: Successfully killed process cgroup uid 10040 pid 2599 in 78ms
01-16 13:47:46.561  1933  1952 W libprocessgroup: kill(-2526, 9) failed: No such process
01-16 13:47:46.561  1933  1952 I libprocessgroup: Successfully killed process cgroup uid 10040 pid 2526 in 0ms
01-16 13:47:46.750  1933  1948 W Binder  : Outgoing transactions from this process must be FLAG_ONEWAY
01-16 13:47:46.750  1933  1948 W Binder  : java.lang.Throwable
01-16 13:47:46.750  1933  1948 W Binder  : 	at android.os.BinderProxy.transact(Binder.java:1114)
01-16 13:47:46.750  1933  1948 W Binder  : 	at com.android.internal.location.ILocationProvider$Stub$Proxy.getProperties(ILocationProvider.java:236)
01-16 13:47:46.750  1933  1948 W Binder  : 	at com.android.server.location.LocationProviderProxy$1$1.run(LocationProviderProxy.java:117)
01-16 13:47:46.750  1933  1948 W Binder  : 	at com.android.server.ServiceWatcher.runOnBinder(ServiceWatcher.java:425)
01-16 13:47:46.750  1933  1948 W Binder  : 	at com.android.server.location.LocationProviderProxy$1.run(LocationProviderProxy.java:111)
01-16 13:47:46.750  1933  1948 W Binder  : 	at android.os.Handler.handleCallback(Handler.java:873)
01-16 13:47:46.750  1933  1948 W Binder  : 	at android.os.Handler.dispatchMessage(Handler.java:99)
01-16 13:47:46.750  1933  1948 W Binder  : 	at android.os.Looper.loop(Looper.java:193)
01-16 13:47:46.750  1933  1948 W Binder  : 	at android.os.HandlerThread.run(HandlerThread.java:65)
01-16 13:47:46.946  2064  3097 I chatty  : uid=10012(com.google.android.gms) highpool[1] expire 13 lines
01-16 13:47:46.952  1933  2053 I GnssLocationProvider: WakeLock acquired by sendMessage(REPORT_SV_STATUS, 0, com.android.server.location.GnssLocationProvider$SvStatusInfo@363ee3d)
01-16 13:47:46.953  1933  1948 I GnssLocationProvider: WakeLock released by handleMessage(REPORT_SV_STATUS, 0, com.android.server.location.GnssLocationProvider$SvStatusInfo@363ee3d)
01-16 13:47:47.326  2099  2324 D EGL_emulation: eglMakeCurrent: 0xe59056c0: ver 3 0 (tinfo 0xe5903790)
01-16 13:47:47.747  1933  3107 W ActivityManager: Background start not allowed: service Intent { act=com.google.firebase.INSTANCE_ID_EVENT pkg=com.google.android.gm cmp=com.google.android.gm/com.google.firebase.iid.FirebaseInstanceIdService (has extras) } to com.google.android.gm/com.google.firebase.iid.FirebaseInstanceIdService from pid=2953 uid=10045 pkg=com.google.android.gm startFg?=false
01-16 13:47:47.748  2953  2953 E FirebaseInstanceId: Failed to start service while in background: java.lang.IllegalStateException: Not allowed to start service Intent { act=com.google.firebase.INSTANCE_ID_EVENT pkg=com.google.android.gm cmp=com.google.android.gm/com.google.firebase.iid.FirebaseInstanceIdService (has extras) }: app is in background uid UidRecord{1c37f83 u0a45 LAST idle change:idle|cached procs:1 seq(0,0,0)}
01-16 13:47:47.856  2064  2074 I chatty  : uid=10012(com.google.android.gms) FinalizerDaemon expire 1 line
01-16 13:47:47.919  2705  3129 I chatty  : uid=10012(com.google.android.gms) Binder:2705_8 expire 2 lines
01-16 13:47:47.957  1933  2053 I GnssLocationProvider: WakeLock acquired by sendMessage(REPORT_SV_STATUS, 0, com.android.server.location.GnssLocationProvider$SvStatusInfo@77fd12c)
01-16 13:47:47.957  1933  1948 I GnssLocationProvider: WakeLock released by handleMessage(REPORT_SV_STATUS, 0, com.android.server.location.GnssLocationProvider$SvStatusInfo@77fd12c)
01-16 13:47:47.970  1933  1984 D ContextHubService: Added callback, total callbacks 1
01-16 13:47:48.115  1933  2027 W ActivityManager: Unable to start service Intent { act=com.google.android.gms.auth.key.retrieval.service.START pkg=com.google.android.gms } U=0: not found
01-16 13:47:48.116  1933  2027 W ActivityManager: Unbind failed: could not find connection for android.os.BinderProxy@90b7348
01-16 13:47:48.117  2705  3014 I chatty  : uid=10012(com.google.android.gms) GoogleApiHandle expire 1 line
01-16 13:47:48.125  2953  2953 W Gmail   : EasBundling:in EasBundling.init, isBundlingEnabled=false
01-16 13:47:48.379  1933  1948 E memtrack: Couldn't load memtrack module
01-16 13:47:48.379  1933  1948 W android.os.Debug: failed to get memory consumption info: -1
01-16 13:47:48.410  2064  3132 I chatty  : uid=10012(com.google.android.gms) FlpThread expire 4 lines
01-16 13:47:48.501  2953  2974 I ogle.android.g: Waiting for a blocking GC ProfileSaver
01-16 13:47:48.520  2953  2974 I ogle.android.g: WaitForGcToComplete blocked ProfileSaver on HeapTrim for 19.013ms
01-16 13:47:48.560  2705  2718 I chatty  : uid=10012(com.google.android.gms) FinalizerDaemon expire 1 line
01-16 13:47:48.601  2064  3045 I chatty  : uid=10012 com.google.android.gms.persistent expire 3 lines
01-16 13:47:48.697  2064  3145 I chatty  : uid=10012 com.google.android.gms.persistent expire 2 lines
01-16 13:47:48.715  2204  2204 I SetupWizard: [FrpHelper] frpStatus=supported=false challengeRequired=false duration=7969ms
01-16 13:47:48.716  2705  3031 I chatty  : uid=10012(com.google.android.gms) expire 1 line
01-16 13:47:48.735  1933  1985 D PackageManager: Instant App installer not found with android.intent.action.INSTALL_INSTANT_APP_PACKAGE
01-16 13:47:48.735  1933  1985 D PackageManager: Clear ephemeral installer activity
01-16 13:47:48.737  1933  2370 D PackageManager: Instant App installer not found with android.intent.action.INSTALL_INSTANT_APP_PACKAGE
01-16 13:47:48.737  1933  2370 D PackageManager: Clear ephemeral installer activity
01-16 13:47:48.738  1933  2370 D PackageManager: Instant App installer not found with android.intent.action.INSTALL_INSTANT_APP_PACKAGE
01-16 13:47:48.738  1933  2370 D PackageManager: Clear ephemeral installer activity
01-16 13:47:48.738  1933  1985 D PackageManager: Instant App installer not found with android.intent.action.INSTALL_INSTANT_APP_PACKAGE
01-16 13:47:48.738  1933  1985 D PackageManager: Clear ephemeral installer activity
01-16 13:47:48.738  1933  1985 D PackageManager: Instant App installer not found with android.intent.action.INSTALL_INSTANT_APP_PACKAGE
01-16 13:47:48.738  1933  1985 D PackageManager: Clear ephemeral installer activity
01-16 13:47:48.739  1933  1985 D PackageManager: Instant App installer not found with android.intent.action.INSTALL_INSTANT_APP_PACKAGE
01-16 13:47:48.739  1933  1985 D PackageManager: Clear ephemeral installer activity
01-16 13:47:48.739  2064  3147 I chatty  : uid=10012 com.google.android.gms.persistent expire 2 lines
01-16 13:47:48.760  1933  1984 D PackageManager: Instant App installer not found with android.intent.action.INSTALL_INSTANT_APP_PACKAGE
01-16 13:47:48.760  1933  1984 D PackageManager: Clear ephemeral installer activity
01-16 13:47:48.763  1933  3142 D PackageManager: Instant App installer not found with android.intent.action.INSTALL_INSTANT_APP_PACKAGE
01-16 13:47:48.763  1933  3142 D PackageManager: Clear ephemeral installer activity
01-16 13:47:48.778  2064  3131 I chatty  : uid=10012(com.google.android.gms) GeofencerStateM expire 2 lines
01-16 13:47:48.784  2064  3025 I chatty  : uid=10012(com.google.android.gms) GoogleApiHandle expire 2 lines
01-16 13:47:48.792  2467  2568 I ContactDirectoryManager: deleted 0 stale rows which don't have any relevant directory
01-16 13:47:48.792  2467  2568 I ContactDirectoryManager: Discovered 0 contact directories in 6540ms
01-16 13:47:48.793  2467  2568 I ContactsProvider: Locale has changed from null to [en_US]
01-16 13:47:48.794  2467  2568 I ContactsDatabaseHelper: Switching to locale [en_US] (ICU v60.2)
01-16 13:47:48.805  2467  2568 I ContactsDatabaseHelper: Locale change completed in 11ms
01-16 13:47:48.806  2467  2568 I ContactsDatabaseHelper: Switching to locale [en_US] (ICU v60.2)
01-16 13:47:48.818  2064  3151 I chatty  : uid=10012 com.google.android.gms.persistent expire 7 lines
01-16 13:47:48.823  1933  2370 D PackageManager: Instant App installer not found with android.intent.action.INSTALL_INSTANT_APP_PACKAGE
01-16 13:47:48.823  1933  2370 D PackageManager: Clear ephemeral installer activity
01-16 13:47:48.824  1933  2370 D PackageManager: Instant App installer not found with android.intent.action.INSTALL_INSTANT_APP_PACKAGE
01-16 13:47:48.824  1933  2370 D PackageManager: Clear ephemeral installer activity
01-16 13:47:48.824  1933  2370 D PackageManager: Instant App installer not found with android.intent.action.INSTALL_INSTANT_APP_PACKAGE
01-16 13:47:48.824  1933  2370 D PackageManager: Clear ephemeral installer activity
01-16 13:47:48.824  1933  2370 D PackageManager: Instant App installer not found with android.intent.action.INSTALL_INSTANT_APP_PACKAGE
01-16 13:47:48.824  1933  2370 D PackageManager: Clear ephemeral installer activity
01-16 13:47:48.825  1933  1984 D PackageManager: Instant App installer not found with android.intent.action.INSTALL_INSTANT_APP_PACKAGE
01-16 13:47:48.825  1933  1984 D PackageManager: Clear ephemeral installer activity
01-16 13:47:48.825  1933  2370 D PackageManager: Instant App installer not found with android.intent.action.INSTALL_INSTANT_APP_PACKAGE
01-16 13:47:48.825  1933  2370 D PackageManager: Clear ephemeral installer activity
01-16 13:47:48.825  1933  2370 D PackageManager: Instant App installer not found with android.intent.action.INSTALL_INSTANT_APP_PACKAGE
01-16 13:47:48.825  1933  2370 D PackageManager: Clear ephemeral installer activity
01-16 13:47:48.825  1933  2370 D PackageManager: Instant App installer not found with android.intent.action.INSTALL_INSTANT_APP_PACKAGE
01-16 13:47:48.825  1933  2370 D PackageManager: Clear ephemeral installer activity
01-16 13:47:48.826  1933  2370 D PackageManager: Instant App installer not found with android.intent.action.INSTALL_INSTANT_APP_PACKAGE
01-16 13:47:48.826  1933  2370 D PackageManager: Clear ephemeral installer activity
01-16 13:47:48.826  1933  1984 D PackageManager: Instant App installer not found with android.intent.action.INSTALL_INSTANT_APP_PACKAGE
01-16 13:47:48.826  1933  1984 D PackageManager: Clear ephemeral installer activity
01-16 13:47:48.826  1933  1985 D PackageManager: Instant App installer not found with android.intent.action.INSTALL_INSTANT_APP_PACKAGE
01-16 13:47:48.826  1933  1985 D PackageManager: Clear ephemeral installer activity
01-16 13:47:48.826  1933  1985 D PackageManager: Instant App installer not found with android.intent.action.INSTALL_INSTANT_APP_PACKAGE
01-16 13:47:48.826  1933  1985 D PackageManager: Clear ephemeral installer activity
01-16 13:47:48.826  1933  2370 D PackageManager: Instant App installer not found with android.intent.action.INSTALL_INSTANT_APP_PACKAGE
01-16 13:47:48.826  1933  2370 D PackageManager: Clear ephemeral installer activity
01-16 13:47:48.827  1933  2370 D PackageManager: Instant App installer not found with android.intent.action.INSTALL_INSTANT_APP_PACKAGE
01-16 13:47:48.827  1933  2370 D PackageManager: Clear ephemeral installer activity
01-16 13:47:48.831  2705  3042 I chatty  : uid=10012(com.google.android.gms) expire 5 lines
01-16 13:47:48.832  2467  2568 I ContactsDatabaseHelper: Locale change completed in 26ms
01-16 13:47:48.834  2637  2887 E FirebaseInstanceId: Token retrieval failed: AUTHENTICATION_FAILED
01-16 13:47:48.836  2467  2568 I ContactsFTS: Rebuild contact search index in 3ms, 0 contacts
01-16 13:47:48.844  2467  2568 I ContactsProvider: Upgrading aggregation algorithm
01-16 13:47:48.845  2467  2568 I ContactAggregator: Marked all visible contacts for aggregation: 0 raw contacts, 0 ms
01-16 13:47:48.849  2467  2568 I ContactsProvider: Aggregation algorithm upgraded for 0 raw contacts in 5ms
01-16 13:47:48.961  2953  2953 W GAV2    : Thread[main,5,main]: Need to call initialize() and be in fallback mode to start dispatch.
01-16 13:47:48.962  1933  2053 I GnssLocationProvider: WakeLock acquired by sendMessage(REPORT_SV_STATUS, 0, com.android.server.location.GnssLocationProvider$SvStatusInfo@99f98b)
01-16 13:47:48.962  1933  1948 I GnssLocationProvider: WakeLock released by handleMessage(REPORT_SV_STATUS, 0, com.android.server.location.GnssLocationProvider$SvStatusInfo@99f98b)
01-16 13:47:48.985  2705  3163 I chatty  : uid=10012(com.google.android.gms) expire 1 line
01-16 13:47:49.019  2064  3154 I chatty  : uid=10012(com.google.android.gms) GoogleLocationS expire 3 lines
01-16 13:47:49.037  2705  3181 I chatty  : uid=10012(com.google.android.gms) expire 2 lines
01-16 13:47:49.046  2705  3021 I chatty  : uid=10012(com.google.android.gms) expire 9 lines
01-16 13:47:49.157  2705  3105 I chatty  : uid=10012(com.google.android.gms) expire 1 line
01-16 13:47:49.173  2705  3205 I chatty  : uid=10012(com.google.android.gms) expire 1 line
01-16 13:47:49.191  2705  3149 I chatty  : uid=10012(com.google.android.gms) expire 1 line
01-16 13:47:49.197  2705  3182 I chatty  : uid=10012(com.google.android.gms) expire 4 lines
01-16 13:47:49.308  1933  3142 W BroadcastQueue: Background execution not allowed: receiving Intent { act=android.location.PROVIDERS_CHANGED flg=0x10 } to com.google.android.gms/.chimera.GmsIntentOperationService$PersistentTrustedReceiver
01-16 13:47:49.309  1933  1949 W BroadcastQueue: Background execution not allowed: receiving Intent { act=android.location.MODE_CHANGED flg=0x10 } to com.google.android.gms/.chimera.GmsIntentOperationService$PersistentTrustedReceiver
01-16 13:47:49.312  1933  1933 W BroadcastQueue: Background execution not allowed: receiving Intent { act=android.intent.action.ACTION_POWER_DISCONNECTED flg=0x4000010 (has extras) } to com.google.android.gms/.chimera.GmsIntentOperationService$PersistentTrustedReceiver
01-16 13:47:49.312  1933  1949 W BroadcastQueue: Background execution not allowed: receiving Intent { act=android.os.UpdateLock.UPDATE_LOCK_CHANGED flg=0x4000010 (has extras) } to com.google.android.gms/.chimera.GmsIntentOperationService$PersistentTrustedReceiver
01-16 13:47:49.312  1933  1949 W BroadcastQueue: Permission Denial: broadcasting Intent { act=com.google.android.gsf.settings.GoogleLocationSettings.UPDATE_LOCATION_SETTINGS flg=0x10 } from com.google.android.setupwizard (pid=2204, uid=10031) is not exported from uid 10012 due to receiver com.google.android.gms/.chimera.GmsIntentOperationService$PersistentInternalReceiver
01-16 13:47:49.325  1933  2592 W BroadcastQueue: Background execution not allowed: receiving Intent { act=android.os.UpdateLock.UPDATE_LOCK_CHANGED flg=0x4000010 (has extras) } to com.google.android.gms/.chimera.GmsIntentOperationService$PersistentTrustedReceiver
01-16 13:47:49.336  3212  3212 W droid.deskcloc: Unexpected CPU variant for X86 using defaults: x86
01-16 13:47:49.338  1933  1951 I ActivityManager: Start proc 3212:com.google.android.deskclock/u0a84 for broadcast com.google.android.deskclock/com.android.deskclock.AlarmInitReceiver
01-16 13:47:49.370  2064  3207 I chatty  : uid=10012 com.google.android.gms.persistent expire 2 lines
01-16 13:47:49.387  2953  2953 E ogle.android.g: The String#value field is not present on Android versions >= 6.0
01-16 13:47:49.388  3212  3212 I droid.deskcloc: The ClassLoaderContext is a special shared library.
01-16 13:47:49.394  3212  3212 I droid.deskcloc: The ClassLoaderContext is a special shared library.
01-16 13:47:49.397  2953  2953 W Gmail   : Gmail:For b/73513912, load account content://com.android.gmail.ui/account.-2137146394 from MailAppProvider. Is account valid result: 1.
01-16 13:47:49.404  2953  2953 W Gmail   : Gmail:For b/73513912, load account content://com.google.android.gm.email.provider/account.-437561172?suppress_combined%3Dtrue from MailAppProvider. Is account valid result: 1.
01-16 13:47:49.491  2064  3243 I chatty  : uid=10012 com.google.android.gms.persistent expire 2 lines
01-16 13:47:49.505  2064  3046 I chatty  : uid=10012 com.google.android.gms.persistent expire 1 line
01-16 13:47:49.512  2064  2079 I chatty  : uid=10012(com.google.android.gms) HeapTaskDaemon expire 1 line
01-16 13:47:49.527  2820  2820 W native  : cpu_feature_guard.cc:34 The TensorFlow library was compiled to use SSE instructions, but these aren't available on your machine.
01-16 13:47:49.527  2820  2820 W native  : cpu_feature_guard.cc:34 The TensorFlow library was compiled to use SSE2 instructions, but these aren't available on your machine.
01-16 13:47:49.527  2820  2820 W native  : cpu_feature_guard.cc:34 The TensorFlow library was compiled to use SSE3 instructions, but these aren't available on your machine.
01-16 13:47:49.527  2064  3225 I chatty  : uid=10012 com.google.android.gms.persistent expire 7 lines
01-16 13:47:49.572  1933  1951 I ActivityManager: Start proc 3250:com.google.android.gms.unstable/u0a12 for service com.google.android.gms/.droidguard.DroidGuardService
01-16 13:47:49.574  2064  3171 I chatty  : uid=10012(com.google.android.gms) Binder:2064_8 expire 2 lines
01-16 13:47:49.576  3250  3250 I chatty  : uid=10012 com.google.android.gms.unstable expire 17 lines
01-16 13:47:49.587  2064  3209 I chatty  : uid=10012 com.google.android.gms.persistent expire 1 line
01-16 13:47:49.588  1933  3257 D PackageManager: Instant App installer not found with android.intent.action.INSTALL_INSTANT_APP_PACKAGE
01-16 13:47:49.588  1933  3257 D PackageManager: Clear ephemeral installer activity
01-16 13:47:49.592  1933  2592 W ActivityManager: Unable to start service Intent { cmp=com.google.android.gm/com.android.email.service.AttachmentService } U=0: not found
01-16 13:47:49.594  1933  3257 D PackageManager: Instant App installer not found with android.intent.action.INSTALL_INSTANT_APP_PACKAGE
01-16 13:47:49.594  1933  3257 D PackageManager: Clear ephemeral installer activity
01-16 13:47:49.617  2064  3271 I chatty  : uid=10012 com.google.android.gms.persistent expire 1 line
01-16 13:47:49.668  2820  2820 W native  : commandlineflags.cc:1503 Ignoring RegisterValidateFunction() for flag pointer 0xcfc5bd94: no flag found at that address
01-16 13:47:49.671  1933  3257 D PackageManager: Instant App installer not found with android.intent.action.INSTALL_INSTANT_APP_PACKAGE
01-16 13:47:49.671  1933  3257 D PackageManager: Clear ephemeral installer activity
01-16 13:47:49.671  1933  3257 D PackageManager: Instant App installer not found with android.intent.action.INSTALL_INSTANT_APP_PACKAGE
01-16 13:47:49.671  1933  3257 D PackageManager: Clear ephemeral installer activity
01-16 13:47:49.671  1933  3257 D PackageManager: Instant App installer not found with android.intent.action.INSTALL_INSTANT_APP_PACKAGE
01-16 13:47:49.671  1933  3257 D PackageManager: Clear ephemeral installer activity
01-16 13:47:49.671  1933  3257 D PackageManager: Instant App installer not found with android.intent.action.INSTALL_INSTANT_APP_PACKAGE
01-16 13:47:49.671  1933  3257 D PackageManager: Clear ephemeral installer activity
01-16 13:47:49.674  1933  3257 D PackageManager: Instant App installer not found with android.intent.action.INSTALL_INSTANT_APP_PACKAGE
01-16 13:47:49.674  1933  3257 D PackageManager: Clear ephemeral installer activity
01-16 13:47:49.674  1933  2617 D PackageManager: Instant App installer not found with android.intent.action.INSTALL_INSTANT_APP_PACKAGE
01-16 13:47:49.674  1933  2617 D PackageManager: Clear ephemeral installer activity
01-16 13:47:49.674  1933  2617 D PackageManager: Instant App installer not found with android.intent.action.INSTALL_INSTANT_APP_PACKAGE
01-16 13:47:49.674  1933  2617 D PackageManager: Clear ephemeral installer activity
01-16 13:47:49.676  1933  1984 D PackageManager: Instant App installer not found with android.intent.action.INSTALL_INSTANT_APP_PACKAGE
01-16 13:47:49.676  1933  1984 D PackageManager: Clear ephemeral installer activity
01-16 13:47:49.676  1933  1984 D PackageManager: Instant App installer not found with android.intent.action.INSTALL_INSTANT_APP_PACKAGE
01-16 13:47:49.676  1933  1984 D PackageManager: Clear ephemeral installer activity
01-16 13:47:49.676  1933  2617 D PackageManager: Instant App installer not found with android.intent.action.INSTALL_INSTANT_APP_PACKAGE
01-16 13:47:49.676  1933  2617 D PackageManager: Clear ephemeral installer activity
01-16 13:47:49.677  1933  2617 D PackageManager: Instant App installer not found with android.intent.action.INSTALL_INSTANT_APP_PACKAGE
01-16 13:47:49.677  1933  2617 D PackageManager: Clear ephemeral installer activity
01-16 13:47:49.711  1933  2027 D PackageManager: Instant App installer not found with android.intent.action.INSTALL_INSTANT_APP_PACKAGE
01-16 13:47:49.711  1933  2027 D PackageManager: Clear ephemeral installer activity
01-16 13:47:49.711  1933  3257 D PackageManager: Instant App installer not found with android.intent.action.INSTALL_INSTANT_APP_PACKAGE
01-16 13:47:49.711  1933  3257 D PackageManager: Clear ephemeral installer activity
01-16 13:47:49.711  1933  1984 D PackageManager: Instant App installer not found with android.intent.action.INSTALL_INSTANT_APP_PACKAGE
01-16 13:47:49.711  1933  1984 D PackageManager: Clear ephemeral installer activity
01-16 13:47:49.712  1933  1984 D PackageManager: Instant App installer not found with android.intent.action.INSTALL_INSTANT_APP_PACKAGE
01-16 13:47:49.712  1933  1984 D PackageManager: Clear ephemeral installer activity
01-16 13:47:49.713  1933  1984 D PackageManager: Instant App installer not found with android.intent.action.INSTALL_INSTANT_APP_PACKAGE
01-16 13:47:49.713  1933  1984 D PackageManager: Clear ephemeral installer activity
01-16 13:47:49.713  1933  1984 D PackageManager: Instant App installer not found with android.intent.action.INSTALL_INSTANT_APP_PACKAGE
01-16 13:47:49.713  1933  1984 D PackageManager: Clear ephemeral installer activity
01-16 13:47:49.714  1933  2027 D PackageManager: Instant App installer not found with android.intent.action.INSTALL_INSTANT_APP_PACKAGE
01-16 13:47:49.714  1933  2027 D PackageManager: Clear ephemeral installer activity
01-16 13:47:49.727  1933  2039 D ConnectivityService: reportNetworkConnectivity(100, false) by 10012
01-16 13:47:49.728  1933  2450 D NetworkMonitor/NetworkAgentInfo [MOBILE (LTE) - 100]: Forcing reevaluation for UID 10012
01-16 13:47:49.730  1933  3288 D NetworkMonitor/NetworkAgentInfo [MOBILE (LTE) - 100]: PROBE_DNS www.google.com 1ms OK 142.250.201.4,2a00:1450:4006:80a::2004
01-16 13:47:49.731  1933  3289 D NetworkMonitor/NetworkAgentInfo [MOBILE (LTE) - 100]: PROBE_DNS connectivitycheck.gstatic.com 2ms OK 142.251.37.35,2a00:1450:4006:80d::2003
01-16 13:47:49.738  1933  2027 D PackageManager: Instant App installer not found with android.intent.action.INSTALL_INSTANT_APP_PACKAGE
01-16 13:47:49.738  1933  2027 D PackageManager: Clear ephemeral installer activity
01-16 13:47:49.738  1933  2027 D PackageManager: Instant App installer not found with android.intent.action.INSTALL_INSTANT_APP_PACKAGE
01-16 13:47:49.738  1933  2027 D PackageManager: Clear ephemeral installer activity
01-16 13:47:49.739  1933  1984 D PackageManager: Instant App installer not found with android.intent.action.INSTALL_INSTANT_APP_PACKAGE
01-16 13:47:49.739  1933  1984 D PackageManager: Clear ephemeral installer activity
01-16 13:47:49.739  1933  2027 D PackageManager: Instant App installer not found with android.intent.action.INSTALL_INSTANT_APP_PACKAGE
01-16 13:47:49.739  1933  2027 D PackageManager: Clear ephemeral installer activity
01-16 13:47:49.740  1933  3257 D PackageManager: Instant App installer not found with android.intent.action.INSTALL_INSTANT_APP_PACKAGE
01-16 13:47:49.740  1933  3257 D PackageManager: Clear ephemeral installer activity
01-16 13:47:49.740  1933  3257 D PackageManager: Instant App installer not found with android.intent.action.INSTALL_INSTANT_APP_PACKAGE
01-16 13:47:49.740  1933  3257 D PackageManager: Clear ephemeral installer activity
01-16 13:47:49.741  1933  3257 D PackageManager: Instant App installer not found with android.intent.action.INSTALL_INSTANT_APP_PACKAGE
01-16 13:47:49.741  1933  3257 D PackageManager: Clear ephemeral installer activity
01-16 13:47:49.741  1933  3257 D PackageManager: Instant App installer not found with android.intent.action.INSTALL_INSTANT_APP_PACKAGE
01-16 13:47:49.741  1933  3257 D PackageManager: Clear ephemeral installer activity
01-16 13:47:49.741  1933  3257 D PackageManager: Instant App installer not found with android.intent.action.INSTALL_INSTANT_APP_PACKAGE
01-16 13:47:49.741  1933  3257 D PackageManager: Clear ephemeral installer activity
01-16 13:47:49.741  1933  2027 D PackageManager: Instant App installer not found with android.intent.action.INSTALL_INSTANT_APP_PACKAGE
01-16 13:47:49.741  1933  2027 D PackageManager: Clear ephemeral installer activity
01-16 13:47:49.741  2820  2820 I C2QClientSingleton: registering client 'Conv2QueryExtension'
01-16 13:47:49.741  2820  2820 I Conv2QueryExtension: isEnabled() : true
01-16 13:47:49.744  2820  2820 I Conv2QueryExtension: onCreate() : Finished in 4081 ms
01-16 13:47:49.744  2820  2820 I ModuleManager: com.google.android.apps.inputmethod.libs.hmm.superpacks.IHmmModule changed to available
01-16 13:47:49.744  2820  2820 I DictSuperpacksManager: onEnabledInputMethodEntriesChanged
01-16 13:47:49.744  2820  2820 I ModuleManager: com.google.android.apps.inputmethod.libs.search.IEmojiOrGifExtension changed to available
01-16 13:47:49.744  2820  2820 I ModuleManager: com.google.android.apps.inputmethod.libs.search.IStickerExtension changed to available
01-16 13:47:49.744  2820  2820 I ModuleManager: com.google.android.apps.inputmethod.libs.search.IEmojiSearchExtension changed to available
01-16 13:47:49.744  2820  2820 I ModuleManager: Module object of interface com.google.android.apps.inputmethod.libs.search.emoji.EmojiSearchExtension loaded.
01-16 13:47:49.745  2820  2820 I ModuleManager: com.google.android.apps.inputmethod.libs.search.IEmoticonExtension changed to available
01-16 13:47:49.746  2820  2820 I ModuleManager: com.google.android.apps.inputmethod.libs.translate.ITranslateUIExtension changed to available
01-16 13:47:49.746  2820  2820 I ModuleManager: com.google.android.apps.inputmethod.libs.search.IEmojiDataExtension changed to available
01-16 13:47:49.746  2820  2820 I ModuleManager: Module object of interface com.google.android.apps.inputmethod.libs.search.emojidata.EmojiDataExtension loaded.
01-16 13:47:49.746  1933  2617 D PackageManager: Instant App installer not found with android.intent.action.INSTALL_INSTANT_APP_PACKAGE
01-16 13:47:49.746  1933  2617 D PackageManager: Clear ephemeral installer activity
01-16 13:47:49.746  2820  3007 I HWRImeSpacktratProv: getSetupStrategy
01-16 13:47:49.746  2820  3007 W AndroidIME: ewp: No constructor for 'com.google.android.apps.inputmethod.libs.search.makeagif.superpacks.MakeAGifSuperpacksStrategyProvider' with 0 arguments
01-16 13:47:49.746  2820  3007 E SuperpacksMgr: ata: getSuperpackStrategyForIModules(): Failed to invoke com.google.android.apps.inputmethod.libs.search.makeagif.superpacks.MakeAGifSuperpacksStrategyProvider#getSetupStrategy
01-16 13:47:49.746  2820  3007 E SuperpacksMgr: java.lang.NullPointerException: Attempt to invoke interface method 'java.util.List asw.a(android.content.Context)' on a null object reference
01-16 13:47:49.746  2820  3007 E SuperpacksMgr: 	at ata.d(PG:119)
01-16 13:47:49.746  2820  3007 E SuperpacksMgr: 	at atb.a(PG:9)
01-16 13:47:49.746  2820  3007 E SuperpacksMgr: 	at bng.run(Unknown Source:4)
01-16 13:47:49.746  2820  3007 E SuperpacksMgr: 	at java.util.concurrent.Executors$RunnableAdapter.call(Executors.java:458)
01-16 13:47:49.746  2820  3007 E SuperpacksMgr: 	at java.util.concurrent.FutureTask.run(FutureTask.java:266)
01-16 13:47:49.746  2820  3007 E SuperpacksMgr: 	at bcs.run(PG:15)
01-16 13:47:49.746  2820  3007 E SuperpacksMgr: 	at java.util.concurrent.ThreadPoolExecutor.runWorker(ThreadPoolExecutor.java:1167)
01-16 13:47:49.746  2820  3007 E SuperpacksMgr: 	at java.util.concurrent.ThreadPoolExecutor$Worker.run(ThreadPoolExecutor.java:641)
01-16 13:47:49.746  2820  3007 E SuperpacksMgr: 	at java.lang.Thread.run(Thread.java:764)
01-16 13:47:49.746  2820  3007 E SuperpacksMgr: 	at bcl.run(PG:8)
01-16 13:47:49.747  2820  3007 I DictSpacktratProv: getSetupStrategy
01-16 13:47:49.747  2820  3007 I HWRImeSpacktratProv: getSetupStrategy
01-16 13:47:49.747  2820  3007 W AndroidIME: ewp: No constructor for 'com.google.android.apps.inputmethod.libs.search.makeagif.superpacks.MakeAGifSuperpacksStrategyProvider' with 0 arguments
01-16 13:47:49.747  2820  3007 E SuperpacksMgr: ata: getSuperpackStrategyForIModules(): Failed to invoke com.google.android.apps.inputmethod.libs.search.makeagif.superpacks.MakeAGifSuperpacksStrategyProvider#getSetupStrategy
01-16 13:47:49.747  2820  3007 E SuperpacksMgr: java.lang.NullPointerException: Attempt to invoke interface method 'java.util.List asw.a(android.content.Context)' on a null object reference
01-16 13:47:49.747  2820  3007 E SuperpacksMgr: 	at ata.d(PG:119)
01-16 13:47:49.747  2820  3007 E SuperpacksMgr: 	at atb.a(PG:9)
01-16 13:47:49.747  2820  3007 E SuperpacksMgr: 	at bng.run(Unknown Source:4)
01-16 13:47:49.747  2820  3007 E SuperpacksMgr: 	at java.util.concurrent.Executors$RunnableAdapter.call(Executors.java:458)
01-16 13:47:49.747  2820  3007 E SuperpacksMgr: 	at java.util.concurrent.FutureTask.run(FutureTask.java:266)
01-16 13:47:49.747  2820  3007 E SuperpacksMgr: 	at bcs.run(PG:15)
01-16 13:47:49.747  2820  3007 E SuperpacksMgr: 	at java.util.concurrent.ThreadPoolExecutor.runWorker(ThreadPoolExecutor.java:1167)
01-16 13:47:49.747  2820  3007 E SuperpacksMgr: 	at java.util.concurrent.ThreadPoolExecutor$Worker.run(ThreadPoolExecutor.java:641)
01-16 13:47:49.747  2820  3007 E SuperpacksMgr: 	at java.lang.Thread.run(Thread.java:764)
01-16 13:47:49.747  2820  3007 E SuperpacksMgr: 	at bcl.run(PG:8)
01-16 13:47:49.747  2820  3007 I DictSpacktratProv: getSetupStrategy
01-16 13:47:49.747  2820  3007 I HWRImeSpacktratProv: getSetupStrategy
01-16 13:47:49.747  2820  3007 W AndroidIME: ewp: No constructor for 'com.google.android.apps.inputmethod.libs.search.makeagif.superpacks.MakeAGifSuperpacksStrategyProvider' with 0 arguments
01-16 13:47:49.748  2820  3007 E SuperpacksMgr: ata: getSuperpackStrategyForIModules(): Failed to invoke com.google.android.apps.inputmethod.libs.search.makeagif.superpacks.MakeAGifSuperpacksStrategyProvider#getSetupStrategy
01-16 13:47:49.748  2820  3007 E SuperpacksMgr: java.lang.NullPointerException: Attempt to invoke interface method 'java.util.List asw.a(android.content.Context)' on a null object reference
01-16 13:47:49.748  2820  3007 E SuperpacksMgr: 	at ata.d(PG:119)
01-16 13:47:49.748  2820  3007 E SuperpacksMgr: 	at atb.a(PG:9)
01-16 13:47:49.748  2820  3007 E SuperpacksMgr: 	at bng.run(Unknown Source:4)
01-16 13:47:49.748  2820  3007 E SuperpacksMgr: 	at java.util.concurrent.Executors$RunnableAdapter.call(Executors.java:458)
01-16 13:47:49.748  2820  3007 E SuperpacksMgr: 	at java.util.concurrent.FutureTask.run(FutureTask.java:266)
01-16 13:47:49.748  2820  3007 E SuperpacksMgr: 	at bcs.run(PG:15)
01-16 13:47:49.748  2820  3007 E SuperpacksMgr: 	at java.util.concurrent.ThreadPoolExecutor.runWorker(ThreadPoolExecutor.java:1167)
01-16 13:47:49.748  2820  3007 E SuperpacksMgr: 	at java.util.concurrent.ThreadPoolExecutor$Worker.run(ThreadPoolExecutor.java:641)
01-16 13:47:49.748  2820  3007 E SuperpacksMgr: 	at java.lang.Thread.run(Thread.java:764)
01-16 13:47:49.748  2820  3007 E SuperpacksMgr: 	at bcl.run(PG:8)
01-16 13:47:49.748  2820  3007 I DictSpacktratProv: getSetupStrategy
01-16 13:47:49.748  2820  3007 I HWRImeSpacktratProv: getSetupStrategy
01-16 13:47:49.748  2820  3007 W AndroidIME: ewp: No constructor for 'com.google.android.apps.inputmethod.libs.search.makeagif.superpacks.MakeAGifSuperpacksStrategyProvider' with 0 arguments
01-16 13:47:49.748  2820  3007 E SuperpacksMgr: ata: getSuperpackStrategyForIModules(): Failed to invoke com.google.android.apps.inputmethod.libs.search.makeagif.superpacks.MakeAGifSuperpacksStrategyProvider#getSetupStrategy
01-16 13:47:49.748  2820  3007 E SuperpacksMgr: java.lang.NullPointerException: Attempt to invoke interface method 'java.util.List asw.a(android.content.Context)' on a null object reference
01-16 13:47:49.748  2820  3007 E SuperpacksMgr: 	at ata.d(PG:119)
01-16 13:47:49.748  2820  3007 E SuperpacksMgr: 	at atb.a(PG:9)
01-16 13:47:49.748  2820  3007 E SuperpacksMgr: 	at bng.run(Unknown Source:4)
01-16 13:47:49.748  2820  3007 E SuperpacksMgr: 	at java.util.concurrent.Executors$RunnableAdapter.call(Executors.java:458)
01-16 13:47:49.748  2820  3007 E SuperpacksMgr: 	at java.util.concurrent.FutureTask.run(FutureTask.java:266)
01-16 13:47:49.748  2820  3007 E SuperpacksMgr: 	at bcs.run(PG:15)
01-16 13:47:49.748  2820  3007 E SuperpacksMgr: 	at java.util.concurrent.ThreadPoolExecutor.runWorker(ThreadPoolExecutor.java:1167)
01-16 13:47:49.748  2820  3007 E SuperpacksMgr: 	at java.util.concurrent.ThreadPoolExecutor$Worker.run(ThreadPoolExecutor.java:641)
01-16 13:47:49.748  2820  3007 E SuperpacksMgr: 	at java.lang.Thread.run(Thread.java:764)
01-16 13:47:49.748  2820  3007 E SuperpacksMgr: 	at bcl.run(PG:8)
01-16 13:47:49.748  2820  3007 I DictSpacktratProv: getSetupStrategy
01-16 13:47:49.748  2820  3007 I HWRImeSpacktratProv: getSetupStrategy
01-16 13:47:49.748  2820  3007 W AndroidIME: ewp: No constructor for 'com.google.android.apps.inputmethod.libs.search.makeagif.superpacks.MakeAGifSuperpacksStrategyProvider' with 0 arguments
01-16 13:47:49.748  2820  3007 E SuperpacksMgr: ata: getSuperpackStrategyForIModules(): Failed to invoke com.google.android.apps.inputmethod.libs.search.makeagif.superpacks.MakeAGifSuperpacksStrategyProvider#getSetupStrategy
01-16 13:47:49.748  2820  3007 E SuperpacksMgr: java.lang.NullPointerException: Attempt to invoke interface method 'java.util.List asw.a(android.content.Context)' on a null object reference
01-16 13:47:49.748  2820  3007 E SuperpacksMgr: 	at ata.d(PG:119)
01-16 13:47:49.748  2820  3007 E SuperpacksMgr: 	at atb.a(PG:9)
01-16 13:47:49.748  2820  3007 E SuperpacksMgr: 	at bng.run(Unknown Source:4)
01-16 13:47:49.748  2820  3007 E SuperpacksMgr: 	at java.util.concurrent.Executors$RunnableAdapter.call(Executors.java:458)
01-16 13:47:49.748  2820  3007 E SuperpacksMgr: 	at java.util.concurrent.FutureTask.run(FutureTask.java:266)
01-16 13:47:49.748  2820  3007 E SuperpacksMgr: 	at bcs.run(PG:15)
01-16 13:47:49.748  2820  3007 E SuperpacksMgr: 	at java.util.concurrent.ThreadPoolExecutor.runWorker(ThreadPoolExecutor.java:1167)
01-16 13:47:49.748  2820  3007 E SuperpacksMgr: 	at java.util.concurrent.ThreadPoolExecutor$Worker.run(ThreadPoolExecutor.java:641)
01-16 13:47:49.748  2820  3007 E SuperpacksMgr: 	at java.lang.Thread.run(Thread.java:764)
01-16 13:47:49.748  2820  3007 E SuperpacksMgr: 	at bcl.run(PG:8)
01-16 13:47:49.748  2820  3007 I DictSpacktratProv: getSetupStrategy
01-16 13:47:49.748  2820  3007 I HWRImeSpacktratProv: getSetupStrategy
01-16 13:47:49.749  2820  3007 W AndroidIME: ewp: No constructor for 'com.google.android.apps.inputmethod.libs.search.makeagif.superpacks.MakeAGifSuperpacksStrategyProvider' with 0 arguments
01-16 13:47:49.749  2820  3007 E SuperpacksMgr: ata: getSuperpackStrategyForIModules(): Failed to invoke com.google.android.apps.inputmethod.libs.search.makeagif.superpacks.MakeAGifSuperpacksStrategyProvider#getSetupStrategy
01-16 13:47:49.749  2820  3007 E SuperpacksMgr: java.lang.NullPointerException: Attempt to invoke interface method 'java.util.List asw.a(android.content.Context)' on a null object reference
01-16 13:47:49.749  2820  3007 E SuperpacksMgr: 	at ata.d(PG:119)
01-16 13:47:49.749  2820  3007 E SuperpacksMgr: 	at atb.a(PG:9)
01-16 13:47:49.749  2820  3007 E SuperpacksMgr: 	at bng.run(Unknown Source:4)
01-16 13:47:49.749  2820  3007 E SuperpacksMgr: 	at java.util.concurrent.Executors$RunnableAdapter.call(Executors.java:458)
01-16 13:47:49.749  2820  3007 E SuperpacksMgr: 	at java.util.concurrent.FutureTask.run(FutureTask.java:266)
01-16 13:47:49.749  2820  3007 E SuperpacksMgr: 	at bcs.run(PG:15)
01-16 13:47:49.749  2820  3007 E SuperpacksMgr: 	at java.util.concurrent.ThreadPoolExecutor.runWorker(ThreadPoolExecutor.java:1167)
01-16 13:47:49.749  2820  3007 E SuperpacksMgr: 	at java.util.concurrent.ThreadPoolExecutor$Worker.run(ThreadPoolExecutor.java:641)
01-16 13:47:49.749  2820  3007 E SuperpacksMgr: 	at java.lang.Thread.run(Thread.java:764)
01-16 13:47:49.749  2820  3007 E SuperpacksMgr: 	at bcl.run(PG:8)
01-16 13:47:49.749  2820  3007 I DictSpacktratProv: getSetupStrategy
01-16 13:47:49.749  2820  3007 I HWRImeSpacktratProv: getSetupStrategy
01-16 13:47:49.749  2820  3007 W AndroidIME: ewp: No constructor for 'com.google.android.apps.inputmethod.libs.search.makeagif.superpacks.MakeAGifSuperpacksStrategyProvider' with 0 arguments
01-16 13:47:49.749  2820  3007 E SuperpacksMgr: ata: getSuperpackStrategyForIModules(): Failed to invoke com.google.android.apps.inputmethod.libs.search.makeagif.superpacks.MakeAGifSuperpacksStrategyProvider#getSetupStrategy
01-16 13:47:49.749  2820  3007 E SuperpacksMgr: java.lang.NullPointerException: Attempt to invoke interface method 'java.util.List asw.a(android.content.Context)' on a null object reference
01-16 13:47:49.749  2820  3007 E SuperpacksMgr: 	at ata.d(PG:119)
01-16 13:47:49.749  2820  3007 E SuperpacksMgr: 	at atb.a(PG:9)
01-16 13:47:49.749  2820  3007 E SuperpacksMgr: 	at bng.run(Unknown Source:4)
01-16 13:47:49.749  2820  3007 E SuperpacksMgr: 	at java.util.concurrent.Executors$RunnableAdapter.call(Executors.java:458)
01-16 13:47:49.749  2820  3007 E SuperpacksMgr: 	at java.util.concurrent.FutureTask.run(FutureTask.java:266)
01-16 13:47:49.749  2820  3007 E SuperpacksMgr: 	at bcs.run(PG:15)
