11-08 17:09:04.559  1722  1722 I SystemServer: StartWallpaperManagerService
11-08 17:09:04.559  1722  1722 I SystemServiceManager: Starting com.android.server.wallpaper.WallpaperManagerService$Lifecycle
11-08 17:09:04.559  1722  1722 D SystemServerTiming: StartWallpaperManagerService took to complete: 0ms
11-08 17:09:04.559  1722  1722 I SystemServer: StartAudioService
11-08 17:09:04.559  1722  1722 I SystemServiceManager: Starting com.android.server.audio.AudioService$Lifecycle
11-08 17:09:04.566  1722  1722 W TelecomManager: Telecom Service not found.
11-08 17:09:04.567  1557  1557 D PermissionCache: checking android.permission.MODIFY_AUDIO_ROUTING for uid=1000 => granted (156 us)
11-08 17:09:04.567  1557  1557 D PermissionCache: checking android.permission.MODIFY_AUDIO_SETTINGS for uid=1000 => granted (44 us)
11-08 17:09:04.567  1557  1612 W AudioFlinger: no wake lock to update, system not ready yet
11-08 17:09:04.568  1536  1615 W DeviceHAL: Error from HAL Device in function set_mic_mute: Function not implemented
11-08 17:09:04.572  1557  1557 D AudioFlinger: isLowRamDevice:false totalMemory:1567748096 mClientSharedHeapSize:4194304
11-08 17:09:04.572  1722  1722 D SystemServerTiming: StartAudioService took to complete: 13ms
11-08 17:09:04.572  1722  1722 I SystemServer: StartDockObserver
11-08 17:09:04.572  1722  1722 I SystemServiceManager: Starting com.android.server.DockObserver
11-08 17:09:04.572  1722  1722 W DockObserver: This kernel does not have dock station support
11-08 17:09:04.573  1722  1722 D SystemServerTiming: StartDockObserver took to complete: 1ms
11-08 17:09:04.573  1722  1722 I SystemServer: StartWiredAccessoryManager
11-08 17:09:04.573  1722  1722 W WiredAccessoryManager: This kernel does not have usb audio support
11-08 17:09:04.573  1722  1722 W WiredAccessoryManager: This kernel does not have HDMI audio support
11-08 17:09:04.573  1722  1722 D SystemServerTiming: StartWiredAccessoryManager took to complete: 0ms
11-08 17:09:04.573  1722  1722 I SystemServer: StartMidiManager
11-08 17:09:04.573  1722  1722 I SystemServiceManager: Starting com.android.server.midi.MidiService$Lifecycle
11-08 17:09:04.574  1722  1722 D SystemServerTiming: StartMidiManager took to complete: 1ms
11-08 17:09:04.574  1722  1722 I SystemServer: StartUsbService
11-08 17:09:04.574  1722  1722 I SystemServiceManager: Starting com.android.server.usb.UsbService$Lifecycle
11-08 17:09:04.575  1722  1722 E UsbDeviceManager: failed to write to /sys/class/android_usb/android0/f_rndis/ethaddr
11-08 17:09:04.575  1483  1483 W hwservicemanager: getTransport: Cannot find entry android.hardware.usb.gadget@1.0::IUsbGadget/default in either framework or device manifest.
11-08 17:09:04.577  1722  1722 I UsbDeviceManager: USB GADGET HAL not present in the device
11-08 17:09:04.577  1722  1722 I UsbDeviceManager: java.util.NoSuchElementException
11-08 17:09:04.577  1722  1722 I UsbDeviceManager: 	at android.os.HwBinder.getService(Native Method)
11-08 17:09:04.577  1722  1722 I UsbDeviceManager: 	at android.hardware.usb.gadget.V1_0.IUsbGadget.getService(IUsbGadget.java:40)
11-08 17:09:04.577  1722  1722 I UsbDeviceManager: 	at android.hardware.usb.gadget.V1_0.IUsbGadget.getService(IUsbGadget.java:44)
11-08 17:09:04.577  1722  1722 I UsbDeviceManager: 	at com.android.server.usb.UsbDeviceManager.<init>(UsbDeviceManager.java:267)
11-08 17:09:04.577  1722  1722 I UsbDeviceManager: 	at com.android.server.usb.UsbService.<init>(UsbService.java:139)
11-08 17:09:04.577  1722  1722 I UsbDeviceManager: 	at com.android.server.usb.UsbService$Lifecycle.onStart(UsbService.java:73)
11-08 17:09:04.577  1722  1722 I UsbDeviceManager: 	at com.android.server.SystemServiceManager.startService(SystemServiceManager.java:126)
11-08 17:09:04.577  1722  1722 I UsbDeviceManager: 	at com.android.server.SystemServiceManager.startService(SystemServiceManager.java:113)
11-08 17:09:04.577  1722  1722 I UsbDeviceManager: 	at com.android.server.SystemServiceManager.startService(SystemServiceManager.java:72)
11-08 17:09:04.577  1722  1722 I UsbDeviceManager: 	at com.android.server.SystemServer.startOtherServices(SystemServer.java:1299)
11-08 17:09:04.577  1722  1722 I UsbDeviceManager: 	at com.android.server.SystemServer.run(SystemServer.java:431)
11-08 17:09:04.577  1722  1722 I UsbDeviceManager: 	at com.android.server.SystemServer.main(SystemServer.java:294)
11-08 17:09:04.577  1722  1722 I UsbDeviceManager: 	at java.lang.reflect.Method.invoke(Native Method)
11-08 17:09:04.577  1722  1722 I UsbDeviceManager: 	at com.android.internal.os.RuntimeInit$MethodAndArgsCaller.run(RuntimeInit.java:493)
11-08 17:09:04.577  1722  1722 I UsbDeviceManager: 	at com.android.internal.os.ZygoteInit.main(ZygoteInit.java:838)
11-08 17:09:04.577  1722  1722 E UsbDeviceManagerJNI: could not open control for mtp No such file or directory
11-08 17:09:04.577  1722  1722 E UsbDeviceManager: Failed to open control for mtp
11-08 17:09:04.577  1722  1722 E UsbDeviceManagerJNI: could not open control for ptp No such file or directory
11-08 17:09:04.586  1722  1722 W StorageManagerService: No primary storage defined yet; hacking together a stub
11-08 17:09:04.577  1722  1722 E UsbDeviceManager: Failed to open control for mtp
11-08 17:09:04.586  1722  1722 E UsbDeviceManager: Error initializing UsbHandler
11-08 17:09:04.586  1722  1722 E UsbDeviceManager: java.io.FileNotFoundException: /sys/class/android_usb/android0/state (No such file or directory)
11-08 17:09:04.586  1722  1722 E UsbDeviceManager: 	at java.io.FileInputStream.open0(Native Method)
11-08 17:09:04.586  1722  1722 E UsbDeviceManager: 	at java.io.FileInputStream.open(FileInputStream.java:231)
11-08 17:09:04.586  1722  1722 E UsbDeviceManager: 	at java.io.FileInputStream.<init>(FileInputStream.java:165)
11-08 17:09:04.586  1722  1722 E UsbDeviceManager: 	at android.os.FileUtils.readTextFile(FileUtils.java:514)
11-08 17:09:04.586  1722  1722 E UsbDeviceManager: 	at com.android.server.usb.UsbDeviceManager$UsbHandlerLegacy.<init>(UsbDeviceManager.java:1375)
11-08 17:09:04.586  1722  1722 E UsbDeviceManager: 	at com.android.server.usb.UsbDeviceManager.<init>(UsbDeviceManager.java:297)
11-08 17:09:04.586  1722  1722 E UsbDeviceManager: 	at com.android.server.usb.UsbService.<init>(UsbService.java:139)
11-08 17:09:04.586  1722  1722 E UsbDeviceManager: 	at com.android.server.usb.UsbService$Lifecycle.onStart(UsbService.java:73)
11-08 17:09:04.586  1722  1722 E UsbDeviceManager: 	at com.android.server.SystemServiceManager.startService(SystemServiceManager.java:126)
11-08 17:09:04.586  1722  1722 E UsbDeviceManager: 	at com.android.server.SystemServiceManager.startService(SystemServiceManager.java:113)
11-08 17:09:04.586  1722  1722 E UsbDeviceManager: 	at com.android.server.SystemServiceManager.startService(SystemServiceManager.java:72)
11-08 17:09:04.586  1722  1722 E UsbDeviceManager: 	at com.android.server.SystemServer.startOtherServices(SystemServer.java:1299)
11-08 17:09:04.586  1722  1722 E UsbDeviceManager: 	at com.android.server.SystemServer.run(SystemServer.java:431)
11-08 17:09:04.586  1722  1722 E UsbDeviceManager: 	at com.android.server.SystemServer.main(SystemServer.java:294)
11-08 17:09:04.586  1722  1722 E UsbDeviceManager: 	at java.lang.reflect.Method.invoke(Native Method)
11-08 17:09:04.586  1722  1722 E UsbDeviceManager: 	at com.android.internal.os.RuntimeInit$MethodAndArgsCaller.run(RuntimeInit.java:493)
11-08 17:09:04.586  1722  1722 E UsbDeviceManager: 	at com.android.internal.os.ZygoteInit.main(ZygoteInit.java:838)
11-08 17:09:04.586  1722  1722 E UsbDeviceManagerJNI: could not open /dev/usb_accessory
11-08 17:09:04.588  1722  1722 I android_os_HwBinder: HwBinder: Starting thread pool for default::android.hidl.manager@1.0::IServiceManager
11-08 17:09:04.588  1483  1483 W hwservicemanager: getTransport: Cannot find entry android.hardware.usb@1.0::IUsb/default in either framework or device manifest.
11-08 17:09:04.589  1722  1722 E UsbPortManager: connectToProxy: usb hal service not found. Did the service fail to start?
11-08 17:09:04.589  1722  1722 E UsbPortManager: java.util.NoSuchElementException
11-08 17:09:04.589  1722  1722 E UsbPortManager: 	at android.os.HwBinder.getService(Native Method)
11-08 17:09:04.589  1722  1722 E UsbPortManager: 	at android.os.HwBinder.getService(HwBinder.java:91)
11-08 17:09:04.589  1722  1722 E UsbPortManager: 	at android.hardware.usb.V1_0.IUsb.getService(IUsb.java:48)
11-08 17:09:04.589  1722  1722 E UsbPortManager: 	at android.hardware.usb.V1_0.IUsb.getService(IUsb.java:52)
11-08 17:09:04.589  1722  1722 E UsbPortManager: 	at com.android.server.usb.UsbPortManager.connectToProxy(UsbPortManager.java:531)
11-08 17:09:04.589  1722  1722 E UsbPortManager: 	at com.android.server.usb.UsbPortManager.<init>(UsbPortManager.java:137)
11-08 17:09:04.589  1722  1722 E UsbPortManager: 	at com.android.server.usb.UsbService.<init>(UsbService.java:142)
11-08 17:09:04.589  1722  1722 E UsbPortManager: 	at com.android.server.usb.UsbService$Lifecycle.onStart(UsbService.java:73)
11-08 17:09:04.589  1722  1722 E UsbPortManager: 	at com.android.server.SystemServiceManager.startService(SystemServiceManager.java:126)
11-08 17:09:04.589  1722  1722 E UsbPortManager: 	at com.android.server.SystemServiceManager.startService(SystemServiceManager.java:113)
11-08 17:09:04.589  1722  1722 E UsbPortManager: 	at com.android.server.SystemServiceManager.startService(SystemServiceManager.java:72)
11-08 17:09:04.589  1722  1722 E UsbPortManager: 	at com.android.server.SystemServer.startOtherServices(SystemServer.java:1299)
11-08 17:09:04.589  1722  1722 E UsbPortManager: 	at com.android.server.SystemServer.run(SystemServer.java:431)
11-08 17:09:04.589  1722  1722 E UsbPortManager: 	at com.android.server.SystemServer.main(SystemServer.java:294)
11-08 17:09:04.589  1722  1722 E UsbPortManager: 	at java.lang.reflect.Method.invoke(Native Method)
11-08 17:09:04.589  1722  1722 E UsbPortManager: 	at com.android.internal.os.RuntimeInit$MethodAndArgsCaller.run(RuntimeInit.java:493)
11-08 17:09:04.589  1722  1722 E UsbPortManager: 	at com.android.internal.os.ZygoteInit.main(ZygoteInit.java:838)
11-08 17:09:04.590  1722  1722 D SystemServerTiming: StartUsbService took to complete: 16ms
11-08 17:09:04.590  1722  1722 I SystemServer: StartSerialService
11-08 17:09:04.591  1722  1722 D SystemServerTiming: StartSerialService took to complete: 1ms
11-08 17:09:04.591  1722  1722 I SystemServer: StartHardwarePropertiesManagerService
11-08 17:09:04.591  1483  1483 W hwservicemanager: getTransport: Cannot find entry android.hardware.thermal@1.0::IThermal/default in either framework or device manifest.
11-08 17:09:04.591  1722  1722 E HardwarePropertiesManagerService-JNI: Unable to get Thermal service.
11-08 17:09:04.591  1722  1722 D SystemServerTiming: StartHardwarePropertiesManagerService took to complete: 0ms
11-08 17:09:04.591  1722  1722 I SystemServer: StartTwilightService
11-08 17:09:04.591  1722  1722 I SystemServiceManager: Starting com.android.server.twilight.TwilightService
11-08 17:09:04.591  1722  1722 D SystemServerTiming: StartTwilightService took to complete: 0ms
11-08 17:09:04.591  1722  1722 I SystemServer: StartJobScheduler
11-08 17:09:04.591  1722  1722 I SystemServiceManager: Starting com.android.server.job.JobSchedulerService
11-08 17:09:04.593  1722  1722 I JobStore: Read 0 jobs
11-08 17:09:04.598  1722  1722 D SystemServerTiming: StartJobScheduler took to complete: 7ms
11-08 17:09:04.598  1722  1722 I SystemServer: StartSoundTrigger
11-08 17:09:04.598  1722  1722 I SystemServiceManager: Starting com.android.server.soundtrigger.SoundTriggerService
11-08 17:09:04.598  1722  1722 D SystemServerTiming: StartSoundTrigger took to complete: 0ms
11-08 17:09:04.598  1722  1722 I SystemServer: StartTrustManager
11-08 17:09:04.598  1722  1722 I SystemServiceManager: Starting com.android.server.trust.TrustManagerService
11-08 17:09:04.598  1722  1722 D SystemServerTiming: StartTrustManager took to complete: 0ms
11-08 17:09:04.598  1722  1722 I SystemServer: StartBackupManager
11-08 17:09:04.598  1722  1722 I SystemServiceManager: Starting com.android.server.backup.BackupManagerService$Lifecycle
11-08 17:09:04.599  1722  1722 D SystemServerTiming: StartBackupManager took to complete: 1ms
11-08 17:09:04.599  1722  1722 I SystemServer: StartAppWidgerService
11-08 17:09:04.599  1722  1722 I SystemServiceManager: Starting com.android.server.appwidget.AppWidgetService
11-08 17:09:04.600  1722  1722 D OpenGLRenderer: Skia GL Pipeline
11-08 17:09:04.601  1722  1722 D SystemServerTiming: StartAppWidgerService took to complete: 2ms
11-08 17:09:04.601  1722  1722 I SystemServer: StartVoiceRecognitionManager
11-08 17:09:04.601  1722  1722 I SystemServiceManager: Starting com.android.server.voiceinteraction.VoiceInteractionManagerService
11-08 17:09:04.601  1722  1722 D SystemServerTiming: StartVoiceRecognitionManager took to complete: 0ms
11-08 17:09:04.601  1722  1722 I SystemServer: StartGestureLauncher
11-08 17:09:04.601  1722  1722 I SystemServiceManager: Starting com.android.server.GestureLauncherService
11-08 17:09:04.601  1722  1722 D SystemServerTiming: StartGestureLauncher took to complete: 0ms
11-08 17:09:04.601  1722  1722 I SystemServer: StartSensorNotification
11-08 17:09:04.601  1722  1722 I SystemServiceManager: Starting com.android.server.SensorNotificationService
11-08 17:09:04.601  1722  1722 D SystemServerTiming: StartSensorNotification took to complete: 0ms
11-08 17:09:04.601  1722  1722 I SystemServer: StartContextHubSystemService
11-08 17:09:04.601  1722  1722 I SystemServiceManager: Starting com.android.server.ContextHubSystemService
11-08 17:09:04.602  1722  1722 D SystemServerTiming: StartContextHubSystemService took to complete: 1ms
11-08 17:09:04.602  1722  1722 I SystemServer: StartDiskStatsService
11-08 17:09:04.602  1722  1890 D SystemServerInitThreadPool: Started executing Init ContextHubSystemService
11-08 17:09:04.602  1483  1483 W hwservicemanager: getTransport: Cannot find entry android.hardware.contexthub@1.0::IContexthub/default in either framework or device manifest.
11-08 17:09:04.603  1722  1890 I ContextHubService: Context Hub HAL service not found
11-08 17:09:04.603  1722  1890 D SystemServerInitThreadPool: Finished executing Init ContextHubSystemService
11-08 17:09:04.603  1722  1722 D SystemServerTiming: StartDiskStatsService took to complete: 1ms
11-08 17:09:04.603  1722  1722 I SystemServer: StartNetworkTimeUpdateService
11-08 17:09:04.603  1722  1722 D SystemServerTiming: StartNetworkTimeUpdateService took to complete: 0ms
11-08 17:09:04.603  1722  1722 I SystemServer: StartCommonTimeManagementService
11-08 17:09:04.604  1722  1722 D SystemServerTiming: StartCommonTimeManagementService took to complete: 0ms
11-08 17:09:04.604  1722  1722 I SystemServer: CertBlacklister
11-08 17:09:04.604  1722  1722 D SystemServerTiming: CertBlacklister took to complete: 0ms
11-08 17:09:04.604  1722  1722 I SystemServer: StartEmergencyAffordanceService
11-08 17:09:04.604  1722  1722 I SystemServiceManager: Starting com.android.server.emergency.EmergencyAffordanceService
11-08 17:09:04.604  1722  1722 D SystemServerTiming: StartEmergencyAffordanceService took to complete: 0ms
11-08 17:09:04.604  1722  1722 I SystemServer: StartDreamManager
11-08 17:09:04.604  1722  1722 I SystemServiceManager: Starting com.android.server.dreams.DreamManagerService
11-08 17:09:04.604  1722  1722 D SystemServerTiming: StartDreamManager took to complete: 0ms
11-08 17:09:04.604  1722  1722 I SystemServer: AddGraphicsStatsService
11-08 17:09:04.607  1722  1722 D SystemServerTiming: AddGraphicsStatsService took to complete: 3ms
11-08 17:09:04.608  1722  1722 I SystemServer: StartPrintManager
11-08 17:09:04.608  1722  1722 I SystemServiceManager: Starting com.android.server.print.PrintManagerService
11-08 17:09:04.608  1722  1722 D SystemServerTiming: StartPrintManager took to complete: 0ms
11-08 17:09:04.608  1722  1722 I SystemServer: StartRestrictionManager
11-08 17:09:04.608  1722  1722 I SystemServiceManager: Starting com.android.server.restrictions.RestrictionsManagerService
11-08 17:09:04.609  1722  1722 D SystemServerTiming: StartRestrictionManager took to complete: 1ms
11-08 17:09:04.609  1722  1722 I SystemServer: StartMediaSessionService
11-08 17:09:04.609  1722  1722 I SystemServiceManager: Starting com.android.server.media.MediaSessionService
11-08 17:09:04.609  1722  1722 D SystemServerTiming: StartMediaSessionService took to complete: 0ms
11-08 17:09:04.609  1722  1722 I SystemServer: StartMediaUpdateService
11-08 17:09:04.609  1722  1722 I SystemServiceManager: Starting com.android.server.media.MediaUpdateService
11-08 17:09:04.609  1722  1722 D SystemServerTiming: StartMediaUpdateService took to complete: 0ms
11-08 17:09:04.609  1722  1722 I SystemServer: StartMediaResourceMonitor
11-08 17:09:04.609  1722  1722 I SystemServiceManager: Starting com.android.server.media.MediaResourceMonitorService
11-08 17:09:04.610  1722  1722 D SystemServerTiming: StartMediaResourceMonitor took to complete: 1ms
11-08 17:09:04.610  1722  1722 I SystemServer: StartMediaRouterService
11-08 17:09:04.610  1722  1722 D SystemServerTiming: StartMediaRouterService took to complete: 0ms
11-08 17:09:04.610  1722  1722 I SystemServer: StartFingerprintSensor
11-08 17:09:04.610  1722  1722 I SystemServiceManager: Starting com.android.server.fingerprint.FingerprintService
11-08 17:09:04.611  1722  1722 D SystemServerTiming: StartFingerprintSensor took to complete: 1ms
11-08 17:09:04.611  1722  1722 I SystemServer: StartBackgroundDexOptService
11-08 17:09:04.611  1722  1722 W BackgroundDexOptService: SysProp pm.dexopt.downgrade_after_inactive_days not set
11-08 17:09:04.611  1722  1722 D SystemServerTiming: StartBackgroundDexOptService took to complete: 0ms
11-08 17:09:04.611  1722  1722 I SystemServer: StartPruneInstantAppsJobService
11-08 17:09:04.611  1722  1722 D SystemServerTiming: StartPruneInstantAppsJobService took to complete: 0ms
11-08 17:09:04.611  1722  1722 I SystemServer: StartShortcutServiceLifecycle
11-08 17:09:04.611  1722  1722 I SystemServiceManager: Starting com.android.server.pm.ShortcutService$Lifecycle
11-08 17:09:04.612  1722  1872 D SystemServerInitThreadPool: Started executing FingerprintService.onStart
11-08 17:09:04.613  1722  1872 I android_os_HwBinder: HwBinder: Starting thread pool for default::android.hardware.biometrics.fingerprint@2.1::IBiometricsFingerprint
11-08 17:09:04.613  1710  1710 D FingerprintHal: ----------------> fingerprint_set_active_group -----------------> path /data/vendor_de/0/fpdata
11-08 17:09:04.613  1710  1710 D FingerprintHal: ----------------> loadFingerprints ----------------->
11-08 17:09:04.613  1710  1710 E FingerprintHal: Could not load fingerprints from storage at /data/vendor_de/0/fpdata/emufp.bin; it has not yet been created.
11-08 17:09:04.613  1710  1710 D FingerprintHal: ----------------> loadAuthenticatorId ----------------->
11-08 17:09:04.613  1710  1710 E FingerprintHal: Could not load authenticator id from storage at /data/vendor_de/0/fpdata/emuauthid.bin; it has not yet been created.
11-08 17:09:04.613  1710  1710 D FingerprintHal: ----------------> get_64bit_rand ----------------->
11-08 17:09:04.613  1710  1710 D FingerprintHal: ----------------> saveAuthenticatorId ----------------->
11-08 17:09:04.613  1710  1710 D FingerprintHal: Save authenticator id (0x6b8b4567327b23c6)
11-08 17:09:04.614  1710  1710 D FingerprintHal: ----------------> fingerprint_enumerate ----------------->
11-08 17:09:04.614  1710  1710 D android.hardware.biometrics.fingerprint@2.1-service: onEnumerate(fid=0, gid=0, rem=0)
11-08 17:09:04.614  1722  1872 D SystemServerInitThreadPool: Finished executing FingerprintService.onStart
11-08 17:09:04.614  1722  1722 D SystemServerTiming: StartShortcutServiceLifecycle took to complete: 3ms
11-08 17:09:04.614  1722  1722 I SystemServer: StartLauncherAppsService
11-08 17:09:04.614  1722  1722 I SystemServiceManager: Starting com.android.server.pm.LauncherAppsService
11-08 17:09:04.614  1722  1722 D SystemServerTiming: StartLauncherAppsService took to complete: 0ms
11-08 17:09:04.614  1722  1722 I SystemServer: StartCrossProfileAppsService
11-08 17:09:04.614  1722  1722 I SystemServiceManager: Starting com.android.server.pm.CrossProfileAppsService
11-08 17:09:04.614  1722  1722 D SystemServerTiming: StartCrossProfileAppsService took to complete: 0ms
11-08 17:09:04.614  1722  1722 I SystemServer: StartMediaProjectionManager
11-08 17:09:04.614  1722  1722 I SystemServiceManager: Starting com.android.server.media.projection.MediaProjectionManagerService
11-08 17:09:04.616  1722  1722 D SystemServerTiming: StartMediaProjectionManager took to complete: 2ms
11-08 17:09:04.617  1722  1722 I SystemServer: StartSliceManagerService
11-08 17:09:04.617  1722  1722 I SystemServiceManager: Starting com.android.server.slice.SliceManagerService$Lifecycle
11-08 17:09:04.620  1722  1722 D SystemServerTiming: StartSliceManagerService took to complete: 3ms
11-08 17:09:04.620  1722  1722 I SystemServer: StartCameraServiceProxy
11-08 17:09:04.620  1722  1722 I SystemServiceManager: Starting com.android.server.camera.CameraServiceProxy
11-08 17:09:04.621  1722  1722 D SystemServerTiming: StartCameraServiceProxy took to complete: 1ms
11-08 17:09:04.621  1722  1722 I SystemServer: StartStatsCompanionService
11-08 17:09:04.621  1722  1722 I SystemServiceManager: Starting com.android.server.stats.StatsCompanionService$Lifecycle
11-08 17:09:04.621  1722  1722 I KernelUidCpuFreqTimeReader: mPerClusterTimesAvailable=false
11-08 17:09:04.621  1722  1722 D SystemServerTiming: StartStatsCompanionService took to complete: 0ms
11-08 17:09:04.621  1722  1722 I WindowManager: SAFE MODE not enabled
11-08 17:09:04.622  1722  1722 I SystemServer: StartJitCompilation
11-08 17:09:04.622  1722  1722 D SystemServerTiming: StartJitCompilation took to complete: 0ms
11-08 17:09:04.622  1722  1722 I SystemServer: StartMmsService
11-08 17:09:04.622  1722  1722 I SystemServiceManager: Starting com.android.server.MmsServiceBroker
11-08 17:09:04.622  1722  1722 D SystemServerTiming: StartMmsService took to complete: 0ms
11-08 17:09:04.622  1722  1722 I SystemServer: StartAutoFillService
11-08 17:09:04.622  1722  1722 I SystemServiceManager: Starting com.android.server.autofill.AutofillManagerService
11-08 17:09:04.622  1722  1722 I AutofillManagerService: Setting debug to true
11-08 17:09:04.623  1722  1722 D SystemServerTiming: StartAutoFillService took to complete: 1ms
11-08 17:09:04.623  1722  1722 I SystemServer: MakeVibratorServiceReady
11-08 17:09:04.623  1722  1722 D SystemServerTiming: MakeVibratorServiceReady took to complete: 0ms
11-08 17:09:04.623  1722  1722 I SystemServer: MakeLockSettingsServiceReady
11-08 17:09:04.633  1722  1722 I LockSettingsService: Migrated lock settings to new location
11-08 17:09:04.634  1722  1722 I LockSettingsService: Migrated per-user lock settings to new location
11-08 17:09:04.634  1722  1722 I LockSettingsService: Migrated biometric weak to use the fallback instead
11-08 17:09:04.635  1722  1722 I LockSettingsService: Migrated lockscreen disabled flag
11-08 17:09:04.636  1483  1483 W hwservicemanager: getTransport: Cannot find entry android.hardware.weaver@1.0::IWeaver/default in either framework or device manifest.
11-08 17:09:04.636  1722  1722 I SyntheticPasswordManager: Device does not support weaver
11-08 17:09:04.636  1483  1483 W hwservicemanager: getTransport: Cannot find entry android.hardware.authsecret@1.0::IAuthSecret/default in either framework or device manifest.
11-08 17:09:04.636  1722  1722 I LockSettingsService: Device doesn't implement AuthSecret HAL
11-08 17:09:04.637  1722  1722 E LockSettingsStorage: Cannot read file java.io.FileNotFoundException: /data/system/gatekeeper.password.key: open failed: ENOENT (No such file or directory)
11-08 17:09:04.637  1722  1722 E LockSettingsStorage: Cannot read file java.io.FileNotFoundException: /data/system/password.key: open failed: ENOENT (No such file or directory)
11-08 17:09:04.637  1722  1722 E LockSettingsStorage: Cannot read file java.io.FileNotFoundException: /data/system/gatekeeper.pattern.key: open failed: ENOENT (No such file or directory)
11-08 17:09:04.637  1722  1722 E LockSettingsStorage: Cannot read file java.io.FileNotFoundException: /data/system/gatekeeper.gesture.key: open failed: ENOENT (No such file or directory)
11-08 17:09:04.637  1722  1722 E LockSettingsStorage: Cannot read file java.io.FileNotFoundException: /data/system/gesture.key: open failed: ENOENT (No such file or directory)
11-08 17:09:04.637  1722  1722 D SystemServerTiming: MakeLockSettingsServiceReady took to complete: 14ms
11-08 17:09:04.637  1722  1722 I SystemServer: StartBootPhaseLockSettingsReady
11-08 17:09:04.637  1722  1722 I SystemServiceManager: Starting phase 480
11-08 17:09:04.640  1722  1889 D SystemServerInitThreadPool: Started executing DevicePolicyManager
11-08 17:09:04.640  1722  1889 D SystemServerInitThreadPool: Finished executing DevicePolicyManager
11-08 17:09:04.641  1722  1722 D SystemServerTiming: StartBootPhaseLockSettingsReady took to complete: 4ms
11-08 17:09:04.641  1722  1722 I SystemServer: StartBootPhaseSystemServicesReady
11-08 17:09:04.641  1722  1722 I SystemServiceManager: Starting phase 500
11-08 17:09:04.642  1722  1722 D AppStandbyController: Setting app idle enabled state
11-08 17:09:04.642  1722  1722 D AppStandbyController: Initializing defaults for system apps on user 0, appIdleEnabled=false
11-08 17:09:04.643  1722  1722 E AppIdleHistory: Unable to read app idle file for user 0
11-08 17:09:04.651  1722  1722 I VrManagerService: No default vr listener service found.
11-08 17:09:04.652  1722  1722 I WifiService: WifiService starting up with Wi-Fi enabled
11-08 17:09:04.658  1722  1923 I android_os_HwBinder: HwBinder: Starting thread pool for default::android.hidl.manager@1.0::IServiceManager
11-08 17:09:04.658  1722  1940 D HalDevMgr: IWifi registration notification: fqName=android.hardware.wifi@1.0::IWifi, name=default, preexisting=true
11-08 17:09:04.659  1722  1923 I android_os_HwBinder: HwBinder: Starting thread pool for default::android.hardware.wifi@1.0::IWifi
11-08 17:09:04.660  1722  1923 D WificondControl: tearing down interfaces in wificond
11-08 17:09:04.661  1722  1722 D WifiService: setWifiEnabled: true pid=1722, uid=1000, package=android
11-08 17:09:04.661  1722  1722 I WifiService: setWifiEnabled package=android uid=1000 enable=true
11-08 17:09:04.661  1722  1722 I WifiScanningService: Starting wifiscanner
11-08 17:09:04.669  1722  1722 D ZenLog  : config: cleanUpZenRules,ZenModeConfig[user=0,allowAlarms=true,allowMedia=true,allowSystem=false,allowReminders=false,allowEvents=false,allowCalls=true,allowRepeatCallers=true,allowMessages=false,allowCallsFrom=stars,allowMessagesFrom=contacts,suppressedVisualEffects=511,areChannelsBypassingDnd=false,automaticRules={EVENTS_DEFAULT_RULE=ZenRule[enabled=false,snoozing=false,name=Event,zenMode=ZEN_MODE_IMPORTANT_INTERRUPTIONS,conditionId=condition://android/event?userId=-10000&calendar=&reply=1,condition=null,component=ComponentInfo{android/com.android.server.notification.EventConditionProvider},id=EVENTS_DEFAULT_RULE,creationTime=1667923744541,enabler=null], EVERY_NIGHT_DEFAULT_RULE=ZenRule[enabled=false,snoozing=false,name=Sleeping,zenMode=ZEN_MODE_IMPORTANT_INTERRUPTIONS,conditionId=condition://android/schedule?days=1.2.3.4.5.6.7&start=22.0&end=7.0&exitAtAlarm=true,condition=null,component=ComponentInfo{android/com.android.server.notification.ScheduleConditionProvider},id=EVERY_NIGHT_DEFAULT_RULE,creationTime=1667923744540,enabler=null]},manualRule=null],Diff[]
11-08 17:09:04.669  1722  1722 D ZenLog  : set_zen_mode: off,onSystemReady
11-08 17:09:04.672  1557  1557 D PermissionCache: checking android.permission.CAPTURE_AUDIO_HOTWORD for uid=1000 => granted (43 us)
11-08 17:09:04.672  1722  1722 W SoundTriggerHelper: listModules status=0, # of modules=0
11-08 17:09:04.672  1722  1722 D ContextHubSystemService: onBootPhase: PHASE_SYSTEM_SERVICES_READY
11-08 17:09:04.673  1722  1722 D SystemServerTiming: StartBootPhaseSystemServicesReady took to complete: 32ms
11-08 17:09:04.673  1722  1722 I SystemServer: MakeWindowManagerServiceReady
11-08 17:09:04.676  1722  1722 I android_os_HwBinder: HwBinder: Starting thread pool for default::android.hardware.configstore@1.0::ISurfaceFlingerConfigs
11-08 17:09:04.676  1722  1722 D SystemServerTiming: MakeWindowManagerServiceReady took to complete: 3ms
11-08 17:09:04.677  1722  1722 I SystemServer: MakePowerManagerServiceReady
11-08 17:09:04.685  1722  1827 W KeyguardServiceDelegate: onScreenTurningOn(): no keyguard service!
11-08 17:09:04.686  1722  1816 E KernelCpuSpeedReader: Failed to read cpu-freq: /sys/devices/system/cpu/cpu0/cpufreq/stats/time_in_state (No such file or directory)
11-08 17:09:04.688  1722  1722 D SystemServerTiming: MakePowerManagerServiceReady took to complete: 11ms
11-08 17:09:04.688  1722  1722 I SystemServer: MakePackageManagerServiceReady
11-08 17:09:04.688  1722  1722 I DefaultPermGrantPolicy: Granting permissions to platform components for user 0
11-08 17:09:04.689  1491  1529 D vold    : Remounting 1001 as mode none
11-08 17:09:04.690  1491  1529 D vold    : Found matching PID 1700
11-08 17:09:04.690  1491  1529 W vold    : Skipping due to root namespace
11-08 17:09:04.690  1491  1529 D vold    : Remounting 1001 as mode none
11-08 17:09:04.691  1491  1529 D vold    : Found matching PID 1700
11-08 17:09:04.691  1491  1529 W vold    : Skipping due to root namespace
11-08 17:09:04.692  1491  1529 D vold    : Remounting 1027 as mode none
11-08 17:09:04.693  1491  1529 D vold    : Remounting 1027 as mode none
11-08 17:09:04.698  1491  1529 D vold    : Remounting 1000 as mode none
11-08 17:09:04.698  1491  1529 D vold    : Found matching PID 1482
11-08 17:09:04.698  1491  1529 W vold    : Skipping due to root namespace
11-08 17:09:04.698  1491  1529 D vold    : Found matching PID 1483
11-08 17:09:04.698  1491  1529 W vold    : Skipping due to root namespace
11-08 17:09:04.698  1491  1529 D vold    : Found matching PID 1484
11-08 17:09:04.698  1491  1529 W vold    : Skipping due to root namespace
11-08 17:09:04.698  1491  1529 D vold    : Found matching PID 1490
11-08 17:09:04.698  1491  1529 W vold    : Skipping due to root namespace
11-08 17:09:04.698  1491  1529 D vold    : Found matching PID 1533
11-08 17:09:04.698  1491  1529 W vold    : Skipping due to root namespace
11-08 17:09:04.698  1491  1529 D vold    : Found matching PID 1535
11-08 17:09:04.698  1491  1529 W vold    : Skipping due to root namespace
11-08 17:09:04.698  1491  1529 D vold    : Found matching PID 1540
11-08 17:09:04.698  1491  1529 W vold    : Skipping due to root namespace
11-08 17:09:04.698  1491  1529 D vold    : Found matching PID 1544
11-08 17:09:04.698  1491  1529 W vold    : Skipping due to root namespace
11-08 17:09:04.698  1491  1529 D vold    : Found matching PID 1546
11-08 17:09:04.698  1491  1529 W vold    : Skipping due to root namespace
11-08 17:09:04.698  1491  1529 D vold    : Found matching PID 1548
11-08 17:09:04.698  1491  1529 W vold    : Skipping due to root namespace
11-08 17:09:04.698  1491  1529 D vold    : Found matching PID 1549
11-08 17:09:04.698  1491  1529 W vold    : Skipping due to root namespace
11-08 17:09:04.698  1491  1529 D vold    : Found matching PID 1550
11-08 17:09:04.698  1491  1529 W vold    : Skipping due to root namespace
11-08 17:09:04.698  1491  1529 D vold    : Found matching PID 1560
11-08 17:09:04.698  1491  1529 W vold    : Skipping due to root namespace
11-08 17:09:04.698  1491  1529 D vold    : Found matching PID 1669
11-08 17:09:04.699  1491  1529 W vold    : Skipping due to root namespace
11-08 17:09:04.699  1491  1529 D vold    : Found matching PID 1704
11-08 17:09:04.699  1491  1529 W vold    : Skipping due to root namespace
11-08 17:09:04.699  1491  1529 D vold    : Found matching PID 1710
11-08 17:09:04.699  1491  1529 W vold    : Skipping due to root namespace
11-08 17:09:04.699  1491  1529 D vold    : Found matching PID 1722
11-08 17:09:04.704  1722  1923 D WifiStateMachinePrime: received a message in WifiDisabledState: { when=0 what=3 target=com.android.internal.util.StateMachine$SmHandler }
11-08 17:09:04.705  1722  1923 D WifiStateMachinePrime: Switching from WifiDisabledState to WifiDisabled
11-08 17:09:04.705  1722  1923 D WifiStateMachinePrime: Entering WifiDisabledState
11-08 17:09:04.705  1722  1923 D ActiveModeManager: sending scan available broadcast: false
11-08 17:09:04.705  1722  1922 D WifiController: WifiController msg { when=-44ms what=155656 target=com.android.internal.util.StateMachine$SmHandler } deferred for 500ms
11-08 17:09:04.730  1491  1529 D vold    : Found matching PID 1746
11-08 17:09:04.730  1491  1529 W vold    : Skipping due to root namespace
11-08 17:09:04.730  1491  1495 D vold    : Remounting 1000 as mode none
11-08 17:09:04.731  1491  1495 D vold    : Found matching PID 1482
11-08 17:09:04.731  1491  1495 W vold    : Skipping due to root namespace
11-08 17:09:04.731  1491  1495 D vold    : Found matching PID 1483
11-08 17:09:04.731  1491  1495 W vold    : Skipping due to root namespace
11-08 17:09:04.731  1491  1495 D vold    : Found matching PID 1484
11-08 17:09:04.731  1491  1495 W vold    : Skipping due to root namespace
11-08 17:09:04.731  1491  1495 D vold    : Found matching PID 1490
11-08 17:09:04.731  1491  1495 W vold    : Skipping due to root namespace
11-08 17:09:04.731  1491  1495 D vold    : Found matching PID 1533
11-08 17:09:04.731  1491  1495 W vold    : Skipping due to root namespace
11-08 17:09:04.731  1491  1495 D vold    : Found matching PID 1535
11-08 17:09:04.731  1491  1495 W vold    : Skipping due to root namespace
11-08 17:09:04.731  1491  1495 D vold    : Found matching PID 1540
11-08 17:09:04.731  1491  1495 W vold    : Skipping due to root namespace
11-08 17:09:04.731  1491  1495 D vold    : Found matching PID 1544
11-08 17:09:04.731  1491  1495 W vold    : Skipping due to root namespace
11-08 17:09:04.731  1491  1495 D vold    : Found matching PID 1546
11-08 17:09:04.731  1491  1495 W vold    : Skipping due to root namespace
11-08 17:09:04.731  1491  1495 D vold    : Found matching PID 1548
11-08 17:09:04.731  1491  1495 W vold    : Skipping due to root namespace
11-08 17:09:04.731  1491  1495 D vold    : Found matching PID 1549
11-08 17:09:04.731  1491  1495 W vold    : Skipping due to root namespace
11-08 17:09:04.731  1491  1495 D vold    : Found matching PID 1550
11-08 17:09:04.731  1491  1495 W vold    : Skipping due to root namespace
11-08 17:09:04.731  1491  1495 D vold    : Found matching PID 1560
11-08 17:09:04.731  1491  1495 W vold    : Skipping due to root namespace
11-08 17:09:04.731  1491  1495 D vold    : Found matching PID 1669
11-08 17:09:04.731  1491  1495 W vold    : Skipping due to root namespace
11-08 17:09:04.731  1491  1495 D vold    : Found matching PID 1704
11-08 17:09:04.731  1491  1495 W vold    : Skipping due to root namespace
11-08 17:09:04.731  1491  1495 D vold    : Found matching PID 1710
11-08 17:09:04.731  1491  1495 W vold    : Skipping due to root namespace
11-08 17:09:04.731  1491  1495 D vold    : Found matching PID 1722
11-08 17:09:04.734  1491  1495 D vold    : Found matching PID 1746
11-08 17:09:04.734  1491  1495 W vold    : Skipping due to root namespace
11-08 17:09:04.735  1491  1529 D vold    : Remounting 2000 as mode none
11-08 17:09:04.736  1491  1529 D vold    : Found matching PID 1569
11-08 17:09:04.736  1491  1529 W vold    : Skipping due to root namespace
11-08 17:09:04.736  1491  1529 D vold    : Found matching PID 1570
11-08 17:09:04.736  1491  1529 W vold    : Skipping due to root namespace
11-08 17:09:04.736  1491  1529 D vold    : Remounting 2000 as mode none
11-08 17:09:04.737  1491  1529 D vold    : Found matching PID 1569
11-08 17:09:04.737  1491  1529 W vold    : Skipping due to root namespace
11-08 17:09:04.737  1491  1529 D vold    : Found matching PID 1570
11-08 17:09:04.737  1491  1529 W vold    : Skipping due to root namespace
11-08 17:09:04.737  1491  1529 D vold    : Remounting 10012 as mode none
11-08 17:09:04.738  1491  1495 D vold    : Remounting 10012 as mode none
11-08 17:09:04.739  1491  1529 D vold    : Remounting 1002 as mode none
11-08 17:09:04.745  1491  1495 D vold    : Remounting 1002 as mode none
11-08 17:09:04.761  1722  1722 I DefaultPermGrantPolicy: Granting permissions to default platform handlers for user 0
11-08 17:09:04.761  1722  1722 W VoiceInteractionManagerService: no available voice interaction services found for user 0
11-08 17:09:04.761  1722  1722 W VoiceInteractionManagerService: no available voice recognition services found for user 0
11-08 17:09:04.773  1722  1722 I SyncManager: No initial accounts
11-08 17:09:04.773  1722  1722 I SyncManager: No initial status
11-08 17:09:04.773  1722  1722 I SyncManager: No initial statistics
11-08 17:09:04.832  1491  1529 D vold    : Remounting 10020 as mode none
11-08 17:09:04.833  1491  1495 D vold    : Remounting 10043 as mode none
11-08 17:09:04.834  1491  1491 D vold    : Remounting 10043 as mode none
11-08 17:09:04.835  1491  1495 D vold    : Remounting 10011 as mode none
11-08 17:09:04.835  1491  1529 D vold    : Remounting 10011 as mode none
11-08 17:09:04.836  1491  1491 D vold    : Remounting 10016 as mode none
11-08 17:09:04.838  1491  1495 D vold    : Remounting 10016 as mode none
11-08 17:09:04.838  1491  1529 D vold    : Remounting 10026 as mode none
11-08 17:09:04.839  1491  1491 D vold    : Remounting 10026 as mode none
11-08 17:09:04.841  1491  1495 D vold    : Remounting 10062 as mode none
11-08 17:09:04.841  1491  1495 D vold    : Remounting 10062 as mode none
11-08 17:09:04.843  1491  1491 D vold    : Remounting 10005 as mode none
11-08 17:09:04.843  1491  1495 D vold    : Remounting 10005 as mode none
11-08 17:09:04.844  1491  1495 D vold    : Remounting 10058 as mode none
11-08 17:09:04.845  1491  1495 D vold    : Remounting 10058 as mode none
11-08 17:09:04.847  1491  1491 D vold    : Remounting 10063 as mode none
11-08 17:09:04.848  1491  1495 D vold    : Remounting 10063 as mode none
11-08 17:09:04.850  1491  1495 D vold    : Remounting 10015 as mode none
11-08 17:09:04.850  1491  1491 D vold    : Remounting 10015 as mode none
11-08 17:09:04.851  1491  1491 D vold    : Remounting 10029 as mode none
11-08 17:09:04.852  1491  1491 D vold    : Remounting 10029 as mode none
11-08 17:09:04.856  1722  1722 D UserDataPreparer: Serial number missing on /data/user_de/0; assuming current is valid
11-08 17:09:04.856  1722  1722 D UserDataPreparer: Serial number missing on /data/user/0; assuming current is valid
11-08 17:09:04.856  1722  1722 D UserDataPreparer: Serial number missing on /data/system_de/0; assuming current is valid
11-08 17:09:04.857  1722  1722 D SystemServerTiming: MakePackageManagerServiceReady took to complete: 169ms
11-08 17:09:04.857  1722  1722 I SystemServer: MakeDisplayManagerServiceReady
11-08 17:09:04.857  1722  1722 D SystemServerTiming: MakeDisplayManagerServiceReady took to complete: 0ms
11-08 17:09:04.857  1722  1722 I SystemServer: StartDeviceSpecificServices
11-08 17:09:04.857  1722  1722 D SystemServerTiming: StartDeviceSpecificServices took to complete: 0ms
11-08 17:09:04.857  1722  1722 I SystemServer: StartBootPhaseDeviceSpecificServicesReady
11-08 17:09:04.857  1722  1722 I SystemServiceManager: Starting phase 520
11-08 17:09:04.857  1722  1722 D SystemServerTiming: StartBootPhaseDeviceSpecificServicesReady took to complete: 0ms
11-08 17:09:04.858  1722  1722 W UsageStatsService: Event reported without a package name
11-08 17:09:04.858  1722  1722 I ActivityManager: System now ready
11-08 17:09:04.864  1722  1722 I SystemServer: Making services ready
11-08 17:09:04.864  1722  1722 I SystemServer: StartActivityManagerReadyPhase
11-08 17:09:04.864  1722  1722 I SystemServiceManager: Starting phase 550
11-08 17:09:04.865  1722  1722 W ActivityManager: Too early to start/bind service in system_server: Phase=550 ComponentInfo{com.android.server.telecom/com.android.server.telecom.components.TelecomService}
11-08 17:09:04.865  1722  1722 W ActivityManager: Too early to start/bind service in system_server: Phase=550 ComponentInfo{com.android.server.telecom/com.android.server.telecom.components.TelecomService}
11-08 17:09:04.884  1722  1906 D StorageManagerService: Thinking about init, mSystemReady=true, mDaemonConnected=true
11-08 17:09:04.884  1722  1906 D StorageManagerService: Setting up emulation state, initlocked=false
11-08 17:09:04.884  1491  1949 D vold    : e4crypt_unlock_user_key 0 serial=0 token_present=0
11-08 17:09:04.884  1491  1949 E vold    : Failed to chmod /data/system_ce/0: No such file or directory
11-08 17:09:04.884  1491  1949 E vold    : Failed to chmod /data/misc_ce/0: No such file or directory
11-08 17:09:04.884  1491  1949 E vold    : Failed to chmod /data/media/0: No such file or directory
11-08 17:09:04.884  1722  1906 D StorageManagerService: Thinking about reset, mSystemReady=true, mDaemonConnected=true
11-08 17:09:04.885  1722  1810 I ActivityManager: Force stopping com.android.providers.media appid=10011 user=-1: vold reset
11-08 17:09:04.887  1722  1722 I LockSettingsService: Migrated migrated_frp.
11-08 17:09:04.887  1722  1722 I WallpaperManagerService: No static wallpaper imagery; defaults will be shown
11-08 17:09:04.888  1722  1722 W WallpaperManagerService: no current wallpaper -- first boot?
11-08 17:09:04.888  1722  1934 I AudioService: setBluetoothScoOnInt: false resetBluetoothSco
11-08 17:09:04.888  1722  1934 E BluetoothAdapter: Bluetooth binder is null
11-08 17:09:04.888  1722  1934 E BluetoothAdapter: Bluetooth binder is null
11-08 17:09:04.889  1557  1557 I AudioFlinger: systemReady
11-08 17:09:04.890  1722  1812 I ActivityManager: Start proc 1951:com.android.inputmethod.latin/u0a64 for service com.android.inputmethod.latin/.LatinIME
11-08 17:09:04.890  1722  1722 D SystemServerTiming: StartActivityManagerReadyPhase took to complete: 26ms
11-08 17:09:04.890  1722  1722 I SystemServer: StartObservingNativeCrashes
11-08 17:09:04.890  1722  1722 D SystemServerTiming: StartObservingNativeCrashes took to complete: 0ms
11-08 17:09:04.890  1722  1799 D SystemServerInitThreadPool: Started executing WebViewFactoryPreparation
11-08 17:09:04.890  1722  1799 I SystemServer: WebViewFactoryPreparation
11-08 17:09:04.891  1722  1722 I SystemServer: StartSystemUI
11-08 17:09:04.892  1722  1722 D SystemServerTiming: StartSystemUI took to complete: 1ms
11-08 17:09:04.892  1722  1722 I SystemServer: MakeNetworkManagementServiceReady
11-08 17:09:04.892  1722  1722 D NetworkManagement: enabling bandwidth control
11-08 17:09:04.897  1722  1799 D WebViewLibraryLoader: Setting new address space to 147849872
11-08 17:09:04.899  1722  1722 W NetworkManagement: setDataSaverMode(): already false
11-08 17:09:04.900  1722  1799 D SystemServerTimingAsync: WebViewFactoryPreparation took to complete: 10ms
11-08 17:09:04.900  1722  1799 D SystemServerInitThreadPool: Finished executing WebViewFactoryPreparation
11-08 17:09:04.902  1722  1816 E BatteryExternalStatsWorker: no controller energy info supplied for wifi
11-08 17:09:04.902  1722  1816 E BatteryExternalStatsWorker: no controller energy info supplied for telephony
11-08 17:09:04.903  1722  1722 D SystemServerTiming: MakeNetworkManagementServiceReady took to complete: 11ms
11-08 17:09:04.903  1722  1722 I SystemServer: MakeIpSecServiceReady
11-08 17:09:04.904  1722  1722 D IpSecService: IpSecService is ready
11-08 17:09:04.904  1722  1722 D SystemServerTiming: MakeIpSecServiceReady took to complete: 1ms
11-08 17:09:04.904  1722  1722 I SystemServer: MakeNetworkStatsServiceReady
11-08 17:09:04.905  1722  1722 W BestClock: java.time.DateTimeException: Missing NTP fix
11-08 17:09:04.905  1722  1920 W NetworkPolicy: setRestrictBackgroundUL: already false
11-08 17:09:04.907  1722  1920 W BestClock: java.time.DateTimeException: Missing NTP fix
11-08 17:09:04.914  1722  1722 D SystemServerTiming: MakeNetworkStatsServiceReady took to complete: 10ms
11-08 17:09:04.914  1722  1722 I SystemServer: MakeConnectivityServiceReady
11-08 17:09:04.916  1722  1722 D PermissionMonitor: Monitoring
11-08 17:09:04.916  1722  1722 D PermissionMonitor: Users: 1, Apps: 73
11-08 17:09:04.917  1722  1722 D SystemServerTiming: MakeConnectivityServiceReady took to complete: 3ms
11-08 17:09:04.917  1722  1722 I SystemServer: MakeNetworkPolicyServiceReady
11-08 17:09:04.917  1722  1722 D SystemServerTiming: MakeNetworkPolicyServiceReady took to complete: 0ms
11-08 17:09:04.917  1722  1722 I SystemServer: StartWatchdog
11-08 17:09:04.917  1722  1722 D SystemServerTiming: StartWatchdog took to complete: 0ms
11-08 17:09:04.917  1722  1722 I SystemServer: PhaseThirdPartyAppsCanStart
11-08 17:09:04.917  1722  1722 I SystemServiceManager: Starting phase 600
11-08 17:09:04.935  1682  1788 E linker  : library "/system/lib64/extractors/.." ("/system/lib64") needed or dlopened by "/system/lib64/libstagefright.so" is not accessible for the namespace: [name="(default)", ld_library_paths="", default_library_paths="/system/lib64", permitted_paths="/system/lib64/drm:/system/lib64/extractors:/system/lib64/hw:/system/product/lib64:/system/framework:/system/app:/system/priv-app:/vendor/framework:/vendor/app:/vendor/priv-app:/odm/framework:/odm/app:/odm/priv-app:/oem/app:/system/product/framework:/system/product/app:/system/product/priv-app:/data:/mnt/expand"]
11-08 17:09:04.935  1682  1788 W MediaExtractorFactory: couldn't dlopen(/system/lib64/extractors/..) No such file or directory
11-08 17:09:04.936  1682  1788 W MediaExtractorFactory: couldn't dlopen(/system/lib64/extractors/.) Is a directory
11-08 17:09:04.945  1722  1812 W ActivityManager: Slow operation: 54ms so far, now at startProcess: returned from zygote!
11-08 17:09:04.946  1722  1812 W ActivityManager: Slow operation: 55ms so far, now at startProcess: done updating battery stats
11-08 17:09:04.946  1722  1812 W ActivityManager: Slow operation: 55ms so far, now at startProcess: building log message
11-08 17:09:04.946  1722  1812 I ActivityManager: Start proc 1965:com.android.systemui/u0a12 for service com.android.systemui/.SystemUIService
11-08 17:09:04.946  1722  1812 W ActivityManager: Slow operation: 55ms so far, now at startProcess: starting to update pids map
11-08 17:09:04.946  1722  1812 W ActivityManager: Slow operation: 55ms so far, now at startProcess: done updating pids map
11-08 17:09:04.957  1722  1919 W BestClock: java.time.DateTimeException: Missing NTP fix
11-08 17:09:04.958  1722  1919 W BestClock: java.time.DateTimeException: Missing NTP fix
11-08 17:09:04.958  1722  1920 W BestClock: java.time.DateTimeException: Missing NTP fix
11-08 17:09:04.961  1682  1788 E MediaExtractorFactory: couldn't opendir(/vendor/lib64/extractors)
11-08 17:09:04.968  1684  1798 D StagefrightPluginLoader: Failed to load library: libstagefright_ccodec.so (dlopen failed: library "libstagefright_ccodec.so" not found)
11-08 17:09:04.968  1684  1798 D StagefrightPluginLoader: Handle or CreateInputSurface symbol is null
11-08 17:09:04.968  1684  1798 D StagefrightPluginLoader: Handle or CreateBuilder symbol is null
11-08 17:09:04.970  1684  1798 I OMXClient: IOmx service obtained
11-08 17:09:04.970  1699  1774 I OMXMaster: makeComponentInstance(OMX.google.aac.decoder) in omx@1.0-service process
11-08 17:09:04.977  1951  1951 W putmethod.lati: Unexpected CPU variant for X86 using defaults: x86_64
11-08 17:09:04.977  1965  1965 W ndroid.systemu: Unexpected CPU variant for X86 using defaults: x86_64
11-08 17:09:04.978  1722  1722 I StatsCompanionService: Told statsd that StatsCompanionService is alive.
11-08 17:09:04.978  1722  1722 D SystemServerTiming: PhaseThirdPartyAppsCanStart took to complete: 61ms
11-08 17:09:04.978  1722  1722 I SystemServer: MakeLocationServiceReady
11-08 17:09:04.987  1684  1798 I OMXClient: IOmx service obtained
11-08 17:09:04.987  1699  1773 I OMXMaster: makeComponentInstance(OMX.google.amrnb.decoder) in omx@1.0-service process
11-08 17:09:04.989  1483  1483 W hwservicemanager: getTransport: Cannot find entry android.hardware.gnss@1.1::IGnss/default in either framework or device manifest.
11-08 17:09:04.989  1722  1722 D GnssLocationProvider: gnssHal 1.1 was null, trying 1.0
11-08 17:09:04.991  1957  1957 W sdcard  : Device explicitly enabled sdcardfs
11-08 17:09:04.994  1722  1722 I GnssLocationProvider: WakeLock acquired by sendMessage(INITIALIZE_HANDLER, 0, null)
11-08 17:09:04.994  1722  1802 D GnssLocationProvider: Link to death notification successful
11-08 17:09:04.994  1545  1545 I GnssHAL_GnssInterface: getExtensionXtra: GnssXtra interface not implemented by HAL
11-08 17:09:04.994  1545  1545 I GnssHAL_GnssInterface: getExtensionAGnssRil: GnssRil interface not implemented by HAL
11-08 17:09:04.994  1545  1545 E GnssHAL_GnssInterface: getExtensionAGnss: AGnss interface not implemented by HAL
11-08 17:09:04.994  1545  1545 I GnssHAL_GnssInterface: getExtensionGnssNavigationMessage: GnssNavigationMessage interface not implemented by HAL
11-08 17:09:04.994  1545  1545 E GnssHAL_GnssInterface: getExtensionGnssMeasurement: GnssMeasurement interface not implemented by HAL
11-08 17:09:04.994  1545  1545 I GnssHAL_GnssInterface: getExtensionGnssDebug: GnssDebug interface not implemented by HAL
11-08 17:09:04.994  1545  1545 I GnssHAL_GnssInterface: getExtensionGnssNi: GnssNi interface not implemented by HAL
11-08 17:09:04.994  1545  1545 E GnssHAL_GnssInterface: getExtensionGnssConfiguration: GnssConfiguration interface not implemented by HAL
11-08 17:09:04.994  1545  1545 E GnssHAL_GnssInterface: getExtensionGnssGeofencing: GnssGeofencing interface not implemented by HAL
