11-08 17:09:07.310  2050  2093 D IccSmsInterfaceManager: [IccSmsInterfaceManager] Failed to remove GSM cell broadcast subscription for MID range 4380 to 4380 from client com.android.cellbroadcastreceiver
11-08 17:09:07.310  2050  2093 D IccSmsInterfaceManager: [IccSmsInterfaceManager] Failed to remove cdma broadcast subscription for MID range 4100 to 4100 from client com.android.cellbroadcastreceiver
11-08 17:09:07.311  2050  2093 D IccSmsInterfaceManager: [IccSmsInterfaceManager] Failed to remove GSM cell broadcast subscription for MID range 4393 to 4393 from client com.android.cellbroadcastreceiver
11-08 17:09:07.312  2050  2093 D IccSmsInterfaceManager: [IccSmsInterfaceManager] Failed to remove GSM cell broadcast subscription for MID range 4381 to 4381 from client com.android.cellbroadcastreceiver
11-08 17:09:07.314  2050  2093 D IccSmsInterfaceManager: [IccSmsInterfaceManager] Failed to remove GSM cell broadcast subscription for MID range 4394 to 4394 from client com.android.cellbroadcastreceiver
11-08 17:09:07.315  2050  2093 D IccSmsInterfaceManager: [IccSmsInterfaceManager] Failed to remove GSM cell broadcast subscription for MID range 4382 to 4382 from client com.android.cellbroadcastreceiver
11-08 17:09:07.318  2050  2093 D IccSmsInterfaceManager: [IccSmsInterfaceManager] Failed to remove GSM cell broadcast subscription for MID range 4395 to 4395 from client com.android.cellbroadcastreceiver
11-08 17:09:07.319  2050  2093 D IccSmsInterfaceManager: [IccSmsInterfaceManager] Calling setGsmBroadcastConfig with 1 configurations
11-08 17:09:07.320  2050  2093 D IccSmsInterfaceManager: [IccSmsInterfaceManager] Failed to add GSM cell broadcast subscription for MID range 4352 to 4354 from client com.android.cellbroadcastreceiver
11-08 17:09:07.321  2050  2093 D IccSmsInterfaceManager: [IccSmsInterfaceManager] Calling setGsmBroadcastConfig with 1 configurations
11-08 17:09:07.322  2050  2093 D IccSmsInterfaceManager: [IccSmsInterfaceManager] Failed to add GSM cell broadcast subscription for MID range 4356 to 4356 from client com.android.cellbroadcastreceiver
11-08 17:09:07.322  2050  2093 D IccSmsInterfaceManager: [IccSmsInterfaceManager] Failed to remove GSM cell broadcast subscription for MID range 4355 to 4355 from client com.android.cellbroadcastreceiver
11-08 17:09:07.329  1722  1802 E memtrack: Couldn't load memtrack module
11-08 17:09:07.329  1722  1802 W android.os.Debug: failed to get memory consumption info: -1
11-08 17:09:07.331  1722  1802 E memtrack: Couldn't load memtrack module
11-08 17:09:07.331  1722  1802 W android.os.Debug: failed to get memory consumption info: -1
11-08 17:09:07.332  1722  1802 E memtrack: Couldn't load memtrack module
11-08 17:09:07.332  1722  1802 W android.os.Debug: failed to get memory consumption info: -1
11-08 17:09:07.334  1722  1802 E memtrack: Couldn't load memtrack module
11-08 17:09:07.334  1722  1802 W android.os.Debug: failed to get memory consumption info: -1
11-08 17:09:07.355  1722  1802 E memtrack: Couldn't load memtrack module
11-08 17:09:07.355  1722  1802 W android.os.Debug: failed to get memory consumption info: -1
11-08 17:09:07.358  1722  1802 E memtrack: Couldn't load memtrack module
11-08 17:09:07.358  1722  1802 W android.os.Debug: failed to get memory consumption info: -1
11-08 17:09:07.360  1722  1802 E memtrack: Couldn't load memtrack module
11-08 17:09:07.360  1722  1802 W android.os.Debug: failed to get memory consumption info: -1
11-08 17:09:07.361  1722  1802 E memtrack: Couldn't load memtrack module
11-08 17:09:07.361  1722  1802 W android.os.Debug: failed to get memory consumption info: -1
11-08 17:09:07.363  1722  1802 E memtrack: Couldn't load memtrack module
11-08 17:09:07.363  1722  1802 W android.os.Debug: failed to get memory consumption info: -1
11-08 17:09:07.364  1722  1802 E memtrack: Couldn't load memtrack module
11-08 17:09:07.364  1722  1802 W android.os.Debug: failed to get memory consumption info: -1
11-08 17:09:07.365  1722  1802 E memtrack: Couldn't load memtrack module
11-08 17:09:07.365  1722  1802 W android.os.Debug: failed to get memory consumption info: -1
11-08 17:09:07.391  1722  1802 E memtrack: Couldn't load memtrack module
11-08 17:09:07.391  1722  1802 W android.os.Debug: failed to get memory consumption info: -1
11-08 17:09:07.391  1722  1802 E memtrack: Couldn't load memtrack module
11-08 17:09:07.391  1722  1802 W android.os.Debug: failed to get memory consumption info: -1
11-08 17:09:07.393  1491  1949 I vold_prepare_subdirs: SELinux: Loaded file_contexts
11-08 17:09:07.393  2305  2305 I bootstat: Battery level at startup 100%
11-08 17:09:07.393  2305  2305 I bootstat: Canonical boot reason: reboot
11-08 17:09:07.394  2305  2305 E bootstat: Failed to read /data/misc/bootstat/last_boot_time_utc: No such file or directory
11-08 17:09:07.394  2305  2305 E bootstat: Failed to parse boot time record: /data/misc/bootstat/last_boot_time_utc
11-08 17:09:07.394  2305  2305 E bootstat: Failed to read /data/misc/bootstat/build_date: No such file or directory
11-08 17:09:07.394  2305  2305 E bootstat: Failed to parse boot time record: /data/misc/bootstat/build_date
11-08 17:09:07.394  2305  2305 I bootstat: Canonical boot reason: reboot,factory_reset
11-08 17:09:07.397  2305  2305 E bootstat: Failed to read /data/misc/bootstat/factory_reset: No such file or directory
11-08 17:09:07.397  2305  2305 E bootstat: Failed to parse boot time record: /data/misc/bootstat/factory_reset
11-08 17:09:07.407  1722  1802 E memtrack: Couldn't load memtrack module
11-08 17:09:07.407  2335  2335 D vold_prepare_subdirs: Setting up mode 700 uid 0 gid 0 context u:object_r:vold_data_file:s0 on path: /data/misc_ce/0/vold
11-08 17:09:07.408  1722  1802 W android.os.Debug: failed to get memory consumption info: -1
11-08 17:09:07.408  1722  1802 E memtrack: Couldn't load memtrack module
11-08 17:09:07.408  1722  1802 W android.os.Debug: failed to get memory consumption info: -1
11-08 17:09:07.409  1722  1802 E memtrack: Couldn't load memtrack module
11-08 17:09:07.409  1722  1802 W android.os.Debug: failed to get memory consumption info: -1
11-08 17:09:07.409  1722  1802 E memtrack: Couldn't load memtrack module
11-08 17:09:07.409  1722  1802 W android.os.Debug: failed to get memory consumption info: -1
11-08 17:09:07.412  1722  1802 E memtrack: Couldn't load memtrack module
11-08 17:09:07.412  1722  1802 W android.os.Debug: failed to get memory consumption info: -1
11-08 17:09:07.416  2335  2335 D vold_prepare_subdirs: Setting up mode 700 uid 0 gid 0 context u:object_r:storaged_data_file:s0 on path: /data/misc_ce/0/storaged
11-08 17:09:07.417  1722  1821 D UserDataPreparer: Serial number missing on /data/system_ce/0; assuming current is valid
11-08 17:09:07.417  1722  1821 D UserDataPreparer: Setting property: sys.user.0.ce_available=true
11-08 17:09:07.444  1722  1824 W WindowManager: App freeze timeout expired.
11-08 17:09:07.473  1722  1722 I GnssLocationProvider: WakeLock acquired by sendMessage(SUBSCRIPTION_OR_SIM_CHANGED, 0, null)
11-08 17:09:07.475  1722  2160 W ContextImpl: Calling a method in the system process without a qualified user: android.app.ContextImpl.sendBroadcastAsUserMultiplePermissions:1053 com.android.server.TelephonyRegistry.broadcastCallStateChanged:1602 com.android.server.TelephonyRegistry.notifyCallStateForPhoneId:793 com.android.internal.telephony.ITelephonyRegistry$Stub.onTransact:122 android.os.Binder.execTransact:731 
11-08 17:09:07.476  1722  1920 I NetworkPolicy: No policy for subscriber 310260...; generating default policy
11-08 17:09:07.480  1722  1920 W BestClock: java.time.DateTimeException: Missing NTP fix
11-08 17:09:07.487  1722  1722 I GnssLocationProvider: WakeLock acquired by sendMessage(SUBSCRIPTION_OR_SIM_CHANGED, 0, null)
11-08 17:09:07.488  1722  1920 W BestClock: java.time.DateTimeException: Missing NTP fix
11-08 17:09:07.491  1722  1920 I chatty  : uid=1000(system) NetworkPolicy identical 1 line
11-08 17:09:07.493  1722  1920 W BestClock: java.time.DateTimeException: Missing NTP fix
11-08 17:09:07.495  1722  1722 I GnssLocationProvider: WakeLock acquired by sendMessage(SUBSCRIPTION_OR_SIM_CHANGED, 0, null)
11-08 17:09:07.497  1722  1920 W BestClock: java.time.DateTimeException: Missing NTP fix
11-08 17:09:07.498  2050  2050 I TelecomFramework: PstnIncomingCallNotifier: Unregistering: Handler (com.android.internal.telephony.GsmCdmaPhone) {64b5093}
11-08 17:09:07.500  1722  1920 I chatty  : uid=1000(system) NetworkPolicy identical 2 lines
11-08 17:09:07.504  1722  1920 W BestClock: java.time.DateTimeException: Missing NTP fix
11-08 17:09:07.512  1722  1802 E memtrack: Couldn't load memtrack module
11-08 17:09:07.512  1722  1802 W android.os.Debug: failed to get memory consumption info: -1
11-08 17:09:07.514  1722  2160 I Telecom : PhoneAccountRegistrar: Modify account: [ComponentInfo{com.android.phone/com.android.services.telephony.TelephonyConnectionService}, ***, UserHandle{0}]: TSI.rPA@ABk
11-08 17:09:07.515  2050  2050 I TelecomFramework: AccountEntry: Registered phoneAccount: [[ ] PhoneAccount: ComponentInfo{com.android.phone/com.android.services.telephony.TelephonyConnectionService}, ***, UserHandle{0} Capabilities: CallProvider MultiUser PlaceEmerg SimSub  Audio Routes: BESW Schemes: tel voicemail  Extras: Bundle[{android.telecom.extra.SUPPORTS_VIDEO_CALLING_FALLBACK=true}] GroupId: ***] with handle: ComponentInfo{com.android.phone/com.android.services.telephony.TelephonyConnectionService}, ***, UserHandle{0}
11-08 17:09:07.515  2050  2050 I TelecomFramework: PstnIncomingCallNotifier: Registering: Handler (com.android.internal.telephony.GsmCdmaPhone) {64b5093}
11-08 17:09:07.517  2050  2248 D MccTable: updateMccMncConfiguration mccmnc='310260' fromServiceState=false
11-08 17:09:07.525  2050  2248 D MccTable: updateMccMncConfiguration defaultMccMnc=310260
11-08 17:09:07.525  2050  2248 D MccTable: updateMccMncConfiguration: mcc=310, mnc=260
11-08 17:09:07.525  2050  2248 D MccTable: updateMccMncConfiguration updateConfig config={0.0 310mcc260mnc ?localeList ?layoutDir ?swdp ?wdp ?hdp ?density ?lsize ?long ?ldr ?wideColorGamut ?orien ?uimode ?night ?touch ?keyb/?/? ?nav/? winConfig={ mBounds=Rect(0, 0 - 0, 0) mAppBounds=null mWindowingMode=undefined mActivityType=undefined}}
11-08 17:09:07.531  2050  2050 D TelephonyProvider: subIdString = 1 subId = 1
11-08 17:09:07.531  2050  2050 D TelephonyProvider: getPreferredApnIdFromApn: for subId 1
11-08 17:09:07.542  1965  2223 I OpenGLRenderer: Davey! duration=1108ms; Flags=0, IntendedVsync=15405974897, Vsync=16072641537, OldestInputEvent=9223372036854775807, NewestInputEvent=0, HandleInputStart=16076218396, AnimationStart=16076235761, PerformTraversalsStart=16080273763, DrawStart=16247098158, SyncQueued=16250291835, SyncStart=16251516166, IssueDrawCommandsStart=16251569763, SwapBuffers=16458263353, FrameCompleted=16515855813, DequeueBufferDuration=79000, QueueBufferDuration=130000, 
11-08 17:09:07.560  1722  1821 I ActivityManager: User 0 state changed from RUNNING_LOCKED to RUNNING_UNLOCKING
11-08 17:09:07.560  1722  1821 D ActivityManager: Unlocking user 0 progress 20
11-08 17:09:07.560  1722  1810 I SystemServiceManager: Calling onUnlockUser u0
11-08 17:09:07.560  1722  1810 D StorageManagerService: onUnlockUser 0
11-08 17:09:07.560  1722  1821 W Looper  : Slow dispatch took 392ms android.fg h=android.os.Handler c=com.android.server.am.-$$Lambda$UserController$o6oQFjGYYIfx-I94cSakTLPLt6s@9fa1f7a m=0
11-08 17:09:07.560  1722  1821 W Looper  : Slow delivery took 391ms android.fg h=com.android.server.usb.UsbDeviceManager$UsbHandlerLegacy c=null m=1
11-08 17:09:07.560  1491  1949 D vold    : Linking /storage/emulated/0 to /mnt/user/0/primary
11-08 17:09:07.564  1722  1906 D StorageManagerService: Volume emulated broadcasting mounted to UserHandle{0}
11-08 17:09:07.565  1722  1923 D WifiConfigStore: Reading from user store completed in 0 ms.
11-08 17:09:07.565  1722  1923 D WakeupConfigStoreData: WifiWake user data has been read
11-08 17:09:07.579  1722  1811 I ActivityManager: Config changes=20 {1.0 310mcc260mnc [en_US] ldltr sw320dp w320dp h616dp 160dpi nrml long port finger -keyb/v/h tball/v winConfig={ mBounds=Rect(0, 0 - 0, 0) mAppBounds=Rect(0, 0 - 320, 640) mWindowingMode=fullscreen mActivityType=undefined} s.7}
11-08 17:09:07.581  1722  1811 I ActivityManager: Override config changes=20 {1.0 310mcc260mnc [en_US] ldltr sw320dp w320dp h616dp 160dpi nrml long port finger -keyb/v/h tball/v winConfig={ mBounds=Rect(0, 0 - 320, 640) mAppBounds=Rect(0, 0 - 320, 640) mWindowingMode=fullscreen mActivityType=undefined} s.7} for displayId=0
11-08 17:09:07.590  1722  1923 D WifiConfigStore: Writing to stores completed in 25 ms.
11-08 17:09:07.591  1669  2168 D PermissionCache: checking android.permission.READ_FRAME_BUFFER for uid=1000 => granted (206 us)
11-08 17:09:07.591  1546  1768 D gralloc_ranchu: gralloc_alloc: Creating ashmem region of size 823296
11-08 17:09:07.595  1722  1811 D         : HostConnection::get() New Host Connection established 0x7eebc966b8c0, tid 1811
11-08 17:09:07.599  2118  2153 D EGL_emulation: eglMakeCurrent: 0x7eebe5614a20: ver 3 0 (tinfo 0x7eebe3c75500)
11-08 17:09:07.611  1722  1821 W Looper  : Drained
11-08 17:09:07.622  1722  1810 W VoiceInteractionManagerService: no available voice interaction services found for user 0
11-08 17:09:07.622  1722  1810 W VoiceInteractionManagerService: no available voice recognition services found for user 0
11-08 17:09:07.622  1722  1810 D AutofillManagerServiceImpl: Reset component for user 0 ()
11-08 17:09:07.623  1722  1810 D AutofillManagerServiceImpl: Reset component for user 0 ()
11-08 17:09:07.623  1722  1810 D FieldClassificationStrategy: reset(): service is not bound. Do nothing.
11-08 17:09:07.623  1722  1810 I ActivityManager: User 0 state changed from RUNNING_UNLOCKING to RUNNING_UNLOCKED
11-08 17:09:07.623  1722  1810 D SystemServerTiming: SystemUserUnlock took to complete: 454ms
11-08 17:09:07.624  1722  1810 I PreBootBroadcaster: Pre-boot of {com.android.managedprovisioning/com.android.managedprovisioning.ota.PreBootListener} for user 0
11-08 17:09:07.632  1722  1722 D NotificationListeners: Removing active service ComponentInfo{android.ext.services/android.ext.services.notification.Assistant}
11-08 17:09:07.634  1722  1722 I AccountManagerService: User 0 is unlocked - opening CE database
11-08 17:09:07.635  1722  1812 I ActivityManager: Start proc 2342:com.android.se/1068 for added application com.android.se
11-08 17:09:07.649  1722  1722 I AccountsDb: Creating CE database /data/system_ce/0/accounts_ce.db
11-08 17:09:07.663  1722  1812 I ActivityManager: Start proc 2347:android.process.media/u0a11 for broadcast com.android.providers.downloads/.DownloadReceiver
11-08 17:09:07.674  2050  2050 D CallNotifier: updatePhoneStateListeners: update CF notifications.
11-08 17:09:07.674  2050  2050 I TelecomFramework: PstnIncomingCallNotifier: Unregistering: Handler (com.android.internal.telephony.GsmCdmaPhone) {64b5093}
11-08 17:09:07.680  2342  2342 W com.android.se: Unexpected CPU variant for X86 using defaults: x86_64
11-08 17:09:07.683  1722  1948 I SyncManager: Loaded persisted syncs: 0 periodic syncs, 0 oneshot syncs, 7 total system server jobs, JobStats: FirstLoad: 0/0/0 LastSave: -1/-1/-1
11-08 17:09:07.688  1722  1812 W ActivityManager: Slow operation: 55ms so far, now at startProcess: returned from zygote!
11-08 17:09:07.688  1722  1812 W ActivityManager: Slow operation: 55ms so far, now at startProcess: done updating battery stats
11-08 17:09:07.688  1722  1812 W ActivityManager: Slow operation: 55ms so far, now at startProcess: building log message
11-08 17:09:07.688  1722  1812 I ActivityManager: Start proc 2354:com.android.launcher3/u0a30 for service com.android.launcher3/.notification.NotificationListener
11-08 17:09:07.688  1722  1812 W ActivityManager: Slow operation: 55ms so far, now at startProcess: starting to update pids map
11-08 17:09:07.688  1722  1812 W ActivityManager: Slow operation: 55ms so far, now at startProcess: done updating pids map
11-08 17:09:07.689  2347  2347 W d.process.medi: Unexpected CPU variant for X86 using defaults: x86_64
11-08 17:09:07.693  1722  2160 I Telecom : PhoneAccountRegistrar: Modify account: [ComponentInfo{com.android.phone/com.android.services.telephony.TelephonyConnectionService}, ***, UserHandle{0}]: TSI.rPA@ABw
11-08 17:09:07.693  2050  2050 I TelecomFramework: AccountEntry: Registered phoneAccount: [[ ] PhoneAccount: ComponentInfo{com.android.phone/com.android.services.telephony.TelephonyConnectionService}, ***, UserHandle{0} Capabilities: CallProvider MultiUser PlaceEmerg SimSub  Audio Routes: BESW Schemes: tel voicemail  Extras: Bundle[{android.telecom.extra.SUPPORTS_VIDEO_CALLING_FALLBACK=true}] GroupId: ***] with handle: ComponentInfo{com.android.phone/com.android.services.telephony.TelephonyConnectionService}, ***, UserHandle{0}
11-08 17:09:07.693  2050  2050 I TelecomFramework: PstnIncomingCallNotifier: Registering: Handler (com.android.internal.telephony.GsmCdmaPhone) {64b5093}
11-08 17:09:07.698  1722  1920 W BestClock: java.time.DateTimeException: Missing NTP fix
11-08 17:09:07.699  1722  1920 W BestClock: java.time.DateTimeException: Missing NTP fix
11-08 17:09:07.701  1722  1722 I GnssLocationProvider: WakeLock acquired by sendMessage(SUBSCRIPTION_OR_SIM_CHANGED, 0, null)
11-08 17:09:07.705  1722  1821 W AppWidgetServiceImpl: Failed to read state: java.io.FileNotFoundException: /data/system/users/0/appwidgets.xml (No such file or directory)
11-08 17:09:07.705  1722  1821 I AppWidgetServiceImpl: Async processing of onUserUnlocked u0 took 71 ms
11-08 17:09:07.706  2307  2353 D ExtAssistant: File doesn't exist or isn't readable yet
11-08 17:09:07.719  1722  1811 W Looper  : Slow dispatch took 144ms android.ui h=com.android.server.policy.PhoneWindowManager$PolicyHandler c=android.database.ContentObserver$NotificationRunnable@51d894 m=0
11-08 17:09:07.729  2354  2354 W droid.launcher: Unexpected CPU variant for X86 using defaults: x86_64
11-08 17:09:07.729  1722  2340 E system_server: No package ID 7f found for ID 0x7f08017c.
11-08 17:09:07.729  1722  2340 E system_server: No package ID 7f found for ID 0x7f120f74.
11-08 17:09:07.730  1722  2340 E system_server: No package ID 7f found for ID 0x7f08017b.
11-08 17:09:07.730  1722  2340 E system_server: No package ID 7f found for ID 0x7f120480.
11-08 17:09:07.730  1722  2340 E system_server: No package ID 7f found for ID 0x7f08017a.
11-08 17:09:07.730  1722  2340 E system_server: No package ID 7f found for ID 0x7f12099f.
11-08 17:09:07.738  1722  2340 E system_server: No package ID 7f found for ID 0x7f08006d.
11-08 17:09:07.738  1722  2340 E system_server: No package ID 7f found for ID 0x7f100215.
11-08 17:09:07.739  1722  2340 E system_server: No package ID 7f found for ID 0x7f07008d.
11-08 17:09:07.739  1722  2340 E system_server: No package ID 7f found for ID 0x7f10007f.
11-08 17:09:07.744  1722  1821 I ActivityManager: Loading recents for user 0 into memory.
11-08 17:09:07.744  1722  1811 D AutofillUI: destroySaveUiUiThread(): already destroyed
11-08 17:09:07.748  1546  1768 D gralloc_ranchu: gralloc_alloc: Creating ashmem region of size 823296
11-08 17:09:07.749  1546  1546 D gralloc_ranchu: gralloc_alloc: Creating ashmem region of size 823296
11-08 17:09:07.751  1546  1546 D gralloc_ranchu: gralloc_alloc: Creating ashmem region of size 823296
11-08 17:09:07.754  2118  2118 D FallbackHome: User unlocked and real home found; let's go!
11-08 17:09:07.760  2118  2153 D EGL_emulation: eglMakeCurrent: 0x7eebe5614a20: ver 3 0 (tinfo 0x7eebe3c75500)
11-08 17:09:07.763  1722  2141 I ActivityManager: START u0 {act=android.intent.action.MAIN cat=[android.intent.category.HOME] flg=0x10000100 cmp=com.android.sdksetup/.DefaultActivity} from uid 0
11-08 17:09:07.766  2050  2050 I TelecomFramework: PstnIncomingCallNotifier: Unregistering: Handler (com.android.internal.telephony.GsmCdmaPhone) {64b5093}
11-08 17:09:07.777  1722  1812 I ActivityManager: Start proc 2380:com.android.sdksetup/u0a13 for activity com.android.sdksetup/.DefaultActivity
11-08 17:09:07.776  2118  2153 D EGL_emulation: eglMakeCurrent: 0x7eebe5614a20: ver 3 0 (tinfo 0x7eebe3c75500)
11-08 17:09:07.780  1722  1940 I GnssLocationProvider: WakeLock acquired by sendMessage(REPORT_SV_STATUS, 0, com.android.server.location.GnssLocationProvider$SvStatusInfo@8e68ec4)
11-08 17:09:07.781  1722  2141 I Telecom : PhoneAccountRegistrar: Modify account: [ComponentInfo{com.android.phone/com.android.services.telephony.TelephonyConnectionService}, ***, UserHandle{0}]: TSI.rPA@AB8
11-08 17:09:07.782  2050  2050 I TelecomFramework: AccountEntry: Registered phoneAccount: [[ ] PhoneAccount: ComponentInfo{com.android.phone/com.android.services.telephony.TelephonyConnectionService}, ***, UserHandle{0} Capabilities: CallProvider MultiUser PlaceEmerg SimSub  Audio Routes: BESW Schemes: tel voicemail  Extras: Bundle[{android.telecom.extra.SUPPORTS_VIDEO_CALLING_FALLBACK=true}] GroupId: ***] with handle: ComponentInfo{com.android.phone/com.android.services.telephony.TelephonyConnectionService}, ***, UserHandle{0}
11-08 17:09:07.782  2050  2050 I TelecomFramework: PstnIncomingCallNotifier: Registering: Handler (com.android.internal.telephony.GsmCdmaPhone) {64b5093}
11-08 17:09:07.787  2050  2050 D CallNotifier: updatePhoneStateListeners: update CF notifications.
11-08 17:09:07.787  2050  2050 D CallNotifier: updatePhoneStateListeners: update CF notifications.
11-08 17:09:07.788  2050  2050 I NotificationMgr: updateMwi(): subId 1 update to false
11-08 17:09:07.797  2347  2347 I d.process.medi: The ClassLoaderContext is a special shared library.
11-08 17:09:07.811  1722  1802 E memtrack: Couldn't load memtrack module
11-08 17:09:07.811  1722  1802 W android.os.Debug: failed to get memory consumption info: -1
11-08 17:09:07.814  1722  1802 E memtrack: Couldn't load memtrack module
11-08 17:09:07.814  1722  1802 W android.os.Debug: failed to get memory consumption info: -1
11-08 17:09:07.816  1722  1802 E memtrack: Couldn't load memtrack module
11-08 17:09:07.816  1722  1802 W android.os.Debug: failed to get memory consumption info: -1
11-08 17:09:07.816  2342  2342 I com.android.se: The ClassLoaderContext is a special shared library.
11-08 17:09:07.818  2050  2050 I CallNotifier: onCallForwardingIndicatorChanged(): subId=1, visible=N
11-08 17:09:07.818  2050  2050 D CallNotifier: updatePhoneStateListeners: update CF notifications.
11-08 17:09:07.818  2050  2050 I NotificationMgr: updateCfi: subId= 1, visible=N
11-08 17:09:07.823  2050  2050 I NotificationMgr: updateMwi(): subId 1 update to false
11-08 17:09:07.837  2050  2092 I m.android.phon: Background concurrent copying GC freed 20897(1537KB) AllocSpace objects, 4(208KB) LOS objects, 49% free, 1863KB/3MB, paused 1.285ms total 215.953ms
11-08 17:09:07.839  2050  2050 I TelecomFramework: PstnPhoneCapabilitiesNotifier: handleVideoCapabilitesChanged. Video capability - false
11-08 17:09:07.842  1722  1812 I ActivityManager: Start proc 2393:com.android.dialer/u0a10 for broadcast com.android.dialer/.app.voicemail.LegacyVoicemailNotificationReceiver
11-08 17:09:07.842  2354  2354 I droid.launcher: The ClassLoaderContext is a special shared library.
11-08 17:09:07.846  2050  2050 D TelephonyProvider: subIdString = 1 subId = 1
11-08 17:09:07.846  2050  2050 D TelephonyProvider: getPreferredApnIdFromApn: for subId 1
11-08 17:09:07.849  2380  2380 W ndroid.sdksetu: Unexpected CPU variant for X86 using defaults: x86_64
11-08 17:09:07.852  2393  2393 W .android.diale: Unexpected CPU variant for X86 using defaults: x86_64
11-08 17:09:07.862  2342  2342 I SecureElementService: main onCreate
11-08 17:09:07.863  1483  1483 W hwservicemanager: getTransport: Cannot find entry android.hardware.secure_element@1.0::ISecureElement/eSE1 in either framework or device manifest.
11-08 17:09:07.863  2342  2342 I SecureElementService: No HAL implementation for eSE1
11-08 17:09:07.863  1483  1483 W hwservicemanager: getTransport: Cannot find entry android.hardware.secure_element@1.0::ISecureElement/SIM1 in either framework or device manifest.
11-08 17:09:07.863  2342  2342 I SecureElementService: No HAL implementation for SIM1
11-08 17:09:07.865  2347  2347 I d.process.medi: The ClassLoaderContext is a special shared library.
11-08 17:09:07.866  2050  2050 D CarrierIdProvider: updateCarrierIdForSubId: 1
11-08 17:09:07.898  2393  2393 I .android.diale: The ClassLoaderContext is a special shared library.
11-08 17:09:07.900  2393  2393 I .android.diale: The ClassLoaderContext is a special shared library.
11-08 17:09:07.903  1722  2338 I SELinux : SELinux: Loaded file_contexts
11-08 17:09:07.904  1722  2338 E BackupPasswordManager: Unable to read backup pw version
11-08 17:09:07.904  1722  2338 E BackupPasswordManager: Unable to read saved backup pw hash
11-08 17:09:07.909  2380  2380 I ndroid.sdksetu: The ClassLoaderContext is a special shared library.
11-08 17:09:07.915  1722  1802 E memtrack: Couldn't load memtrack module
11-08 17:09:07.915  1722  1802 W android.os.Debug: failed to get memory consumption info: -1
11-08 17:09:07.926  2347  2347 I DownloadManager: Upgrading downloads database from version 0 to version 110, which will destroy all old data
11-08 17:09:07.931  1722  1930 D NotificationSQLiteLog: Pruned event entries: 0
11-08 17:09:07.936  1722  1802 E memtrack: Couldn't load memtrack module
11-08 17:09:07.936  1722  1802 W android.os.Debug: failed to get memory consumption info: -1
11-08 17:09:07.938  1722  1802 E memtrack: Couldn't load memtrack module
11-08 17:09:07.938  1722  1802 W android.os.Debug: failed to get memory consumption info: -1
11-08 17:09:07.939  1722  1802 E memtrack: Couldn't load memtrack module
11-08 17:09:07.939  1722  1802 W android.os.Debug: failed to get memory consumption info: -1
11-08 17:09:07.942  1722  1802 E memtrack: Couldn't load memtrack module
11-08 17:09:07.942  1722  1802 W android.os.Debug: failed to get memory consumption info: -1
11-08 17:09:07.944  1722  1802 E memtrack: Couldn't load memtrack module
11-08 17:09:07.944  1722  1802 W android.os.Debug: failed to get memory consumption info: -1
11-08 17:09:07.967  1722  1802 E memtrack: Couldn't load memtrack module
11-08 17:09:07.967  1722  1802 W android.os.Debug: failed to get memory consumption info: -1
11-08 17:09:07.974  1722  1802 E memtrack: Couldn't load memtrack module
11-08 17:09:07.974  1722  1802 W android.os.Debug: failed to get memory consumption info: -1
11-08 17:09:07.978  1965  1965 I ImageWallpaper: Redrawing in rect: RectF(0.0, 0.0, 1243.0, 1024.0) with surface size: 1243x1024
11-08 17:09:07.978  1965  2223 D EGL_emulation: eglMakeCurrent: 0x7eebd5e15020: ver 3 0 (tinfo 0x7eebe3dd9180)
11-08 17:09:07.981  1965  1965 I ImageWallpaper: Redrawing in rect: RectF(0.0, 0.0, 1243.0, 1024.0) with surface size: 1243x1024
11-08 17:09:07.984  1546  1546 D gralloc_ranchu: gralloc_alloc: Creating ashmem region of size 5095424
11-08 17:09:07.995  1965  1965 I ImageWallpaper: Redrawing in rect: RectF(0.0, 0.0, 1243.0, 1024.0) with surface size: 1243x1024
11-08 17:09:08.007  1546  1546 D gralloc_ranchu: gralloc_alloc: Creating ashmem region of size 5095424
11-08 17:09:08.011  1965  1965 I Choreographer: Skipped 53 frames!  The application may be doing too much work on its main thread.
11-08 17:09:08.017  1546  1546 D gralloc_ranchu: gralloc_alloc: Creating ashmem region of size 5095424
11-08 17:09:08.045  2380  2380 W Settings: Setting install_non_market_apps has moved from android.provider.Settings.Global to android.provider.Settings.Secure, value is unchanged.
11-08 17:09:08.045  2380  2380 W Settings: Setting adb_enabled has moved from android.provider.Settings.Secure to android.provider.Settings.Global
11-08 17:09:08.046  1722  2160 D PackageManager: Instant App installer not found with android.intent.action.INSTALL_INSTANT_APP_PACKAGE
11-08 17:09:08.046  1722  2160 D PackageManager: Clear ephemeral installer activity
11-08 17:09:08.056  1722  1802 E memtrack: Couldn't load memtrack module
11-08 17:09:08.056  1722  1802 W android.os.Debug: failed to get memory consumption info: -1
11-08 17:09:08.058  1722  1802 E memtrack: Couldn't load memtrack module
11-08 17:09:08.058  1722  1802 W android.os.Debug: failed to get memory consumption info: -1
11-08 17:09:08.059  1722  1802 E memtrack: Couldn't load memtrack module
11-08 17:09:08.059  1722  1802 W android.os.Debug: failed to get memory consumption info: -1
11-08 17:09:08.065  1722  1734 I system_server: Background concurrent copying GC freed 81803(5MB) AllocSpace objects, 65(2MB) LOS objects, 42% free, 7MB/12MB, paused 22us total 498.697ms
11-08 17:09:08.066  1722  1722 I LockSettingsService: Reporting device setup complete to IGateKeeperService
11-08 17:09:08.067  1722  1831 I ActivityManager: Killing 2380:com.android.sdksetup/u0a13 (adj 0): change com.android.sdksetup
11-08 17:09:08.069  1722  1813 W libprocessgroup: kill(-2380, 9) failed: No such process
11-08 17:09:08.069  1704  1704 D PermissionCache: checking android.permission.ACCESS_KEYGUARD_SECURE_STORAGE for uid=1000 => granted (2636 us)
11-08 17:09:08.069  1704  1704 I gatekeeperd: cold boot: clearing state
11-08 17:09:08.075  1722  1831 I ActivityManager:   Force finishing activity ActivityRecord{76ef918 u0 com.android.sdksetup/.DefaultActivity t3}
11-08 17:09:08.076  1722  1831 I ActivityManager: START u0 {act=android.intent.action.MAIN cat=[android.intent.category.HOME] flg=0x10000100 cmp=com.android.provision/.DefaultActivity} from uid 0
11-08 17:09:08.080  1722  2160 W ActivityManager: Finishing task with all activities already finished
11-08 17:09:08.080  1722  2160 W ActivityManager: Duplicate finish request for ActivityRecord{76ef918 u0 com.android.sdksetup/.DefaultActivity t3 f}
11-08 17:09:08.089  1722  1722 I DevicePolicyManager: Set ro.device_owner property to false
11-08 17:09:08.091  1722  1904 I InputReader: Reconfiguring input devices.  changes=0x00000010
11-08 17:09:08.093  1669  1719 W SurfaceFlinger: Attempting to destroy on removed layer: AppWindowToken{368b156 token=Token{ab58f71 ActivityRecord{76ef918 u0 com.android.sdksetup/.DefaultActivity t3}}}#0
11-08 17:09:08.094  1722  1812 I ActivityManager: Start proc 2435:com.android.sdksetup/u0a13 for activity com.android.sdksetup/.DefaultActivity
11-08 17:09:08.098  1722  1722 I Telecom : DefaultDialerCache: Refreshing default dialer for user 0: now com.android.dialer: DDC.oR@ACY
11-08 17:09:08.104  2435  2435 W ndroid.sdksetu: Unexpected CPU variant for X86 using defaults: x86_64
11-08 17:09:08.112  1722  1813 W libprocessgroup: kill(-2380, 9) failed: No such process
11-08 17:09:08.118  1722  1920 W BestClock: java.time.DateTimeException: Missing NTP fix
11-08 17:09:08.119  1722  1722 I GnssLocationProvider: WakeLock acquired by sendMessage(SUBSCRIPTION_OR_SIM_CHANGED, 0, null)
11-08 17:09:08.120  1722  1920 W BestClock: java.time.DateTimeException: Missing NTP fix
11-08 17:09:08.122  2444  2444 W droid.provisio: Unexpected CPU variant for X86 using defaults: x86_64
11-08 17:09:08.123  2393  2393 I Dialer  : DialerExecutorModule.newThread - creating low priority thread
11-08 17:09:08.130  1722  1812 W ActivityManager: Slow operation: 51ms so far, now at startProcess: done updating battery stats
11-08 17:09:08.130  1722  1812 W ActivityManager: Slow operation: 51ms so far, now at startProcess: building log message
11-08 17:09:08.130  1722  1812 I ActivityManager: Start proc 2444:com.android.provision/u0a8 for activity com.android.provision/.DefaultActivity
11-08 17:09:08.130  1722  1812 W ActivityManager: Slow operation: 51ms so far, now at startProcess: starting to update pids map
11-08 17:09:08.130  1722  1812 W ActivityManager: Slow operation: 51ms so far, now at startProcess: done updating pids map
11-08 17:09:08.137  2050  2050 D TelephonyProvider: subIdString = 1 subId = 1
11-08 17:09:08.137  2050  2050 D TelephonyProvider: getPreferredApnIdFromApn: for subId 1
11-08 17:09:08.144  1669  1715 W SurfaceFlinger: Attempting to destroy on removed layer: AppWindowToken{d8e0086 token=Token{4cedd61 ActivityRecord{6608c8 u0 com.android.settings/.FallbackHome t2}}}#0
11-08 17:09:08.146  2393  2393 I Dialer  : CallLogFramework.registerContentObservers - enter
11-08 17:09:08.151  2393  2393 I Dialer  : CallLogFramework.registerContentObservers - not registering content observers
11-08 17:09:08.152  2393  2393 I Dialer  : DialerExecutorModule.newThread - creating low priority thread
11-08 17:09:08.153  1722  1802 E memtrack: Couldn't load memtrack module
11-08 17:09:08.153  1722  1802 W android.os.Debug: failed to get memory consumption info: -1
11-08 17:09:08.154  1722  1802 E memtrack: Couldn't load memtrack module
11-08 17:09:08.154  1722  1802 W android.os.Debug: failed to get memory consumption info: -1
11-08 17:09:08.156  1722  1802 E memtrack: Couldn't load memtrack module
11-08 17:09:08.156  1722  1802 W android.os.Debug: failed to get memory consumption info: -1
11-08 17:09:08.156  1722  1813 W libprocessgroup: kill(-2380, 9) failed: No such process
11-08 17:09:08.162  1965  2223 D EGL_emulation: eglMakeCurrent: 0x7eebd5e15020: ver 3 0 (tinfo 0x7eebe3dd9180)
11-08 17:09:08.164  1965  2223 I OpenGLRenderer: Davey! duration=1043ms; Flags=0, IntendedVsync=16093810252, Vsync=16977143550, OldestInputEvent=9223372036854775807, NewestInputEvent=0, HandleInputStart=16984830197, AnimationStart=16984862152, PerformTraversalsStart=16988044426, DrawStart=17134503802, SyncQueued=17135877544, SyncStart=17137034112, IssueDrawCommandsStart=17137065839, SwapBuffers=17137479533, FrameCompleted=17138274031, DequeueBufferDuration=29000, QueueBufferDuration=158000, 
11-08 17:09:08.168  1722  1802 E memtrack: Couldn't load memtrack module
11-08 17:09:08.168  1722  1802 W android.os.Debug: failed to get memory consumption info: -1
11-08 17:09:08.170  1670  1670 I Zygote  : Process 2380 exited due to signal (9)
11-08 17:09:08.171  1722  1802 E memtrack: Couldn't load memtrack module
11-08 17:09:08.171  1722  1802 W android.os.Debug: failed to get memory consumption info: -1
11-08 17:09:08.172  1722  1802 E memtrack: Couldn't load memtrack module
11-08 17:09:08.172  1722  1802 W android.os.Debug: failed to get memory consumption info: -1
11-08 17:09:08.172  1722  1802 E memtrack: Couldn't load memtrack module
11-08 17:09:08.172  1722  1802 W android.os.Debug: failed to get memory consumption info: -1
11-08 17:09:08.173  1722  1802 E memtrack: Couldn't load memtrack module
11-08 17:09:08.173  1722  1802 W android.os.Debug: failed to get memory consumption info: -1
11-08 17:09:08.175  1722  1802 E memtrack: Couldn't load memtrack module
11-08 17:09:08.175  1722  1802 W android.os.Debug: failed to get memory consumption info: -1
11-08 17:09:08.175  1722  1802 E memtrack: Couldn't load memtrack module
11-08 17:09:08.175  1722  1802 W android.os.Debug: failed to get memory consumption info: -1
11-08 17:09:08.178  1722  1802 E memtrack: Couldn't load memtrack module
11-08 17:09:08.178  1722  1802 W android.os.Debug: failed to get memory consumption info: -1
11-08 17:09:08.179  1722  1802 E memtrack: Couldn't load memtrack module
11-08 17:09:08.180  1722  1802 W android.os.Debug: failed to get memory consumption info: -1
11-08 17:09:08.180  1722  1802 E memtrack: Couldn't load memtrack module
11-08 17:09:08.180  1722  1802 W android.os.Debug: failed to get memory consumption info: -1
11-08 17:09:08.181  1722  1802 E memtrack: Couldn't load memtrack module
11-08 17:09:08.181  1722  1802 W android.os.Debug: failed to get memory consumption info: -1
11-08 17:09:08.188  2393  2393 I Dialer  : NotificationChannelManager.initChannels - doing an expensive initialization of all notification channels
11-08 17:09:08.188  2393  2393 I Dialer  : NotificationChannelManager.initChannels - desired channel IDs: {phone_ongoing_call, phone_incoming_call, phone_voicemail, phone_missed_call, phone_default}
11-08 17:09:08.188  2393  2393 I Dialer  : NotificationChannelManager.initChannels - existing channel IDs: {}
11-08 17:09:08.196  1722  1813 W libprocessgroup: kill(-2380, 9) failed: No such process
11-08 17:09:08.196  1722  1813 I libprocessgroup: Successfully killed process cgroup uid 10013 pid 2380 in 127ms
11-08 17:09:08.203  1965  1965 E StatusBarSignalPolicy: Unexpected subscription 1
11-08 17:09:08.222  2444  2444 I droid.provisio: The ClassLoaderContext is a special shared library.
11-08 17:09:08.233  1722  2160 D PackageManager: Instant App installer not found with android.intent.action.INSTALL_INSTANT_APP_PACKAGE
11-08 17:09:08.233  1722  2160 D PackageManager: Clear ephemeral installer activity
11-08 17:09:08.234  1722  2429 I WindowManager: Screen frozen for +645ms due to AppWindowToken{967e119 token=Token{7266860 ActivityRecord{dcef463 u0 com.android.provision/.DefaultActivity t4}}}
11-08 17:09:08.237  1863  1863 I hostapd : wlan1: interface state COUNTRY_UPDATE->HT_SCAN
11-08 17:09:08.241  2444  2444 D OpenGLRenderer: Skia GL Pipeline
11-08 17:09:08.243  1722  1762 I ActivityManager: START u0 {act=android.intent.action.MAIN cat=[android.intent.category.HOME] flg=0x10000100 cmp=com.android.launcher3/.Launcher} from uid 0
11-08 17:09:08.250  1722  1887 W System  : ClassLoader referenced unknown path: 
11-08 17:09:08.251  2354  2354 W ActivityThread: handleWindowVisibility: no activity for token android.os.BinderProxy@dc42ae0
11-08 17:09:08.256  1722  1722 W DevicePolicyManager: Trying to set ro.device_owner, but it has already been set?
11-08 17:09:08.273  1722  2429 W WallpaperManagerService: Cannot extract colors because wallpaper could not be read.
11-08 17:09:08.273  1722  2429 W WallpaperManagerService: Cannot get theme colors because WallpaperColors is null.
11-08 17:09:08.279  1546  1546 D gralloc_ranchu: gralloc_alloc: Creating ashmem region of size 823296
11-08 17:09:08.280  2354  2354 D OpenGLRenderer: Skia GL Pipeline
11-08 17:09:08.281  1722  1887 D         : HostConnection::get() New Host Connection established 0x7eebe3df4200, tid 1887
11-08 17:09:08.292  2435  2435 I ndroid.sdksetu: The ClassLoaderContext is a special shared library.
11-08 17:09:08.300  1722  1812 W ActivityManager: Slow operation: 94ms so far, now at startProcess: returned from zygote!
11-08 17:09:08.300  1722  1812 W ActivityManager: Slow operation: 94ms so far, now at startProcess: done updating battery stats
11-08 17:09:08.300  1722  1812 W ActivityManager: Slow operation: 94ms so far, now at startProcess: building log message
11-08 17:09:08.300  1722  1812 I ActivityManager: Start proc 2487:android.process.acore/u0a6 for content provider com.android.providers.blockednumber/.BlockedNumberProvider
11-08 17:09:08.300  1722  1812 W ActivityManager: Slow operation: 94ms so far, now at startProcess: starting to update pids map
11-08 17:09:08.300  1722  1812 W ActivityManager: Slow operation: 94ms so far, now at startProcess: done updating pids map
11-08 17:09:08.303  1722  1802 W system_server: Long monitor contention with owner Binder:1722_A (2429) at void com.android.server.am.ActivityManagerService.attachApplication(android.app.IApplicationThread, long)(ActivityManagerService.java:7936) waiters=4 in void com.android.server.am.ActivityManagerService$3.handleMessage(android.os.Message) for 120ms
11-08 17:09:08.304  2393  2393 I Dialer  : LegacyVoicemailNotificationReceiver.onReceive - received legacy voicemail notification
11-08 17:09:08.304  2393  2393 I Dialer  : LegacyVoicemailNotificationReceiver.onReceive - isRefresh: false
11-08 17:09:08.305  1722  1802 E memtrack: Couldn't load memtrack module
11-08 17:09:08.305  1722  1802 W android.os.Debug: failed to get memory consumption info: -1
11-08 17:09:08.309  1965  1965 W KeyguardUpdateMonitor: invalid subId in handleSimStateChange()
11-08 17:09:08.311  2050  2050 D CarrierSvcBindHelper: Received android.intent.action.USER_UNLOCKED
11-08 17:09:08.311  1965  1965 W KeyguardUpdateMonitor: invalid subId in handleServiceStateChange()
11-08 17:09:08.312  2050  2050 D CarrierSvcBindHelper: No carrier app for: 0
11-08 17:09:08.312  2050  2050 D IntentBroadcaster: Rebroadcasting intent android.intent.action.SIM_STATE_CHANGED READY for slotId 0
11-08 17:09:08.316  2050  2050 I TelecomFramework: PstnPhoneCapabilitiesNotifier: handleVideoCapabilitesChanged. Video capability - false
11-08 17:09:08.318  2050  2050 D CallNotifier: updatePhoneStateListeners: update CF notifications.
11-08 17:09:08.318  2050  2050 I NotificationMgr: updateCfi: subId= 1, visible=N
11-08 17:09:08.318  2050  2050 I NotificationMgr: updateMwi(): subId 1 update to false
11-08 17:09:08.326  2050  2248 D IntentBroadcaster: Broadcasting and adding intent for rebroadcast: android.intent.action.SIM_STATE_CHANGED LOADED for slotId 0
11-08 17:09:08.327  1722  2429 D ConnectivityService: registerNetworkAgent NetworkAgentInfo{ ni{[type: MOBILE[LTE], state: CONNECTED/CONNECTED, reason: connected, extra: epc.tmobile.com, failover: false, available: true, roaming: false]}  network{100}  nethandle{432902426637}  lp{{InterfaceName: radio0 LinkAddresses: [192.168.200.2/24,]  Routes: [0.0.0.0/0 -> 192.168.200.1 radio0,192.168.200.0/24 -> 0.0.0.0 radio0,] DnsAddresses: [10.0.2.3,] UsePrivateDns: false PrivateDnsServerName: null Domains: null MTU: 1500 TcpBufferSizes: 524288,1048576,2097152,262144,524288,1048576}}  nc{[ Transports: CELLULAR Capabilities: MMS&SUPL&DUN&FOTA&IMS&CBS&IA&INTERNET&NOT_RESTRICTED&TRUSTED&NOT_VPN&NOT_ROAMING&FOREGROUND&NOT_CONGESTED&NOT_SUSPENDED Unwanted:  LinkUpBandwidth>=51200Kbps LinkDnBandwidth>=102400Kbps Specifier: <1>]}  Score{10}  everValidated{false}  lastValidated{false}  created{false} lingering{false} explicitlySelected{false} acceptUnvalidated{false} everCaptivePortalDetected{false} lastCaptivePortalDetected{false} clat{null} }
11-08 17:09:08.327  1722  1926 D ConnectivityService: NetworkAgentInfo [MOBILE (LTE) - 100] EVENT_NETWORK_INFO_CHANGED, going from null to CONNECTED
11-08 17:09:08.328  1689  1757 D TcpSocketMonitor: resuming tcpinfo polling (interval=30000ms)
11-08 17:09:08.328  1722  1926 W DnsManager: updatePrivateDns(100, PrivateDnsConfig{true:/[]})
11-08 17:09:08.328  1722  1926 D ConnectivityService: Setting DNS servers for network 100 to [/10.0.2.3]
11-08 17:09:08.328  1722  1926 D DnsManager: setDnsConfigurationForNetwork(100, [10.0.2.3], [], [1800, 25, 8, 64], , [10.0.2.3])
11-08 17:09:08.333  2393  2393 I Dialer  : LegacyVoicemailNotificationReceiver.onReceive - clearing notification
11-08 17:09:08.333  2393  2393 I Dialer  : LegacyVoicemailNotifier.cancelNotification - enter
11-08 17:09:08.355  2487  2487 W d.process.acor: Unexpected CPU variant for X86 using defaults: x86_64
11-08 17:09:08.365  1546  1546 D gralloc_ranchu: gralloc_alloc: Creating ashmem region of size 823296
11-08 17:09:08.376  1722  1926 D ConnectivityService: Adding iface radio0 to network 100
11-08 17:09:08.382  1722  1926 E ConnectivityService: exception in setMtu()java.lang.IllegalStateException: command '32 interface setmtu radio0 1500' failed with '400 32 Failed to set MTU (Permission denied)'
11-08 17:09:08.383  1722  1926 D ConnectivityService: Setting DNS servers for network 100 to [/10.0.2.3]
11-08 17:09:08.383  1722  1926 D DnsManager: setDnsConfigurationForNetwork(100, [10.0.2.3], [], [1800, 25, 8, 64], , [10.0.2.3])
11-08 17:09:08.387  1722  1722 D WifiService: resetting networks because SIM was loaded
11-08 17:09:08.387  1722  1923 D WifiStateMachine: resetting EAP-SIM/AKA/AKA' networks since SIM was changed
11-08 17:09:08.393  1860  1860 E ipv6proxy: Failed to forward Router Advertisement from eth0 to wlan1: Network is unreachable
11-08 17:09:08.394  2393  2393 I Dialer  : LegacyVoicemailNotificationReceiver.onReceive - received legacy voicemail notification
11-08 17:09:08.394  2393  2393 I Dialer  : LegacyVoicemailNotificationReceiver.onReceive - isRefresh: true
11-08 17:09:08.394  2393  2393 I Dialer  : LegacyVoicemailNotificationReceiver.onReceive - clearing notification
11-08 17:09:08.394  2393  2393 I Dialer  : LegacyVoicemailNotifier.cancelNotification - enter
11-08 17:09:08.411  1722  1926 W BestClock: java.time.DateTimeException: Missing NTP fix
11-08 17:09:08.430  2393  2393 I Dialer  : LegacyVoicemailNotificationReceiver.onReceive - received legacy voicemail notification
11-08 17:09:08.430  2393  2393 I Dialer  : LegacyVoicemailNotificationReceiver.onReceive - isRefresh: true
11-08 17:09:08.430  2393  2393 I Dialer  : LegacyVoicemailNotificationReceiver.onReceive - clearing notification
11-08 17:09:08.430  2393  2393 I Dialer  : LegacyVoicemailNotifier.cancelNotification - enter
11-08 17:09:08.431  2050  2050 I TelecomFramework: PstnIncomingCallNotifier: Unregistering: Handler (com.android.internal.telephony.GsmCdmaPhone) {64b5093}
11-08 17:09:08.435  1722  1812 W ActivityManager: Slow operation: 60ms so far, now at startProcess: returned from zygote!
11-08 17:09:08.435  1722  1812 W ActivityManager: Slow operation: 60ms so far, now at startProcess: done updating battery stats
11-08 17:09:08.435  1722  1812 W ActivityManager: Slow operation: 60ms so far, now at startProcess: building log message
11-08 17:09:08.435  1722  1812 I ActivityManager: Start proc 2509:com.android.smspush/u0a66 for service com.android.smspush/.WapPushManager
11-08 17:09:08.435  1722  1812 W ActivityManager: Slow operation: 60ms so far, now at startProcess: starting to update pids map
11-08 17:09:08.435  1722  1812 W ActivityManager: Slow operation: 60ms so far, now at startProcess: done updating pids map
11-08 17:09:08.437  1722  1926 W BestClock: java.time.DateTimeException: Missing NTP fix
11-08 17:09:08.438  2354  2354 W System  : ClassLoader referenced unknown path: 
11-08 17:09:08.446  1722  1920 W BestClock: java.time.DateTimeException: Missing NTP fix
11-08 17:09:08.447  1722  1926 W BestClock: java.time.DateTimeException: Missing NTP fix
11-08 17:09:08.450  2050  2248 D CarrierConfigLoader: update config for phoneId: 0 simState: LOADED
11-08 17:09:08.450  2050  2248 D CarrierSvcBindHelper: update binding for phoneId: 0 simState: LOADED
11-08 17:09:08.471  1722  1926 W BestClock: java.time.DateTimeException: Missing NTP fix
11-08 17:09:08.471  1722  1762 I Telecom : PhoneAccountRegistrar: Modify account: [ComponentInfo{com.android.phone/com.android.services.telephony.TelephonyConnectionService}, ***, UserHandle{0}]: TSI.rPA@ACw
11-08 17:09:08.477  2050  2050 I TelecomFramework: AccountEntry: Registered phoneAccount: [[ ] PhoneAccount: ComponentInfo{com.android.phone/com.android.services.telephony.TelephonyConnectionService}, ***, UserHandle{0} Capabilities: CallProvider MultiUser PlaceEmerg SimSub  Audio Routes: BESW Schemes: tel voicemail  Extras: Bundle[{android.telecom.extra.SUPPORTS_VIDEO_CALLING_FALLBACK=true}] GroupId: ***] with handle: ComponentInfo{com.android.phone/com.android.services.telephony.TelephonyConnectionService}, ***, UserHandle{0}
11-08 17:09:08.477  2050  2050 I TelecomFramework: PstnIncomingCallNotifier: Registering: Handler (com.android.internal.telephony.GsmCdmaPhone) {64b5093}
11-08 17:09:08.478  1722  1920 W BestClock: java.time.DateTimeException: Missing NTP fix
11-08 17:09:08.488  1722  1926 D ConnectivityService: Switching to new default network: NetworkAgentInfo{ ni{[type: MOBILE[LTE], state: CONNECTED/CONNECTED, reason: connected, extra: epc.tmobile.com, failover: false, available: true, roaming: false]}  network{100}  nethandle{432902426637}  lp{{InterfaceName: radio0 LinkAddresses: [192.168.200.2/24,]  Routes: [0.0.0.0/0 -> 192.168.200.1 radio0,192.168.200.0/24 -> 0.0.0.0 radio0,] DnsAddresses: [10.0.2.3,] UsePrivateDns: false PrivateDnsServerName: null Domains: null MTU: 1500 TcpBufferSizes: 524288,1048576,2097152,262144,524288,1048576}}  nc{[ Transports: CELLULAR Capabilities: MMS&SUPL&DUN&FOTA&IMS&CBS&IA&INTERNET&NOT_RESTRICTED&TRUSTED&NOT_VPN&NOT_ROAMING&FOREGROUND&NOT_CONGESTED&NOT_SUSPENDED Unwanted:  LinkUpBandwidth>=51200Kbps LinkDnBandwidth>=102400Kbps Specifier: <1>]}  Score{10}  everValidated{false}  lastValidated{false}  created{true} lingering{false} explicitlySelected{false} acceptUnvalidated{false} everCaptivePortalDetected{false} lastCaptivePortalDetected{false} clat{null} }
11-08 17:09:08.491  2050  2050 I TelecomFramework: PstnPhoneCapabilitiesNotifier: handleVideoCapabilitesChanged. Video capability - false
11-08 17:09:08.501  1722  1926 W BestClock: java.time.DateTimeException: Missing NTP fix
11-08 17:09:08.503  1722  1926 W BestClock: java.time.DateTimeException: Missing NTP fix
11-08 17:09:08.503  1669  1719 E SurfaceFlinger: ro.sf.lcd_density must be defined as a build property
11-08 17:09:08.505  2509  2509 W android.smspus: Unexpected CPU variant for X86 using defaults: x86_64
11-08 17:09:08.511  2354  2430 D LoaderTask: loadWorkspace: loading default favorites
11-08 17:09:08.534  1546  1546 D gralloc_ranchu: gralloc_alloc: Creating ashmem region of size 823296
11-08 17:09:08.535  1546  1546 I chatty  : uid=1000(system) allocator@2.0-s identical 1 line
11-08 17:09:08.536  1546  1546 D gralloc_ranchu: gralloc_alloc: Creating ashmem region of size 823296
11-08 17:09:08.536  2354  2514 D         : HostConnection::get() New Host Connection established 0x7eebe3c57360, tid 2514
11-08 17:09:08.542  2354  2514 I ConfigStore: android::hardware::configstore::V1_0::ISurfaceFlingerConfigs::hasWideColorDisplay retrieved: 0
11-08 17:09:08.542  2354  2514 I ConfigStore: android::hardware::configstore::V1_0::ISurfaceFlingerConfigs::hasHDRDisplay retrieved: 0
11-08 17:09:08.542  2354  2514 I OpenGLRenderer: Initialized EGL, version 1.4
11-08 17:09:08.542  2354  2514 D OpenGLRenderer: Swap behavior 1
11-08 17:09:08.543  2354  2514 D EGL_emulation: eglCreateContext: 0x7eebd828fb60: maj 3 min 0 rcv 3
11-08 17:09:08.588  2354  2514 D EGL_emulation: eglMakeCurrent: 0x7eebd828fb60: ver 3 0 (tinfo 0x7eebd82d35c0)
