11-08 17:09:10.207  2487  2487 D StrictMode: 	at android.os.Handler.dispatchMessage(Handler.java:106)
11-08 17:09:10.207  2487  2487 D StrictMode: 	at android.os.Looper.loop(Looper.java:193)
11-08 17:09:10.207  2487  2487 D StrictMode: 	at android.app.ActivityThread.main(ActivityThread.java:6669)
11-08 17:09:10.207  2487  2487 D StrictMode: 	at java.lang.reflect.Method.invoke(Native Method)
11-08 17:09:10.207  2487  2487 D StrictMode: 	at com.android.internal.os.RuntimeInit$MethodAndArgsCaller.run(RuntimeInit.java:493)
11-08 17:09:10.207  2487  2487 D StrictMode: 	at com.android.internal.os.ZygoteInit.main(ZygoteInit.java:858)
11-08 17:09:10.207  2487  2487 D StrictMode: StrictMode policy violation; ~duration=543 ms: android.os.strictmode.DiskReadViolation
11-08 17:09:10.207  2487  2487 D StrictMode: 	at android.os.StrictMode$AndroidBlockGuardPolicy.onReadFromDisk(StrictMode.java:1504)
11-08 17:09:10.207  2487  2487 D StrictMode: 	at android.app.SharedPreferencesImpl.awaitLoadedLocked(SharedPreferencesImpl.java:256)
11-08 17:09:10.207  2487  2487 D StrictMode: 	at android.app.SharedPreferencesImpl.getInt(SharedPreferencesImpl.java:301)
11-08 17:09:10.207  2487  2487 D StrictMode: 	at com.android.providers.contacts.ContactsUpgradeReceiver.onReceive(ContactsUpgradeReceiver.java:57)
11-08 17:09:10.207  2487  2487 D StrictMode: 	at android.app.ActivityThread.handleReceiver(ActivityThread.java:3379)
11-08 17:09:10.207  2487  2487 D StrictMode: 	at android.app.ActivityThread.access$1200(ActivityThread.java:199)
11-08 17:09:10.207  2487  2487 D StrictMode: 	at android.app.ActivityThread$H.handleMessage(ActivityThread.java:1661)
11-08 17:09:10.207  2487  2487 D StrictMode: 	at android.os.Handler.dispatchMessage(Handler.java:106)
11-08 17:09:10.207  2487  2487 D StrictMode: 	at android.os.Looper.loop(Looper.java:193)
11-08 17:09:10.207  2487  2487 D StrictMode: 	at android.app.ActivityThread.main(ActivityThread.java:6669)
11-08 17:09:10.207  2487  2487 D StrictMode: 	at java.lang.reflect.Method.invoke(Native Method)
11-08 17:09:10.207  2487  2487 D StrictMode: 	at com.android.internal.os.RuntimeInit$MethodAndArgsCaller.run(RuntimeInit.java:493)
11-08 17:09:10.207  2487  2487 D StrictMode: 	at com.android.internal.os.ZygoteInit.main(ZygoteInit.java:858)
11-08 17:09:10.207  2487  2487 D StrictMode: StrictMode policy violation; ~duration=514 ms: android.os.strictmode.DiskReadViolation
11-08 17:09:10.207  2487  2487 D StrictMode: 	at android.os.StrictMode$AndroidBlockGuardPolicy.onReadFromDisk(StrictMode.java:1504)
11-08 17:09:10.207  2487  2487 D StrictMode: 	at java.io.UnixFileSystem.checkAccess(UnixFileSystem.java:251)
11-08 17:09:10.207  2487  2487 D StrictMode: 	at java.io.File.exists(File.java:815)
11-08 17:09:10.207  2487  2487 D StrictMode: 	at android.app.SharedPreferencesImpl.writeToFile(SharedPreferencesImpl.java:708)
11-08 17:09:10.207  2487  2487 D StrictMode: 	at android.app.SharedPreferencesImpl.access$900(SharedPreferencesImpl.java:54)
11-08 17:09:10.207  2487  2487 D StrictMode: 	at android.app.SharedPreferencesImpl$2.run(SharedPreferencesImpl.java:642)
11-08 17:09:10.207  2487  2487 D StrictMode: 	at android.app.SharedPreferencesImpl.enqueueDiskWrite(SharedPreferencesImpl.java:661)
11-08 17:09:10.207  2487  2487 D StrictMode: 	at android.app.SharedPreferencesImpl.access$100(SharedPreferencesImpl.java:54)
11-08 17:09:10.207  2487  2487 D StrictMode: 	at android.app.SharedPreferencesImpl$EditorImpl.commit(SharedPreferencesImpl.java:580)
11-08 17:09:10.207  2487  2487 D StrictMode: 	at com.android.providers.contacts.ContactsUpgradeReceiver.onReceive(ContactsUpgradeReceiver.java:77)
11-08 17:09:10.207  2487  2487 D StrictMode: 	at android.app.ActivityThread.handleReceiver(ActivityThread.java:3379)
11-08 17:09:10.207  2487  2487 D StrictMode: 	at android.app.ActivityThread.access$1200(ActivityThread.java:199)
11-08 17:09:10.207  2487  2487 D StrictMode: 	at android.app.ActivityThread$H.handleMessage(ActivityThread.java:1661)
11-08 17:09:10.207  2487  2487 D StrictMode: 	at android.os.Handler.dispatchMessage(Handler.java:106)
11-08 17:09:10.207  2487  2487 D StrictMode: 	at android.os.Looper.loop(Looper.java:193)
11-08 17:09:10.207  2487  2487 D StrictMode: 	at android.app.ActivityThread.main(ActivityThread.java:6669)
11-08 17:09:10.207  2487  2487 D StrictMode: 	at java.lang.reflect.Method.invoke(Native Method)
11-08 17:09:10.207  2487  2487 D StrictMode: 	at com.android.internal.os.RuntimeInit$MethodAndArgsCaller.run(RuntimeInit.java:493)
11-08 17:09:10.207  2487  2487 D StrictMode: 	at com.android.internal.os.ZygoteInit.main(ZygoteInit.java:858)
11-08 17:09:10.208  2487  2487 D StrictMode: StrictMode policy violation; ~duration=514 ms: android.os.strictmode.DiskWriteViolation
11-08 17:09:10.208  2487  2487 D StrictMode: 	at android.os.StrictMode$AndroidBlockGuardPolicy.onWriteToDisk(StrictMode.java:1460)
11-08 17:09:10.208  2487  2487 D StrictMode: 	at java.io.FileOutputStream.<init>(FileOutputStream.java:236)
11-08 17:09:10.208  2487  2487 D StrictMode: 	at java.io.FileOutputStream.<init>(FileOutputStream.java:180)
11-08 17:09:10.208  2487  2487 D StrictMode: 	at android.app.SharedPreferencesImpl.createFileOutputStream(SharedPreferencesImpl.java:672)
11-08 17:09:10.208  2487  2487 D StrictMode: 	at android.app.SharedPreferencesImpl.writeToFile(SharedPreferencesImpl.java:763)
11-08 17:09:10.208  2487  2487 D StrictMode: 	at android.app.SharedPreferencesImpl.access$900(SharedPreferencesImpl.java:54)
11-08 17:09:10.208  2487  2487 D StrictMode: 	at android.app.SharedPreferencesImpl$2.run(SharedPreferencesImpl.java:642)
11-08 17:09:10.208  2487  2487 D StrictMode: 	at android.app.SharedPreferencesImpl.enqueueDiskWrite(SharedPreferencesImpl.java:661)
11-08 17:09:10.208  2487  2487 D StrictMode: 	at android.app.SharedPreferencesImpl.access$100(SharedPreferencesImpl.java:54)
11-08 17:09:10.208  2487  2487 D StrictMode: 	at android.app.SharedPreferencesImpl$EditorImpl.commit(SharedPreferencesImpl.java:580)
11-08 17:09:10.208  2487  2487 D StrictMode: 	at com.android.providers.contacts.ContactsUpgradeReceiver.onReceive(ContactsUpgradeReceiver.java:77)
11-08 17:09:10.208  2487  2487 D StrictMode: 	at android.app.ActivityThread.handleReceiver(ActivityThread.java:3379)
11-08 17:09:10.208  2487  2487 D StrictMode: 	at android.app.ActivityThread.access$1200(ActivityThread.java:199)
11-08 17:09:10.208  2487  2487 D StrictMode: 	at android.app.ActivityThread$H.handleMessage(ActivityThread.java:1661)
11-08 17:09:10.208  2487  2487 D StrictMode: 	at android.os.Handler.dispatchMessage(Handler.java:106)
11-08 17:09:10.208  2487  2487 D StrictMode: 	at android.os.Looper.loop(Looper.java:193)
11-08 17:09:10.208  2487  2487 D StrictMode: 	at android.app.ActivityThread.main(ActivityThread.java:6669)
11-08 17:09:10.208  2487  2487 D StrictMode: 	at java.lang.reflect.Method.invoke(Native Method)
11-08 17:09:10.208  2487  2487 D StrictMode: 	at com.android.internal.os.RuntimeInit$MethodAndArgsCaller.run(RuntimeInit.java:493)
11-08 17:09:10.208  2487  2487 D StrictMode: 	at com.android.internal.os.ZygoteInit.main(ZygoteInit.java:858)
11-08 17:09:10.208  2487  2487 D StrictMode: StrictMode policy violation; ~duration=514 ms: android.os.strictmode.DiskWriteViolation
11-08 17:09:10.208  2487  2487 D StrictMode: 	at android.os.StrictMode$AndroidBlockGuardPolicy.onWriteToDisk(StrictMode.java:1460)
11-08 17:09:10.208  2487  2487 D StrictMode: 	at libcore.io.BlockGuardOs.write(BlockGuardOs.java:347)
11-08 17:09:10.208  2487  2487 D StrictMode: 	at libcore.io.IoBridge.write(IoBridge.java:526)
11-08 17:09:10.208  2487  2487 D StrictMode: 	at java.io.FileOutputStream.write(FileOutputStream.java:381)
11-08 17:09:10.208  2487  2487 D StrictMode: 	at com.android.internal.util.FastXmlSerializer.flushBytes(FastXmlSerializer.java:250)
11-08 17:09:10.208  2487  2487 D StrictMode: 	at com.android.internal.util.FastXmlSerializer.flush(FastXmlSerializer.java:271)
11-08 17:09:10.208  2487  2487 D StrictMode: 	at com.android.internal.util.FastXmlSerializer.endDocument(FastXmlSerializer.java:216)
11-08 17:09:10.208  2487  2487 D StrictMode: 	at com.android.internal.util.XmlUtils.writeMapXml(XmlUtils.java:193)
11-08 17:09:10.208  2487  2487 D StrictMode: 	at android.app.SharedPreferencesImpl.writeToFile(SharedPreferencesImpl.java:773)
11-08 17:09:10.208  2487  2487 D StrictMode: 	at android.app.SharedPreferencesImpl.access$900(SharedPreferencesImpl.java:54)
11-08 17:09:10.208  2487  2487 D StrictMode: 	at android.app.SharedPreferencesImpl$2.run(SharedPreferencesImpl.java:642)
11-08 17:09:10.208  2487  2487 D StrictMode: 	at android.app.SharedPreferencesImpl.enqueueDiskWrite(SharedPreferencesImpl.java:661)
11-08 17:09:10.208  2487  2487 D StrictMode: 	at android.app.SharedPreferencesImpl.access$100(SharedPreferencesImpl.java:54)
11-08 17:09:10.208  2487  2487 D StrictMode: 	at android.app.SharedPreferencesImpl$EditorImpl.commit(SharedPreferencesImpl.java:580)
11-08 17:09:10.208  2487  2487 D StrictMode: 	at com.android.providers.contacts.ContactsUpgradeReceiver.onReceive(ContactsUpgradeReceiver.java:77)
11-08 17:09:10.208  2487  2487 D StrictMode: 	at android.app.ActivityThread.handleReceiver(ActivityThread.java:3379)
11-08 17:09:10.208  2487  2487 D StrictMode: 	at android.app.ActivityThread.access$1200(ActivityThread.java:199)
11-08 17:09:10.208  2487  2487 D StrictMode: 	at android.app.ActivityThread$H.handleMessage(ActivityThread.java:1661)
11-08 17:09:10.208  2487  2487 D StrictMode: 	at android.os.Handler.dispatchMessage(Handler.java:106)
11-08 17:09:10.208  2487  2487 D StrictMode: 	at android.os.Looper.loop(Looper.java:193)
11-08 17:09:10.208  2487  2487 D StrictMode: 	at android.app.ActivityThread.main(ActivityThread.java:6669)
11-08 17:09:10.208  2487  2487 D StrictMode: 	at java.lang.reflect.Method.invoke(Native Method)
11-08 17:09:10.208  2487  2487 D StrictMode: 	at com.android.internal.os.RuntimeInit$MethodAndArgsCaller.run(RuntimeInit.java:493)
11-08 17:09:10.208  2487  2487 D StrictMode: 	at com.android.internal.os.ZygoteInit.main(ZygoteInit.java:858)
11-08 17:09:10.208  2487  2487 D StrictMode: StrictMode policy violation; ~duration=512 ms: android.os.strictmode.DiskWriteViolation
11-08 17:09:10.208  2487  2487 D StrictMode: 	at android.os.StrictMode$AndroidBlockGuardPolicy.onWriteToDisk(StrictMode.java:1460)
11-08 17:09:10.208  2487  2487 D StrictMode: 	at libcore.io.BlockGuardOs.chmod(BlockGuardOs.java:72)
11-08 17:09:10.208  2487  2487 D StrictMode: 	at android.system.Os.chmod(Os.java:85)
11-08 17:09:10.208  2487  2487 D StrictMode: 	at android.os.FileUtils.setPermissions(FileUtils.java:123)
11-08 17:09:10.208  2487  2487 D StrictMode: 	at android.app.ContextImpl.setFilePermissionsFromMode(ContextImpl.java:2519)
11-08 17:09:10.208  2487  2487 D StrictMode: 	at android.app.SharedPreferencesImpl.writeToFile(SharedPreferencesImpl.java:782)
11-08 17:09:10.208  2487  2487 D StrictMode: 	at android.app.SharedPreferencesImpl.access$900(SharedPreferencesImpl.java:54)
11-08 17:09:10.208  2487  2487 D StrictMode: 	at android.app.SharedPreferencesImpl$2.run(SharedPreferencesImpl.java:642)
11-08 17:09:10.208  2487  2487 D StrictMode: 	at android.app.SharedPreferencesImpl.enqueueDiskWrite(SharedPreferencesImpl.java:661)
11-08 17:09:10.208  2487  2487 D StrictMode: 	at android.app.SharedPreferencesImpl.access$100(SharedPreferencesImpl.java:54)
11-08 17:09:10.208  2487  2487 D StrictMode: 	at android.app.SharedPreferencesImpl$EditorImpl.commit(SharedPreferencesImpl.java:580)
11-08 17:09:10.208  2487  2487 D StrictMode: 	at com.android.providers.contacts.ContactsUpgradeReceiver.onReceive(ContactsUpgradeReceiver.java:77)
11-08 17:09:10.208  2487  2487 D StrictMode: 	at android.app.ActivityThread.handleReceiver(ActivityThread.java:3379)
11-08 17:09:10.208  2487  2487 D StrictMode: 	at android.app.ActivityThread.access$1200(ActivityThread.java:199)
11-08 17:09:10.208  2487  2487 D StrictMode: 	at android.app.ActivityThread$H.handleMessage(ActivityThread.java:1661)
11-08 17:09:10.208  2487  2487 D StrictMode: 	at android.os.Handler.dispatchMessage(Handler.java:106)
11-08 17:09:10.208  2487  2487 D StrictMode: 	at android.os.Looper.loop(Looper.java:193)
11-08 17:09:10.208  2487  2487 D StrictMode: 	at android.app.ActivityThread.main(ActivityThread.java:6669)
11-08 17:09:10.208  2487  2487 D StrictMode: 	at java.lang.reflect.Method.invoke(Native Method)
11-08 17:09:10.208  2487  2487 D StrictMode: 	at com.android.internal.os.RuntimeInit$MethodAndArgsCaller.run(RuntimeInit.java:493)
11-08 17:09:10.208  2487  2487 D StrictMode: 	at com.android.internal.os.ZygoteInit.main(ZygoteInit.java:858)
11-08 17:09:10.209  2487  2487 D StrictMode: StrictMode policy violation; ~duration=512 ms: android.os.strictmode.DiskReadViolation
11-08 17:09:10.209  2487  2487 D StrictMode: 	at android.os.StrictMode$AndroidBlockGuardPolicy.onReadFromDisk(StrictMode.java:1504)
11-08 17:09:10.209  2487  2487 D StrictMode: 	at libcore.io.BlockGuardOs.stat(BlockGuardOs.java:327)
11-08 17:09:10.209  2487  2487 D StrictMode: 	at android.system.Os.stat(Os.java:565)
11-08 17:09:10.209  2487  2487 D StrictMode: 	at android.app.SharedPreferencesImpl.writeToFile(SharedPreferencesImpl.java:789)
11-08 17:09:10.209  2487  2487 D StrictMode: 	at android.app.SharedPreferencesImpl.access$900(SharedPreferencesImpl.java:54)
11-08 17:09:10.209  2487  2487 D StrictMode: 	at android.app.SharedPreferencesImpl$2.run(SharedPreferencesImpl.java:642)
11-08 17:09:10.209  2487  2487 D StrictMode: 	at android.app.SharedPreferencesImpl.enqueueDiskWrite(SharedPreferencesImpl.java:661)
11-08 17:09:10.209  2487  2487 D StrictMode: 	at android.app.SharedPreferencesImpl.access$100(SharedPreferencesImpl.java:54)
11-08 17:09:10.209  2487  2487 D StrictMode: 	at android.app.SharedPreferencesImpl$EditorImpl.commit(SharedPreferencesImpl.java:580)
11-08 17:09:10.209  2487  2487 D StrictMode: 	at com.android.providers.contacts.ContactsUpgradeReceiver.onReceive(ContactsUpgradeReceiver.java:77)
11-08 17:09:10.209  2487  2487 D StrictMode: 	at android.app.ActivityThread.handleReceiver(ActivityThread.java:3379)
11-08 17:09:10.209  2487  2487 D StrictMode: 	at android.app.ActivityThread.access$1200(ActivityThread.java:199)
11-08 17:09:10.209  2487  2487 D StrictMode: 	at android.app.ActivityThread$H.handleMessage(ActivityThread.java:1661)
11-08 17:09:10.209  2487  2487 D StrictMode: 	at android.os.Handler.dispatchMessage(Handler.java:106)
11-08 17:09:10.209  2487  2487 D StrictMode: 	at android.os.Looper.loop(Looper.java:193)
11-08 17:09:10.209  2487  2487 D StrictMode: 	at android.app.ActivityThread.main(ActivityThread.java:6669)
11-08 17:09:10.209  2487  2487 D StrictMode: 	at java.lang.reflect.Method.invoke(Native Method)
11-08 17:09:10.209  2487  2487 D StrictMode: 	at com.android.internal.os.RuntimeInit$MethodAndArgsCaller.run(RuntimeInit.java:493)
11-08 17:09:10.209  2487  2487 D StrictMode: 	at com.android.internal.os.ZygoteInit.main(ZygoteInit.java:858)
11-08 17:09:10.209  2487  2487 D StrictMode: StrictMode policy violation; ~duration=512 ms: android.os.strictmode.DiskWriteViolation
11-08 17:09:10.209  2487  2487 D StrictMode: 	at android.os.StrictMode$AndroidBlockGuardPolicy.onWriteToDisk(StrictMode.java:1460)
11-08 17:09:10.209  2487  2487 D StrictMode: 	at java.io.UnixFileSystem.delete(UnixFileSystem.java:294)
11-08 17:09:10.209  2487  2487 D StrictMode: 	at java.io.File.delete(File.java:1037)
11-08 17:09:10.209  2487  2487 D StrictMode: 	at android.app.SharedPreferencesImpl.writeToFile(SharedPreferencesImpl.java:803)
11-08 17:09:10.209  2487  2487 D StrictMode: 	at android.app.SharedPreferencesImpl.access$900(SharedPreferencesImpl.java:54)
11-08 17:09:10.209  2487  2487 D StrictMode: 	at android.app.SharedPreferencesImpl$2.run(SharedPreferencesImpl.java:642)
11-08 17:09:10.209  2487  2487 D StrictMode: 	at android.app.SharedPreferencesImpl.enqueueDiskWrite(SharedPreferencesImpl.java:661)
11-08 17:09:10.209  2487  2487 D StrictMode: 	at android.app.SharedPreferencesImpl.access$100(SharedPreferencesImpl.java:54)
11-08 17:09:10.209  2487  2487 D StrictMode: 	at android.app.SharedPreferencesImpl$EditorImpl.commit(SharedPreferencesImpl.java:580)
11-08 17:09:10.209  2487  2487 D StrictMode: 	at com.android.providers.contacts.ContactsUpgradeReceiver.onReceive(ContactsUpgradeReceiver.java:77)
11-08 17:09:10.209  2487  2487 D StrictMode: 	at android.app.ActivityThread.handleReceiver(ActivityThread.java:3379)
11-08 17:09:10.209  2487  2487 D StrictMode: 	at android.app.ActivityThread.access$1200(ActivityThread.java:199)
11-08 17:09:10.209  2487  2487 D StrictMode: 	at android.app.ActivityThread$H.handleMessage(ActivityThread.java:1661)
11-08 17:09:10.209  2487  2487 D StrictMode: 	at android.os.Handler.dispatchMessage(Handler.java:106)
11-08 17:09:10.209  2487  2487 D StrictMode: 	at android.os.Looper.loop(Looper.java:193)
11-08 17:09:10.209  2487  2487 D StrictMode: 	at android.app.ActivityThread.main(ActivityThread.java:6669)
11-08 17:09:10.209  2487  2487 D StrictMode: 	at java.lang.reflect.Method.invoke(Native Method)
11-08 17:09:10.209  2487  2487 D StrictMode: 	at com.android.internal.os.RuntimeInit$MethodAndArgsCaller.run(RuntimeInit.java:493)
11-08 17:09:10.209  2487  2487 D StrictMode: 	at com.android.internal.os.ZygoteInit.main(ZygoteInit.java:858)
11-08 17:09:10.209  2487  2487 D StrictMode: StrictMode policy violation; ~duration=512 ms: android.os.strictmode.DiskWriteViolation
11-08 17:09:10.209  2487  2487 D StrictMode: 	at android.os.StrictMode$AndroidBlockGuardPolicy.onWriteToDisk(StrictMode.java:1460)
11-08 17:09:10.209  2487  2487 D StrictMode: 	at android.database.sqlite.SQLiteConnection.applyBlockGuardPolicy(SQLiteConnection.java:1057)
11-08 17:09:10.209  2487  2487 D StrictMode: 	at android.database.sqlite.SQLiteConnection.executeForLastInsertedRowId(SQLiteConnection.java:793)
11-08 17:09:10.209  2487  2487 D StrictMode: 	at android.database.sqlite.SQLiteSession.executeForLastInsertedRowId(SQLiteSession.java:788)
11-08 17:09:10.209  2487  2487 D StrictMode: 	at android.database.sqlite.SQLiteStatement.executeInsert(SQLiteStatement.java:86)
11-08 17:09:10.209  2487  2487 D StrictMode: 	at android.database.sqlite.SQLiteDatabase.insertWithOnConflict(SQLiteDatabase.java:1564)
11-08 17:09:10.209  2487  2487 D StrictMode: 	at android.database.sqlite.SQLiteDatabase.replace(SQLiteDatabase.java:1480)
11-08 17:09:10.209  2487  2487 D StrictMode: 	at com.android.providers.contacts.util.PropertyUtils.setProperty(PropertyUtils.java:77)
11-08 17:09:10.209  2487  2487 D StrictMode: 	at com.android.providers.contacts.ContactsDatabaseHelper.setProperty(ContactsDatabaseHelper.java:4437)
11-08 17:09:10.209  2487  2487 D StrictMode: 	at com.android.providers.contacts.ContactsDatabaseHelper.forceDirectoryRescan(ContactsDatabaseHelper.java:4441)
11-08 17:09:10.209  2487  2487 D StrictMode: 	at com.android.providers.contacts.ContactsUpgradeReceiver.onReceive(ContactsUpgradeReceiver.java:89)
11-08 17:09:10.209  2487  2487 D StrictMode: 	at android.app.ActivityThread.handleReceiver(ActivityThread.java:3379)
11-08 17:09:10.209  2487  2487 D StrictMode: 	at android.app.ActivityThread.access$1200(ActivityThread.java:199)
11-08 17:09:10.209  2487  2487 D StrictMode: 	at android.app.ActivityThread$H.handleMessage(ActivityThread.java:1661)
11-08 17:09:10.209  2487  2487 D StrictMode: 	at android.os.Handler.dispatchMessage(Handler.java:106)
11-08 17:09:10.209  2487  2487 D StrictMode: 	at android.os.Looper.loop(Looper.java:193)
11-08 17:09:10.209  2487  2487 D StrictMode: 	at android.app.ActivityThread.main(ActivityThread.java:6669)
11-08 17:09:10.209  2487  2487 D StrictMode: 	at java.lang.reflect.Method.invoke(Native Method)
11-08 17:09:10.209  2487  2487 D StrictMode: 	at com.android.internal.os.RuntimeInit$MethodAndArgsCaller.run(RuntimeInit.java:493)
11-08 17:09:10.209  2487  2487 D StrictMode: 	at com.android.internal.os.ZygoteInit.main(ZygoteInit.java:858)
11-08 17:09:10.210  1722  2337 I PreBootBroadcaster: Pre-boot of {com.android.providers.media/com.android.providers.media.MediaUpgradeReceiver} for user 0
11-08 17:09:10.217  2487  2549 I ContactAggregator: Marked all visible contacts for aggregation: 0 raw contacts, 1 ms
11-08 17:09:10.217  2487  2549 I ContactsProvider: Aggregation algorithm upgraded for 0 raw contacts in 13ms
11-08 17:09:10.222  2347  2347 I MediaUpgradeReceiver: ---> Start upgrade of media database external.db
11-08 17:09:10.226  2347  2347 I MediaUpgradeReceiver: <--- Finished upgrade of media database external.db in 4ms
11-08 17:09:10.226  1722  2337 I PreBootBroadcaster: Pre-boot of {com.android.settings/com.android.settings.SettingsInitialize} for user 0
11-08 17:09:10.228  1722  2427 D PackageManager: Instant App installer not found with android.intent.action.INSTALL_INSTANT_APP_PACKAGE
11-08 17:09:10.228  1722  2427 D PackageManager: Clear ephemeral installer activity
11-08 17:09:10.229  1722  2337 I ActivityManager: Sending BOOT_COMPLETE user #0
11-08 17:09:10.254  1965  2223 I OpenGLRenderer: Davey! duration=852ms; Flags=0, IntendedVsync=18374958509, Vsync=19024958483, OldestInputEvent=9223372036854775807, NewestInputEvent=0, HandleInputStart=19032627855, AnimationStart=19032654657, PerformTraversalsStart=19039134216, DrawStart=19056180023, SyncQueued=19056562276, SyncStart=19057326813, IssueDrawCommandsStart=19058314858, SwapBuffers=19065049044, FrameCompleted=19228145040, DequeueBufferDuration=36000, QueueBufferDuration=192000, 
11-08 17:09:10.268  2393  2393 I Dialer  : DialerExecutorModule.newThread - creating low priority thread
11-08 17:09:10.269  1965  1965 W NotificationEntryMgr: removeNotification for unknown key: 0|android|13|PreBootBroadcaster|1000
11-08 17:09:10.270  2487  2549 I ContactsFTS: Rebuild contact search index in 52ms, 0 contacts
11-08 17:09:10.277  2393  2680 I Dialer  : VisualVoicemailUpdateTask.updateNotification - enter
11-08 17:09:10.278  1722  2679 I RecoverySystem: No recovery log file
11-08 17:09:10.278  1722  2679 I BootReceiver: No existing last log timestamp file /data/system/log-files.xml; starting empty
11-08 17:09:10.288  1722  2679 I BootReceiver: Copying audit failures to DropBox
11-08 17:09:10.288  1722  2679 I BootReceiver: Checking for fsck errors
11-08 17:09:10.289  1722  2679 I BootReceiver: fs_stat, partition:vdc stat:0x13
11-08 17:09:10.305  1722  1824 I system_server: Explicit concurrent copying GC freed 30169(1555KB) AllocSpace objects, 19(892KB) LOS objects, 42% free, 5MB/9MB, paused 21us total 50.055ms
11-08 17:09:10.309  1722  1722 I NotificationService: Cannot find enqueued record for key: 0|android|13|PreBootBroadcaster|1000
11-08 17:09:10.316  2393  2680 I Dialer  : VisualVoicemailUpdateTask.updateNotification - no voicemails to notify about
11-08 17:09:10.316  2393  2680 I Dialer  : VisualVoicemailNotifier.cancelAllVoicemailNotifications - enter
11-08 17:09:10.323  2393  2680 I Dialer  : VoicemailNotificationJobService.scheduleJob - job canceled
11-08 17:09:10.323  2393  2393 I Dialer  : VisualVoicemailUpdateTask.scheduleTask - update successful
11-08 17:09:10.324  1722  1722 I Telecom : DefaultDialerCache: Refreshing default dialer for user 0: now com.android.dialer: DDC.oR@AFk
11-08 17:09:10.325  1722  1722 I Telecom : MissedCallNotifierImpl: reloadAfterBootComplete: user=0: TSBCR.oR@AFo
11-08 17:09:10.326  1722  1722 I NotificationService: Cannot find enqueued record for key: 0|android|13|PreBootBroadcaster|1000
11-08 17:09:10.327  2050  2050 D CarrierConfigLoader: mHandler: 13 phoneId: 0
11-08 17:09:10.327  2050  2050 D CarrierConfigLoader: mHandler: 7 phoneId: 0
11-08 17:09:10.328  2050  2050 D CarrierConfigLoader: Loaded config from XML. package=com.android.carrierconfig phoneId=0
11-08 17:09:10.329  2050  2050 D CarrierConfigLoader: mHandler: 5 phoneId: 0
11-08 17:09:10.340  1722  1812 I ActivityManager: Start proc 2685:com.android.calendar/u0a44 for broadcast com.android.calendar/.UpgradeReceiver
11-08 17:09:10.344  2050  2336 I CarrierInfoManager: using values for mnc, mcc: 260,310
11-08 17:09:10.344  2050  2336 D CarrierInfoManager: No rows found for keyType: 2
11-08 17:09:10.348  1722  1920 W BestClock: java.time.DateTimeException: Missing NTP fix
11-08 17:09:10.350  1722  1722 I Telecom : PhoneAccountRegistrar: SimCallManager queried, returning: null: TSI.gSCMFU@AFs
11-08 17:09:10.355  2050  2050 D CarrierKeyDownloadManager: Carrier Config changed: android.telephony.action.CARRIER_CONFIG_CHANGED
11-08 17:09:10.355  2050  2050 D CarrierKeyDownloadManager: Carrier not enabled or invalid values
11-08 17:09:10.355  2050  2050 D CarrierKeyDownloadManager: Cleaning up existing renewal alarms
11-08 17:09:10.358  1722  1926 W BestClock: java.time.DateTimeException: Missing NTP fix
11-08 17:09:10.358  1722  1920 W BestClock: java.time.DateTimeException: Missing NTP fix
11-08 17:09:10.368  2685  2685 W ndroid.calenda: Unexpected CPU variant for X86 using defaults: x86_64
11-08 17:09:10.387  2050  2108 I m.android.phon: Waiting for a blocking GC ProfileSaver
11-08 17:09:10.405  2685  2685 I ndroid.calenda: The ClassLoaderContext is a special shared library.
11-08 17:09:10.405  2685  2685 I ndroid.calenda: The ClassLoaderContext is a special shared library.
11-08 17:09:10.409  2050  2090 W System  : A resource failed to call close. 
11-08 17:09:10.409  2050  2108 I m.android.phon: WaitForGcToComplete blocked ProfileSaver on HeapTrim for 22.367ms
11-08 17:09:10.419  2685  2685 D ExtensionsFactory: No custom extensions.
11-08 17:09:10.420  1722  2337 D PackageManager: Instant App installer not found with android.intent.action.INSTALL_INSTANT_APP_PACKAGE
11-08 17:09:10.420  1722  2337 D PackageManager: Clear ephemeral installer activity
11-08 17:09:10.436  2685  2685 D AlertReceiver: onReceive: a=android.intent.action.BOOT_COMPLETED Intent { act=android.intent.action.BOOT_COMPLETED flg=0x9000010 cmp=com.android.calendar/.alerts.AlertReceiver (has extras) }
11-08 17:09:10.444  2709  2709 W android.camera: Unexpected CPU variant for X86 using defaults: x86_64
11-08 17:09:10.445  2685  2685 D AlertUtils: Flushing old alerts from shared prefs table
11-08 17:09:10.448  1722  1812 I ActivityManager: Start proc 2709:com.android.camera2/u0a43 for broadcast com.android.camera2/com.android.camera.DisableCameraReceiver
11-08 17:09:10.450  2685  2708 D AlertService: 0 Action = android.intent.action.BOOT_COMPLETED
11-08 17:09:10.452  2685  2708 D AlertService: Scheduling next alarm with AlarmScheduler. sEventReminderReceived: null
11-08 17:09:10.465  2685  2708 D AlarmScheduler: No events found starting within 1 week.
11-08 17:09:10.470  2709  2709 I android.camera: The ClassLoaderContext is a special shared library.
11-08 17:09:10.470  2709  2709 I android.camera: The ClassLoaderContext is a special shared library.
11-08 17:09:10.492  2709  2709 I CAM_DisableCamRcver: number of camera: 1
11-08 17:09:10.492  1722  2337 D PackageManager: Instant App installer not found with android.intent.action.INSTALL_INSTANT_APP_PACKAGE
11-08 17:09:10.492  1722  2337 D PackageManager: Clear ephemeral installer activity
11-08 17:09:10.494  2288  2288 D CellBroadcastReceiver: onReceive Intent { act=android.intent.action.BOOT_COMPLETED flg=0x9000010 cmp=com.android.cellbroadcastreceiver/.CellBroadcastReceiver (has extras) }
11-08 17:09:10.494  2288  2288 D CellBroadcastReceiver: Start Cell Broadcast configuration.
11-08 17:09:10.496  2288  2288 D CellBroadcastReceiver: Default interval 0 did not change.
11-08 17:09:10.506  2732  2732 W ndroid.contact: Unexpected CPU variant for X86 using defaults: x86_64
11-08 17:09:10.506  1722  1812 I ActivityManager: Start proc 2732:com.android.contacts/u0a9 for broadcast com.android.contacts/.interactions.OnBootOrUpgradeReceiver
11-08 17:09:10.507  2288  2731 D CellBroadcastConfigService: Enable CellBroadcast on sub 1
11-08 17:09:10.508  2050  2336 D IccSmsInterfaceManager: [IccSmsInterfaceManager] Calling setGsmBroadcastConfig with 1 configurations
11-08 17:09:10.508  2050  2336 D IccSmsInterfaceManager: [IccSmsInterfaceManager] Failed to add GSM cell broadcast subscription for MID range 4370 to 4370 from client com.android.cellbroadcastreceiver
11-08 17:09:10.509  2050  2336 D IccSmsInterfaceManager: [IccSmsInterfaceManager] Calling setCdmaBroadcastConfig with 1 configurations
11-08 17:09:10.510  2050  2336 D IccSmsInterfaceManager: [IccSmsInterfaceManager] Failed to add cdma broadcast subscription for MID range 4096 to 4096 from client com.android.cellbroadcastreceiver
11-08 17:09:10.510  2050  2336 D IccSmsInterfaceManager: [IccSmsInterfaceManager] Calling setGsmBroadcastConfig with 1 configurations
11-08 17:09:10.511  2050  2336 D IccSmsInterfaceManager: [IccSmsInterfaceManager] Failed to add GSM cell broadcast subscription for MID range 4383 to 4383 from client com.android.cellbroadcastreceiver
11-08 17:09:10.512  2050  2336 D IccSmsInterfaceManager: [IccSmsInterfaceManager] Calling setGsmBroadcastConfig with 1 configurations
11-08 17:09:10.512  2050  2336 D IccSmsInterfaceManager: [IccSmsInterfaceManager] Failed to add GSM cell broadcast subscription for MID range 4371 to 4372 from client com.android.cellbroadcastreceiver
11-08 17:09:10.513  2050  2336 D IccSmsInterfaceManager: [IccSmsInterfaceManager] Calling setCdmaBroadcastConfig with 1 configurations
11-08 17:09:10.513  2050  2336 D IccSmsInterfaceManager: [IccSmsInterfaceManager] Failed to add cdma broadcast subscription for MID range 4097 to 4097 from client com.android.cellbroadcastreceiver
11-08 17:09:10.514  2050  2336 D IccSmsInterfaceManager: [IccSmsInterfaceManager] Calling setGsmBroadcastConfig with 1 configurations
11-08 17:09:10.515  2050  2336 D IccSmsInterfaceManager: [IccSmsInterfaceManager] Failed to add GSM cell broadcast subscription for MID range 4384 to 4385 from client com.android.cellbroadcastreceiver
11-08 17:09:10.515  2050  2336 D IccSmsInterfaceManager: [IccSmsInterfaceManager] Calling setGsmBroadcastConfig with 1 configurations
11-08 17:09:10.517  2050  2336 D IccSmsInterfaceManager: [IccSmsInterfaceManager] Failed to add GSM cell broadcast subscription for MID range 4373 to 4378 from client com.android.cellbroadcastreceiver
11-08 17:09:10.518  2050  2336 D IccSmsInterfaceManager: [IccSmsInterfaceManager] Calling setCdmaBroadcastConfig with 1 configurations
11-08 17:09:10.518  2050  2336 D IccSmsInterfaceManager: [IccSmsInterfaceManager] Failed to add cdma broadcast subscription for MID range 4098 to 4098 from client com.android.cellbroadcastreceiver
11-08 17:09:10.519  2050  2336 D IccSmsInterfaceManager: [IccSmsInterfaceManager] Calling setGsmBroadcastConfig with 1 configurations
11-08 17:09:10.520  2050  2336 D IccSmsInterfaceManager: [IccSmsInterfaceManager] Failed to add GSM cell broadcast subscription for MID range 4386 to 4391 from client com.android.cellbroadcastreceiver
11-08 17:09:10.520  2050  2336 D IccSmsInterfaceManager: [IccSmsInterfaceManager] Calling setGsmBroadcastConfig with 1 configurations
11-08 17:09:10.521  2050  2336 D IccSmsInterfaceManager: [IccSmsInterfaceManager] Failed to add GSM cell broadcast subscription for MID range 4379 to 4379 from client com.android.cellbroadcastreceiver
11-08 17:09:10.521  2050  2336 D IccSmsInterfaceManager: [IccSmsInterfaceManager] Calling setCdmaBroadcastConfig with 1 configurations
11-08 17:09:10.522  2050  2336 D IccSmsInterfaceManager: [IccSmsInterfaceManager] Failed to add cdma broadcast subscription for MID range 4099 to 4099 from client com.android.cellbroadcastreceiver
11-08 17:09:10.523  2050  2336 D IccSmsInterfaceManager: [IccSmsInterfaceManager] Calling setGsmBroadcastConfig with 1 configurations
11-08 17:09:10.523  2050  2336 D IccSmsInterfaceManager: [IccSmsInterfaceManager] Failed to add GSM cell broadcast subscription for MID range 4392 to 4392 from client com.android.cellbroadcastreceiver
11-08 17:09:10.524  2050  2336 D IccSmsInterfaceManager: [IccSmsInterfaceManager] Failed to remove GSM cell broadcast subscription for MID range 4380 to 4380 from client com.android.cellbroadcastreceiver
11-08 17:09:10.524  2050  2336 D IccSmsInterfaceManager: [IccSmsInterfaceManager] Failed to remove cdma broadcast subscription for MID range 4100 to 4100 from client com.android.cellbroadcastreceiver
11-08 17:09:10.525  2050  2336 D IccSmsInterfaceManager: [IccSmsInterfaceManager] Failed to remove GSM cell broadcast subscription for MID range 4393 to 4393 from client com.android.cellbroadcastreceiver
11-08 17:09:10.526  2050  2336 D IccSmsInterfaceManager: [IccSmsInterfaceManager] Failed to remove GSM cell broadcast subscription for MID range 4381 to 4381 from client com.android.cellbroadcastreceiver
11-08 17:09:10.526  2050  2336 D IccSmsInterfaceManager: [IccSmsInterfaceManager] Failed to remove GSM cell broadcast subscription for MID range 4394 to 4394 from client com.android.cellbroadcastreceiver
11-08 17:09:10.527  2050  2336 D IccSmsInterfaceManager: [IccSmsInterfaceManager] Failed to remove GSM cell broadcast subscription for MID range 4382 to 4382 from client com.android.cellbroadcastreceiver
11-08 17:09:10.528  2050  2336 D IccSmsInterfaceManager: [IccSmsInterfaceManager] Failed to remove GSM cell broadcast subscription for MID range 4395 to 4395 from client com.android.cellbroadcastreceiver
11-08 17:09:10.529  2050  2336 D IccSmsInterfaceManager: [IccSmsInterfaceManager] Calling setGsmBroadcastConfig with 1 configurations
11-08 17:09:10.529  2050  2336 D IccSmsInterfaceManager: [IccSmsInterfaceManager] Failed to add GSM cell broadcast subscription for MID range 4352 to 4354 from client com.android.cellbroadcastreceiver
11-08 17:09:10.530  2050  2336 D IccSmsInterfaceManager: [IccSmsInterfaceManager] Calling setGsmBroadcastConfig with 1 configurations
11-08 17:09:10.530  2050  2336 D IccSmsInterfaceManager: [IccSmsInterfaceManager] Failed to add GSM cell broadcast subscription for MID range 4356 to 4356 from client com.android.cellbroadcastreceiver
11-08 17:09:10.531  2050  2336 D IccSmsInterfaceManager: [IccSmsInterfaceManager] Failed to remove GSM cell broadcast subscription for MID range 4355 to 4355 from client com.android.cellbroadcastreceiver
11-08 17:09:10.539  2732  2732 I ndroid.contact: The ClassLoaderContext is a special shared library.
11-08 17:09:10.548  2254  2254 I AlarmClock: AlarmInitReceiver android.intent.action.BOOT_COMPLETED
11-08 17:09:10.552  2254  2277 I AlarmClock: Fixing alarm instances
11-08 17:09:10.556  1722  2337 D ActivityManager: Raise procstate to external provider: ProcessRecord{ab7c9c0 2487:android.process.acore/u0a6}
11-08 17:09:10.556  1722  1761 D ActivityManager: Raise procstate to external provider: ProcessRecord{ab7c9c0 2487:android.process.acore/u0a6}
11-08 17:09:10.557  2393  2393 I Dialer  : VvmOmtpService - onBoot
11-08 17:09:10.557  1722  2337 W Binder  : Outgoing transactions from this process must be FLAG_ONEWAY
11-08 17:09:10.557  1722  2337 W Binder  : java.lang.Throwable
11-08 17:09:10.557  1722  2337 W Binder  : 	at android.os.BinderProxy.transact(Binder.java:1114)
11-08 17:09:10.557  1722  2337 W Binder  : 	at android.content.ContentProviderProxy.getType(ContentProviderNative.java:451)
11-08 17:09:10.557  1722  2337 W Binder  : 	at com.android.server.am.ActivityManagerService.getProviderMimeType(ActivityManagerService.java:12993)
11-08 17:09:10.557  1722  2337 W Binder  : 	at android.app.IActivityManager$Stub.onTransact(IActivityManager.java:1416)
11-08 17:09:10.557  1722  2337 W Binder  : 	at com.android.server.am.ActivityManagerService.onTransact(ActivityManagerService.java:3291)
11-08 17:09:10.557  1722  2337 W Binder  : 	at android.os.Binder.execTransact(Binder.java:731)
11-08 17:09:10.569  2749  2749 W m.android.emai: Unexpected CPU variant for X86 using defaults: x86_64
11-08 17:09:10.573  1722  1812 I ActivityManager: Start proc 2749:com.android.email/u0a55 for broadcast com.android.email/.service.EmailUpgradeBroadcastReceiver
11-08 17:09:10.578  2749  2749 I m.android.emai: The ClassLoaderContext is a special shared library.
11-08 17:09:10.579  2749  2749 I m.android.emai: The ClassLoaderContext is a special shared library.
11-08 17:09:10.581  2354  2514 I OpenGLRenderer: Davey! duration=1277ms; Flags=0, IntendedVsync=18274277718, Vsync=19024277688, OldestInputEvent=9223372036854775807, NewestInputEvent=0, HandleInputStart=19028568883, AnimationStart=19028591362, PerformTraversalsStart=19028912243, DrawStart=19028986615, SyncQueued=19029255381, SyncStart=19033237071, IssueDrawCommandsStart=19033289074, SwapBuffers=19112644402, FrameCompleted=19555388287, DequeueBufferDuration=60000, QueueBufferDuration=216000, 
11-08 17:09:10.622  1722  1761 E ActivityManager: Sending non-protected broadcast com.android.systemui.demo from system 1965:com.android.systemui/u0a12 pkg com.android.systemui
11-08 17:09:10.622  1722  1761 E ActivityManager: java.lang.Throwable
11-08 17:09:10.622  1722  1761 E ActivityManager: 	at com.android.server.am.ActivityManagerService.checkBroadcastFromSystem(ActivityManagerService.java:21199)
11-08 17:09:10.622  1722  1761 E ActivityManager: 	at com.android.server.am.ActivityManagerService.broadcastIntentLocked(ActivityManagerService.java:21710)
11-08 17:09:10.622  1722  1761 E ActivityManager: 	at com.android.server.am.ActivityManagerService.broadcastIntent(ActivityManagerService.java:21945)
11-08 17:09:10.622  1722  1761 E ActivityManager: 	at android.app.IActivityManager$Stub.onTransact$broadcastIntent$(IActivityManager.java:10171)
11-08 17:09:10.622  1722  1761 E ActivityManager: 	at android.app.IActivityManager$Stub.onTransact(IActivityManager.java:167)
11-08 17:09:10.622  1722  1761 E ActivityManager: 	at com.android.server.am.ActivityManagerService.onTransact(ActivityManagerService.java:3291)
11-08 17:09:10.622  1722  1761 E ActivityManager: 	at android.os.Binder.execTransact(Binder.java:731)
11-08 17:09:10.626  1722  1761 E ActivityManager: Sending non-protected broadcast com.android.systemui.demo from system 1965:com.android.systemui/u0a12 pkg com.android.systemui
11-08 17:09:10.626  1722  1761 E ActivityManager: java.lang.Throwable
11-08 17:09:10.626  1722  1761 E ActivityManager: 	at com.android.server.am.ActivityManagerService.checkBroadcastFromSystem(ActivityManagerService.java:21199)
11-08 17:09:10.626  1722  1761 E ActivityManager: 	at com.android.server.am.ActivityManagerService.broadcastIntentLocked(ActivityManagerService.java:21803)
11-08 17:09:10.626  1722  1761 E ActivityManager: 	at com.android.server.am.ActivityManagerService.broadcastIntent(ActivityManagerService.java:21945)
11-08 17:09:10.626  1722  1761 E ActivityManager: 	at android.app.IActivityManager$Stub.onTransact$broadcastIntent$(IActivityManager.java:10171)
11-08 17:09:10.626  1722  1761 E ActivityManager: 	at android.app.IActivityManager$Stub.onTransact(IActivityManager.java:167)
11-08 17:09:10.626  1722  1761 E ActivityManager: 	at com.android.server.am.ActivityManagerService.onTransact(ActivityManagerService.java:3291)
11-08 17:09:10.626  1722  1761 E ActivityManager: 	at android.os.Binder.execTransact(Binder.java:731)
11-08 17:09:10.648  1722  1761 W ActivityManager: Unable to start service Intent { act=com.android.email.EXCHANGE_INTENT pkg=com.android.exchange } U=0: not found
11-08 17:09:10.667  2749  2749 D ActivityThread: Loading provider com.android.email.provider;com.android.email.notifier: com.android.email.provider.EmailProvider
11-08 17:09:10.667  1722  1761 W ActivityManager: Unable to start service Intent { act=com.android.email.EXCHANGE_INTENT pkg=com.android.exchange } U=0: not found
11-08 17:09:10.741  1722  1761 W ActivityManager: Unable to start service Intent { act=com.android.email.EXCHANGE_INTENT pkg=com.android.exchange } U=0: not found
11-08 17:09:10.741  1722  1761 D PackageManager: Instant App installer not found with android.intent.action.INSTALL_INSTANT_APP_PACKAGE
11-08 17:09:10.741  1722  1761 D PackageManager: Clear ephemeral installer activity
11-08 17:09:10.741  1722  1761 D PackageManager: Instant App installer not found with android.intent.action.INSTALL_INSTANT_APP_PACKAGE
11-08 17:09:10.741  1722  1761 D PackageManager: Clear ephemeral installer activity
11-08 17:09:10.741  1722  1761 D PackageManager: Instant App installer not found with android.intent.action.INSTALL_INSTANT_APP_PACKAGE
11-08 17:09:10.741  1722  1761 D PackageManager: Clear ephemeral installer activity
11-08 17:09:10.743  1722  1761 W ActivityManager: Unable to start service Intent { act=com.android.mail.action.BACKUP_DATA_CHANGED pkg=com.android.email } U=0: not found
11-08 17:09:10.743  1722  1761 D PackageManager: Instant App installer not found with android.intent.action.INSTALL_INSTANT_APP_PACKAGE
11-08 17:09:10.743  1722  1761 D PackageManager: Clear ephemeral installer activity
11-08 17:09:10.744  1722  1761 W ActivityManager: Unable to start service Intent { act=com.android.mail.action.BACKUP_DATA_CHANGED pkg=com.android.email } U=0: not found
11-08 17:09:10.745  1722  1761 I chatty  : uid=1000(system) Binder:1722_1 identical 4 lines
11-08 17:09:10.745  1722  1761 W ActivityManager: Unable to start service Intent { act=com.android.mail.action.BACKUP_DATA_CHANGED pkg=com.android.email } U=0: not found
11-08 17:09:10.756  1722  1761 D PackageManager: Instant App installer not found with android.intent.action.INSTALL_INSTANT_APP_PACKAGE
11-08 17:09:10.756  1722  1761 D PackageManager: Clear ephemeral installer activity
11-08 17:09:10.768  2772  2772 W droid.gallery3: Unexpected CPU variant for X86 using defaults: x86_64
11-08 17:09:10.770  1722  1812 I ActivityManager: Start proc 2772:com.android.gallery3d/u0a58 for broadcast com.android.gallery3d/com.android.camera.DisableCameraReceiver
11-08 17:09:10.775  2772  2772 I droid.gallery3: The ClassLoaderContext is a special shared library.
11-08 17:09:10.775  2772  2772 I droid.gallery3: The ClassLoaderContext is a special shared library.
11-08 17:09:10.776  1722  1761 D WificondControl: Scan result ready event
11-08 17:09:10.777  1698  1698 I wificond: Unexpected empty scan result!
11-08 17:09:10.780  1722  1940 I GnssLocationProvider: WakeLock acquired by sendMessage(REPORT_SV_STATUS, 0, com.android.server.location.GnssLocationProvider$SvStatusInfo@f9a1b8f)
11-08 17:09:10.781  1722  1802 I GnssLocationProvider: WakeLock released by handleMessage(REPORT_SV_STATUS, 0, com.android.server.location.GnssLocationProvider$SvStatusInfo@f9a1b8f)
11-08 17:09:10.781  1722  1761 W ActivityManager: Unable to start service Intent { cmp=com.android.email/.service.AttachmentService } U=0: not found
11-08 17:09:10.781  1722  1761 D PackageManager: Instant App installer not found with android.intent.action.INSTALL_INSTANT_APP_PACKAGE
11-08 17:09:10.781  1722  1761 D PackageManager: Clear ephemeral installer activity
11-08 17:09:10.784  1722  1761 D PackageManager: Instant App installer not found with android.intent.action.INSTALL_INSTANT_APP_PACKAGE
11-08 17:09:10.784  1722  1761 D PackageManager: Clear ephemeral installer activity
11-08 17:09:10.786  2749  2771 I Email   : Onetime initialization: 1
11-08 17:09:10.789  2772  2772 I G:DisableCameraReceiver: back camera found: 0
11-08 17:09:10.790  1722  1761 D PackageManager: Instant App installer not found with android.intent.action.INSTALL_INSTANT_APP_PACKAGE
11-08 17:09:10.790  1722  1761 D PackageManager: Clear ephemeral installer activity
11-08 17:09:10.790  1951  1951 I SystemBroadcastReceiver: Boot has been completed
11-08 17:09:10.790  1951  1951 I SystemBroadcastReceiver: toggleAppIcon() : FLAG_SYSTEM = true
11-08 17:09:10.790  1722  2337 D PackageManager: Instant App installer not found with android.intent.action.INSTALL_INSTANT_APP_PACKAGE
11-08 17:09:10.790  1722  2337 D PackageManager: Clear ephemeral installer activity
11-08 17:09:10.806  2787  2787 W droid.messagin: Unexpected CPU variant for X86 using defaults: x86_64
11-08 17:09:10.808  1722  1812 I ActivityManager: Start proc 2787:com.android.messaging/u0a62 for broadcast com.android.messaging/.receiver.BootAndPackageReplacedReceiver
11-08 17:09:10.814  2787  2787 I droid.messagin: The ClassLoaderContext is a special shared library.
11-08 17:09:10.818  1722  1761 D PackageManager: Instant App installer not found with android.intent.action.INSTALL_INSTANT_APP_PACKAGE
11-08 17:09:10.818  1722  1761 D PackageManager: Clear ephemeral installer activity
11-08 17:09:10.815  2787  2787 I droid.messagin: The ClassLoaderContext is a special shared library.
11-08 17:09:10.819  2749  2771 I Email   : Onetime initialization: 2
11-08 17:09:10.826  1722  1761 W ActivityManager: Unable to start service Intent { cmp=com.android.email/.service.AttachmentService } U=0: not found
11-08 17:09:10.829  2749  2771 I Email   : Onetime initialization: completed.
11-08 17:09:10.841  1722  1761 W ActivityManager: Unable to start service Intent { act=com.android.email.EXCHANGE_INTENT pkg=com.android.exchange } U=0: not found
11-08 17:09:10.843  1722  1761 D PackageManager: Instant App installer not found with android.intent.action.INSTALL_INSTANT_APP_PACKAGE
11-08 17:09:10.843  1722  1761 D PackageManager: Clear ephemeral installer activity
11-08 17:09:10.844  1722  1761 W ActivityManager: Unable to start service Intent { act=com.android.email.EXCHANGE_INTENT pkg=com.android.exchange } U=0: not found
11-08 17:09:10.848  1722  1761 D PackageManager: Instant App installer not found with android.intent.action.INSTALL_INSTANT_APP_PACKAGE
11-08 17:09:10.848  1722  1761 D PackageManager: Clear ephemeral installer activity
11-08 17:09:10.851  2749  2749 E ActivityThread: Service com.android.email.service.EmailBroadcastProcessorService has leaked ServiceConnection com.android.emailcommon.service.ServiceProxy$ProxyConnection@c1a3309 that was originally bound here
11-08 17:09:10.851  2749  2749 E ActivityThread: android.app.ServiceConnectionLeaked: Service com.android.email.service.EmailBroadcastProcessorService has leaked ServiceConnection com.android.emailcommon.service.ServiceProxy$ProxyConnection@c1a3309 that was originally bound here
11-08 17:09:10.851  2749  2749 E ActivityThread: 	at android.app.LoadedApk$ServiceDispatcher.<init>(LoadedApk.java:1610)
11-08 17:09:10.851  2749  2749 E ActivityThread: 	at android.app.LoadedApk.getServiceDispatcher(LoadedApk.java:1502)
11-08 17:09:10.851  2749  2749 E ActivityThread: 	at android.app.ContextImpl.bindServiceCommon(ContextImpl.java:1659)
11-08 17:09:10.851  2749  2749 E ActivityThread: 	at android.app.ContextImpl.bindService(ContextImpl.java:1612)
11-08 17:09:10.851  2749  2749 E ActivityThread: 	at android.content.ContextWrapper.bindService(ContextWrapper.java:698)
11-08 17:09:10.851  2749  2749 E ActivityThread: 	at com.android.emailcommon.service.ServiceProxy.setTask(ServiceProxy.java:181)
11-08 17:09:10.851  2749  2749 E ActivityThread: 	at com.android.emailcommon.service.ServiceProxy.test(ServiceProxy.java:224)
11-08 17:09:10.851  2749  2749 E ActivityThread: 	at com.android.email.service.EmailServiceUtils.isServiceAvailable(EmailServiceUtils.java:160)
11-08 17:09:10.851  2749  2749 E ActivityThread: 	at com.android.email.provider.AccountReconciler.reconcileAccountsInternal(AccountReconciler.java:171)
11-08 17:09:10.851  2749  2749 E ActivityThread: 	at com.android.email.provider.AccountReconciler.reconcileAccounts(AccountReconciler.java:115)
11-08 17:09:10.851  2749  2749 E ActivityThread: 	at com.android.email.service.EmailBroadcastProcessorService.reconcileAndStartServices(EmailBroadcastProcessorService.java:305)
11-08 17:09:10.851  2749  2749 E ActivityThread: 	at com.android.email.service.EmailBroadcastProcessorService.onBootCompleted(EmailBroadcastProcessorService.java:295)
11-08 17:09:10.851  2749  2749 E ActivityThread: 	at com.android.email.service.EmailBroadcastProcessorService.onHandleIntent(EmailBroadcastProcessorService.java:130)
11-08 17:09:10.851  2749  2749 E ActivityThread: 	at android.app.IntentService$ServiceHandler.handleMessage(IntentService.java:76)
11-08 17:09:10.851  2749  2749 E ActivityThread: 	at android.os.Handler.dispatchMessage(Handler.java:106)
11-08 17:09:10.851  2749  2749 E ActivityThread: 	at android.os.Looper.loop(Looper.java:193)
11-08 17:09:10.851  2749  2749 E ActivityThread: 	at android.os.HandlerThread.run(HandlerThread.java:65)
11-08 17:09:10.851  1722  1761 W ActivityManager: Unbind failed: could not find connection for android.os.BinderProxy@7126008
11-08 17:09:10.852  1722  1761 D PackageManager: Instant App installer not found with android.intent.action.INSTALL_INSTANT_APP_PACKAGE
11-08 17:09:10.852  1722  1761 D PackageManager: Clear ephemeral installer activity
11-08 17:09:10.853  1722  1761 D PackageManager: Instant App installer not found with android.intent.action.INSTALL_INSTANT_APP_PACKAGE
11-08 17:09:10.853  1722  1761 D PackageManager: Clear ephemeral installer activity
11-08 17:09:10.853  1722  1761 D PackageManager: Instant App installer not found with android.intent.action.INSTALL_INSTANT_APP_PACKAGE
11-08 17:09:10.853  1722  1761 D PackageManager: Clear ephemeral installer activity
11-08 17:09:10.854  1722  1761 D PackageManager: Instant App installer not found with android.intent.action.INSTALL_INSTANT_APP_PACKAGE
11-08 17:09:10.854  1722  1761 D PackageManager: Clear ephemeral installer activity
11-08 17:09:10.873  2787  2806 I MessagingApp: Upgrading shared prefs from -1 to 1
11-08 17:09:10.881  1722  1761 W ActivityManager: Unable to start service Intent { act=com.android.email.EXCHANGE_INTENT pkg=com.android.exchange } U=0: not found
11-08 17:09:10.887  2749  2803 I Email   : Observing account changes for notifications
11-08 17:09:10.893  1722  1812 I ActivityManager: Start proc 2808:com.android.nfc/1027 for broadcast com.android.nfc/.NfcBootCompletedReceiver
11-08 17:09:10.899  2787  2787 I MessagingApp: Carrier config changed. Reloading MMS config.
