11-08 17:09:01.258  1670  1670 I zygote64: Thread[1,tid=1670,Native,Thread*=0x7eebece14c00,peer=0x12c01d88,"main"] recursive attempt to load library "/system/lib64/libmedia_jni.so"
11-08 17:09:01.258  1670  1670 I zygote64: Thread[1,tid=1670,Native,Thread*=0x7eebece14c00,peer=0x12c01d88,"main"] recursive attempt to load library "/system/lib64/libmedia_jni.so"
11-08 17:09:01.400  1670  1670 I Zygote  : ...preloaded 6535 classes in 409ms.
11-08 17:09:01.400  1670  1670 I zygote64: VMRuntime.preloadDexCaches starting
11-08 17:09:01.417  1670  1670 I zygote64: VMRuntime.preloadDexCaches strings total=339019 before=12306 after=12306
11-08 17:09:01.417  1670  1670 I zygote64: VMRuntime.preloadDexCaches types total=31350 before=7821 after=7822
11-08 17:09:01.417  1670  1670 I zygote64: VMRuntime.preloadDexCaches fields total=140736 before=9181 after=9181
11-08 17:09:01.417  1670  1670 I zygote64: VMRuntime.preloadDexCaches methods total=247731 before=12783 after=12783
11-08 17:09:01.417  1670  1670 I zygote64: VMRuntime.preloadDexCaches finished
11-08 17:09:01.417  1670  1670 D Zygote64Timing: PreloadClasses took to complete: 426ms
11-08 17:09:01.507  1698  1698 I wificond: wificond is starting up...
11-08 17:09:01.514  1483  1483 W hwservicemanager: getTransport: Cannot find entry android.hardware.keymaster@4.0::IKeymasterDevice/default in either framework or device manifest.
11-08 17:09:01.528  1670  1670 I Zygote  : Preloading resources...
11-08 17:09:01.528  1677  1677 I keystore: found android.hardware.keymaster@3.0::IKeymasterDevice with interface name default and seclevel SOFTWARE
11-08 17:09:01.528  1677  1677 W keystore: No secure Keymaster implementation found, but device offers insecure Keymaster HAL. Using as default.
11-08 17:09:01.536  1670  1670 W Resources: Preloaded drawable resource #0x1080265 (android:drawable/dialog_background_material) that varies with configuration!!
11-08 17:09:01.545  1670  1670 I Zygote  : ...preloaded 64 resources in 17ms.
11-08 17:09:01.547  1670  1670 I Zygote  : ...preloaded 41 resources in 2ms.
11-08 17:09:01.547  1670  1670 D Zygote64Timing: PreloadResources took to complete: 130ms
11-08 17:09:01.551  1670  1670 D libEGL  : Emulator has host GPU support, qemu.gles is set to 1.
11-08 17:09:01.561  1679  1679 I mediaserver: ServiceManager: 0xed51a720
11-08 17:09:01.571  1690  1690 W statsd  : statscompanion service unavailable!
11-08 17:09:01.571  1690  1690 I statsd  : using statsd socket
11-08 17:09:01.576  1669  1669 I ConfigStore: android::hardware::configstore::V1_0::ISurfaceFlingerConfigs::startGraphicsAllocatorService retrieved: 0
11-08 17:09:01.576  1669  1669 I SurfaceFlinger: Using HWComposer service: 'default'
11-08 17:09:01.576  1669  1669 I SurfaceFlinger: SurfaceFlinger is starting
11-08 17:09:01.576  1669  1669 I ConfigStore: android::hardware::configstore::V1_0::ISurfaceFlingerConfigs::vsyncEventPhaseOffsetNs retrieved: 1000000 (default)
11-08 17:09:01.576  1669  1669 I ConfigStore: android::hardware::configstore::V1_0::ISurfaceFlingerConfigs::vsyncSfEventPhaseOffsetNs retrieved: 1000000 (default)
11-08 17:09:01.576  1669  1669 I ConfigStore: android::hardware::configstore::V1_0::ISurfaceFlingerConfigs::hasSyncFramework retrieved: 1
11-08 17:09:01.576  1669  1669 I ConfigStore: android::hardware::configstore::V1_0::ISurfaceFlingerConfigs::presentTimeOffsetFromVSyncNs retrieved: 0
11-08 17:09:01.576  1669  1669 I ConfigStore: android::hardware::configstore::V1_0::ISurfaceFlingerConfigs::useHwcForRGBtoYUV retrieved: 0
11-08 17:09:01.576  1669  1669 I ConfigStore: android::hardware::configstore::V1_0::ISurfaceFlingerConfigs::maxVirtualDisplaySize retrieved: 0 (default)
11-08 17:09:01.576  1669  1669 I ConfigStore: android::hardware::configstore::V1_0::ISurfaceFlingerConfigs::useVrFlinger retrieved: 0 (default)
11-08 17:09:01.576  1669  1669 I ConfigStore: android::hardware::configstore::V1_0::ISurfaceFlingerConfigs::maxFrameBufferAcquiredBuffers retrieved: 3
11-08 17:09:01.576  1669  1669 I ConfigStore: android::hardware::configstore::V1_0::ISurfaceFlingerConfigs::hasWideColorDisplay retrieved: 0
11-08 17:09:01.576  1483  1483 W hwservicemanager: getTransport: Cannot find entry android.hardware.configstore@1.1::ISurfaceFlingerConfigs/default in either framework or device manifest.
11-08 17:09:01.577  1669  1669 I ConfigStore: android::hardware::configstore::V1_1::ISurfaceFlingerConfigs::primaryDisplayOrientation retrieved: ORIENTATION_0 (default)
11-08 17:09:01.577  1670  1670 E vndksupport: Could not load /vendor/lib64/egl/libGLES_emulation.so from sphal namespace: dlopen failed: library "/vendor/lib64/egl/libGLES_emulation.so" not found.
11-08 17:09:01.577  1670  1670 E libEGL  : load_driver(/vendor/lib64/egl/libGLES_emulation.so): unknown
11-08 17:09:01.578  1670  1670 D libEGL  : loaded /vendor/lib64/egl/libEGL_emulation.so
11-08 17:09:01.578  1670  1670 D libEGL  : loaded /vendor/lib64/egl/libGLESv1_CM_emulation.so
11-08 17:09:01.584  1670  1670 D libEGL  : loaded /vendor/lib64/egl/libGLESv2_emulation.so
11-08 17:09:01.590  1670  1670 I Zygote  : Preloading shared libraries...
11-08 17:09:01.597  1670  1670 I Zygote  : Uninstalled ICU cache reference pinning...
11-08 17:09:01.597  1670  1670 I Zygote  : Installed AndroidKeyStoreProvider in 0ms.
11-08 17:09:01.601  1670  1670 I Zygote  : Warmed up JCA providers in 4ms.
11-08 17:09:01.601  1670  1670 D Zygote  : end preload
11-08 17:09:01.601  1670  1670 D Zygote64Timing: ZygotePreload took to complete: 636ms
11-08 17:09:01.608  1670  1670 I zygote64: Explicit concurrent copying GC freed 10638(607KB) AllocSpace objects, 1(20KB) LOS objects, 72% free, 2MB/8MB, paused 11us total 7.458ms
11-08 17:09:01.616  1670  1670 I zygote64: Explicit concurrent copying GC freed 1657(97KB) AllocSpace objects, 0(0B) LOS objects, 73% free, 2MB/8MB, paused 8us total 5.839ms
11-08 17:09:01.616  1670  1670 D Zygote64Timing: PostZygoteInitGC took to complete: 15ms
11-08 17:09:01.616  1670  1670 D Zygote64Timing: ZygoteInit took to complete: 651ms
11-08 17:09:01.632  1483  1483 W hwservicemanager: getTransport: Cannot find entry android.hardware.usb.gadget@1.0::IUsbGadget/default in either framework or device manifest.
11-08 17:09:01.633  1669  1669 I SurfaceFlinger: Enabling HWC virtual displays
11-08 17:09:01.633  1669  1669 I SurfaceFlinger: Disabling Triple Buffering
11-08 17:09:01.633  1669  1669 I SurfaceFlinger: Treble testing override: 'false'
11-08 17:09:01.633  1669  1669 I SurfaceFlinger: SurfaceFlinger's main thread ready to run. Initializing graphics H/W...
11-08 17:09:01.633  1669  1669 I SurfaceFlinger: Phase offest NS: 1000000
11-08 17:09:01.634  1669  1669 D libEGL  : Emulator has host GPU support, qemu.gles is set to 1.
11-08 17:09:01.656  1670  1670 I Zygote  : System server process 1722 has been created
11-08 17:09:01.656  1670  1670 I Zygote  : Accepting command socket connections
11-08 17:09:01.681  1707  1707 I usbd    : Usb HAL not found
11-08 17:09:01.694  1706  1706 I /system/bin/tombstoned: tombstoned successfully initialized
11-08 17:09:01.697  1722  1722 I Zygote  : Process: zygote socket RESERVED/zygote_secondary opened, supported ABIS: x86
11-08 17:09:01.711  1710  1710 D android.hardware.biometrics.fingerprint@2.1-service: Opening fingerprint hal library...
11-08 17:09:01.721  1689  1689 I Netd    : Netd 1.0 starting
11-08 17:09:01.721  1689  1689 D TetherController: Setting IP forward enable = 0
11-08 17:09:01.723  1710  1710 D FingerprintHal: ----------------> fingerprint_open ----------------->
11-08 17:09:01.723  1710  1710 D FingerprintHal: ----------------> set_notify_callback ----------------->
11-08 17:09:01.723  1710  1710 D FingerprintHal: fingerprint callback notification set
11-08 17:09:01.724  1710  1710 I ServiceManagement: Removing namespace from process name android.hardware.biometrics.fingerprint@2.1-service to fingerprint@2.1-service.
11-08 17:09:01.732  1669  1669 E vndksupport: Could not load /vendor/lib64/egl/libGLES_emulation.so from sphal namespace: dlopen failed: library "/vendor/lib64/egl/libGLES_emulation.so" not found.
11-08 17:09:01.732  1669  1669 E libEGL  : load_driver(/vendor/lib64/egl/libGLES_emulation.so): unknown
11-08 17:09:01.734  1669  1669 D libEGL  : loaded /vendor/lib64/egl/libEGL_emulation.so
11-08 17:09:01.734  1669  1669 D libEGL  : loaded /vendor/lib64/egl/libGLESv1_CM_emulation.so
11-08 17:09:01.740  1669  1669 D libEGL  : loaded /vendor/lib64/egl/libGLESv2_emulation.so
11-08 17:09:01.745  1669  1669 D         : HostConnection::get() New Host Connection established 0x70297902d960, tid 1669
11-08 17:09:01.749  1669  1669 I ConfigStore: android::hardware::configstore::V1_0::ISurfaceFlingerConfigs::hasWideColorDisplay retrieved: 0
11-08 17:09:01.749  1669  1669 I ConfigStore: android::hardware::configstore::V1_0::ISurfaceFlingerConfigs::hasHDRDisplay retrieved: 0
11-08 17:09:01.750  1669  1669 I SurfaceFlinger: EGL information:
11-08 17:09:01.750  1669  1669 I SurfaceFlinger: vendor    : Android
11-08 17:09:01.750  1669  1669 I SurfaceFlinger: version   : 1.4 Android META-EGL
11-08 17:09:01.750  1669  1669 I SurfaceFlinger: extensions: EGL_KHR_get_all_proc_addresses EGL_ANDROID_presentation_time EGL_KHR_swap_buffers_with_damage EGL_ANDROID_get_native_client_buffer EGL_ANDROID_front_buffer_auto_refresh EGL_ANDROID_get_frame_timestamps EGL_EXT_surface_SMPTE2086_metadata EGL_EXT_surface_CTA861_3_metadata EGL_KHR_image EGL_KHR_image_base EGL_KHR_gl_texture_2D_image EGL_KHR_fence_sync EGL_KHR_create_context EGL_ANDROID_image_native_buffer EGL_ANDROID_recordable 
11-08 17:09:01.750  1669  1669 I SurfaceFlinger: Client API: OpenGL_ES
11-08 17:09:01.750  1669  1669 I SurfaceFlinger: EGLSurface: 8-8-8-8, config=0x2
11-08 17:09:01.750  1710  1741 D FingerprintHal: ----------------> listenerFunction ----------------->
11-08 17:09:01.751  1669  1669 D EGL_emulation: eglCreateContext: 0x702979046820: maj 3 min 0 rcv 3
11-08 17:09:01.752  1669  1669 D EGL_emulation: eglMakeCurrent: 0x702979046820: ver 3 0 (tinfo 0x70297902c680)
11-08 17:09:01.758  1669  1669 I SurfaceFlinger: OpenGL ES informations:
11-08 17:09:01.758  1669  1669 I SurfaceFlinger: vendor    : Google (Google Inc.)
11-08 17:09:01.758  1669  1669 I SurfaceFlinger: renderer  : Android Emulator OpenGL ES Translator (Google SwiftShader)
11-08 17:09:01.758  1669  1669 I SurfaceFlinger: version   : OpenGL ES 3.0 (OpenGL ES 3.0 SwiftShader 4.0.0.1)
11-08 17:09:01.758  1669  1669 I SurfaceFlinger: extensions: GL_EXT_debug_marker GL_OES_EGL_sync GL_OES_EGL_image GL_OES_EGL_image_external GL_OES_depth24 GL_OES_depth32 GL_OES_element_index_uint GL_OES_texture_float GL_OES_texture_float_linear GL_OES_compressed_paletted_texture GL_OES_compressed_ETC1_RGB8_texture GL_OES_depth_texture GL_OES_texture_half_float GL_OES_texture_half_float_linear GL_OES_packed_depth_stencil GL_OES_vertex_half_float GL_OES_standard_derivatives GL_OES_texture_npot GL_OES_rgb8_rgba8 GL_EXT_color_buffer_float GL_EXT_color_buffer_half_float GL_EXT_texture_format_BGRA8888 GL_APPLE_texture_format_BGRA8888 ANDROID_EMU_CHECKSUM_HELPER_v1 ANDROID_EMU_native_sync_v2 ANDROID_EMU_dma_v1 ANDROID_EMU_sync_buffer_data GL_OES_EGL_image_external_essl3 GL_OES_vertex_array_object GL_KHR_texture_compression_astc_ldr ANDROID_EMU_host_side_tracing ANDROID_EMU_gles_max_version_3_0 
11-08 17:09:01.758  1669  1669 I SurfaceFlinger: GL_MAX_TEXTURE_SIZE = 8192
11-08 17:09:01.758  1669  1669 I SurfaceFlinger: GL_MAX_VIEWPORT_DIMS = 8192
11-08 17:09:01.759  1669  1669 I ServiceManagement: getService: Trying again for android.hardware.graphics.composer@2.1::IComposer/default...
11-08 17:09:01.783  1704  1704 I gatekeeperd: Starting gatekeeperd...
11-08 17:09:01.788  1722  1722 I system_server: The ClassLoaderContext is a special shared library.
11-08 17:09:01.810  1689  1689 I Netd    : Creating child chains: 87.3ms
11-08 17:09:01.811  1689  1689 I Netd    : Setting up OEM hooks: 0.0ms
11-08 17:09:01.816  1689  1689 I Netd    : Setting up FirewallController hooks: 5.7ms
11-08 17:09:01.820  1689  1689 I Netd    : Setting up TetherController hooks: 3.4ms
11-08 17:09:01.828  1689  1689 I Netd    : Setting up BandwidthController hooks: 8.1ms
11-08 17:09:01.828  1689  1689 I Netd    : Setting up IdletimerController hooks: 0.0ms
11-08 17:09:01.828  1689  1689 I Netd    : initializing traffic control: 0.0ms
11-08 17:09:01.830  1689  1689 I Netd    : Disabling bandwidth control: 2.5ms
11-08 17:09:01.831  1689  1689 E Netd    : cannot find interface dummy0
11-08 17:09:01.831  1689  1689 I Netd    : Initializing RouteController: 0.4ms
11-08 17:09:01.831  1689  1689 D XfrmController: Sending Netlink XFRM Message: XFRM_MSG_FLUSHSA
11-08 17:09:01.831  1689  1689 D XfrmController: Sending Netlink XFRM Message: XFRM_MSG_FLUSHPOLICY
11-08 17:09:01.831  1689  1689 I Netd    : Initializing XfrmController: 0.1ms
11-08 17:09:01.831  1689  1689 E Netd    : Unable to create netlink socket: Protocol not supported
11-08 17:09:01.831  1689  1689 W Netd    : Unable to open qlog quota socket, check if xt_quota2 can send via UeventHandler
11-08 17:09:01.831  1689  1689 D MDnsDS  : MDnsSdListener::Hander starting up
11-08 17:09:01.831  1689  1689 I Netd    : Registering NetdNativeService: 0.3ms
11-08 17:09:01.831  1689  1689 I Netd    : Starting CommandListener: 0.0ms
11-08 17:09:01.832  1689  1689 I Netd    : Registering NetdHwService: 0.5ms
11-08 17:09:01.832  1689  1689 I Netd    : Netd started in 111ms
11-08 17:09:01.835  1689  1753 D MDnsDS  : MDnsSdListener starting to monitor
11-08 17:09:01.835  1689  1753 D MDnsDS  : Going to poll with pollCount 1
11-08 17:09:01.836  1722  1722 I system_server: The ClassLoaderContext is a special shared library.
11-08 17:09:01.838  1683  1683 I mediametrics: ServiceManager: 0x7139ce63c740
11-08 17:09:01.838  1683  1683 D MediaAnalyticsService: MediaAnalyticsService created
11-08 17:09:01.860  1722  1722 I system_server: The ClassLoaderContext is a special shared library.
11-08 17:09:01.866  1722  1722 I system_server: The ClassLoaderContext is a special shared library.
11-08 17:09:01.905  1746  1746 D         : HostConnection::get() New Host Connection established 0x7bab8462d480, tid 1746
11-08 17:09:01.907  1746  1746 E hwcomposer: unknown display attribute 6
11-08 17:09:01.907  1746  1746 I ServiceManagement: Removing namespace from process name android.hardware.graphics.composer@2.1-service to composer@2.1-service.
11-08 17:09:01.912  1746  1746 I android.hardware.graphics.composer@2.1-service: Registration complete for android.hardware.graphics.composer@2.1::IComposer/default.
11-08 17:09:01.917  1546  1546 D gralloc_ranchu: gralloc_alloc: Creating ashmem region of size 823296
11-08 17:09:01.920  1669  1669 E HWComposer: getSupportedPerFrameMetadata: getSupportedPerFrameMetadata failed for display 0: Unsupported (8)
11-08 17:09:01.920  1546  1546 D gralloc_ranchu: gralloc_alloc: Creating ashmem region of size 823296
11-08 17:09:01.921  1546  1546 D gralloc_ranchu: gralloc_alloc: Creating ashmem region of size 823296
11-08 17:09:01.922  1669  1669 D EGL_emulation: eglMakeCurrent: 0x702979046820: ver 3 0 (tinfo 0x70297902c680)
11-08 17:09:01.923  1722  1722 I SystemServer: InitBeforeStartServices
11-08 17:09:01.924  1722  1722 W SystemServer: Timezone not set; setting to GMT.
11-08 17:09:01.923  1699  1699 I media.codec: mediacodecservice starting
11-08 17:09:01.927  1699  1699 W media.codec: Could not read additional policy file '/vendor/etc/seccomp_policy/mediacodec.policy'
11-08 17:09:01.927  1699  1699 W media.codec: libminijail[1699]: failed to get path of fd 5: No such file or directory
11-08 17:09:01.927  1699  1699 W media.codec: libminijail[1699]: allowing syscall: socketcall
11-08 17:09:01.927  1699  1699 W media.codec: libminijail[1699]: allowing syscall: writev
11-08 17:09:01.927  1699  1699 W media.codec: libminijail[1699]: allowing syscall: fcntl64
11-08 17:09:01.927  1699  1699 W media.codec: libminijail[1699]: allowing syscall: clock_gettime
11-08 17:09:01.931  1699  1699 W media.codec: libminijail[1699]: logging seccomp filter failures
11-08 17:09:01.943  1699  1699 W MediaCodecsXmlParser: unable to open media codecs configuration xml file: /data/misc/media/media_codecs_profiling_results.xml
11-08 17:09:01.943  1699  1699 W MediaCodecsXmlParser: parseTopLevelXMLFile(/data/misc/media/media_codecs_profiling_results.xml) failed
11-08 17:09:01.945  1722  1722 I SystemServer: Entered the Android system server!
11-08 17:09:01.945  1699  1699 I ServiceManagement: Removing namespace from process name android.hardware.media.omx@1.0-service to omx@1.0-service.
11-08 17:09:01.953  1699  1699 E vndksupport: Could not load libstagefrighthw.so from default namespace: dlopen failed: library "libstagefrighthw.so" not found.
11-08 17:09:01.983  1699  1699 W MediaCodecsXmlParser: unable to open media codecs configuration xml file: /data/misc/media/media_codecs_profiling_results.xml
11-08 17:09:01.983  1699  1699 W MediaCodecsXmlParser: parseTopLevelXMLFile(/data/misc/media/media_codecs_profiling_results.xml) failed
11-08 17:09:01.983  1699  1699 I ServiceManagement: Removing namespace from process name android.hardware.media.omx@1.0-service to omx@1.0-service.
11-08 17:09:01.990  1699  1699 I media.codec: IOmx HAL service created.
11-08 17:09:02.016  1669  1669 D SurfaceFlinger: shader cache generated - 24 shaders in 92.926285 ms
11-08 17:09:02.016  1669  1669 D SurfaceFlinger: Set power mode=2, type=0 flinger=0x702979058000
11-08 17:09:02.016  1669  1669 D SurfaceFlinger: Finished set power mode=2, type=0
11-08 17:09:02.019  1682  1682 W /system/bin/mediaextractor: No seccomp policy defined for this architecture.
11-08 17:09:02.108  1672  1672 I cameraserver: ServiceManager: 0xeee9a700
11-08 17:09:02.108  1672  1672 I CameraService: CameraService started (pid=1672)
11-08 17:09:02.108  1672  1672 I CameraService: CameraService process starting
11-08 17:09:02.109  1672  1672 W BatteryNotifier: batterystats service unavailable!
11-08 17:09:02.109  1672  1672 W BatteryNotifier: batterystats service unavailable!
11-08 17:09:02.110  1672  1672 I CameraProviderManager: Connecting to new camera provider: legacy/0, isRemote? 1
11-08 17:09:02.110  1672  1672 I CameraProviderManager: Enumerating new camera device: device@3.3/legacy/0
11-08 17:09:02.110  1672  1672 I CameraProviderManager: Camera provider legacy/0 ready with 1 camera devices
11-08 17:09:02.111  1483  1483 W hwservicemanager: getTransport: Cannot find entry android.hardware.camera.provider@2.4::ICameraProvider/external/0 in either framework or device manifest.
11-08 17:09:02.111  1672  1672 I CameraHardwareInterface: Opening camera 0
11-08 17:09:02.111  1672  1672 E CameraHardwareInterface: initialize: openSession failed! No such file or directory (-2)
11-08 17:09:02.111  1672  1672 E CameraFlashlight: connectCameraDevice: initializing camera 0 failed
11-08 17:09:02.111  1672  1672 I CameraHardwareInterface: Destroying camera 0
11-08 17:09:02.111  1672  1672 E CameraFlashlight: findFlashUnits: failed to check if camera 0 has a flash unit. No such file or directory (-2)
11-08 17:09:02.111  1672  1672 I CameraService: onDeviceStatusChanged: Status changed for cameraId=0, newStatus=1
11-08 17:09:02.111  1672  1672 I CameraService: onDeviceStatusChanged: Unknown camera ID 0, a new camera is added
11-08 17:09:02.112  1672  1672 I         : Waiting for activity service
11-08 17:09:02.114  1672  1793 W CameraProviderManager: addProviderLocked: Camera provider HAL with name 'legacy/0' already registered
11-08 17:09:02.115  1672  1793 I CameraService: onDeviceStatusChanged: Status changed for cameraId=0, newStatus=1
11-08 17:09:02.115  1672  1793 E CameraService: onDeviceStatusChanged: State transition to the same status 0x1 not allowed
11-08 17:09:02.122  1684  1684 I mediaserver: ServiceManager: 0xf069ab60
11-08 17:09:02.123  1684  1684 W BatteryNotifier: batterystats service unavailable!
11-08 17:09:02.129  1722  1722 E UsbAlsaJackDetectorJNI: Can't register UsbAlsaJackDetector native methods
11-08 17:09:02.139  1722  1722 D SystemServerTiming: InitBeforeStartServices took to complete: 216ms
11-08 17:09:02.139  1722  1722 I SystemServer: StartServices
11-08 17:09:02.139  1722  1722 I SystemServer: Reading configuration...
11-08 17:09:02.139  1722  1722 I SystemServer: ReadingSystemConfig
11-08 17:09:02.139  1722  1722 D SystemServerTiming: ReadingSystemConfig took to complete: 0ms
11-08 17:09:02.139  1722  1722 I SystemServer: StartInstaller
11-08 17:09:02.139  1722  1722 I SystemServiceManager: Starting com.android.server.pm.Installer
11-08 17:09:02.141  1675  1701 D installd: Found quota mount /dev/block/dm-0 at /data
11-08 17:09:02.141  1722  1722 D SystemServerTiming: StartInstaller took to complete: 2ms
11-08 17:09:02.141  1722  1722 I SystemServer: DeviceIdentifiersPolicyService
11-08 17:09:02.141  1722  1722 I SystemServiceManager: Starting com.android.server.os.DeviceIdentifiersPolicyService
11-08 17:09:02.141  1722  1722 D SystemServerTiming: DeviceIdentifiersPolicyService took to complete: 0ms
11-08 17:09:02.141  1722  1722 I SystemServer: StartActivityManager
11-08 17:09:02.141  1722  1722 I SystemServiceManager: Starting com.android.server.am.ActivityManagerService$Lifecycle
11-08 17:09:02.145  1722  1799 D SystemServerInitThreadPool: Started executing ReadingSystemConfig
11-08 17:09:02.169  1722  1722 I ActivityManager: Memory class: 384
11-08 17:09:02.177  1722  1799 D SystemServerInitThreadPool: Finished executing ReadingSystemConfig
11-08 17:09:02.195  1722  1722 D BatteryStatsImpl: Reading daily items from /data/system/batterystats-daily.xml
11-08 17:09:02.227  1722  1816 E BluetoothAdapter: Bluetooth binder is null
11-08 17:09:02.230  1722  1816 E BatteryExternalStatsWorker: no controller energy info supplied for telephony
11-08 17:09:02.231  1722  1816 I KernelUidCpuFreqTimeReader: mPerClusterTimesAvailable=false
11-08 17:09:02.233  1722  1816 W KernelCpuProcReader: File not exist: /proc/uid_cpupower/time_in_state
11-08 17:09:02.233  1722  1816 W KernelCpuProcReader: File not exist: /proc/uid_cpupower/concurrent_active_time
11-08 17:09:02.233  1722  1816 W KernelCpuProcReader: File not exist: /proc/uid_cpupower/concurrent_policy_time
11-08 17:09:02.233  1722  1816 E KernelCpuSpeedReader: Failed to read cpu-freq: /sys/devices/system/cpu/cpu0/cpufreq/stats/time_in_state (No such file or directory)
11-08 17:09:02.234  1722  1816 W KernelMemoryBandwidthStats: No kernel memory bandwidth stats available
11-08 17:09:02.235  1722  1816 I PowerManagerService-JNI: Loaded power HAL 1.0 service
11-08 17:09:02.246  1483  1483 W hwservicemanager: getTransport: Cannot find entry android.hardware.memtrack@1.0::IMemtrack/default in either framework or device manifest.
11-08 17:09:02.250  1722  1722 E memtrack: Couldn't load memtrack module
11-08 17:09:02.250  1722  1722 W android.os.Debug: failed to get memory consumption info: -1
11-08 17:09:02.252  1722  1722 I AppOps  : No existing app ops /data/system/appops.xml; starting empty
11-08 17:09:02.262  1722  1722 I IntentFirewall: Read new rules (A:0 B:0 S:0)
11-08 17:09:02.279  1722  1722 W libprocessgroup: Failed to remove /acct/uid_0/pid_1133: Device or resource busy
11-08 17:09:02.280  1722  1722 W libprocessgroup: Failed to remove /acct/uid_0/pid_1491: Device or resource busy
11-08 17:09:02.280  1722  1722 W libprocessgroup: Failed to remove /acct/uid_0/pid_1534: Device or resource busy
11-08 17:09:02.280  1722  1722 W libprocessgroup: Failed to remove /acct/uid_0/pid_1556: Device or resource busy
11-08 17:09:02.280  1722  1722 W libprocessgroup: Failed to remove /acct/uid_0/pid_1558: Device or resource busy
11-08 17:09:02.280  1722  1722 W libprocessgroup: Failed to remove /acct/uid_0/pid_1570: Device or resource busy
11-08 17:09:02.280  1722  1722 W libprocessgroup: Failed to remove /acct/uid_0/pid_1670: Device or resource busy
11-08 17:09:02.280  1722  1722 W libprocessgroup: Failed to remove /acct/uid_0/pid_1671: Device or resource busy
11-08 17:09:02.280  1722  1722 W libprocessgroup: Failed to remove /acct/uid_0/pid_1675: Device or resource busy
11-08 17:09:02.280  1722  1722 W libprocessgroup: Failed to remove /acct/uid_0/pid_1689: Device or resource busy
11-08 17:09:02.280  1722  1722 W libprocessgroup: Failed to remove /acct/uid_0/pid_1697: Device or resource busy
11-08 17:09:02.280  1722  1722 W libprocessgroup: Failed to remove /acct/uid_0/pid_1703: Device or resource busy
11-08 17:09:02.280  1722  1722 W libprocessgroup: Failed to remove /acct/uid_0/pid_1705: Device or resource busy
11-08 17:09:02.280  1722  1722 W libprocessgroup: Failed to remove /acct/uid_0: Permission denied
11-08 17:09:02.280  1722  1722 W libprocessgroup: Failed to remove /acct/uid_1000/pid_1482: Device or resource busy
11-08 17:09:02.280  1722  1722 W libprocessgroup: Failed to remove /acct/uid_1000/pid_1483: Device or resource busy
11-08 17:09:02.280  1722  1722 W libprocessgroup: Failed to remove /acct/uid_1000/pid_1484: Device or resource busy
11-08 17:09:02.280  1722  1722 W libprocessgroup: Failed to remove /acct/uid_1000/pid_1490: Device or resource busy
11-08 17:09:02.280  1722  1722 W libprocessgroup: Failed to remove /acct/uid_1000/pid_1533: Device or resource busy
11-08 17:09:02.280  1722  1722 W libprocessgroup: Failed to remove /acct/uid_1000/pid_1535: Device or resource busy
11-08 17:09:02.280  1722  1722 W libprocessgroup: Failed to remove /acct/uid_1000/pid_1540: Device or resource busy
11-08 17:09:02.280  1722  1722 W libprocessgroup: Failed to remove /acct/uid_1000/pid_1544: Device or resource busy
11-08 17:09:02.280  1722  1722 W libprocessgroup: Failed to remove /acct/uid_1000/pid_1546: Device or resource busy
11-08 17:09:02.280  1722  1722 W libprocessgroup: Failed to remove /acct/uid_1000/pid_1548: Device or resource busy
11-08 17:09:02.280  1722  1722 W libprocessgroup: Failed to remove /acct/uid_1000/pid_1549: Device or resource busy
11-08 17:09:02.280  1722  1722 W libprocessgroup: Failed to remove /acct/uid_1000/pid_1550: Device or resource busy
11-08 17:09:02.280  1722  1722 W libprocessgroup: Failed to remove /acct/uid_1000/pid_1560: Device or resource busy
11-08 17:09:02.280  1722  1722 W libprocessgroup: Failed to remove /acct/uid_1000/pid_1669: Device or resource busy
11-08 17:09:02.280  1722  1722 W libprocessgroup: Failed to remove /acct/uid_1000/pid_1704: Device or resource busy
11-08 17:09:02.280  1722  1722 W libprocessgroup: Failed to remove /acct/uid_1000/pid_1710: Device or resource busy
11-08 17:09:02.280  1722  1722 W libprocessgroup: Failed to remove /acct/uid_1000/pid_1746: Device or resource busy
11-08 17:09:02.280  1722  1722 W libprocessgroup: Failed to remove /acct/uid_1000: Permission denied
11-08 17:09:02.280  1722  1722 W libprocessgroup: Failed to remove /acct/uid_1001/pid_1700: Device or resource busy
11-08 17:09:02.280  1722  1722 W libprocessgroup: Failed to remove /acct/uid_1001: Permission denied
11-08 17:09:02.280  1722  1722 W libprocessgroup: Failed to remove /acct/uid_1003/pid_1789: Device or resource busy
11-08 17:09:02.280  1722  1722 W libprocessgroup: Failed to remove /acct/uid_1003: Permission denied
11-08 17:09:02.280  1722  1722 W libprocessgroup: Failed to remove /acct/uid_1010/pid_1553: Device or resource busy
11-08 17:09:02.280  1722  1722 W libprocessgroup: Failed to remove /acct/uid_1010/pid_1698: Device or resource busy
11-08 17:09:02.280  1722  1722 W libprocessgroup: Failed to remove /acct/uid_1010: Permission denied
11-08 17:09:02.280  1722  1722 W libprocessgroup: Failed to remove /acct/uid_1013/pid_1539: Device or resource busy
11-08 17:09:02.280  1722  1722 W libprocessgroup: Failed to remove /acct/uid_1013/pid_1541: Device or resource busy
11-08 17:09:02.280  1722  1722 W libprocessgroup: Failed to remove /acct/uid_1013/pid_1542: Device or resource busy
11-08 17:09:02.280  1722  1722 W libprocessgroup: Failed to remove /acct/uid_1013/pid_1543: Device or resource busy
11-08 17:09:02.280  1722  1722 W libprocessgroup: Failed to remove /acct/uid_1013/pid_1679: Device or resource busy
11-08 17:09:02.280  1722  1722 W libprocessgroup: Failed to remove /acct/uid_1013/pid_1683: Device or resource busy
11-08 17:09:02.280  1722  1722 W libprocessgroup: Failed to remove /acct/uid_1013/pid_1684: Device or resource busy
11-08 17:09:02.280  1722  1722 W libprocessgroup: Failed to remove /acct/uid_1013: Permission denied
11-08 17:09:02.280  1722  1722 W libprocessgroup: Failed to remove /acct/uid_1017/pid_1677: Device or resource busy
11-08 17:09:02.280  1722  1722 W libprocessgroup: Failed to remove /acct/uid_1017: Permission denied
11-08 17:09:02.280  1722  1722 W libprocessgroup: Failed to remove /acct/uid_1019/pid_1673: Device or resource busy
11-08 17:09:02.280  1722  1722 W libprocessgroup: Failed to remove /acct/uid_1019: Permission denied
11-08 17:09:02.280  1722  1722 W libprocessgroup: Failed to remove /acct/uid_1021/pid_1545: Device or resource busy
11-08 17:09:02.280  1722  1722 W libprocessgroup: Failed to remove /acct/uid_1021: Permission denied
11-08 17:09:02.280  1722  1722 W libprocessgroup: Failed to remove /acct/uid_1036/pid_1481: Device or resource busy
11-08 17:09:02.280  1722  1722 W libprocessgroup: Failed to remove /acct/uid_1036/pid_1567: Device or resource busy
11-08 17:09:02.280  1722  1722 W libprocessgroup: Failed to remove /acct/uid_1036: Permission denied
11-08 17:09:02.280  1722  1722 W libprocessgroup: Failed to remove /acct/uid_1040/pid_1682: Device or resource busy
11-08 17:09:02.280  1722  1722 W libprocessgroup: Failed to remove /acct/uid_1040: Permission denied
11-08 17:09:02.280  1722  1722 W libprocessgroup: Failed to remove /acct/uid_1041/pid_1536: Device or resource busy
11-08 17:09:02.280  1722  1722 W libprocessgroup: Failed to remove /acct/uid_1041/pid_1537: Device or resource busy
11-08 17:09:02.280  1722  1722 W libprocessgroup: Failed to remove /acct/uid_1041/pid_1557: Device or resource busy
11-08 17:09:02.280  1722  1722 W libprocessgroup: Failed to remove /acct/uid_1041: Permission denied
11-08 17:09:02.280  1722  1722 W libprocessgroup: Failed to remove /acct/uid_1046/pid_1699: Device or resource busy
11-08 17:09:02.280  1722  1722 W libprocessgroup: Failed to remove /acct/uid_1046: Permission denied
11-08 17:09:02.280  1722  1722 W libprocessgroup: Failed to remove /acct/uid_1047/pid_1538: Device or resource busy
11-08 17:09:02.281  1722  1722 W libprocessgroup: Failed to remove /acct/uid_1047/pid_1672: Device or resource busy
11-08 17:09:02.281  1722  1722 W libprocessgroup: Failed to remove /acct/uid_1047: Permission denied
11-08 17:09:02.281  1722  1722 W libprocessgroup: Failed to remove /acct/uid_1058/pid_1706: Device or resource busy
11-08 17:09:02.281  1722  1722 W libprocessgroup: Failed to remove /acct/uid_1058: Permission denied
11-08 17:09:02.281  1722  1722 W libprocessgroup: Failed to remove /acct/uid_1066/pid_1690: Device or resource busy
11-08 17:09:02.281  1722  1722 W libprocessgroup: Failed to remove /acct/uid_1066: Permission denied
11-08 17:09:02.281  1722  1722 W libprocessgroup: Failed to remove /acct/uid_1067/pid_1674: Device or resource busy
11-08 17:09:02.281  1722  1722 W libprocessgroup: Failed to remove /acct/uid_1067: Permission denied
11-08 17:09:02.281  1722  1722 W libprocessgroup: Failed to remove /acct/uid_2000/pid_1569: Device or resource busy
11-08 17:09:02.281  1722  1722 W libprocessgroup: Failed to remove /acct/uid_2000: Permission denied
11-08 17:09:02.283  1722  1722 D AppOps  : AppOpsService published
11-08 17:09:02.289  1722  1722 D SystemServerTiming: StartActivityManager took to complete: 148ms
11-08 17:09:02.289  1722  1722 I SystemServer: StartPowerManager
11-08 17:09:02.289  1722  1722 I SystemServiceManager: Starting com.android.server.power.PowerManagerService
11-08 17:09:02.302  1722  1722 D SystemServerTiming: StartPowerManager took to complete: 13ms
11-08 17:09:02.302  1722  1722 I SystemServer: InitPowerManagement
11-08 17:09:02.303  1722  1722 D SystemServerTiming: InitPowerManagement took to complete: 1ms
11-08 17:09:02.303  1722  1722 I SystemServer: StartRecoverySystemService
11-08 17:09:02.303  1722  1722 I SystemServiceManager: Starting com.android.server.RecoverySystemService
11-08 17:09:02.304  1722  1722 D SystemServerTiming: StartRecoverySystemService took to complete: 1ms
11-08 17:09:02.305  1722  1722 W RescueParty: Failed to determine if device was on USB
11-08 17:09:02.305  1722  1722 W RescueParty: java.io.FileNotFoundException: /sys/class/android_usb/android0/state (No such file or directory)
11-08 17:09:02.305  1722  1722 W RescueParty: 	at java.io.FileInputStream.open0(Native Method)
11-08 17:09:02.305  1722  1722 W RescueParty: 	at java.io.FileInputStream.open(FileInputStream.java:231)
11-08 17:09:02.305  1722  1722 W RescueParty: 	at java.io.FileInputStream.<init>(FileInputStream.java:165)
11-08 17:09:02.305  1722  1722 W RescueParty: 	at android.os.FileUtils.readTextFile(FileUtils.java:514)
11-08 17:09:02.305  1722  1722 W RescueParty: 	at com.android.server.RescueParty.isUsbActive(RescueParty.java:348)
11-08 17:09:02.305  1722  1722 W RescueParty: 	at com.android.server.RescueParty.isDisabled(RescueParty.java:88)
11-08 17:09:02.305  1722  1722 W RescueParty: 	at com.android.server.RescueParty.noteBoot(RescueParty.java:107)
11-08 17:09:02.305  1722  1722 W RescueParty: 	at com.android.server.SystemServer.startBootstrapServices(SystemServer.java:587)
11-08 17:09:02.305  1722  1722 W RescueParty: 	at com.android.server.SystemServer.run(SystemServer.java:429)
11-08 17:09:02.305  1722  1722 W RescueParty: 	at com.android.server.SystemServer.main(SystemServer.java:294)
11-08 17:09:02.305  1722  1722 W RescueParty: 	at java.lang.reflect.Method.invoke(Native Method)
11-08 17:09:02.305  1722  1722 W RescueParty: 	at com.android.internal.os.RuntimeInit$MethodAndArgsCaller.run(RuntimeInit.java:493)
11-08 17:09:02.305  1722  1722 W RescueParty: 	at com.android.internal.os.ZygoteInit.main(ZygoteInit.java:838)
11-08 17:09:02.306  1722  1722 W RescueParty: Noticed 1 events for UID 0 in last 11 sec
11-08 17:09:02.306  1722  1722 I SystemServer: StartLightsService
11-08 17:09:02.306  1722  1722 I SystemServiceManager: Starting com.android.server.lights.LightsService
11-08 17:09:02.307  1722  1722 D SystemServerTiming: StartLightsService took to complete: 1ms
11-08 17:09:02.307  1722  1722 I SystemServer: StartSidekickService
11-08 17:09:02.307  1722  1722 D SystemServerTiming: StartSidekickService took to complete: 0ms
11-08 17:09:02.307  1722  1722 I SystemServer: StartDisplayManager
11-08 17:09:02.307  1722  1722 I SystemServiceManager: Starting com.android.server.display.DisplayManagerService
11-08 17:09:02.310  1722  1722 D SystemServerTiming: StartDisplayManager took to complete: 3ms
11-08 17:09:02.310  1722  1722 I SystemServer: WaitForDisplay
11-08 17:09:02.310  1722  1722 I SystemServiceManager: Starting phase 100
11-08 17:09:02.311  1669  1719 E SurfaceFlinger: ro.sf.lcd_density must be defined as a build property
11-08 17:09:02.313  1722  1824 E LocalDisplayAdapter: Default and active color mode is no longer available! Reverting to first available mode.
11-08 17:09:02.316  1722  1824 I DisplayManagerService: Display device added: DisplayDeviceInfo{"Built-in Screen": uniqueId="local:0", 320 x 640, modeId 1, defaultModeId 1, supportedModes [{id=1, width=320, height=640, fps=60.000004}], colorMode -1, supportedColorModes [-1], HdrCapabilities android.view.Display$HdrCapabilities@40f16308, density 160, 160.0 x 160.0 dpi, appVsyncOff 1000000, presDeadline 16666666, touch INTERNAL, rotation 0, type BUILT_IN, state UNKNOWN, FLAG_DEFAULT_DISPLAY, FLAG_ROTATES_WITH_CONTENT, FLAG_SECURE, FLAG_SUPPORTS_PROTECTED_BUFFERS}
11-08 17:09:02.320  1669  1669 D SurfaceFlinger: Set power mode=2, type=0 flinger=0x702979058000
11-08 17:09:02.320  1483  1483 W hwservicemanager: getTransport: Cannot find entry android.hardware.light@2.0::ILight/default in either framework or device manifest.
11-08 17:09:02.320  1722  1824 E LightsService: Unable to get ILight interface.
11-08 17:09:02.320  1722  1722 D SystemServerTiming: WaitForDisplay took to complete: 10ms
11-08 17:09:02.320  1722  1722 I SystemServer: StartPackageManagerService
11-08 17:09:02.321  1722  1824 W StrictMode: No activity manager; failed to Dropbox violation.
11-08 17:09:02.321  1722  1824 I DisplayManagerService: Display device changed state: "Built-in Screen", ON
11-08 17:09:02.341  1722  1722 W FileUtils: Failed to chmod(/data/system/packages.list): android.system.ErrnoException: chmod failed: ENOENT (No such file or directory)
11-08 17:09:02.349  1722  1722 D SELinuxMMAC: Using policy file /system/etc/selinux/plat_mac_permissions.xml
11-08 17:09:02.350  1722  1722 D SELinuxMMAC: Using policy file /vendor/etc/selinux/vendor_mac_permissions.xml
11-08 17:09:02.321  1722  1824 I chatty  : uid=1000(system) android.display identical 2 lines
11-08 17:09:02.321  1722  1824 W StrictMode: No activity manager; failed to Dropbox violation.
11-08 17:09:02.351  1722  1722 D FallbackCategoryProvider: Found 1 fallback categories
11-08 17:09:02.352  1722  1722 I PackageManager: No settings file; creating initial state
11-08 17:09:02.367  1722  1722 I PackageManager: /vendor/overlay/DisplayCutoutEmulationDouble changed; collecting certs
11-08 17:09:02.385  1722  1722 I PackageManager: /vendor/overlay/DisplayCutoutEmulationTall changed; collecting certs
11-08 17:09:02.386  1722  1722 I PackageManager: /vendor/overlay/DisplayCutoutEmulationCorner changed; collecting certs
11-08 17:09:02.390  1722  1722 I PackageManager: /vendor/overlay/SysuiDarkTheme changed; collecting certs
11-08 17:09:02.391  1722  1722 I PackageManager: /vendor/overlay/DisplayCutoutEmulationEmu01 changed; collecting certs
11-08 17:09:02.392  1722  1722 D PackageManager: No files in app dir /product/overlay
11-08 17:09:02.394  1722  1722 W PackageManager: Failed to parse /system/framework/x86: Missing base APK in /system/framework/x86
11-08 17:09:02.394  1722  1722 W PackageManager: Failed to parse /system/framework/oat: Missing base APK in /system/framework/oat
11-08 17:09:02.397  1722  1722 W PackageManager: Failed to parse /system/framework/x86_64: Missing base APK in /system/framework/x86_64
11-08 17:09:02.413  1669  1719 E SurfaceFlinger: ro.sf.lcd_density must be defined as a build property
11-08 17:09:02.414  1789  1842 D libEGL  : Emulator has host GPU support, qemu.gles is set to 1.
11-08 17:09:02.414  1789  1842 E vndksupport: Could not load /vendor/lib64/egl/libGLES_emulation.so from sphal namespace: dlopen failed: library "/vendor/lib64/egl/libGLES_emulation.so" not found.
11-08 17:09:02.414  1789  1842 E libEGL  : load_driver(/vendor/lib64/egl/libGLES_emulation.so): unknown
11-08 17:09:02.416  1789  1842 D libEGL  : loaded /vendor/lib64/egl/libEGL_emulation.so
11-08 17:09:02.417  1789  1842 D libEGL  : loaded /vendor/lib64/egl/libGLESv1_CM_emulation.so
11-08 17:09:02.423  1722  1722 I PackageManager: /system/framework/framework-res.apk changed; collecting certs
11-08 17:09:02.425  1722  1722 E PackageManager: Adding duplicate shared id: 1000 name=android
11-08 17:09:02.434  1789  1842 D libEGL  : loaded /vendor/lib64/egl/libGLESv2_emulation.so
11-08 17:09:02.451  1722  1722 I PackageManager: New shared user android.uid.calendar: id=10005
11-08 17:09:02.451  1722  1722 I PackageManager: /system/priv-app/CalendarProvider changed; collecting certs
11-08 17:09:02.453  1722  1722 E PackageManager: Adding duplicate user id: 10005 name=com.android.providers.calendar
11-08 17:09:02.454  1722  1722 I PackageManager: /system/priv-app/TelephonyProvider changed; collecting certs
11-08 17:09:02.456  1722  1722 E PackageManager: Adding duplicate shared id: 1001 name=com.android.providers.telephony
11-08 17:09:02.456  1722  1722 I PackageManager: New shared user android.uid.shared: id=10006
11-08 17:09:02.456  1722  1722 I PackageManager: /system/priv-app/UserDictionaryProvider changed; collecting certs
11-08 17:09:02.458  1722  1722 E PackageManager: Adding duplicate user id: 10006 name=com.android.providers.userdictionary
11-08 17:09:02.459  1722  1722 I PackageManager: /system/priv-app/SettingsIntelligence changed; collecting certs
11-08 17:09:02.466  1722  1722 I PackageManager: /system/priv-app/FusedLocation changed; collecting certs
11-08 17:09:02.467  1722  1722 E PackageManager: Adding duplicate shared id: 1000 name=com.android.location.fused
11-08 17:09:02.474  1789  1842 D         : HostConnection::get() New Host Connection established 0x7f1212af83c0, tid 1842
11-08 17:09:02.475  1722  1722 I PackageManager: /system/priv-app/Provision changed; collecting certs
11-08 17:09:02.496  1722  1846 W PackageParser: Unknown element under <manifest>: meta-data at /system/priv-app/Dialer/Dialer.apk Binary XML file line #111
11-08 17:09:02.497  1722  1845 W PackageParser: No actions in intent filter at /system/priv-app/Contacts/Contacts.apk Binary XML file line #443
11-08 17:09:02.502  1789  1842 I ConfigStore: android::hardware::configstore::V1_0::ISurfaceFlingerConfigs::hasWideColorDisplay retrieved: 0
11-08 17:09:02.503  1789  1842 I ConfigStore: android::hardware::configstore::V1_0::ISurfaceFlingerConfigs::hasHDRDisplay retrieved: 0
11-08 17:09:02.504  1546  1546 D gralloc_ranchu: gralloc_alloc: Creating ashmem region of size 823296
11-08 17:09:02.505  1669  1719 D         : HostConnection::get() New Host Connection established 0x702979121000, tid 1719
11-08 17:09:02.508  1722  1847 W PackageParser: Ignoring duplicate uses-permissions/uses-permissions-sdk-m: android.permission.CONFIGURE_WIFI_DISPLAY in package: com.android.systemui at: Binary XML file line #134
11-08 17:09:02.515  1722  1722 I PackageManager: /system/priv-app/Contacts changed; collecting certs
11-08 17:09:02.519  1722  1845 W PackageParser: Ignoring duplicate uses-permissions/uses-permissions-sdk-m: android.permission.INSTALL_GRANT_RUNTIME_PERMISSIONS in package: com.android.shell at: Binary XML file line #111
11-08 17:09:02.522  1722  1722 I PackageManager: /system/priv-app/Dialer changed; collecting certs
11-08 17:09:02.536  1722  1722 I PackageManager: New shared user android.media: id=10011
11-08 17:09:02.537  1722  1722 I PackageManager: /system/priv-app/MtpDocumentsProvider changed; collecting certs
11-08 17:09:02.538  1789  1842 D EGL_emulation: eglCreateContext: 0x7f1212a41a00: maj 1 min 0 rcv 1
11-08 17:09:02.543  1722  1722 E PackageManager: Adding duplicate user id: 10011 name=com.android.mtp
11-08 17:09:02.546  1789  1842 D EGL_emulation: eglMakeCurrent: 0x7f1212a41a00: ver 1 0 (tinfo 0x7f1212acfaa0)
11-08 17:09:02.548  1789  1842 D BootAnimation: BootAnimationShownTiming start time: 11548ms
11-08 17:09:02.562  1722  1722 I PackageManager: New shared user android.uid.systemui: id=10012
11-08 17:09:02.562  1722  1722 I PackageManager: /system/priv-app/SystemUI changed; collecting certs
11-08 17:09:02.564  1722  1722 E PackageManager: Adding duplicate user id: 10012 name=com.android.systemui
11-08 17:09:02.564  1722  1722 I PackageManager: /system/priv-app/SdkSetup changed; collecting certs
11-08 17:09:02.604  1722  1722 I PackageManager: /system/priv-app/MmsService changed; collecting certs
11-08 17:09:02.612  1722  1722 E PackageManager: Adding duplicate shared id: 1001 name=com.android.mms.service
11-08 17:09:02.612  1722  1722 I PackageManager: /system/priv-app/Shell changed; collecting certs
11-08 17:09:02.613  1722  1722 E PackageManager: Adding duplicate shared id: 2000 name=com.android.shell
11-08 17:09:02.613  1722  1722 I PackageManager: /system/priv-app/SettingsProvider changed; collecting certs
11-08 17:09:02.614  1722  1722 E PackageManager: Adding duplicate shared id: 1000 name=com.android.providers.settings
11-08 17:09:02.614  1722  1722 I PackageManager: /system/priv-app/CarrierConfig changed; collecting certs
11-08 17:09:02.615  1722  1722 I PackageManager: /system/priv-app/InputDevices changed; collecting certs
11-08 17:09:02.616  1722  1722 E PackageManager: Adding duplicate shared id: 1000 name=com.android.inputdevices
11-08 17:09:02.616  1722  1722 I PackageManager: /system/priv-app/StorageManager changed; collecting certs
11-08 17:09:02.631  1722  1722 I PackageManager: /system/priv-app/ExternalStorageProvider changed; collecting certs
11-08 17:09:02.637  1722  1722 I PackageManager: /system/priv-app/WallpaperCropper changed; collecting certs
11-08 17:09:02.641  1722  1722 I PackageManager: /system/priv-app/BlockedNumberProvider changed; collecting certs
11-08 17:09:02.644  1722  1722 E PackageManager: Adding duplicate user id: 10006 name=com.android.providers.blockednumber
11-08 17:09:02.646  1722  1722 I PackageManager: /system/priv-app/DocumentsUI changed; collecting certs
11-08 17:09:02.649  1722  1722 I PackageManager: New shared user com.android.emergency.uid: id=10019
11-08 17:09:02.649  1722  1722 I PackageManager: /system/priv-app/EmergencyInfo changed; collecting certs
11-08 17:09:02.656  1722  1722 E PackageManager: Adding duplicate user id: 10019 name=com.android.emergency
11-08 17:09:02.658  1722  1722 I PackageManager: /system/priv-app/DownloadProvider changed; collecting certs
11-08 17:09:02.662  1722  1722 E PackageManager: Adding duplicate user id: 10011 name=com.android.providers.downloads
11-08 17:09:02.663  1722  1722 I PackageManager: /system/priv-app/Telecom changed; collecting certs
11-08 17:09:02.667  1546  1546 D gralloc_ranchu: gralloc_alloc: Creating ashmem region of size 823296
11-08 17:09:02.672  1722  1844 W PackageParser: Ignoring duplicate uses-permissions/uses-permissions-sdk-m: android.permission.READ_EXTERNAL_STORAGE in package: com.android.launcher3 at: Binary XML file line #80
11-08 17:09:02.678  1722  1722 E PackageManager: Adding duplicate shared id: 1000 name=com.android.server.telecom
11-08 17:09:02.681  1722  1722 I PackageManager: /system/priv-app/PackageInstaller changed; collecting certs
11-08 17:09:02.681  1669  1669 I SurfaceFlinger: Enter boot animation
11-08 17:09:02.682  1746  1766 D         : HostConnection::get() New Host Connection established 0x7bab8462d780, tid 1766
11-08 17:09:02.689  1722  1722 I PackageManager: /system/priv-app/MediaProvider changed; collecting certs
11-08 17:09:02.695  1722  1722 E PackageManager: Adding duplicate user id: 10011 name=com.android.providers.media
11-08 17:09:02.696  1722  1722 I PackageManager: /system/priv-app/BackupRestoreConfirmation changed; collecting certs
11-08 17:09:02.729  1722  1722 I PackageManager: /system/priv-app/OneTimeInitializer changed; collecting certs
11-08 17:09:02.736  1722  1722 I PackageManager: /system/priv-app/ExtServices changed; collecting certs
11-08 17:09:02.739  1722  1722 I PackageManager: /system/priv-app/DownloadProviderUi changed; collecting certs
11-08 17:09:02.747  1722  1722 E PackageManager: Adding duplicate user id: 10011 name=com.android.providers.downloads.ui
11-08 17:09:02.747  1722  1722 I PackageManager: /system/priv-app/MusicFX changed; collecting certs
11-08 17:09:02.751  1722  1722 I PackageManager: /system/priv-app/VpnDialogs changed; collecting certs
11-08 17:09:02.753  1722  1722 I PackageManager: /system/priv-app/DefaultContainerService changed; collecting certs
11-08 17:09:02.755  1722  1722 I PackageManager: /system/priv-app/CtsShimPrivPrebuilt changed; collecting certs
11-08 17:09:02.772  1722  1722 I PackageManager: /system/priv-app/ProxyHandler changed; collecting certs
11-08 17:09:02.776  1722  1722 I PackageManager: /system/priv-app/SharedStorageBackup changed; collecting certs
11-08 17:09:02.782  1722  1722 I PackageManager: /system/priv-app/Launcher3QuickStep changed; collecting certs
11-08 17:09:02.783  1722  1722 I PackageManager: /system/priv-app/TeleService changed; collecting certs
11-08 17:09:02.784  1722  1722 E PackageManager: Adding duplicate shared id: 1001 name=com.android.phone
11-08 17:09:02.784  1722  1722 I PackageManager: /system/priv-app/StatementService changed; collecting certs
11-08 17:09:02.785  1722  1722 I PackageManager: /system/priv-app/CallLogBackup changed; collecting certs
11-08 17:09:02.792  1722  1846 I PackageParser: Parse times for '/system/priv-app/Settings': parse=101ms, update_cache=2 ms
11-08 17:09:02.800  1722  1722 E PackageManager: Adding duplicate user id: 10006 name=com.android.calllogbackup
11-08 17:09:02.801  1722  1722 I PackageManager: /system/priv-app/CellBroadcastReceiver changed; collecting certs
11-08 17:09:02.802  1722  1722 I PackageManager: /system/priv-app/ManagedProvisioning changed; collecting certs
11-08 17:09:02.803  1722  1722 I PackageManager: /system/priv-app/ContactsProvider changed; collecting certs
11-08 17:09:02.804  1722  1722 E PackageManager: Adding duplicate user id: 10006 name=com.android.providers.contacts
11-08 17:09:02.804  1722  1722 I PackageManager: /system/priv-app/Settings changed; collecting certs
11-08 17:09:02.805  1722  1722 E PackageManager: Adding duplicate shared id: 1000 name=com.android.settings
11-08 17:09:02.839  1722  1722 I PackageManager: /system/app/NetSpeed changed; collecting certs
11-08 17:09:02.841  1722  1722 I PackageManager: /system/app/KeyChain changed; collecting certs
11-08 17:09:02.841  1722  1722 E PackageManager: Adding duplicate shared id: 1000 name=com.android.keychain
11-08 17:09:02.847  1722  1722 I PackageManager: /system/app/SimAppDialog changed; collecting certs
11-08 17:09:02.848  1722  1722 I PackageManager: /system/app/PhotoTable changed; collecting certs
11-08 17:09:02.853  1722  1722 I PackageManager: /system/app/BluetoothMidiService changed; collecting certs
11-08 17:09:02.857  1722  1722 I PackageManager: /system/app/LiveWallpapersPicker changed; collecting certs
11-08 17:09:02.859  1722  1722 I PackageManager: /system/app/SecureElement changed; collecting certs
