01-17 11:52:19.637  1933  1933 D ZenLog  : config: cleanUpZenRules,ZenModeConfig[user=0,allowAlarms=true,allowMedia=true,allowSystem=false,allowReminders=false,allowEvents=false,allowCalls=true,allowRepeatCallers=true,allowMessages=false,allowCallsFrom=stars,allowMessagesFrom=contacts,suppressedVisualEffects=511,areChannelsBypassingDnd=false,automaticRules={EVENTS_DEFAULT_RULE=ZenRule[enabled=false,snoozing=false,name=Event,zenMode=ZEN_MODE_IMPORTANT_INTERRUPTIONS,conditionId=condition://android/event?userId=-10000&calendar=&reply=1,condition=null,component=ComponentInfo{android/com.android.server.notification.EventConditionProvider},id=EVENTS_DEFAULT_RULE,creationTime=1673952738968,enabler=null], EVERY_NIGHT_DEFAULT_RULE=ZenRule[enabled=false,snoozing=false,name=Sleeping,zenMode=ZEN_MODE_IMPORTANT_INTERRUPTIONS,conditionId=condition://android/schedule?days=1.2.3.4.5.6.7&start=22.0&end=7.0&exitAtAlarm=true,condition=null,component=ComponentInfo{android/com.android.server.notification.ScheduleConditionProvider},id=EVERY_NIGHT_DEFAULT_RULE,creationTime=1673952738968,enabler=null]},manualRule=null],Diff[]
01-17 11:52:19.638  1933  1933 D ZenLog  : set_zen_mode: off,onSystemReady
01-17 11:52:19.643  1645  1645 D PermissionCache: checking android.permission.CAPTURE_AUDIO_HOTWORD for uid=1000 => granted (43 us)
01-17 11:52:19.643  1933  1933 W SoundTriggerHelper: listModules status=0, # of modules=0
01-17 11:52:19.643  1933  1933 D ContextHubSystemService: onBootPhase: PHASE_SYSTEM_SERVICES_READY
01-17 11:52:19.644  1933  1933 D SystemServerTiming: StartBootPhaseSystemServicesReady took to complete: 68ms
01-17 11:52:19.644  1933  1933 I SystemServer: MakeWindowManagerServiceReady
01-17 11:52:19.646  1933  1933 I android_os_HwBinder: HwBinder: Starting thread pool for default::android.hardware.configstore@1.0::ISurfaceFlingerConfigs
01-17 11:52:19.647  1933  1933 D SystemServerTiming: MakeWindowManagerServiceReady took to complete: 3ms
01-17 11:52:19.647  1933  1933 I SystemServer: MakePowerManagerServiceReady
01-17 11:52:19.674  1933  2033 D WifiController: WifiController msg { when=-78ms what=155656 target=com.android.internal.util.StateMachine$SmHandler } deferred for 500ms
01-17 11:52:19.674  1933  2034 D WifiStateMachinePrime: received a message in WifiDisabledState: { when=0 what=3 target=com.android.internal.util.StateMachine$SmHandler }
01-17 11:52:19.674  1933  2034 D WifiStateMachinePrime: Switching from WifiDisabledState to WifiDisabled
01-17 11:52:19.674  1933  2034 D WifiStateMachinePrime: Entering WifiDisabledState
01-17 11:52:19.674  1933  2034 D ActiveModeManager: sending scan available broadcast: false
01-17 11:52:19.689  1933  1933 D SystemServerTiming: MakePowerManagerServiceReady took to complete: 42ms
01-17 11:52:19.689  1933  1933 I SystemServer: MakePackageManagerServiceReady
01-17 11:52:19.690  1933  1933 I DefaultPermGrantPolicy: Granting permissions to platform components for user 0
01-17 11:52:19.691  1577  1586 D vold    : Remounting 1001 as mode none
01-17 11:52:19.692  1577  1586 D vold    : Found matching PID 1783
01-17 11:52:19.692  1577  1586 W vold    : Skipping due to root namespace
01-17 11:52:19.693  1933  1959 W KeyguardServiceDelegate: onScreenTurningOn(): no keyguard service!
01-17 11:52:19.695  1933  1953 W KernelCpuProcReader: File not exist: /proc/uid_cpupower/concurrent_active_time
01-17 11:52:19.695  1933  1953 W KernelCpuProcReader: File not exist: /proc/uid_cpupower/concurrent_policy_time
01-17 11:52:19.696  1577  1586 D vold    : Remounting 1001 as mode none
01-17 11:52:19.696  1577  1586 D vold    : Found matching PID 1783
01-17 11:52:19.696  1577  1586 W vold    : Skipping due to root namespace
01-17 11:52:19.698  1577  1586 D vold    : Remounting 1027 as mode none
01-17 11:52:19.699  1577  1586 D vold    : Remounting 1027 as mode none
01-17 11:52:19.700  1577  1586 D vold    : Remounting 1000 as mode none
01-17 11:52:19.701  1577  1586 D vold    : Found matching PID 1572
01-17 11:52:19.701  1577  1586 W vold    : Skipping due to root namespace
01-17 11:52:19.701  1577  1586 D vold    : Found matching PID 1573
01-17 11:52:19.701  1577  1586 W vold    : Skipping due to root namespace
01-17 11:52:19.701  1577  1586 D vold    : Found matching PID 1574
01-17 11:52:19.701  1577  1586 W vold    : Skipping due to root namespace
01-17 11:52:19.701  1577  1586 D vold    : Found matching PID 1576
01-17 11:52:19.701  1577  1586 W vold    : Skipping due to root namespace
01-17 11:52:19.701  1577  1586 D vold    : Found matching PID 1624
01-17 11:52:19.701  1577  1586 W vold    : Skipping due to root namespace
01-17 11:52:19.701  1577  1586 D vold    : Found matching PID 1626
01-17 11:52:19.701  1577  1586 W vold    : Skipping due to root namespace
01-17 11:52:19.701  1577  1586 D vold    : Found matching PID 1631
01-17 11:52:19.701  1577  1586 W vold    : Skipping due to root namespace
01-17 11:52:19.701  1577  1586 D vold    : Found matching PID 1635
01-17 11:52:19.701  1577  1586 W vold    : Skipping due to root namespace
01-17 11:52:19.701  1577  1586 D vold    : Found matching PID 1637
01-17 11:52:19.701  1577  1586 W vold    : Skipping due to root namespace
01-17 11:52:19.701  1577  1586 D vold    : Found matching PID 1639
01-17 11:52:19.701  1577  1586 W vold    : Skipping due to root namespace
01-17 11:52:19.701  1577  1586 D vold    : Found matching PID 1640
01-17 11:52:19.701  1577  1586 W vold    : Skipping due to root namespace
01-17 11:52:19.701  1577  1586 D vold    : Found matching PID 1641
01-17 11:52:19.701  1577  1586 W vold    : Skipping due to root namespace
01-17 11:52:19.701  1577  1586 D vold    : Found matching PID 1648
01-17 11:52:19.701  1577  1586 W vold    : Skipping due to root namespace
01-17 11:52:19.701  1577  1586 D vold    : Found matching PID 1761
01-17 11:52:19.701  1577  1586 W vold    : Skipping due to root namespace
01-17 11:52:19.702  1577  1586 D vold    : Found matching PID 1787
01-17 11:52:19.702  1577  1586 W vold    : Skipping due to root namespace
01-17 11:52:19.702  1577  1586 D vold    : Found matching PID 1792
01-17 11:52:19.702  1577  1586 W vold    : Skipping due to root namespace
01-17 11:52:19.702  1577  1586 D vold    : Found matching PID 1793
01-17 11:52:19.702  1577  1586 W vold    : Skipping due to root namespace
01-17 11:52:19.702  1577  1586 D vold    : Found matching PID 1933
01-17 11:52:19.791  1577  1586 D vold    : Remounting 1000 as mode none
01-17 11:52:19.792  1577  1586 D vold    : Found matching PID 1572
01-17 11:52:19.792  1577  1586 W vold    : Skipping due to root namespace
01-17 11:52:19.792  1577  1586 D vold    : Found matching PID 1573
01-17 11:52:19.792  1577  1586 W vold    : Skipping due to root namespace
01-17 11:52:19.792  1577  1586 D vold    : Found matching PID 1574
01-17 11:52:19.792  1577  1586 W vold    : Skipping due to root namespace
01-17 11:52:19.792  1577  1586 D vold    : Found matching PID 1576
01-17 11:52:19.792  1577  1586 W vold    : Skipping due to root namespace
01-17 11:52:19.792  1577  1586 D vold    : Found matching PID 1624
01-17 11:52:19.792  1577  1586 W vold    : Skipping due to root namespace
01-17 11:52:19.792  1577  1586 D vold    : Found matching PID 1626
01-17 11:52:19.792  1577  1586 W vold    : Skipping due to root namespace
01-17 11:52:19.792  1577  1586 D vold    : Found matching PID 1631
01-17 11:52:19.792  1577  1586 W vold    : Skipping due to root namespace
01-17 11:52:19.792  1577  1586 D vold    : Found matching PID 1635
01-17 11:52:19.792  1577  1586 W vold    : Skipping due to root namespace
01-17 11:52:19.792  1577  1586 D vold    : Found matching PID 1637
01-17 11:52:19.792  1577  1586 W vold    : Skipping due to root namespace
01-17 11:52:19.792  1577  1586 D vold    : Found matching PID 1639
01-17 11:52:19.792  1577  1586 W vold    : Skipping due to root namespace
01-17 11:52:19.792  1577  1586 D vold    : Found matching PID 1640
01-17 11:52:19.792  1577  1586 W vold    : Skipping due to root namespace
01-17 11:52:19.792  1577  1586 D vold    : Found matching PID 1641
01-17 11:52:19.792  1577  1586 W vold    : Skipping due to root namespace
01-17 11:52:19.792  1577  1586 D vold    : Found matching PID 1648
01-17 11:52:19.792  1577  1586 W vold    : Skipping due to root namespace
01-17 11:52:19.793  1577  1586 D vold    : Found matching PID 1761
01-17 11:52:19.793  1577  1586 W vold    : Skipping due to root namespace
01-17 11:52:19.793  1577  1586 D vold    : Found matching PID 1787
01-17 11:52:19.793  1577  1586 W vold    : Skipping due to root namespace
01-17 11:52:19.793  1577  1586 D vold    : Found matching PID 1792
01-17 11:52:19.793  1577  1586 W vold    : Skipping due to root namespace
01-17 11:52:19.793  1577  1586 D vold    : Found matching PID 1793
01-17 11:52:19.793  1577  1586 W vold    : Skipping due to root namespace
01-17 11:52:19.793  1577  1586 D vold    : Found matching PID 1933
01-17 11:52:19.801  1577  1586 D vold    : Remounting 2000 as mode none
01-17 11:52:19.801  1577  1586 D vold    : Found matching PID 1651
01-17 11:52:19.801  1577  1586 W vold    : Skipping due to root namespace
01-17 11:52:19.801  1577  1586 D vold    : Found matching PID 1652
01-17 11:52:19.801  1577  1586 W vold    : Skipping due to root namespace
01-17 11:52:19.803  1577  1586 D vold    : Remounting 2000 as mode none
01-17 11:52:19.803  1577  1586 D vold    : Found matching PID 1651
01-17 11:52:19.804  1577  1586 W vold    : Skipping due to root namespace
01-17 11:52:19.804  1577  1586 D vold    : Found matching PID 1652
01-17 11:52:19.804  1577  1586 W vold    : Skipping due to root namespace
01-17 11:52:19.805  1577  1586 D vold    : Remounting 10034 as mode none
01-17 11:52:19.806  1577  1586 D vold    : Remounting 10034 as mode none
01-17 11:52:19.808  1577  1586 D vold    : Remounting 1002 as mode none
01-17 11:52:19.812  1933  1933 I DefaultPermGrantPolicy: Granting permissions to default platform handlers for user 0
01-17 11:52:19.809  1577  1586 D vold    : Remounting 1002 as mode none
01-17 11:52:19.855  1933  1933 I SyncManager: No initial accounts
01-17 11:52:19.856  1933  1933 I SyncManager: No initial status
01-17 11:52:19.857  1933  1933 I SyncManager: No initial statistics
01-17 11:52:20.180  1933  2033 D WifiController: DEFERRED_TOGGLE handled
01-17 11:52:20.180  1933  2033 D WifiController: StaEnabledState.enter()
01-17 11:52:20.180  1933  2034 D WifiStateMachinePrime: received a message in WifiDisabledState: { when=0 what=0 target=com.android.internal.util.StateMachine$SmHandler }
01-17 11:52:20.181  1933  2034 D WifiStateMachinePrime: Switching from WifiDisabledState to ClientMode
01-17 11:52:20.181  1933  2034 D WifiStateMachinePrime: Entering ClientModeActiveState
01-17 11:52:20.181  1933  2034 D WifiClientModeManager: entering IdleState
01-17 11:52:20.181  1933  2034 D WifiStateMachinePrime: State changed from client mode. state = 2
01-17 11:52:20.183  1642  1642 I android.hardware.wifi@1.0-service: Wifi HAL started
01-17 11:52:20.184  1933  2034 I WifiVendorHal: Vendor Hal started successfully
01-17 11:52:20.184  1933  2036 I WifiP2pNative: Registering for interface available listener
01-17 11:52:20.188  1933  2036 D WifiP2pNative: P2P InterfaceAvailableListener true
01-17 11:52:20.188  1933  2036 D WifiP2pService: Wifi enabled=false, P2P Interface availability=true, Number of clients=0
01-17 11:52:20.188  1933  2036 D WifiP2pService: Wifi enabled=false, P2P Interface availability=true
01-17 11:52:20.191  1577  1586 D vold    : Remounting 10029 as mode none
01-17 11:52:20.194  1577  1586 D vold    : Remounting 10054 as mode none
01-17 11:52:20.195  1577  1586 D vold    : Remounting 10054 as mode none
01-17 11:52:20.196  1577  1586 D vold    : Remounting 10005 as mode none
01-17 11:52:20.197  1933  2034 I android_os_HwBinder: HwBinder: Starting thread pool for default::android.hidl.manager@1.0::IServiceManager
01-17 11:52:20.197  1577  1586 D vold    : Remounting 10005 as mode none
01-17 11:52:20.198  1577  1586 D vold    : Remounting 10019 as mode none
01-17 11:52:20.199  1577  1586 D vold    : Remounting 10019 as mode none
01-17 11:52:20.201  1577  1586 D vold    : Remounting 10014 as mode none
01-17 11:52:20.202  1577  1586 D vold    : Remounting 10014 as mode none
01-17 11:52:20.208  1577  1586 D vold    : Remounting 10083 as mode none
01-17 11:52:20.209  1577  1586 D vold    : Remounting 10083 as mode none
01-17 11:52:20.213  1577  1586 D vold    : Remounting 10035 as mode none
01-17 11:52:20.214  1577  1586 D vold    : Remounting 10035 as mode none
01-17 11:52:20.219  1577  1586 D vold    : Remounting 10044 as mode none
01-17 11:52:20.220  1577  1586 D vold    : Remounting 10044 as mode none
01-17 11:52:20.229  1577  1586 D vold    : Remounting 10012 as mode none
01-17 11:52:20.231  1577  1586 D vold    : Remounting 10012 as mode none
01-17 11:52:20.232  1577  1586 D vold    : Remounting 10070 as mode none
01-17 11:52:20.233  1577  1586 D vold    : Remounting 10070 as mode none
01-17 11:52:20.235  1577  1586 D vold    : Remounting 10039 as mode none
01-17 11:52:20.237  1577  1586 D vold    : Remounting 10039 as mode none
01-17 11:52:20.238  1577  1586 D vold    : Remounting 10017 as mode none
01-17 11:52:20.239  1577  1586 D vold    : Remounting 10017 as mode none
01-17 11:52:20.246  1933  1933 D UserDataPreparer: Serial number missing on /data/user_de/0; assuming current is valid
01-17 11:52:20.246  1933  1933 D UserDataPreparer: Serial number missing on /data/user/0; assuming current is valid
01-17 11:52:20.247  1933  1933 D UserDataPreparer: Serial number missing on /data/system_de/0; assuming current is valid
01-17 11:52:20.247  1933  1933 D SystemServerTiming: MakePackageManagerServiceReady took to complete: 558ms
01-17 11:52:20.247  1933  1933 I SystemServer: MakeDisplayManagerServiceReady
01-17 11:52:20.247  1933  1933 D SystemServerTiming: MakeDisplayManagerServiceReady took to complete: 0ms
01-17 11:52:20.247  1933  1933 I SystemServer: StartDeviceSpecificServices
01-17 11:52:20.247  1933  1933 D SystemServerTiming: StartDeviceSpecificServices took to complete: 0ms
01-17 11:52:20.247  1933  1933 I SystemServer: StartBootPhaseDeviceSpecificServicesReady
01-17 11:52:20.247  1933  1933 I SystemServiceManager: Starting phase 520
01-17 11:52:20.247  1933  1933 D SystemServerTiming: StartBootPhaseDeviceSpecificServicesReady took to complete: 0ms
01-17 11:52:20.248  1933  1933 W UsageStatsService: Event reported without a package name
01-17 11:52:20.249  1933  1933 I ActivityManager: System now ready
01-17 11:52:20.250  1933  1933 I SystemServer: Making services ready
01-17 11:52:20.250  1933  1933 I SystemServer: StartActivityManagerReadyPhase
01-17 11:52:20.250  1933  1933 I SystemServiceManager: Starting phase 550
01-17 11:52:20.250  1933  1933 W ActivityManager: Too early to start/bind service in system_server: Phase=550 ComponentInfo{com.android.server.telecom/com.android.server.telecom.components.TelecomService}
01-17 11:52:20.253  1933  1933 W ActivityManager: Too early to start/bind service in system_server: Phase=550 ComponentInfo{com.android.server.telecom/com.android.server.telecom.components.TelecomService}
01-17 11:52:20.367  1933  1933 D PackageManager: Instant App installer not found with android.intent.action.INSTALL_INSTANT_APP_PACKAGE
01-17 11:52:20.367  1933  1933 D PackageManager: Clear ephemeral installer activity
01-17 11:52:20.368  1933  1933 D PackageManager: Instant App installer not found with android.intent.action.INSTALL_INSTANT_APP_PACKAGE
01-17 11:52:20.368  1933  1933 D PackageManager: Clear ephemeral installer activity
01-17 11:52:20.372  1933  1933 W SystemServiceManager: Service com.android.server.InputMethodManagerService$Lifecycle took 116 ms in onBootPhase
01-17 11:52:20.373  1933  2011 D StorageManagerService: Thinking about init, mSystemReady=true, mDaemonConnected=true
01-17 11:52:20.373  1933  2011 D StorageManagerService: Setting up emulation state, initlocked=false
01-17 11:52:20.373  1577  1586 D vold    : e4crypt_unlock_user_key 0 serial=0 token_present=0
01-17 11:52:20.373  1577  1586 E vold    : Failed to chmod /data/system_ce/0: No such file or directory
01-17 11:52:20.373  1577  1586 E vold    : Failed to chmod /data/misc_ce/0: No such file or directory
01-17 11:52:20.373  1577  1586 E vold    : Failed to chmod /data/media/0: No such file or directory
01-17 11:52:20.373  1933  2011 D StorageManagerService: Thinking about reset, mSystemReady=true, mDaemonConnected=true
01-17 11:52:20.374  1933  1949 I ActivityManager: Force stopping com.android.providers.media appid=10005 user=-1: vold reset
01-17 11:52:20.380  2063  2063 W .gms.persisten: Unexpected CPU variant for X86 using defaults: x86
01-17 11:52:20.382  1933  1951 I ActivityManager: Start proc 2063:com.google.android.gms.persistent/u0a12 for broadcast com.google.android.gms/.chimera.GmsIntentOperationService$PersistentTrustedReceiver
01-17 11:52:20.392  2077  2077 W putmethod.lati: Unexpected CPU variant for X86 using defaults: x86
01-17 11:52:20.394  1933  1951 I ActivityManager: Start proc 2077:com.google.android.inputmethod.latin/u0a82 for service com.google.android.inputmethod.latin/com.android.inputmethod.latin.LatinIME
01-17 11:52:20.401  1933  1948 E AutofillManagerServiceImpl: Bad AutofillService name: com.google.android.gms/.autofill.service.AutofillService
01-17 11:52:20.401  1933  1948 D AutofillManagerServiceImpl: Reset component for user 0 (com.google.android.gms/.autofill.service.AutofillService)
01-17 11:52:20.401  1933  1948 E AutofillManagerServiceImpl: Bad AutofillService name: com.google.android.gms/.autofill.service.AutofillService
01-17 11:52:20.401  1933  1950 D AutofillUI: destroySaveUiUiThread(): already destroyed
01-17 11:52:20.401  1933  1948 D AutofillManagerServiceImpl: Reset component for user 0 (com.google.android.gms/.autofill.service.AutofillService)
01-17 11:52:20.401  1933  1948 D FieldClassificationStrategy: reset(): service is not bound. Do nothing.
01-17 11:52:20.404  2063  2063 I .gms.persisten: The ClassLoaderContext is a special shared library.
01-17 11:52:20.406  1933  1948 E AutofillManagerServiceImpl: Bad AutofillService name: com.google.android.gms/.autofill.service.AutofillService
01-17 11:52:20.406  1933  1948 D AutofillManagerServiceImpl: Reset component for user 0 (com.google.android.gms/.autofill.service.AutofillService)
01-17 11:52:20.407  1933  1950 D AutofillUI: destroySaveUiUiThread(): already destroyed
01-17 11:52:20.407  1933  1948 E AutofillManagerServiceImpl: Bad AutofillService name: com.google.android.gms/.autofill.service.AutofillService
01-17 11:52:20.407  1933  1948 D AutofillManagerServiceImpl: Reset component for user 0 (com.google.android.gms/.autofill.service.AutofillService)
01-17 11:52:20.407  1933  1948 D FieldClassificationStrategy: reset(): service is not bound. Do nothing.
01-17 11:52:20.412  1933  1933 I LockSettingsService: Migrated migrated_frp.
01-17 11:52:20.412  1933  1933 I WallpaperManagerService: No static wallpaper imagery; defaults will be shown
01-17 11:52:20.413  1933  1933 W WallpaperManagerService: no current wallpaper -- first boot?
01-17 11:52:20.413  1933  1933 D SystemServerTiming: StartActivityManagerReadyPhase took to complete: 163ms
01-17 11:52:20.413  1933  1933 I SystemServer: StartObservingNativeCrashes
01-17 11:52:20.414  1933  1933 D SystemServerTiming: StartObservingNativeCrashes took to complete: 1ms
01-17 11:52:20.414  1933  1933 I SystemServer: StartSystemUI
01-17 11:52:20.414  1933  1992 D SystemServerInitThreadPool: Started executing WebViewFactoryPreparation
01-17 11:52:20.414  1933  1992 I SystemServer: WebViewFactoryPreparation
01-17 11:52:20.415  1933  1933 D SystemServerTiming: StartSystemUI took to complete: 1ms
01-17 11:52:20.415  1933  1933 I SystemServer: MakeNetworkManagementServiceReady
01-17 11:52:20.405  2063  2063 I chatty  : uid=10012 com.google.android.gms.persistent identical 2 lines
01-17 11:52:20.407  2063  2063 I .gms.persisten: The ClassLoaderContext is a special shared library.
01-17 11:52:20.416  1933  2046 I AudioService: setBluetoothScoOnInt: false resetBluetoothSco
01-17 11:52:20.417  1933  2046 E BluetoothAdapter: Bluetooth binder is null
01-17 11:52:20.417  1933  2046 E BluetoothAdapter: Bluetooth binder is null
01-17 11:52:20.418  1645  1645 I AudioFlinger: systemReady
01-17 11:52:20.423  2077  2077 I putmethod.lati: The ClassLoaderContext is a special shared library.
01-17 11:52:20.424  2098  2098 W ndroid.systemu: Unexpected CPU variant for X86 using defaults: x86
01-17 11:52:20.425  2077  2077 I putmethod.lati: The ClassLoaderContext is a special shared library.
01-17 11:52:20.429  1933  1951 I ActivityManager: Start proc 2098:com.android.systemui/u0a34 for service com.android.systemui/.SystemUIService
01-17 11:52:20.457  1933  1933 D NetworkManagement: enabling bandwidth control
01-17 11:52:20.464  1933  1933 W NetworkManagement: setDataSaverMode(): already false
01-17 11:52:20.465  1933  1933 D SystemServerTiming: MakeNetworkManagementServiceReady took to complete: 50ms
01-17 11:52:20.465  1933  1933 I SystemServer: MakeIpSecServiceReady
01-17 11:52:20.466  1933  1933 D IpSecService: IpSecService is ready
01-17 11:52:20.467  1933  1933 D SystemServerTiming: MakeIpSecServiceReady took to complete: 2ms
01-17 11:52:20.467  1933  1933 I SystemServer: MakeNetworkStatsServiceReady
01-17 11:52:20.468  1933  1933 W BestClock: java.time.DateTimeException: Missing NTP fix
01-17 11:52:20.469  1933  2031 W NetworkPolicy: setRestrictBackgroundUL: already false
01-17 11:52:20.472  1933  1933 D SystemServerTiming: MakeNetworkStatsServiceReady took to complete: 5ms
01-17 11:52:20.473  1933  1933 I SystemServer: MakeConnectivityServiceReady
01-17 11:52:20.473  1933  2031 W BestClock: java.time.DateTimeException: Missing NTP fix
01-17 11:52:20.474  1933  1933 D PermissionMonitor: Monitoring
01-17 11:52:20.476  1933  1933 D PermissionMonitor: Users: 1, Apps: 91
01-17 11:52:20.478  2066  2066 W sdcard  : Device explicitly enabled sdcardfs
01-17 11:52:20.480  1933  1933 D SystemServerTiming: MakeConnectivityServiceReady took to complete: 7ms
01-17 11:52:20.480  1933  1933 I SystemServer: MakeNetworkPolicyServiceReady
01-17 11:52:20.480  1933  1933 D SystemServerTiming: MakeNetworkPolicyServiceReady took to complete: 0ms
01-17 11:52:20.480  1933  1933 I SystemServer: StartWatchdog
01-17 11:52:20.480  1933  1933 D SystemServerTiming: StartWatchdog took to complete: 0ms
01-17 11:52:20.480  1933  1933 I SystemServer: PhaseThirdPartyAppsCanStart
01-17 11:52:20.524  2098  2098 I ndroid.systemu: The ClassLoaderContext is a special shared library.
01-17 11:52:20.614  1933  1992 D PackageManager: Instant App installer not found with android.intent.action.INSTALL_INSTANT_APP_PACKAGE
01-17 11:52:20.614  1933  1992 D PackageManager: Clear ephemeral installer activity
01-17 11:52:20.615  1933  1948 E AutofillManagerServiceImpl: Bad AutofillService name: com.google.android.gms/.autofill.service.AutofillService
01-17 11:52:20.616  1933  1948 D AutofillManagerServiceImpl: Reset component for user 0 (com.google.android.gms/.autofill.service.AutofillService)
01-17 11:52:20.616  1933  1948 E AutofillManagerServiceImpl: Bad AutofillService name: com.google.android.gms/.autofill.service.AutofillService
01-17 11:52:20.616  1933  1950 D AutofillUI: destroySaveUiUiThread(): already destroyed
01-17 11:52:20.616  1933  1948 D AutofillManagerServiceImpl: Reset component for user 0 (com.google.android.gms/.autofill.service.AutofillService)
01-17 11:52:20.616  1933  1948 D FieldClassificationStrategy: reset(): service is not bound. Do nothing.
01-17 11:52:20.684  1933  1992 D WebViewLibraryLoader: Setting new address space to 141300560
01-17 11:52:20.691  1933  1992 D SystemServerTimingAsync: WebViewFactoryPreparation took to complete: 277ms
01-17 11:52:20.691  1933  1992 D SystemServerInitThreadPool: Finished executing WebViewFactoryPreparation
01-17 11:52:20.692  1933  1933 I SystemServiceManager: Starting phase 600
01-17 11:52:20.703  2118  2118 W WebViewLoader-: Unexpected CPU variant for X86 using defaults: x86
01-17 11:52:20.707  1933  1951 I ActivityManager: Start proc 2118:WebViewLoader-x86/1037 [android.webkit.WebViewLibraryLoader$RelroFileCreator] for 
01-17 11:52:20.720  1933  2117 W ZygoteProcess: Got error connecting to zygote, retrying. msg= Connection refused
01-17 11:52:20.723  2129  2129 I WebViewZygoteInit: Starting WebViewZygoteInit
01-17 11:52:20.723  2129  2129 I WebViewZygoteInit: --zygote-socket=com.android.internal.os.WebViewZygoteInit/30084598-5455-4514-8be0-7a0a0006e947
01-17 11:52:20.765  1933  1933 W SystemServiceManager: Service com.android.server.trust.TrustManagerService took 65 ms in onBootPhase
01-17 11:52:20.780  1933  1933 I StatsCompanionService: Told statsd that StatsCompanionService is alive.
01-17 11:52:20.780  1933  1933 D SystemServerTiming: PhaseThirdPartyAppsCanStart took to complete: 300ms
01-17 11:52:20.780  1933  1933 I SystemServer: MakeLocationServiceReady
01-17 11:52:20.784  1573  1573 W hwservicemanager: getTransport: Cannot find entry android.hardware.gnss@1.1::IGnss/default in either framework or device manifest.
01-17 11:52:20.784  1933  1933 D GnssLocationProvider: gnssHal 1.1 was null, trying 1.0
01-17 11:52:20.787  1933  1933 I GnssLocationProvider: WakeLock acquired by sendMessage(INITIALIZE_HANDLER, 0, null)
01-17 11:52:20.787  1933  1948 D GnssLocationProvider: Link to death notification successful
01-17 11:52:20.787  1636  1636 I GnssHAL_GnssInterface: getExtensionXtra: GnssXtra interface not implemented by HAL
01-17 11:52:20.788  1636  1636 I GnssHAL_GnssInterface: getExtensionAGnssRil: GnssRil interface not implemented by HAL
01-17 11:52:20.788  1636  1636 E GnssHAL_GnssInterface: getExtensionAGnss: AGnss interface not implemented by HAL
01-17 11:52:20.788  1636  1636 I GnssHAL_GnssInterface: getExtensionGnssNavigationMessage: GnssNavigationMessage interface not implemented by HAL
01-17 11:52:20.789  1636  1636 E GnssHAL_GnssInterface: getExtensionGnssMeasurement: GnssMeasurement interface not implemented by HAL
01-17 11:52:20.789  1636  1636 I GnssHAL_GnssInterface: getExtensionGnssDebug: GnssDebug interface not implemented by HAL
01-17 11:52:20.789  1933  1933 W LocationProviderProxy-network: Odd, no component found for service com.android.location.service.v3.NetworkLocationProvider
01-17 11:52:20.789  1636  1636 I GnssHAL_GnssInterface: getExtensionGnssNi: GnssNi interface not implemented by HAL
01-17 11:52:20.790  1636  1636 E GnssHAL_GnssInterface: getExtensionGnssConfiguration: GnssConfiguration interface not implemented by HAL
01-17 11:52:20.790  1636  1636 E GnssHAL_GnssInterface: getExtensionGnssGeofencing: GnssGeofencing interface not implemented by HAL
01-17 11:52:20.790  1933  1933 W GeocoderProxy: Odd, no component found for service com.android.location.service.GeocodeProvider
01-17 11:52:20.790  1636  1636 E GnssHAL_GnssInterface: gnss flp hw_get_module failed: -2
01-17 11:52:20.790  1636  1636 E GnssHAL_GnssInterface: getExtensionGnssBatching: GnssBatching interface is not implemented by HAL
01-17 11:52:20.791  1933  1933 W GeofenceProxy: Odd, no component found for service com.android.location.service.GeofenceProvider
01-17 11:52:20.791  1933  1933 E ActivityRecognitionHardware: activity_recognition HAL is deprecated. is_supported is effectively a no-op
01-17 11:52:20.791  1933  1948 D GnssLocationProvider: gnssSetCapabilitesCb: 0u
01-17 11:52:20.791  1933  1933 D LocationManagerService: Hardware Activity-Recognition not supported.
01-17 11:52:20.791  1933  1948 D GnssLocationProvider: gnssSetSystemInfoCb: yearOfHw=2015
01-17 11:52:20.791  1933  1933 W ActivityRecognitionProxy: Odd, no component found for service com.android.location.service.ActivityRecognitionProvider
01-17 11:52:20.791  1933  1948 E GnssLocationProvider: Unable to initialize GNSS Xtra interface
01-17 11:52:20.791  1933  1948 I GnssLocationProvider: Unable to Initialize AGnss interface
01-17 11:52:20.791  1933  1948 I GnssLocationProvider: Unable to initialize GNSS Geofencing interface
01-17 11:52:20.791  1933  1948 I GnssLocationProvider: Unable to initialize GNSS NI interface
01-17 11:52:20.791  1933  1948 I GnssLocationProvider: Unable to Initialize AGnss Ril interface
01-17 11:52:20.792  1933  1933 I GnssLocationProvider: WakeLock acquired by sendMessage(ENABLE, 1, null)
01-17 11:52:20.793  1933  2052 I GnssLocationProvider: WakeLock acquired by sendMessage(REPORT_SV_STATUS, 0, com.android.server.location.GnssLocationProvider$SvStatusInfo@f45c5c)
01-17 11:52:20.793  1933  1933 D SystemServerTiming: MakeLocationServiceReady took to complete: 13ms
01-17 11:52:20.793  1933  1933 I SystemServer: MakeCountryDetectionServiceReady
01-17 11:52:20.793  1933  1933 D SystemServerTiming: MakeCountryDetectionServiceReady took to complete: 0ms
01-17 11:52:20.793  1933  1933 I SystemServer: MakeNetworkTimeUpdateReady
01-17 11:52:20.793  1933  1948 E GnssLocationProvider: no AGPS interface in set_agps_server
01-17 11:52:20.795  1933  1933 D ConnectivityService: requestNetwork for uid/pid:1000/1933 NetworkRequest [ TRACK_DEFAULT id=7, [ Capabilities: INTERNET&NOT_RESTRICTED&TRUSTED Unwanted:  Uid: 1000] ]
01-17 11:52:20.795  1933  1948 I GnssLocationProvider: WakeLock released by handleMessage(INITIALIZE_HANDLER, 0, null)
01-17 11:52:20.795  1933  1933 D SystemServerTiming: MakeNetworkTimeUpdateReady took to complete: 2ms
01-17 11:52:20.795  1933  1933 I SystemServer: MakeCommonTimeManagementServiceReady
01-17 11:52:20.795  1933  1948 I GnssLocationProvider: restartRequests
01-17 11:52:20.795  1636  1636 W GnssHAL_GnssInterface: setCallback called more than once. Unexpected unless test.
01-17 11:52:20.795  1933  1933 I CommonTimeManagementService: No common time service detected on this platform.  Common time services will be unavailable.
01-17 11:52:20.795  1933  1933 D SystemServerTiming: MakeCommonTimeManagementServiceReady took to complete: 0ms
01-17 11:52:20.795  1933  1933 I SystemServer: MakeInputManagerServiceReady
01-17 11:52:20.795  1933  1948 D GnssLocationProvider: gnssSetSystemInfoCb: yearOfHw=2015
01-17 11:52:20.796  1933  1948 D GnssLocationProvider: gnssSetCapabilitesCb: 0u
01-17 11:52:20.796  1933  1948 D GnssLocationProvider: gnssSetSystemInfoCb: yearOfHw=2015
01-17 11:52:20.796  1933  1933 D SystemServerTiming: MakeInputManagerServiceReady took to complete: 1ms
01-17 11:52:20.796  1933  1933 I SystemServer: MakeTelephonyRegistryReady
01-17 11:52:20.796  1933  1948 E GnssLocationProvider: Unable to initialize GNSS Xtra interface
01-17 11:52:20.796  1933  1948 I GnssLocationProvider: Unable to Initialize AGnss interface
01-17 11:52:20.796  1933  1948 I GnssLocationProvider: Unable to initialize GNSS Geofencing interface
01-17 11:52:20.796  1933  1948 I GnssLocationProvider: Unable to initialize GNSS NI interface
01-17 11:52:20.796  1933  1948 I GnssLocationProvider: Unable to Initialize AGnss Ril interface
01-17 11:52:20.796  1933  1948 E GnssLocationProvider: no AGPS interface in set_agps_server
01-17 11:52:20.796  1933  1948 E GnssBatchingProvider: Failed to initialize GNSS batching
01-17 11:52:20.796  1933  1948 I GnssLocationProvider: WakeLock released by handleMessage(ENABLE, 1, null)
01-17 11:52:20.796  1933  1933 D SystemServerTiming: MakeTelephonyRegistryReady took to complete: 0ms
01-17 11:52:20.796  1933  1933 I SystemServer: MakeMediaRouterServiceReady
01-17 11:52:20.796  1933  1933 D SystemServerTiming: MakeMediaRouterServiceReady took to complete: 0ms
01-17 11:52:20.796  1933  1933 I SystemServer: MakeMmsServiceReady
01-17 11:52:20.796  1933  1933 I MmsServiceBroker: Delay connecting to MmsService until an API is called
01-17 11:52:20.796  1933  1933 D SystemServerTiming: MakeMmsServiceReady took to complete: 0ms
01-17 11:52:20.796  1933  1933 I SystemServer: IncidentDaemonReady
01-17 11:52:20.796  1933  1948 I GnssLocationProvider: WakeLock released by handleMessage(REPORT_SV_STATUS, 0, com.android.server.location.GnssLocationProvider$SvStatusInfo@f45c5c)
01-17 11:52:20.797  1933  1948 I GnssLocationProvider: No GNSS Satellite Blacklist interface available
01-17 11:52:20.797  1933  1933 D SystemServerTiming: IncidentDaemonReady took to complete: 1ms
01-17 11:52:20.797  1933  1933 I SystemServiceManager: Calling onStartUser u0
01-17 11:52:20.797  1933  2009 I InputReader: Reconfiguring input devices.  changes=0x00000020
01-17 11:52:20.797  1933  1948 I GnssLocationProvider: restartRequests
01-17 11:52:20.798  1933  2009 I InputReader: Reconfiguring input devices.  changes=0x00000010
01-17 11:52:20.885  1933  1933 I ActivityManager: START u0 {act=android.intent.action.MAIN cat=[android.intent.category.HOME] flg=0x10000100 cmp=com.android.settings/.CryptKeeper} from uid 0
01-17 11:52:20.891  1933  1933 I ActivityManager: Loaded persisted task ids for user 0
01-17 11:52:21.251  1933  2145 I GnssLocationProvider: WakeLock acquired by sendMessage(REPORT_SV_STATUS, 0, com.android.server.location.GnssLocationProvider$SvStatusInfo@b6e48ec)
01-17 11:52:21.251  1933  1948 I GnssLocationProvider: WakeLock released by handleMessage(REPORT_SV_STATUS, 0, com.android.server.location.GnssLocationProvider$SvStatusInfo@b6e48ec)
01-17 11:52:21.333  1769  1835 W MediaExtractorFactory: couldn't dlopen(/system/lib/extractors/.) Is a directory
01-17 11:52:21.424  1769  1835 E linker  : library "/system/lib/extractors/.." ("/system/lib") needed or dlopened by "/system/lib/libstagefright.so" is not accessible for the namespace: [name="(default)", ld_library_paths="", default_library_paths="/system/lib", permitted_paths="/system/lib/drm:/system/lib/extractors:/system/lib/hw:/system/product/lib:/system/framework:/system/app:/system/priv-app:/vendor/framework:/vendor/app:/vendor/priv-app:/odm/framework:/odm/app:/odm/priv-app:/oem/app:/system/product/framework:/system/product/app:/system/product/priv-app:/data:/mnt/expand"]
01-17 11:52:21.424  1769  1835 W MediaExtractorFactory: couldn't dlopen(/system/lib/extractors/..) Is a directory
01-17 11:52:21.511  1933  1933 W system_server: Framework Matrix: Ignore file /system/etc/vintf/manifest.xml: 
01-17 11:52:21.512  1933  1933 W system_server: 
01-17 11:52:21.672  1933  1933 D SystemServerTiming: ActivityManagerStartApps took to complete: 875ms
01-17 11:52:21.673  1933  1933 D SystemServerTiming: PhaseActivityManagerReady took to complete: 1426ms
01-17 11:52:21.674  1933  1951 W system_server: Long monitor contention with owner main (1933) at void com.android.server.am.ActivityManagerService.systemReady(java.lang.Runnable, android.util.TimingsTraceLog)(ActivityManagerService.java:15255) waiters=0 in void com.android.server.am.ActivityManagerService.lambda$startProcessLocked$0(com.android.server.am.ActivityManagerService, com.android.server.am.ProcessRecord, long, java.lang.String, java.lang.String, int[], int, int, java.lang.String, java.lang.String) for 875ms
01-17 11:52:21.675  1933  1933 D SystemServerInitThreadPool: Shutdown successful
01-17 11:52:21.675  1933  1933 D SystemServerTiming: StartServices took to complete: 21413ms
01-17 11:52:21.677  1933  1933 W Looper  : Slow delivery took 11949ms main h=android.os.Handler c=com.android.server.BatteryService$8@ab524b5 m=0
01-17 11:52:21.677  1933  1950 W system_server: Long monitor contention with owner main (1933) at void com.android.server.am.ActivityManagerService.systemReady(java.lang.Runnable, android.util.TimingsTraceLog)(ActivityManagerService.java:15255) waiters=1 in void com.android.server.am.ActivityManagerService.dispatchUidsChanged() for 879ms
01-17 11:52:21.677  1933  1949 W system_server: Long monitor contention with owner main (1933) at void com.android.server.am.ActivityManagerService.systemReady(java.lang.Runnable, android.util.TimingsTraceLog)(ActivityManagerService.java:15255) waiters=2 in void com.android.server.am.TaskChangeNotificationController.forAllRemoteListeners(com.android.server.am.TaskChangeNotificationController$TaskStackConsumer, android.os.Message) for 786ms
01-17 11:52:21.677  1933  1951 W ActivityManager: Slow operation: 879ms so far, now at startProcess: asking zygote to start proc
01-17 11:52:21.677  1933  1950 W Looper  : Slow dispatch took 879ms android.ui h=com.android.server.am.ActivityManagerService$UiHandler c=null m=53
01-17 11:52:21.679  1933  1933 D ConditionProviders.SCP: onConnected
01-17 11:52:21.686  1933  2035 I WifiScanningService: wifi driver unloaded
01-17 11:52:21.686  1933  1933 D ZenLog  : set_zen_mode: off,cleanUpZenRules
01-17 11:52:21.686  1933  1933 D ConditionProviders: Subscribing to condition://android/event?userId=-10000&calendar=&reply=1 with ComponentInfo{android/com.android.server.notification.EventConditionProvider}
01-17 11:52:21.686  1933  1933 D ZenLog  : subscribe: condition://android/event?userId=-10000&calendar=&reply=1,ok
01-17 11:52:21.686  1933  1933 D ConditionProviders: Subscribing to condition://android/schedule?days=1.2.3.4.5.6.7&start=22.0&end=7.0&exitAtAlarm=true with ComponentInfo{android/com.android.server.notification.ScheduleConditionProvider}
01-17 11:52:21.686  1933  1933 D ZenLog  : subscribe: condition://android/schedule?days=1.2.3.4.5.6.7&start=22.0&end=7.0&exitAtAlarm=true,ok
01-17 11:52:21.688  1933  1951 W ActivityManager: Slow operation: 890ms so far, now at startProcess: returned from zygote!
01-17 11:52:21.688  1933  1951 W ActivityManager: Slow operation: 890ms so far, now at startProcess: done updating battery stats
01-17 11:52:21.688  1933  1951 W ActivityManager: Slow operation: 890ms so far, now at startProcess: building log message
01-17 11:52:21.688  1933  1951 I ActivityManager: Start proc 2148:com.android.phone/1001 for added application com.android.phone
01-17 11:52:21.688  1933  1951 W ActivityManager: Slow operation: 890ms so far, now at startProcess: starting to update pids map
01-17 11:52:21.688  1933  1951 W ActivityManager: Slow operation: 890ms so far, now at startProcess: done updating pids map
01-17 11:52:21.688  1933  1951 W ActivityManager: Slow operation: 791ms so far, now at startProcess: asking zygote to start proc
01-17 11:52:21.686  1933  2035 I WifiScanningService: wifi driver unloaded
01-17 11:52:21.688  2148  2148 W m.android.phon: Unexpected CPU variant for X86 using defaults: x86
01-17 11:52:21.697  2156  2156 W ngs:CryptKeepe: Unexpected CPU variant for X86 using defaults: x86
01-17 11:52:21.699  1933  1951 W ActivityManager: Slow operation: 802ms so far, now at startProcess: returned from zygote!
01-17 11:52:21.699  1933  1951 W ActivityManager: Slow operation: 802ms so far, now at startProcess: done updating battery stats
01-17 11:52:21.699  1933  1951 W ActivityManager: Slow operation: 802ms so far, now at startProcess: building log message
01-17 11:52:21.699  1933  1951 I ActivityManager: Start proc 2156:com.android.settings:CryptKeeper/1000 for activity com.android.settings/.CryptKeeper
01-17 11:52:21.699  1933  1951 W ActivityManager: Slow operation: 802ms so far, now at startProcess: starting to update pids map
01-17 11:52:21.699  1933  1951 W ActivityManager: Slow operation: 802ms so far, now at startProcess: done updating pids map
01-17 11:52:21.721  2148  2148 I m.android.phon: The ClassLoaderContext is a special shared library.
01-17 11:52:21.723  1933  1948 W LocationProviderProxy-network: Odd, no component found for service com.android.location.service.v3.NetworkLocationProvider
01-17 11:52:21.723  1933  1948 W GeocoderProxy: Odd, no component found for service com.android.location.service.GeocodeProvider
01-17 11:52:21.723  1933  1948 W GeofenceProxy: Odd, no component found for service com.android.location.service.GeofenceProvider
01-17 11:52:21.723  1933  1948 W ActivityRecognitionProxy: Odd, no component found for service com.android.location.service.ActivityRecognitionProvider
01-17 11:52:21.723  2148  2148 I m.android.phon: The ClassLoaderContext is a special shared library.
01-17 11:52:21.727  2156  2156 I ngs:CryptKeepe: The ClassLoaderContext is a special shared library.
01-17 11:52:21.728  2156  2156 I ngs:CryptKeepe: The ClassLoaderContext is a special shared library.
01-17 11:52:21.733  1933  2117 I Zygote  : Process: zygote socket ABSTRACT/com.android.internal.os.WebViewZygoteInit/30084598-5455-4514-8be0-7a0a0006e947 opened, supported ABIS: x86,armeabi-v7a,armeabi
01-17 11:52:21.733  1933  2117 D WebViewZygote: Preloading package /system/app/Chrome/Chrome.apk /system/app/Chrome/lib/x86:/system/app/Chrome/Chrome.apk!/lib/x86
01-17 11:52:21.744  1933  2117 I Zygote  : Process: zygote socket ABSTRACT/com.android.internal.os.WebViewZygoteInit/30084598-5455-4514-8be0-7a0a0006e947 opened, supported ABIS: x86,armeabi-v7a,armeabi
01-17 11:52:21.756  2129  2129 I WebViewZygoteInit: Beginning package preload
01-17 11:52:21.760  2129  2129 I webview_zygote: The ClassLoaderContext is a special shared library.
01-17 11:52:21.799  1765  1765 D incidentd: Start uploading backlogs in /data/misc/incidents/
01-17 11:52:21.800  1765  1765 D incidentd: Successfully uploaded 0 files to Dropbox.
01-17 11:52:21.815  2148  2148 I m.android.phon: The ClassLoaderContext is a special shared library.
01-17 11:52:21.873  2129  2129 E webviewchromiumloader: Failed to open relro file /data/misc/shared_relro/libwebviewchromium32.relro: No such file or directory
01-17 11:52:21.873  2129  2129 W WebViewLibraryLoader: failed to load with relro file, proceeding without
01-17 11:52:22.083  1933  1933 I AccountsDb: Creating DE database for user 0
01-17 11:52:22.088  1933  1933 W Looper  : Slow dispatch took 401ms main h=android.os.Handler c=null m=1
01-17 11:52:22.091  1933  1933 W ContextImpl: Calling a method in the system process without a qualified user: android.app.ContextImpl.startService:1531 com.android.server.content.SyncManager$14.run:756 android.os.Handler.handleCallback:873 android.os.Handler.dispatchMessage:99 android.os.Looper.loop:193 
01-17 11:52:22.091  1933  1933 D WifiP2pService: Wifi enabled=false, P2P Interface availability=true
01-17 11:52:22.091  1933  2036 E WifiP2pService: Unexpected disable request when WifiChannel is null
01-17 11:52:22.199  1933  1933 I system_server: The ClassLoaderContext is a special shared library.
01-17 11:52:22.254  1933  2145 I GnssLocationProvider: WakeLock acquired by sendMessage(REPORT_SV_STATUS, 0, com.android.server.location.GnssLocationProvider$SvStatusInfo@619106f)
01-17 11:52:22.254  1933  1948 I GnssLocationProvider: WakeLock released by handleMessage(REPORT_SV_STATUS, 0, com.android.server.location.GnssLocationProvider$SvStatusInfo@619106f)
01-17 11:52:22.260  2148  2148 D TelephonyProvider: dbh.onCreate:+ db=SQLiteDatabase: /data/user_de/0/com.android.providers.telephony/databases/telephony.db
01-17 11:52:22.261  2148  2148 D TelephonyProvider: dbh.createSimInfoTable:+ siminfo
01-17 11:52:22.261  2148  2148 D TelephonyProvider: dbh.createSimInfoTable:-
01-17 11:52:22.261  2148  2148 D TelephonyProvider: dbh.createCarriersTable: carriers
01-17 11:52:22.262  2148  2148 D TelephonyProvider: dbh.createCarriersTable:-
01-17 11:52:22.262  2148  2148 D TelephonyProvider: dbh.onCreate: Apply apns from xml.
01-17 11:52:22.262  2148  2148 D TelephonyProvider: Load APNs from /system/etc/apns-conf.xml instead of /oem/telephony/apns-conf.xml
01-17 11:52:22.262  2148  2148 D TelephonyProvider: Load APNs from /data/misc/apns/apns-conf.xml instead of /system/etc/apns-conf.xml
01-17 11:52:22.262  2148  2148 D TelephonyProvider: confFile = /data/misc/apns/apns-conf.xml
01-17 11:52:22.270  2148  2148 D TelephonyProvider: Checksum for /data/misc/apns/apns-conf.xml is 2001431324
01-17 11:52:22.272  2148  2148 D TelephonyProvider: dbh.onCreate:- db=SQLiteDatabase: /data/user_de/0/com.android.providers.telephony/databases/telephony.db
01-17 11:52:22.272  2148  2148 D TelephonyProvider: dbh.onOpen: ok, queried table=siminfo
01-17 11:52:22.273  2148  2148 D TelephonyProvider: dbh.onOpen: ok, queried table=carriers
01-17 11:52:22.273  2148  2148 D TelephonyProvider: onCreate: build id changed from  to PSR1.180720.122
01-17 11:52:22.274  2148  2148 D TelephonyProvider: Load APNs from /system/etc/apns-conf.xml instead of /oem/telephony/apns-conf.xml
01-17 11:52:22.274  2148  2148 D TelephonyProvider: Load APNs from /data/misc/apns/apns-conf.xml instead of /system/etc/apns-conf.xml
01-17 11:52:22.274  2148  2148 D TelephonyProvider: Checksum for /data/misc/apns/apns-conf.xml is 2001431324
01-17 11:52:22.274  2148  2148 D TelephonyProvider: newChecksum: 2001431324
01-17 11:52:22.274  2148  2148 D TelephonyProvider: oldChecksum: 2001431324
01-17 11:52:22.274  2148  2148 D TelephonyProvider: Skipping apn db update since apn-conf has not changed.
01-17 11:52:22.276  2148  2148 D CarrierIdProvider: onCreate
01-17 11:52:22.288  2148  2148 D CarrierIdDatabaseHelper: onCreate
01-17 11:52:22.289  2148  2148 D CarrierIdProvider: update database from pb file
01-17 11:52:22.770  2061  2061 I wpa_supplicant: Processing hidl events on FD 3
01-17 11:52:22.772  1769  1835 E MediaExtractorFactory: couldn't opendir(/vendor/lib/extractors)
01-17 11:52:22.774  2061  2061 I wpa_supplicant: Successfully initialized wpa_supplicant
01-17 11:52:23.180  2118  2118 I WebViewLoader-: System.exit called, status: 0
01-17 11:52:23.180  2118  2118 I AndroidRuntime: VM exiting with result code 0, cleanup skipped.
01-17 11:52:23.184  1762  1762 I Zygote  : Process 2118 exited cleanly (0)
01-17 11:52:23.184  1933  1944 I ActivityManager: Process WebViewLoader-x86 (pid 2118) has died: psvc PER 
01-17 11:52:23.184  1933  1952 W libprocessgroup: kill(-2118, 9) failed: No such process
01-17 11:52:23.184  1933  1952 I libprocessgroup: Successfully killed process cgroup uid 1037 pid 2118 in 0ms
01-17 11:52:23.198  1771  1849 D StagefrightPluginLoader: Failed to load library: libstagefright_ccodec.so (dlopen failed: library "libstagefright_ccodec.so" not found)
01-17 11:52:23.198  1771  1849 D StagefrightPluginLoader: Handle or CreateInputSurface symbol is null
01-17 11:52:23.198  1771  1849 D StagefrightPluginLoader: Handle or CreateBuilder symbol is null
01-17 11:52:23.203  1771  1849 I OMXClient: IOmx service obtained
01-17 11:52:23.204  1777  1907 I OMXMaster: makeComponentInstance(OMX.google.aac.decoder) in omx@1.0-service process
01-17 11:52:23.257  1933  1993 I GnssLocationProvider: WakeLock acquired by sendMessage(REPORT_SV_STATUS, 0, com.android.server.location.GnssLocationProvider$SvStatusInfo@88017c)
01-17 11:52:23.258  1933  1948 I GnssLocationProvider: WakeLock released by handleMessage(REPORT_SV_STATUS, 0, com.android.server.location.GnssLocationProvider$SvStatusInfo@88017c)
01-17 11:52:23.443  2148  2148 E CarrierIdProvider: read carrier list from ota pb failure: java.io.FileNotFoundException: /data/misc/carrierid/carrier_list.pb (No such file or directory)
01-17 11:52:23.483  1933  1933 W Looper  : Slow dispatch took 1390ms main h=android.app.ActivityThread$H c=null m=114
01-17 11:52:23.546  2148  2148 D CarrierIdProvider: latest version: 4 need update: true
01-17 11:52:23.606  2148  2148 D CarrierIdProvider: update database from pb. inserted rows = 1671
01-17 11:52:23.608  2148  2148 D CarrierProvider: onCreate
01-17 11:52:23.651  2061  2061 I wpa_supplicant: rfkill: Cannot open RFKILL control device
01-17 11:52:23.676  2098  2098 W AlarmManager: Unrecognized alarm listener com.android.systemui.keyguard.-$$Lambda$KeyguardSliceProvider$IhzByd8TsqFuOrSyuGurVskyPLo@559951c
01-17 11:52:23.716  1933  1957 W WindowManager: App freeze timeout expired.
01-17 11:52:23.716  1933  1957 W WindowManager: Force clearing freeze: AppWindowToken{6770f9f token=Token{aec53e ActivityRecord{e4961f9 u0 com.android.settings/.CryptKeeper t1}}}
01-17 11:52:23.925  2077  2077 W putmethod.lati: Verification of gzn gqb.a(java.util.concurrent.ExecutorService) took 104.319ms
01-17 11:52:23.949  1771  1849 I OMXClient: IOmx service obtained
01-17 11:52:23.949  1777  1907 I OMXMaster: makeComponentInstance(OMX.google.amrnb.decoder) in omx@1.0-service process
01-17 11:52:24.259  1933  1993 I GnssLocationProvider: WakeLock acquired by sendMessage(REPORT_SV_STATUS, 0, com.android.server.location.GnssLocationProvider$SvStatusInfo@6ae2fb9)
01-17 11:52:24.260  1933  1948 I GnssLocationProvider: WakeLock released by handleMessage(REPORT_SV_STATUS, 0, com.android.server.location.GnssLocationProvider$SvStatusInfo@6ae2fb9)
01-17 11:52:24.307  2156  2156 D CryptKeeper: Disabling component ComponentInfo{com.android.settings/com.android.settings.CryptKeeper}
01-17 11:52:24.308  1933  1944 D PackageManager: Instant App installer not found with android.intent.action.INSTALL_INSTANT_APP_PACKAGE
01-17 11:52:24.308  1933  1944 D PackageManager: Clear ephemeral installer activity
01-17 11:52:24.366  1771  1849 I OMXClient: IOmx service obtained
01-17 11:52:24.366  1777  1907 I OMXMaster: makeComponentInstance(OMX.google.amrwb.decoder) in omx@1.0-service process
01-17 11:52:24.370  1771  1849 I OMXClient: IOmx service obtained
01-17 11:52:24.370  1777  1907 I OMXMaster: makeComponentInstance(OMX.google.flac.decoder) in omx@1.0-service process
01-17 11:52:24.381  2098  2098 W AlarmManager: Unrecognized alarm listener com.android.systemui.keyguard.-$$Lambda$KeyguardSliceProvider$IhzByd8TsqFuOrSyuGurVskyPLo@7e7cf76
01-17 11:52:24.387  2098  2098 D ProtoStore: no cached data
01-17 11:52:24.509  1933  1986 I ActivityManager: START u0 {act=android.intent.action.MAIN cat=[android.intent.category.HOME] flg=0x10000100 cmp=com.google.android.setupwizard/.SetupWizardActivity} from uid 0
01-17 11:52:24.387  2098  2098 D ProtoStore: no cached data
01-17 11:52:24.518  2148  2148 I ImsResolver: Initializing cache and binding.
01-17 11:52:24.547  1933  1951 I ActivityManager: Start proc 2202:com.google.android.setupwizard/u0a30 for activity com.google.android.setupwizard/.SetupWizardActivity
