01-17 11:52:32.912  2799  2799 I ModuleManager: Adding [GIMS_UserUnlocked] NotificationListener for module com.google.android.apps.inputmethod.libs.search.universalmedia.UniversalMediaExtension
01-17 11:52:32.912  2799  2799 I ModuleManager: Unexpected key 'com.google.android.partnersetup.RLZ_BOUNTY_ACCESS_POINT' does not match 'module:'
01-17 11:52:32.913  2799  2799 I ModuleManager: Key 'module:com.google.android.apps.inputmethod.libs.search.IDoodleExtension' has value 'res/xml/extension_doodle.xml'
01-17 11:52:32.913  2799  2799 I ModuleManager: Adding [GIMS_UserUnlocked] NotificationListener for module com.google.android.apps.inputmethod.libs.search.doodle.DoodleExtension
01-17 11:52:32.913  2799  2799 I ModuleManager: Key 'module:com.google.android.apps.inputmethod.libs.translate.ITranslateUIExtension' has value 'res/xml/extension_def_translate.xml'
01-17 11:52:32.914  1933  1962 I ActivityManager: START u0 {act=android.intent.action.MAIN cat=[android.intent.category.HOME] flg=0x10000100 cmp=com.google.android.apps.nexuslauncher/.NexusLauncherActivity} from uid 0
01-17 11:52:32.914  2799  2799 I ModuleManager: Adding [GIMS_UserUnlocked] NotificationListener for module com.google.android.apps.inputmethod.libs.translate.TranslateUIExtension
01-17 11:52:32.914  2799  2799 I ModuleManager: Key 'module:com.google.android.apps.inputmethod.libs.hmm.superpacks.IHmmModule' has value 'res/xml/module_hmm.xml'
01-17 11:52:32.914  2799  2799 I ModuleManager: Adding [GIMS_UserUnlocked] NotificationListener for module com.google.android.apps.inputmethod.libs.hmm.superpacks.HmmModule
01-17 11:52:32.915  2799  2799 I ModuleManager: Key 'module:com.google.android.apps.inputmethod.libs.search.sense.IConversationToQueryExtension' has value 'res/xml/extension_conv2query.xml'
01-17 11:52:32.915  2799  2799 I ModuleManager: Adding [GIMS_UserUnlocked] NotificationListener for module com.google.android.apps.inputmethod.libs.search.sense.ConversationToQueryExtension
01-17 11:52:32.915  2799  2799 I ModuleManager: Key 'module:com.google.android.apps.inputmethod.libs.search.IDefaultStickerExtension' has value 'res/xml/extension_default_sticker.xml'
01-17 11:52:32.916  2799  2799 I ModuleManager: Adding [GIMS_UserUnlocked] NotificationListener for module com.google.android.apps.inputmethod.libs.search.sticker.DefaultStickerExtension
01-17 11:52:32.916  2799  2799 I ModuleManager: Key 'module:com.google.android.apps.inputmethod.libs.pill.IPillExtension' has value 'res/xml/extension_pill.xml'
01-17 11:52:32.918  2799  2799 I ModuleManager: Adding [GIMS_UserUnlocked] NotificationListener for module com.google.android.apps.inputmethod.libs.pill.PillExtension
01-17 11:52:32.918  2799  2799 I ModuleManager: Key 'module:com.google.android.apps.inputmethod.libs.search.IStickerExtension' has value 'res/xml/extension_sticker.xml'
01-17 11:52:32.921  1933  2593 W ActivityManager: Finishing task with all activities already finished
01-17 11:52:32.921  1933  2593 W ActivityManager: Duplicate finish request for ActivityRecord{f139a6a u0 com.google.android.sdksetup/.DefaultActivity t4 f}
01-17 11:52:32.922  2799  2799 I ModuleManager: Adding [GIMS_UserUnlocked] NotificationListener for module com.google.android.apps.inputmethod.libs.search.sticker.StickerExtension
01-17 11:52:32.922  2799  2799 I ModuleManager: Key 'module:com.google.android.apps.inputmethod.libs.search.IGifKeyboardExtension' has value 'res/xml/extension_gif_search.xml'
01-17 11:52:32.924  2799  2799 I ModuleManager: Adding [GIMS_UserUnlocked] NotificationListener for module com.google.android.apps.inputmethod.libs.search.gif.GifExtensionImpl
01-17 11:52:32.924  2799  2799 I ModuleManager: Key 'module:com.google.android.apps.inputmethod.libs.search.IEmoticonExtension' has value 'res/xml/extension_emoticon.xml'
01-17 11:52:32.925  2799  2799 I ModuleManager: Adding [GIMS_UserUnlocked] NotificationListener for module com.google.android.apps.inputmethod.libs.search.emoji.EmoticonExtension
01-17 11:52:32.925  2799  2799 I ModuleManager: Unexpected key 'com.google.android.backup.api_key' does not match 'module:'
01-17 11:52:32.925  2799  2799 I ModuleManager: Key 'module:com.google.android.apps.inputmethod.libs.handwriting.ime.IHandwritingImeExtension' has value 'res/xml/extension_handwriting_ime.xml'
01-17 11:52:32.926  2799  2799 I ModuleManager: Adding [GIMS_UserUnlocked] NotificationListener for module com.google.android.apps.inputmethod.libs.handwriting.ime.HandwritingImeExtension
01-17 11:52:32.926  2799  2799 I ModuleManager: Key 'module:com.google.android.apps.inputmethod.libs.search.IEmojiDataExtension' has value 'res/xml/extension_emoji_data.xml'
01-17 11:52:32.927  2799  2799 I ModuleManager: Adding [GIMS_UserUnlocked] NotificationListener for module com.google.android.apps.inputmethod.libs.search.emojidata.EmojiDataExtension
01-17 11:52:32.927  2799  2799 I ModuleManager: Key 'module:com.google.android.apps.inputmethod.libs.search.IEmojiOrGifExtension' has value 'res/xml/extension_emoji_or_gif.xml'
01-17 11:52:32.927  2799  2799 I ModuleManager: Adding [GIMS_UserUnlocked] NotificationListener for module com.google.android.apps.inputmethod.libs.search.ArtExtension
01-17 11:52:32.927  2799  2799 I ModuleManager: Key 'module:com.google.android.apps.inputmethod.libs.search.INativeCardExtension' has value 'res/xml/extension_native_card.xml'
01-17 11:52:32.928  2799  2799 I ModuleManager: Adding [GIMS_UserUnlocked] NotificationListener for module com.google.android.apps.inputmethod.libs.search.nativecard.NativeCardExtension
01-17 11:52:32.928  2799  2799 I ModuleManager: Key 'module:com.google.android.apps.inputmethod.libs.voiceime.IVoiceImeExtension' has value 'res/xml/extension_voice_ime.xml'
01-17 11:52:32.929  2799  2799 I ModuleManager: Adding [App_UserUnlocked] NotificationListener for module com.google.android.apps.inputmethod.libs.voiceime.VoiceImeExtension
01-17 11:52:32.929  2799  2799 I ModuleManager: Unexpected key 'com.google.android.gms.version' does not match 'module:'
01-17 11:52:32.929  2799  2799 I ModuleManager: Key 'module:com.google.android.apps.inputmethod.libs.search.IEmojiSearchExtension' has value 'res/xml/extension_emoji_search.xml'
01-17 11:52:32.931  2799  2799 I ModuleManager: Adding [GIMS_UserUnlocked] NotificationListener for module com.google.android.apps.inputmethod.libs.search.emoji.EmojiSearchExtension
01-17 11:52:32.931  2799  2799 I ModuleManager: Key 'module:com.google.android.apps.inputmethod.libs.textediting.ITextEditingExtension' has value 'res/xml/extension_text_editing.xml'
01-17 11:52:32.931  2799  2799 I ModuleManager: Adding [GIMS_UserUnlocked] NotificationListener for module com.google.android.apps.inputmethod.libs.textediting.TextEditingExtension
01-17 11:52:32.932  2799  2799 I ModuleManager: Key 'module:com.google.android.apps.inputmethod.libs.search.IGifEntryPointCandidateExtension' has value 'res/xml/extension_gif_entry_point_candidate.xml'
01-17 11:52:32.933  2799  2799 I ModuleManager: Adding [GIMS_UserUnlocked] NotificationListener for module com.google.android.apps.inputmethod.libs.search.gif.GifEntryPointCandidateExtension
01-17 11:52:32.933  2799  2799 I ModuleManager: Key 'module:com.google.android.apps.inputmethod.libs.search.IBitmojiExtension' has value 'res/xml/extension_bitmoji.xml'
01-17 11:52:32.934  2799  2799 I ModuleManager: Adding [GIMS_UserUnlocked] NotificationListener for module com.google.android.apps.inputmethod.libs.search.sticker.BitmojiExtension
01-17 11:52:32.934  2799  2799 I ModuleManager: Key 'module:com.google.android.apps.inputmethod.libs.search.IFeatureCardNoticeExtension' has value 'res/xml/extension_feature_notice.xml'
01-17 11:52:32.935  2799  2799 I ModuleManager: Adding [GIMS_UserUnlocked] NotificationListener for module com.google.android.apps.inputmethod.libs.search.nativecard.FeatureCardNoticeExtension
01-17 11:52:32.935  2799  2799 I LatinApp: onCreate()
01-17 11:52:32.939  2824  2824 W ndroid.sdksetu: Unexpected CPU variant for X86 using defaults: x86
01-17 11:52:32.940  1761  2006 W SurfaceFlinger: Attempting to destroy on removed layer: AppWindowToken{8de2ff8 token=Token{c613b5b ActivityRecord{f139a6a u0 com.google.android.sdksetup/.DefaultActivity t4}}}#0
01-17 11:52:32.940  1933  1951 I ActivityManager: Start proc 2824:com.google.android.sdksetup/u0a21 for activity com.google.android.sdksetup/.DefaultActivity
01-17 11:52:32.944  1637  1637 D gralloc_ranchu: gralloc_alloc: Creating ashmem region of size 16592896
01-17 11:52:32.953  1933  1952 W libprocessgroup: kill(-2555, 9) failed: No such process
01-17 11:52:32.954  1933  2009 I InputReader: Reconfiguring input devices.  changes=0x00000010
01-17 11:52:32.957  1933  1933 I Telecom : DefaultDialerCache: Refreshing default dialer for user 0: now com.google.android.dialer: DDC.oR@AD4
01-17 11:52:32.965  2148  2148 D ImsResolver: maybeAddedImsService, packageName: com.google.android.sdksetup
01-17 11:52:32.966  2148  2148 D CarrierSvcBindHelper: No carrier app for: 0
01-17 11:52:32.979  1762  1762 I Zygote  : Process 2555 exited due to signal (9)
01-17 11:52:32.985  2824  2824 I ndroid.sdksetu: The ClassLoaderContext is a special shared library.
01-17 11:52:32.995  1933  1952 W libprocessgroup: kill(-2555, 9) failed: No such process
01-17 11:52:32.995  1933  1952 I libprocessgroup: Successfully killed process cgroup uid 10021 pid 2555 in 86ms
01-17 11:52:33.012  2799  2799 I TransientFileCleaner: Deleting 0 files
01-17 11:52:33.015  2799  2799 I FeaturePermissions: onSharedPreferenceChanged() : Key = pref_key_should_reset_suggestions_pref : Feature = null
01-17 11:52:33.095  2799  2799 I FeaturePermissions: onSharedPreferenceChanged() : Key = show_launcher_icon : Feature = null
01-17 11:52:33.095  2799  2799 I LauncherIconVisibility: doUpdate() : Visible = false
01-17 11:52:33.102  2202  2202 I SetupWizard: [GmsCheckinMonitor] Checking Android ID
01-17 11:52:33.103  1761  1779 W SurfaceFlinger: Attempting to destroy on removed layer: AppWindowToken{7b1ca1 token=Token{eaabd08 ActivityRecord{c2292ab u0 com.android.settings/.FallbackHome t3}}}#0
01-17 11:52:33.104  2799  2799 I CrashDetection: App upgrade detected, clearing counters
01-17 11:52:33.107  1933  2052 I GnssLocationProvider: WakeLock acquired by sendMessage(REPORT_SV_STATUS, 0, com.android.server.location.GnssLocationProvider$SvStatusInfo@8c5fe97)
01-17 11:52:33.107  1933  1948 I GnssLocationProvider: WakeLock released by handleMessage(REPORT_SV_STATUS, 0, com.android.server.location.GnssLocationProvider$SvStatusInfo@8c5fe97)
01-17 11:52:33.108  2845  2845 W gle.android.gm: Unexpected CPU variant for X86 using defaults: x86
01-17 11:52:33.110  1933  1951 I ActivityManager: Start proc 2845:com.google.android.gms/u0a12 for service com.google.android.gms/.checkin.CheckinApiService
01-17 11:52:33.115  1637  1637 D gralloc_ranchu: gralloc_alloc: Creating ashmem region of size 16592896
01-17 11:52:33.117  1933  2584 I WifiService: startScan uid=10030
01-17 11:52:33.142  2202  2202 I SetupWizard: [GmsCheckinMonitor] Requesting checkin
01-17 11:52:33.163  2845  2845 I gle.android.gm: The ClassLoaderContext is a special shared library.
01-17 11:52:33.166  2845  2845 I chatty  : uid=10012(com.google.android.gms) identical 1 line
01-17 11:52:33.166  2845  2845 I gle.android.gm: The ClassLoaderContext is a special shared library.
01-17 11:52:33.168  1644  1644 I qemu-props: tell the host boot completed
01-17 11:52:33.246  2845  2845 I gle.android.gm: The ClassLoaderContext is a special shared library.
01-17 11:52:33.277  2415  2605 I ContactLocale: AddressBook Labels [[en_US]]: [, A, B, C, D, E, F, G, H, I, J, K, L, M, N, O, P, Q, R, S, T, U, V, W, X, Y, Z, , , , , , , , , , , , , , , , , , , , , , , , , , , , , , , , , , , , , , , , , , , , , , , , , , , , , , , , , , , , , , , , , , , , , , , , , , , , , , , , , , , , , , , , , , , , , , , , , , , , , , , , , , , , , , , , , , , , , , , , , , , , , , , , , , , , , , , , , , , , , , , , , , , , , , , , , , , , , , , , , , , , , , , , , , , , , , , , , , , , , , , , , , , #, ]
01-17 11:52:33.295  2845  2845 I GmsApplication: Staging modules and/or updating config
01-17 11:52:33.299  2415  2605 I ContactsDatabaseHelper: Bootstrapping database contacts2.db version: 1300
01-17 11:52:33.300  2799  2861 E LatinCountersUtils: Unhandled flavor name: preload
01-17 11:52:33.301  2799  2799 I UrgentSignal: getInstance(): Creating UrgentSignalsProcessor instance
01-17 11:52:33.305  2799  2861 E LatinCountersUtils: Unhandled flavor name: preload
01-17 11:52:33.306  2799  2861 I chatty  : uid=10082(com.google.android.inputmethod.latin) MetricsManager identical 2 lines
01-17 11:52:33.306  2799  2861 E LatinCountersUtils: Unhandled flavor name: preload
01-17 11:52:33.317  2799  2799 I PhenotypeExpConfig: refreshConfiguration() : Force = true : UpdateAvailable = true : Age = 27899212 minutes : MaxAge = 720 minutes
01-17 11:52:33.320  2799  2799 I FirebaseJobDispatcher: Schedule task: fetch_configuration. Success.
01-17 11:52:33.321  2415  2605 I ContactsProviderV1: Bootstrapping database legacy support
01-17 11:52:33.324  2799  2799 E putmethod.lati: The String#value field is not present on Android versions >= 6.0
01-17 11:52:33.327  2799  2799 I FirebaseJobDispatcher: Schedule task: register. Success.
01-17 11:52:33.334  2799  2861 E LatinCountersUtils: Unhandled flavor name: preload
01-17 11:52:33.346  2415  2605 D ContactsDatabaseHelper: WAL enabled for profile.db: false
01-17 11:52:33.393  2613  2613 I Pixelmigrate: [NotificationConsolidatorService] onListenerConnected
01-17 11:52:33.393  2613  2613 I Pixelmigrate: [NotificationConsolidatorService] Setup wizard disabled, so disabling this component
01-17 11:52:33.394  1933  2637 D NotificationListeners: Disabling component com.google.android.apps.restore/com.google.android.apps.pixelmigrate.component.NotificationConsolidatorService
01-17 11:52:33.396  1933  2637 D PackageManager: Instant App installer not found with android.intent.action.INSTALL_INSTANT_APP_PACKAGE
01-17 11:52:33.396  1933  2637 D PackageManager: Clear ephemeral installer activity
01-17 11:52:33.396  2613  2613 I Pixelmigrate: [NotificationConsolidatorService] onListenerDisconnected
01-17 11:52:33.405  2613  2883 I FA      : App measurement is starting up, version: 12211
01-17 11:52:33.406  2613  2883 I FA      : To enable debug logging run: adb shell setprop log.tag.FA VERBOSE
01-17 11:52:33.406  2613  2883 I FA      : To enable faster debug mode event logging run:
01-17 11:52:33.406  2613  2883 I FA      :   adb shell setprop debug.firebase.analytics.app com.google.android.apps.restore
01-17 11:52:33.461  2888  2888 W e.process.gapp: Unexpected CPU variant for X86 using defaults: x86
01-17 11:52:33.463  1933  1951 I ActivityManager: Start proc 2888:com.google.process.gapps/u0a49 for content provider com.google.android.syncadapters.contacts/.ProxyGalProvider
01-17 11:52:33.480  2888  2888 I e.process.gapp: The ClassLoaderContext is a special shared library.
01-17 11:52:33.481  2888  2888 I e.process.gapp: The ClassLoaderContext is a special shared library.
01-17 11:52:33.522  2063  2075 I .gms.persisten: Background concurrent copying GC freed 2935(267KB) AllocSpace objects, 3(60KB) LOS objects, 55% free, 1227KB/2MB, paused 39.798ms total 719.121ms
01-17 11:52:33.524  2063  2063 I ModuleSetMgr: Pending container module APKs: []
01-17 11:52:33.524  2063  2063 I ModuleSetMgr: Pending non-container module APKs: []
01-17 11:52:33.533  2063  2063 E ChimeraCfgMgr: Failed to read module config: java.io.FileNotFoundException: /data/user_de/0/com.google.android.gms/app_chimera/current_config.fb (No such file or directory)
01-17 11:52:33.533  2063  2063 W IntentOperation: Failed to get Chimera config:com.google.android.chimera.config.InvalidConfigException: java.io.FileNotFoundException: /data/user_de/0/com.google.android.gms/app_chimera/current_config.fb (No such file or directory)
01-17 11:52:33.733  2599  2599 W SearchService: Abort, client detached.
01-17 11:52:33.946  1933  2637 D PackageManager: Instant App installer not found with android.intent.action.INSTALL_INSTANT_APP_PACKAGE
01-17 11:52:33.946  1933  2637 D PackageManager: Clear ephemeral installer activity
01-17 11:52:33.733  2599  2599 W SearchService: Abort, client detached.
01-17 11:52:33.951  2567  2567 D OpenGLRenderer: Skia GL Pipeline
01-17 11:52:33.992  2063  2063 I ChimeraCfgMgr: Updating module config: <no config> -> container:2024149040700
01-17 11:52:34.004  2063  2063 E ConfigFileUtils: Failed to read config file: /data/user_de/0/com.google.android.gms/app_chimera/current_modules_init.pb (No such file or directory)
01-17 11:52:34.081  2063  2063 I ChimeraCfgMgr: Sending com.google.android.chimera.IntentOperation.NEW_MODULE Intents: 1,true,true
01-17 11:52:34.112  1933  2052 I GnssLocationProvider: WakeLock acquired by sendMessage(REPORT_SV_STATUS, 0, com.android.server.location.GnssLocationProvider$SvStatusInfo@693050a)
01-17 11:52:34.112  1933  1948 I GnssLocationProvider: WakeLock released by handleMessage(REPORT_SV_STATUS, 0, com.android.server.location.GnssLocationProvider$SvStatusInfo@693050a)
01-17 11:52:34.134  1933  2537 W ActivityManager: Unable to start service Intent { act=com.google.android.apps.miphone.aiai.matchmaker.api.IScreenMatchmaker cmp=com.google.android.as/com.google.android.apps.miphone.aiai.matchmaker.MatchmakerService2 } U=0: not found
01-17 11:52:34.135  2567  2567 D TouchInteractionService: Touch service connected
01-17 11:52:34.136  2567  2567 W ActivityThread: handleWindowVisibility: no activity for token android.os.BinderProxy@d763613
01-17 11:52:34.147  2063  2063 I ChmraDebugLogger: [46] 
01-17 11:52:34.152  1637  1637 D gralloc_ranchu: gralloc_alloc: Creating ashmem region of size 40960
01-17 11:52:34.157  1637  1637 I chatty  : uid=1000(system) allocator@2.0-s identical 2 lines
01-17 11:52:34.159  1637  1637 D gralloc_ranchu: gralloc_alloc: Creating ashmem region of size 40960
01-17 11:52:34.161  1637  1637 D gralloc_ranchu: gralloc_alloc: Creating ashmem region of size 12288
01-17 11:52:34.163  1637  1637 D gralloc_ranchu: gralloc_alloc: Creating ashmem region of size 12288
01-17 11:52:34.165  2098  2337 D EGL_emulation: eglMakeCurrent: 0xd3b1b360: ver 3 0 (tinfo 0xd3b21130)
01-17 11:52:34.180  1637  1637 D gralloc_ranchu: gralloc_alloc: Creating ashmem region of size 40960
01-17 11:52:34.188  1637  1637 I chatty  : uid=1000(system) allocator@2.0-s identical 2 lines
01-17 11:52:34.191  1637  1637 D gralloc_ranchu: gralloc_alloc: Creating ashmem region of size 40960
01-17 11:52:34.226  1637  1637 D gralloc_ranchu: gralloc_alloc: Creating ashmem region of size 12288
01-17 11:52:34.235  1933  2587 W WallpaperManagerService: Cannot extract colors because wallpaper could not be read.
01-17 11:52:34.235  1933  2587 W WallpaperManagerService: Cannot get theme colors because WallpaperColors is null.
01-17 11:52:34.229  1637  1637 D gralloc_ranchu: gralloc_alloc: Creating ashmem region of size 12288
01-17 11:52:34.279  2063  2063 I GmsApplication: Updating config completed
01-17 11:52:34.283  2845  2845 I GmsApplication: Staging modules and/or updating config already complete
01-17 11:52:34.396  2613  2874 W id.apps.restor: Unsupported class loader
01-17 11:52:34.398  2613  2874 I DynamiteModule: Considering local module com.google.android.gms.flags:2 and remote module com.google.android.gms.flags:3
01-17 11:52:34.398  2613  2874 I DynamiteModule: Selected remote version of com.google.android.gms.flags, version >= 3
01-17 11:52:34.411  2613  2874 W id.apps.restor: Unsupported class loader
01-17 11:52:34.481  2599  2727 W DynamiteModule: Local module descriptor class for com.google.android.gms.googlecertificates not found.
01-17 11:52:34.484  2599  2727 W earchbox:searc: Unsupported class loader
01-17 11:52:34.486  2599  2727 I DynamiteModule: Considering local module com.google.android.gms.googlecertificates:0 and remote module com.google.android.gms.googlecertificates:4
01-17 11:52:34.486  2599  2727 I DynamiteModule: Selected remote version of com.google.android.gms.googlecertificates, version >= 4
01-17 11:52:34.499  2599  2727 W earchbox:searc: Unsupported class loader
01-17 11:52:34.505  2888  2902 I ProxyGalProvider: QueryGalProvider in Legacy provider.
01-17 11:52:34.515  2925  2925 W ogle.android.g: Unexpected CPU variant for X86 using defaults: x86
01-17 11:52:34.520  1933  1951 I ActivityManager: Start proc 2925:com.google.android.gm/u0a50 for content provider com.google.android.gm/com.android.exchange.provider.ExchangeDirectoryProvider
01-17 11:52:34.533  2925  2925 I ogle.android.g: The ClassLoaderContext is a special shared library.
01-17 11:52:34.534  2925  2925 I ogle.android.g: The ClassLoaderContext is a special shared library.
01-17 11:52:34.570  2567  2941 D ProtoStore: no cached data
01-17 11:52:34.570  2567  2941 D ProtoStore: no cached data
01-17 11:52:34.588  2942  2942 W viders.calenda: Unexpected CPU variant for X86 using defaults: x86
01-17 11:52:34.589  1761  1815 E SurfaceFlinger: ro.sf.lcd_density must be defined as a build property
01-17 11:52:34.593  1933  1951 I ActivityManager: Start proc 2942:com.android.providers.calendar/u0a35 for content provider com.android.providers.calendar/.CalendarProvider2
01-17 11:52:34.601  1933  2537 D ActivityManager: Raise procstate to external provider: ProcessRecord{2489a41 2942:com.android.providers.calendar/u0a35}
01-17 11:52:34.607  2942  2942 I viders.calenda: The ClassLoaderContext is a special shared library.
01-17 11:52:34.625  2942  2942 I CalendarDatabaseHelper: Bootstrapping database
01-17 11:52:34.626  2567  2567 I Choreographer: Skipped 35 frames!  The application may be doing too much work on its main thread.
01-17 11:52:34.630  2942  2942 I CalendarProvider2: Created com.android.providers.calendar.CalendarAlarmManager@78724ab(com.android.providers.calendar.CalendarProvider2@8f8e708)
01-17 11:52:34.630  1933  2249 D ActivityManager: Raise procstate to external provider: ProcessRecord{2489a41 2942:com.android.providers.calendar/u0a35}
01-17 11:52:34.631  1933  2584 W Binder  : Outgoing transactions from this process must be FLAG_ONEWAY
01-17 11:52:34.631  1933  2584 W Binder  : java.lang.Throwable
01-17 11:52:34.631  1933  2584 W Binder  : 	at android.os.BinderProxy.transact(Binder.java:1114)
01-17 11:52:34.631  1933  2584 W Binder  : 	at android.content.ContentProviderProxy.getType(ContentProviderNative.java:451)
01-17 11:52:34.631  1933  2584 W Binder  : 	at com.android.server.am.ActivityManagerService.getProviderMimeType(ActivityManagerService.java:13000)
01-17 11:52:34.631  1933  2584 W Binder  : 	at android.app.IActivityManager$Stub.onTransact(IActivityManager.java:1416)
01-17 11:52:34.631  1933  2584 W Binder  : 	at com.android.server.am.ActivityManagerService.onTransact(ActivityManagerService.java:3291)
01-17 11:52:34.631  1933  2584 W Binder  : 	at android.os.Binder.execTransact(Binder.java:731)
01-17 11:52:34.635  2599  2599 I BgTaskExecutorImpl: Starting NONEXCLUSIVE background task smartspace_update.
01-17 11:52:34.635  2599  2599 E OverlaySController: Calling with an invalid UID, the interface will not work
01-17 11:52:34.639  2599  2776 W VelvetNetworkClient: Cannot connect to server without account
01-17 11:52:34.680  2599  2599 W SearchService: Abort, client detached.
01-17 11:52:34.680  2599  2599 I chatty  : uid=10040 com.google.android.googlequicksearchbox:search identical 1 line
01-17 11:52:34.680  2599  2599 W SearchService: Abort, client detached.
01-17 11:52:34.681  2567  2909 D LoaderTask: loadWorkspace: loading default favorites
01-17 11:52:34.700  2613  2874 W id.apps.restor: Skipping duplicate class check due to unsupported classloader
01-17 11:52:34.704  2613  2874 W ContextImpl: Failed to ensure /data/user/0/com.google.android.gms/shared_prefs: mkdir failed: EACCES (Permission denied)
01-17 11:52:34.706  2613  2874 W DynamiteModule: Local module descriptor class for com.google.android.gms.crash not found.
01-17 11:52:34.708  2613  2874 I DynamiteModule: Considering local module com.google.android.gms.crash:0 and remote module com.google.android.gms.crash:215
01-17 11:52:34.708  2613  2874 I DynamiteModule: Selected remote version of com.google.android.gms.crash, version >= 215
01-17 11:52:34.710  2613  2874 I FirebaseCrashApiImpl: FirebaseCrashApiImpl created by ClassLoader ay[DexPathList[[zip file "/system/priv-app/PrebuiltGmsCore/app_chimera/m/DynamiteModulesC.apk"],nativeLibraryDirectories=[/data/user_de/0/com.google.android.gms/app_chimera/m/00000004/n/x86, /data/user_de/0/com.google.android.gms/app_chimera/m/00000004/n/armeabi-v7a, /data/user_de/0/com.google.android.gms/app_chimera/m/00000004/n/armeabi, /system/lib]]]
01-17 11:52:34.710  2613  2874 I FirebaseCrash: FirebaseCrash reporting loaded - chd@77bd97f
01-17 11:52:34.712  2567  2909 D LauncherProvider: loading default workspace
01-17 11:52:34.713  2613  2875 I DynamiteModule: Considering local module com.google.android.gms.flags:2 and remote module com.google.android.gms.flags:3
01-17 11:52:34.713  2613  2875 I DynamiteModule: Selected remote version of com.google.android.gms.flags, version >= 3
01-17 11:52:34.717  2613  2875 W DynamiteModule: Local module descriptor class for com.google.android.gms.crash not found.
01-17 11:52:34.719  2567  2909 E AutoInstalls: Favorite not found: com.android.vending/com.android.vending.AssetBrowserActivity
01-17 11:52:34.722  2567  2909 E AutoInstalls: Favorite not found: com.google.android.GoogleCamera/com.android.camera.CameraLauncher
01-17 11:52:34.725  2599  2727 W earchbox:searc: Skipping duplicate class check due to unsupported classloader
01-17 11:52:34.730  2567  2567 W ActionsController: content provider not found
01-17 11:52:34.730  2567  2567 W ActionsController: java.lang.SecurityException: Failed to find provider com.google.android.as.allapps.actionsuggestprovider for user 0; expected to find a valid ContentProvider for this authority
01-17 11:52:34.730  2567  2567 W ActionsController: 	at android.os.Parcel.createException(Parcel.java:1950)
01-17 11:52:34.730  2567  2567 W ActionsController: 	at android.os.Parcel.readException(Parcel.java:1918)
01-17 11:52:34.730  2567  2567 W ActionsController: 	at android.os.Parcel.readException(Parcel.java:1868)
01-17 11:52:34.730  2567  2567 W ActionsController: 	at android.content.IContentService$Stub$Proxy.registerContentObserver(IContentService.java:779)
01-17 11:52:34.730  2567  2567 W ActionsController: 	at android.content.ContentResolver.registerContentObserver(ContentResolver.java:1972)
01-17 11:52:34.730  2567  2567 W ActionsController: 	at android.content.ContentResolver.registerContentObserver(ContentResolver.java:1961)
01-17 11:52:34.730  2567  2567 W ActionsController: 	at com.google.android.apps.nexuslauncher.allapps.d.cY(SourceFile:193)
01-17 11:52:34.730  2567  2567 W ActionsController: 	at com.google.android.apps.nexuslauncher.allapps.d.<init>(SourceFile:156)
01-17 11:52:34.730  2567  2567 W ActionsController: 	at com.google.android.apps.nexuslauncher.allapps.d.c(SourceFile:116)
01-17 11:52:34.730  2567  2567 W ActionsController: 	at com.google.android.apps.nexuslauncher.allapps.ActionsRowView.onAttachedToWindow(SourceFile:162)
01-17 11:52:34.730  2567  2567 W ActionsController: 	at android.view.View.dispatchAttachedToWindow(View.java:18347)
01-17 11:52:34.730  2567  2567 W ActionsController: 	at android.view.ViewGroup.dispatchAttachedToWindow(ViewGroup.java:3397)
01-17 11:52:34.730  2567  2567 W ActionsController: 	at android.view.ViewGroup.dispatchAttachedToWindow(ViewGroup.java:3404)
01-17 11:52:34.730  2567  2567 W ActionsController: 	at android.view.ViewGroup.dispatchAttachedToWindow(ViewGroup.java:3404)
01-17 11:52:34.730  2567  2567 W ActionsController: 	at android.view.ViewGroup.dispatchAttachedToWindow(ViewGroup.java:3404)
01-17 11:52:34.730  2567  2567 W ActionsController: 	at android.view.ViewGroup.dispatchAttachedToWindow(ViewGroup.java:3404)
01-17 11:52:34.730  2567  2567 W ActionsController: 	at android.view.ViewGroup.dispatchAttachedToWindow(ViewGroup.java:3404)
01-17 11:52:34.730  2567  2567 W ActionsController: 	at android.view.ViewGroup.dispatchAttachedToWindow(ViewGroup.java:3404)
01-17 11:52:34.730  2567  2567 W ActionsController: 	at android.view.ViewGroup.dispatchAttachedToWindow(ViewGroup.java:3404)
01-17 11:52:34.730  2567  2567 W ActionsController: 	at android.view.ViewRootImpl.performTraversals(ViewRootImpl.java:1761)
01-17 11:52:34.730  2567  2567 W ActionsController: 	at android.view.ViewRootImpl.doTraversal(ViewRootImpl.java:1460)
01-17 11:52:34.730  2567  2567 W ActionsController: 	at android.view.ViewRootImpl$TraversalRunnable.run(ViewRootImpl.java:7183)
01-17 11:52:34.730  2567  2567 W ActionsController: 	at android.view.Choreographer$CallbackRecord.run(Choreographer.java:949)
01-17 11:52:34.730  2567  2567 W ActionsController: 	at android.view.Choreographer.doCallbacks(Choreographer.java:761)
01-17 11:52:34.730  2567  2567 W ActionsController: 	at android.view.Choreographer.doFrame(Choreographer.java:696)
01-17 11:52:34.730  2567  2567 W ActionsController: 	at android.view.Choreographer$FrameDisplayEventReceiver.run(Choreographer.java:935)
01-17 11:52:34.730  2567  2567 W ActionsController: 	at android.os.Handler.handleCallback(Handler.java:873)
01-17 11:52:34.730  2567  2567 W ActionsController: 	at android.os.Handler.dispatchMessage(Handler.java:99)
01-17 11:52:34.730  2567  2567 W ActionsController: 	at android.os.Looper.loop(Looper.java:193)
01-17 11:52:34.730  2567  2567 W ActionsController: 	at android.app.ActivityThread.main(ActivityThread.java:6669)
01-17 11:52:34.730  2567  2567 W ActionsController: 	at java.lang.reflect.Method.invoke(Native Method)
01-17 11:52:34.730  2567  2567 W ActionsController: 	at com.android.internal.os.RuntimeInit$MethodAndArgsCaller.run(RuntimeInit.java:493)
01-17 11:52:34.730  2567  2567 W ActionsController: 	at com.android.internal.os.ZygoteInit.main(ZygoteInit.java:858)
01-17 11:52:34.730  2567  2567 W ActionsController: Caused by: android.os.RemoteException: Remote stack trace:
01-17 11:52:34.730  2567  2567 W ActionsController: 	at com.android.server.content.ContentService.registerContentObserver(ContentService.java:340)
01-17 11:52:34.730  2567  2567 W ActionsController: 	at android.content.IContentService$Stub.onTransact(IContentService.java:76)
01-17 11:52:34.730  2567  2567 W ActionsController: 	at com.android.server.content.ContentService.onTransact(ContentService.java:262)
01-17 11:52:34.730  2567  2567 W ActionsController: 	at android.os.Binder.execTransact(Binder.java:731)
01-17 11:52:34.730  2567  2567 W ActionsController: 
01-17 11:52:34.740  2613  2875 I FirebaseCrashApiImpl: FirebaseCrash reporting API initialized
01-17 11:52:34.740  2613  2875 I FirebaseCrash: FirebaseCrash reporting initialized chd@77bd97f
01-17 11:52:34.742  1637  1637 D gralloc_ranchu: gralloc_alloc: Creating ashmem region of size 16592896
01-17 11:52:34.743  1637  1700 D gralloc_ranchu: gralloc_alloc: Creating ashmem region of size 16592896
01-17 11:52:34.744  1637  1700 D gralloc_ranchu: gralloc_alloc: Creating ashmem region of size 16592896
01-17 11:52:34.744  2063  2063 W DynamiteModule: Local module descriptor class for providerinstaller not found.
01-17 11:52:34.750  2063  2063 W ProviderHelper: Unknown dynamite feature providerinstaller
01-17 11:52:34.750  2063  2063 I DynamiteModule: Considering local module providerinstaller:0 and remote module providerinstaller:0
01-17 11:52:34.751  2567  2923 W QsbUiManager: Doodle is not valid.
01-17 11:52:34.751  2567  2923 W QsbUiManager: Doodle bitmap is not valid.
01-17 11:52:34.756  2567  2945 D HostConnection: HostConnection::get() New Host Connection established 0xd4a6ab30, tid 2945
01-17 11:52:34.758  2567  2945 D HostConnection: HostComposition ext ANDROID_EMU_CHECKSUM_HELPER_v1 ANDROID_EMU_native_sync_v2 ANDROID_EMU_native_sync_v3 ANDROID_EMU_native_sync_v4 ANDROID_EMU_dma_v1 ANDROID_EMU_YUV420_888_to_NV21 ANDROID_EMU_YUV_Cache ANDROID_EMU_sync_buffer_data GL_OES_EGL_image_external_essl3 GL_OES_vertex_array_object GL_KHR_texture_compression_astc_ldr ANDROID_EMU_host_side_tracing ANDROID_EMU_gles_max_version_3_0 
01-17 11:52:34.766  2567  2945 I ConfigStore: android::hardware::configstore::V1_0::ISurfaceFlingerConfigs::hasWideColorDisplay retrieved: 0
01-17 11:52:34.766  2567  2945 I ConfigStore: android::hardware::configstore::V1_0::ISurfaceFlingerConfigs::hasHDRDisplay retrieved: 0
01-17 11:52:34.767  2567  2945 I OpenGLRenderer: Initialized EGL, version 1.4
01-17 11:52:34.767  2567  2945 D OpenGLRenderer: Swap behavior 1
01-17 11:52:34.767  2567  2945 W OpenGLRenderer: Failed to choose config with EGL_SWAP_BEHAVIOR_PRESERVED, retrying without...
01-17 11:52:34.767  2567  2945 D OpenGLRenderer: Swap behavior 0
01-17 11:52:34.775  2567  2945 D eglCodecCommon: setVertexArrayObject: set vao to 0 (0) 0 0
01-17 11:52:34.775  2567  2945 D EGL_emulation: eglCreateContext: 0xd4a4ee60: maj 3 min 0 rcv 3
01-17 11:52:34.776  2567  2945 D EGL_emulation: eglMakeCurrent: 0xd4a4ee60: ver 3 0 (tinfo 0xd4a13920)
01-17 11:52:34.777  1761  1815 E SurfaceFlinger: ro.sf.lcd_density must be defined as a build property
01-17 11:52:34.841  2567  2945 D HostConnection: createUnique: call
01-17 11:52:34.850  2567  2945 D HostConnection: HostConnection::get() New Host Connection established 0xd4a6ae50, tid 2945
01-17 11:52:34.852  2567  2945 D HostConnection: HostComposition ext ANDROID_EMU_CHECKSUM_HELPER_v1 ANDROID_EMU_native_sync_v2 ANDROID_EMU_native_sync_v3 ANDROID_EMU_native_sync_v4 ANDROID_EMU_dma_v1 ANDROID_EMU_YUV420_888_to_NV21 ANDROID_EMU_YUV_Cache ANDROID_EMU_sync_buffer_data GL_OES_EGL_image_external_essl3 GL_OES_vertex_array_object GL_KHR_texture_compression_astc_ldr ANDROID_EMU_host_side_tracing ANDROID_EMU_gles_max_version_3_0 
01-17 11:52:34.852  2567  2945 E eglCodecCommon: GoldfishAddressSpaceHostMemoryAllocator: ioctl_ping failed for device_type=5, ret=-1
01-17 11:52:34.859  2063  2063 W ProviderInstaller: Failed to load providerinstaller module: No acceptable module found. Local version is 0 and remote version is 0.
01-17 11:52:34.868  1637  1700 D gralloc_ranchu: gralloc_alloc: Creating ashmem region of size 126976
01-17 11:52:34.871  2567  2968 D Reflection.StBatchTrain: Start loading events from logs...
01-17 11:52:34.875  2567  2945 D EGL_emulation: eglMakeCurrent: 0xd4a4ee60: ver 3 0 (tinfo 0xd4a13920)
01-17 11:52:34.894  2567  2968 D Reflection.StBatchTrain: Num events loaded: 5, time taken so far: 23ms
01-17 11:52:34.900  1933  1957 I ActivityManager: Displayed com.google.android.apps.nexuslauncher/.NexusLauncherActivity: +1s979ms (total +3s129ms)
01-17 11:52:34.906  2567  2968 D Reflection.StBatchTrain: Progress: InProgress:5
01-17 11:52:34.913  2599  2599 D OpenGLRenderer: Skia GL Pipeline
01-17 11:52:34.916  2567  2968 D Reflection.StBatchTrain: Retrain finished, total time including loading: 45ms
01-17 11:52:34.916  1761  1815 E SurfaceFlinger: ro.sf.lcd_density must be defined as a build property
01-17 11:52:34.935  2567  2592 I s.nexuslaunche: NativeAlloc concurrent copying GC freed 42041(3MB) AllocSpace objects, 11(536KB) LOS objects, 49% free, 2MB/5MB, paused 210us total 143.497ms
01-17 11:52:34.937  1761  1761 D SurfaceFlinger: duplicate layer name: changing com.google.android.apps.nexuslauncher/com.google.android.apps.nexuslauncher.NexusLauncherActivity to com.google.android.apps.nexuslauncher/com.google.android.apps.nexuslauncher.NexusLauncherActivity#1
01-17 11:52:34.940  2599  2972 D HostConnection: HostConnection::get() New Host Connection established 0xe82ac730, tid 2972
01-17 11:52:34.942  2599  2972 D HostConnection: HostComposition ext ANDROID_EMU_CHECKSUM_HELPER_v1 ANDROID_EMU_native_sync_v2 ANDROID_EMU_native_sync_v3 ANDROID_EMU_native_sync_v4 ANDROID_EMU_dma_v1 ANDROID_EMU_YUV420_888_to_NV21 ANDROID_EMU_YUV_Cache ANDROID_EMU_sync_buffer_data GL_OES_EGL_image_external_essl3 GL_OES_vertex_array_object GL_KHR_texture_compression_astc_ldr ANDROID_EMU_host_side_tracing ANDROID_EMU_gles_max_version_3_0 
01-17 11:52:34.944  1637  1700 D gralloc_ranchu: gralloc_alloc: Creating ashmem region of size 16592896
01-17 11:52:34.945  2599  2972 I ConfigStore: android::hardware::configstore::V1_0::ISurfaceFlingerConfigs::hasWideColorDisplay retrieved: 0
01-17 11:52:34.945  2599  2972 I ConfigStore: android::hardware::configstore::V1_0::ISurfaceFlingerConfigs::hasHDRDisplay retrieved: 0
01-17 11:52:34.945  2599  2972 I OpenGLRenderer: Initialized EGL, version 1.4
01-17 11:52:34.945  2599  2972 D OpenGLRenderer: Swap behavior 1
01-17 11:52:34.945  2599  2972 W OpenGLRenderer: Failed to choose config with EGL_SWAP_BEHAVIOR_PRESERVED, retrying without...
01-17 11:52:34.945  2599  2972 D OpenGLRenderer: Swap behavior 0
01-17 11:52:34.945  1637  1637 D gralloc_ranchu: gralloc_alloc: Creating ashmem region of size 16592896
01-17 11:52:34.947  1637  1700 D gralloc_ranchu: gralloc_alloc: Creating ashmem region of size 16592896
01-17 11:52:34.947  2599  2972 D eglCodecCommon: setVertexArrayObject: set vao to 0 (0) 0 0
01-17 11:52:34.947  2599  2972 D EGL_emulation: eglCreateContext: 0xe8287520: maj 3 min 0 rcv 3
01-17 11:52:34.948  2599  2972 D EGL_emulation: eglMakeCurrent: 0xe8287520: ver 3 0 (tinfo 0xe8283eb0)
01-17 11:52:34.951  1761  2481 E SurfaceFlinger: ro.sf.lcd_density must be defined as a build property
01-17 11:52:34.951  2567  2945 D eglCodecCommon: setVertexArrayObject: set vao to 0 (0) 1 2
01-17 11:52:34.964  2599  2972 D HostConnection: createUnique: call
01-17 11:52:34.964  2599  2972 D HostConnection: HostConnection::get() New Host Connection established 0xe82ae210, tid 2972
01-17 11:52:34.966  2599  2972 D HostConnection: HostComposition ext ANDROID_EMU_CHECKSUM_HELPER_v1 ANDROID_EMU_native_sync_v2 ANDROID_EMU_native_sync_v3 ANDROID_EMU_native_sync_v4 ANDROID_EMU_dma_v1 ANDROID_EMU_YUV420_888_to_NV21 ANDROID_EMU_YUV_Cache ANDROID_EMU_sync_buffer_data GL_OES_EGL_image_external_essl3 GL_OES_vertex_array_object GL_KHR_texture_compression_astc_ldr ANDROID_EMU_host_side_tracing ANDROID_EMU_gles_max_version_3_0 
01-17 11:52:34.966  2599  2972 E eglCodecCommon: GoldfishAddressSpaceHostMemoryAllocator: ioctl_ping failed for device_type=5, ret=-1
01-17 11:52:34.972  2599  2972 D EGL_emulation: eglMakeCurrent: 0xe8287520: ver 3 0 (tinfo 0xe8283eb0)
01-17 11:52:35.019  2599  2599 W SessionLifecycleManager: Handover failed. Creating new session controller.
01-17 11:52:35.024  1933  1933 I TransportClient: LocalTransportService#0: Notifying [TransportManager.registerTransport()] transport = IBackupTransport
01-17 11:52:35.024  1933  2519 D BackupTransportManager: Transport android/com.android.internal.backup.LocalTransportService registered
01-17 11:52:35.024  1933  2519 D BackupManagerService: Transport android/com.android.internal.backup.LocalTransport registered 3050ms after first request (delay = 3000ms)
01-17 11:52:35.051  2845  2845 W DynamiteModule: Local module descriptor class for providerinstaller not found.
01-17 11:52:35.053  2845  2845 W ProviderHelper: Unknown dynamite feature providerinstaller
01-17 11:52:35.058  2845  2845 I DynamiteModule: Considering local module providerinstaller:0 and remote module providerinstaller:0
01-17 11:52:35.058  2845  2845 W ProviderInstaller: Failed to load providerinstaller module: No acceptable module found. Local version is 0 and remote version is 0.
01-17 11:52:35.113  1933  2052 I GnssLocationProvider: WakeLock acquired by sendMessage(REPORT_SV_STATUS, 0, com.android.server.location.GnssLocationProvider$SvStatusInfo@72d2e5c)
01-17 11:52:35.114  1933  1948 I GnssLocationProvider: WakeLock released by handleMessage(REPORT_SV_STATUS, 0, com.android.server.location.GnssLocationProvider$SvStatusInfo@72d2e5c)
01-17 11:52:35.122  2063  2080 I DynamiteModule: Considering local module com.google.android.gms.googlecertificates:4 and remote module com.google.android.gms.googlecertificates:4
01-17 11:52:35.122  2063  2080 I DynamiteModule: Selected local version of com.google.android.gms.googlecertificates
01-17 11:52:35.142  2599  2736 E EntrySyncManager: Cannot determine account name: drop request
01-17 11:52:35.150  2599  2736 E NowController: Failed to access data from EntryProvider. ExecutionException.
01-17 11:52:35.150  2599  2736 E NowController: java.util.concurrent.ExecutionException: com.google.android.apps.gsa.sidekick.main.h.n: Could not complete scheduled request to refresh entries. ClientErrorCode: 3
01-17 11:52:35.150  2599  2736 E NowController: 	at com.google.common.util.concurrent.d.eA(SourceFile:85)
01-17 11:52:35.150  2599  2736 E NowController: 	at com.google.common.util.concurrent.d.get(SourceFile:23)
01-17 11:52:35.150  2599  2736 E NowController: 	at com.google.common.util.concurrent.l.get(SourceFile:2)
01-17 11:52:35.150  2599  2736 E NowController: 	at com.google.android.apps.gsa.staticplugins.nowstream.b.a.be.cbB(SourceFile:49)
01-17 11:52:35.150  2599  2736 E NowController: 	at com.google.android.apps.gsa.staticplugins.nowstream.b.a.be.cbA(SourceFile:181)
01-17 11:52:35.150  2599  2736 E NowController: 	at com.google.android.apps.gsa.staticplugins.nowstream.b.a.bh.run(Unknown Source:2)
01-17 11:52:35.150  2599  2736 E NowController: 	at com.google.android.apps.gsa.shared.util.concurrent.at.run(SourceFile:4)
01-17 11:52:35.150  2599  2736 E NowController: 	at java.util.concurrent.Executors$RunnableAdapter.call(Executors.java:458)
01-17 11:52:35.150  2599  2736 E NowController: 	at java.util.concurrent.FutureTask.run(FutureTask.java:266)
01-17 11:52:35.150  2599  2736 E NowController: 	at java.util.concurrent.Executors$RunnableAdapter.call(Executors.java:458)
01-17 11:52:35.150  2599  2736 E NowController: 	at java.util.concurrent.FutureTask.run(FutureTask.java:266)
01-17 11:52:35.150  2599  2736 E NowController: 	at com.google.android.apps.gsa.shared.util.concurrent.b.g.run(Unknown Source:4)
01-17 11:52:35.150  2599  2736 E NowController: 	at com.google.android.apps.gsa.shared.util.concurrent.b.aw.run(SourceFile:4)
01-17 11:52:35.150  2599  2736 E NowController: 	at com.google.android.apps.gsa.shared.util.concurrent.b.aw.run(SourceFile:4)
01-17 11:52:35.150  2599  2736 E NowController: 	at java.util.concurrent.ThreadPoolExecutor.runWorker(ThreadPoolExecutor.java:1167)
01-17 11:52:35.150  2599  2736 E NowController: 	at java.util.concurrent.ThreadPoolExecutor$Worker.run(ThreadPoolExecutor.java:641)
01-17 11:52:35.150  2599  2736 E NowController: 	at java.lang.Thread.run(Thread.java:764)
01-17 11:52:35.150  2599  2736 E NowController: 	at com.google.android.apps.gsa.shared.util.concurrent.b.i.run(SourceFile:6)
01-17 11:52:35.150  2599  2736 E NowController: Caused by: com.google.android.apps.gsa.sidekick.main.h.n: Could not complete scheduled request to refresh entries. ClientErrorCode: 3
01-17 11:52:35.150  2599  2736 E NowController: 	at com.google.android.apps.gsa.staticplugins.nowstream.b.a.ar.az(Unknown Source:4)
01-17 11:52:35.150  2599  2736 E NowController: 	at com.google.common.util.concurrent.q.ap(SourceFile:7)
01-17 11:52:35.150  2599  2736 E NowController: 	at com.google.common.util.concurrent.p.run(SourceFile:32)
01-17 11:52:35.150  2599  2736 E NowController: 	at com.google.common.util.concurrent.bt.execute(SourceFile:3)
01-17 11:52:35.150  2599  2736 E NowController: 	at com.google.common.util.concurrent.d.b(SourceFile:275)
01-17 11:52:35.150  2599  2736 E NowController: 	at com.google.common.util.concurrent.d.addListener(SourceFile:135)
01-17 11:52:35.150  2599  2736 E NowController: 	at com.google.common.util.concurrent.p.b(SourceFile:3)
01-17 11:52:35.150  2599  2736 E NowController: 	at com.google.android.apps.gsa.shared.util.concurrent.h.a(SourceFile:16)
01-17 11:52:35.150  2599  2736 E NowController: 	at com.google.android.apps.gsa.shared.util.concurrent.h.a(SourceFile:13)
01-17 11:52:35.150  2599  2736 E NowController: 	at com.google.android.apps.gsa.staticplugins.nowstream.b.a.be.cbB(SourceFile:47)
01-17 11:52:35.150  2599  2736 E NowController: 	... 14 more
01-17 11:52:35.159  1761  2481 W SurfaceFlinger: Attempting to set client state on removed layer: Splash Screen com.google.android.apps.nexuslauncher#0
01-17 11:52:35.159  1761  2481 W SurfaceFlinger: Attempting to destroy on removed layer: Splash Screen com.google.android.apps.nexuslauncher#0
01-17 11:52:35.166  2148  2148 D ImsResolver: maybeAddedImsService, packageName: com.google.android.googlequicksearchbox
01-17 11:52:35.173  1933  2009 I InputReader: Reconfiguring input devices.  changes=0x00000010
01-17 11:52:35.195  1933  2009 I chatty  : uid=1000(system) InputReader identical 4 lines
01-17 11:52:35.196  1933  2009 I InputReader: Reconfiguring input devices.  changes=0x00000010
01-17 11:52:35.199  1637  1700 D gralloc_ranchu: gralloc_alloc: Creating ashmem region of size 40960
01-17 11:52:35.208  2148  2148 D CarrierSvcBindHelper: No carrier app for: 0
01-17 11:52:35.210  1637  1700 D gralloc_ranchu: gralloc_alloc: Creating ashmem region of size 40960
01-17 11:52:35.214  1637  1700 I chatty  : uid=1000(system) HwBinder:1637_2 identical 1 line
01-17 11:52:35.218  1637  1700 D gralloc_ranchu: gralloc_alloc: Creating ashmem region of size 40960
01-17 11:52:35.220  2148  2148 D CarrierSvcBindHelper: No carrier app for: 0
01-17 11:52:35.222  1637  1700 D gralloc_ranchu: gralloc_alloc: Creating ashmem region of size 12288
01-17 11:52:35.229  1637  1700 D gralloc_ranchu: gralloc_alloc: Creating ashmem region of size 12288
01-17 11:52:35.235  2148  2148 D CarrierSvcBindHelper: No carrier app for: 0
01-17 11:52:35.245  1933  1933 I Telecom : DefaultDialerCache: Refreshing default dialer for user 0: now com.google.android.dialer: DDC.oR@AD8
01-17 11:52:35.253  1933  1933 I Telecom : DefaultDialerCache: Refreshing default dialer for user 0: now com.google.android.dialer: DDC.oR@AEA
01-17 11:52:35.254  2148  2148 D CarrierSvcBindHelper: No carrier app for: 0
01-17 11:52:35.264  2599  2985 W LocationOracle: No location history returned by ContextManager
01-17 11:52:35.265  1933  1933 I Telecom : DefaultDialerCache: Refreshing default dialer for user 0: now com.google.android.dialer: DDC.oR@AEE
01-17 11:52:35.269  1933  1948 E system_server: No package ID 7f found for ID 0x7f08017c.
01-17 11:52:35.269  1933  1948 E system_server: No package ID 7f found for ID 0x7f120f74.
01-17 11:52:35.269  1933  1948 E system_server: No package ID 7f found for ID 0x7f08017b.
01-17 11:52:35.269  1933  1948 E system_server: No package ID 7f found for ID 0x7f120480.
01-17 11:52:35.269  1933  1948 E system_server: No package ID 7f found for ID 0x7f08017a.
01-17 11:52:35.269  1933  1948 E system_server: No package ID 7f found for ID 0x7f12099f.
01-17 11:52:35.276  1933  1933 I Telecom : DefaultDialerCache: Refreshing default dialer for user 0: now com.google.android.dialer: DDC.oR@AEI
01-17 11:52:35.284  2148  2148 D CarrierSvcBindHelper: No carrier app for: 0
01-17 11:52:35.285  2567  2567 D TouchInteractionService: Touch service connected
01-17 11:52:35.295  1637  1700 D gralloc_ranchu: gralloc_alloc: Creating ashmem region of size 40960
01-17 11:52:35.301  1637  1700 D gralloc_ranchu: gralloc_alloc: Creating ashmem region of size 40960
01-17 11:52:35.302  1933  1943 I system_server: Background concurrent copying GC freed 78454(4MB) AllocSpace objects, 66(1956KB) LOS objects, 36% free, 10MB/16MB, paused 192us total 182.180ms
01-17 11:52:35.305  1637  1700 D gralloc_ranchu: gralloc_alloc: Creating ashmem region of size 40960
01-17 11:52:35.313  1637  1700 D gralloc_ranchu: gralloc_alloc: Creating ashmem region of size 40960
01-17 11:52:35.317  1637  1700 D gralloc_ranchu: gralloc_alloc: Creating ashmem region of size 12288
01-17 11:52:35.320  2148  2148 D CarrierSvcBindHelper: No carrier app for: 0
01-17 11:52:35.320  2148  2148 D ImsResolver: maybeAddedImsService, packageName: com.google.android.setupwizard
01-17 11:52:35.320  2148  2148 D ImsResolver: maybeAddedImsService, packageName: com.google.android.apps.nexuslauncher
01-17 11:52:35.321  2148  2148 D ImsResolver: maybeAddedImsService, packageName: com.android.settings
01-17 11:52:35.321  2148  2148 D ImsResolver: maybeAddedImsService, packageName: com.android.systemui
01-17 11:52:35.321  2148  2148 D ImsResolver: maybeAddedImsService, packageName: com.google.android.apps.restore
01-17 11:52:35.344  1637  1637 D gralloc_ranchu: gralloc_alloc: Creating ashmem region of size 12288
01-17 11:52:35.377  1933  1933 I Telecom : DefaultDialerCache: Refreshing default dialer for user 0: now com.google.android.dialer: DDC.oR@AEM
01-17 11:52:35.384  1933  1933 I Telecom : DefaultDialerCache: Refreshing default dialer for user 0: now com.google.android.dialer: DDC.oR@AEQ
01-17 11:52:35.390  2599  2599 I StreamController: registerScope: nowcards-7252649605008791193
01-17 11:52:35.415  2599  2599 I StreamRenderer: maybeRegisterNowCardsScope(nowcards-7252649605008791193, com.google.android.sidekick.shared.remoteapi.CardRenderingContext@57652b9)
01-17 11:52:35.433  2599  2599 I MicroDetectionWorker: #startMicroDetector [speakerMode: 0]
01-17 11:52:35.444  2599  2599 I AudioController: Using mInputStreamFactoryBuilder
01-17 11:52:35.444  2599  2599 I AudioController: Created new AudioSource
01-17 11:52:35.448  2599  2599 I MicroDetectionWorker: onReady
01-17 11:52:35.479  2599  2972 D eglCodecCommon: setVertexArrayObject: set vao to 0 (0) 1 2
01-17 11:52:35.483  2599  2981 I GsaNativeCrashHandler: Loaded shared library: nativecrashreporter
01-17 11:52:35.508  2599  2993 W native  : commandlineflags.cc:1511 Ignoring RegisterValidateFunction() for flag pointer 0xc85ad8a4: no flag found at that address
01-17 11:52:35.527  2599  2993 I MicroDataManager: Created a new hotword model for:
01-17 11:52:35.527  2599  2993 I MicroDataManager:  LOC: en-US/hotword.data SR: 16000 CC: 1
