01-17 11:52:28.183  1933  2031 W BestClock: java.time.DateTimeException: Missing NTP fix
01-17 11:52:28.184  1933  2031 W BestClock: java.time.DateTimeException: Missing NTP fix
01-17 11:52:28.184  1933  1948 I GnssLocationProvider: WakeLock released by handleMessage(SUBSCRIPTION_OR_SIM_CHANGED, 0, null)
01-17 11:52:28.184  2148  2148 D TelephonyProvider: getPreferredApnIdFromApn: for subId -2
01-17 11:52:28.189  2148  2148 I TelecomFramework: PstnIncomingCallNotifier: Unregistering: Handler (com.android.internal.telephony.GsmCdmaPhone) {ccd5aa4}
01-17 11:52:28.189  2148  2148 E PhoneInterfaceManager: [PhoneIntfMgr] getIccId: No UICC
01-17 11:52:28.196  1933  1985 I Telecom : PhoneAccountRegistrar: Modify account: [ComponentInfo{com.android.phone/com.android.services.telephony.TelephonyConnectionService}, ***, UserHandle{0}(addr: tel:************ -> tel:)(subAddr: tel:************ -> tel:)]: TSI.rPA@AAs
01-17 11:52:28.198  2148  2148 I TelecomFramework: AccountEntry: Registered phoneAccount: [[ ] PhoneAccount: ComponentInfo{com.android.phone/com.android.services.telephony.TelephonyConnectionService}, ***, UserHandle{0} Capabilities: CallProvider MultiUser PlaceEmerg SimSub  Audio Routes: BESW Schemes: tel voicemail  Extras: Bundle[{android.telecom.extra.SUPPORTS_VIDEO_CALLING_FALLBACK=true}] GroupId: ***] with handle: ComponentInfo{com.android.phone/com.android.services.telephony.TelephonyConnectionService}, ***, UserHandle{0}
01-17 11:52:28.198  2148  2148 I TelecomFramework: PstnIncomingCallNotifier: Registering: Handler (com.android.internal.telephony.GsmCdmaPhone) {ccd5aa4}
01-17 11:52:28.202  2148  2148 I ImsExternalCallTracker: handleVideoCapabilitiesChanged : isVideoCapable = false
01-17 11:52:28.202  2148  2148 D ImsExternalCallTracker: refreshCallPullState
01-17 11:52:28.202  2148  2148 I TelecomFramework: PstnPhoneCapabilitiesNotifier: handleVideoCapabilitesChanged. Video capability - false
01-17 11:52:28.203  2148  2148 E PhoneInterfaceManager: [PhoneIntfMgr] getIccId: No UICC
01-17 11:52:28.213  1933  1985 I Telecom : PhoneAccountRegistrar: Modify account: [ComponentInfo{com.android.phone/com.android.services.telephony.TelephonyConnectionService}, ***, UserHandle{0}]: TSI.rPA@AA4
01-17 11:52:28.226  2148  2252 D MccTable: updateMccMncConfiguration mccmnc='310260' fromServiceState=false
01-17 11:52:28.227  2148  2252 D MccTable: updateMccMncConfiguration defaultMccMnc=310260
01-17 11:52:28.227  2148  2252 D MccTable: updateMccMncConfiguration: mcc=310, mnc=260
01-17 11:52:28.227  2148  2252 D MccTable: updateMccMncConfiguration updateConfig config={0.0 310mcc260mnc ?localeList ?layoutDir ?swdp ?wdp ?hdp ?density ?lsize ?long ?ldr ?wideColorGamut ?orien ?uimode ?night ?touch ?keyb/?/? ?nav/? winConfig={ mBounds=Rect(0, 0 - 0, 0) mAppBounds=null mWindowingMode=undefined mActivityType=undefined}}
01-17 11:52:28.239  2148  2148 D TelephonyProvider: subIdString = 1 subId = 1
01-17 11:52:28.239  2148  2148 D TelephonyProvider: getPreferredApnIdFromApn: for subId 1
01-17 11:52:28.262  2148  2148 I TelecomFramework: PstnIncomingCallNotifier: Unregistering: Handler (com.android.internal.telephony.GsmCdmaPhone) {ccd5aa4}
01-17 11:52:28.263  1761  2006 E SurfaceFlinger: ro.sf.lcd_density must be defined as a build property
01-17 11:52:28.291  1777  1907 E OMXNodeInstance: getExtensionIndex(0xf5326d20:google.h263.decoder, OMX.google.android.index.configureVideoTunnelMode) ERROR: UnsupportedIndex(0x8000101a)
01-17 11:52:28.292  1777  1907 E OMXNodeInstance: getExtensionIndex(0xf5326d20:google.h263.decoder, OMX.google.android.index.enableAndroidNativeBuffers) ERROR: UnsupportedIndex(0x8000101a)
01-17 11:52:28.293  1771  1849 I OMXClient: IOmx service obtained
01-17 11:52:28.294  1777  1777 I OMXMaster: makeComponentInstance(OMX.google.hevc.decoder) in omx@1.0-service process
01-17 11:52:28.299  2148  2252 D MccTable: updateMccMncConfiguration mccmnc='310260' fromServiceState=false
01-17 11:52:28.299  2148  2252 D MccTable: updateMccMncConfiguration defaultMccMnc=310260
01-17 11:52:28.299  2148  2252 D MccTable: updateMccMncConfiguration: mcc=310, mnc=260
01-17 11:52:28.299  2148  2252 D MccTable: updateMccMncConfiguration updateConfig config={0.0 310mcc260mnc ?localeList ?layoutDir ?swdp ?wdp ?hdp ?density ?lsize ?long ?ldr ?wideColorGamut ?orien ?uimode ?night ?touch ?keyb/?/? ?nav/? winConfig={ mBounds=Rect(0, 0 - 0, 0) mAppBounds=null mWindowingMode=undefined mActivityType=undefined}}
01-17 11:52:28.300  1933  1933 I GnssLocationProvider: WakeLock acquired by sendMessage(SUBSCRIPTION_OR_SIM_CHANGED, 0, null)
01-17 11:52:28.302  1933  2031 I NetworkPolicy: No policy for subscriber 310260...; generating default policy
01-17 11:52:28.302  1933  1985 I Telecom : PhoneAccountRegistrar: New phone account registered: [[ ] PhoneAccount: ComponentInfo{com.android.phone/com.android.services.telephony.TelephonyConnectionService}, ***, UserHandle{0} Capabilities: CallProvider MultiUser PlaceEmerg SimSub  Audio Routes: BESW Schemes: tel voicemail  Extras: Bundle[mParcelledData.dataSize=124] GroupId: ***]: TSI.rPA@AA8
01-17 11:52:28.305  1933  1985 I Telecom : CallsManager: Sending phone-account ComponentInfo{com.android.phone/com.android.services.telephony.TelephonyConnectionService}, ***, UserHandle{0} registered intent as user: TSI.rPA@AA8
01-17 11:52:28.305  1933  2031 W BestClock: java.time.DateTimeException: Missing NTP fix
01-17 11:52:28.305  1933  1985 I Telecom : CallsManager: Sending phone-account registered intent to default dialer: TSI.rPA@AA8
01-17 11:52:28.305  2148  2148 I TelecomFramework: AccountEntry: Registered phoneAccount: [[ ] PhoneAccount: ComponentInfo{com.android.phone/com.android.services.telephony.TelephonyConnectionService}, ***, UserHandle{0} Capabilities: CallProvider MultiUser PlaceEmerg SimSub  Audio Routes: BESW Schemes: tel voicemail  Extras: Bundle[{android.telecom.extra.SUPPORTS_VIDEO_CALLING_FALLBACK=true}] GroupId: ***] with handle: ComponentInfo{com.android.phone/com.android.services.telephony.TelephonyConnectionService}, ***, UserHandle{0}
01-17 11:52:28.305  2148  2148 I TelecomFramework: PstnIncomingCallNotifier: Registering: Handler (com.android.internal.telephony.GsmCdmaPhone) {ccd5aa4}
01-17 11:52:28.306  2148  2148 I TelecomFramework: TelecomAccountRegistry: Unregistering phone account ComponentInfo{com.android.phone/com.android.services.telephony.TelephonyConnectionService}, ***, UserHandle{0}.
01-17 11:52:28.307  1933  1933 I GnssLocationProvider: WakeLock acquired by sendMessage(SUBSCRIPTION_OR_SIM_CHANGED, 0, null)
01-17 11:52:28.307  1933  1948 E GnssLocationProvider: no AGPS interface in set_agps_server
01-17 11:52:28.307  1933  1948 I GnssLocationProvider: WakeLock released by handleMessage(SUBSCRIPTION_OR_SIM_CHANGED, 0, null)
01-17 11:52:28.308  1933  1985 I Telecom : CallsManager: Sending phone-account ComponentInfo{com.android.phone/com.android.services.telephony.TelephonyConnectionService}, ***, UserHandle{0} unregistered intent as user: TSI.uPA@ABE
01-17 11:52:28.309  1933  1985 I Telecom : CallsManager: Sending phone-account unregistered intent to default dialer: TSI.uPA@ABE
01-17 11:52:28.312  1933  2031 W BestClock: java.time.DateTimeException: Missing NTP fix
01-17 11:52:28.317  1933  1948 E GnssLocationProvider: no AGPS interface in set_agps_server
01-17 11:52:28.317  1933  1948 I GnssLocationProvider: WakeLock released by handleMessage(SUBSCRIPTION_OR_SIM_CHANGED, 0, null)
01-17 11:52:28.319  1933  2031 W BestClock: java.time.DateTimeException: Missing NTP fix
01-17 11:52:28.323  2098  2098 D SystemUIBootTiming: StartServicescom.android.systemui.stackdivider.Divider took to complete: 158ms
01-17 11:52:28.323  1933  2031 W BestClock: java.time.DateTimeException: Missing NTP fix
01-17 11:52:28.325  1933  1933 I GnssLocationProvider: WakeLock acquired by sendMessage(SUBSCRIPTION_OR_SIM_CHANGED, 0, null)
01-17 11:52:28.326  2148  2148 D TelephonyProvider: subIdString = 1 subId = 1
01-17 11:52:28.326  2148  2148 D TelephonyProvider: getPreferredApnIdFromApn: for subId 1
01-17 11:52:28.327  1933  2031 W BestClock: java.time.DateTimeException: Missing NTP fix
01-17 11:52:28.329  1933  2031 I chatty  : uid=1000(system) NetworkPolicy identical 1 line
01-17 11:52:28.334  1933  2031 W BestClock: java.time.DateTimeException: Missing NTP fix
01-17 11:52:28.335  1933  1948 E GnssLocationProvider: no AGPS interface in set_agps_server
01-17 11:52:28.335  1933  1948 I GnssLocationProvider: WakeLock released by handleMessage(SUBSCRIPTION_OR_SIM_CHANGED, 0, null)
01-17 11:52:28.336  2148  2252 D IntentBroadcaster: Broadcasting and adding intent for rebroadcast: android.intent.action.SIM_STATE_CHANGED LOADED for slotId 0
01-17 11:52:28.337  1933  1933 D WifiService: resetting networks because SIM was loaded
01-17 11:52:28.337  1933  2034 D WifiStateMachine: resetting EAP-SIM/AKA/AKA' networks since SIM was changed
01-17 11:52:28.337  1933  2031 W BestClock: java.time.DateTimeException: Missing NTP fix
01-17 11:52:28.339  2148  2252 D CarrierConfigLoader: update config for phoneId: 0 simState: LOADED
01-17 11:52:28.339  2148  2252 D CarrierSvcBindHelper: update binding for phoneId: 0 simState: LOADED
01-17 11:52:28.343  1933  1948 E GnssLocationProvider: no AGPS interface in set_agps_server
01-17 11:52:28.356  2148  2148 I TelecomFramework: PstnIncomingCallNotifier: Unregistering: Handler (com.android.internal.telephony.GsmCdmaPhone) {ccd5aa4}
01-17 11:52:28.367  1933  1945 I Telecom : PhoneAccountRegistrar: Modify account: [ComponentInfo{com.android.phone/com.android.services.telephony.TelephonyConnectionService}, ***, UserHandle{0}]: TSI.rPA@ABM
01-17 11:52:28.369  2148  2148 I TelecomFramework: AccountEntry: Registered phoneAccount: [[ ] PhoneAccount: ComponentInfo{com.android.phone/com.android.services.telephony.TelephonyConnectionService}, ***, UserHandle{0} Capabilities: CallProvider MultiUser PlaceEmerg SimSub  Audio Routes: BESW Schemes: tel voicemail  Extras: Bundle[{android.telecom.extra.SUPPORTS_VIDEO_CALLING_FALLBACK=true}] GroupId: ***] with handle: ComponentInfo{com.android.phone/com.android.services.telephony.TelephonyConnectionService}, ***, UserHandle{0}
01-17 11:52:28.369  2148  2148 I TelecomFramework: PstnIncomingCallNotifier: Registering: Handler (com.android.internal.telephony.GsmCdmaPhone) {ccd5aa4}
01-17 11:52:28.375  1933  1945 W ContextImpl: Calling a method in the system process without a qualified user: android.app.ContextImpl.sendBroadcastAsUserMultiplePermissions:1053 com.android.server.TelephonyRegistry.broadcastCallStateChanged:1602 com.android.server.TelephonyRegistry.notifyCallStateForPhoneId:793 com.android.internal.telephony.ITelephonyRegistry$Stub.onTransact:122 android.os.Binder.execTransact:731 
01-17 11:52:28.375  2309  2309 D OpenGLRenderer: Skia GL Pipeline
01-17 11:52:28.378  1761  1815 E SurfaceFlinger: ro.sf.lcd_density must be defined as a build property
01-17 11:52:28.395  1933  1933 I GnssLocationProvider: WakeLock acquired by sendMessage(SUBSCRIPTION_OR_SIM_CHANGED, 0, null)
01-17 11:52:28.399  1933  2031 W BestClock: java.time.DateTimeException: Missing NTP fix
01-17 11:52:28.401  1933  1948 E GnssLocationProvider: no AGPS interface in set_agps_server
01-17 11:52:28.401  1933  1948 I GnssLocationProvider: WakeLock released by handleMessage(SUBSCRIPTION_OR_SIM_CHANGED, 0, null)
01-17 11:52:28.402  1933  2031 W BestClock: java.time.DateTimeException: Missing NTP fix
01-17 11:52:28.410  1637  1637 D gralloc_ranchu: gralloc_alloc: Creating ashmem region of size 16592896
01-17 11:52:28.411  1637  1700 D gralloc_ranchu: gralloc_alloc: Creating ashmem region of size 16592896
01-17 11:52:28.413  1637  1637 D gralloc_ranchu: gralloc_alloc: Creating ashmem region of size 16592896
01-17 11:52:28.415  2309  2345 D HostConnection: HostConnection::get() New Host Connection established 0xe82ac280, tid 2345
01-17 11:52:28.418  2077  2077 I GoogleInputMethod: onStartInput() : Dummy InputConnection bound
01-17 11:52:28.418  2077  2077 I FeaturePermissions: onSharedPreferenceChanged() : Key = enable_incognito_mode : Feature = null
01-17 11:52:28.429  2077  2077 I ShortcutsDataManager: startImportContentTask()
01-17 11:52:28.430  2077  2077 I ShortcutsDataManager: onImportAborted()
01-17 11:52:28.435  1777  1777 E OMXNodeInstance: getExtensionIndex(0xf5326ae0:google.hevc.decoder, OMX.google.android.index.configureVideoTunnelMode) ERROR: UnsupportedIndex(0x8000101a)
01-17 11:52:28.435  1777  2246 E OMXNodeInstance: getExtensionIndex(0xf5326ae0:google.hevc.decoder, OMX.google.android.index.enableAndroidNativeBuffers) ERROR: UnsupportedIndex(0x8000101a)
01-17 11:52:28.445  1771  1849 I OMXClient: IOmx service obtained
01-17 11:52:28.445  1777  1777 I OMXMaster: makeComponentInstance(OMX.google.mpeg4.decoder) in omx@1.0-service process
01-17 11:52:28.447  1777  2246 E OMXNodeInstance: getExtensionIndex(0xf5327260:google.mpeg4.decoder, OMX.google.android.index.configureVideoTunnelMode) ERROR: UnsupportedIndex(0x8000101a)
01-17 11:52:28.448  1777  2246 E OMXNodeInstance: getExtensionIndex(0xf5327260:google.mpeg4.decoder, OMX.google.android.index.enableAndroidNativeBuffers) ERROR: UnsupportedIndex(0x8000101a)
01-17 11:52:28.450  1771  1849 I OMXClient: IOmx service obtained
01-17 11:52:28.450  1777  1777 I OMXMaster: makeComponentInstance(OMX.google.vp8.decoder) in omx@1.0-service process
01-17 11:52:28.452  2309  2345 D HostConnection: HostComposition ext ANDROID_EMU_CHECKSUM_HELPER_v1 ANDROID_EMU_native_sync_v2 ANDROID_EMU_native_sync_v3 ANDROID_EMU_native_sync_v4 ANDROID_EMU_dma_v1 ANDROID_EMU_YUV420_888_to_NV21 ANDROID_EMU_YUV_Cache ANDROID_EMU_sync_buffer_data GL_OES_EGL_image_external_essl3 GL_OES_vertex_array_object GL_KHR_texture_compression_astc_ldr ANDROID_EMU_host_side_tracing ANDROID_EMU_gles_max_version_3_0 
01-17 11:52:28.456  2309  2345 I ConfigStore: android::hardware::configstore::V1_0::ISurfaceFlingerConfigs::hasWideColorDisplay retrieved: 0
01-17 11:52:28.457  2309  2345 I ConfigStore: android::hardware::configstore::V1_0::ISurfaceFlingerConfigs::hasHDRDisplay retrieved: 0
01-17 11:52:28.457  2309  2345 I OpenGLRenderer: Initialized EGL, version 1.4
01-17 11:52:28.457  2309  2345 D OpenGLRenderer: Swap behavior 1
01-17 11:52:28.457  2309  2345 W OpenGLRenderer: Failed to choose config with EGL_SWAP_BEHAVIOR_PRESERVED, retrying without...
01-17 11:52:28.457  2309  2345 D OpenGLRenderer: Swap behavior 0
01-17 11:52:28.457  1933  1933 I GnssLocationProvider: WakeLock acquired by sendMessage(SUBSCRIPTION_OR_SIM_CHANGED, 0, null)
01-17 11:52:28.461  2148  2148 I ImsExternalCallTracker: handleVideoCapabilitiesChanged : isVideoCapable = false
01-17 11:52:28.461  2148  2148 D ImsExternalCallTracker: refreshCallPullState
01-17 11:52:28.461  2148  2148 I TelecomFramework: PstnPhoneCapabilitiesNotifier: handleVideoCapabilitesChanged. Video capability - false
01-17 11:52:28.461  2148  2148 I TelecomFramework: PstnIncomingCallNotifier: Unregistering: Handler (com.android.internal.telephony.GsmCdmaPhone) {ccd5aa4}
01-17 11:52:28.462  2309  2345 D eglCodecCommon: setVertexArrayObject: set vao to 0 (0) 0 0
01-17 11:52:28.462  2309  2345 D EGL_emulation: eglCreateContext: 0xe8285120: maj 3 min 0 rcv 3
01-17 11:52:28.462  2309  2345 D EGL_emulation: eglMakeCurrent: 0xe8285120: ver 3 0 (tinfo 0xe8283620)
01-17 11:52:28.466  1933  1948 E GnssLocationProvider: no AGPS interface in set_agps_server
01-17 11:52:28.466  1933  1948 I GnssLocationProvider: WakeLock released by handleMessage(SUBSCRIPTION_OR_SIM_CHANGED, 0, null)
01-17 11:52:28.467  1933  2031 W BestClock: java.time.DateTimeException: Missing NTP fix
01-17 11:52:28.467  1761  1815 E SurfaceFlinger: ro.sf.lcd_density must be defined as a build property
01-17 11:52:28.472  1933  2031 W BestClock: java.time.DateTimeException: Missing NTP fix
01-17 11:52:28.479  1933  1985 I Telecom : PhoneAccountRegistrar: Modify account: [ComponentInfo{com.android.phone/com.android.services.telephony.TelephonyConnectionService}, ***, UserHandle{0}]: TSI.rPA@ABY
01-17 11:52:28.480  2148  2148 I TelecomFramework: AccountEntry: Registered phoneAccount: [[ ] PhoneAccount: ComponentInfo{com.android.phone/com.android.services.telephony.TelephonyConnectionService}, ***, UserHandle{0} Capabilities: CallProvider MultiUser PlaceEmerg SimSub  Audio Routes: BESW Schemes: tel voicemail  Extras: Bundle[{android.telecom.extra.SUPPORTS_VIDEO_CALLING_FALLBACK=true}] GroupId: ***] with handle: ComponentInfo{com.android.phone/com.android.services.telephony.TelephonyConnectionService}, ***, UserHandle{0}
01-17 11:52:28.481  2148  2148 I TelecomFramework: PstnIncomingCallNotifier: Registering: Handler (com.android.internal.telephony.GsmCdmaPhone) {ccd5aa4}
01-17 11:52:28.484  2148  2148 D CallNotifier: updatePhoneStateListeners: update CF notifications.
01-17 11:52:28.486  1933  1985 I WifiService: getWifiServiceMessenger uid=10034
01-17 11:52:28.487  2148  2148 D CallNotifier: updatePhoneStateListeners: update CF notifications.
01-17 11:52:28.487  2148  2148 I TelecomFramework: PstnIncomingCallNotifier: Unregistering: Handler (com.android.internal.telephony.GsmCdmaPhone) {ccd5aa4}
01-17 11:52:28.499  1933  1985 I Telecom : PhoneAccountRegistrar: Modify account: [ComponentInfo{com.android.phone/com.android.services.telephony.TelephonyConnectionService}, ***, UserHandle{0}]: TSI.rPA@ABk
01-17 11:52:28.501  2148  2148 I TelecomFramework: AccountEntry: Registered phoneAccount: [[ ] PhoneAccount: ComponentInfo{com.android.phone/com.android.services.telephony.TelephonyConnectionService}, ***, UserHandle{0} Capabilities: CallProvider MultiUser PlaceEmerg SimSub  Audio Routes: BESW Schemes: tel voicemail  Extras: Bundle[{android.telecom.extra.SUPPORTS_VIDEO_CALLING_FALLBACK=true}] GroupId: ***] with handle: ComponentInfo{com.android.phone/com.android.services.telephony.TelephonyConnectionService}, ***, UserHandle{0}
01-17 11:52:28.501  2148  2148 I TelecomFramework: PstnIncomingCallNotifier: Registering: Handler (com.android.internal.telephony.GsmCdmaPhone) {ccd5aa4}
01-17 11:52:28.504  2148  2148 D CarrierConfigLoader: mHandler: 7 phoneId: 0
01-17 11:52:28.504  2148  2148 E CarrierConfigLoader: java.io.FileNotFoundException: /data/user_de/0/com.android.phone/files/carrierconfig-com.android.carrierconfig-89014103211118510720.xml (No such file or directory)
01-17 11:52:28.505  2148  2148 D CarrierConfigLoader: Binding to com.android.carrierconfig for phone 0
01-17 11:52:28.505  2148  2148 D CarrierSvcBindHelper: mHandler: 0
01-17 11:52:28.505  2148  2148 D CarrierSvcBindHelper: Rebinding if necessary for phoneId: 0
01-17 11:52:28.509  2148  2148 D CarrierSvcBindHelper: No carrier app for: 0
01-17 11:52:28.509  2148  2148 I ImsExternalCallTracker: handleVideoCapabilitiesChanged : isVideoCapable = false
01-17 11:52:28.509  2148  2148 D ImsExternalCallTracker: refreshCallPullState
01-17 11:52:28.509  2148  2148 I TelecomFramework: PstnPhoneCapabilitiesNotifier: handleVideoCapabilitesChanged. Video capability - false
01-17 11:52:28.510  2148  2148 D CallNotifier: updatePhoneStateListeners: update CF notifications.
01-17 11:52:28.510  2148  2148 I NotificationMgr: updateMwi(): subId 1 update to false
01-17 11:52:28.516  2351  2351 W d.carrierconfi: Unexpected CPU variant for X86 using defaults: x86
01-17 11:52:28.516  1933  1951 I ActivityManager: Start proc 2351:com.android.carrierconfig/u0a16 for service com.android.carrierconfig/.DefaultCarrierConfigService
01-17 11:52:28.517  2148  2148 I CallNotifier: onCallForwardingIndicatorChanged(): subId=1, visible=N
01-17 11:52:28.517  2148  2148 D CallNotifier: updatePhoneStateListeners: update CF notifications.
01-17 11:52:28.517  2148  2148 I NotificationMgr: updateCfi: subId= 1, visible=N
01-17 11:52:28.518  2148  2148 I NotificationMgr: updateMwi(): subId 1 update to false
01-17 11:52:28.519  2148  2148 I CallNotifier: onCallForwardingIndicatorChanged(): subId=1, visible=N
01-17 11:52:28.520  2148  2148 D CallNotifier: updatePhoneStateListeners: update CF notifications.
01-17 11:52:28.520  2148  2148 I NotificationMgr: updateCfi: subId= 1, visible=N
01-17 11:52:28.520  2148  2148 I NotificationMgr: updateMwi(): subId 1 update to false
01-17 11:52:28.529  2148  2148 I TelecomFramework: PstnIncomingCallNotifier: Unregistering: Handler (com.android.internal.telephony.GsmCdmaPhone) {ccd5aa4}
01-17 11:52:28.548  2364  2364 W .android.diale: Unexpected CPU variant for X86 using defaults: x86
01-17 11:52:28.549  1933  1951 I ActivityManager: Start proc 2364:com.google.android.dialer/u0a11 for broadcast com.google.android.dialer/com.android.dialer.app.voicemail.LegacyVoicemailNotificationReceiver
01-17 11:52:28.550  1933  1985 I Telecom : PhoneAccountRegistrar: Modify account: [ComponentInfo{com.android.phone/com.android.services.telephony.TelephonyConnectionService}, ***, UserHandle{0}]: TSI.rPA@ACI
01-17 11:52:28.553  1933  1985 D ConnectivityService: requestNetwork for uid/pid:10034/2098 NetworkRequest [ TRACK_DEFAULT id=9, [ Capabilities: INTERNET&NOT_RESTRICTED&TRUSTED Unwanted:  Uid: 10034] ]
01-17 11:52:28.554  2148  2148 I TelecomFramework: AccountEntry: Registered phoneAccount: [[ ] PhoneAccount: ComponentInfo{com.android.phone/com.android.services.telephony.TelephonyConnectionService}, ***, UserHandle{0} Capabilities: CallProvider MultiUser PlaceEmerg SimSub  Audio Routes: BESW Schemes: tel voicemail  Extras: Bundle[{android.telecom.extra.SUPPORTS_VIDEO_CALLING_FALLBACK=true}] GroupId: ***] with handle: ComponentInfo{com.android.phone/com.android.services.telephony.TelephonyConnectionService}, ***, UserHandle{0}
01-17 11:52:28.554  2148  2148 I TelecomFramework: PstnIncomingCallNotifier: Registering: Handler (com.android.internal.telephony.GsmCdmaPhone) {ccd5aa4}
01-17 11:52:28.560  2148  2148 D CallNotifier: updatePhoneStateListeners: update CF notifications.
01-17 11:52:28.560  2148  2148 I NotificationMgr: updateCfi: subId= 1, visible=N
01-17 11:52:28.562  2148  2148 I NotificationMgr: updateMwi(): subId 1 update to false
01-17 11:52:28.566  2351  2351 I d.carrierconfi: The ClassLoaderContext is a special shared library.
01-17 11:52:28.576  2148  2148 D CallNotifier: updatePhoneStateListeners: update CF notifications.
01-17 11:52:28.576  2148  2148 I NotificationMgr: updateCfi: subId= 1, visible=N
01-17 11:52:28.577  2148  2148 I NotificationMgr: updateMwi(): subId 1 update to false
01-17 11:52:28.578  2351  2351 D DefaultCarrierConfigService: Service created
01-17 11:52:28.586  2148  2148 I TelecomFramework: PstnIncomingCallNotifier: Unregistering: Handler (com.android.internal.telephony.GsmCdmaPhone) {ccd5aa4}
01-17 11:52:28.587  1777  1777 E OMXNodeInstance: getExtensionIndex(0xf5326b40:google.vp8.decoder, OMX.google.android.index.configureVideoTunnelMode) ERROR: UnsupportedIndex(0x8000101a)
01-17 11:52:28.587  1777  1777 E OMXNodeInstance: getExtensionIndex(0xf5326b40:google.vp8.decoder, OMX.google.android.index.enableAndroidNativeBuffers) ERROR: UnsupportedIndex(0x8000101a)
01-17 11:52:28.588  1771  1849 I OMXClient: IOmx service obtained
01-17 11:52:28.588  1777  1777 I OMXMaster: makeComponentInstance(OMX.google.vp9.decoder) in omx@1.0-service process
01-17 11:52:28.590  1777  1777 E OMXNodeInstance: getExtensionIndex(0xf5326b40:google.vp9.decoder, OMX.google.android.index.configureVideoTunnelMode) ERROR: UnsupportedIndex(0x8000101a)
01-17 11:52:28.590  1777  1777 E OMXNodeInstance: getExtensionIndex(0xf5326b40:google.vp9.decoder, OMX.google.android.index.enableAndroidNativeBuffers) ERROR: UnsupportedIndex(0x8000101a)
01-17 11:52:28.591  1771  1849 I OMXClient: IOmx service obtained
01-17 11:52:28.591  1777  1777 I OMXMaster: makeComponentInstance(OMX.google.h264.encoder) in omx@1.0-service process
01-17 11:52:28.595  1933  1985 I Telecom : PhoneAccountRegistrar: Modify account: [ComponentInfo{com.android.phone/com.android.services.telephony.TelephonyConnectionService}, ***, UserHandle{0}]: TSI.rPA@ACs
01-17 11:52:28.597  2148  2148 I TelecomFramework: AccountEntry: Registered phoneAccount: [[ ] PhoneAccount: ComponentInfo{com.android.phone/com.android.services.telephony.TelephonyConnectionService}, ***, UserHandle{0} Capabilities: CallProvider MultiUser PlaceEmerg SimSub  Audio Routes: BESW Schemes: tel voicemail  Extras: Bundle[{android.telecom.extra.SUPPORTS_VIDEO_CALLING_FALLBACK=true}] GroupId: ***] with handle: ComponentInfo{com.android.phone/com.android.services.telephony.TelephonyConnectionService}, ***, UserHandle{0}
01-17 11:52:28.598  2148  2148 I TelecomFramework: PstnIncomingCallNotifier: Registering: Handler (com.android.internal.telephony.GsmCdmaPhone) {ccd5aa4}
01-17 11:52:28.599  2364  2364 I .android.diale: The ClassLoaderContext is a special shared library.
01-17 11:52:28.603  2148  2148 D CallNotifier: updatePhoneStateListeners: update CF notifications.
01-17 11:52:28.603  2148  2148 I NotificationMgr: updateCfi: subId= 1, visible=N
01-17 11:52:28.604  2148  2148 I NotificationMgr: updateMwi(): subId 1 update to false
01-17 11:52:28.611  2148  2148 D TelephonyProvider: subIdString = 1 subId = 1
01-17 11:52:28.611  2148  2148 D TelephonyProvider: getPreferredApnIdFromApn: for subId 1
01-17 11:52:28.615  2364  2364 I Dialer  : GoogleDialerApplication.onCreate - enter
01-17 11:52:28.616  2148  2148 D CarrierIdProvider: updateCarrierIdForSubId: 1
01-17 11:52:28.617  2364  2364 I Dialer  : DialerExecutorModule.newThread - creating low priority thread
01-17 11:52:28.617  2148  2148 I ImsExternalCallTracker: handleVideoCapabilitiesChanged : isVideoCapable = false
01-17 11:52:28.617  2148  2148 D ImsExternalCallTracker: refreshCallPullState
01-17 11:52:28.617  2148  2148 I TelecomFramework: PstnPhoneCapabilitiesNotifier: handleVideoCapabilitesChanged. Video capability - false
01-17 11:52:28.617  2148  2148 I ImsExternalCallTracker: handleVideoCapabilitiesChanged : isVideoCapable = false
01-17 11:52:28.617  2148  2148 D ImsExternalCallTracker: refreshCallPullState
01-17 11:52:28.618  2364  2391 I Dialer  : BlockedNumbersAutoMigrator - not attempting auto-migrate: device is locked
01-17 11:52:28.621  2148  2148 D TelephonyProvider: subIdString = 1 subId = 1
01-17 11:52:28.621  2148  2148 D TelephonyProvider: getPreferredApnIdFromApn: for subId 1
01-17 11:52:28.618  2148  2148 I TelecomFramework: PstnPhoneCapabilitiesNotifier: handleVideoCapabilitesChanged. Video capability - false
01-17 11:52:28.640  2364  2364 E ActivityThread: Failed to find provider info for com.google.android.gsf.gservices
01-17 11:52:28.645  2364  2364 I Dialer  : SpamModule.provideSpam - using in-app spam
01-17 11:52:28.642  2364  2364 I chatty  : uid=10011(com.google.android.dialer) identical 2 lines
01-17 11:52:28.644  2364  2364 E ActivityThread: Failed to find provider info for com.google.android.gsf.gservices
01-17 11:52:28.647  1933  2249 W ActivityManager: Unable to start service Intent { act=com.google.android.gms.people.service.START pkg=com.google.android.gms } U=0: not found
01-17 11:52:28.648  2364  2364 E ActivityThread: Failed to find provider info for com.google.android.gsf.gservices
01-17 11:52:28.648  1933  1945 W ActivityManager: Unbind failed: could not find connection for android.os.BinderProxy@86986d6
01-17 11:52:28.648  2364  2394 E GmsClient: unable to connect to service: com.google.android.gms.people.service.START on com.google.android.gms
01-17 11:52:28.648  2364  2364 E ActivityThread: Failed to find provider info for com.google.android.gsf.gservices
01-17 11:52:28.649  1933  1945 W ActivityManager: Unable to start service Intent { act=com.google.android.gms.telephonyspam.service.START pkg=com.google.android.gms } U=0: not found
01-17 11:52:28.650  2364  2364 E ActivityThread: Failed to find provider info for com.google.android.gsf.gservices
01-17 11:52:28.650  1933  1985 W ActivityManager: Unbind failed: could not find connection for android.os.BinderProxy@b87cd57
01-17 11:52:28.650  2364  2394 E GmsClient: unable to connect to service: com.google.android.gms.telephonyspam.service.START on com.google.android.gms
01-17 11:52:28.651  2364  2364 E ActivityThread: Failed to find provider info for com.google.android.gsf.gservices
01-17 11:52:28.651  1933  1985 W ActivityManager: Unable to start service Intent { act=com.google.android.gms.people.service.START pkg=com.google.android.gms } U=0: not found
01-17 11:52:28.651  1933  1985 W ActivityManager: Unbind failed: could not find connection for android.os.BinderProxy@1ad2044
01-17 11:52:28.651  2364  2394 E GmsClient: unable to connect to service: com.google.android.gms.people.service.START on com.google.android.gms
01-17 11:52:28.651  1933  1945 W ActivityManager: Unable to start service Intent { act=com.google.android.gms.telephonyspam.service.START pkg=com.google.android.gms } U=0: not found
01-17 11:52:28.652  2364  2364 I Dialer  : SpamModule.provideSpam - using in-app spam
01-17 11:52:28.652  1933  2249 W ActivityManager: Unbind failed: could not find connection for android.os.BinderProxy@c4f3a62
01-17 11:52:28.652  2364  2364 I Dialer  : DialerApplication.initializeAnnotatedCallLog - framework not enabled
01-17 11:52:28.653  2364  2394 E GmsClient: unable to connect to service: com.google.android.gms.telephonyspam.service.START on com.google.android.gms
01-17 11:52:28.654  2364  2364 I Dialer  : NotificationChannelManager.initChannels - doing an expensive initialization of all notification channels
01-17 11:52:28.654  2364  2364 I Dialer  : NotificationChannelManager.initChannels - desired channel IDs: {phone_ongoing_call, phone_incoming_call, phone_voicemail, phone_missed_call, phone_default}
01-17 11:52:28.654  2364  2364 I Dialer  : NotificationChannelManager.initChannels - existing channel IDs: {}
01-17 11:52:28.654  1933  1985 D ConnectivityService: registerNetworkAgent NetworkAgentInfo{ ni{[type: MOBILE[LTE], state: CONNECTED/CONNECTED, reason: connected, extra: epc.tmobile.com, failover: false, available: true, roaming: false]}  network{100}  nethandle{432902426637}  lp{{InterfaceName: radio0 LinkAddresses: [192.168.200.2/24,fe80::bcc2:b8ff:fe39:3a68/64,fec0::bcc2:b8ff:fe39:3a68/64,fec0::5539:74a2:fc55:e46b/64,]  Routes: [0.0.0.0/0 -> 192.168.200.1 radio0,192.168.200.0/24 -> 0.0.0.0 radio0,fe80::/64 -> :: radio0,fec0::/64 -> :: radio0,] DnsAddresses: [10.0.2.3,] UsePrivateDns: false PrivateDnsServerName: null Domains: null MTU: 1500 TcpBufferSizes: 524288,1048576,2097152,262144,524288,1048576}}  nc{[ Transports: CELLULAR Capabilities: MMS&SUPL&DUN&FOTA&IMS&CBS&IA&INTERNET&NOT_RESTRICTED&TRUSTED&NOT_VPN&NOT_ROAMING&FOREGROUND&NOT_CONGESTED&NOT_SUSPENDED Unwanted:  LinkUpBandwidth>=51200Kbps LinkDnBandwidth>=102400Kbps Specifier: <1>]}  Score{10}  everValidated{false}  lastValidated{false}  created{false} lingering{false} explicitlySelected{false} acceptUnvalidated{false} everCaptivePortalDetected{false} lastCaptivePortalDetected{false} clat{null} }
01-17 11:52:28.655  1933  2037 D ConnectivityService: NetworkAgentInfo [MOBILE (LTE) - 100] EVENT_NETWORK_INFO_CHANGED, going from null to CONNECTED
01-17 11:52:28.655  1772  1864 D TcpSocketMonitor: resuming tcpinfo polling (interval=30000ms)
01-17 11:52:28.656  1933  2037 W DnsManager: updatePrivateDns(100, PrivateDnsConfig{true:/[]})
01-17 11:52:28.656  1933  2037 D ConnectivityService: Setting DNS servers for network 100 to [/10.0.2.3]
01-17 11:52:28.657  1933  2037 D DnsManager: setDnsConfigurationForNetwork(100, [10.0.2.3], [], [1800, 25, 8, 64], , [10.0.2.3])
01-17 11:52:28.658  1933  2037 D ConnectivityService: Adding iface radio0 to network 100
01-17 11:52:28.662  2148  2148 I ImsExternalCallTracker: handleVideoCapabilitiesChanged : isVideoCapable = false
01-17 11:52:28.662  2148  2148 D ImsExternalCallTracker: refreshCallPullState
01-17 11:52:28.662  2148  2148 I TelecomFramework: PstnPhoneCapabilitiesNotifier: handleVideoCapabilitesChanged. Video capability - false
01-17 11:52:28.662  2148  2148 D PhoneSwitcherNetworkRequstListener: got request NetworkRequest [ TRACK_DEFAULT id=9, [ Capabilities: INTERNET&NOT_RESTRICTED&TRUSTED Unwanted:  Uid: 10034] ] with score 0
01-17 11:52:28.662  2148  2148 D CarrierConfigLoader: Connected to config app: com.android.carrierconfig/com.android.carrierconfig.DefaultCarrierConfigService
01-17 11:52:28.662  2148  2148 I ImsExternalCallTracker: handleVideoCapabilitiesChanged : isVideoCapable = false
01-17 11:52:28.662  2148  2148 D ImsExternalCallTracker: refreshCallPullState
01-17 11:52:28.662  2148  2148 I TelecomFramework: PstnPhoneCapabilitiesNotifier: handleVideoCapabilitesChanged. Video capability - false
01-17 11:52:28.662  1933  2037 E ConnectivityService: exception in setMtu()java.lang.IllegalStateException: command '33 interface setmtu radio0 1500' failed with '400 33 Failed to set MTU (Permission denied)'
01-17 11:52:28.664  2364  2364 E ActivityThread: Failed to find provider info for com.google.android.gsf.gservices
01-17 11:52:28.664  2364  2364 E ActivityThread: Failed to find provider info for com.google.android.gsf.gservices
01-17 11:52:28.668  1933  2037 D ConnectivityService: Setting DNS servers for network 100 to [/10.0.2.3]
01-17 11:52:28.668  1933  2037 D DnsManager: setDnsConfigurationForNetwork(100, [10.0.2.3], [], [1800, 25, 8, 64], , [10.0.2.3])
01-17 11:52:28.670  1933  2037 W BestClock: java.time.DateTimeException: Missing NTP fix
01-17 11:52:28.670  2364  2364 E .android.diale: The String#value field is not present on Android versions >= 6.0
01-17 11:52:28.679  2364  2364 I Dialer  : GoogleDialerApplication.onCreate - register new client
01-17 11:52:28.681  1933  2037 W BestClock: java.time.DateTimeException: Missing NTP fix
01-17 11:52:28.652  1772  1772 W Binder:1772_2: type=1400 audit(0.0:7): avc: denied { write } for name="mtu" dev="sysfs" ino=14700 scontext=u:r:netd:s0 tcontext=u:object_r:sysfs:s0 tclass=file permissive=0
01-17 11:52:28.684  1933  2031 W BestClock: java.time.DateTimeException: Missing NTP fix
01-17 11:52:28.687  1933  1945 W ActivityManager: Unable to start service Intent { act=com.google.android.gms.phenotype.service.START pkg=com.google.android.gms } U=0: not found
01-17 11:52:28.688  1933  2037 W BestClock: java.time.DateTimeException: Missing NTP fix
01-17 11:52:28.688  1933  1945 W ActivityManager: Unbind failed: could not find connection for android.os.BinderProxy@a22bc5b
01-17 11:52:28.688  2364  2394 E GmsClient: unable to connect to service: com.google.android.gms.phenotype.service.START on com.google.android.gms
01-17 11:52:28.689  2364  2364 E ActivityThread: Failed to find provider info for com.google.android.gsf.gservices
01-17 11:52:28.690  2364  2364 I Dialer  : GoogleDialerApplication.onCreate - registered new client
01-17 11:52:28.692  2364  2364 I Dialer  : LegacyVoicemailNotificationReceiver.onReceive - received legacy voicemail notification
01-17 11:52:28.692  2364  2364 I Dialer  : LegacyVoicemailNotificationReceiver.onReceive - isRefresh: false
01-17 11:52:28.692  1933  2037 W BestClock: java.time.DateTimeException: Missing NTP fix
01-17 11:52:28.693  1933  2031 W BestClock: java.time.DateTimeException: Missing NTP fix
01-17 11:52:28.694  2148  2159 W System  : A resource failed to call close. 
01-17 11:52:28.691  2364  2364 I chatty  : uid=10011(com.google.android.dialer) identical 2 lines
01-17 11:52:28.691  2364  2364 E ActivityThread: Failed to find provider info for com.google.android.gsf.gservices
01-17 11:52:28.696  1933  2037 D ConnectivityService: Switching to new default network: NetworkAgentInfo{ ni{[type: MOBILE[LTE], state: CONNECTED/CONNECTED, reason: connected, extra: epc.tmobile.com, failover: false, available: true, roaming: false]}  network{100}  nethandle{432902426637}  lp{{InterfaceName: radio0 LinkAddresses: [192.168.200.2/24,fe80::bcc2:b8ff:fe39:3a68/64,fec0::bcc2:b8ff:fe39:3a68/64,fec0::5539:74a2:fc55:e46b/64,]  Routes: [0.0.0.0/0 -> 192.168.200.1 radio0,192.168.200.0/24 -> 0.0.0.0 radio0,fe80::/64 -> :: radio0,fec0::/64 -> :: radio0,] DnsAddresses: [10.0.2.3,] UsePrivateDns: false PrivateDnsServerName: null Domains: null MTU: 1500 TcpBufferSizes: 524288,1048576,2097152,262144,524288,1048576}}  nc{[ Transports: CELLULAR Capabilities: MMS&SUPL&DUN&FOTA&IMS&CBS&IA&INTERNET&NOT_RESTRICTED&TRUSTED&NOT_VPN&NOT_ROAMING&FOREGROUND&NOT_CONGESTED&NOT_SUSPENDED Unwanted:  LinkUpBandwidth>=51200Kbps LinkDnBandwidth>=102400Kbps Specifier: <1>]}  Score{10}  everValidated{false}  lastValidated{false}  created{true} lingering{false} explicitlySelected{false} acceptUnvalidated{false} everCaptivePortalDetected{false} lastCaptivePortalDetected{false} clat{null} }
01-17 11:52:28.697  1933  1985 I Telecom : PhoneAccountRegistrar: Modify account: [ComponentInfo{com.android.phone/com.android.services.telephony.TelephonyConnectionService}, ***, UserHandle{0}]: TSI.rPA@ADI
01-17 11:52:28.699  2148  2148 D TelephonyProvider: subIdString = 1 subId = 1
01-17 11:52:28.699  2364  2364 I Dialer  : LegacyVoicemailNotificationReceiver.onReceive - clearing notification
01-17 11:52:28.699  2148  2148 D TelephonyProvider: getPreferredApnIdFromApn: for subId 1
01-17 11:52:28.699  2364  2364 I Dialer  : LegacyVoicemailNotifier.cancelNotification - enter
01-17 11:52:28.702  2364  2364 I Dialer  : Flags.register - phenotype register status: false
01-17 11:52:28.703  1933  1944 W WallpaperManagerService: Cannot extract colors because wallpaper could not be read.
01-17 11:52:28.703  1933  1944 W WallpaperManagerService: Cannot get theme colors because WallpaperColors is null.
01-17 11:52:28.703  1933  1944 W WallpaperManagerService: Cannot extract colors because wallpaper could not be read.
01-17 11:52:28.703  1933  1944 W WallpaperManagerService: Cannot get theme colors because WallpaperColors is null.
01-17 11:52:28.706  2148  2148 D TelephonyProvider: subIdString = 1 subId = 1
01-17 11:52:28.706  2364  2364 I Dialer  : LegacyVoicemailNotificationReceiver.onReceive - received legacy voicemail notification
01-17 11:52:28.706  2148  2148 D TelephonyProvider: getPreferredApnIdFromApn: for subId 1
01-17 11:52:28.706  2364  2364 I Dialer  : LegacyVoicemailNotificationReceiver.onReceive - isRefresh: true
01-17 11:52:28.706  2364  2364 I Dialer  : LegacyVoicemailNotificationReceiver.onReceive - clearing notification
01-17 11:52:28.706  2364  2364 I Dialer  : LegacyVoicemailNotifier.cancelNotification - enter
01-17 11:52:28.707  1933  2037 W BestClock: java.time.DateTimeException: Missing NTP fix
01-17 11:52:28.708  2364  2364 I Dialer  : LegacyVoicemailNotificationReceiver.onReceive - received legacy voicemail notification
01-17 11:52:28.708  2364  2364 I Dialer  : LegacyVoicemailNotificationReceiver.onReceive - isRefresh: true
01-17 11:52:28.708  2364  2364 I Dialer  : LegacyVoicemailNotificationReceiver.onReceive - clearing notification
01-17 11:52:28.708  2364  2364 I Dialer  : LegacyVoicemailNotifier.cancelNotification - enter
01-17 11:52:28.708  2148  2148 D TelephonyProvider: subIdString = 1 subId = 1
01-17 11:52:28.708  2148  2148 D TelephonyProvider: getPreferredApnIdFromApn: for subId 1
01-17 11:52:28.709  2364  2364 I Dialer  : LegacyVoicemailNotificationReceiver.onReceive - received legacy voicemail notification
01-17 11:52:28.709  2364  2364 I Dialer  : LegacyVoicemailNotificationReceiver.onReceive - isRefresh: true
01-17 11:52:28.709  2364  2364 I Dialer  : LegacyVoicemailNotificationReceiver.onReceive - clearing notification
01-17 11:52:28.709  2364  2364 I Dialer  : LegacyVoicemailNotifier.cancelNotification - enter
01-17 11:52:28.709  2364  2364 I Dialer  : LegacyVoicemailNotificationReceiver.onReceive - received legacy voicemail notification
01-17 11:52:28.709  2364  2364 I Dialer  : LegacyVoicemailNotificationReceiver.onReceive - isRefresh: true
01-17 11:52:28.709  2364  2364 I Dialer  : LegacyVoicemailNotificationReceiver.onReceive - clearing notification
01-17 11:52:28.709  2364  2364 I Dialer  : LegacyVoicemailNotifier.cancelNotification - enter
01-17 11:52:28.709  2148  2148 D TelephonyProvider: subIdString = 1 subId = 1
01-17 11:52:28.709  2148  2148 D TelephonyProvider: getPreferredApnIdFromApn: for subId 1
01-17 11:52:28.710  1933  2037 W BestClock: java.time.DateTimeException: Missing NTP fix
01-17 11:52:28.710  2364  2364 I Dialer  : LegacyVoicemailNotificationReceiver.onReceive - received legacy voicemail notification
01-17 11:52:28.710  2364  2364 I Dialer  : LegacyVoicemailNotificationReceiver.onReceive - isRefresh: false
01-17 11:52:28.710  2364  2364 I Dialer  : LegacyVoicemailNotificationReceiver.onReceive - clearing notification
01-17 11:52:28.710  2364  2364 I Dialer  : LegacyVoicemailNotifier.cancelNotification - enter
01-17 11:52:28.710  1933  2031 W BestClock: java.time.DateTimeException: Missing NTP fix
01-17 11:52:28.710  2148  2148 D TelephonyProvider: subIdString = 1 subId = 1
01-17 11:52:28.711  2148  2148 D TelephonyProvider: getPreferredApnIdFromApn: for subId 1
01-17 11:52:28.711  1933  2144 D NetworkTimeUpdateService: New default network 100; checking time.
01-17 11:52:28.711  1933  2037 D ConnectivityService: Sending CONNECTED broadcast for type 0 NetworkAgentInfo [MOBILE (LTE) - 100] isDefaultNetwork=true
01-17 11:52:28.712  2148  2148 D TelephonyProvider: subIdString = 1 subId = 1
01-17 11:52:28.712  2148  2148 D TelephonyProvider: getPreferredApnIdFromApn: for subId 1
01-17 11:52:28.713  1933  1933 I SyncManager: Loaded persisted syncs: 0 periodic syncs, 0 oneshot syncs, 7 total system server jobs, JobStats: FirstLoad: 0/0/0 LastSave: 2/0/0
01-17 11:52:28.713  1933  2037 W BestClock: java.time.DateTimeException: Missing NTP fix
01-17 11:52:28.714  1933  2037 W BestClock: java.time.DateTimeException: Missing NTP fix
01-17 11:52:28.715  1933  2031 W BestClock: java.time.DateTimeException: Missing NTP fix
01-17 11:52:28.717  1933  2030 W BestClock: java.time.DateTimeException: Missing NTP fix
01-17 11:52:28.720  2148  2148 D TelephonyProvider: subIdString = 1 subId = 1
01-17 11:52:28.720  1933  2031 W BestClock: java.time.DateTimeException: Missing NTP fix
01-17 11:52:28.720  2148  2148 D TelephonyProvider: getPreferredApnIdFromApn: for subId 1
01-17 11:52:28.722  1933  2030 W BestClock: java.time.DateTimeException: Missing NTP fix
01-17 11:52:28.723  1933  2037 W BestClock: java.time.DateTimeException: Missing NTP fix
01-17 11:52:28.723  2148  2148 D TelephonyProvider: subIdString = 1 subId = 1
01-17 11:52:28.723  2148  2148 D TelephonyProvider: getPreferredApnIdFromApn: for subId 1
01-17 11:52:28.726  2148  2148 D TelephonyProvider: subIdString = 1 subId = 1
01-17 11:52:28.726  2148  2148 D TelephonyProvider: getPreferredApnIdFromApn: for subId 1
01-17 11:52:28.728  1933  2031 W BestClock: java.time.DateTimeException: Missing NTP fix
01-17 11:52:28.729  1933  2037 W BestClock: java.time.DateTimeException: Missing NTP fix
01-17 11:52:28.729  1933  2031 W BestClock: java.time.DateTimeException: Missing NTP fix
01-17 11:52:28.730  2148  2148 D TelephonyProvider: subIdString = 1 subId = 1
01-17 11:52:28.730  2148  2148 D TelephonyProvider: deletePreferredApn: for subId 1
01-17 11:52:28.731  2148  2148 D TelephonyProvider: subIdString = 1 subId = 1
01-17 11:52:28.731  2148  2148 D TelephonyProvider: setPreferredApn: _id 1 subId 1
01-17 11:52:28.742  2148  2148 D CarrierConfigLoader: mHandler: 3 phoneId: 0
01-17 11:52:28.743  2351  2374 D DefaultCarrierConfigService: Config being fetched
01-17 11:52:28.747  2148  2148 D CarrierConfigLoader: mHandler: 5 phoneId: 0
01-17 11:52:28.750  2148  2148 I ImsResolver: Received Carrier Config Changed for SlotId: 0
01-17 11:52:28.750  2148  2148 D CarrierKeyDownloadManager: Carrier Config changed: android.telephony.action.CARRIER_CONFIG_CHANGED
01-17 11:52:28.750  2148  2174 I CarrierInfoManager: using values for mnc, mcc: 260,310
01-17 11:52:28.753  2148  2148 D CarrierKeyDownloadManager: Carrier not enabled or invalid values
01-17 11:52:28.753  2148  2148 D CarrierKeyDownloadManager: Cleaning up existing renewal alarms
01-17 11:52:28.758  1933  2031 W BestClock: java.time.DateTimeException: Missing NTP fix
01-17 11:52:28.761  2148  2148 I ImsResolver: Carrier Config updated, binding new ImsService
01-17 11:52:28.762  2098  2098 D StatusBar: disable<e i a s b h r c s > disable2<q i n >
01-17 11:52:28.763  1933  1985 I StatusBarManagerService: registerStatusBar bar=com.android.internal.statusbar.IStatusBar$Stub$Proxy@bc4e22f
01-17 11:52:28.769  1933  2031 W BestClock: java.time.DateTimeException: Missing NTP fix
01-17 11:52:28.769  2148  2174 D CarrierInfoManager: No rows found for keyType: 2
01-17 11:52:28.770  1933  2037 W BestClock: java.time.DateTimeException: Missing NTP fix
01-17 11:52:28.774  1933  2400 D NetworkMonitor/NetworkAgentInfo [MOBILE (LTE) - 100]: PROBE_DNS www.google.com 78ms OK 142.250.180.132,2a00:1450:4002:402::2004
01-17 11:52:28.780  1933  1933 I Telecom : PhoneAccountRegistrar: SimCallManager queried, returning: null: TSI.gSCMFU@ADM
01-17 11:52:28.783  1771  1849 W OMXUtils: do not know color format 0x7f000789 = 2130708361
01-17 11:52:28.784  1933  2401 D NetworkMonitor/NetworkAgentInfo [MOBILE (LTE) - 100]: PROBE_DNS connectivitycheck.gstatic.com 86ms OK 142.250.184.35,2a00:1450:4002:403::2003
01-17 11:52:28.784  1771  1849 I OMXClient: IOmx service obtained
01-17 11:52:28.785  1777  2246 I OMXMaster: makeComponentInstance(OMX.google.h263.encoder) in omx@1.0-service process
01-17 11:52:28.792  2148  2148 D CallNotifier: updatePhoneStateListeners: update CF notifications.
01-17 11:52:28.792  2148  2148 I NotificationMgr: updateCfi: subId= 1, visible=N
01-17 11:52:28.792  1933  2031 W BestClock: java.time.DateTimeException: Missing NTP fix
01-17 11:52:28.793  1933  1951 I ActivityManager: Start proc 2415:android.process.acore/u0a25 for content provider com.android.providers.blockednumber/.BlockedNumberProvider
01-17 11:52:28.793  2148  2148 I NotificationMgr: updateMwi(): subId 1 update to false
01-17 11:52:28.794  2415  2415 W d.process.acor: Unexpected CPU variant for X86 using defaults: x86
01-17 11:52:28.800  2148  2159 W System  : A resource failed to call close. 
01-17 11:52:28.800  1933  2031 W BestClock: java.time.DateTimeException: Missing NTP fix
01-17 11:52:28.801  1933  2037 W BestClock: java.time.DateTimeException: Missing NTP fix
01-17 11:52:28.802  2148  2148 I TelecomFramework: PstnIncomingCallNotifier: Unregistering: Handler (com.android.internal.telephony.GsmCdmaPhone) {ccd5aa4}
01-17 11:52:28.802  2364  2364 I Dialer  : LegacyVoicemailNotificationReceiver.onReceive - received legacy voicemail notification
01-17 11:52:28.802  2364  2364 I Dialer  : LegacyVoicemailNotificationReceiver.onReceive - isRefresh: true
01-17 11:52:28.802  2364  2364 I Dialer  : LegacyVoicemailNotificationReceiver.onReceive - clearing notification
01-17 11:52:28.802  2364  2364 I Dialer  : LegacyVoicemailNotifier.cancelNotification - enter
01-17 11:52:28.815  1933  1985 I Telecom : PhoneAccountRegistrar: Modify account: [ComponentInfo{com.android.phone/com.android.services.telephony.TelephonyConnectionService}, ***, UserHandle{0}]: TSI.rPA@ADY
01-17 11:52:28.816  2148  2148 I TelecomFramework: AccountEntry: Registered phoneAccount: [[ ] PhoneAccount: ComponentInfo{com.android.phone/com.android.services.telephony.TelephonyConnectionService}, ***, UserHandle{0} Capabilities: CallProvider MultiUser PlaceEmerg SimSub  Audio Routes: BESW Schemes: tel voicemail  Extras: Bundle[{android.telecom.extra.SUPPORTS_VIDEO_CALLING_FALLBACK=true}] GroupId: ***] with handle: ComponentInfo{com.android.phone/com.android.services.telephony.TelephonyConnectionService}, ***, UserHandle{0}
01-17 11:52:28.816  2148  2148 I TelecomFramework: PstnIncomingCallNotifier: Registering: Handler (com.android.internal.telephony.GsmCdmaPhone) {ccd5aa4}
01-17 11:52:28.818  2148  2148 I ImsExternalCallTracker: handleVideoCapabilitiesChanged : isVideoCapable = false
01-17 11:52:28.818  2148  2148 D ImsExternalCallTracker: refreshCallPullState
01-17 11:52:28.818  2148  2148 I TelecomFramework: PstnPhoneCapabilitiesNotifier: handleVideoCapabilitesChanged. Video capability - false
01-17 11:52:28.824  2415  2415 I d.process.acor: The ClassLoaderContext is a special shared library.
01-17 11:52:28.832  1933  2144 D SntpClient: round trip: 51ms, clock offset: 1085ms
01-17 11:52:28.833  2415  2415 I d.process.acor: The ClassLoaderContext is a special shared library.
01-17 11:52:28.833  1933  1945 I Telecom : PhoneAccountRegistrar: Modify account: [ComponentInfo{com.android.phone/com.android.services.telephony.TelephonyConnectionService}, ***, UserHandle{0}]: TSI.rPA@ADk
01-17 11:52:28.844  2309  2345 D HostConnection: createUnique: call
01-17 11:52:28.845  2309  2345 D HostConnection: HostConnection::get() New Host Connection established 0xe82ac5a0, tid 2345
01-17 11:52:28.860  1933  2401 D NetworkMonitor/NetworkAgentInfo [MOBILE (LTE) - 100]: PROBE_HTTP http://connectivitycheck.gstatic.com/generate_204 time=76ms ret=204 request={User-Agent=[Mozilla/5.0 (X11; Linux x86_64) AppleWebKit/537.36 (KHTML, like Gecko) Chrome/60.0.3112.32 Safari/537.36]} headers={null=[HTTP/1.1 204 No Content], Content-Length=[0], Cross-Origin-Resource-Policy=[cross-origin], Date=[Tue, 17 Jan 2023 10:52:29 GMT], X-Android-Received-Millis=[1673952748860], X-Android-Response-Source=[NETWORK 204], X-Android-Selected-Protocol=[http/1.1], X-Android-Sent-Millis=[1673952748826]}
01-17 11:52:28.863  2309  2345 D HostConnection: HostComposition ext ANDROID_EMU_CHECKSUM_HELPER_v1 ANDROID_EMU_native_sync_v2 ANDROID_EMU_native_sync_v3 ANDROID_EMU_native_sync_v4 ANDROID_EMU_dma_v1 ANDROID_EMU_YUV420_888_to_NV21 ANDROID_EMU_YUV_Cache ANDROID_EMU_sync_buffer_data GL_OES_EGL_image_external_essl3 GL_OES_vertex_array_object GL_KHR_texture_compression_astc_ldr ANDROID_EMU_host_side_tracing ANDROID_EMU_gles_max_version_3_0 
01-17 11:52:28.863  2309  2345 E eglCodecCommon: GoldfishAddressSpaceHostMemoryAllocator: ioctl_ping failed for device_type=5, ret=-1
