01-17 11:52:31.975  1933  2519 I BackupManagerService: Unlocking system user; mService=com.android.server.backup.BackupManagerService@39833d7
01-17 11:52:31.975  1933  2519 I BackupManagerService: Backup enable apparently not migrated
01-17 11:52:31.975  1933  2519 I BackupManagerService: Migrating enable state false
01-17 11:52:31.976  1933  2519 I BackupManagerService: Backup enabled => false
01-17 11:52:31.980  1933  1933 D WifiService: resetting networks because SIM was loaded
01-17 11:52:31.980  1933  2034 D WifiStateMachine: resetting EAP-SIM/AKA/AKA' networks since SIM was changed
01-17 11:52:31.996  2493  2674 D ExtAssistant: File doesn't exist or isn't readable yet
01-17 11:52:32.006  2533  2533 I SecureElementService: main onCreate
01-17 11:52:32.009  1573  1573 W hwservicemanager: getTransport: Cannot find entry android.hardware.secure_element@1.0::ISecureElement/eSE1 in either framework or device manifest.
01-17 11:52:32.010  2533  2533 I SecureElementService: No HAL implementation for eSE1
01-17 11:52:32.010  1573  1573 W hwservicemanager: getTransport: Cannot find entry android.hardware.secure_element@1.0::ISecureElement/SIM1 in either framework or device manifest.
01-17 11:52:32.010  2533  2533 I SecureElementService: No HAL implementation for SIM1
01-17 11:52:32.018  2645  2645 I ocess.gservice: The ClassLoaderContext is a special shared library.
01-17 11:52:32.043  1933  1951 I ActivityManager: Start proc 2677:com.google.process.gapps/u0a12 for content provider com.google.android.gsf/.settings.GoogleSettingsProvider
01-17 11:52:32.021  2645  2645 I ocess.gservice: The ClassLoaderContext is a special shared library.
01-17 11:52:32.045  2677  2677 W e.process.gapp: Unexpected CPU variant for X86 using defaults: x86
01-17 11:52:32.101  2098  2337 D EGL_emulation: eglMakeCurrent: 0xd3b1b360: ver 3 0 (tinfo 0xd3b21130)
01-17 11:52:32.110  1933  2052 I GnssLocationProvider: WakeLock acquired by sendMessage(REPORT_SV_STATUS, 0, com.android.server.location.GnssLocationProvider$SvStatusInfo@5927e60)
01-17 11:52:32.114  1933  2249 W ActivityManager: Slow operation: 51ms so far, now at attachApplicationLocked: after mServices.attachApplicationLocked
01-17 11:52:32.115  1933  2249 W ActivityManager: Slow operation: 52ms so far, now at attachApplicationLocked: after updateOomAdjLocked
01-17 11:52:32.116  1933  2520 E system_server: No package ID 7f found for ID 0x7f02014c.
01-17 11:52:32.116  1933  2520 E system_server: No package ID 7f found for ID 0x7f110426.
01-17 11:52:32.116  1933  2520 E system_server: No package ID 7f found for ID 0x7f110427.
01-17 11:52:32.116  1933  2520 E system_server: No package ID 7f found for ID 0x7f02014d.
01-17 11:52:32.116  1933  2520 E system_server: No package ID 7f found for ID 0x7f110428.
01-17 11:52:32.116  1933  2520 E system_server: No package ID 7f found for ID 0x7f110429.
01-17 11:52:32.118  2677  2677 I e.process.gapp: The ClassLoaderContext is a special shared library.
01-17 11:52:32.120  2677  2677 I e.process.gapp: The ClassLoaderContext is a special shared library.
01-17 11:52:32.128  2098  2337 D EGL_emulation: eglMakeCurrent: 0xd3b1b360: ver 3 0 (tinfo 0xd3b21130)
01-17 11:52:32.134  2415  2415 D StrictMode: StrictMode policy violation; ~duration=35 ms: android.os.strictmode.DiskWriteViolation
01-17 11:52:32.134  2415  2415 D StrictMode: 	at android.os.StrictMode$AndroidBlockGuardPolicy.onWriteToDisk(StrictMode.java:1460)
01-17 11:52:32.134  2415  2415 D StrictMode: 	at libcore.io.BlockGuardOs.mkdir(BlockGuardOs.java:196)
01-17 11:52:32.134  2415  2415 D StrictMode: 	at android.system.Os.mkdir(Os.java:323)
01-17 11:52:32.134  2415  2415 D StrictMode: 	at android.app.ContextImpl.ensurePrivateDirExists(ContextImpl.java:608)
01-17 11:52:32.134  2415  2415 D StrictMode: 	at android.app.ContextImpl.ensurePrivateDirExists(ContextImpl.java:596)
01-17 11:52:32.134  2415  2415 D StrictMode: 	at android.app.ContextImpl.getPreferencesDir(ContextImpl.java:552)
01-17 11:52:32.134  2415  2415 D StrictMode: 	at android.app.ContextImpl.getSharedPreferencesPath(ContextImpl.java:747)
01-17 11:52:32.134  2415  2415 D StrictMode: 	at android.app.ContextImpl.getSharedPreferences(ContextImpl.java:400)
01-17 11:52:32.134  2415  2415 D StrictMode: 	at android.preference.PreferenceManager.getDefaultSharedPreferences(PreferenceManager.java:526)
01-17 11:52:32.134  2415  2415 D StrictMode: 	at com.android.providers.contacts.FastScrollingIndexCache.getInstance(FastScrollingIndexCache.java:95)
01-17 11:52:32.134  2415  2415 D StrictMode: 	at com.android.providers.contacts.ContactsProvider2.initialize(ContactsProvider2.java:1588)
01-17 11:52:32.134  2415  2415 D StrictMode: 	at com.android.providers.contacts.ContactsProvider2.onCreate(ContactsProvider2.java:1563)
01-17 11:52:32.134  2415  2415 D StrictMode: 	at android.content.ContentProvider.attachInfo(ContentProvider.java:1919)
01-17 11:52:32.134  2415  2415 D StrictMode: 	at android.content.ContentProvider.attachInfo(ContentProvider.java:1894)
01-17 11:52:32.134  2415  2415 D StrictMode: 	at android.app.ActivityThread.installProvider(ActivityThread.java:6391)
01-17 11:52:32.134  2415  2415 D StrictMode: 	at android.app.ActivityThread.installContentProviders(ActivityThread.java:5938)
01-17 11:52:32.134  2415  2415 D StrictMode: 	at android.app.ActivityThread.handleInstallProvider(ActivityThread.java:3235)
01-17 11:52:32.134  2415  2415 D StrictMode: 	at android.app.ActivityThread$H.handleMessage(ActivityThread.java:1770)
01-17 11:52:32.134  2415  2415 D StrictMode: 	at android.os.Handler.dispatchMessage(Handler.java:106)
01-17 11:52:32.134  2415  2415 D StrictMode: 	at android.os.Looper.loop(Looper.java:193)
01-17 11:52:32.134  2415  2415 D StrictMode: 	at android.app.ActivityThread.main(ActivityThread.java:6669)
01-17 11:52:32.134  2415  2415 D StrictMode: 	at java.lang.reflect.Method.invoke(Native Method)
01-17 11:52:32.134  2415  2415 D StrictMode: 	at com.android.internal.os.RuntimeInit$MethodAndArgsCaller.run(RuntimeInit.java:493)
01-17 11:52:32.134  2415  2415 D StrictMode: 	at com.android.internal.os.ZygoteInit.main(ZygoteInit.java:858)
01-17 11:52:32.135  2415  2415 D StrictMode: StrictMode policy violation; ~duration=35 ms: android.os.strictmode.DiskWriteViolation
01-17 11:52:32.135  2415  2415 D StrictMode: 	at android.os.StrictMode$AndroidBlockGuardPolicy.onWriteToDisk(StrictMode.java:1460)
01-17 11:52:32.135  2415  2415 D StrictMode: 	at libcore.io.BlockGuardOs.chmod(BlockGuardOs.java:72)
01-17 11:52:32.135  2415  2415 D StrictMode: 	at android.system.Os.chmod(Os.java:85)
01-17 11:52:32.135  2415  2415 D StrictMode: 	at android.app.ContextImpl.ensurePrivateDirExists(ContextImpl.java:609)
01-17 11:52:32.135  2415  2415 D StrictMode: 	at android.app.ContextImpl.ensurePrivateDirExists(ContextImpl.java:596)
01-17 11:52:32.135  2415  2415 D StrictMode: 	at android.app.ContextImpl.getPreferencesDir(ContextImpl.java:552)
01-17 11:52:32.135  2415  2415 D StrictMode: 	at android.app.ContextImpl.getSharedPreferencesPath(ContextImpl.java:747)
01-17 11:52:32.135  2415  2415 D StrictMode: 	at android.app.ContextImpl.getSharedPreferences(ContextImpl.java:400)
01-17 11:52:32.135  2415  2415 D StrictMode: 	at android.preference.PreferenceManager.getDefaultSharedPreferences(PreferenceManager.java:526)
01-17 11:52:32.135  2415  2415 D StrictMode: 	at com.android.providers.contacts.FastScrollingIndexCache.getInstance(FastScrollingIndexCache.java:95)
01-17 11:52:32.135  2415  2415 D StrictMode: 	at com.android.providers.contacts.ContactsProvider2.initialize(ContactsProvider2.java:1588)
01-17 11:52:32.135  2415  2415 D StrictMode: 	at com.android.providers.contacts.ContactsProvider2.onCreate(ContactsProvider2.java:1563)
01-17 11:52:32.135  2415  2415 D StrictMode: 	at android.content.ContentProvider.attachInfo(ContentProvider.java:1919)
01-17 11:52:32.135  2415  2415 D StrictMode: 	at android.content.ContentProvider.attachInfo(ContentProvider.java:1894)
01-17 11:52:32.135  2415  2415 D StrictMode: 	at android.app.ActivityThread.installProvider(ActivityThread.java:6391)
01-17 11:52:32.135  2415  2415 D StrictMode: 	at android.app.ActivityThread.installContentProviders(ActivityThread.java:5938)
01-17 11:52:32.135  2415  2415 D StrictMode: 	at android.app.ActivityThread.handleInstallProvider(ActivityThread.java:3235)
01-17 11:52:32.135  2415  2415 D StrictMode: 	at android.app.ActivityThread$H.handleMessage(ActivityThread.java:1770)
01-17 11:52:32.135  2415  2415 D StrictMode: 	at android.os.Handler.dispatchMessage(Handler.java:106)
01-17 11:52:32.135  2415  2415 D StrictMode: 	at android.os.Looper.loop(Looper.java:193)
01-17 11:52:32.135  2415  2415 D StrictMode: 	at android.app.ActivityThread.main(ActivityThread.java:6669)
01-17 11:52:32.135  2415  2415 D StrictMode: 	at java.lang.reflect.Method.invoke(Native Method)
01-17 11:52:32.135  2415  2415 D StrictMode: 	at com.android.internal.os.RuntimeInit$MethodAndArgsCaller.run(RuntimeInit.java:493)
01-17 11:52:32.135  2415  2415 D StrictMode: 	at com.android.internal.os.ZygoteInit.main(ZygoteInit.java:858)
01-17 11:52:32.137  2415  2415 I ContactsPerf: VoicemailContentProvider.onCreate start
01-17 11:52:32.209  1933  2520 E system_server: No package ID 7f found for ID 0x7f0200f2.
01-17 11:52:32.209  1933  2520 E system_server: No package ID 7f found for ID 0x7f120325.
01-17 11:52:32.209  1933  2520 E system_server: No package ID 7f found for ID 0x7f120322.
01-17 11:52:32.209  1933  2520 E system_server: No package ID 7f found for ID 0x7f0200f4.
01-17 11:52:32.209  1933  2520 E system_server: No package ID 7f found for ID 0x7f120326.
01-17 11:52:32.209  1933  2520 E system_server: No package ID 7f found for ID 0x7f120323.
01-17 11:52:32.209  1933  2520 E system_server: No package ID 7f found for ID 0x7f0200f6.
01-17 11:52:32.209  1933  2520 E system_server: No package ID 7f found for ID 0x7f120327.
01-17 11:52:32.209  1933  2520 E system_server: No package ID 7f found for ID 0x7f120324.
01-17 11:52:32.209  2693  2693 W id.printspoole: Unexpected CPU variant for X86 using defaults: x86
01-17 11:52:32.211  1933  2520 E system_server: No package ID 7f found for ID 0x7f080295.
01-17 11:52:32.211  1933  2520 E system_server: No package ID 7f found for ID 0x7f120387.
01-17 11:52:32.211  1933  2520 E system_server: No package ID 7f found for ID 0x7f080294.
01-17 11:52:32.211  1933  2520 E system_server: No package ID 7f found for ID 0x7f1200ec.
01-17 11:52:32.211  1933  2520 E system_server: No package ID 7f found for ID 0x7f120386.
01-17 11:52:32.211  1933  2520 E system_server: No package ID 7f found for ID 0x7f120266.
01-17 11:52:32.211  1933  2520 E ShortcutService: Ignoring excessive intent tag.
01-17 11:52:32.214  1933  1951 I ActivityManager: Start proc 2693:com.android.printspooler/u0a55 for service com.android.printspooler/.model.PrintSpoolerService
01-17 11:52:32.226  2415  2415 I ContactsPerf: VoicemailContentProvider.onCreate finish
01-17 11:52:32.233  2693  2693 I id.printspoole: The ClassLoaderContext is a special shared library.
01-17 11:52:32.261  2415  2605 I ContactsProviderV1: Bootstrapping database legacy support
01-17 11:52:32.273  2415  2605 D ContactsDatabaseHelper: WAL enabled for contacts2.db: true
01-17 11:52:32.291  2415  2692 I CallLogDatabaseHelper: Migrating from old tables...
01-17 11:52:32.292  2415  2692 I CallLogDatabaseHelper: Source tables don't exist.
01-17 11:52:32.297  1933  1955 W AppWidgetServiceImpl: Failed to read state: java.io.FileNotFoundException: /data/system/users/0/appwidgets.xml (No such file or directory)
01-17 11:52:32.298  1933  1955 I AppWidgetServiceImpl: Async processing of onUserUnlocked u0 took 564 ms
01-17 11:52:32.298  1933  1955 W Looper  : Slow dispatch took 564ms android.fg h=android.os.Handler c=com.android.server.appwidget.-$$Lambda$AppWidgetService$HIwvoPMyKqEhLVIiysgUKH8QJg8@31c0e43 m=0
01-17 11:52:32.298  1933  1955 I ActivityManager: Loading recents for user 0 into memory.
01-17 11:52:32.298  1933  1933 W system_server: Long monitor contention with owner android.fg (1955) at android.content.res.Resources android.app.ResourcesManager.getOrCreateResources(android.os.IBinder, android.content.res.ResourcesKey, java.lang.ClassLoader)(ResourcesManager.java:736) waiters=0 in void com.android.server.appwidget.AppWidgetServiceImpl.onPackageBroadcastReceived(android.content.Intent, int) for 298ms
01-17 11:52:32.300  1933  1933 W Looper  : Slow dispatch took 300ms main h=android.app.ActivityThread$H c=android.app.-$$Lambda$LoadedApk$ReceiverDispatcher$Args$_BumDX2UKsnxLVrE6UJsJZkotuA@a1cacc0 m=0
01-17 11:52:32.300  1933  1955 W Looper  : Slow delivery took 556ms android.fg h=android.os.Handler c=com.android.server.am.-$$Lambda$UserController$Eh5Od1-6teHInq04bnfmHhMt3-E@7583df9 m=0
01-17 11:52:32.301  1933  1955 W Looper  : Drained
01-17 11:52:32.306  1933  1933 I Telecom : DefaultDialerCache: Refreshing default dialer for user 0: now com.google.android.dialer: DDC.oR@AD0
01-17 11:52:32.310  1933  1933 W InputMethodManagerService: Session failed to close due to remote exception
01-17 11:52:32.310  1933  1933 W InputMethodManagerService: android.os.DeadObjectException
01-17 11:52:32.310  1933  1933 W InputMethodManagerService: 	at android.os.BinderProxy.transactNative(Native Method)
01-17 11:52:32.310  1933  1933 W InputMethodManagerService: 	at android.os.BinderProxy.transact(Binder.java:1127)
01-17 11:52:32.310  1933  1933 W InputMethodManagerService: 	at com.android.internal.view.IInputMethodSession$Stub$Proxy.finishSession(IInputMethodSession.java:309)
01-17 11:52:32.310  1933  1933 W InputMethodManagerService: 	at com.android.server.InputMethodManagerService.finishSessionLocked(InputMethodManagerService.java:2130)
01-17 11:52:32.310  1933  1933 W InputMethodManagerService: 	at com.android.server.InputMethodManagerService.clearClientSessionLocked(InputMethodManagerService.java:2121)
01-17 11:52:32.310  1933  1933 W InputMethodManagerService: 	at com.android.server.InputMethodManagerService.clearCurMethodLocked(InputMethodManagerService.java:2147)
01-17 11:52:32.310  1933  1933 W InputMethodManagerService: 	at com.android.server.InputMethodManagerService.onServiceDisconnected(InputMethodManagerService.java:2174)
01-17 11:52:32.310  1933  1933 W InputMethodManagerService: 	at android.app.LoadedApk$ServiceDispatcher.doDeath(LoadedApk.java:1749)
01-17 11:52:32.310  1933  1933 W InputMethodManagerService: 	at android.app.LoadedApk$ServiceDispatcher$RunConnection.run(LoadedApk.java:1764)
01-17 11:52:32.310  1933  1933 W InputMethodManagerService: 	at android.os.Handler.handleCallback(Handler.java:873)
01-17 11:52:32.310  1933  1933 W InputMethodManagerService: 	at android.os.Handler.dispatchMessage(Handler.java:99)
01-17 11:52:32.310  1933  1933 W InputMethodManagerService: 	at android.os.Looper.loop(Looper.java:193)
01-17 11:52:32.310  1933  1933 W InputMethodManagerService: 	at com.android.server.SystemServer.run(SystemServer.java:454)
01-17 11:52:32.310  1933  1933 W InputMethodManagerService: 	at com.android.server.SystemServer.main(SystemServer.java:294)
01-17 11:52:32.310  1933  1933 W InputMethodManagerService: 	at java.lang.reflect.Method.invoke(Native Method)
01-17 11:52:32.310  1933  1933 W InputMethodManagerService: 	at com.android.internal.os.RuntimeInit$MethodAndArgsCaller.run(RuntimeInit.java:493)
01-17 11:52:32.310  1933  1933 W InputMethodManagerService: 	at com.android.internal.os.ZygoteInit.main(ZygoteInit.java:838)
01-17 11:52:32.319  2524  2524 I InteractorInitializer: Initialized process com.google.android.googlequicksearchbox:interactor
01-17 11:52:32.322  2415  2692 I CallLogDatabaseHelper: Migrating from old tables...
01-17 11:52:32.322  2415  2692 I CallLogDatabaseHelper: Source tables don't exist.
01-17 11:52:32.324  1933  1933 I DefaultPermGrantPolicy: Granting permissions to default sms app for user:0
01-17 11:52:32.325  1933  1933 W Looper  : Drained
01-17 11:52:32.325  1933  1933 W DevicePolicyManager: Trying to set ro.device_owner, but it has already been set?
01-17 11:52:32.400  1933  2520 E system_server: No package ID 7f found for ID 0x7f0203d8.
01-17 11:52:32.400  1933  2520 E system_server: No package ID 7f found for ID 0x7f170002.
01-17 11:52:32.400  1933  2520 E system_server: No package ID 7f found for ID 0x7f020483.
01-17 11:52:32.400  1933  2520 E system_server: No package ID 7f found for ID 0x7f170009.
01-17 11:52:32.429  2524  2524 W AppFlowTracker: Dropping AppFlow event "93" logged from process "com.google.android.googlequicksearchbox:interactor"
01-17 11:52:32.429  2524  2524 W AppFlowTracker: Dropping AppFlow event "24" logged from process "com.google.android.googlequicksearchbox:interactor"
01-17 11:52:32.434  2524  2524 I GsaVoiceInteractionSrv: Registering passthrough
01-17 11:52:32.434  2309  2345 D EGL_emulation: eglMakeCurrent: 0xe8285120: ver 3 0 (tinfo 0xe8283620)
01-17 11:52:32.491  2599  2719 I SharedPreferencesProto: load shared preferences: file not found
01-17 11:52:32.503  2599  2720 I SharedPreferencesProto: load shared preferences: file not found
01-17 11:52:32.505  2599  2599 E ActivityThread: Failed to find provider info for com.google.android.voicesearch
01-17 11:52:32.508  2645  2645 I GservicesProvider: Gservices pushing to system: true; secure/global: true
01-17 11:52:32.538  1933  2520 E system_server: No package ID 7f found for ID 0x7f02019b.
01-17 11:52:32.538  1933  2520 E system_server: No package ID 7f found for ID 0x7f1303bf.
01-17 11:52:32.538  1933  2520 E system_server: No package ID 7f found for ID 0x7f1303bf.
01-17 11:52:32.538  1933  2520 E system_server: No package ID 7f found for ID 0x7f020197.
01-17 11:52:32.538  1933  2520 E system_server: No package ID 7f found for ID 0x7f1303bd.
01-17 11:52:32.538  1933  2520 E system_server: No package ID 7f found for ID 0x7f1303bd.
01-17 11:52:32.538  1933  2520 E system_server: No package ID 7f found for ID 0x7f020199.
01-17 11:52:32.538  1933  2520 E system_server: No package ID 7f found for ID 0x7f1303be.
01-17 11:52:32.538  1933  2520 E system_server: No package ID 7f found for ID 0x7f1303be.
01-17 11:52:32.541  2599  2719 E earchbox:searc: The String#value field is not present on Android versions >= 6.0
01-17 11:52:32.564  2599  2721 I OpaEligibilityChecker: send OpaEligibilityChange broadcast to CommonBroadcastReceiver
01-17 11:52:32.568  1933  1944 D PackageManager: Instant App installer not found with android.intent.action.INSTALL_INSTANT_APP_PACKAGE
01-17 11:52:32.568  1933  1944 D PackageManager: Clear ephemeral installer activity
01-17 11:52:32.569  1933  2593 D PackageManager: Instant App installer not found with android.intent.action.INSTALL_INSTANT_APP_PACKAGE
01-17 11:52:32.569  1933  2593 D PackageManager: Clear ephemeral installer activity
01-17 11:52:32.571  1933  2593 D PackageManager: Instant App installer not found with android.intent.action.INSTALL_INSTANT_APP_PACKAGE
01-17 11:52:32.571  1933  2593 D PackageManager: Clear ephemeral installer activity
01-17 11:52:32.605  2599  2599 I VelvetUpgradeTasks: Velvet upgraded from -1 to 300773408: running upgrade tasks.
01-17 11:52:32.606  2599  2599 I VelvetUpgradeTasks: System upgraded from null to PSR1.180720.122: running system upgrade tasks.
01-17 11:52:32.610  1933  2520 E system_server: No package ID 7f found for ID 0x7f0200c8.
01-17 11:52:32.610  1933  2520 E system_server: No package ID 7f found for ID 0x7f110160.
01-17 11:52:32.610  1933  2520 E system_server: No package ID 7f found for ID 0x7f11015f.
01-17 11:52:32.616  2599  2599 I BgTaskExecutorImpl: Starting NONEXCLUSIVE background task refresh_auth_tokens.
01-17 11:52:32.657  2735  2735 W ndroid.keychai: Unexpected CPU variant for X86 using defaults: x86
01-17 11:52:32.660  1933  1951 I ActivityManager: Start proc 2735:com.android.keychain/1000 for service com.android.keychain/.KeyChainService
01-17 11:52:32.660  2599  2623 I HotwordHelper: hasHotwordEverywhere-false
01-17 11:52:32.666  2524  2524 W KeyphraseEnrollmentInfo: No enrollment application supports the given keyphrase/locale: 'Ok Google'/en_US
01-17 11:52:32.666  2524  2524 I GsaVoiceInteractionSrv: Creating AOHD: Keyphrase - Ok Google, Locale - en-US/en-US
01-17 11:52:32.666  2524  2524 W KeyphraseEnrollmentInfo: No enrollment application supports the given keyphrase/locale: 'Ok Google'/en_US
01-17 11:52:32.670  1933  1951 I ActivityManager: Start proc 2751:com.google.android.partnersetup/u0a31 for content provider com.google.android.partnersetup/.RlzAppProvider
01-17 11:52:32.671  2751  2751 W id.partnersetu: Unexpected CPU variant for X86 using defaults: x86
01-17 11:52:32.675  2524  2524 W KeyphraseEnrollmentInfo: No enrollment application supports the given keyphrase/locale: 'X Google'/en_US
01-17 11:52:32.678  2735  2735 I ndroid.keychai: The ClassLoaderContext is a special shared library.
01-17 11:52:32.698  2751  2751 I id.partnersetu: The ClassLoaderContext is a special shared library.
01-17 11:52:32.698  2751  2751 I id.partnersetu: The ClassLoaderContext is a special shared library.
01-17 11:52:32.700  1933  2520 E system_server: No package ID 7f found for ID 0x7f020213.
01-17 11:52:32.700  1933  2520 E system_server: No package ID 7f found for ID 0x7f1101c9.
01-17 11:52:32.700  1933  2520 E system_server: No package ID 7f found for ID 0x7f1101c6.
01-17 11:52:32.700  1933  2520 E system_server: No package ID 7f found for ID 0x7f1101c6.
01-17 11:52:32.700  1933  2520 E system_server: No package ID 7f found for ID 0x7f020215.
01-17 11:52:32.700  1933  2520 E system_server: No package ID 7f found for ID 0x7f1101c7.
01-17 11:52:32.700  1933  2520 E system_server: No package ID 7f found for ID 0x7f1101c4.
01-17 11:52:32.700  1933  2520 E system_server: No package ID 7f found for ID 0x7f1101c4.
01-17 11:52:32.700  1933  2520 E system_server: No package ID 7f found for ID 0x7f020217.
01-17 11:52:32.700  1933  2520 E system_server: No package ID 7f found for ID 0x7f1101c8.
01-17 11:52:32.700  1933  2520 E system_server: No package ID 7f found for ID 0x7f1101c5.
01-17 11:52:32.700  1933  2520 E system_server: No package ID 7f found for ID 0x7f1101c5.
01-17 11:52:32.701  1933  2520 E system_server: No package ID 7f found for ID 0x7f02008c.
01-17 11:52:32.701  1933  2520 E system_server: No package ID 7f found for ID 0x7f120299.
01-17 11:52:32.701  1933  2520 E system_server: No package ID 7f found for ID 0x7f08006d.
01-17 11:52:32.701  1933  2520 E system_server: No package ID 7f found for ID 0x7f100215.
01-17 11:52:32.702  1933  2520 E system_server: No package ID 7f found for ID 0x7f020163.
01-17 11:52:32.702  1933  2520 E system_server: No package ID 7f found for ID 0x7f120487.
01-17 11:52:32.702  1933  2520 E system_server: No package ID 7f found for ID 0x7f120487.
01-17 11:52:32.702  1933  2520 E system_server: No package ID 7f found for ID 0x7f120486.
01-17 11:52:32.703  1933  2520 E system_server: No package ID 7f found for ID 0x7f07008d.
01-17 11:52:32.703  1933  2520 E system_server: No package ID 7f found for ID 0x7f10007f.
01-17 11:52:32.704  1933  2520 E system_server: No package ID 7f found for ID 0x7f0203f6.
01-17 11:52:32.704  1933  2520 E system_server: No package ID 7f found for ID 0x7f13080c.
01-17 11:52:32.704  1933  2520 E system_server: No package ID 7f found for ID 0x7f0203f8.
01-17 11:52:32.704  1933  2520 E system_server: No package ID 7f found for ID 0x7f13086b.
01-17 11:52:32.704  2599  2599 I BgTaskExecutorImpl: Starting NONEXCLUSIVE background task update_gservices_config.
01-17 11:52:32.704  1933  2520 E system_server: No package ID 7f found for ID 0x7f0203fa.
01-17 11:52:32.704  1933  2520 E system_server: No package ID 7f found for ID 0x7f1308b0.
01-17 11:52:32.706  2599  2599 W SessionLifecycleManager: Client : AttachedClient[11432196835111731, ClientConfig[mFlags=[default, headless, launch_external_voice_search_ui, support_transparent_background, legacy_leave_behind_dirty_session_fixme] mSuggestFlags=[0] mClientId=HOTWORD_SERVICE mSessionType=search]] has no associated SessionController
01-17 11:52:32.706  2599  2599 W SearchService: Abort, client detached.
01-17 11:52:32.706  2599  2599 W SearchService: Abort, client detached.
01-17 11:52:32.711  1933  1948 E GnssLocationProvider: no AGPS interface in set_agps_server
01-17 11:52:32.713  2599  2599 I MicroDetectionWorker: Initializing MicroDataManager InitializeType-1, isForced-false, isActivePhoneEnrollment-false isActiveGoogleHomeEnrollment-false
01-17 11:52:32.714  2599  2736 W Glide   : Failed to find GeneratedAppGlideModule. You should include an annotationProcessor compile dependency on com.github.bumptech.glide:compiler in your application and a @GlideModule annotated AppGlideModule implementation or LibraryGlideModules will be silently ignored
01-17 11:52:32.718  2202  2202 I SetupWizard: [PreDeferredLifecycleScheduler] Starting predeferred lifecycle
01-17 11:52:32.718  2202  2202 I SetupWizard: [ComponentLifecycleCallback] Enabling all components
01-17 11:52:32.719  2599  2599 I BgTaskExecutorImpl: Starting EXCLUSIVE background task fetch_opt_in_statuses.
01-17 11:52:32.719  1933  1945 D PackageManager: Instant App installer not found with android.intent.action.INSTALL_INSTANT_APP_PACKAGE
01-17 11:52:32.719  1933  1945 D PackageManager: Clear ephemeral installer activity
01-17 11:52:32.719  1933  1945 D PackageManager: Instant App installer not found with android.intent.action.INSTALL_INSTANT_APP_PACKAGE
01-17 11:52:32.719  1933  1945 D PackageManager: Clear ephemeral installer activity
01-17 11:52:32.721  1933  1945 D PackageManager: Instant App installer not found with android.intent.action.INSTALL_INSTANT_APP_PACKAGE
01-17 11:52:32.722  1933  1945 D PackageManager: Clear ephemeral installer activity
01-17 11:52:32.722  1933  1945 D PackageManager: Instant App installer not found with android.intent.action.INSTALL_INSTANT_APP_PACKAGE
01-17 11:52:32.722  1933  1945 D PackageManager: Clear ephemeral installer activity
01-17 11:52:32.723  1933  1945 D PackageManager: Instant App installer not found with android.intent.action.INSTALL_INSTANT_APP_PACKAGE
01-17 11:52:32.723  1933  1945 D PackageManager: Clear ephemeral installer activity
01-17 11:52:32.723  2599  2599 I BgTaskExecutorImpl: Starting EXCLUSIVE background task fetch_location_reporting_state.
01-17 11:52:32.723  1933  1945 D PackageManager: Instant App installer not found with android.intent.action.INSTALL_INSTANT_APP_PACKAGE
01-17 11:52:32.723  1933  1945 D PackageManager: Clear ephemeral installer activity
01-17 11:52:32.724  1933  1948 I GnssLocationProvider: WakeLock released by handleMessage(REPORT_SV_STATUS, 0, com.android.server.location.GnssLocationProvider$SvStatusInfo@5927e60)
01-17 11:52:32.724  1933  1945 D PackageManager: Instant App installer not found with android.intent.action.INSTALL_INSTANT_APP_PACKAGE
01-17 11:52:32.724  1933  1945 D PackageManager: Clear ephemeral installer activity
01-17 11:52:32.725  1933  1945 D PackageManager: Instant App installer not found with android.intent.action.INSTALL_INSTANT_APP_PACKAGE
01-17 11:52:32.725  1933  1945 D PackageManager: Clear ephemeral installer activity
01-17 11:52:32.725  1933  1945 D PackageManager: Instant App installer not found with android.intent.action.INSTALL_INSTANT_APP_PACKAGE
01-17 11:52:32.725  1933  1945 D PackageManager: Clear ephemeral installer activity
01-17 11:52:32.726  1933  1945 D PackageManager: Instant App installer not found with android.intent.action.INSTALL_INSTANT_APP_PACKAGE
01-17 11:52:32.726  1933  1945 D PackageManager: Clear ephemeral installer activity
01-17 11:52:32.726  1933  1948 E AutofillManagerServiceImpl: Bad AutofillService name: com.google.android.gms/.autofill.service.AutofillService
01-17 11:52:32.726  1933  1948 D AutofillManagerServiceImpl: Reset component for user 0 (com.google.android.gms/.autofill.service.AutofillService)
01-17 11:52:32.726  1933  1950 D AutofillUI: destroySaveUiUiThread(): already destroyed
01-17 11:52:32.726  1933  1948 E AutofillManagerServiceImpl: Bad AutofillService name: com.google.android.gms/.autofill.service.AutofillService
01-17 11:52:32.726  1933  1948 D AutofillManagerServiceImpl: Reset component for user 0 (com.google.android.gms/.autofill.service.AutofillService)
01-17 11:52:32.726  1933  1948 D FieldClassificationStrategy: reset(): service is not bound. Do nothing.
01-17 11:52:32.726  1933  1945 D PackageManager: Instant App installer not found with android.intent.action.INSTALL_INSTANT_APP_PACKAGE
01-17 11:52:32.726  1933  1945 D PackageManager: Clear ephemeral installer activity
01-17 11:52:32.726  1933  1945 D PackageManager: Instant App installer not found with android.intent.action.INSTALL_INSTANT_APP_PACKAGE
01-17 11:52:32.726  1933  1945 D PackageManager: Clear ephemeral installer activity
01-17 11:52:32.726  1933  1945 D PackageManager: Instant App installer not found with android.intent.action.INSTALL_INSTANT_APP_PACKAGE
01-17 11:52:32.726  1933  1945 D PackageManager: Clear ephemeral installer activity
01-17 11:52:32.727  1933  1945 D PackageManager: Instant App installer not found with android.intent.action.INSTALL_INSTANT_APP_PACKAGE
01-17 11:52:32.727  1933  1945 D PackageManager: Clear ephemeral installer activity
01-17 11:52:32.727  1933  1945 D PackageManager: Instant App installer not found with android.intent.action.INSTALL_INSTANT_APP_PACKAGE
01-17 11:52:32.727  1933  1945 D PackageManager: Clear ephemeral installer activity
01-17 11:52:32.727  2599  2721 I GservicesUpdateTask: Updating Gservices keys
01-17 11:52:32.728  1933  1944 D PackageManager: Instant App installer not found with android.intent.action.INSTALL_INSTANT_APP_PACKAGE
01-17 11:52:32.728  1933  1944 D PackageManager: Clear ephemeral installer activity
01-17 11:52:32.728  1933  1944 D PackageManager: Instant App installer not found with android.intent.action.INSTALL_INSTANT_APP_PACKAGE
01-17 11:52:32.728  1933  1944 D PackageManager: Clear ephemeral installer activity
01-17 11:52:32.728  1933  1944 D PackageManager: Instant App installer not found with android.intent.action.INSTALL_INSTANT_APP_PACKAGE
01-17 11:52:32.728  1933  1944 D PackageManager: Clear ephemeral installer activity
01-17 11:52:32.728  1933  1944 D PackageManager: Instant App installer not found with android.intent.action.INSTALL_INSTANT_APP_PACKAGE
01-17 11:52:32.728  1933  1944 D PackageManager: Clear ephemeral installer activity
01-17 11:52:32.728  1933  1944 D PackageManager: Instant App installer not found with android.intent.action.INSTALL_INSTANT_APP_PACKAGE
01-17 11:52:32.729  1933  1944 D PackageManager: Clear ephemeral installer activity
01-17 11:52:32.729  1933  1944 D PackageManager: Instant App installer not found with android.intent.action.INSTALL_INSTANT_APP_PACKAGE
01-17 11:52:32.729  1933  1944 D PackageManager: Clear ephemeral installer activity
01-17 11:52:32.729  1933  1944 D PackageManager: Instant App installer not found with android.intent.action.INSTALL_INSTANT_APP_PACKAGE
01-17 11:52:32.729  1933  1944 D PackageManager: Clear ephemeral installer activity
01-17 11:52:32.729  1933  1944 D PackageManager: Instant App installer not found with android.intent.action.INSTALL_INSTANT_APP_PACKAGE
01-17 11:52:32.729  1933  1944 D PackageManager: Clear ephemeral installer activity
01-17 11:52:32.730  1933  1944 D PackageManager: Instant App installer not found with android.intent.action.INSTALL_INSTANT_APP_PACKAGE
01-17 11:52:32.730  1933  1944 D PackageManager: Clear ephemeral installer activity
01-17 11:52:32.730  1933  1944 D PackageManager: Instant App installer not found with android.intent.action.INSTALL_INSTANT_APP_PACKAGE
01-17 11:52:32.730  1933  1944 D PackageManager: Clear ephemeral installer activity
01-17 11:52:32.730  1933  1944 D PackageManager: Instant App installer not found with android.intent.action.INSTALL_INSTANT_APP_PACKAGE
01-17 11:52:32.730  1933  1944 D PackageManager: Clear ephemeral installer activity
01-17 11:52:32.730  1933  1944 D PackageManager: Instant App installer not found with android.intent.action.INSTALL_INSTANT_APP_PACKAGE
01-17 11:52:32.730  1933  1944 D PackageManager: Clear ephemeral installer activity
01-17 11:52:32.731  1933  1944 D PackageManager: Instant App installer not found with android.intent.action.INSTALL_INSTANT_APP_PACKAGE
01-17 11:52:32.731  1933  1944 D PackageManager: Clear ephemeral installer activity
01-17 11:52:32.731  1933  1945 D PackageManager: Instant App installer not found with android.intent.action.INSTALL_INSTANT_APP_PACKAGE
01-17 11:52:32.731  1933  1945 D PackageManager: Clear ephemeral installer activity
01-17 11:52:32.731  1933  1944 D PackageManager: Instant App installer not found with android.intent.action.INSTALL_INSTANT_APP_PACKAGE
01-17 11:52:32.731  1933  1944 D PackageManager: Clear ephemeral installer activity
01-17 11:52:32.731  1933  1944 D PackageManager: Instant App installer not found with android.intent.action.INSTALL_INSTANT_APP_PACKAGE
01-17 11:52:32.731  1933  1944 D PackageManager: Clear ephemeral installer activity
01-17 11:52:32.731  1933  1944 D PackageManager: Instant App installer not found with android.intent.action.INSTALL_INSTANT_APP_PACKAGE
01-17 11:52:32.731  1933  1944 D PackageManager: Clear ephemeral installer activity
01-17 11:52:32.732  1933  1944 D PackageManager: Instant App installer not found with android.intent.action.INSTALL_INSTANT_APP_PACKAGE
01-17 11:52:32.732  1933  1944 D PackageManager: Clear ephemeral installer activity
01-17 11:52:32.732  1933  1944 D PackageManager: Instant App installer not found with android.intent.action.INSTALL_INSTANT_APP_PACKAGE
01-17 11:52:32.732  1933  1944 D PackageManager: Clear ephemeral installer activity
01-17 11:52:32.732  1933  1944 D PackageManager: Instant App installer not found with android.intent.action.INSTALL_INSTANT_APP_PACKAGE
01-17 11:52:32.732  1933  1944 D PackageManager: Clear ephemeral installer activity
01-17 11:52:32.733  2599  2599 W SearchService: Abort, client detached.
01-17 11:52:32.734  2599  2599 I chatty  : uid=10040 com.google.android.googlequicksearchbox:search identical 2 lines
01-17 11:52:32.734  2599  2599 W SearchService: Abort, client detached.
01-17 11:52:32.734  2599  2721 W GStaticConfiguration: No valid gstatic url found.
01-17 11:52:32.735  1933  1945 D PackageManager: Instant App installer not found with android.intent.action.INSTALL_INSTANT_APP_PACKAGE
01-17 11:52:32.735  1933  1945 D PackageManager: Clear ephemeral installer activity
01-17 11:52:32.735  1933  1945 D PackageManager: Instant App installer not found with android.intent.action.INSTALL_INSTANT_APP_PACKAGE
01-17 11:52:32.735  1933  1945 D PackageManager: Clear ephemeral installer activity
01-17 11:52:32.736  1933  1945 D PackageManager: Instant App installer not found with android.intent.action.INSTALL_INSTANT_APP_PACKAGE
01-17 11:52:32.736  1933  1945 D PackageManager: Clear ephemeral installer activity
01-17 11:52:32.736  1933  1944 D PackageManager: Instant App installer not found with android.intent.action.INSTALL_INSTANT_APP_PACKAGE
01-17 11:52:32.736  1933  1944 D PackageManager: Clear ephemeral installer activity
01-17 11:52:32.737  1933  1945 D PackageManager: Instant App installer not found with android.intent.action.INSTALL_INSTANT_APP_PACKAGE
01-17 11:52:32.737  1933  1945 D PackageManager: Clear ephemeral installer activity
01-17 11:52:32.737  1933  1945 D PackageManager: Instant App installer not found with android.intent.action.INSTALL_INSTANT_APP_PACKAGE
01-17 11:52:32.737  1933  1945 D PackageManager: Clear ephemeral installer activity
01-17 11:52:32.737  2599  2599 W SearchService: Abort, client detached.
01-17 11:52:32.737  1933  1945 D PackageManager: Instant App installer not found with android.intent.action.INSTALL_INSTANT_APP_PACKAGE
01-17 11:52:32.737  1933  1945 D PackageManager: Clear ephemeral installer activity
01-17 11:52:32.737  1933  1945 D PackageManager: Instant App installer not found with android.intent.action.INSTALL_INSTANT_APP_PACKAGE
01-17 11:52:32.737  1933  1945 D PackageManager: Clear ephemeral installer activity
01-17 11:52:32.737  1933  1944 D PackageManager: Instant App installer not found with android.intent.action.INSTALL_INSTANT_APP_PACKAGE
01-17 11:52:32.737  1933  1944 D PackageManager: Clear ephemeral installer activity
01-17 11:52:32.737  1933  1945 D PackageManager: Instant App installer not found with android.intent.action.INSTALL_INSTANT_APP_PACKAGE
01-17 11:52:32.737  1933  1945 D PackageManager: Clear ephemeral installer activity
01-17 11:52:32.737  2599  2599 I chatty  : uid=10040 com.google.android.googlequicksearchbox:search identical 3 lines
01-17 11:52:32.737  2599  2599 W SearchService: Abort, client detached.
01-17 11:52:32.740  2599  2721 I BgTaskExecutorImpl: Starting NONEXCLUSIVE background task refresh_auth_tokens.
01-17 11:52:32.740  1933  1945 D PackageManager: Instant App installer not found with android.intent.action.INSTALL_INSTANT_APP_PACKAGE
01-17 11:52:32.740  1933  1945 D PackageManager: Clear ephemeral installer activity
01-17 11:52:32.740  1933  1944 D PackageManager: Instant App installer not found with android.intent.action.INSTALL_INSTANT_APP_PACKAGE
01-17 11:52:32.740  1933  1944 D PackageManager: Clear ephemeral installer activity
01-17 11:52:32.741  1933  1944 D PackageManager: Instant App installer not found with android.intent.action.INSTALL_INSTANT_APP_PACKAGE
01-17 11:52:32.741  1933  1944 D PackageManager: Clear ephemeral installer activity
01-17 11:52:32.741  1933  1944 D PackageManager: Instant App installer not found with android.intent.action.INSTALL_INSTANT_APP_PACKAGE
01-17 11:52:32.741  1933  1944 D PackageManager: Clear ephemeral installer activity
01-17 11:52:32.741  1933  1944 D PackageManager: Instant App installer not found with android.intent.action.INSTALL_INSTANT_APP_PACKAGE
01-17 11:52:32.741  1933  1944 D PackageManager: Clear ephemeral installer activity
01-17 11:52:32.741  1933  1944 D PackageManager: Instant App installer not found with android.intent.action.INSTALL_INSTANT_APP_PACKAGE
01-17 11:52:32.741  1933  1944 D PackageManager: Clear ephemeral installer activity
01-17 11:52:32.741  1933  1944 D PackageManager: Instant App installer not found with android.intent.action.INSTALL_INSTANT_APP_PACKAGE
01-17 11:52:32.741  1933  1944 D PackageManager: Clear ephemeral installer activity
01-17 11:52:32.741  1933  1944 D PackageManager: Instant App installer not found with android.intent.action.INSTALL_INSTANT_APP_PACKAGE
01-17 11:52:32.741  1933  1944 D PackageManager: Clear ephemeral installer activity
01-17 11:52:32.741  1933  1944 D PackageManager: Instant App installer not found with android.intent.action.INSTALL_INSTANT_APP_PACKAGE
01-17 11:52:32.741  1933  1944 D PackageManager: Clear ephemeral installer activity
01-17 11:52:32.741  1933  1944 D PackageManager: Instant App installer not found with android.intent.action.INSTALL_INSTANT_APP_PACKAGE
01-17 11:52:32.741  1933  1944 D PackageManager: Clear ephemeral installer activity
01-17 11:52:32.742  1933  1944 D PackageManager: Instant App installer not found with android.intent.action.INSTALL_INSTANT_APP_PACKAGE
01-17 11:52:32.742  1933  1944 D PackageManager: Clear ephemeral installer activity
01-17 11:52:32.743  1933  1944 D PackageManager: Instant App installer not found with android.intent.action.INSTALL_INSTANT_APP_PACKAGE
01-17 11:52:32.743  1933  1944 D PackageManager: Clear ephemeral installer activity
01-17 11:52:32.743  1933  1944 D PackageManager: Instant App installer not found with android.intent.action.INSTALL_INSTANT_APP_PACKAGE
01-17 11:52:32.743  1933  1944 D PackageManager: Clear ephemeral installer activity
01-17 11:52:32.743  1933  1944 D PackageManager: Instant App installer not found with android.intent.action.INSTALL_INSTANT_APP_PACKAGE
01-17 11:52:32.743  1933  1944 D PackageManager: Clear ephemeral installer activity
01-17 11:52:32.744  1933  1944 D PackageManager: Instant App installer not found with android.intent.action.INSTALL_INSTANT_APP_PACKAGE
01-17 11:52:32.744  2599  2599 W SearchService: Abort, client detached.
01-17 11:52:32.744  1933  1944 D PackageManager: Clear ephemeral installer activity
01-17 11:52:32.744  1933  1945 D PackageManager: Instant App installer not found with android.intent.action.INSTALL_INSTANT_APP_PACKAGE
01-17 11:52:32.745  1933  1945 D PackageManager: Clear ephemeral installer activity
01-17 11:52:32.745  1933  1945 D PackageManager: Instant App installer not found with android.intent.action.INSTALL_INSTANT_APP_PACKAGE
01-17 11:52:32.745  1933  1945 D PackageManager: Clear ephemeral installer activity
01-17 11:52:32.745  1933  1945 D PackageManager: Instant App installer not found with android.intent.action.INSTALL_INSTANT_APP_PACKAGE
01-17 11:52:32.745  1933  1945 D PackageManager: Clear ephemeral installer activity
01-17 11:52:32.745  1933  1945 D PackageManager: Instant App installer not found with android.intent.action.INSTALL_INSTANT_APP_PACKAGE
01-17 11:52:32.745  1933  1945 D PackageManager: Clear ephemeral installer activity
01-17 11:52:32.746  1933  1945 D PackageManager: Instant App installer not found with android.intent.action.INSTALL_INSTANT_APP_PACKAGE
01-17 11:52:32.746  2599  2599 I BgTaskExecutorImpl: Starting EXCLUSIVE background task send_gsa_home_request.
01-17 11:52:32.746  1933  1945 D PackageManager: Clear ephemeral installer activity
01-17 11:52:32.747  1933  1944 D PackageManager: Instant App installer not found with android.intent.action.INSTALL_INSTANT_APP_PACKAGE
01-17 11:52:32.747  1933  1944 D PackageManager: Clear ephemeral installer activity
01-17 11:52:32.747  1933  1944 D PackageManager: Instant App installer not found with android.intent.action.INSTALL_INSTANT_APP_PACKAGE
01-17 11:52:32.747  1933  1944 D PackageManager: Clear ephemeral installer activity
01-17 11:52:32.747  1933  1944 D PackageManager: Instant App installer not found with android.intent.action.INSTALL_INSTANT_APP_PACKAGE
01-17 11:52:32.747  1933  1944 D PackageManager: Clear ephemeral installer activity
01-17 11:52:32.747  1933  1944 D PackageManager: Instant App installer not found with android.intent.action.INSTALL_INSTANT_APP_PACKAGE
01-17 11:52:32.747  1933  1944 D PackageManager: Clear ephemeral installer activity
01-17 11:52:32.747  1933  1944 D PackageManager: Instant App installer not found with android.intent.action.INSTALL_INSTANT_APP_PACKAGE
01-17 11:52:32.747  1933  1944 D PackageManager: Clear ephemeral installer activity
01-17 11:52:32.748  1933  1944 D PackageManager: Instant App installer not found with android.intent.action.INSTALL_INSTANT_APP_PACKAGE
01-17 11:52:32.748  1933  1944 D PackageManager: Clear ephemeral installer activity
01-17 11:52:32.748  1933  1944 D PackageManager: Instant App installer not found with android.intent.action.INSTALL_INSTANT_APP_PACKAGE
01-17 11:52:32.748  1933  1944 D PackageManager: Clear ephemeral installer activity
01-17 11:52:32.748  1933  1944 D PackageManager: Instant App installer not found with android.intent.action.INSTALL_INSTANT_APP_PACKAGE
01-17 11:52:32.748  1933  1944 D PackageManager: Clear ephemeral installer activity
01-17 11:52:32.748  1933  1944 D PackageManager: Instant App installer not found with android.intent.action.INSTALL_INSTANT_APP_PACKAGE
01-17 11:52:32.748  1933  1944 D PackageManager: Clear ephemeral installer activity
01-17 11:52:32.748  1933  1944 D PackageManager: Instant App installer not found with android.intent.action.INSTALL_INSTANT_APP_PACKAGE
01-17 11:52:32.748  1933  1944 D PackageManager: Clear ephemeral installer activity
01-17 11:52:32.748  1933  1944 D PackageManager: Instant App installer not found with android.intent.action.INSTALL_INSTANT_APP_PACKAGE
01-17 11:52:32.748  1933  1944 D PackageManager: Clear ephemeral installer activity
01-17 11:52:32.749  1933  1944 D PackageManager: Instant App installer not found with android.intent.action.INSTALL_INSTANT_APP_PACKAGE
01-17 11:52:32.749  1933  1944 D PackageManager: Clear ephemeral installer activity
01-17 11:52:32.749  1933  1944 D PackageManager: Instant App installer not found with android.intent.action.INSTALL_INSTANT_APP_PACKAGE
01-17 11:52:32.749  1933  1944 D PackageManager: Clear ephemeral installer activity
01-17 11:52:32.750  1933  1944 D PackageManager: Instant App installer not found with android.intent.action.INSTALL_INSTANT_APP_PACKAGE
01-17 11:52:32.750  1933  1944 D PackageManager: Clear ephemeral installer activity
01-17 11:52:32.750  1933  1944 D PackageManager: Instant App installer not found with android.intent.action.INSTALL_INSTANT_APP_PACKAGE
01-17 11:52:32.750  1933  1944 D PackageManager: Clear ephemeral installer activity
01-17 11:52:32.750  1933  1944 D PackageManager: Instant App installer not found with android.intent.action.INSTALL_INSTANT_APP_PACKAGE
01-17 11:52:32.750  1933  1944 D PackageManager: Clear ephemeral installer activity
01-17 11:52:32.750  1933  1944 D PackageManager: Instant App installer not found with android.intent.action.INSTALL_INSTANT_APP_PACKAGE
01-17 11:52:32.750  1933  1944 D PackageManager: Clear ephemeral installer activity
01-17 11:52:32.751  1933  1944 D PackageManager: Instant App installer not found with android.intent.action.INSTALL_INSTANT_APP_PACKAGE
01-17 11:52:32.751  1933  1944 D PackageManager: Clear ephemeral installer activity
01-17 11:52:32.751  1933  1944 D PackageManager: Instant App installer not found with android.intent.action.INSTALL_INSTANT_APP_PACKAGE
01-17 11:52:32.751  1933  1944 D PackageManager: Clear ephemeral installer activity
01-17 11:52:32.751  1933  1944 D PackageManager: Instant App installer not found with android.intent.action.INSTALL_INSTANT_APP_PACKAGE
01-17 11:52:32.752  1933  1944 D PackageManager: Clear ephemeral installer activity
01-17 11:52:32.752  1933  1944 D PackageManager: Instant App installer not found with android.intent.action.INSTALL_INSTANT_APP_PACKAGE
01-17 11:52:32.752  1933  1944 D PackageManager: Clear ephemeral installer activity
01-17 11:52:32.756  2599  2599 W SearchService: Abort, client detached.
01-17 11:52:32.759  2599  2599 I BgTaskExecutorImpl: Starting EXCLUSIVE background task predictive_card_preferences_sync.
01-17 11:52:32.761  2599  2599 I BgTaskExecutorImpl: Starting EXCLUSIVE background task refresh_now_configuration.
01-17 11:52:32.764  1933  2582 D PackageManager: Instant App installer not found with android.intent.action.INSTALL_INSTANT_APP_PACKAGE
01-17 11:52:32.764  1933  2582 D PackageManager: Clear ephemeral installer activity
01-17 11:52:32.769  2202  2202 I SetupWizard: [PreDeferredServiceScheduler] Scheduled job#2651 to run
01-17 11:52:32.776  2599  2599 W SearchService: Abort, client detached.
01-17 11:52:32.777  2599  2599 I chatty  : uid=10040 com.google.android.googlequicksearchbox:search identical 5 lines
01-17 11:52:32.777  2599  2599 W SearchService: Abort, client detached.
01-17 11:52:32.779  2599  2599 I BgTaskExecutorImpl: Starting EXCLUSIVE background task sync_gel_prefs.
01-17 11:52:32.786  2599  2599 I BgTaskExecutorImpl: Starting EXCLUSIVE background task silent_speakerid_enrollment.
01-17 11:52:32.797  2599  2783 I HotwordSilentEnrollment: Executing HotwordSilentEnrollment
01-17 11:52:32.799  2599  2599 W SearchService: Abort, client detached.
01-17 11:52:32.800  2599  2599 I chatty  : uid=10040 com.google.android.googlequicksearchbox:search identical 5 lines
01-17 11:52:32.800  2599  2599 W SearchService: Abort, client detached.
01-17 11:52:32.806  2599  2599 I BgTaskExecutorImpl: Starting EXCLUSIVE background task velour_background_maintenance.
01-17 11:52:32.817  2599  2599 W SearchService: Abort, client detached.
01-17 11:52:32.817  2599  2599 I chatty  : uid=10040 com.google.android.googlequicksearchbox:search identical 1 line
01-17 11:52:32.817  2599  2599 W SearchService: Abort, client detached.
01-17 11:52:32.827  2098  2098 I vol.Events: writeEvent dismiss_dialog timeout
01-17 11:52:32.837  2599  2727 I cr_CronetLibraryLoader: Cronet version: 67.0.3396.11, arch: i686
01-17 11:52:32.861  2799  2799 W putmethod.lati: Unexpected CPU variant for X86 using defaults: x86
01-17 11:52:32.866  1933  1951 I ActivityManager: Start proc 2799:com.google.android.inputmethod.latin/u0a82 for service com.google.android.inputmethod.latin/com.android.inputmethod.latin.LatinIME
01-17 11:52:32.880  2799  2799 I putmethod.lati: The ClassLoaderContext is a special shared library.
01-17 11:52:32.881  2799  2799 I putmethod.lati: The ClassLoaderContext is a special shared library.
01-17 11:52:32.886  2799  2799 I InputContentProvider: Created InputContentProvider: exported=[false]
01-17 11:52:32.902  2799  2799 I TransientFileCleaner: Deleting 0 files
01-17 11:52:32.902  2799  2799 I TransientFileCleaner: Deleting 0 files
01-17 11:52:32.904  2799  2799 I ModuleManager: Key 'module:com.google.android.apps.inputmethod.libs.search.IUniversalMediaExtension' has value 'res/xml/extension_universal_media.xml'
01-17 11:52:32.907  2555  2555 W Settings: Setting install_non_market_apps has moved from android.provider.Settings.Global to android.provider.Settings.Secure, value is unchanged.
01-17 11:52:32.908  1933  2582 D PackageManager: Instant App installer not found with android.intent.action.INSTALL_INSTANT_APP_PACKAGE
01-17 11:52:32.908  1933  2582 D PackageManager: Clear ephemeral installer activity
01-17 11:52:32.908  1933  1962 I ActivityManager: Killing 2555:com.google.android.sdksetup/u0a21 (adj 0): change com.google.android.sdksetup
01-17 11:52:32.908  1933  1952 W libprocessgroup: kill(-2555, 9) failed: No such process
01-17 11:52:32.912  1933  1962 I ActivityManager:   Force finishing activity ActivityRecord{f139a6a u0 com.google.android.sdksetup/.DefaultActivity t4}
