01-17 15:40:49.113  1926  1926 I zygote  : WaitForGcToComplete blocked Explicit on None for 11.185ms
01-17 15:40:49.140  1926  1926 I zygote  : Explicit concurrent copying GC freed 2233(93KB) AllocSpace objects, 0(0B) LOS objects, 72% free, 2MB/8MB, paused 10us total 26.985ms
01-17 15:40:49.149  1926  1926 I zygote  : Explicit concurrent copying GC freed 1055(76KB) AllocSpace objects, 0(0B) LOS objects, 73% free, 2MB/8MB, paused 8us total 7.745ms
01-17 15:40:49.149  1926  1926 D Zygote32Timing: PostZygoteInitGC took to complete: 47ms
01-17 15:40:49.149  1926  1926 D Zygote32Timing: ZygoteInit took to complete: 4731ms
01-17 15:40:49.207  1926  1926 I Zygote  : System server process 1978 has been created
01-17 15:40:49.218  1926  1926 I Zygote  : Accepting command socket connections
01-17 15:40:49.419  1978  1978 I system_server: The ClassLoaderContext is a special shared library.
01-17 15:40:49.695  1978  1978 I chatty  : uid=1000 system_server expire 10 lines
01-17 15:40:49.468  1978  1978 I chatty  : uid=1000 system_server identical 2 lines
01-17 15:40:49.481  1978  1978 I system_server: The ClassLoaderContext is a special shared library.
01-17 15:40:50.457  1978  1978 E UsbAlsaJackDetectorJNI: Can't register UsbAlsaJackDetector native methods
01-17 15:40:50.650  1978  1991 I chatty  : uid=1000 system_server expire 1 line
01-17 15:40:50.656  1767  1793 D installd: Found quota mount /dev/block/dm-0 at /data
01-17 15:40:50.657  1978  1978 I chatty  : uid=1000 system_server expire 8 lines
01-17 15:40:51.061  1978  1991 I chatty  : uid=1000 system_server expire 1 line
01-17 15:40:51.143  1978  1997 E BluetoothAdapter: Bluetooth binder is null
01-17 15:40:51.173  1572  1572 W hwservicemanager: getTransport: Cannot find entry android.hardware.memtrack@1.0::IMemtrack/default in either framework or device manifest.
01-17 15:40:51.173  1978  1978 E memtrack: Couldn't load memtrack module
01-17 15:40:51.173  1978  1978 W android.os.Debug: failed to get memory consumption info: -1
01-17 15:40:51.178  1978  1997 I chatty  : uid=1000(system) batterystats-wo expire 2 lines
01-17 15:40:51.207  1978  1978 I chatty  : uid=1000 system_server expire 1 line
01-17 15:40:51.236  1978  1997 I chatty  : uid=1000(system) batterystats-wo expire 4 lines
01-17 15:40:51.240  1978  1997 I PowerManagerService-JNI: Loaded power HAL 1.0 service
01-17 15:40:51.240  1978  1997 I PowerManagerService-JNI: Loaded power HAL 1.1 service
01-17 15:40:51.428  1978  1978 I chatty  : uid=1000 system_server expire 22 lines
01-17 15:40:51.506  1978  1978 W libprocessgroup: Failed to remove /acct/uid_0/pid_1190: Device or resource busy
01-17 15:40:51.506  1978  1978 W libprocessgroup: Failed to remove /acct/uid_0/pid_1576: Device or resource busy
01-17 15:40:51.507  1978  1978 W libprocessgroup: Failed to remove /acct/uid_0/pid_1625: Device or resource busy
01-17 15:40:51.507  1978  1978 W libprocessgroup: Failed to remove /acct/uid_0/pid_1644: Device or resource busy
01-17 15:40:51.507  1978  1978 W libprocessgroup: Failed to remove /acct/uid_0/pid_1646: Device or resource busy
01-17 15:40:51.507  1978  1978 W libprocessgroup: Failed to remove /acct/uid_0/pid_1652: Device or resource busy
01-17 15:40:51.507  1978  1978 W libprocessgroup: Failed to remove /acct/uid_0/pid_1767: Device or resource busy
01-17 15:40:51.507  1978  1978 W libprocessgroup: Failed to remove /acct/uid_0/pid_1775: Device or resource busy
01-17 15:40:51.507  1978  1978 W libprocessgroup: Failed to remove /acct/uid_0/pid_1787: Device or resource busy
01-17 15:40:51.507  1978  1978 W libprocessgroup: Failed to remove /acct/uid_0/pid_1789: Device or resource busy
01-17 15:40:51.507  1978  1978 W libprocessgroup: Failed to remove /acct/uid_0/pid_1878: Device or resource busy
01-17 15:40:51.507  1978  1978 W libprocessgroup: Failed to remove /acct/uid_0/pid_1906: Device or resource busy
01-17 15:40:51.507  1978  1978 W libprocessgroup: Failed to remove /acct/uid_0/pid_1915: Device or resource busy
01-17 15:40:51.507  1978  1978 W libprocessgroup: Failed to remove /acct/uid_0/pid_1918: Device or resource busy
01-17 15:40:51.507  1978  1978 W libprocessgroup: Failed to remove /acct/uid_0/pid_1920: Device or resource busy
01-17 15:40:51.507  1978  1978 W libprocessgroup: Failed to remove /acct/uid_0/pid_1926: Device or resource busy
01-17 15:40:51.507  1978  1978 W libprocessgroup: Failed to remove /acct/uid_0/pid_1929: Device or resource busy
01-17 15:40:51.507  1978  1978 W libprocessgroup: Failed to remove /acct/uid_0: Permission denied
01-17 15:40:51.507  1978  1978 W libprocessgroup: Failed to remove /acct/uid_1000/pid_1571: Device or resource busy
01-17 15:40:51.507  1978  1978 W libprocessgroup: Failed to remove /acct/uid_1000/pid_1572: Device or resource busy
01-17 15:40:51.507  1978  1978 W libprocessgroup: Failed to remove /acct/uid_1000/pid_1573: Device or resource busy
01-17 15:40:51.507  1978  1978 W libprocessgroup: Failed to remove /acct/uid_1000/pid_1575: Device or resource busy
01-17 15:40:51.507  1978  1978 W libprocessgroup: Failed to remove /acct/uid_1000/pid_1624: Device or resource busy
01-17 15:40:51.507  1978  1978 W libprocessgroup: Failed to remove /acct/uid_1000/pid_1626: Device or resource busy
01-17 15:40:51.507  1978  1978 W libprocessgroup: Failed to remove /acct/uid_1000/pid_1631: Device or resource busy
01-17 15:40:51.507  1978  1978 W libprocessgroup: Failed to remove /acct/uid_1000/pid_1635: Device or resource busy
01-17 15:40:51.507  1978  1978 W libprocessgroup: Failed to remove /acct/uid_1000/pid_1637: Device or resource busy
01-17 15:40:51.507  1978  1978 W libprocessgroup: Failed to remove /acct/uid_1000/pid_1639: Device or resource busy
01-17 15:40:51.507  1978  1978 W libprocessgroup: Failed to remove /acct/uid_1000/pid_1640: Device or resource busy
01-17 15:40:51.507  1978  1978 W libprocessgroup: Failed to remove /acct/uid_1000/pid_1641: Device or resource busy
01-17 15:40:51.507  1978  1978 W libprocessgroup: Failed to remove /acct/uid_1000/pid_1648: Device or resource busy
01-17 15:40:51.507  1978  1978 W libprocessgroup: Failed to remove /acct/uid_1000/pid_1788: Device or resource busy
01-17 15:40:51.507  1978  1978 W libprocessgroup: Failed to remove /acct/uid_1000/pid_1795: Device or resource busy
01-17 15:40:51.507  1978  1978 W libprocessgroup: Failed to remove /acct/uid_1000/pid_1798: Device or resource busy
01-17 15:40:51.507  1978  1978 W libprocessgroup: Failed to remove /acct/uid_1000/pid_1925: Device or resource busy
01-17 15:40:51.507  1978  1978 W libprocessgroup: Failed to remove /acct/uid_1000: Permission denied
01-17 15:40:51.507  1978  1978 W libprocessgroup: Failed to remove /acct/uid_1001/pid_1783: Device or resource busy
01-17 15:40:51.507  1978  1978 W libprocessgroup: Failed to remove /acct/uid_1001: Permission denied
01-17 15:40:51.507  1978  1978 W libprocessgroup: Failed to remove /acct/uid_1003/pid_1941: Device or resource busy
01-17 15:40:51.507  1978  1978 W libprocessgroup: Failed to remove /acct/uid_1003: Permission denied
01-17 15:40:51.507  1978  1978 W libprocessgroup: Failed to remove /acct/uid_1010/pid_1642: Device or resource busy
01-17 15:40:51.507  1978  1978 W libprocessgroup: Failed to remove /acct/uid_1010/pid_1930: Device or resource busy
01-17 15:40:51.508  1978  1978 W libprocessgroup: Failed to remove /acct/uid_1010: Permission denied
01-17 15:40:51.508  1978  1978 W libprocessgroup: Failed to remove /acct/uid_1013/pid_1630: Device or resource busy
01-17 15:40:51.508  1978  1978 W libprocessgroup: Failed to remove /acct/uid_1013/pid_1632: Device or resource busy
01-17 15:40:51.508  1978  1978 W libprocessgroup: Failed to remove /acct/uid_1013/pid_1633: Device or resource busy
01-17 15:40:51.508  1978  1978 W libprocessgroup: Failed to remove /acct/uid_1013/pid_1634: Device or resource busy
01-17 15:40:51.508  1978  1978 W libprocessgroup: Failed to remove /acct/uid_1013/pid_1769: Device or resource busy
01-17 15:40:51.508  1978  1978 W libprocessgroup: Failed to remove /acct/uid_1013/pid_1771: Device or resource busy
01-17 15:40:51.508  1978  1978 W libprocessgroup: Failed to remove /acct/uid_1013/pid_1928: Device or resource busy
01-17 15:40:51.508  1978  1978 W libprocessgroup: Failed to remove /acct/uid_1013: Permission denied
01-17 15:40:51.508  1978  1978 W libprocessgroup: Failed to remove /acct/uid_1017/pid_1768: Device or resource busy
01-17 15:40:51.508  1978  1978 W libprocessgroup: Failed to remove /acct/uid_1017: Permission denied
01-17 15:40:51.508  1978  1978 W libprocessgroup: Failed to remove /acct/uid_1019/pid_1765: Device or resource busy
01-17 15:40:51.508  1978  1978 W libprocessgroup: Failed to remove /acct/uid_1019: Permission denied
01-17 15:40:51.508  1978  1978 W libprocessgroup: Failed to remove /acct/uid_1021/pid_1636: Device or resource busy
01-17 15:40:51.508  1978  1978 W libprocessgroup: Failed to remove /acct/uid_1021: Permission denied
01-17 15:40:51.508  1978  1978 W libprocessgroup: Failed to remove /acct/uid_1036/pid_1570: Device or resource busy
01-17 15:40:51.508  1978  1978 W libprocessgroup: Failed to remove /acct/uid_1036/pid_1649: Device or resource busy
01-17 15:40:51.508  1978  1978 W libprocessgroup: Failed to remove /acct/uid_1036: Permission denied
01-17 15:40:51.508  1978  1978 W libprocessgroup: Failed to remove /acct/uid_1040/pid_1770: Device or resource busy
01-17 15:40:51.508  1978  1978 W libprocessgroup: Failed to remove /acct/uid_1040: Permission denied
01-17 15:40:51.508  1978  1978 W libprocessgroup: Failed to remove /acct/uid_1041/pid_1628: Device or resource busy
01-17 15:40:51.508  1978  1978 W libprocessgroup: Failed to remove /acct/uid_1041/pid_1826: Device or resource busy
01-17 15:40:51.508  1978  1978 W libprocessgroup: Failed to remove /acct/uid_1041/pid_1827: Device or resource busy
01-17 15:40:51.508  1978  1978 W libprocessgroup: Failed to remove /acct/uid_1041: Permission denied
01-17 15:40:51.508  1978  1978 W libprocessgroup: Failed to remove /acct/uid_1046/pid_1782: Device or resource busy
01-17 15:40:51.508  1978  1978 W libprocessgroup: Failed to remove /acct/uid_1046: Permission denied
01-17 15:40:51.508  1978  1978 W libprocessgroup: Failed to remove /acct/uid_1047/pid_1629: Device or resource busy
01-17 15:40:51.508  1978  1978 W libprocessgroup: Failed to remove /acct/uid_1047/pid_1927: Device or resource busy
01-17 15:40:51.508  1978  1978 W libprocessgroup: Failed to remove /acct/uid_1047: Permission denied
01-17 15:40:51.508  1978  1978 W libprocessgroup: Failed to remove /acct/uid_1058/pid_1790: Device or resource busy
01-17 15:40:51.508  1978  1978 W libprocessgroup: Failed to remove /acct/uid_1058: Permission denied
01-17 15:40:51.508  1978  1978 W libprocessgroup: Failed to remove /acct/uid_1066/pid_1774: Device or resource busy
01-17 15:40:51.508  1978  1978 W libprocessgroup: Failed to remove /acct/uid_1066: Permission denied
01-17 15:40:51.508  1978  1978 W libprocessgroup: Failed to remove /acct/uid_1067/pid_1766: Device or resource busy
01-17 15:40:51.508  1978  1978 W libprocessgroup: Failed to remove /acct/uid_1067: Permission denied
01-17 15:40:51.508  1978  1978 W libprocessgroup: Failed to remove /acct/uid_2000/pid_1651: Device or resource busy
01-17 15:40:51.508  1978  1978 W libprocessgroup: Failed to remove /acct/uid_2000: Permission denied
01-17 15:40:51.771  1925  1951 E SurfaceFlinger: ro.sf.lcd_density must be defined as a build property
01-17 15:40:51.774  1978  2001 I chatty  : uid=1000(system) android.display expire 2 lines
01-17 15:40:51.840  1925  1925 D SurfaceFlinger: Set power mode=2, type=0 flinger=0xedac6000
01-17 15:40:51.843  1572  1572 W hwservicemanager: getTransport: Cannot find entry android.hardware.light@2.0::ILight/default in either framework or device manifest.
01-17 15:40:51.843  1978  2001 E LightsService: Unable to get ILight interface.
01-17 15:40:51.844  1978  1978 I chatty  : uid=1000 system_server expire 4 lines
01-17 15:40:51.844  1978  2001 W StrictMode: No activity manager; failed to Dropbox violation.
01-17 15:40:51.864  1978  2001 I chatty  : uid=1000(system) android.display expire 1 line
01-17 15:40:52.182  1978  1978 I chatty  : uid=1000 system_server expire 15 lines
01-17 15:40:51.845  1978  2001 I chatty  : uid=1000(system) android.display identical 2 lines
01-17 15:40:51.847  1978  2001 W StrictMode: No activity manager; failed to Dropbox violation.
01-17 15:40:52.204  1978  1978 D FallbackCategoryProvider: Found 387 fallback categories
01-17 15:40:52.335  1978  1978 D PackageManager: No files in app dir /product/overlay
01-17 15:40:52.512  1978  1978 I PackageManager: New shared user android.media: id=10005
01-17 15:40:52.623  1978  2017 I chatty  : uid=1000 system_server expire 1 line
01-17 15:40:52.665  1978  1978 I chatty  : uid=1000 system_server expire 3 lines
01-17 15:40:52.747  1978  2016 I chatty  : uid=1000 system_server expire 1 line
01-17 15:40:52.748  1978  1978 I PackageManager: New shared user com.android.emergency.uid: id=10009
01-17 15:40:52.749  1978  1978 I chatty  : uid=1000 system_server expire 1 line
01-17 15:40:52.799  1978  2015 I chatty  : uid=1000 system_server expire 2 lines
01-17 15:40:52.803  1978  1978 I chatty  : uid=1000 system_server expire 2 lines
01-17 15:40:52.811  1978  2018 I chatty  : uid=1000 system_server expire 2 lines
01-17 15:40:52.895  1978  1978 I chatty  : uid=1000 system_server expire 6 lines
01-17 15:40:52.928  1978  1978 I PackageManager: New shared user com.google.uid.shared: id=10012
01-17 15:40:53.090  1978  2015 I chatty  : uid=1000 system_server expire 4 lines
01-17 15:40:53.093  1978  1978 I chatty  : uid=1000 system_server expire 11 lines
01-17 15:40:53.324  1978  2018 I chatty  : uid=1000 system_server expire 2 lines
01-17 15:40:53.567  1978  2016 I chatty  : uid=1000 system_server expire 117 lines
01-17 15:40:53.571  1978  2016 W PackageParser: Unknown element under <manifest>: attribution at /system/priv-app/PrebuiltGmsCore/PrebuiltGmsCore.apk Binary XML file line #122
01-17 15:40:53.571  1978  2016 W PackageParser: Unknown element under <manifest>: attribution at /system/priv-app/PrebuiltGmsCore/PrebuiltGmsCore.apk Binary XML file line #123
01-17 15:40:53.571  1978  2016 W PackageParser: Unknown element under <manifest>: attribution at /system/priv-app/PrebuiltGmsCore/PrebuiltGmsCore.apk Binary XML file line #124
01-17 15:40:53.571  1978  2016 W PackageParser: Unknown element under <manifest>: attribution at /system/priv-app/PrebuiltGmsCore/PrebuiltGmsCore.apk Binary XML file line #125
01-17 15:40:53.571  1978  2016 W PackageParser: Unknown element under <manifest>: attribution at /system/priv-app/PrebuiltGmsCore/PrebuiltGmsCore.apk Binary XML file line #126
01-17 15:40:53.571  1978  2016 W PackageParser: Unknown element under <manifest>: attribution at /system/priv-app/PrebuiltGmsCore/PrebuiltGmsCore.apk Binary XML file line #127
01-17 15:40:53.571  1978  2016 W PackageParser: Unknown element under <manifest>: attribution at /system/priv-app/PrebuiltGmsCore/PrebuiltGmsCore.apk Binary XML file line #128
01-17 15:40:53.571  1978  2016 W PackageParser: Unknown element under <manifest>: attribution at /system/priv-app/PrebuiltGmsCore/PrebuiltGmsCore.apk Binary XML file line #129
01-17 15:40:53.571  1978  2016 W PackageParser: Unknown element under <manifest>: attribution at /system/priv-app/PrebuiltGmsCore/PrebuiltGmsCore.apk Binary XML file line #130
01-17 15:40:53.571  1978  2016 W PackageParser: Unknown element under <manifest>: attribution at /system/priv-app/PrebuiltGmsCore/PrebuiltGmsCore.apk Binary XML file line #131
01-17 15:40:53.571  1978  2016 W PackageParser: Unknown element under <manifest>: attribution at /system/priv-app/PrebuiltGmsCore/PrebuiltGmsCore.apk Binary XML file line #132
01-17 15:40:53.571  1978  2016 W PackageParser: Unknown element under <manifest>: attribution at /system/priv-app/PrebuiltGmsCore/PrebuiltGmsCore.apk Binary XML file line #133
01-17 15:40:53.572  1978  2016 W PackageParser: Unknown element under <manifest>: attribution at /system/priv-app/PrebuiltGmsCore/PrebuiltGmsCore.apk Binary XML file line #134
01-17 15:40:53.572  1978  2016 W PackageParser: Unknown element under <manifest>: attribution at /system/priv-app/PrebuiltGmsCore/PrebuiltGmsCore.apk Binary XML file line #135
01-17 15:40:53.572  1978  2016 W PackageParser: Unknown element under <manifest>: attribution at /system/priv-app/PrebuiltGmsCore/PrebuiltGmsCore.apk Binary XML file line #136
01-17 15:40:53.572  1978  2016 W PackageParser: Unknown element under <manifest>: attribution at /system/priv-app/PrebuiltGmsCore/PrebuiltGmsCore.apk Binary XML file line #137
01-17 15:40:53.572  1978  2016 W PackageParser: Unknown element under <manifest>: attribution at /system/priv-app/PrebuiltGmsCore/PrebuiltGmsCore.apk Binary XML file line #138
01-17 15:40:53.572  1978  2016 W PackageParser: Unknown element under <manifest>: attribution at /system/priv-app/PrebuiltGmsCore/PrebuiltGmsCore.apk Binary XML file line #139
01-17 15:40:53.572  1978  2016 W PackageParser: Unknown element under <manifest>: attribution at /system/priv-app/PrebuiltGmsCore/PrebuiltGmsCore.apk Binary XML file line #140
01-17 15:40:53.637  1978  1978 I PackageManager: /system/priv-app/StatementService changed; collecting certs
01-17 15:40:53.647  1978  2016 W PackageParser: Unknown element under <manifest>: queries at /system/priv-app/PrebuiltGmsCore/PrebuiltGmsCore.apk Binary XML file line #544
01-17 15:40:53.694  1978  2018 I PackageParser: Parse times for '/system/priv-app/NexusLauncherPrebuilt': parse=190ms, update_cache=1 ms
01-17 15:40:53.694  1978  1978 I PackageManager: /system/priv-app/NexusLauncherPrebuilt changed; collecting certs
01-17 15:40:53.754  1978  2016 I PackageParser: Parse times for '/system/priv-app/PrebuiltGmsCore': parse=992ms, update_cache=14 ms
01-17 15:40:53.755  1978  1978 I PackageManager: /system/priv-app/PrebuiltGmsCore changed; collecting certs
01-17 15:40:53.802  1978  2018 I PackageParser: Parse times for '/system/priv-app/GoogleExtServices': parse=73ms, update_cache=34 ms
01-17 15:40:53.905  1978  2018 I PackageParser: Parse times for '/system/priv-app/BlockedNumberProvider': parse=102ms, update_cache=0 ms
01-17 15:40:53.911  1978  2016 I PackageParser: Parse times for '/system/priv-app/TelephonyProvider': parse=156ms, update_cache=0 ms
01-17 15:40:54.073  1978  2015 I PackageParser: Parse times for '/system/priv-app/Telecom': parse=435ms, update_cache=1 ms
01-17 15:40:54.266  1978  1978 E PackageManager: Adding duplicate user id: 10012 name=com.google.android.gms
01-17 15:40:54.273  1978  1978 I PackageManager: /system/priv-app/GoogleExtServices changed; collecting certs
01-17 15:40:54.275  1978  1978 I PackageManager: New shared user android.uid.shared: id=10025
01-17 15:40:54.275  1978  1978 I PackageManager: /system/priv-app/BlockedNumberProvider changed; collecting certs
01-17 15:40:54.278  1978  1978 E PackageManager: Adding duplicate user id: 10025 name=com.android.providers.blockednumber
01-17 15:40:54.280  1978  1978 I PackageManager: /system/priv-app/TelephonyProvider changed; collecting certs
01-17 15:40:54.283  1978  1978 E PackageManager: Adding duplicate shared id: 1001 name=com.android.providers.telephony
01-17 15:40:54.284  1978  1978 I PackageManager: /system/priv-app/Telecom changed; collecting certs
01-17 15:40:54.288  1978  1978 E PackageManager: Adding duplicate shared id: 1000 name=com.android.server.telecom
01-17 15:40:54.328  1978  2018 I PackageParser: Parse times for '/system/priv-app/GooglePackageInstaller': parse=423ms, update_cache=0 ms
01-17 15:40:54.328  1978  1978 I PackageManager: /system/priv-app/GooglePackageInstaller changed; collecting certs
01-17 15:40:54.330  1978  2015 I PackageParser: Parse times for '/system/priv-app/DocumentsUI': parse=257ms, update_cache=0 ms
01-17 15:40:54.332  1978  1978 I PackageManager: /system/priv-app/DocumentsUI changed; collecting certs
01-17 15:40:54.337  1978  2017 I PackageParser: Parse times for '/system/priv-app/Settings': parse=1643ms, update_cache=1 ms
01-17 15:40:54.373  1978  1978 I PackageManager: /system/priv-app/Settings changed; collecting certs
01-17 15:40:54.375  1978  1978 E PackageManager: Adding duplicate shared id: 1000 name=com.android.settings
01-17 15:40:54.419  1978  2016 I PackageParser: Parse times for '/system/priv-app/GoogleServicesFramework': parse=507ms, update_cache=1 ms
01-17 15:40:54.419  1978  1978 I PackageManager: /system/priv-app/GoogleServicesFramework changed; collecting certs
01-17 15:40:54.422  1978  1978 E PackageManager: Adding duplicate user id: 10012 name=com.google.android.gsf
01-17 15:40:54.423  1978  1978 I PackageManager: /system/priv-app/GoogleOneTimeInitializer changed; collecting certs
01-17 15:40:54.437  1978  2015 I PackageParser: Parse times for '/system/priv-app/MtpDocumentsProvider': parse=106ms, update_cache=0 ms
01-17 15:40:54.437  1978  1978 I PackageManager: /system/priv-app/MtpDocumentsProvider changed; collecting certs
01-17 15:40:54.439  1978  1978 E PackageManager: Adding duplicate user id: 10005 name=com.android.mtp
01-17 15:40:54.477  1978  1978 I PackageManager: /system/priv-app/MmsService changed; collecting certs
01-17 15:40:54.479  1978  1978 E PackageManager: Adding duplicate shared id: 1001 name=com.android.mms.service
01-17 15:40:54.479  1978  1978 I PackageManager: /system/priv-app/MediaProvider changed; collecting certs
01-17 15:40:54.481  1978  1978 E PackageManager: Adding duplicate user id: 10005 name=com.android.providers.media
01-17 15:40:54.482  1978  1978 I PackageManager: /system/priv-app/CtsShimPrivPrebuilt changed; collecting certs
01-17 15:40:54.615  1978  2015 W PackageParser: Ignoring duplicate uses-permissions/uses-permissions-sdk-m: android.permission.READ_PRIVILEGED_PHONE_STATE in package: com.google.android.partnersetup at: Binary XML file line #54
01-17 15:40:54.632  1978  2015 I PackageParser: Parse times for '/system/priv-app/GooglePartnerSetup': parse=154ms, update_cache=0 ms
01-17 15:40:54.633  1978  1978 I PackageManager: /system/priv-app/GooglePartnerSetup changed; collecting certs
01-17 15:40:54.667  1978  1978 I PackageManager: /system/priv-app/FusedLocation changed; collecting certs
01-17 15:40:54.669  1978  1978 E PackageManager: Adding duplicate shared id: 1000 name=com.android.location.fused
01-17 15:40:54.909  1978  2016 I PackageParser: Parse times for '/system/priv-app/CellBroadcastReceiver': parse=431ms, update_cache=1 ms
01-17 15:40:54.909  1978  1978 I PackageManager: /system/priv-app/CellBroadcastReceiver changed; collecting certs
01-17 15:40:55.139  1978  2016 I PackageParser: Parse times for '/system/priv-app/ManagedProvisioning': parse=228ms, update_cache=2 ms
01-17 15:40:55.140  1978  1978 I PackageManager: /system/priv-app/ManagedProvisioning changed; collecting certs
01-17 15:40:55.152  1978  2015 W PackageParser: No actions in intent filter at /system/priv-app/Contacts/Contacts.apk Binary XML file line #443
01-17 15:40:55.154  1978  2015 I PackageParser: Parse times for '/system/priv-app/Contacts': parse=486ms, update_cache=1 ms
01-17 15:40:55.154  1978  1978 I PackageManager: /system/priv-app/Contacts changed; collecting certs
01-17 15:40:55.189  1978  2017 I PackageParser: Parse times for '/system/priv-app/SetupWizard': parse=846ms, update_cache=5 ms
01-17 15:40:55.190  1978  1978 I PackageManager: /system/priv-app/SetupWizard changed; collecting certs
01-17 15:40:55.248  1978  1978 I PackageManager: /system/priv-app/UserDictionaryProvider changed; collecting certs
01-17 15:40:55.250  1978  1978 E PackageManager: Adding duplicate user id: 10025 name=com.android.providers.userdictionary
01-17 15:40:55.272  1978  2018 W PackageParser: Ignoring duplicate uses-permissions/uses-permissions-sdk-m: android.permission.CONFIGURE_WIFI_DISPLAY in package: com.android.systemui at: Binary XML file line #156
01-17 15:40:55.280  1978  2016 W PackageParser: Ignoring duplicate uses-permissions/uses-permissions-sdk-m: android.permission.INSTALL_GRANT_RUNTIME_PERMISSIONS in package: com.android.shell at: Binary XML file line #111
01-17 15:40:55.310  1978  2016 I PackageParser: Parse times for '/system/priv-app/Shell': parse=169ms, update_cache=1 ms
01-17 15:40:55.310  1978  1978 I PackageManager: /system/priv-app/Shell changed; collecting certs
01-17 15:40:55.312  1978  1978 E PackageManager: Adding duplicate shared id: 2000 name=com.android.shell
01-17 15:40:55.333  1978  2017 I PackageParser: Parse times for '/system/priv-app/CalendarProvider': parse=142ms, update_cache=1 ms
01-17 15:40:55.333  1978  1978 I PackageManager: New shared user android.uid.calendar: id=10035
01-17 15:40:55.333  1978  1978 I PackageManager: /system/priv-app/CalendarProvider changed; collecting certs
01-17 15:40:55.335  1978  1978 E PackageManager: Adding duplicate user id: 10035 name=com.android.providers.calendar
01-17 15:40:55.367  1978  2015 I PackageParser: Parse times for '/system/priv-app/InputDevices': parse=170ms, update_cache=0 ms
01-17 15:40:55.368  1978  1978 I PackageManager: /system/priv-app/InputDevices changed; collecting certs
01-17 15:40:55.370  1978  1978 E PackageManager: Adding duplicate shared id: 1000 name=com.android.inputdevices
01-17 15:40:55.378  1978  1978 I PackageManager: /system/priv-app/GoogleFeedback changed; collecting certs
01-17 15:40:55.420  1978  2018 I PackageParser: Parse times for '/system/priv-app/SystemUIGoogle': parse=940ms, update_cache=1 ms
01-17 15:40:55.421  1978  1978 I PackageManager: New shared user android.uid.systemui: id=10037
01-17 15:40:55.421  1978  1978 I PackageManager: /system/priv-app/SystemUIGoogle changed; collecting certs
01-17 15:40:55.426  1978  1978 E PackageManager: Adding duplicate user id: 10037 name=com.android.systemui
01-17 15:40:55.428  1978  1978 I PackageManager: /system/priv-app/CallLogBackup changed; collecting certs
01-17 15:40:55.430  1978  1978 E PackageManager: Adding duplicate user id: 10025 name=com.android.calllogbackup
01-17 15:40:55.430  1978  1978 I PackageManager: /system/priv-app/MusicFX changed; collecting certs
01-17 15:40:55.437  1978  1978 I PackageManager: /system/priv-app/ContactsProvider changed; collecting certs
01-17 15:40:55.438  1978  1978 E PackageManager: Adding duplicate user id: 10025 name=com.android.providers.contacts
01-17 15:40:55.607  1978  2018 I PackageParser: Parse times for '/system/priv-app/StorageManager': parse=185ms, update_cache=1 ms
01-17 15:40:55.608  1978  1978 I PackageManager: /system/priv-app/StorageManager changed; collecting certs
01-17 15:40:55.808  1978  2015 W PackageParser: No actions in intent filter at /system/priv-app/Velvet/Velvet.apk Binary XML file line #3049
01-17 15:40:55.812  1978  2015 I PackageParser: Parse times for '/system/priv-app/Velvet': parse=381ms, update_cache=3 ms
01-17 15:40:55.812  1978  1978 I PackageManager: /system/priv-app/Velvet changed; collecting certs
01-17 15:40:56.002  1978  2020 I PackageParser: Parse times for '/system/app/ExactCalculator': parse=109ms, update_cache=1 ms
01-17 15:40:56.003  1978  1978 I PackageManager: /system/app/ExactCalculator changed; collecting certs
01-17 15:40:56.004  1978  2023 I PackageParser: Parse times for '/system/app/CertInstaller': parse=108ms, update_cache=0 ms
01-17 15:40:56.007  1978  1978 I PackageManager: /system/app/CertInstaller changed; collecting certs
01-17 15:40:56.034  1978  2021 W PackageParser: Ignoring duplicate uses-permissions/uses-permissions-sdk-m: android.permission.READ_CONTACTS in package: com.android.bluetooth at: Binary XML file line #61
01-17 15:40:56.044  1978  1978 I PackageManager: /system/app/BookmarkProvider changed; collecting certs
01-17 15:40:56.048  1978  2021 W PackageParser: No actions in intent filter at /system/app/Bluetooth/Bluetooth.apk Binary XML file line #227
01-17 15:40:56.086  1978  2021 I PackageParser: Parse times for '/system/app/Bluetooth': parse=190ms, update_cache=1 ms
01-17 15:40:56.087  1978  1978 I PackageManager: /system/app/Bluetooth changed; collecting certs
01-17 15:40:56.112  1978  1978 E PackageManager: Adding duplicate shared id: 1002 name=com.android.bluetooth
01-17 15:40:56.189  1978  2022 W PackageParser: No actions in intent filter at /system/app/Photos/Photos.apk Binary XML file line #1725
01-17 15:40:56.193  1978  2022 I PackageParser: Parse times for '/system/app/Photos': parse=295ms, update_cache=2 ms
01-17 15:40:56.193  1978  1978 I PackageManager: /system/app/Photos changed; collecting certs
01-17 15:40:56.201  1978  2021 W PackageParser: Ignoring duplicate uses-permissions/uses-permissions-sdk-m: android.permission.CHANGE_WIFI_STATE in package: com.android.nfc at: Binary XML file line #47
01-17 15:40:56.201  1978  2021 W PackageParser: Ignoring duplicate uses-permissions/uses-permissions-sdk-m: android.permission.ACCESS_WIFI_STATE in package: com.android.nfc at: Binary XML file line #48
01-17 15:40:56.246  1978  2021 I PackageParser: Parse times for '/system/app/NfcNci': parse=159ms, update_cache=1 ms
01-17 15:40:56.369  1978  1978 I PackageManager: /system/app/NfcNci changed; collecting certs
01-17 15:40:56.407  1978  1978 E PackageManager: Adding duplicate shared id: 1027 name=com.android.nfc
01-17 15:40:56.535  1978  2023 I PackageParser: Parse times for '/system/app/GoogleHindiIME': parse=490ms, update_cache=1 ms
01-17 15:40:56.535  1978  1978 I PackageManager: /system/app/GoogleHindiIME changed; collecting certs
01-17 15:40:56.735  1978  2021 I PackageParser: Parse times for '/system/app/GooglePinyinIME': parse=488ms, update_cache=1 ms
01-17 15:40:56.735  1978  1978 I PackageManager: /system/app/GooglePinyinIME changed; collecting certs
01-17 15:40:56.735  1978  2023 I PackageParser: Parse times for '/system/app/LiveWallpapersPicker': parse=200ms, update_cache=0 ms
01-17 15:40:56.769  1978  1978 I PackageManager: /system/app/LiveWallpapersPicker changed; collecting certs
01-17 15:40:56.775  1978  2023 W PackageParser: No actions in intent filter at /system/app/CarrierDefaultApp/CarrierDefaultApp.apk Binary XML file line #52
01-17 15:40:56.776  1978  1978 I PackageManager: /system/app/CarrierDefaultApp changed; collecting certs
01-17 15:40:56.831  1978  1978 I PackageManager: /system/app/CompanionDeviceManager changed; collecting certs
01-17 15:40:56.842  1978  2020 W PackageParser: No actions in intent filter at /system/app/PrebuiltGmail/PrebuiltGmail.apk Binary XML file line #701
01-17 15:40:56.842  1978  2020 W PackageParser: No actions in intent filter at /system/app/PrebuiltGmail/PrebuiltGmail.apk Binary XML file line #766
01-17 15:40:56.846  1978  2020 I PackageParser: Parse times for '/system/app/PrebuiltGmail': parse=842ms, update_cache=2 ms
01-17 15:40:56.846  1978  1978 I PackageManager: /system/app/PrebuiltGmail changed; collecting certs
01-17 15:40:56.865  1978  1978 I PackageManager: /system/app/PartnerBookmarksProvider changed; collecting certs
01-17 15:40:56.913  1978  2021 I PackageParser: Parse times for '/system/app/GoogleContactsSyncAdapter': parse=177ms, update_cache=0 ms
01-17 15:40:56.914  1978  1978 I PackageManager: /system/app/GoogleContactsSyncAdapter changed; collecting certs
01-17 15:40:56.957  1978  1978 I PackageManager: /system/app/KeyChain changed; collecting certs
01-17 15:40:56.958  1978  1978 E PackageManager: Adding duplicate shared id: 1000 name=com.android.keychain
01-17 15:40:57.010  1978  1978 I PackageManager: /system/app/Browser2 changed; collecting certs
01-17 15:40:57.046  1978  2022 W PackageParser: Unknown element under <manifest>: meta-data at /system/app/Drive/Drive.apk Binary XML file line #114
01-17 15:40:57.093  1978  2022 W PackageParser: No actions in intent filter at /system/app/Drive/Drive.apk Binary XML file line #1638
01-17 15:40:57.096  1978  2022 I PackageParser: Parse times for '/system/app/Drive': parse=901ms, update_cache=2 ms
01-17 15:40:57.096  1978  1978 I PackageManager: /system/app/Drive changed; collecting certs
01-17 15:40:57.171  1978  2023 I PackageParser: Parse times for '/system/app/PrintSpooler': parse=159ms, update_cache=1 ms
01-17 15:40:57.195  1978  1978 I PackageManager: /system/app/CtsShimPrebuilt changed; collecting certs
01-17 15:40:57.197  1978  1978 I PackageManager: /system/app/PrintSpooler changed; collecting certs
01-17 15:40:57.228  1978  1978 I PackageManager: /system/app/BuiltInPrintService changed; collecting certs
01-17 15:40:57.264  1978  2020 I PackageParser: Parse times for '/system/app/Camera2': parse=417ms, update_cache=1 ms
01-17 15:40:57.264  1978  1978 I PackageManager: /system/app/Camera2 changed; collecting certs
01-17 15:40:57.294  1978  1978 I PackageManager: /system/app/EasterEgg changed; collecting certs
01-17 15:40:57.304  1978  1978 I PackageManager: /system/app/WAPPushManager changed; collecting certs
01-17 15:40:57.306  1978  1978 I PackageManager: /system/app/LicenseChecker changed; collecting certs
01-17 15:40:57.339  1978  1978 I PackageManager: /system/app/GooglePrintRecommendationService changed; collecting certs
01-17 15:40:57.410  1978  1978 I PackageManager: /system/app/BasicDreams changed; collecting certs
01-17 15:40:57.465  1978  2023 I PackageParser: Parse times for '/system/app/Traceur': parse=292ms, update_cache=1 ms
01-17 15:40:57.465  1978  1978 I PackageManager: /system/app/Traceur changed; collecting certs
01-17 15:40:57.476  1978  1978 I PackageManager: /system/app/GoogleExtShared changed; collecting certs
01-17 15:40:57.571  1978  2021 I PackageParser: Parse times for '/system/app/Chrome': parse=649ms, update_cache=8 ms
01-17 15:40:57.571  1978  1978 I PackageManager: /system/app/Chrome changed; collecting certs
01-17 15:40:57.881  1978  2020 I PackageParser: Parse times for '/system/app/Maps': parse=575ms, update_cache=2 ms
01-17 15:40:57.881  1978  1978 I PackageManager: New shared user com.google.android.apps.maps: id=10067
01-17 15:40:57.882  1978  1978 I PackageManager: /system/app/Maps changed; collecting certs
01-17 15:40:57.886  1978  1978 E PackageManager: Adding duplicate user id: 10067 name=com.google.android.apps.maps
01-17 15:40:57.932  1978  1978 I PackageManager: /system/app/BluetoothMidiService changed; collecting certs
01-17 15:40:58.250  1978  2023 I PackageParser: Parse times for '/system/app/Videos': parse=784ms, update_cache=1 ms
01-17 15:40:58.250  1978  1978 I PackageManager: /system/app/Videos changed; collecting certs
01-17 15:40:58.316  1978  2022 I PackageParser: Parse times for '/system/app/YouTube': parse=845ms, update_cache=2 ms
01-17 15:40:58.317  1978  1978 I PackageManager: /system/app/YouTube changed; collecting certs
01-17 15:40:58.468  1978  2023 I PackageParser: Parse times for '/system/app/GoogleTTS': parse=218ms, update_cache=0 ms
01-17 15:40:58.520  1978  2020 I PackageParser: Parse times for '/system/app/Music2': parse=587ms, update_cache=1 ms
01-17 15:40:58.705  1978  2021 I PackageParser: Parse times for '/system/app/CalendarGooglePrebuilt': parse=1133ms, update_cache=1 ms
01-17 15:40:58.855  1978  2020 I PackageParser: Parse times for '/system/app/WallpapersUsTwo': parse=334ms, update_cache=1 ms
01-17 15:40:58.891  1978  1978 I PackageManager: /system/app/SimAppDialog changed; collecting certs
01-17 15:40:58.893  1978  2021 I PackageParser: Parse times for '/system/app/NexusWallpapersStubPrebuilt': parse=186ms, update_cache=1 ms
01-17 15:40:58.894  1978  1978 I PackageManager: /system/app/GoogleTTS changed; collecting certs
01-17 15:40:58.944  1978  1978 I PackageManager: /system/app/WallpaperBackup changed; collecting certs
01-17 15:40:58.947  1978  1978 E PackageManager: Adding duplicate shared id: 1000 name=com.android.wallpaperbackup
01-17 15:40:58.948  1978  1978 I PackageManager: /system/app/HTMLViewer changed; collecting certs
01-17 15:40:58.951  1978  1978 I PackageManager: /system/app/Music2 changed; collecting certs
01-17 15:40:58.955  1978  1978 I PackageManager: New shared user com.google.android.calendar.uid.shared: id=10075
01-17 15:40:58.955  1978  1978 I PackageManager: /system/app/CalendarGooglePrebuilt changed; collecting certs
01-17 15:40:58.957  1978  1978 E PackageManager: Adding duplicate user id: 10075 name=com.google.android.calendar
01-17 15:40:58.958  1978  1978 I PackageManager: /system/app/WallpapersUsTwo changed; collecting certs
01-17 15:40:58.960  1978  1978 I PackageManager: /system/app/NexusWallpapersStubPrebuilt changed; collecting certs
01-17 15:40:59.007  1978  2020 I PackageParser: Parse times for '/system/app/WallpapersBReel': parse=152ms, update_cache=0 ms
01-17 15:40:59.008  1978  1978 I PackageManager: /system/app/WallpapersBReel changed; collecting certs
01-17 15:40:59.025  1978  2021 I PackageParser: Parse times for '/system/app/WebViewStub': parse=131ms, update_cache=1 ms
01-17 15:40:59.047  1978  1978 I PackageManager: /system/app/WebViewStub changed; collecting certs
01-17 15:40:59.061  1978  1978 I PackageManager: /system/app/PacProcessor changed; collecting certs
01-17 15:40:59.094  1978  1978 I PackageManager: /system/app/CaptivePortalLogin changed; collecting certs
01-17 15:40:59.133  1978  1978 I PackageManager: /system/app/SecureElement changed; collecting certs
01-17 15:40:59.135  1978  1978 E PackageManager: Adding duplicate shared id: 1068 name=com.android.se
01-17 15:40:59.236  1978  2023 W PackageParser: No actions in intent filter at /system/app/PrebuiltBugle/PrebuiltBugle.apk Binary XML file line #1024
01-17 15:40:59.238  1978  2023 I PackageParser: Parse times for '/system/app/PrebuiltBugle': parse=721ms, update_cache=2 ms
01-17 15:40:59.238  1978  1978 I PackageManager: /system/app/PrebuiltBugle changed; collecting certs
01-17 15:40:59.296  1978  2020 I PackageParser: Parse times for '/system/app/PrebuiltDeskClockGoogle': parse=234ms, update_cache=1 ms
01-17 15:40:59.297  1978  1978 I PackageManager: /system/app/PrebuiltDeskClockGoogle changed; collecting certs
01-17 15:40:59.374  1978  2022 I PackageParser: Parse times for '/system/app/LatinIMEGooglePrebuilt': parse=879ms, update_cache=2 ms
01-17 15:40:59.374  1978  1978 I PackageManager: /system/app/LatinIMEGooglePrebuilt changed; collecting certs
01-17 15:40:59.402  1978  1978 D PackageManager: No files in app dir /vendor/priv-app
01-17 15:40:59.403  1978  1978 D PackageManager: No files in app dir /vendor/app
01-17 15:40:59.403  1978  1978 D PackageManager: No files in app dir /odm/priv-app
01-17 15:40:59.404  1978  1978 D PackageManager: No files in app dir /odm/app
01-17 15:40:59.404  1978  1978 D PackageManager: No files in app dir /oem/app
01-17 15:40:59.404  1978  1978 D PackageManager: No files in app dir /system/product/priv-app
01-17 15:40:59.404  1978  1978 D PackageManager: No files in app dir /system/product/app
01-17 15:40:59.404  1978  1978 I PackageManager: Finished scanning system apps. Time: 7194 ms, packageCount: 108 , timePerPackage: 66 , cached: 0
01-17 15:40:59.404  1978  1978 D PackageManager: No files in app dir /data/app
01-17 15:40:59.404  1978  1978 D PackageManager: No files in app dir /data/app-private
01-17 15:40:59.405  1978  1978 I PackageManager: Finished scanning non-system apps. Time: 1 ms, packageCount: 0 , timePerPackage: 0 , cached: 0
01-17 15:40:59.421  1978  1978 I PackageManager: Time to scan packages: 7.211 seconds
01-17 15:40:59.448  1978  1978 W PackageSettings: No potential matches found for Intent { act=android.intent.action.EDIT typ=image/bmp } while setting preferred com.google.android.apps.plus/.editor.PlusEditorActivity
01-17 15:40:59.448  1978  1978 W PackageSettings: No potential matches found for Intent { act=android.intent.action.EDIT typ=image/jpeg } while setting preferred com.google.android.apps.plus/.editor.PlusEditorActivity
01-17 15:40:59.448  1978  1978 W PackageSettings: No potential matches found for Intent { act=android.intent.action.EDIT typ=image/gif } while setting preferred com.google.android.apps.plus/.editor.PlusEditorActivity
01-17 15:40:59.448  1978  1978 W PackageSettings: No potential matches found for Intent { act=android.intent.action.EDIT typ=image/png } while setting preferred com.google.android.apps.plus/.editor.PlusEditorActivity
01-17 15:40:59.448  1978  1978 W PackageSettings: No potential matches found for Intent { act=android.intent.action.EDIT typ=image/webp } while setting preferred com.google.android.apps.plus/.editor.PlusEditorActivity
01-17 15:40:59.448  1978  1978 W PackageSettings: No potential matches found for Intent { act=android.intent.action.EDIT typ=image/x-ms-bmp } while setting preferred com.google.android.apps.plus/.editor.PlusEditorActivity
01-17 15:40:59.449  1978  1978 W PackageSettings: No potential matches found for Intent { act=android.intent.action.EDIT typ=image/vnd.wap.wbmp } while setting preferred com.google.android.apps.plus/.editor.PlusEditorActivity
01-17 15:40:59.449  1978  1978 W PackageSettings: No potential matches found for Intent { act=com.android.camera.action.CROP typ=image/bmp } while setting preferred com.google.android.apps.plus/.editor.PlusCropActivity
01-17 15:40:59.449  1978  1978 W PackageSettings: No potential matches found for Intent { act=com.android.camera.action.CROP typ=image/jpeg } while setting preferred com.google.android.apps.plus/.editor.PlusCropActivity
01-17 15:40:59.449  1978  1978 W PackageSettings: No potential matches found for Intent { act=com.android.camera.action.CROP typ=image/gif } while setting preferred com.google.android.apps.plus/.editor.PlusCropActivity
01-17 15:40:59.449  1978  1978 W PackageSettings: No potential matches found for Intent { act=com.android.camera.action.CROP typ=image/png } while setting preferred com.google.android.apps.plus/.editor.PlusCropActivity
01-17 15:40:59.449  1978  1978 W PackageSettings: No potential matches found for Intent { act=com.android.camera.action.CROP typ=image/webp } while setting preferred com.google.android.apps.plus/.editor.PlusCropActivity
01-17 15:40:59.449  1978  1978 W PackageSettings: No potential matches found for Intent { act=com.android.camera.action.CROP typ=image/x-ms-bmp } while setting preferred com.google.android.apps.plus/.editor.PlusCropActivity
01-17 15:40:59.449  1978  1978 W PackageSettings: No potential matches found for Intent { act=com.android.camera.action.CROP typ=image/vnd.wap.wbmp } while setting preferred com.google.android.apps.plus/.editor.PlusCropActivity
01-17 15:40:59.451  1978  1978 W PackageSettings: No potential matches found for Intent { act=android.intent.action.MAIN cat=[android.intent.category.APP_GALLERY] } while setting preferred com.google.android.apps.photos/.home.HomeActivity
01-17 15:40:59.451  1978  1978 W PackageSettings: No potential matches found for Intent { act=android.intent.action.EDIT typ=application/vnd.openxmlformats-officedocument.spreadsheetml.sheet } while setting preferred com.google.android.apps.docs.editors.sheets/com.google.android.apps.docs.editors.trix.quicksheet.QuickSheetDocumentOpenerActivityAlias
01-17 15:40:59.451  1978  1978 W PackageSettings: No potential matches found for Intent { act=android.intent.action.EDIT typ=application/vnd.ms-excel.sheet.macroenabled.12 } while setting preferred com.google.android.apps.docs.editors.sheets/com.google.android.apps.docs.editors.trix.quicksheet.QuickSheetDocumentOpenerActivityAlias
01-17 15:40:59.451  1978  1978 W PackageSettings: No potential matches found for Intent { act=android.intent.action.EDIT typ=application/vnd.ms-excel } while setting preferred com.google.android.apps.docs.editors.sheets/com.google.android.apps.docs.editors.trix.quicksheet.QuickSheetDocumentOpenerActivityAlias
01-17 15:40:59.452  1978  1978 W PackageSettings: No potential matches found for Intent { act=android.intent.action.EDIT typ=application/vnd.ms-excel.addin.macroenabled.12 } while setting preferred com.google.android.apps.docs.editors.sheets/com.google.android.apps.docs.editors.trix.quicksheet.QuickSheetDocumentOpenerActivityAlias
01-17 15:40:59.452  1978  1978 W PackageSettings: No potential matches found for Intent { act=android.intent.action.EDIT typ=application/vnd.ms-excel.template.macroenabled.12 } while setting preferred com.google.android.apps.docs.editors.sheets/com.google.android.apps.docs.editors.trix.quicksheet.QuickSheetDocumentOpenerActivityAlias
01-17 15:40:59.452  1978  1978 W PackageSettings: No potential matches found for Intent { act=android.intent.action.EDIT typ=application/vnd.openxmlformats-officedocument.spreadsheetml.template } while setting preferred com.google.android.apps.docs.editors.sheets/com.google.android.apps.docs.editors.trix.quicksheet.QuickSheetDocumentOpenerActivityAlias
01-17 15:40:59.452  1978  1978 W PackageSettings: No potential matches found for Intent { act=android.intent.action.EDIT typ=application/x-msexcel } while setting preferred com.google.android.apps.docs.editors.sheets/com.google.android.apps.docs.editors.trix.quicksheet.QuickSheetDocumentOpenerActivityAlias
01-17 15:40:59.452  1978  1978 W PackageSettings: No potential matches found for Intent { act=android.intent.action.EDIT typ=application/vnd.ms-word } while setting preferred com.google.android.apps.docs.editors.docs/com.google.android.apps.docs.editors.kix.quickword.QuickWordDocumentOpenerActivityAlias
01-17 15:40:59.452  1978  1978 W PackageSettings: No potential matches found for Intent { act=android.intent.action.EDIT typ=application/vnd.openxmlformats-officedocument.wordprocessingml.document } while setting preferred com.google.android.apps.docs.editors.docs/com.google.android.apps.docs.editors.kix.quickword.QuickWordDocumentOpenerActivityAlias
01-17 15:40:59.452  1978  1978 W PackageSettings: No potential matches found for Intent { act=android.intent.action.EDIT typ=application/vnd.ms-word.document.macroenabled.12 } while setting preferred com.google.android.apps.docs.editors.docs/com.google.android.apps.docs.editors.kix.quickword.QuickWordDocumentOpenerActivityAlias
01-17 15:40:59.453  1978  1978 W PackageSettings: No potential matches found for Intent { act=android.intent.action.EDIT typ=application/msword } while setting preferred com.google.android.apps.docs.editors.docs/com.google.android.apps.docs.editors.kix.quickword.QuickWordDocumentOpenerActivityAlias
01-17 15:40:59.453  1978  1978 W PackageSettings: No potential matches found for Intent { act=android.intent.action.EDIT typ=application/vnd.ms-word.template.macroenabled.12 } while setting preferred com.google.android.apps.docs.editors.docs/com.google.android.apps.docs.editors.kix.quickword.QuickWordDocumentOpenerActivityAlias
01-17 15:40:59.453  1978  1978 W PackageSettings: No potential matches found for Intent { act=android.intent.action.EDIT typ=application/vnd.openxmlformats-officedocument.wordprocessingml.template } while setting preferred com.google.android.apps.docs.editors.docs/com.google.android.apps.docs.editors.kix.quickword.QuickWordDocumentOpenerActivityAlias
01-17 15:40:59.453  1978  1978 W PackageSettings: No potential matches found for Intent { act=android.intent.action.EDIT typ=application/x-msword } while setting preferred com.google.android.apps.docs.editors.docs/com.google.android.apps.docs.editors.kix.quickword.QuickWordDocumentOpenerActivityAlias
01-17 15:40:59.453  1978  1978 W PackageSettings: No potential matches found for Intent { act=android.intent.action.EDIT typ=application/vnd.openxmlformats-officedocument.presentationml.presentation } while setting preferred com.google.android.apps.docs.editors.slides/com.google.android.apps.docs.editors.kix.quickword.QuickWordDocumentOpenerActivityAlias
01-17 15:40:59.453  1978  1978 W PackageSettings: No potential matches found for Intent { act=android.intent.action.EDIT typ=application/vnd.ms-powerpoint } while setting preferred com.google.android.apps.docs.editors.slides/com.google.android.apps.docs.editors.kix.quickword.QuickWordDocumentOpenerActivityAlias
01-17 15:40:59.453  1978  1978 W PackageSettings: No potential matches found for Intent { act=android.intent.action.EDIT typ=application/vnd.openxmlformats-officedocument.presentationml.template } while setting preferred com.google.android.apps.docs.editors.slides/com.google.android.apps.docs.editors.kix.quickword.QuickWordDocumentOpenerActivityAlias
01-17 15:40:59.453  1978  1978 W PackageSettings: No potential matches found for Intent { act=android.intent.action.EDIT typ=application/vnd.ms-powerpoint.presentation.macroenabled.12 } while setting preferred com.google.android.apps.docs.editors.slides/com.google.android.apps.docs.editors.kix.quickword.QuickWordDocumentOpenerActivityAlias
01-17 15:40:59.453  1978  1978 W PackageSettings: No potential matches found for Intent { act=android.intent.action.EDIT typ=application/vnd.openxmlformats-officedocument.presentationml.slideshow } while setting preferred com.google.android.apps.docs.editors.slides/com.google.android.apps.docs.editors.kix.quickword.QuickWordDocumentOpenerActivityAlias
01-17 15:40:59.453  1978  1978 W PackageSettings: No potential matches found for Intent { act=android.intent.action.EDIT typ=application/vnd.ms-powerpoint.slideshow.macroenabled.12 } while setting preferred com.google.android.apps.docs.editors.slides/com.google.android.apps.docs.editors.kix.quickword.QuickWordDocumentOpenerActivityAlias
01-17 15:40:59.453  1978  1978 W PackageSettings: No potential matches found for Intent { act=android.intent.action.EDIT typ=application/x-mspowerpoint } while setting preferred com.google.android.apps.docs.editors.slides/com.google.android.apps.docs.editors.kix.quickword.QuickWordDocumentOpenerActivityAlias
01-17 15:40:59.486  1978  1978 W PackageManager: Unknown package com.google.android.apps.docs.editors.docs in sysconfig <app-link>
01-17 15:40:59.486  1978  1978 W PackageManager: Unknown package com.google.android.apps.docs.editors.sheets in sysconfig <app-link>
