01-17 15:40:34.473  1762  1762 I SurfaceFlinger: extensions: EGL_KHR_get_all_proc_addresses EGL_ANDROID_presentation_time EGL_KHR_swap_buffers_with_damage EGL_ANDROID_get_native_client_buffer EGL_ANDROID_front_buffer_auto_refresh EGL_ANDROID_get_frame_timestamps EGL_EXT_surface_SMPTE2086_metadata EGL_EXT_surface_CTA861_3_metadata EGL_KHR_image EGL_KHR_image_base EGL_KHR_gl_texture_2D_image EGL_KHR_fence_sync EGL_KHR_create_context EGL_ANDROID_image_native_buffer EGL_KHR_wait_sync EGL_ANDROID_recordable 
01-17 15:40:34.473  1762  1762 I SurfaceFlinger: Client API: OpenGL_ES
01-17 15:40:34.473  1762  1762 I SurfaceFlinger: EGLSurface: 8-8-8-8, config=0x2
01-17 15:40:34.475  1762  1762 D eglCodecCommon: setVertexArrayObject: set vao to 0 (0) 0 0
01-17 15:40:34.475  1762  1762 D EGL_emulation: eglCreateContext: 0xe7620ae0: maj 3 min 0 rcv 3
01-17 15:40:34.476  1762  1762 D EGL_emulation: eglMakeCurrent: 0xe7620ae0: ver 3 0 (tinfo 0xe761c310)
01-17 15:40:34.479  1762  1762 I SurfaceFlinger: OpenGL ES informations:
01-17 15:40:34.479  1762  1762 I SurfaceFlinger: vendor    : Google (Intel Inc.)
01-17 15:40:34.479  1762  1762 I SurfaceFlinger: renderer  : Android Emulator OpenGL ES Translator (Intel(R) Iris(TM) Plus Graphics 655)
01-17 15:40:34.479  1762  1762 I SurfaceFlinger: version   : OpenGL ES 3.0 (4.1 INTEL-18.7.4)
01-17 15:40:34.479  1762  1762 I SurfaceFlinger: extensions: GL_EXT_debug_marker GL_EXT_robustness GL_OES_EGL_sync GL_OES_EGL_image GL_OES_EGL_image_external GL_OES_depth24 GL_OES_depth32 GL_OES_element_index_uint GL_OES_texture_float GL_OES_texture_float_linear GL_OES_compressed_paletted_texture GL_OES_compressed_ETC1_RGB8_texture GL_OES_depth_texture GL_OES_texture_npot GL_OES_rgb8_rgba8 GL_EXT_color_buffer_float GL_EXT_color_buffer_half_float GL_EXT_texture_format_BGRA8888 GL_APPLE_texture_format_BGRA8888 ANDROID_EMU_CHECKSUM_HELPER_v1 ANDROID_EMU_native_sync_v2 ANDROID_EMU_native_sync_v3 ANDROID_EMU_native_sync_v4 ANDROID_EMU_dma_v1 ANDROID_EMU_YUV420_888_to_NV21 ANDROID_EMU_YUV_Cache ANDROID_EMU_sync_buffer_data GL_OES_EGL_image_external_essl3 GL_OES_vertex_array_object GL_KHR_texture_compression_astc_ldr ANDROID_EMU_host_side_tracing ANDROID_EMU_gles_max_version_3_0 
01-17 15:40:34.479  1762  1762 I SurfaceFlinger: GL_MAX_TEXTURE_SIZE = 16384
01-17 15:40:34.479  1762  1762 I SurfaceFlinger: GL_MAX_VIEWPORT_DIMS = 16384
01-17 15:40:34.487  1637  1637 D gralloc_ranchu: gralloc_alloc: Creating ashmem region of size 16592896
01-17 15:40:34.487  1762  1762 D HostConnection: createUnique: call
01-17 15:40:34.488  1762  1762 D HostConnection: HostConnection::get() New Host Connection established 0xe7625b30, tid 1762
01-17 15:40:34.490  1762  1762 D HostConnection: HostComposition ext ANDROID_EMU_CHECKSUM_HELPER_v1 ANDROID_EMU_native_sync_v2 ANDROID_EMU_native_sync_v3 ANDROID_EMU_native_sync_v4 ANDROID_EMU_dma_v1 ANDROID_EMU_YUV420_888_to_NV21 ANDROID_EMU_YUV_Cache ANDROID_EMU_sync_buffer_data GL_OES_EGL_image_external_essl3 GL_OES_vertex_array_object GL_KHR_texture_compression_astc_ldr ANDROID_EMU_host_side_tracing ANDROID_EMU_gles_max_version_3_0 
01-17 15:40:34.490  1762  1762 E eglCodecCommon: GoldfishAddressSpaceHostMemoryAllocator: ioctl_ping failed for device_type=5, ret=-1
01-17 15:40:34.490  1762  1762 E HWComposer: getSupportedPerFrameMetadata: getSupportedPerFrameMetadata failed for display 0: Unsupported (8)
01-17 15:40:34.490  1637  1637 D gralloc_ranchu: gralloc_alloc: Creating ashmem region of size 16592896
01-17 15:40:34.491  1637  1701 D gralloc_ranchu: gralloc_alloc: Creating ashmem region of size 16592896
01-17 15:40:34.492  1762  1762 D EGL_emulation: eglMakeCurrent: 0xe7620ae0: ver 3 0 (tinfo 0xe761c310)
01-17 15:40:34.546  1762  1762 D SurfaceFlinger: shader cache generated - 24 shaders in 53.825409 ms
01-17 15:40:34.548  1762  1762 D SurfaceFlinger: Set power mode=2, type=0 flinger=0xe7646000
01-17 15:40:34.548  1762  1762 D SurfaceFlinger: Finished set power mode=2, type=0
01-17 15:40:34.596  1767  1767 I installd: installd firing up
01-17 15:40:34.597  1767  1767 E cutils  : Failed to read /data/.layout_version: No such file or directory
01-17 15:40:34.597  1767  1767 D installd: Assuming that device has multi-user storage layout; upgrade no longer supported
01-17 15:40:34.597  1767  1767 D installd: Upgrading to /data/misc/user directories
01-17 15:40:34.738  1798  1798 D HostConnection: createUnique: call
01-17 15:40:34.739  1798  1798 D HostConnection: HostConnection::get() New Host Connection established 0xec824140, tid 1798
01-17 15:40:34.741  1798  1798 D HostConnection: HostComposition ext ANDROID_EMU_CHECKSUM_HELPER_v1 ANDROID_EMU_native_sync_v2 ANDROID_EMU_native_sync_v3 ANDROID_EMU_native_sync_v4 ANDROID_EMU_dma_v1 ANDROID_EMU_YUV420_888_to_NV21 ANDROID_EMU_YUV_Cache ANDROID_EMU_sync_buffer_data GL_OES_EGL_image_external_essl3 GL_OES_vertex_array_object GL_KHR_texture_compression_astc_ldr ANDROID_EMU_host_side_tracing ANDROID_EMU_gles_max_version_3_0 
01-17 15:40:34.742  1798  1798 E hwcomposer: unknown display attribute 6
01-17 15:40:34.742  1798  1798 I ServiceManagement: Removing namespace from process name android.hardware.graphics.composer@2.1-service to composer@2.1-service.
01-17 15:40:34.743  1798  1798 I android.hardware.graphics.composer@2.1-service: Registration complete for android.hardware.graphics.composer@2.1::IComposer/default.
01-17 15:40:34.811  1762  1778 E SurfaceFlinger: ro.sf.lcd_density must be defined as a build property
01-17 15:40:34.813  1762  1762 F HidlStatus: Status.cpp:149] Failed HIDL return status not checked: Status(EX_TRANSACTION_FAILED): 'DEAD_OBJECT: '
--------- beginning of crash
01-17 15:40:34.813  1762  1762 F libc    : Fatal signal 6 (SIGABRT), code -6 (SI_TKILL) in tid 1762 (surfaceflinger), pid 1762 (surfaceflinger)
01-17 15:40:34.865  1763  1763 D AndroidRuntime: >>>>>> START com.android.internal.os.ZygoteInit uid 0 <<<<<<
01-17 15:40:35.019  1790  1790 I /system/bin/tombstoned: tombstoned successfully initialized
01-17 15:40:35.233  1572  1572 W hwservicemanager: getTransport: Cannot find entry android.hardware.usb.gadget@1.0::IUsbGadget/default in either framework or device manifest.
01-17 15:40:35.234  1792  1792 I usbd    : Usb HAL not found
01-17 15:40:35.365  1770  1770 W /system/bin/mediaextractor: Could not read additional policy file '/vendor/etc/seccomp_policy/mediaextractor.policy'
01-17 15:40:35.366  1770  1770 W mediaextractor: libminijail[1770]: failed to get path of fd 5: No such file or directory
01-17 15:40:35.366  1770  1770 W mediaextractor: libminijail[1770]: allowing syscall: socketcall
01-17 15:40:35.366  1770  1770 W mediaextractor: libminijail[1770]: allowing syscall: writev
01-17 15:40:35.366  1770  1770 W mediaextractor: libminijail[1770]: allowing syscall: fcntl64
01-17 15:40:35.366  1770  1770 W mediaextractor: libminijail[1770]: allowing syscall: clock_gettime
01-17 15:40:35.416  1795  1795 D android.hardware.biometrics.fingerprint@2.1-service: Opening fingerprint hal library...
01-17 15:40:35.532  1770  1770 W mediaextractor: libminijail[1770]: logging seccomp filter failures
01-17 15:40:35.575  1815  1815 I crash_dump32: obtaining output fd from tombstoned, type: kDebuggerdTombstone
01-17 15:40:35.576  1790  1790 I /system/bin/tombstoned: received crash request for pid 1762
01-17 15:40:35.577  1815  1815 I crash_dump32: performing dump of process 1762 (target tid = 1762)
01-17 15:40:35.578  1815  1815 F DEBUG   : *** *** *** *** *** *** *** *** *** *** *** *** *** *** *** ***
01-17 15:40:35.578  1815  1815 F DEBUG   : Build fingerprint: 'google/sdk_gphone_x86_arm/generic_x86_arm:9/PSR1.180720.122/6736742:userdebug/dev-keys'
01-17 15:40:35.578  1815  1815 F DEBUG   : Revision: '0'
01-17 15:40:35.578  1815  1815 F DEBUG   : ABI: 'x86'
01-17 15:40:35.578  1815  1815 F DEBUG   : pid: 1762, tid: 1762, name: surfaceflinger  >>> /system/bin/surfaceflinger <<<
01-17 15:40:35.578  1815  1815 F DEBUG   : signal 6 (SIGABRT), code -6 (SI_TKILL), fault addr --------
01-17 15:40:35.578  1815  1815 F DEBUG   : Abort message: 'Status.cpp:149] Failed HIDL return status not checked: Status(EX_TRANSACTION_FAILED): 'DEAD_OBJECT: ''
01-17 15:40:35.578  1815  1815 F DEBUG   :     eax 00000000  ebx 000006e2  ecx 000006e2  edx 00000006
01-17 15:40:35.578  1815  1815 F DEBUG   :     edi 000006e2  esi e8937048
01-17 15:40:35.578  1815  1815 F DEBUG   :     ebp ffeea218  esp ffeea198  eip e90f5b39
01-17 15:40:35.603  1774  1774 W statsd  : statscompanion service unavailable!
01-17 15:40:35.604  1774  1774 I statsd  : using statsd socket
01-17 15:40:35.631  1775  1796 I ServiceManager: Waiting for service package_native...
01-17 15:40:35.665  1776  1776 I wificond: wificond is starting up...
01-17 15:40:35.775  1815  1815 F DEBUG   : 
01-17 15:40:35.775  1815  1815 F DEBUG   : backtrace:
01-17 15:40:35.775  1815  1815 F DEBUG   :     #00 pc 00000b39  [vdso:e90f5000] (__kernel_vsyscall+9)
01-17 15:40:35.775  1815  1815 F DEBUG   :     #01 pc 0001fdf8  /system/lib/libc.so (syscall+40)
01-17 15:40:35.775  1815  1815 F DEBUG   :     #02 pc 00022ed3  /system/lib/libc.so (abort+115)
01-17 15:40:35.775  1815  1815 F DEBUG   :     #03 pc 00006f85  /system/lib/libbase.so (android::base::DefaultAborter(char const*)+37)
01-17 15:40:35.775  1815  1815 F DEBUG   :     #04 pc 00008433  /system/lib/libbase.so (_ZNSt3__110__function6__funcIPFvPKcENS_9allocatorIS5_EES4_EclEOS3_+35)
01-17 15:40:35.775  1815  1815 F DEBUG   :     #05 pc 00007ccc  /system/lib/libbase.so (android::base::LogMessage::~LogMessage()+828)
01-17 15:40:35.775  1815  1815 F DEBUG   :     #06 pc 0001bbf2  /system/lib/libhidlbase.so (android::hardware::details::return_status::~return_status()+290)
01-17 15:40:35.775  1815  1815 F DEBUG   :     #07 pc 0004f386  /system/lib/libsurfaceflinger.so (android::Hwc2::impl::Composer::getActiveConfig(unsigned long long, unsigned int*)+118)
01-17 15:40:35.775  1815  1815 F DEBUG   :     #08 pc 0005afe4  /system/lib/libsurfaceflinger.so (HWC2::Display::getActiveConfig(std::__1::shared_ptr<HWC2::Display::Config const>*) const+68)
01-17 15:40:35.775  1815  1815 F DEBUG   :     #09 pc 00061d7b  /system/lib/libsurfaceflinger.so (android::HWComposer::getActiveConfig(int) const+107)
01-17 15:40:35.775  1815  1815 F DEBUG   :     #10 pc 00075ce0  /system/lib/libsurfaceflinger.so (android::Layer::Layer(android::SurfaceFlinger*, android::sp<android::Client> const&, android::String8 const&, unsigned int, unsigned int, unsigned int)+2672)
01-17 15:40:35.775  1815  1815 F DEBUG   :     #11 pc 0003f1fc  /system/lib/libsurfaceflinger.so (android::BufferLayer::BufferLayer(android::SurfaceFlinger*, android::sp<android::Client> const&, android::String8 const&, unsigned int, unsigned int, unsigned int)+76)
01-17 15:40:35.775  1815  1815 F DEBUG   :     #12 pc 000a2ae8  /system/lib/libsurfaceflinger.so (android::SurfaceFlinger::createLayer(android::String8 const&, android::sp<android::Client> const&, unsigned int, unsigned int, int, unsigned int, int, int, android::sp<android::IBinder>*, android::sp<android::IGraphicBufferProducer>*, android::sp<android::Layer>*)+792)
01-17 15:40:35.775  1815  1815 F DEBUG   :     #13 pc 00048a88  /system/lib/libsurfaceflinger.so (_ZZN7android6Client13createSurfaceERKNS_7String8EjjijRKNS_2spINS_7IBinderEEEiiPS6_PNS4_INS_22IGraphicBufferProducerEEEEN18MessageCreateLayer7handlerEv$cc626c412ebb6ae9410a5876e5c2c26d+136)
01-17 15:40:35.775  1815  1815 F DEBUG   :     #14 pc 00086182  /system/lib/libsurfaceflinger.so (android::MessageBase::handleMessage(android::Message const&)+34)
01-17 15:40:35.775  1815  1815 F DEBUG   :     #15 pc 0001364e  /system/lib/libutils.so (android::Looper::pollInner(int)+414)
01-17 15:40:35.775  1815  1815 F DEBUG   :     #16 pc 0001340b  /system/lib/libutils.so (android::Looper::pollOnce(int, int*, int*, void**)+43)
01-17 15:40:35.775  1815  1815 F DEBUG   :     #17 pc 0008662d  /system/lib/libsurfaceflinger.so (android::impl::MessageQueue::waitMessage()+109)
01-17 15:40:35.775  1815  1815 F DEBUG   :     #18 pc 00098c6d  /system/lib/libsurfaceflinger.so (android::SurfaceFlinger::run()+45)
01-17 15:40:35.775  1815  1815 F DEBUG   :     #19 pc 00002884  /system/bin/surfaceflinger (main+1172)
01-17 15:40:35.775  1815  1815 F DEBUG   :     #20 pc 000c0f54  /system/lib/libc.so (__libc_init+100)
01-17 15:40:35.797  1815  1815 E crash_dump32: unable to connect to activity manager: No such file or directory
01-17 15:40:35.797  1790  1790 E /system/bin/tombstoned: Tombstone written to: /data/tombstones/tombstone_00
01-17 15:40:35.820  1571  1571 I ServiceManager: service 'SurfaceFlinger' died
01-17 15:40:35.820  1571  1571 I ServiceManager: service 'gpu' died
01-17 15:40:35.821  1799  1805 E BpSurfaceComposerClient: Failed to transact (-32)
01-17 15:40:35.821  1799  1805 E SurfaceComposerClient: SurfaceComposerClient::createSurface error Broken pipe
01-17 15:40:35.821  1799  1799 W SurfaceComposerClient: ComposerService remote (surfaceflinger) died [0xe81c7440]
01-17 15:40:35.821  1799  1799 D BootAnimation: SurfaceFlinger died, exiting...
01-17 15:40:35.821  1571  1571 I ServiceManager: service 'media.audio_flinger' died
01-17 15:40:35.821  1627  1719 I r_submix: adev_close()
01-17 15:40:35.898  1795  1795 D FingerprintHal: ----------------> fingerprint_open ----------------->
01-17 15:40:35.898  1795  1795 D FingerprintHal: ----------------> set_notify_callback ----------------->
01-17 15:40:35.898  1795  1795 D FingerprintHal: fingerprint callback notification set
01-17 15:40:35.899  1795  1830 D FingerprintHal: ----------------> listenerFunction ----------------->
01-17 15:40:35.899  1795  1795 I ServiceManagement: Removing namespace from process name android.hardware.biometrics.fingerprint@2.1-service to fingerprint@2.1-service.
01-17 15:40:35.899  1827  1827 I ServiceManagement: Removing namespace from process name android.hardware.audio@2.0-service to audio@2.0-service.
01-17 15:40:35.900  1827  1827 I audiohalservice: Registration complete for android.hardware.audio@4.0::IDevicesFactory/default.
01-17 15:40:35.903  1827  1827 I audiohalservice: Registration complete for android.hardware.audio.effect@4.0::IEffectsFactory/default.
01-17 15:40:35.903  1572  1572 W hwservicemanager: getTransport: Cannot find entry android.hardware.soundtrigger@2.1::ISoundTriggerHw/default in either framework or device manifest.
01-17 15:40:35.903  1827  1827 E audiohalservice: Could not get passthrough implementation for android.hardware.soundtrigger@2.1::ISoundTriggerHw/default.
01-17 15:40:35.904  1572  1572 W hwservicemanager: getTransport: Cannot find entry android.hardware.soundtrigger@2.0::ISoundTriggerHw/default in either framework or device manifest.
01-17 15:40:35.904  1827  1827 E SoundTriggerHalImpl: couldn't load sound trigger module sound_trigger.primary (No such file or directory)
01-17 15:40:35.905  1827  1827 I audiohalservice: Registration complete for android.hardware.soundtrigger@2.0::ISoundTriggerHw/default.
01-17 15:40:35.905  1572  1572 W hwservicemanager: getTransport: Cannot find entry android.hardware.bluetooth.a2dp@1.0::IBluetoothAudioOffload/default in either framework or device manifest.
01-17 15:40:35.905  1827  1827 E audiohalservice: Could not get passthrough implementation for android.hardware.bluetooth.a2dp@1.0::IBluetoothAudioOffload/default.
01-17 15:40:35.905  1827  1827 W audiohalservice: Could not register Bluetooth audio offload 1.0
01-17 15:40:35.941  1571  1571 I ServiceManager: service 'wificond' died
01-17 15:40:35.950  1826  1826 I FastMixerState: sMaxFastTracks = 8
01-17 15:40:35.951  1826  1826 I audioserver: ServiceManager: 0xe6c9aa60
01-17 15:40:35.951  1826  1826 W BatteryNotifier: batterystats service unavailable!
01-17 15:40:35.953  1572  1572 W hwservicemanager: getTransport: Cannot find entry android.hardware.audio@4.0::IDevicesFactory/msd in either framework or device manifest.
01-17 15:40:35.955  1826  1826 I AudioFlinger: Using default 3000 mSec as standby time.
01-17 15:40:35.956  1826  1826 I APM::ConfigParsingUtils: loadAudioPolicyConfig() loaded /vendor/etc/audio_policy.conf
01-17 15:40:35.957  1827  1831 D audio_hw_generic: Emulator host-side ALSA audio emulation detected.
01-17 15:40:35.957  1827  1831 D audio_hw_generic: mixer 0 name Master Playback Volume
01-17 15:40:35.957  1827  1831 D audio_hw_generic: set ctl 0 to 100
01-17 15:40:35.957  1827  1831 D audio_hw_generic: set ctl 1 to 100
01-17 15:40:35.957  1827  1831 D audio_hw_generic: mixer 1 name Master Playback Switch
01-17 15:40:35.957  1827  1831 D audio_hw_generic: set ctl 0 to 1
01-17 15:40:35.957  1827  1831 D audio_hw_generic: set ctl 1 to 1
01-17 15:40:35.957  1827  1831 D audio_hw_generic: mixer 2 name Capture Volume
01-17 15:40:35.957  1827  1831 D audio_hw_generic: set ctl 0 to 100
01-17 15:40:35.957  1827  1831 D audio_hw_generic: set ctl 1 to 100
01-17 15:40:35.957  1827  1831 D audio_hw_generic: mixer 3 name Capture Switch
01-17 15:40:35.957  1827  1831 D audio_hw_generic: set ctl 0 to 1
01-17 15:40:35.957  1827  1831 D audio_hw_generic: set ctl 1 to 1
01-17 15:40:35.957  1827  1831 D audio_hw_generic: mixer 4 name Line Phantom Jack
01-17 15:40:35.957  1827  1831 D audio_hw_generic: mixer 5 name Line Out Phantom Jack
01-17 15:40:35.957  1827  1831 D audio_hw_generic: mixer 6 name Playback Channel Map
01-17 15:40:35.957  1827  1831 D audio_hw_generic: mixer 7 name Capture Channel Map
01-17 15:40:35.957  1827  1831 W DeviceHAL: Error from HAL Device in function get_master_volume: Function not implemented
01-17 15:40:35.958  1827  1831 W DeviceHAL: Error from HAL Device in function get_master_mute: Function not implemented
01-17 15:40:35.958  1827  1831 W DeviceHAL: Error from HAL Device in function set_master_volume: Function not implemented
01-17 15:40:35.958  1827  1831 W DeviceHAL: Error from HAL Device in function set_master_mute: Function not implemented
01-17 15:40:35.958  1826  1826 I AudioFlinger: loadHwModule() Loaded primary audio interface, handle 10
01-17 15:40:35.958  1826  1826 I AudioFlinger: openOutput() this 0xe6cbc000, module 10 Device 0x2, SamplingRate 48000, Format 0x000001, Channels 0x3, flags 0x2
01-17 15:40:35.960  1826  1826 I AudioFlinger: HAL output buffer size 720 frames, normal sink buffer size 1152 frames
01-17 15:40:35.962  1826  1826 I BufferProvider: found effect "Multichannel Downmix To Stereo" from The Android Open Source Project
01-17 15:40:35.963  1826  1842 I AudioFlinger: AudioFlinger's thread 0xe6283c80 tid=1842 ready to run
01-17 15:40:35.963  1826  1826 I AudioFlinger: Using module 10 as the primary audio interface
01-17 15:40:35.963  1826  1842 W AudioFlinger: no wake lock to update, system not ready yet
01-17 15:40:35.963  1826  1842 W AudioFlinger: no wake lock to update, system not ready yet
01-17 15:40:35.964  1826  1826 W AudioFlinger: moveEffects() bad srcOutput 0
01-17 15:40:35.967  1826  1844 I AudioFlinger: AudioFlinger's thread 0xe5f96f00 tid=1844 ready to run
01-17 15:40:35.968  1827  1827 I r_submix: adev_open(name=audio_hw_if)
01-17 15:40:35.968  1827  1827 I r_submix: adev_init_check()
01-17 15:40:35.968  1827  1827 W DeviceHAL: Error from HAL Device in function set_master_mute: Function not implemented
01-17 15:40:35.969  1826  1826 I AudioFlinger: loadHwModule() Loaded r_submix audio interface, handle 18
01-17 15:40:35.969  1827  1827 D r_submix: adev_open_input_stream(addr=0)
01-17 15:40:35.969  1827  1827 D r_submix: submix_audio_device_create_pipe_l(addr=0, idx=9)
01-17 15:40:35.969  1827  1827 D r_submix:   now using address 0 for route 9
01-17 15:40:35.970  1826  1846 I AudioFlinger: AudioFlinger's thread 0xe5f96080 tid=1846 ready to run
01-17 15:40:35.971  1827  1827 D r_submix: adev_close_input_stream()
01-17 15:40:35.971  1827  1827 D r_submix: submix_audio_device_release_pipe_l(idx=9) addr=0
01-17 15:40:35.971  1827  1827 D r_submix: submix_audio_device_destroy_pipe_l(): pipe destroyed
01-17 15:40:35.971  1826  1826 I         : Waiting for activity service
01-17 15:40:35.989  1769  1769 I mediaserver: ServiceManager: 0xf2e1a720
01-17 15:40:36.070  1788  1788 I gatekeeperd: Starting gatekeeperd...
01-17 15:40:36.276  1572  1572 W hwservicemanager: getTransport: Cannot find entry android.hardware.keymaster@4.0::IKeymasterDevice/default in either framework or device manifest.
01-17 15:40:36.277  1768  1768 I keystore: found android.hardware.keymaster@3.0::IKeymasterDevice with interface name default and seclevel SOFTWARE
01-17 15:40:36.277  1768  1768 W keystore: No secure Keymaster implementation found, but device offers insecure Keymaster HAL. Using as default.
01-17 15:40:36.646  1775  1796 I ServiceManager: Waiting for service package_native...
01-17 15:40:36.648  1782  1782 I media.codec: mediacodecservice starting
01-17 15:40:36.654  1782  1782 W media.codec: Could not read additional policy file '/vendor/etc/seccomp_policy/mediacodec.policy'
01-17 15:40:36.654  1782  1782 W media.codec: libminijail[1782]: failed to get path of fd 5: No such file or directory
01-17 15:40:36.654  1782  1782 W media.codec: libminijail[1782]: allowing syscall: socketcall
01-17 15:40:36.654  1782  1782 W media.codec: libminijail[1782]: allowing syscall: writev
01-17 15:40:36.654  1782  1782 W media.codec: libminijail[1782]: allowing syscall: fcntl64
01-17 15:40:36.654  1782  1782 W media.codec: libminijail[1782]: allowing syscall: clock_gettime
01-17 15:40:36.654  1782  1782 W media.codec: libminijail[1782]: logging seccomp filter failures
01-17 15:40:36.729  1878  1878 E netmgr  : Failed to open QEMU pipe 'qemud:network': Invalid argument
01-17 15:40:36.730  1878  1878 E netmgr  : WifiForwarder unable to open QEMU pipe: Invalid argument
01-17 15:40:36.743  1782  1782 W MediaCodecsXmlParser: unable to open media codecs configuration xml file: /data/misc/media/media_codecs_profiling_results.xml
01-17 15:40:36.743  1782  1782 W MediaCodecsXmlParser: parseTopLevelXMLFile(/data/misc/media/media_codecs_profiling_results.xml) failed
01-17 15:40:36.745  1782  1782 I ServiceManagement: Removing namespace from process name android.hardware.media.omx@1.0-service to omx@1.0-service.
01-17 15:40:36.746  1782  1782 E vndksupport: Could not load libstagefrighthw.so from default namespace: dlopen failed: library "libstagefrighthw.so" not found.
01-17 15:40:36.747  1782  1782 W MediaCodecsXmlParser: unable to open media codecs configuration xml file: /data/misc/media/media_codecs_profiling_results.xml
01-17 15:40:36.747  1782  1782 W MediaCodecsXmlParser: parseTopLevelXMLFile(/data/misc/media/media_codecs_profiling_results.xml) failed
01-17 15:40:36.747  1782  1782 I ServiceManagement: Removing namespace from process name android.hardware.media.omx@1.0-service to omx@1.0-service.
01-17 15:40:36.748  1782  1782 I media.codec: IOmx HAL service created.
01-17 15:40:37.148  1918  1918 E hostapd : Configuration file: /data/vendor/wifi/hostapd/hostapd.conf
01-17 15:40:37.151  1918  1918 I hostapd : rfkill: Cannot get wiphy information
01-17 15:40:37.152  1918  1918 I hostapd : wlan1: interface state UNINITIALIZED->COUNTRY_UPDATE
01-17 15:40:37.665  1775  1796 I ServiceManager: Waiting for service package_native...
01-17 15:40:37.971  1915  1915 E ipv6proxy: Failed to forward Neighbor Solicitation for fe80::d0bf:9cff:fe9d:1833 from radio0-peer to eth0: Cannot assign requested address
01-17 15:40:38.688  1775  1796 I ServiceManager: Waiting for service package_native...
01-17 15:40:38.972  1915  1915 E ipv6proxy: Failed to forward Router Advertisement from eth0 to wlan1: Network is unreachable
01-17 15:40:39.303  1930  1930 I wificond: wificond is starting up...
01-17 15:40:39.332  1925  1925 I ConfigStore: android::hardware::configstore::V1_0::ISurfaceFlingerConfigs::startGraphicsAllocatorService retrieved: 0
01-17 15:40:39.332  1925  1925 I SurfaceFlinger: Using HWComposer service: 'default'
01-17 15:40:39.332  1925  1925 I SurfaceFlinger: SurfaceFlinger is starting
01-17 15:40:39.333  1925  1925 I ConfigStore: android::hardware::configstore::V1_0::ISurfaceFlingerConfigs::vsyncEventPhaseOffsetNs retrieved: 1000000 (default)
01-17 15:40:39.333  1925  1925 I ConfigStore: android::hardware::configstore::V1_0::ISurfaceFlingerConfigs::vsyncSfEventPhaseOffsetNs retrieved: 1000000 (default)
01-17 15:40:39.333  1925  1925 I ConfigStore: android::hardware::configstore::V1_0::ISurfaceFlingerConfigs::hasSyncFramework retrieved: 1
01-17 15:40:39.334  1925  1925 I ConfigStore: android::hardware::configstore::V1_0::ISurfaceFlingerConfigs::presentTimeOffsetFromVSyncNs retrieved: 0
01-17 15:40:39.334  1925  1925 I ConfigStore: android::hardware::configstore::V1_0::ISurfaceFlingerConfigs::useHwcForRGBtoYUV retrieved: 0
01-17 15:40:39.334  1925  1925 I ConfigStore: android::hardware::configstore::V1_0::ISurfaceFlingerConfigs::maxVirtualDisplaySize retrieved: 0 (default)
01-17 15:40:39.335  1925  1925 I ConfigStore: android::hardware::configstore::V1_0::ISurfaceFlingerConfigs::useVrFlinger retrieved: 0 (default)
01-17 15:40:39.335  1925  1925 I ConfigStore: android::hardware::configstore::V1_0::ISurfaceFlingerConfigs::maxFrameBufferAcquiredBuffers retrieved: 3
01-17 15:40:39.335  1925  1925 I ConfigStore: android::hardware::configstore::V1_0::ISurfaceFlingerConfigs::hasWideColorDisplay retrieved: 0
01-17 15:40:39.335  1572  1572 W hwservicemanager: getTransport: Cannot find entry android.hardware.configstore@1.1::ISurfaceFlingerConfigs/default in either framework or device manifest.
01-17 15:40:39.336  1925  1925 I ConfigStore: android::hardware::configstore::V1_1::ISurfaceFlingerConfigs::primaryDisplayOrientation retrieved: ORIENTATION_0 (default)
01-17 15:40:39.336  1925  1925 I SurfaceFlinger: Enabling HWC virtual displays
01-17 15:40:39.336  1925  1925 I SurfaceFlinger: Disabling Triple Buffering
01-17 15:40:39.336  1925  1925 I SurfaceFlinger: Treble testing override: 'false'
01-17 15:40:39.336  1925  1925 I SurfaceFlinger: SurfaceFlinger's main thread ready to run. Initializing graphics H/W...
01-17 15:40:39.336  1925  1925 I SurfaceFlinger: Phase offest NS: 1000000
01-17 15:40:39.336  1925  1925 D libEGL  : Emulator has host GPU support, qemu.gles is set to 1.
01-17 15:40:39.337  1925  1925 E vndksupport: Could not load /vendor/lib/egl/libGLES_emulation.so from sphal namespace: dlopen failed: library "/vendor/lib/egl/libGLES_emulation.so" not found.
01-17 15:40:39.337  1925  1925 E libEGL  : load_driver(/vendor/lib/egl/libGLES_emulation.so): unknown
01-17 15:40:39.339  1925  1925 D libEGL  : loaded /vendor/lib/egl/libEGL_emulation.so
01-17 15:40:39.340  1925  1925 D libEGL  : loaded /vendor/lib/egl/libGLESv1_CM_emulation.so
01-17 15:40:39.348  1925  1925 D libEGL  : loaded /vendor/lib/egl/libGLESv2_emulation.so
01-17 15:40:39.356  1925  1925 D HostConnection: HostConnection::get() New Host Connection established 0xedaa4410, tid 1925
01-17 15:40:39.360  1925  1925 D HostConnection: HostComposition ext ANDROID_EMU_CHECKSUM_HELPER_v1 ANDROID_EMU_native_sync_v2 ANDROID_EMU_native_sync_v3 ANDROID_EMU_native_sync_v4 ANDROID_EMU_dma_v1 ANDROID_EMU_YUV420_888_to_NV21 ANDROID_EMU_YUV_Cache ANDROID_EMU_sync_buffer_data GL_OES_EGL_image_external_essl3 GL_OES_vertex_array_object GL_KHR_texture_compression_astc_ldr ANDROID_EMU_host_side_tracing ANDROID_EMU_gles_max_version_3_0 
01-17 15:40:39.363  1925  1925 I ConfigStore: android::hardware::configstore::V1_0::ISurfaceFlingerConfigs::hasWideColorDisplay retrieved: 0
01-17 15:40:39.363  1925  1925 I ConfigStore: android::hardware::configstore::V1_0::ISurfaceFlingerConfigs::hasHDRDisplay retrieved: 0
01-17 15:40:39.363  1925  1925 I SurfaceFlinger: EGL information:
01-17 15:40:39.363  1925  1925 I SurfaceFlinger: vendor    : Android
01-17 15:40:39.363  1925  1925 I SurfaceFlinger: version   : 1.4 Android META-EGL
01-17 15:40:39.363  1925  1925 I SurfaceFlinger: extensions: EGL_KHR_get_all_proc_addresses EGL_ANDROID_presentation_time EGL_KHR_swap_buffers_with_damage EGL_ANDROID_get_native_client_buffer EGL_ANDROID_front_buffer_auto_refresh EGL_ANDROID_get_frame_timestamps EGL_EXT_surface_SMPTE2086_metadata EGL_EXT_surface_CTA861_3_metadata EGL_KHR_image EGL_KHR_image_base EGL_KHR_gl_texture_2D_image EGL_KHR_fence_sync EGL_KHR_create_context EGL_ANDROID_image_native_buffer EGL_KHR_wait_sync EGL_ANDROID_recordable 
01-17 15:40:39.363  1925  1925 I SurfaceFlinger: Client API: OpenGL_ES
01-17 15:40:39.363  1925  1925 I SurfaceFlinger: EGLSurface: 8-8-8-8, config=0x2
01-17 15:40:39.365  1925  1925 D eglCodecCommon: setVertexArrayObject: set vao to 0 (0) 0 0
01-17 15:40:39.365  1925  1925 D EGL_emulation: eglCreateContext: 0xedaa0ae0: maj 3 min 0 rcv 3
01-17 15:40:39.366  1925  1925 D EGL_emulation: eglMakeCurrent: 0xedaa0ae0: ver 3 0 (tinfo 0xeda9c310)
01-17 15:40:39.367  1926  1926 D AndroidRuntime: >>>>>> START com.android.internal.os.ZygoteInit uid 0 <<<<<<
01-17 15:40:39.368  1925  1925 I SurfaceFlinger: OpenGL ES informations:
01-17 15:40:39.368  1925  1925 I SurfaceFlinger: vendor    : Google (Intel Inc.)
01-17 15:40:39.368  1925  1925 I SurfaceFlinger: renderer  : Android Emulator OpenGL ES Translator (Intel(R) Iris(TM) Plus Graphics 655)
01-17 15:40:39.368  1925  1925 I SurfaceFlinger: version   : OpenGL ES 3.0 (4.1 INTEL-18.7.4)
01-17 15:40:39.368  1925  1925 I SurfaceFlinger: extensions: GL_EXT_debug_marker GL_EXT_robustness GL_OES_EGL_sync GL_OES_EGL_image GL_OES_EGL_image_external GL_OES_depth24 GL_OES_depth32 GL_OES_element_index_uint GL_OES_texture_float GL_OES_texture_float_linear GL_OES_compressed_paletted_texture GL_OES_compressed_ETC1_RGB8_texture GL_OES_depth_texture GL_OES_texture_npot GL_OES_rgb8_rgba8 GL_EXT_color_buffer_float GL_EXT_color_buffer_half_float GL_EXT_texture_format_BGRA8888 GL_APPLE_texture_format_BGRA8888 ANDROID_EMU_CHECKSUM_HELPER_v1 ANDROID_EMU_native_sync_v2 ANDROID_EMU_native_sync_v3 ANDROID_EMU_native_sync_v4 ANDROID_EMU_dma_v1 ANDROID_EMU_YUV420_888_to_NV21 ANDROID_EMU_YUV_Cache ANDROID_EMU_sync_buffer_data GL_OES_EGL_image_external_essl3 GL_OES_vertex_array_object GL_KHR_texture_compression_astc_ldr ANDROID_EMU_host_side_tracing ANDROID_EMU_gles_max_version_3_0 
01-17 15:40:39.368  1925  1925 I SurfaceFlinger: GL_MAX_TEXTURE_SIZE = 16384
01-17 15:40:39.368  1925  1925 I SurfaceFlinger: GL_MAX_VIEWPORT_DIMS = 16384
01-17 15:40:39.376  1637  1701 D gralloc_ranchu: gralloc_alloc: Creating ashmem region of size 16592896
01-17 15:40:39.376  1925  1925 D HostConnection: createUnique: call
01-17 15:40:39.377  1925  1925 D HostConnection: HostConnection::get() New Host Connection established 0xedaa5b30, tid 1925
01-17 15:40:39.386  1925  1925 D HostConnection: HostComposition ext ANDROID_EMU_CHECKSUM_HELPER_v1 ANDROID_EMU_native_sync_v2 ANDROID_EMU_native_sync_v3 ANDROID_EMU_native_sync_v4 ANDROID_EMU_dma_v1 ANDROID_EMU_YUV420_888_to_NV21 ANDROID_EMU_YUV_Cache ANDROID_EMU_sync_buffer_data GL_OES_EGL_image_external_essl3 GL_OES_vertex_array_object GL_KHR_texture_compression_astc_ldr ANDROID_EMU_host_side_tracing ANDROID_EMU_gles_max_version_3_0 
01-17 15:40:39.387  1925  1925 E eglCodecCommon: GoldfishAddressSpaceHostMemoryAllocator: ioctl_ping failed for device_type=5, ret=-1
01-17 15:40:39.387  1925  1925 E HWComposer: getSupportedPerFrameMetadata: getSupportedPerFrameMetadata failed for display 0: Unsupported (8)
01-17 15:40:39.387  1637  1701 D gralloc_ranchu: gralloc_alloc: Creating ashmem region of size 16592896
01-17 15:40:39.388  1637  1637 D gralloc_ranchu: gralloc_alloc: Creating ashmem region of size 16592896
01-17 15:40:39.389  1925  1925 D EGL_emulation: eglMakeCurrent: 0xedaa0ae0: ver 3 0 (tinfo 0xeda9c310)
01-17 15:40:39.446  1925  1925 D SurfaceFlinger: shader cache generated - 24 shaders in 56.021786 ms
01-17 15:40:39.447  1925  1925 D SurfaceFlinger: Set power mode=2, type=0 flinger=0xedac6000
01-17 15:40:39.448  1925  1925 D SurfaceFlinger: Finished set power mode=2, type=0
01-17 15:40:39.525  1929  1929 I Netd    : Netd 1.0 starting
01-17 15:40:39.548  1928  1928 I mediaserver: ServiceManager: 0xe6a1ab60
01-17 15:40:39.549  1925  1932 E SurfaceFlinger: ro.sf.lcd_density must be defined as a build property
01-17 15:40:39.551  1941  1944 D libEGL  : Emulator has host GPU support, qemu.gles is set to 1.
01-17 15:40:39.552  1941  1944 E vndksupport: Could not load /vendor/lib/egl/libGLES_emulation.so from sphal namespace: dlopen failed: library "/vendor/lib/egl/libGLES_emulation.so" not found.
01-17 15:40:39.552  1941  1944 E libEGL  : load_driver(/vendor/lib/egl/libGLES_emulation.so): unknown
01-17 15:40:39.555  1941  1944 D libEGL  : loaded /vendor/lib/egl/libEGL_emulation.so
01-17 15:40:39.556  1941  1944 D libEGL  : loaded /vendor/lib/egl/libGLESv1_CM_emulation.so
01-17 15:40:39.565  1941  1944 D libEGL  : loaded /vendor/lib/egl/libGLESv2_emulation.so
01-17 15:40:39.574  1941  1944 D HostConnection: HostConnection::get() New Host Connection established 0xee7a14a0, tid 1944
01-17 15:40:39.579  1928  1928 W BatteryNotifier: batterystats service unavailable!
01-17 15:40:39.587  1941  1944 D HostConnection: HostComposition ext ANDROID_EMU_CHECKSUM_HELPER_v1 ANDROID_EMU_native_sync_v2 ANDROID_EMU_native_sync_v3 ANDROID_EMU_native_sync_v4 ANDROID_EMU_dma_v1 ANDROID_EMU_YUV420_888_to_NV21 ANDROID_EMU_YUV_Cache ANDROID_EMU_sync_buffer_data GL_OES_EGL_image_external_essl3 GL_OES_vertex_array_object GL_KHR_texture_compression_astc_ldr ANDROID_EMU_host_side_tracing ANDROID_EMU_gles_max_version_3_0 
01-17 15:40:39.589  1941  1944 I ConfigStore: android::hardware::configstore::V1_0::ISurfaceFlingerConfigs::hasWideColorDisplay retrieved: 0
01-17 15:40:39.589  1941  1944 I ConfigStore: android::hardware::configstore::V1_0::ISurfaceFlingerConfigs::hasHDRDisplay retrieved: 0
01-17 15:40:39.590  1637  1637 D gralloc_ranchu: gralloc_alloc: Creating ashmem region of size 16592896
01-17 15:40:39.594  1941  1944 D HostConnection: createUnique: call
01-17 15:40:39.595  1941  1944 D HostConnection: HostConnection::get() New Host Connection established 0xee7a1540, tid 1944
01-17 15:40:39.597  1929  1929 D TetherController: Setting IP forward enable = 0
01-17 15:40:39.608  1941  1944 D HostConnection: HostComposition ext ANDROID_EMU_CHECKSUM_HELPER_v1 ANDROID_EMU_native_sync_v2 ANDROID_EMU_native_sync_v3 ANDROID_EMU_native_sync_v4 ANDROID_EMU_dma_v1 ANDROID_EMU_YUV420_888_to_NV21 ANDROID_EMU_YUV_Cache ANDROID_EMU_sync_buffer_data GL_OES_EGL_image_external_essl3 GL_OES_vertex_array_object GL_KHR_texture_compression_astc_ldr ANDROID_EMU_host_side_tracing ANDROID_EMU_gles_max_version_3_0 
01-17 15:40:39.608  1941  1944 E eglCodecCommon: GoldfishAddressSpaceHostMemoryAllocator: ioctl_ping failed for device_type=5, ret=-1
01-17 15:40:39.610  1941  1944 D eglCodecCommon: setVertexArrayObject: set vao to 0 (0) 0 0
01-17 15:40:39.610  1941  1944 D EGL_emulation: eglCreateContext: 0xee7994e0: maj 1 min 0 rcv 1
01-17 15:40:39.621  1941  1944 D EGL_emulation: eglMakeCurrent: 0xee7994e0: ver 1 0 (tinfo 0xee78f0b0)
01-17 15:40:39.637  1941  1944 D BootAnimation: BootAnimationShownTiming start time: 19637ms
01-17 15:40:39.637  1941  1950 E BootAnimation: Could not add watch for /data/system
01-17 15:40:39.654  1637  1637 D gralloc_ranchu: gralloc_alloc: Creating ashmem region of size 16592896
01-17 15:40:39.663  1925  1925 I SurfaceFlinger: Enter boot animation
01-17 15:40:39.664  1798  1937 E eglCodecCommon: GoldfishAddressSpaceHostMemoryAllocator: ioctl_ping failed for device_type=5, ret=-1
01-17 15:40:39.677  1927  1927 I cameraserver: ServiceManager: 0xf1f9a700
01-17 15:40:39.677  1927  1927 I CameraService: CameraService started (pid=1927)
01-17 15:40:39.677  1927  1927 I CameraService: CameraService process starting
01-17 15:40:39.677  1927  1927 W BatteryNotifier: batterystats service unavailable!
01-17 15:40:39.678  1927  1927 W BatteryNotifier: batterystats service unavailable!
01-17 15:40:39.680  1927  1927 I CameraProviderManager: Connecting to new camera provider: legacy/0, isRemote? 1
01-17 15:40:39.681  1927  1927 I CameraProviderManager: Enumerating new camera device: device@3.3/legacy/0
01-17 15:40:39.683  1927  1927 I CameraProviderManager: Enumerating new camera device: device@3.3/legacy/1
01-17 15:40:39.684  1927  1927 I CameraProviderManager: Camera provider legacy/0 ready with 2 camera devices
01-17 15:40:39.684  1572  1572 W hwservicemanager: getTransport: Cannot find entry android.hardware.camera.provider@2.4::ICameraProvider/external/0 in either framework or device manifest.
01-17 15:40:39.684  1927  1953 W CameraProviderManager: addProviderLocked: Camera provider HAL with name 'legacy/0' already registered
01-17 15:40:39.688  1929  1929 I Netd    : Creating child chains: 83.5ms
01-17 15:40:39.688  1929  1929 I Netd    : Setting up OEM hooks: 0.1ms
01-17 15:40:39.690  1929  1929 I Netd    : Setting up FirewallController hooks: 1.8ms
01-17 15:40:39.691  1929  1929 I Netd    : Setting up TetherController hooks: 1.4ms
01-17 15:40:39.692  1929  1929 I Netd    : Setting up BandwidthController hooks: 0.9ms
01-17 15:40:39.692  1929  1929 I Netd    : Setting up IdletimerController hooks: 0.1ms
01-17 15:40:39.692  1929  1929 I Netd    : initializing traffic control: 0.0ms
01-17 15:40:39.694  1929  1929 I Netd    : Disabling bandwidth control: 1.9ms
01-17 15:40:39.694  1929  1929 E Netd    : cannot find interface dummy0
01-17 15:40:39.694  1929  1929 I Netd    : Initializing RouteController: 0.5ms
01-17 15:40:39.695  1929  1929 D XfrmController: Sending Netlink XFRM Message: XFRM_MSG_FLUSHSA
01-17 15:40:39.695  1929  1929 D XfrmController: Sending Netlink XFRM Message: XFRM_MSG_FLUSHPOLICY
01-17 15:40:39.695  1929  1929 I Netd    : Initializing XfrmController: 0.4ms
01-17 15:40:39.695  1929  1929 E Netd    : Unable to create netlink socket: Protocol not supported
01-17 15:40:39.695  1929  1929 W Netd    : Unable to open qlog quota socket, check if xt_quota2 can send via UeventHandler
01-17 15:40:39.696  1929  1929 D MDnsDS  : MDnsSdListener::Hander starting up
01-17 15:40:39.696  1929  1960 D MDnsDS  : MDnsSdListener starting to monitor
01-17 15:40:39.696  1929  1960 D MDnsDS  : Going to poll with pollCount 1
01-17 15:40:39.696  1929  1929 I Netd    : Registering NetdNativeService: 0.6ms
01-17 15:40:39.697  1929  1929 I Netd    : Starting CommandListener: 0.1ms
01-17 15:40:39.698  1929  1929 I Netd    : Registering NetdHwService: 1.5ms
01-17 15:40:39.698  1929  1929 I Netd    : Netd started in 173ms
01-17 15:40:39.704  1927  1927 I CameraHardwareInterface: Opening camera 0
01-17 15:40:39.704  1927  1927 E CameraHardwareInterface: initialize: openSession failed! No such file or directory (-2)
01-17 15:40:39.704  1927  1927 E CameraFlashlight: connectCameraDevice: initializing camera 0 failed
01-17 15:40:39.704  1927  1927 I CameraHardwareInterface: Destroying camera 0
01-17 15:40:39.704  1927  1927 E CameraFlashlight: findFlashUnits: failed to check if camera 0 has a flash unit. No such file or directory (-2)
01-17 15:40:39.704  1927  1927 I CameraHardwareInterface: Opening camera 1
01-17 15:40:39.704  1927  1927 E CameraHardwareInterface: initialize: openSession failed! No such file or directory (-2)
01-17 15:40:39.704  1927  1927 E CameraFlashlight: connectCameraDevice: initializing camera 1 failed
01-17 15:40:39.704  1927  1927 I CameraHardwareInterface: Destroying camera 1
01-17 15:40:39.704  1927  1927 E CameraFlashlight: findFlashUnits: failed to check if camera 1 has a flash unit. No such file or directory (-2)
01-17 15:40:39.704  1927  1927 I CameraService: onDeviceStatusChanged: Status changed for cameraId=1, newStatus=1
01-17 15:40:39.704  1927  1927 I CameraService: onDeviceStatusChanged: Unknown camera ID 1, a new camera is added
01-17 15:40:39.705  1927  1953 I CameraService: onDeviceStatusChanged: Status changed for cameraId=1, newStatus=1
01-17 15:40:39.705  1927  1953 I CameraService: onDeviceStatusChanged: Status changed for cameraId=0, newStatus=1
01-17 15:40:39.705  1927  1953 I CameraService: onDeviceStatusChanged: Unknown camera ID 0, a new camera is added
01-17 15:40:39.705  1927  1927 I CameraService: onDeviceStatusChanged: Status changed for cameraId=0, newStatus=1
01-17 15:40:39.705  1775  1796 I ServiceManager: Waiting for service package_native...
01-17 15:40:39.706  1927  1927 I         : Waiting for activity service
01-17 15:40:39.724  1926  1926 I zygote  : option[0]=-Xzygote
01-17 15:40:39.724  1926  1926 I zygote  : option[1]=-Xusetombstonedtraces
01-17 15:40:39.724  1926  1926 I zygote  : option[2]=exit
01-17 15:40:39.724  1926  1926 I zygote  : option[3]=vfprintf
01-17 15:40:39.724  1926  1926 I zygote  : option[4]=sensitiveThread
01-17 15:40:39.724  1926  1926 I zygote  : option[5]=-verbose:gc
01-17 15:40:39.724  1926  1926 I zygote  : option[6]=-Xms4m
01-17 15:40:39.724  1926  1926 I zygote  : option[7]=-Xmx384m
01-17 15:40:39.724  1926  1926 I zygote  : option[8]=-Xusejit:true
01-17 15:40:39.724  1926  1926 I zygote  : option[9]=-Xjitsaveprofilinginfo
01-17 15:40:39.724  1926  1926 I zygote  : option[10]=-XjdwpOptions:suspend=n,server=y
01-17 15:40:39.724  1926  1926 I zygote  : option[11]=-XjdwpProvider:default
01-17 15:40:39.724  1926  1926 I zygote  : option[12]=-Xlockprofthreshold:500
01-17 15:40:39.724  1926  1926 I zygote  : option[13]=-Ximage-compiler-option
01-17 15:40:39.724  1926  1926 I zygote  : option[14]=--runtime-arg
01-17 15:40:39.724  1926  1926 I zygote  : option[15]=-Ximage-compiler-option
01-17 15:40:39.724  1926  1926 I zygote  : option[16]=-Xms64m
01-17 15:40:39.724  1926  1926 I zygote  : option[17]=-Ximage-compiler-option
01-17 15:40:39.724  1926  1926 I zygote  : option[18]=--runtime-arg
01-17 15:40:39.724  1926  1926 I zygote  : option[19]=-Ximage-compiler-option
01-17 15:40:39.724  1926  1926 I zygote  : option[20]=-Xmx64m
01-17 15:40:39.724  1926  1926 I zygote  : option[21]=-Ximage-compiler-option
01-17 15:40:39.724  1926  1926 I zygote  : option[22]=--profile-file=/system/etc/boot-image.prof
01-17 15:40:39.724  1926  1926 I zygote  : option[23]=-Ximage-compiler-option
01-17 15:40:39.724  1926  1926 I zygote  : option[24]=--compiler-filter=speed-profile
01-17 15:40:39.724  1926  1926 I zygote  : option[25]=-Xcompiler-option
01-17 15:40:39.724  1926  1926 I zygote  : option[26]=--runtime-arg
01-17 15:40:39.724  1926  1926 I zygote  : option[27]=-Xcompiler-option
01-17 15:40:39.724  1926  1926 I zygote  : option[28]=-Xms64m
01-17 15:40:39.724  1926  1926 I zygote  : option[29]=-Xcompiler-option
01-17 15:40:39.724  1926  1926 I zygote  : option[30]=--runtime-arg
01-17 15:40:39.724  1926  1926 I zygote  : option[31]=-Xcompiler-option
01-17 15:40:39.724  1926  1926 I zygote  : option[32]=-Xmx512m
01-17 15:40:39.724  1926  1926 I zygote  : option[33]=-Ximage-compiler-option
01-17 15:40:39.724  1926  1926 I zygote  : option[34]=--instruction-set-variant=x86
01-17 15:40:39.724  1926  1926 I zygote  : option[35]=-Xcompiler-option
01-17 15:40:39.724  1926  1926 I zygote  : option[36]=--instruction-set-variant=x86
01-17 15:40:39.724  1926  1926 I zygote  : option[37]=-Ximage-compiler-option
01-17 15:40:39.724  1926  1926 I zygote  : option[38]=--instruction-set-features=default
01-17 15:40:39.724  1926  1926 I zygote  : option[39]=-Xcompiler-option
01-17 15:40:39.724  1926  1926 I zygote  : option[40]=--instruction-set-features=default
01-17 15:40:39.724  1926  1926 I zygote  : option[41]=-Duser.locale=en-US
01-17 15:40:39.724  1926  1926 I zygote  : option[42]=-XX:NativeBridge=libndk_translation.so
01-17 15:40:39.724  1926  1926 I zygote  : option[43]=--cpu-abilist=x86,armeabi-v7a,armeabi
01-17 15:40:39.724  1926  1926 I zygote  : option[44]=-Xfingerprint:google/sdk_gphone_x86_arm/generic_x86_arm:9/PSR1.180720.122/6736742:userdebug/dev-keys
01-17 15:40:39.808  1775  1796 W ServiceManager: Service package_native didn't start. Returning NULL
01-17 15:40:39.808  1775  1796 E storaged: getService package_native failed
01-17 15:40:39.813  1775  1796 I storaged: storaged: Start
01-17 15:40:39.814  1775  1796 E storaged: getDiskStats failed with result NOT_SUPPORTED and size 0
01-17 15:40:39.863  1926  1926 I zygote  : VerifyImage: /system/bin/patchoat --input-image-location=/system/framework/boot.art --output-image-directory=/data/dalvik-cache/x86 --instruction-set=x86 --verify
01-17 15:40:40.733  1775  1796 I ServiceManager: Waiting for service package_native...
01-17 15:40:41.166  1637  1637 D gralloc_ranchu: gralloc_alloc: Creating ashmem region of size 16592896
01-17 15:40:41.216  1968  1968 E patchoat: Unable to open relocated image file  /data/dalvik-cache/x86/system@framework@boot.art
01-17 15:40:41.219  1926  1926 W zygote  : Failed execv(/system/bin/patchoat --input-image-location=/system/framework/boot.art --output-image-directory=/data/dalvik-cache/x86 --instruction-set=x86 --verify) because non-0 exit status Preemptively pruning the dalvik cache.
01-17 15:40:41.219  1926  1926 I zygote  : Pruning dalvik-cache since we are relocating an image and will need to recompile
01-17 15:40:41.219  1926  1926 I zygote  : RelocateImage: /system/bin/patchoat --input-image-location=/system/framework/boot.art --output-image-directory=/data/dalvik-cache/x86 --instruction-set=x86 --base-offset-delta=-4628480
01-17 15:40:41.750  1775  1796 I ServiceManager: Waiting for service package_native...
01-17 15:40:42.164  1918  1918 I hostapd : wlan1: interface state COUNTRY_UPDATE->HT_SCAN
01-17 15:40:42.764  1775  1796 I ServiceManager: Waiting for service package_native...
01-17 15:40:43.482  1918  1918 E hostapd : Using interface wlan1 with hwaddr 02:15:b2:00:01:00 and ssid "AndroidWifi"
01-17 15:40:43.483  1918  1918 I hostapd : wlan1: interface state HT_SCAN->ENABLED
01-17 15:40:43.483  1918  1918 I hostapd : wlan1: AP-ENABLED 
01-17 15:40:43.781  1775  1796 I ServiceManager: Waiting for service package_native...
01-17 15:40:44.428  1926  1926 D Zygote  : begin preload
01-17 15:40:44.428  1926  1926 I Zygote  : Installing ICU cache reference pinning...
01-17 15:40:44.428  1926  1926 I Zygote  : Preloading ICU data...
01-17 15:40:44.775  1926  1926 D Zygote32Timing: BeginIcuCachePinning took to complete: 347ms
01-17 15:40:44.776  1926  1926 I Zygote  : Preloading classes...
01-17 15:40:44.794  1775  1796 I ServiceManager: Waiting for service package_native...
01-17 15:40:44.896  1775  1796 W ServiceManager: Service package_native didn't start. Returning NULL
01-17 15:40:44.896  1775  1796 E storaged: getService package_native failed
01-17 15:40:44.944  1926  1926 I PackageBackwardCompatibility: Loaded android.content.pm.OrgApacheHttpLegacyUpdater
01-17 15:40:44.945  1926  1926 I PackageBackwardCompatibility: Could not find android.content.pm.AndroidTestBaseUpdater, ignoring
01-17 15:40:47.486  1926  1926 E ActivityRecognitionHardware: activity_recognition HAL is deprecated. class_init is effectively a no-op
01-17 15:40:47.809  1926  1926 I zygote  : Thread[1,tid=1926,Native,Thread*=0xf04dc000,peer=0x12cc0110,"main"] recursive attempt to load library "/system/lib/libmedia_jni.so"
01-17 15:40:47.810  1926  1926 D MtpDeviceJNI: register_android_mtp_MtpDevice
01-17 15:40:47.810  1926  1926 I zygote  : Thread[1,tid=1926,Native,Thread*=0xf04dc000,peer=0x12cc0110,"main"] recursive attempt to load library "/system/lib/libmedia_jni.so"
01-17 15:40:47.810  1926  1926 I zygote  : Thread[1,tid=1926,Native,Thread*=0xf04dc000,peer=0x12cc0110,"main"] recursive attempt to load library "/system/lib/libmedia_jni.so"
01-17 15:40:48.424  1926  1926 I Zygote  : ...preloaded 6535 classes in 3648ms.
01-17 15:40:48.424  1926  1926 I zygote  : VMRuntime.preloadDexCaches starting
01-17 15:40:48.484  1926  1926 I zygote  : VMRuntime.preloadDexCaches strings total=339033 before=12306 after=12306
01-17 15:40:48.485  1926  1926 I zygote  : VMRuntime.preloadDexCaches types total=31350 before=7821 after=7822
01-17 15:40:48.485  1926  1926 I zygote  : VMRuntime.preloadDexCaches fields total=140738 before=9181 after=9181
01-17 15:40:48.485  1926  1926 I zygote  : VMRuntime.preloadDexCaches methods total=247730 before=12783 after=12783
01-17 15:40:48.485  1926  1926 I zygote  : VMRuntime.preloadDexCaches finished
01-17 15:40:48.485  1926  1926 D Zygote32Timing: PreloadClasses took to complete: 3710ms
01-17 15:40:48.844  1926  1926 I Zygote  : Preloading resources...
01-17 15:40:48.954  1926  1926 W Resources: Preloaded drawable resource #0x1080265 (android:drawable/dialog_background_material) that varies with configuration!!
01-17 15:40:48.993  1926  1926 I Zygote  : ...preloaded 64 resources in 149ms.
01-17 15:40:48.995  1926  1926 I Zygote  : ...preloaded 41 resources in 2ms.
01-17 15:40:48.995  1926  1926 D Zygote32Timing: PreloadResources took to complete: 510ms
01-17 15:40:49.000  1926  1926 D libEGL  : Emulator has host GPU support, qemu.gles is set to 1.
01-17 15:40:49.001  1926  1926 E vndksupport: Could not load /vendor/lib/egl/libGLES_emulation.so from sphal namespace: dlopen failed: library "/vendor/lib/egl/libGLES_emulation.so" not found.
01-17 15:40:49.001  1926  1926 E libEGL  : load_driver(/vendor/lib/egl/libGLES_emulation.so): unknown
01-17 15:40:49.004  1926  1926 D libEGL  : loaded /vendor/lib/egl/libEGL_emulation.so
01-17 15:40:49.005  1926  1926 D libEGL  : loaded /vendor/lib/egl/libGLESv1_CM_emulation.so
01-17 15:40:49.019  1926  1926 D libEGL  : loaded /vendor/lib/egl/libGLESv2_emulation.so
01-17 15:40:49.029  1926  1926 I Zygote  : Preloading shared libraries...
01-17 15:40:49.082  1926  1926 I Zygote  : Uninstalled ICU cache reference pinning...
01-17 15:40:49.094  1926  1926 I Zygote  : Installed AndroidKeyStoreProvider in 12ms.
01-17 15:40:49.102  1926  1926 I Zygote  : Warmed up JCA providers in 8ms.
01-17 15:40:49.102  1926  1926 D Zygote  : end preload
01-17 15:40:49.102  1926  1926 D Zygote32Timing: ZygotePreload took to complete: 4674ms
01-17 15:40:49.102  1926  1926 I zygote  : Waiting for a blocking GC Explicit
