01-17 15:41:10.805  1978  1978 I SystemServer: MakeCommonTimeManagementServiceReady
01-17 15:41:10.805  1978  1992 E GnssLocationProvider: Unable to initialize GNSS Xtra interface
01-17 15:41:10.805  1978  1992 I GnssLocationProvider: Unable to Initialize AGnss interface
01-17 15:41:10.805  1978  1992 I GnssLocationProvider: Unable to initialize GNSS Geofencing interface
01-17 15:41:10.805  1978  1992 I GnssLocationProvider: Unable to initialize GNSS NI interface
01-17 15:41:10.805  1978  1992 I GnssLocationProvider: Unable to Initialize AGnss Ril interface
01-17 15:41:10.806  1978  1992 E GnssLocationProvider: no AGPS interface in set_agps_server
01-17 15:41:10.806  1978  1978 I CommonTimeManagementService: No common time service detected on this platform.  Common time services will be unavailable.
01-17 15:41:10.806  1978  1978 D SystemServerTiming: MakeCommonTimeManagementServiceReady took to complete: 1ms
01-17 15:41:10.806  1978  1978 I SystemServer: MakeInputManagerServiceReady
01-17 15:41:10.806  1978  1992 E GnssBatchingProvider: Failed to initialize GNSS batching
01-17 15:41:10.806  1978  1992 I GnssLocationProvider: WakeLock released by handleMessage(ENABLE, 1, null)
01-17 15:41:10.806  1978  1978 D SystemServerTiming: MakeInputManagerServiceReady took to complete: 0ms
01-17 15:41:10.806  1978  1992 I GnssLocationProvider: No GNSS Satellite Blacklist interface available
01-17 15:41:10.806  1978  1978 I SystemServer: MakeTelephonyRegistryReady
01-17 15:41:10.806  1978  1992 I GnssLocationProvider: restartRequests
01-17 15:41:10.806  1978  1978 D SystemServerTiming: MakeTelephonyRegistryReady took to complete: 0ms
01-17 15:41:10.807  1978  1978 I SystemServer: MakeMediaRouterServiceReady
01-17 15:41:10.807  1978  1978 D SystemServerTiming: MakeMediaRouterServiceReady took to complete: 0ms
01-17 15:41:10.807  1978  1978 I SystemServer: MakeMmsServiceReady
01-17 15:41:10.807  1978  1978 I MmsServiceBroker: Delay connecting to MmsService until an API is called
01-17 15:41:10.807  1978  1978 D SystemServerTiming: MakeMmsServiceReady took to complete: 0ms
01-17 15:41:10.807  1978  1978 I SystemServer: IncidentDaemonReady
01-17 15:41:10.807  1978  1978 D SystemServerTiming: IncidentDaemonReady took to complete: 0ms
01-17 15:41:10.807  1978  1978 I SystemServiceManager: Calling onStartUser u0
01-17 15:41:10.808  1978  2053 I InputReader: Reconfiguring input devices.  changes=0x00000020
01-17 15:41:10.809  1978  2053 I InputReader: Reconfiguring input devices.  changes=0x00000010
01-17 15:41:10.883  1978  1978 I ActivityManager: START u0 {act=android.intent.action.MAIN cat=[android.intent.category.HOME] flg=0x10000100 cmp=com.android.settings/.CryptKeeper} from uid 0
01-17 15:41:10.887  1978  1978 I ActivityManager: Loaded persisted task ids for user 0
01-17 15:41:10.924  1978  2190 I GnssLocationProvider: WakeLock acquired by sendMessage(REPORT_SV_STATUS, 0, com.android.server.location.GnssLocationProvider$SvStatusInfo@7f569d3)
01-17 15:41:10.924  1978  1992 I GnssLocationProvider: WakeLock released by handleMessage(REPORT_SV_STATUS, 0, com.android.server.location.GnssLocationProvider$SvStatusInfo@7f569d3)
01-17 15:41:11.330  1770  1854 W MediaExtractorFactory: couldn't dlopen(/system/lib/extractors/.) Is a directory
01-17 15:41:11.435  1770  1854 E linker  : library "/system/lib/extractors/.." ("/system/lib") needed or dlopened by "/system/lib/libstagefright.so" is not accessible for the namespace: [name="(default)", ld_library_paths="", default_library_paths="/system/lib", permitted_paths="/system/lib/drm:/system/lib/extractors:/system/lib/hw:/system/product/lib:/system/framework:/system/app:/system/priv-app:/vendor/framework:/vendor/app:/vendor/priv-app:/odm/framework:/odm/app:/odm/priv-app:/oem/app:/system/product/framework:/system/product/app:/system/product/priv-app:/data:/mnt/expand"]
01-17 15:41:11.435  1770  1854 W MediaExtractorFactory: couldn't dlopen(/system/lib/extractors/..) Is a directory
01-17 15:41:11.525  1978  1978 W system_server: Framework Matrix: Ignore file /system/etc/vintf/manifest.xml: 
01-17 15:41:11.525  1978  1978 W system_server: 
01-17 15:41:11.672  1978  1978 D SystemServerTiming: ActivityManagerStartApps took to complete: 865ms
01-17 15:41:11.672  1978  1978 D SystemServerTiming: PhaseActivityManagerReady took to complete: 1393ms
01-17 15:41:11.673  1978  1994 W system_server: Long monitor contention with owner main (1978) at void com.android.server.am.ActivityManagerService.systemReady(java.lang.Runnable, android.util.TimingsTraceLog)(ActivityManagerService.java:15255) waiters=0 in void com.android.server.am.ActivityManagerService.dispatchUidsChanged() for 863ms
01-17 15:41:11.674  1978  1994 W Looper  : Slow dispatch took 865ms android.ui h=com.android.server.am.ActivityManagerService$UiHandler c=null m=53
01-17 15:41:11.674  1978  1978 D SystemServerInitThreadPool: Shutdown successful
01-17 15:41:11.674  1978  1978 D SystemServerTiming: StartServices took to complete: 21071ms
01-17 15:41:11.675  1978  1978 W Looper  : Slow delivery took 11818ms main h=android.os.Handler c=com.android.server.BatteryService$8@5ee8910 m=0
01-17 15:41:11.676  1978  1995 W system_server: Long monitor contention with owner main (1978) at void com.android.server.am.ActivityManagerService.systemReady(java.lang.Runnable, android.util.TimingsTraceLog)(ActivityManagerService.java:15255) waiters=1 in void com.android.server.am.ActivityManagerService.lambda$startProcessLocked$0(com.android.server.am.ActivityManagerService, com.android.server.am.ProcessRecord, long, java.lang.String, java.lang.String, int[], int, int, java.lang.String, java.lang.String) for 864ms
01-17 15:41:11.676  1978  1993 W system_server: Long monitor contention with owner main (1978) at void com.android.server.am.ActivityManagerService.systemReady(java.lang.Runnable, android.util.TimingsTraceLog)(ActivityManagerService.java:15255) waiters=2 in void com.android.server.am.TaskChangeNotificationController.forAllRemoteListeners(com.android.server.am.TaskChangeNotificationController$TaskStackConsumer, android.os.Message) for 786ms
01-17 15:41:11.677  1978  1995 W ActivityManager: Slow operation: 868ms so far, now at startProcess: asking zygote to start proc
01-17 15:41:11.679  1978  1978 D ConditionProviders.SCP: onConnected
01-17 15:41:11.690  1978  2080 I WifiScanningService: wifi driver unloaded
01-17 15:41:11.690  1978  1978 D ZenLog  : set_zen_mode: off,cleanUpZenRules
01-17 15:41:11.691  1978  1978 D ConditionProviders: Subscribing to condition://android/event?userId=-10000&calendar=&reply=1 with ComponentInfo{android/com.android.server.notification.EventConditionProvider}
01-17 15:41:11.691  1978  1978 D ZenLog  : subscribe: condition://android/event?userId=-10000&calendar=&reply=1,ok
01-17 15:41:11.691  1978  1978 D ConditionProviders: Subscribing to condition://android/schedule?days=1.2.3.4.5.6.7&start=22.0&end=7.0&exitAtAlarm=true with ComponentInfo{android/com.android.server.notification.ScheduleConditionProvider}
01-17 15:41:11.691  1978  1978 D ZenLog  : subscribe: condition://android/schedule?days=1.2.3.4.5.6.7&start=22.0&end=7.0&exitAtAlarm=true,ok
01-17 15:41:11.694  1978  1995 W ActivityManager: Slow operation: 885ms so far, now at startProcess: returned from zygote!
01-17 15:41:11.694  1978  1995 W ActivityManager: Slow operation: 885ms so far, now at startProcess: done updating battery stats
01-17 15:41:11.694  1978  1995 W ActivityManager: Slow operation: 885ms so far, now at startProcess: building log message
01-17 15:41:11.695  1978  1995 I ActivityManager: Start proc 2192:com.android.phone/1001 for added application com.android.phone
01-17 15:41:11.695  1978  1995 W ActivityManager: Slow operation: 886ms so far, now at startProcess: starting to update pids map
01-17 15:41:11.695  1978  1995 W ActivityManager: Slow operation: 886ms so far, now at startProcess: done updating pids map
01-17 15:41:11.695  1978  1995 W ActivityManager: Slow operation: 802ms so far, now at startProcess: asking zygote to start proc
01-17 15:41:11.691  1978  2080 I WifiScanningService: wifi driver unloaded
01-17 15:41:11.695  2192  2192 W m.android.phon: Unexpected CPU variant for X86 using defaults: x86
01-17 15:41:11.707  2200  2200 W ngs:CryptKeepe: Unexpected CPU variant for X86 using defaults: x86
01-17 15:41:11.709  1978  1995 W ActivityManager: Slow operation: 816ms so far, now at startProcess: returned from zygote!
01-17 15:41:11.709  1978  1995 W ActivityManager: Slow operation: 816ms so far, now at startProcess: done updating battery stats
01-17 15:41:11.709  1978  1995 W ActivityManager: Slow operation: 816ms so far, now at startProcess: building log message
01-17 15:41:11.709  1978  1995 I ActivityManager: Start proc 2200:com.android.settings:CryptKeeper/1000 for activity com.android.settings/.CryptKeeper
01-17 15:41:11.709  1978  1995 W ActivityManager: Slow operation: 816ms so far, now at startProcess: starting to update pids map
01-17 15:41:11.709  1978  1995 W ActivityManager: Slow operation: 816ms so far, now at startProcess: done updating pids map
01-17 15:41:11.731  2192  2192 I m.android.phon: The ClassLoaderContext is a special shared library.
01-17 15:41:11.732  2192  2192 I m.android.phon: The ClassLoaderContext is a special shared library.
01-17 15:41:11.737  1978  2161 I Zygote  : Process: zygote socket ABSTRACT/com.android.internal.os.WebViewZygoteInit/dfee4b59-7c08-4181-bdcc-ae21c7c49208 opened, supported ABIS: x86,armeabi-v7a,armeabi
01-17 15:41:11.737  1978  2161 D WebViewZygote: Preloading package /system/app/Chrome/Chrome.apk /system/app/Chrome/lib/x86:/system/app/Chrome/Chrome.apk!/lib/x86
01-17 15:41:11.740  2200  2200 I ngs:CryptKeepe: The ClassLoaderContext is a special shared library.
01-17 15:41:11.742  1978  1992 W LocationProviderProxy-network: Odd, no component found for service com.android.location.service.v3.NetworkLocationProvider
01-17 15:41:11.742  1978  1992 W GeocoderProxy: Odd, no component found for service com.android.location.service.GeocodeProvider
01-17 15:41:11.742  1978  1992 W GeofenceProxy: Odd, no component found for service com.android.location.service.GeofenceProvider
01-17 15:41:11.742  1978  1992 W ActivityRecognitionProxy: Odd, no component found for service com.android.location.service.ActivityRecognitionProvider
01-17 15:41:11.742  2200  2200 I ngs:CryptKeepe: The ClassLoaderContext is a special shared library.
01-17 15:41:11.749  1978  2161 I Zygote  : Process: zygote socket ABSTRACT/com.android.internal.os.WebViewZygoteInit/dfee4b59-7c08-4181-bdcc-ae21c7c49208 opened, supported ABIS: x86,armeabi-v7a,armeabi
01-17 15:41:11.761  2174  2174 I WebViewZygoteInit: Beginning package preload
01-17 15:41:11.763  2174  2174 I webview_zygote: The ClassLoaderContext is a special shared library.
01-17 15:41:11.809  1766  1766 D incidentd: Start uploading backlogs in /data/misc/incidents/
01-17 15:41:11.810  1766  1766 D incidentd: Successfully uploaded 0 files to Dropbox.
01-17 15:41:11.903  2174  2174 E webviewchromiumloader: Failed to open relro file /data/misc/shared_relro/libwebviewchromium32.relro: No such file or directory
01-17 15:41:11.903  2174  2174 W WebViewLibraryLoader: failed to load with relro file, proceeding without
01-17 15:41:11.929  1978  2190 I GnssLocationProvider: WakeLock acquired by sendMessage(REPORT_SV_STATUS, 0, com.android.server.location.GnssLocationProvider$SvStatusInfo@38a84a5)
01-17 15:41:11.929  1978  1992 I GnssLocationProvider: WakeLock released by handleMessage(REPORT_SV_STATUS, 0, com.android.server.location.GnssLocationProvider$SvStatusInfo@38a84a5)
01-17 15:41:12.112  1978  1978 I AccountsDb: Creating DE database for user 0
01-17 15:41:12.115  1978  1978 W Looper  : Slow dispatch took 424ms main h=android.os.Handler c=null m=1
01-17 15:41:12.117  1978  1978 W ContextImpl: Calling a method in the system process without a qualified user: android.app.ContextImpl.startService:1531 com.android.server.content.SyncManager$14.run:756 android.os.Handler.handleCallback:873 android.os.Handler.dispatchMessage:99 android.os.Looper.loop:193 
01-17 15:41:12.119  1978  2081 E WifiP2pService: Unexpected disable request when WifiChannel is null
01-17 15:41:12.119  1978  1978 D WifiP2pService: Wifi enabled=false, P2P Interface availability=true
01-17 15:41:12.237  1978  1978 I system_server: The ClassLoaderContext is a special shared library.
01-17 15:41:12.831  1770  1854 E MediaExtractorFactory: couldn't opendir(/vendor/lib/extractors)
01-17 15:41:12.933  1978  2190 I GnssLocationProvider: WakeLock acquired by sendMessage(REPORT_SV_STATUS, 0, com.android.server.location.GnssLocationProvider$SvStatusInfo@fbc09a3)
01-17 15:41:12.936  1978  1992 I GnssLocationProvider: WakeLock released by handleMessage(REPORT_SV_STATUS, 0, com.android.server.location.GnssLocationProvider$SvStatusInfo@fbc09a3)
01-17 15:41:12.956  2105  2105 I wpa_supplicant: Processing hidl events on FD 3
01-17 15:41:12.958  2105  2105 I wpa_supplicant: Successfully initialized wpa_supplicant
01-17 15:41:13.019  2192  2192 I m.android.phon: The ClassLoaderContext is a special shared library.
01-17 15:41:13.103  2192  2192 D TelephonyProvider: dbh.onCreate:+ db=SQLiteDatabase: /data/user_de/0/com.android.providers.telephony/databases/telephony.db
01-17 15:41:13.103  2192  2192 D TelephonyProvider: dbh.createSimInfoTable:+ siminfo
01-17 15:41:13.104  2192  2192 D TelephonyProvider: dbh.createSimInfoTable:-
01-17 15:41:13.104  2192  2192 D TelephonyProvider: dbh.createCarriersTable: carriers
01-17 15:41:13.106  2192  2192 D TelephonyProvider: dbh.createCarriersTable:-
01-17 15:41:13.106  2192  2192 D TelephonyProvider: dbh.onCreate: Apply apns from xml.
01-17 15:41:13.106  2192  2192 D TelephonyProvider: Load APNs from /system/etc/apns-conf.xml instead of /oem/telephony/apns-conf.xml
01-17 15:41:13.106  2192  2192 D TelephonyProvider: Load APNs from /data/misc/apns/apns-conf.xml instead of /system/etc/apns-conf.xml
01-17 15:41:13.106  2192  2192 D TelephonyProvider: confFile = /data/misc/apns/apns-conf.xml
01-17 15:41:13.116  2192  2192 D TelephonyProvider: Checksum for /data/misc/apns/apns-conf.xml is 2001431324
01-17 15:41:13.118  2192  2192 D TelephonyProvider: dbh.onCreate:- db=SQLiteDatabase: /data/user_de/0/com.android.providers.telephony/databases/telephony.db
01-17 15:41:13.119  2192  2192 D TelephonyProvider: dbh.onOpen: ok, queried table=siminfo
01-17 15:41:13.119  2192  2192 D TelephonyProvider: dbh.onOpen: ok, queried table=carriers
01-17 15:41:13.120  2192  2192 D TelephonyProvider: onCreate: build id changed from  to PSR1.180720.122
01-17 15:41:13.121  2192  2192 D TelephonyProvider: Load APNs from /system/etc/apns-conf.xml instead of /oem/telephony/apns-conf.xml
01-17 15:41:13.121  2192  2192 D TelephonyProvider: Load APNs from /data/misc/apns/apns-conf.xml instead of /system/etc/apns-conf.xml
01-17 15:41:13.121  2192  2192 D TelephonyProvider: Checksum for /data/misc/apns/apns-conf.xml is 2001431324
01-17 15:41:13.121  2192  2192 D TelephonyProvider: newChecksum: 2001431324
01-17 15:41:13.121  2192  2192 D TelephonyProvider: oldChecksum: 2001431324
01-17 15:41:13.121  2192  2192 D TelephonyProvider: Skipping apn db update since apn-conf has not changed.
01-17 15:41:13.138  1928  1946 D StagefrightPluginLoader: Failed to load library: libstagefright_ccodec.so (dlopen failed: library "libstagefright_ccodec.so" not found)
01-17 15:41:13.138  1928  1946 D StagefrightPluginLoader: Handle or CreateInputSurface symbol is null
01-17 15:41:13.138  1928  1946 D StagefrightPluginLoader: Handle or CreateBuilder symbol is null
01-17 15:41:13.141  1928  1946 I OMXClient: IOmx service obtained
01-17 15:41:13.142  1782  1782 I OMXMaster: makeComponentInstance(OMX.google.aac.decoder) in omx@1.0-service process
01-17 15:41:13.196  2162  2162 I WebViewLoader-: System.exit called, status: 0
01-17 15:41:13.196  2162  2162 I AndroidRuntime: VM exiting with result code 0, cleanup skipped.
01-17 15:41:13.199  1926  1926 I Zygote  : Process 2162 exited cleanly (0)
01-17 15:41:13.199  1978  2112 I ActivityManager: Process WebViewLoader-x86 (pid 2162) has died: psvc PER 
01-17 15:41:13.199  1978  1996 W libprocessgroup: kill(-2162, 9) failed: No such process
01-17 15:41:13.199  1978  1996 I libprocessgroup: Successfully killed process cgroup uid 1037 pid 2162 in 0ms
01-17 15:41:13.388  1978  1978 W Looper  : Slow dispatch took 1265ms main h=android.app.ActivityThread$H c=null m=114
01-17 15:41:13.407  2192  2192 D CarrierIdProvider: onCreate
01-17 15:41:13.424  2192  2192 D CarrierIdDatabaseHelper: onCreate
01-17 15:41:13.425  2192  2192 D CarrierIdProvider: update database from pb file
01-17 15:41:13.723  1978  2001 W WindowManager: App freeze timeout expired.
01-17 15:41:13.723  1978  2001 W WindowManager: Force clearing freeze: AppWindowToken{bea17c2 token=Token{ad41c0d ActivityRecord{34ba6a4 u0 com.android.settings/.CryptKeeper t1}}}
01-17 15:41:13.728  2142  2142 W AlarmManager: Unrecognized alarm listener com.android.systemui.keyguard.-$$Lambda$KeyguardSliceProvider$IhzByd8TsqFuOrSyuGurVskyPLo@75b2640
01-17 15:41:13.814  2105  2105 I wpa_supplicant: rfkill: Cannot open RFKILL control device
01-17 15:41:13.937  1978  2096 I GnssLocationProvider: WakeLock acquired by sendMessage(REPORT_SV_STATUS, 0, com.android.server.location.GnssLocationProvider$SvStatusInfo@e7b9cff)
01-17 15:41:13.937  1978  1992 I GnssLocationProvider: WakeLock released by handleMessage(REPORT_SV_STATUS, 0, com.android.server.location.GnssLocationProvider$SvStatusInfo@e7b9cff)
01-17 15:41:14.065  1928  1946 I OMXClient: IOmx service obtained
01-17 15:41:14.066  1782  1898 I OMXMaster: makeComponentInstance(OMX.google.amrnb.decoder) in omx@1.0-service process
01-17 15:41:14.279  2120  2120 W putmethod.lati: Verification of gzn gqb.a(java.util.concurrent.ExecutorService) took 139.008ms
01-17 15:41:14.377  2200  2200 D CryptKeeper: Disabling component ComponentInfo{com.android.settings/com.android.settings.CryptKeeper}
01-17 15:41:14.378  1978  2029 D PackageManager: Instant App installer not found with android.intent.action.INSTALL_INSTANT_APP_PACKAGE
01-17 15:41:14.378  1978  2029 D PackageManager: Clear ephemeral installer activity
01-17 15:41:14.472  2192  2192 E CarrierIdProvider: read carrier list from ota pb failure: java.io.FileNotFoundException: /data/misc/carrierid/carrier_list.pb (No such file or directory)
01-17 15:41:14.562  1928  1946 I OMXClient: IOmx service obtained
01-17 15:41:14.562  1782  1782 I OMXMaster: makeComponentInstance(OMX.google.amrwb.decoder) in omx@1.0-service process
01-17 15:41:14.564  1928  1946 I OMXClient: IOmx service obtained
01-17 15:41:14.564  1782  1782 I OMXMaster: makeComponentInstance(OMX.google.flac.decoder) in omx@1.0-service process
01-17 15:41:14.578  2142  2142 W AlarmManager: Unrecognized alarm listener com.android.systemui.keyguard.-$$Lambda$KeyguardSliceProvider$IhzByd8TsqFuOrSyuGurVskyPLo@1ad407a
01-17 15:41:14.584  2142  2142 D ProtoStore: no cached data
01-17 15:41:14.584  2142  2142 D ProtoStore: no cached data
01-17 15:41:14.610  2192  2192 D CarrierIdProvider: latest version: 4 need update: true
01-17 15:41:14.668  2192  2192 D CarrierIdProvider: update database from pb. inserted rows = 1671
01-17 15:41:14.671  2192  2192 D CarrierProvider: onCreate
01-17 15:41:14.684  1978  2029 I ActivityManager: START u0 {act=android.intent.action.MAIN cat=[android.intent.category.HOME] flg=0x10000100 cmp=com.google.android.setupwizard/.SetupWizardActivity} from uid 0
01-17 15:41:14.703  2246  2246 W oid.setupwizar: Unexpected CPU variant for X86 using defaults: x86
01-17 15:41:14.705  1978  1994 W WindowManager: Keyguard drawn timeout. Setting mKeyguardDrawComplete
01-17 15:41:14.707  1978  1995 I ActivityManager: Start proc 2246:com.google.android.setupwizard/u0a34 for activity com.google.android.setupwizard/.SetupWizardActivity
01-17 15:41:14.727  2174  2174 I WebViewZygoteInit: Package preload done
01-17 15:41:14.731  2246  2246 I oid.setupwizar: The ClassLoaderContext is a special shared library.
01-17 15:41:14.931  2142  2142 D SystemUIBootTiming: StartServicescom.android.systemui.Dependency took to complete: 216ms
01-17 15:41:14.732  2246  2246 I oid.setupwizar: The ClassLoaderContext is a special shared library.
01-17 15:41:14.941  1978  2096 I GnssLocationProvider: WakeLock acquired by sendMessage(REPORT_SV_STATUS, 0, com.android.server.location.GnssLocationProvider$SvStatusInfo@eeb562e)
01-17 15:41:14.942  1978  1992 I GnssLocationProvider: WakeLock released by handleMessage(REPORT_SV_STATUS, 0, com.android.server.location.GnssLocationProvider$SvStatusInfo@eeb562e)
01-17 15:41:14.967  2105  2105 I wpa_supplicant: rfkill: Cannot get wiphy information
01-17 15:41:14.988  1928  1946 I OMXClient: IOmx service obtained
01-17 15:41:14.988  1782  1782 I OMXMaster: makeComponentInstance(OMX.google.g711.alaw.decoder) in omx@1.0-service process
01-17 15:41:15.028  1978  2190 I android_os_HwBinder: HwBinder: Starting thread pool for default::android.hardware.wifi.supplicant@1.0::ISupplicant
01-17 15:41:15.028  1978  2190 I SupplicantStaIfaceHal: Completed initialization of ISupplicant.
01-17 15:41:15.094  1978  2079 W system_server: Long monitor contention with owner HwBinder:1978_3 (2190) at android.hardware.wifi.supplicant.V1_0.ISupplicant com.android.server.wifi.SupplicantStaIfaceHal.getSupplicantMockable()(SupplicantStaIfaceHal.java:541) waiters=0 in boolean com.android.server.wifi.SupplicantStaIfaceHal.isInitializationComplete() for 1.961s
01-17 15:41:15.101  2142  2142 D SystemUIBootTiming: StartServicescom.android.systemui.util.NotificationChannels took to complete: 169ms
01-17 15:41:15.103  1928  1946 I OMXClient: IOmx service obtained
01-17 15:41:15.103  1782  1782 I OMXMaster: makeComponentInstance(OMX.google.g711.mlaw.decoder) in omx@1.0-service process
01-17 15:41:15.104  1978  1988 I system_server: Background concurrent copying GC freed 37620(2MB) AllocSpace objects, 44(1328KB) LOS objects, 42% free, 6MB/10MB, paused 52us total 420.664ms
01-17 15:41:15.104  1642  1642 I android.hardware.wifi@1.0-service: Adding interface handle for wlan0
01-17 15:41:15.105  1642  1642 E android.hardware.wifi@1.0-service: Failed to register radio mode change callback
01-17 15:41:15.105  1642  1642 I android.hardware.wifi@1.0-service: Configured chip in mode 0
01-17 15:41:15.105  1928  1946 I OMXClient: IOmx service obtained
01-17 15:41:15.105  1642  1642 E android.hardware.wifi@1.0-service: Failed to set DFS flag; DFS channels may be unavailable.
01-17 15:41:15.105  1782  1782 I OMXMaster: makeComponentInstance(OMX.google.gsm.decoder) in omx@1.0-service process
01-17 15:41:15.123  2120  2120 I TransientFileCleaner: Deleting 0 files
01-17 15:41:15.156  2142  2142 D SystemUIBootTiming: StartServicescom.android.systemui.statusbar.CommandQueue$CommandQueueStart took to complete: 55ms
01-17 15:41:15.123  2120  2120 I TransientFileCleaner: Deleting 0 files
01-17 15:41:15.195  1978  2079 D WificondControl: Setting up interface for client mode
01-17 15:41:15.196  1930  1930 I wificond: create scanner for interface with index: 3
01-17 15:41:15.196  1930  1930 I wificond: subscribe scan result for interface with index: 3
01-17 15:41:15.196  1572  1572 W hwservicemanager: getTransport: Cannot find entry android.hardware.wifi.offload@1.0::IOffload/default in either framework or device manifest.
01-17 15:41:15.196  1930  1930 E wificond: No Offload Service available
01-17 15:41:15.196  1930  1930 I wificond: Offload HAL not supported 
01-17 15:41:15.229  1978  1978 E BluetoothAdapter: Bluetooth binder is null
01-17 15:41:15.230  1978  2272 I Telecom : BluetoothRouteManager: getBluetoothAudioConnectedDevice: no headset service available.
01-17 15:41:15.258  1928  1946 I OMXClient: IOmx service obtained
01-17 15:41:15.258  1782  1898 I OMXMaster: makeComponentInstance(OMX.google.mp3.decoder) in omx@1.0-service process
01-17 15:41:15.276  1978  2079 E SupplicantStaIfaceHal: Can't call setupIface, ISupplicantStaIface is null
01-17 15:41:15.278  1978  2079 I android_os_HwBinder: HwBinder: Starting thread pool for default::android.hardware.wifi.supplicant@1.0::ISupplicant
01-17 15:41:15.281  1978  2079 I chatty  : uid=1000(system) WifiStateMachin identical 1 line
01-17 15:41:15.285  1978  2079 I android_os_HwBinder: HwBinder: Starting thread pool for default::android.hardware.wifi.supplicant@1.0::ISupplicant
01-17 15:41:15.287  2120  2120 I ModuleManager: Key 'module:com.google.android.apps.inputmethod.libs.search.IUniversalMediaExtension' has value 'res/xml/extension_universal_media.xml'
01-17 15:41:15.298  1978  1978 I Telecom : SystemStateProvider: Registering car mode receiver: android.content.IntentFilter@6c4efc0: TS.init@AAA
01-17 15:41:15.338  2192  2192 I ImsResolver: Initializing cache and binding.
01-17 15:41:15.442  2192  2192 I android_os_HwBinder: HwBinder: Starting thread pool for slot1::android.hardware.radio@1.0::IRadio
01-17 15:41:15.444  1928  1946 I OMXClient: IOmx service obtained
01-17 15:41:15.445  1782  1782 I OMXMaster: makeComponentInstance(OMX.google.opus.decoder) in omx@1.0-service process
01-17 15:41:15.464  1978  2079 I WifiNative: Interface state changed on Iface:{Name=wlan0,Id=0,Type=STA}, isUp=true
01-17 15:41:15.464  1929  1964 D CommandListener: Clearing all IP addresses on wlan0
01-17 15:41:15.466  1978  2079 I WifiNative: Successfully setup Iface:{Name=wlan0,Id=0,Type=STA}
01-17 15:41:15.467  1978  2079 D WifiClientModeManager: sending scan available broadcast: false
01-17 15:41:15.467  1978  2079 D WifiClientModeManager: entering StartedState
01-17 15:41:15.467  1978  2079 D WifiClientModeManager: Wifi is ready to use for client mode
01-17 15:41:15.467  1978  2079 D WifiClientModeManager: sending scan available broadcast: true
01-17 15:41:15.468  1978  2079 D WifiStateMachinePrime: State changed from client mode. state = 3
01-17 15:41:15.468  1978  2079 D WifiStateMachinePrime: client mode active
01-17 15:41:15.468  1978  2079 D WifiStateMachine: entering ConnectModeState: ifaceName = wlan0
01-17 15:41:15.468  1978  2079 D WifiStateMachine: setupClientMode() ifacename = wlan0
01-17 15:41:15.472  1929  1964 D CommandListener: Clearing all IP addresses on wlan0
01-17 15:41:15.569  1978  2079 D WifiConfigManager: Legacy store files not found. No migration needed!
01-17 15:41:15.571  1978  2079 D WifiStateMachine: Setting OUI to DA-A1-19
01-17 15:41:15.572  1978  2079 I WifiVendorHal: Driver: 1.0 Firmware: 1.0
01-17 15:41:15.631  2120  2160 I putmethod.lati: Waiting for a blocking GC ProfileSaver
01-17 15:41:15.643  2120  2120 I ModuleManager: Adding [GIMS_UserUnlocked] NotificationListener for module com.google.android.apps.inputmethod.libs.search.universalmedia.UniversalMediaExtension
01-17 15:41:15.643  2120  2120 I ModuleManager: Unexpected key 'com.google.android.partnersetup.RLZ_BOUNTY_ACCESS_POINT' does not match 'module:'
01-17 15:41:15.643  2120  2120 I ModuleManager: Key 'module:com.google.android.apps.inputmethod.libs.search.IDoodleExtension' has value 'res/xml/extension_doodle.xml'
01-17 15:41:15.663  1978  2079 D WakeupController: reset()
01-17 15:41:15.663  1978  2079 I WifiStateMachine: disconnectedstate enter
01-17 15:41:15.667  1978  1997 E BatteryExternalStatsWorker: no controller energy info supplied for wifi
01-17 15:41:15.671  1978  1997 E BatteryExternalStatsWorker: no controller energy info supplied for wifi
01-17 15:41:15.671  1978  1997 E BatteryExternalStatsWorker: no controller energy info supplied for telephony
01-17 15:41:15.746  2120  2120 I ModuleManager: Adding [GIMS_UserUnlocked] NotificationListener for module com.google.android.apps.inputmethod.libs.search.doodle.DoodleExtension
01-17 15:41:15.746  2120  2120 I ModuleManager: Key 'module:com.google.android.apps.inputmethod.libs.translate.ITranslateUIExtension' has value 'res/xml/extension_def_translate.xml'
01-17 15:41:15.747  2120  2120 I ModuleManager: Adding [GIMS_UserUnlocked] NotificationListener for module com.google.android.apps.inputmethod.libs.translate.TranslateUIExtension
01-17 15:41:15.748  2120  2120 I ModuleManager: Key 'module:com.google.android.apps.inputmethod.libs.hmm.superpacks.IHmmModule' has value 'res/xml/module_hmm.xml'
01-17 15:41:15.828  2120  2120 I ModuleManager: Adding [GIMS_UserUnlocked] NotificationListener for module com.google.android.apps.inputmethod.libs.hmm.superpacks.HmmModule
01-17 15:41:15.828  2120  2120 I ModuleManager: Key 'module:com.google.android.apps.inputmethod.libs.search.sense.IConversationToQueryExtension' has value 'res/xml/extension_conv2query.xml'
01-17 15:41:15.830  2120  2120 I ModuleManager: Adding [GIMS_UserUnlocked] NotificationListener for module com.google.android.apps.inputmethod.libs.search.sense.ConversationToQueryExtension
01-17 15:41:15.830  2120  2120 I ModuleManager: Key 'module:com.google.android.apps.inputmethod.libs.search.IDefaultStickerExtension' has value 'res/xml/extension_default_sticker.xml'
01-17 15:41:15.831  2120  2120 I ModuleManager: Adding [GIMS_UserUnlocked] NotificationListener for module com.google.android.apps.inputmethod.libs.search.sticker.DefaultStickerExtension
01-17 15:41:15.831  2120  2120 I ModuleManager: Key 'module:com.google.android.apps.inputmethod.libs.pill.IPillExtension' has value 'res/xml/extension_pill.xml'
01-17 15:41:15.832  2120  2120 I ModuleManager: Adding [GIMS_UserUnlocked] NotificationListener for module com.google.android.apps.inputmethod.libs.pill.PillExtension
01-17 15:41:15.832  2120  2120 I ModuleManager: Key 'module:com.google.android.apps.inputmethod.libs.search.IStickerExtension' has value 'res/xml/extension_sticker.xml'
01-17 15:41:15.834  2120  2120 I ModuleManager: Adding [GIMS_UserUnlocked] NotificationListener for module com.google.android.apps.inputmethod.libs.search.sticker.StickerExtension
01-17 15:41:15.834  2120  2120 I ModuleManager: Key 'module:com.google.android.apps.inputmethod.libs.search.IGifKeyboardExtension' has value 'res/xml/extension_gif_search.xml'
01-17 15:41:15.837  2120  2120 I ModuleManager: Adding [GIMS_UserUnlocked] NotificationListener for module com.google.android.apps.inputmethod.libs.search.gif.GifExtensionImpl
01-17 15:41:15.838  2120  2120 I ModuleManager: Key 'module:com.google.android.apps.inputmethod.libs.search.IEmoticonExtension' has value 'res/xml/extension_emoticon.xml'
01-17 15:41:15.839  2120  2120 I ModuleManager: Adding [GIMS_UserUnlocked] NotificationListener for module com.google.android.apps.inputmethod.libs.search.emoji.EmoticonExtension
01-17 15:41:15.840  2120  2120 I ModuleManager: Unexpected key 'com.google.android.backup.api_key' does not match 'module:'
01-17 15:41:15.840  2120  2120 I ModuleManager: Key 'module:com.google.android.apps.inputmethod.libs.handwriting.ime.IHandwritingImeExtension' has value 'res/xml/extension_handwriting_ime.xml'
01-17 15:41:15.845  2120  2120 I ModuleManager: Adding [GIMS_UserUnlocked] NotificationListener for module com.google.android.apps.inputmethod.libs.handwriting.ime.HandwritingImeExtension
01-17 15:41:15.845  2120  2120 I ModuleManager: Key 'module:com.google.android.apps.inputmethod.libs.search.IEmojiDataExtension' has value 'res/xml/extension_emoji_data.xml'
01-17 15:41:15.846  2120  2120 I ModuleManager: Adding [GIMS_UserUnlocked] NotificationListener for module com.google.android.apps.inputmethod.libs.search.emojidata.EmojiDataExtension
01-17 15:41:15.846  2120  2120 I ModuleManager: Key 'module:com.google.android.apps.inputmethod.libs.search.IEmojiOrGifExtension' has value 'res/xml/extension_emoji_or_gif.xml'
01-17 15:41:15.847  2120  2160 I putmethod.lati: WaitForGcToComplete blocked ProfileSaver on HeapTrim for 215.697ms
01-17 15:41:15.847  2120  2120 I ModuleManager: Adding [GIMS_UserUnlocked] NotificationListener for module com.google.android.apps.inputmethod.libs.search.ArtExtension
01-17 15:41:15.847  2120  2120 I ModuleManager: Key 'module:com.google.android.apps.inputmethod.libs.search.INativeCardExtension' has value 'res/xml/extension_native_card.xml'
01-17 15:41:15.848  2120  2120 I ModuleManager: Adding [GIMS_UserUnlocked] NotificationListener for module com.google.android.apps.inputmethod.libs.search.nativecard.NativeCardExtension
01-17 15:41:15.848  2120  2120 I ModuleManager: Key 'module:com.google.android.apps.inputmethod.libs.voiceime.IVoiceImeExtension' has value 'res/xml/extension_voice_ime.xml'
01-17 15:41:15.901  1928  1946 I OMXClient: IOmx service obtained
01-17 15:41:15.902  1782  1782 I OMXMaster: makeComponentInstance(OMX.google.raw.decoder) in omx@1.0-service process
01-17 15:41:15.928  2120  2120 I ModuleManager: Adding [App_UserUnlocked] NotificationListener for module com.google.android.apps.inputmethod.libs.voiceime.VoiceImeExtension
01-17 15:41:15.928  2120  2120 I ModuleManager: Unexpected key 'com.google.android.gms.version' does not match 'module:'
01-17 15:41:15.928  2120  2120 I ModuleManager: Key 'module:com.google.android.apps.inputmethod.libs.search.IEmojiSearchExtension' has value 'res/xml/extension_emoji_search.xml'
01-17 15:41:15.930  2120  2120 I ModuleManager: Adding [GIMS_UserUnlocked] NotificationListener for module com.google.android.apps.inputmethod.libs.search.emoji.EmojiSearchExtension
01-17 15:41:15.931  2120  2120 I ModuleManager: Key 'module:com.google.android.apps.inputmethod.libs.textediting.ITextEditingExtension' has value 'res/xml/extension_text_editing.xml'
01-17 15:41:15.932  2120  2120 I ModuleManager: Adding [GIMS_UserUnlocked] NotificationListener for module com.google.android.apps.inputmethod.libs.textediting.TextEditingExtension
01-17 15:41:15.933  2120  2120 I ModuleManager: Key 'module:com.google.android.apps.inputmethod.libs.search.IGifEntryPointCandidateExtension' has value 'res/xml/extension_gif_entry_point_candidate.xml'
01-17 15:41:15.933  2120  2120 I ModuleManager: Adding [GIMS_UserUnlocked] NotificationListener for module com.google.android.apps.inputmethod.libs.search.gif.GifEntryPointCandidateExtension
01-17 15:41:15.934  2120  2120 I ModuleManager: Key 'module:com.google.android.apps.inputmethod.libs.search.IBitmojiExtension' has value 'res/xml/extension_bitmoji.xml'
01-17 15:41:15.935  2120  2120 I ModuleManager: Adding [GIMS_UserUnlocked] NotificationListener for module com.google.android.apps.inputmethod.libs.search.sticker.BitmojiExtension
01-17 15:41:15.935  2120  2120 I ModuleManager: Key 'module:com.google.android.apps.inputmethod.libs.search.IFeatureCardNoticeExtension' has value 'res/xml/extension_feature_notice.xml'
01-17 15:41:15.936  2120  2120 I ModuleManager: Adding [GIMS_UserUnlocked] NotificationListener for module com.google.android.apps.inputmethod.libs.search.nativecard.FeatureCardNoticeExtension
01-17 15:41:15.936  2120  2120 I LatinApp: onCreate()
01-17 15:41:15.961  1978  2190 I GnssLocationProvider: WakeLock acquired by sendMessage(REPORT_SV_STATUS, 0, com.android.server.location.GnssLocationProvider$SvStatusInfo@c977252)
01-17 15:41:15.961  1978  1992 I GnssLocationProvider: WakeLock released by handleMessage(REPORT_SV_STATUS, 0, com.android.server.location.GnssLocationProvider$SvStatusInfo@c977252)
01-17 15:41:15.962  1572  1572 W hwservicemanager: getTransport: Cannot find entry android.hardware.radio.deprecated@1.0::IOemHook/slot1 in either framework or device manifest.
01-17 15:41:15.963  1978  1989 D PackageManager: Instant App installer not found with android.intent.action.INSTALL_INSTANT_APP_PACKAGE
01-17 15:41:15.963  1978  1989 D PackageManager: Clear ephemeral installer activity
01-17 15:41:16.014  1978  2284 I Telecom : Logging.Events: Non-call EVENT: AUDIO_ROUTE, Entering state QuiescentSpeakerRoute
01-17 15:41:16.014  1978  2284 I Telecom : BluetoothRouteManager: getBluetoothAudioConnectedDevice: no headset service available.
01-17 15:41:16.064  2142  2142 W SoundPool: Use of stream types is deprecated for operations other than volume control
01-17 15:41:16.064  2142  2142 W SoundPool: See the documentation of SoundPool() for what to use instead with android.media.AudioAttributes to qualify your playback use case
01-17 15:41:16.066  2142  2142 D SystemUIBootTiming: StartServicescom.android.systemui.keyguard.KeyguardViewMediator took to complete: 910ms
01-17 15:41:16.087  1928  1946 I OMXClient: IOmx service obtained
01-17 15:41:16.088  1782  1782 I OMXMaster: makeComponentInstance(OMX.google.vorbis.decoder) in omx@1.0-service process
01-17 15:41:16.106  1978  2289 I Telecom : CallAudioModeStateMachine: Message received: null.: TS.init->CAMSM.pM_1@AAA
01-17 15:41:16.198  2142  2142 D OpenGLRenderer: Skia GL Pipeline
01-17 15:41:16.272  1978  1978 I Telecom : MissedCallNotifierImpl: reloadFromDatabase: Boot not yet complete -- call log db may not be available. Deferring loading until boot complete for user 0: TS.init@AAA
01-17 15:41:16.273  1978  1978 E BluetoothAdapter: Bluetooth binder is null
01-17 15:41:16.276  1978  1978 I Telecom : Class: TelecomSystem.INSTANCE being set
01-17 15:41:16.277  1978  1978 W Looper  : Slow dispatch took 2889ms main h=android.app.ActivityThread$H c=null m=121
01-17 15:41:16.276  1978  1978 E BluetoothAdapter: Bluetooth binder is null
01-17 15:41:16.290  1767  2026 D installd: Found quota mount /dev/block/dm-0 at /data
01-17 15:41:16.290  1767  2026 D installd: Found storage mount /data/media at /mnt/runtime/default/emulated
01-17 15:41:16.317  2120  2120 I FeaturePermissions: onSharedPreferenceChanged() : Key = current_input_method_entry : Feature = null
01-17 15:41:16.388  1978  1978 I system_server: The ClassLoaderContext is a special shared library.
01-17 15:41:16.389  1978  1978 I system_server: The ClassLoaderContext is a special shared library.
01-17 15:41:16.401  1978  1978 D GpsNetInitiatedHandler: location enabled :true
01-17 15:41:16.401  1978  1978 E WiredAccessoryManager: No state change.
01-17 15:41:16.408  1978  1978 D ConditionProviders.SCP: onSubscribe condition://android/schedule?days=1.2.3.4.5.6.7&start=22.0&end=7.0&exitAtAlarm=true
01-17 15:41:16.409  1978  1978 D ConditionProviders.SCP: setRegistered true
01-17 15:41:16.410  1978  2088 E ActivityThread: Failed to find provider info for com.android.calendar
01-17 15:41:16.501  2246  2246 I SetupWizard: [FrpHelper] Start loading FRP status
01-17 15:41:16.506  1928  1946 I OMXClient: IOmx service obtained
01-17 15:41:16.506  1782  1782 I OMXMaster: makeComponentInstance(OMX.google.aac.encoder) in omx@1.0-service process
01-17 15:41:16.556  1978  1989 I DefaultPermGrantPolicy: Revoking permissions from disabled data services for user:0
01-17 15:41:16.557  1978  1989 I DefaultPermGrantPolicy: Granting permissions to enabled data services for user:0
01-17 15:41:16.650  2246  2246 I SetupWizard: [SetupWizardActivity] DEVICE_PROVISIONED=false USER_SETUP_COMPLETE=false
01-17 15:41:16.651  2246  2246 I SetupWizard: [SetupWizardActivity] Early exit: provisioningMode=DISABLED
01-17 15:41:16.680  2120  2120 I FeaturePermissions: onSharedPreferenceChanged() : Key = pref_key_access_points_showing_order_migrated : Feature = null
01-17 15:41:16.411  1978  2088 E ActivityThread: Failed to find provider info for com.android.calendar
01-17 15:41:16.724  1978  2001 W WindowManager: App freeze timeout expired.
01-17 15:41:16.724  1978  2001 W WindowManager: Force clearing freeze: AppWindowToken{e4c5256 token=Token{44f1471 ActivityRecord{b177218 u0 com.google.android.setupwizard/.SetupWizardActivity t2}}}
01-17 15:41:16.782  1978  1978 D ConditionProviders.SCP: evaluateSubscriptionLocked cal=ScheduleCalendar[mDays={1, 2, 3, 4, 5, 6, 7}, mSchedule=ScheduleInfo{days=[1, 2, 3, 4, 5, 6, 7], startHour=22, startMinute=0, endHour=7, endMinute=0, exitAtAlarm=true, nextAlarm=Thu Jan 01 00:00:00 GMT 1970 (0)}], now=Tue Jan 17 14:41:16 GMT 2023 (1673966476409), nextUserAlarmTime=Thu Jan 01 00:00:00 GMT 1970 (0)
01-17 15:41:16.782  1978  1978 D ConditionProviders.SCP: notifyCondition condition://android/schedule?days=1.2.3.4.5.6.7&start=22.0&end=7.0&exitAtAlarm=true STATE_FALSE reason=!meetsSchedule
01-17 15:41:16.785  1978  1978 D ConditionProviders.SCP: Scheduling evaluate for Tue Jan 17 22:00:00 GMT 2023 (1673992800000), in +7h18m43s591ms, now=Tue Jan 17 14:41:16 GMT 2023 (1673966476409)
01-17 15:41:16.785  1978  1978 W Looper  : Slow dispatch took 378ms main h=android.service.notification.ConditionProviderService$H c=null m=3
01-17 15:41:16.790  1978  1978 W ActivityManager: Unable to start service Intent { act=android.service.notification.NotificationListenerService cmp=com.google.android.apps.restore/com.google.android.apps.pixelmigrate.component.NotificationConsolidatorService } U=0: not found
01-17 15:41:16.791  1978  1978 W NotificationListeners: Unable to bind notification listener service: Intent { act=android.service.notification.NotificationListenerService cmp=com.google.android.apps.restore/com.google.android.apps.pixelmigrate.component.NotificationConsolidatorService (has extras) }
01-17 15:41:16.792  1827  1827 W DeviceHAL: Error from HAL Device in function set_mic_mute: Function not implemented
01-17 15:41:16.801  1978  2104 I SyncManager: Got SyncJobService instance.
01-17 15:41:16.803  1978  1978 I Telecom : WiredHeadsetManager: ACTION_HEADSET_PLUG event, plugged in: false, : WHC.oADA@AAE
01-17 15:41:16.803  1978  1978 D WifiP2pService: Wifi enabled=true, P2P Interface availability=true, Number of clients=0
01-17 15:41:16.803  1978  2080 I WifiScanningService: wifi driver unloaded
01-17 15:41:16.803  1978  1978 D WifiP2pService: Wifi enabled=true, P2P Interface availability=true
01-17 15:41:16.804  1978  2080 E WifiVendorHal: getBgScanCapabilities(l.671) failed {.code = ERROR_NOT_SUPPORTED, .description = }
01-17 15:41:16.805  1576  1585 D vold    : Recognized experimental block major ID 253 as virtio-blk (emulator's virtual SD card device)
01-17 15:41:16.805  1978  1978 D MediaSessionService: Global priority session is changed from null to com.android.server.telecom/HeadsetMediaButton (userId=0)
01-17 15:41:16.806  1978  2080 I WifiScanningService: wifi driver loaded with scan capabilities: max buckets=16
01-17 15:41:16.810  1978  1978 I DefaultPermGrantPolicy: Granting permissions to default dialer app for user:0
01-17 15:41:16.812  1978  1978 I Telecom : PhoneAccountRegistrar: SimCallManager queried, returning: null: TSI.gSCM@AAM
01-17 15:41:16.821  1978  1978 D ZenLog  : config: conditionChanged,ZenModeConfig[user=0,allowAlarms=true,allowMedia=true,allowSystem=false,allowReminders=false,allowEvents=false,allowCalls=true,allowRepeatCallers=true,allowMessages=false,allowCallsFrom=stars,allowMessagesFrom=contacts,suppressedVisualEffects=511,areChannelsBypassingDnd=false,automaticRules={EVENTS_DEFAULT_RULE=ZenRule[enabled=false,snoozing=false,name=Event,zenMode=ZEN_MODE_IMPORTANT_INTERRUPTIONS,conditionId=condition://android/event?userId=-10000&calendar=&reply=1,condition=Condition[id=condition://android/event?userId=-10000&calendar=&reply=1,summary=...,line1=...,line2=...,icon=0,state=STATE_FALSE,flags=2],component=ComponentInfo{android/com.android.server.notification.EventConditionProvider},id=EVENTS_DEFAULT_RULE,creationTime=1673966468965,enabler=null], EVERY_NIGHT_DEFAULT_RULE=ZenRule[enabled=false,snoozing=false,name=Sleeping,zenMode=ZEN_MODE_IMPORTANT_INTERRUPTIONS,conditionId=condition://android/schedule?days=1.2.3.4.5.6.7&start=22.0&end=7.0&exitAtAlarm=true,condition=null,component=ComponentInfo{android/com.android.server.notification.ScheduleConditionProvider},id=EVERY_NIGHT_DEFAULT_RULE,creationTime=1673966468964,enabler=null]},manualRule=null],Diff[automaticRule[EVENTS_DEFAULT_RULE].condition:null->Condition[id=condition://android/event?userId=-10000&calendar=&reply=1,summary=...,line1=...,line2=...,icon=0,state=STATE_FALSE,flags=2]]
01-17 15:41:16.822  1978  1978 D ZenLog  : config: conditionChanged,ZenModeConfig[user=0,allowAlarms=true,allowMedia=true,allowSystem=false,allowReminders=false,allowEvents=false,allowCalls=true,allowRepeatCallers=true,allowMessages=false,allowCallsFrom=stars,allowMessagesFrom=contacts,suppressedVisualEffects=511,areChannelsBypassingDnd=false,automaticRules={EVENTS_DEFAULT_RULE=ZenRule[enabled=false,snoozing=false,name=Event,zenMode=ZEN_MODE_IMPORTANT_INTERRUPTIONS,conditionId=condition://android/event?userId=-10000&calendar=&reply=1,condition=Condition[id=condition://android/event?userId=-10000&calendar=&reply=1,summary=...,line1=...,line2=...,icon=0,state=STATE_FALSE,flags=2],component=ComponentInfo{android/com.android.server.notification.EventConditionProvider},id=EVENTS_DEFAULT_RULE,creationTime=1673966468965,enabler=null], EVERY_NIGHT_DEFAULT_RULE=ZenRule[enabled=false,snoozing=false,name=Sleeping,zenMode=ZEN_MODE_IMPORTANT_INTERRUPTIONS,conditionId=condition://android/schedule?days=1.2.3.4.5.6.7&start=22.0&end=7.0&exitAtAlarm=true,condition=Condition[id=condition://android/schedule?days=1.2.3.4.5.6.7&start=22.0&end=7.0&exitAtAlarm=true,summary=...,line1=...,line2=...,icon=0,state=STATE_FALSE,flags=2],component=ComponentInfo{android/com.android.server.notification.ScheduleConditionProvider},id=EVERY_NIGHT_DEFAULT_RULE,creationTime=1673966468964,enabler=null]},manualRule=null],Diff[automaticRule[EVERY_NIGHT_DEFAULT_RULE].condition:null->Condition[id=condition://android/schedule?days=1.2.3.4.5.6.7&start=22.0&end=7.0&exitAtAlarm=true,summary=...,line1=...,line2=...,icon=0,state=STATE_FALSE,flags=2]]
01-17 15:41:16.822  1978  1978 D AutofillManagerService: Autofill restriction did not change for user 0
01-17 15:41:16.823  1978  1978 W Looper  : Drained
01-17 15:41:16.823  1978  1978 I FusedLocation: engine started (com.android.location.fused)
01-17 15:41:16.824  1978  1978 D ZenLog  : set_zen_mode: off,conditionChanged
01-17 15:41:16.827  1978  1978 D ZenLog  : set_zen_mode: off,conditionChanged
01-17 15:41:16.844  2142  2142 D SystemUIBootTiming: StartServicescom.android.systemui.recents.Recents took to complete: 778ms
01-17 15:41:16.846  2142  2142 I vol.Events: writeEvent collection_started
01-17 15:41:16.874  2246  2246 E ActivityThread: Failed to find provider info for com.google.android.gsf.gservices
01-17 15:41:16.875  2246  2246 E ActivityThread: Failed to find provider info for com.google.android.gsf.gservices
01-17 15:41:16.877  2246  2246 E ActivityThread: Failed to find provider info for com.google.settings
01-17 15:41:16.882  1928  1946 I OMXClient: IOmx service obtained
01-17 15:41:16.882  1782  1782 I OMXMaster: makeComponentInstance(OMX.google.amrnb.encoder) in omx@1.0-service process
01-17 15:41:16.918  2192  2192 D ImsExternalCallTracker: Registering: Handler (com.android.internal.telephony.imsphone.ImsPhone) {c6370a9}
01-17 15:41:16.924  2192  2192 D PhoneSwitcherNetworkRequstListener: Registering NetworkFactory
01-17 15:41:16.924  1978  2082 D ConnectivityService: Got NetworkFactory Messenger for PhoneSwitcherNetworkRequstListener
01-17 15:41:16.948  1978  2190 I GnssLocationProvider: WakeLock acquired by sendMessage(REPORT_SV_STATUS, 0, com.android.server.location.GnssLocationProvider$SvStatusInfo@22b8e5)
01-17 15:41:16.949  1978  1992 I GnssLocationProvider: WakeLock released by handleMessage(REPORT_SV_STATUS, 0, com.android.server.location.GnssLocationProvider$SvStatusInfo@22b8e5)
01-17 15:41:16.990  1978  2082 D ConnectivityService: Got NetworkFactory Messenger for TelephonyNetworkFactory[0]
01-17 15:41:16.995  1576  1585 W vold    : disk:253,80 has unknown partition table; trying entire device
01-17 15:41:17.061  2120  2120 I FeaturePermissions: onSharedPreferenceChanged() : Key = ACTIVE_IME.SOFT.und-Latn-x-password : Feature = null
01-17 15:41:17.078  1928  1946 I OMXClient: IOmx service obtained
01-17 15:41:17.078  1782  1897 I OMXMaster: makeComponentInstance(OMX.google.amrwb.encoder) in omx@1.0-service process
01-17 15:41:17.080  2142  2325 I vol.Events: writeEvent external_ringer_mode_changed normal
01-17 15:41:17.080  2142  2325 I vol.Events: writeEvent internal_ringer_mode_changed normal
01-17 15:41:17.104  2192  2338 E ActivityThread: Failed to find provider info for com.android.contacts
01-17 15:41:17.104  2192  2338 W CallerInfoCache: cursor is null
01-17 15:41:17.108  2192  2192 D CarrierConfigLoader: CarrierConfigLoader has started
01-17 15:41:17.108  2192  2192 E BluetoothAdapter: Bluetooth binder is null
01-17 15:41:17.146  2246  2246 E GoogleSettings: Can't set key use_location_for_services in content://com.google.settings/partner
01-17 15:41:17.146  2246  2246 E GoogleSettings: java.lang.IllegalArgumentException: Unknown URL content://com.google.settings/partner
01-17 15:41:17.146  2246  2246 E GoogleSettings: 	at android.content.ContentResolver.insert(ContentResolver.java:1583)
01-17 15:41:17.146  2246  2246 E GoogleSettings: 	at com.google.android.gsf.GoogleSettingsContract$NameValueTable.putString(GoogleSettingsContract.java:160)
01-17 15:41:17.146  2246  2246 E GoogleSettings: 	at com.google.android.gsf.GoogleSettingsContract$Partner.putString(GoogleSettingsContract.java:237)
01-17 15:41:17.146  2246  2246 E GoogleSettings: 	at com.google.android.gsf.GoogleSettingsContract$Partner.putInt(GoogleSettingsContract.java:249)
01-17 15:41:17.146  2246  2246 E GoogleSettings: 	at com.google.android.gsf.UseLocationForServices.forceSetUseLocationForServices(UseLocationForServices.java:153)
01-17 15:41:17.146  2246  2246 E GoogleSettings: 	at com.google.android.setupwizard.lifecycle.InitialSetupLifecycleCallback.onExit(InitialSetupLifecycleCallback.java:70)
01-17 15:41:17.146  2246  2246 E GoogleSettings: 	at com.google.android.setupwizard.common.lifecycle.LifecycleManager$Callback.onExit(LifecycleManager.java:294)
01-17 15:41:17.146  2246  2246 E GoogleSettings: 	at com.google.android.setupwizard.common.lifecycle.LifecycleManager.notifyExit(LifecycleManager.java:132)
01-17 15:41:17.146  2246  2246 E GoogleSettings: 	at com.google.android.setupwizard.util.ExitHelper.finishSetup(ExitHelper.java:76)
