01-17 15:40:59.486  1978  1978 W PackageManager: Unknown package com.google.android.apps.docs.editors.slides in sysconfig <app-link>
01-17 15:40:59.487  1978  1978 W PackageManager: Sysconfig <app-link> package 'com.android.vending' does not handle web links
01-17 15:40:59.487  1978  1978 W PackageManager: Unknown package com.google.android.apps.plus in sysconfig <app-link>
01-17 15:40:59.487  1978  1978 W PackageManager: Unknown package com.google.android.apps.tycho in sysconfig <app-link>
01-17 15:40:59.487  1978  1978 W PackageManager: Unknown package com.google.android.talk in sysconfig <app-link>
01-17 15:40:59.492  1767  1793 I SELinux : SELinux: Loaded file_contexts
01-17 15:40:59.495  1767  1793 W installd: Requested default storage /data/user_de/0/com.google.android.ext.services is not active; migrating from /data/data/com.google.android.ext.services
01-17 15:40:59.500  1767  1793 W installd: Requested default storage /data/user_de/0/com.android.providers.telephony is not active; migrating from /data/data/com.android.providers.telephony
01-17 15:40:59.504  1767  1767 W installd: Requested default storage /data/user_de/0/com.google.android.ext.shared is not active; migrating from /data/data/com.google.android.ext.shared
01-17 15:40:59.512  1767  1767 W installd: Requested default storage /data/user_de/0/com.android.defcontainer is not active; migrating from /data/data/com.android.defcontainer
01-17 15:40:59.514  1767  2026 W installd: Requested default storage /data/user_de/0/android is not active; migrating from /data/data/android
01-17 15:40:59.517  1767  2026 W installd: Requested default storage /data/user_de/0/com.android.providers.settings is not active; migrating from /data/data/com.android.providers.settings
01-17 15:40:59.520  1767  1767 W installd: Requested default storage /data/user_de/0/com.android.inputdevices is not active; migrating from /data/data/com.android.inputdevices
01-17 15:40:59.529  1767  1767 W installd: Requested default storage /data/user_de/0/com.android.server.telecom is not active; migrating from /data/data/com.android.server.telecom
01-17 15:40:59.532  1767  2026 W installd: Requested default storage /data/user_de/0/com.google.android.packageinstaller is not active; migrating from /data/data/com.google.android.packageinstaller
01-17 15:40:59.535  1767  2026 W installd: Requested default storage /data/user_de/0/com.android.proxyhandler is not active; migrating from /data/data/com.android.proxyhandler
01-17 15:40:59.538  1767  2026 W installd: Requested default storage /data/user_de/0/com.android.settings is not active; migrating from /data/data/com.android.settings
01-17 15:40:59.542  1767  1767 W installd: Requested default storage /data/user_de/0/com.android.phone is not active; migrating from /data/data/com.android.phone
01-17 15:40:59.546  1767  1767 W installd: Requested default storage /data/user_de/0/com.android.shell is not active; migrating from /data/data/com.android.shell
01-17 15:40:59.549  1767  2026 W installd: Requested default storage /data/user_de/0/com.android.location.fused is not active; migrating from /data/data/com.android.location.fused
01-17 15:40:59.553  1767  2026 W installd: Requested default storage /data/user_de/0/com.android.systemui is not active; migrating from /data/data/com.android.systemui
01-17 15:40:59.557  1978  2027 D SystemServerInitThreadPool: Started executing prepareAppData
01-17 15:40:59.558  1767  2026 W installd: Ignoring /data/data/com.android.defcontainer/lib with unexpected GID 0 instead of 10014
01-17 15:40:59.560  1767  2026 W installd: Ignoring /data/data/com.google.android.inputmethod.latin/lib with unexpected GID 0 instead of 10084
01-17 15:40:59.560  1767  2026 W installd: Ignoring /data/user_de/0/com.android.defcontainer/lib with unexpected GID 0 instead of 10014
01-17 15:40:59.560  1978  2027 D SystemServerTimingAsync: AppDataFixup took to complete: 3ms
01-17 15:40:59.584  1978  1978 E PackageManager: There should probably be a verifier, but, none were found
01-17 15:40:59.585  1978  1978 D PackageManager: Set ephemeral resolver: Pair{ComponentInfo{com.google.android.gms/com.google.android.gms.chimera.PersistentBoundBrokerService} android.intent.action.RESOLVE_INSTANT_APP_PACKAGE}
01-17 15:40:59.605  1978  1978 D PackageManager: Instant App installer not found with android.intent.action.INSTALL_INSTANT_APP_PACKAGE
01-17 15:40:59.605  1978  1978 D PackageManager: Clear ephemeral installer activity
01-17 15:40:59.647  1978  1978 I system_server: Explicit concurrent copying GC freed 25960(1393KB) AllocSpace objects, 8(352KB) LOS objects, 42% free, 4MB/7MB, paused 16us total 39.761ms
01-17 15:40:59.647  1978  1978 D SystemServerTiming: StartPackageManagerService took to complete: 7802ms
01-17 15:40:59.647  1978  1978 I SystemServer: StartOtaDexOptService
01-17 15:40:59.648  1978  1978 D OTADexopt: No upgrade, skipping A/B artifacts check.
01-17 15:40:59.648  1978  1978 D SystemServerTiming: StartOtaDexOptService took to complete: 1ms
01-17 15:40:59.648  1978  1978 I SystemServer: StartUserManagerService
01-17 15:40:59.648  1978  1978 I SystemServiceManager: Starting com.android.server.pm.UserManagerService$LifeCycle
01-17 15:40:59.649  1978  1978 D SystemServerTiming: StartUserManagerService took to complete: 1ms
01-17 15:40:59.649  1978  1978 I SystemServer: InitAttributerCache
01-17 15:40:59.659  1978  1978 D SystemServerTiming: InitAttributerCache took to complete: 10ms
01-17 15:40:59.659  1978  1978 I SystemServer: SetSystemProcess
01-17 15:40:59.676  1646  1646 I lowmemorykiller: lmkd data connection established
01-17 15:40:59.711  1978  1978 D SystemServerTiming: SetSystemProcess took to complete: 52ms
01-17 15:40:59.712  1572  1572 W hwservicemanager: getTransport: Cannot find entry android.hardware.soundtrigger@2.0::ISoundTriggerHw/default in either framework or device manifest.
01-17 15:40:59.712  1826  1826 E SoundTriggerHwService: could not read implementation properties
01-17 15:40:59.757  1978  1978 I SystemServer: StartOverlayManagerService
01-17 15:40:59.765  1978  1978 D SystemServerTiming: StartOverlayManagerService took to complete: 8ms
01-17 15:40:59.766  1978  1978 I SystemServer: StartBatteryService
01-17 15:40:59.766  1978  1978 I SystemServiceManager: Starting com.android.server.BatteryService
01-17 15:40:59.766  1767  1767 W installd: Requested default storage /data/user_de/0/com.android.cellbroadcastreceiver is not active; migrating from /data/data/com.android.cellbroadcastreceiver
01-17 15:40:59.767  1978  2035 D SystemServerInitThreadPool: Started executing Init OverlayManagerService
01-17 15:40:59.767  1978  2036 D SystemServerInitThreadPool: Started executing StartSensorService
01-17 15:40:59.767  1978  2036 D SensorService: nuSensorService starting...
01-17 15:40:59.771  1978  2036 E SensorService: Reported power 0.000000 not deemed sane, clamping to 0.001000
01-17 15:40:59.772  1978  2036 I SensorService: Generated new HMAC key.
01-17 15:40:59.773  1978  2039 D SensorService: new thread SensorEventAckReceiver
01-17 15:40:59.773  1978  2036 D SystemServerTimingAsync: StartSensorService took to complete: 6ms
01-17 15:40:59.773  1978  2036 D SystemServerInitThreadPool: Finished executing StartSensorService
01-17 15:40:59.773  1978  2040 D SensorService: nuSensorService thread starting...
01-17 15:40:59.818  1978  1978 I android_os_HwBinder: HwBinder: Starting thread pool for default::android.hardware.health@2.0::IHealth
01-17 15:40:59.857  1978  1978 I android_os_HwBinder: HwBinder: Starting thread pool for default::android.hidl.manager@1.0::IServiceManager
01-17 15:40:59.857  1978  1997 E BluetoothAdapter: Bluetooth binder is null
01-17 15:40:59.857  1978  1997 E BatteryExternalStatsWorker: no controller energy info supplied for telephony
01-17 15:40:59.857  1978  1997 E KernelUidCpuFreqTimeReader: Failed to read /proc/uid_time_in_state: java.io.FileNotFoundException: /proc/uid_time_in_state (No such file or directory)
01-17 15:40:59.857  1978  1978 I HealthServiceWrapper: health: HealthServiceWrapper listening to instance default
01-17 15:40:59.857  1978  1978 I BatteryService: health: Waited 0ms and received the update.
01-17 15:40:59.858  1978  1997 E KernelUidCpuFreqTimeReader: Failed to read /proc/uid_time_in_state: java.io.FileNotFoundException: /proc/uid_time_in_state (No such file or directory)
01-17 15:40:59.858  2041  2041 W ResourceType: CREATING STRING CACHE OF 40436 bytes
01-17 15:40:59.858  1978  2042 I android_os_HwBinder: HwBinder: Starting thread pool for default::android.hardware.health@2.0::IHealth
01-17 15:40:59.858  1978  1978 W SystemServiceManager: Service com.android.server.BatteryService took 92 ms in onStart
01-17 15:40:59.858  1978  1978 D SystemServerTiming: StartBatteryService took to complete: 92ms
01-17 15:40:59.858  1978  1978 I SystemServer: StartUsageService
01-17 15:40:59.858  1978  1978 I SystemServiceManager: Starting com.android.server.usage.UsageStatsService
01-17 15:40:59.869  1978  1997 I BatteryStatsImpl: Resetting battery stats: level=100 status=4 dischargeLevel=100 lowAmount=0 highAmount=0
01-17 15:40:59.919  2041  2041 W ResourceType: idmap: overlaid 7 resources not marked overlayable
01-17 15:40:59.942  1978  1997 E KernelUidCpuFreqTimeReader: Failed to read /proc/uid_time_in_state: java.io.FileNotFoundException: /proc/uid_time_in_state (No such file or directory)
01-17 15:40:59.949  2043  2043 W ResourceType: CREATING STRING CACHE OF 40436 bytes
01-17 15:40:59.963  2043  2043 W ResourceType: idmap: overlaid 7 resources not marked overlayable
01-17 15:40:59.967  1978  1993 I BinderCallsStatsService: Resetting stats
01-17 15:40:59.988  2044  2044 W ResourceType: CREATING STRING CACHE OF 40436 bytes
01-17 15:41:00.002  2044  2044 W ResourceType: idmap: overlaid 7 resources not marked overlayable
01-17 15:41:00.019  1978  1978 I UsageStatsDatabase: Upgrading from version 0 to 3
01-17 15:41:00.019  1978  1978 I UsageStatsDatabase: Deleting all usage stats files
01-17 15:41:00.025  2045  2045 W ResourceType: CREATING STRING CACHE OF 30972 bytes
01-17 15:41:00.030  1978  1978 I UsageStatsService: User[0] Rollover scheduled @ 2023-01-18 14:41:00(1674052860005)
01-17 15:41:00.030  1978  1978 W SystemServiceManager: Service com.android.server.usage.UsageStatsService took 99 ms in onStart
01-17 15:41:00.031  1978  1978 D SystemServerTiming: StartUsageService took to complete: 172ms
01-17 15:41:00.032  1978  1978 I SystemServer: StartWebViewUpdateService
01-17 15:41:00.032  1978  1978 I SystemServiceManager: Starting com.android.server.webkit.WebViewUpdateService
01-17 15:41:00.053  2045  2045 W ResourceType: idmap: overlaid 2 resources not marked overlayable
01-17 15:41:00.080  2046  2046 W ResourceType: CREATING STRING CACHE OF 40436 bytes
01-17 15:41:00.085  1978  1978 D SystemServerTiming: StartWebViewUpdateService took to complete: 53ms
01-17 15:41:00.086  1978  1978 I SystemServer: StartBinderCallsStatsService
01-17 15:41:00.087  1978  1978 D SystemServerTiming: StartBinderCallsStatsService took to complete: 1ms
01-17 15:41:00.087  1978  1978 I SystemServer: StartKeyAttestationApplicationIdProviderService
01-17 15:41:00.087  1978  1991 D SystemServerInitThreadPool: Started executing SecondaryZygotePreload
01-17 15:41:00.087  1978  1991 I SystemServer: SecondaryZygotePreload
01-17 15:41:00.094  2046  2046 W ResourceType: idmap: overlaid 6 resources not marked overlayable
01-17 15:41:00.097  1978  2035 D SystemServerInitThreadPool: Finished executing Init OverlayManagerService
01-17 15:41:00.100  1978  1991 I Zygote  : Process: zygote socket RESERVED/zygote opened, supported ABIS: x86,armeabi-v7a,armeabi
01-17 15:41:00.100  1978  1978 D SystemServerTiming: StartKeyAttestationApplicationIdProviderService took to complete: 13ms
01-17 15:41:00.100  1978  1978 I SystemServer: StartKeyChainSystemService
01-17 15:41:00.100  1978  1978 I SystemServiceManager: Starting com.android.server.security.KeyChainSystemService
01-17 15:41:00.100  1978  1978 D SystemServerTiming: StartKeyChainSystemService took to complete: 0ms
01-17 15:41:00.101  1978  1978 I SystemServer: StartSchedulingPolicyService
01-17 15:41:00.101  1978  2036 D SystemServerInitThreadPool: Started executing SchedulingPolicyService.<init>
01-17 15:41:00.101  1978  1978 D SystemServerTiming: StartSchedulingPolicyService took to complete: 0ms
01-17 15:41:00.101  1978  1978 I SystemServer: StartTelecomLoaderService
01-17 15:41:00.101  1978  1978 I SystemServiceManager: Starting com.android.server.telecom.TelecomLoaderService
01-17 15:41:00.105  1978  2036 I SchedulingPolicyService: Moving 1782 back to group default
01-17 15:41:00.105  1978  2036 D SystemServerInitThreadPool: Finished executing SchedulingPolicyService.<init>
01-17 15:41:00.114  1978  1978 D SystemServerTiming: StartTelecomLoaderService took to complete: 13ms
01-17 15:41:00.114  1978  1978 I SystemServer: StartTelephonyRegistry
01-17 15:41:00.115  1978  1978 D SystemServerTiming: StartTelephonyRegistry took to complete: 1ms
01-17 15:41:00.115  1978  1978 I SystemServer: StartEntropyMixer
01-17 15:41:00.116  1978  1978 W EntropyMixer: No existing entropy file -- first boot?
01-17 15:41:00.122  1978  1991 E SystemServer: Unable to preload default resources
01-17 15:41:00.122  1978  1991 D SystemServerTimingAsync: SecondaryZygotePreload took to complete: 35ms
01-17 15:41:00.122  1978  1991 D SystemServerInitThreadPool: Finished executing SecondaryZygotePreload
01-17 15:41:00.128  1978  1978 I EntropyMixer: Added HW RNG output to entropy pool
01-17 15:41:00.128  1978  1978 I EntropyMixer: Writing entropy...
01-17 15:41:00.144  1978  1978 D SystemServerTiming: StartEntropyMixer took to complete: 29ms
01-17 15:41:00.144  1978  1978 I SystemServer: StartAccountManagerService
01-17 15:41:00.144  1978  1978 I SystemServiceManager: Starting com.android.server.accounts.AccountManagerService$Lifecycle
01-17 15:41:00.146  1978  1978 D SystemServerTiming: StartAccountManagerService took to complete: 2ms
01-17 15:41:00.146  1978  1978 I SystemServer: StartContentService
01-17 15:41:00.146  1978  1978 I SystemServiceManager: Starting com.android.server.content.ContentService$Lifecycle
01-17 15:41:00.171  1767  2026 W installd: Requested default storage /data/user_de/0/com.android.providers.blockednumber is not active; migrating from /data/data/com.android.providers.blockednumber
01-17 15:41:00.178  1767  1767 W installd: Requested default storage /data/user_de/0/com.android.emergency is not active; migrating from /data/data/com.android.emergency
01-17 15:41:00.188  1767  2026 W installd: Requested default storage /data/user_de/0/com.android.bluetooth is not active; migrating from /data/data/com.android.bluetooth
01-17 15:41:00.189  1978  1978 D SystemServerTiming: StartContentService took to complete: 43ms
01-17 15:41:00.189  1978  1978 I SystemServer: InstallSystemProviders
01-17 15:41:00.199  1978  2027 D SystemServerTimingAsync: AppDataPrepare took to complete: 638ms
01-17 15:41:00.199  1978  2027 I PackageManager: Deferred reconcileAppsData finished 90 packages
01-17 15:41:00.199  1978  2027 D SystemServerInitThreadPool: Finished executing prepareAppData
01-17 15:41:00.234  1978  1978 I system_server: The ClassLoaderContext is a special shared library.
01-17 15:41:00.356  1978  1978 I SettingsState: No settings state /data/system/users/0/settings_system.xml
01-17 15:41:00.362  1978  1978 I SettingsState: No settings state /data/system/users/0/settings_secure.xml
01-17 15:41:00.364  1978  1978 D SettingsProvider: Generated and saved new ANDROID_ID [16e0f6dafcbd8c9e] for user 0
01-17 15:41:00.367  1978  1978 I SettingsState: No settings state /data/system/users/0/settings_global.xml
01-17 15:41:00.377  1978  1978 D SettingsProvider: Setting [com.google.android.gms/.autofill.service.AutofillService] as Autofill Service for user 0
01-17 15:41:00.387  1978  1978 I SettingsState: No settings state /data/system/users/0/settings_ssaid.xml
01-17 15:41:00.403  1978  1978 D SystemServerTiming: InstallSystemProviders took to complete: 214ms
01-17 15:41:00.403  1978  1978 I SystemServer: StartDropBoxManager
01-17 15:41:00.403  1978  1978 I SystemServiceManager: Starting com.android.server.DropBoxManagerService
01-17 15:41:00.404  1978  1978 D SystemServerTiming: StartDropBoxManager took to complete: 1ms
01-17 15:41:00.404  1978  1978 I SystemServer: StartVibratorService
01-17 15:41:00.413  1572  1572 W hwservicemanager: getTransport: Cannot find entry android.hardware.vibrator@1.0::IVibrator/default in either framework or device manifest.
01-17 15:41:00.413  1572  1572 W hwservicemanager: getTransport: Cannot find entry android.hardware.vibrator@1.0::IVibrator/default in either framework or device manifest.
01-17 15:41:00.413  1978  1978 E VibratorService: vibratorOff command failed (1).
01-17 15:41:00.414  1572  1572 W hwservicemanager: getTransport: Cannot find entry android.hardware.vibrator@1.0::IVibrator/default in either framework or device manifest.
01-17 15:41:00.415  1978  1978 D SystemServerTiming: StartVibratorService took to complete: 11ms
01-17 15:41:00.415  1978  1978 I SystemServer: StartConsumerIrService
01-17 15:41:00.415  1572  1572 W hwservicemanager: getTransport: Cannot find entry android.hardware.ir@1.0::IConsumerIr/default in either framework or device manifest.
01-17 15:41:00.416  1978  1978 D SystemServerTiming: StartConsumerIrService took to complete: 1ms
01-17 15:41:00.417  1978  1978 I SystemServer: StartAlarmManagerService
01-17 15:41:00.417  1978  1978 I SystemServiceManager: Starting com.android.server.AlarmManagerService
01-17 15:41:00.418  1978  1978 W AlarmManagerService: no wall clock RTC found
01-17 15:41:00.418  1978  1978 D AlarmManagerService: Kernel timezone updated to 0 minutes west of GMT
01-17 15:41:00.419  1978  1978 D SystemServerTiming: StartAlarmManagerService took to complete: 2ms
01-17 15:41:00.419  1978  1978 I SystemServer: InitWatchdog
01-17 15:41:00.419  1978  1978 D SystemServerTiming: InitWatchdog took to complete: 0ms
01-17 15:41:00.419  1978  1978 I SystemServer: StartInputManagerService
01-17 15:41:00.425  1978  1978 I InputManager: Initializing input manager, mUseDevInputEventForAudioJack=true
01-17 15:41:00.436  1978  1978 D SystemServerTiming: StartInputManagerService took to complete: 17ms
01-17 15:41:00.437  1978  1978 I SystemServer: StartWindowManagerService
01-17 15:41:00.545  1978  2001 I WindowManager: No existing display settings /data/system/display_settings.xml; starting empty
01-17 15:41:00.590  1978  1978 D SystemServerTiming: StartWindowManagerService took to complete: 152ms
01-17 15:41:00.590  1978  1978 I SystemServer: SetWindowManagerService
01-17 15:41:00.753  1978  1978 D SystemServerTiming: SetWindowManagerService took to complete: 163ms
01-17 15:41:00.753  1978  1978 I SystemServer: WindowManagerServiceOnInitReady
01-17 15:41:00.753  1978  1999 W Looper  : Slow dispatch took 152ms android.fg h=com.android.server.DropBoxManagerService$3 c=null m=1
01-17 15:41:00.788  1978  1994 W ShortcutManager: Unable to add bookmark: com.google.android.talk/com.google.android.talk.SigningInActivity
01-17 15:41:00.788  1978  1994 W ShortcutManager: android.content.pm.PackageManager$NameNotFoundException: ComponentInfo{com.google.android.talk/com.google.android.talk.SigningInActivity}
01-17 15:41:00.788  1978  1994 W ShortcutManager: 	at android.app.ApplicationPackageManager.getActivityInfo(ApplicationPackageManager.java:435)
01-17 15:41:00.788  1978  1994 W ShortcutManager: 	at com.android.server.policy.ShortcutManager.loadShortcuts(ShortcutManager.java:142)
01-17 15:41:00.788  1978  1994 W ShortcutManager: 	at com.android.server.policy.ShortcutManager.<init>(ShortcutManager.java:62)
01-17 15:41:00.788  1978  1994 W ShortcutManager: 	at com.android.server.policy.PhoneWindowManager.init(PhoneWindowManager.java:2055)
01-17 15:41:00.788  1978  1994 W ShortcutManager: 	at com.android.server.wm.WindowManagerService$4.run(WindowManagerService.java:914)
01-17 15:41:00.788  1978  1994 W ShortcutManager: 	at android.os.Handler$BlockingRunnable.run(Handler.java:893)
01-17 15:41:00.788  1978  1994 W ShortcutManager: 	at android.os.Handler.handleCallback(Handler.java:873)
01-17 15:41:00.788  1978  1994 W ShortcutManager: 	at android.os.Handler.dispatchMessage(Handler.java:99)
01-17 15:41:00.788  1978  1994 W ShortcutManager: 	at android.os.Looper.loop(Looper.java:193)
01-17 15:41:00.788  1978  1994 W ShortcutManager: 	at android.os.HandlerThread.run(HandlerThread.java:65)
01-17 15:41:00.788  1978  1994 W ShortcutManager: 	at com.android.server.ServiceThread.run(ServiceThread.java:44)
01-17 15:41:00.788  1978  1994 W ShortcutManager: 	at com.android.server.UiThread.run(UiThread.java:43)
01-17 15:41:00.815  1978  1978 D SystemServerTiming: WindowManagerServiceOnInitReady took to complete: 62ms
01-17 15:41:00.815  1978  1978 I SystemServer: StartVrManagerService
01-17 15:41:00.815  1978  2035 D SystemServerInitThreadPool: Started executing StartHidlServices
01-17 15:41:00.815  1978  1978 I SystemServiceManager: Starting com.android.server.vr.VrManagerService
01-17 15:41:00.818  1978  2035 D SystemServerTimingAsync: StartHidlServices took to complete: 3ms
01-17 15:41:00.818  1978  2035 D SystemServerInitThreadPool: Finished executing StartHidlServices
01-17 15:41:00.828  1572  1572 W hwservicemanager: getTransport: Cannot find entry android.hardware.vr@1.0::IVr/default in either framework or device manifest.
01-17 15:41:00.828  1978  1978 W VrManagerService: init_native: Could not open IVr interface
01-17 15:41:00.829  1978  1978 D SystemServerTiming: StartVrManagerService took to complete: 14ms
01-17 15:41:00.829  1978  1978 I SystemServer: StartInputManager
01-17 15:41:00.830  1978  1978 I InputManager: Starting input manager
01-17 15:41:00.832  1978  1978 D SystemServerTiming: StartInputManager took to complete: 3ms
01-17 15:41:00.832  1978  1978 I SystemServer: DisplayManagerWindowManagerAndInputReady
01-17 15:41:00.832  1978  1978 D SystemServerTiming: DisplayManagerWindowManagerAndInputReady took to complete: 0ms
01-17 15:41:00.832  1978  1978 I SystemServer: No Bluetooth Service (emulator)
01-17 15:41:00.832  1978  1978 I SystemServer: IpConnectivityMetrics
01-17 15:41:00.832  1978  1978 I SystemServiceManager: Starting com.android.server.connectivity.IpConnectivityMetrics
01-17 15:41:00.833  1978  2053 E EventHub: could not get driver version for /dev/input/mice, Not a typewriter
01-17 15:41:00.878  1978  1978 D SystemServerTiming: IpConnectivityMetrics took to complete: 46ms
01-17 15:41:00.878  1978  1978 I SystemServer: NetworkWatchlistService
01-17 15:41:00.878  1978  1978 I SystemServiceManager: Starting com.android.server.net.watchlist.NetworkWatchlistService$Lifecycle
01-17 15:41:00.956  1978  2054 I WatchlistLoggingHandler: Start aggregating watchlist records.
01-17 15:41:00.957  1978  1978 W SystemServiceManager: Service com.android.server.net.watchlist.NetworkWatchlistService$Lifecycle took 79 ms in onStart
01-17 15:41:00.957  1978  1978 D SystemServerTiming: NetworkWatchlistService took to complete: 79ms
01-17 15:41:00.957  1978  1978 I SystemServer: PinnerService
01-17 15:41:00.957  1978  1978 I SystemServiceManager: Starting com.android.server.PinnerService
01-17 15:41:00.958  1978  1978 D SystemServerTiming: PinnerService took to complete: 1ms
01-17 15:41:00.959  1978  1978 I SystemServer: StartInputMethodManagerLifecycle
01-17 15:41:00.959  1978  1978 I SystemServiceManager: Starting com.android.server.InputMethodManagerService$Lifecycle
01-17 15:41:00.983  1978  2053 W EventHub: Unable to disable kernel key repeat for /dev/input/event1: Function not implemented
01-17 15:41:00.984  1978  2053 I EventHub: wakeMechanism=EPOLLWAKEUP, usingClockIoctl=true
01-17 15:41:00.984  1978  2053 I EventHub: New device: id=1, fd=108, path='/dev/input/event1', name='qwerty2', classes=0x97, configuration='/system/usr/idc/qwerty2.idc', keyLayout='/system/usr/keylayout/qwerty.kl', keyCharacterMap='/system/usr/keychars/qwerty2.kcm', builtinKeyboard=true, 
01-17 15:41:00.984  1978  1978 D SystemServerTiming: StartInputMethodManagerLifecycle took to complete: 25ms
01-17 15:41:00.984  1978  2053 D EventHub: No input device configuration file found for device 'Power Button'.
01-17 15:41:00.984  1978  1978 I SystemServer: StartAccessibilityManagerService
01-17 15:41:01.000  1978  2053 W EventHub: Unable to disable kernel key repeat for /dev/input/event0: Function not implemented
01-17 15:41:01.000  1978  2053 I EventHub: wakeMechanism=EPOLLWAKEUP, usingClockIoctl=true
01-17 15:41:01.000  1978  2053 I EventHub: New device: id=2, fd=114, path='/dev/input/event0', name='Power Button', classes=0x1, configuration='', keyLayout='/system/usr/keylayout/Generic.kl', keyCharacterMap='/system/usr/keychars/Generic.kcm', builtinKeyboard=false, 
01-17 15:41:01.004  1978  1978 D SystemServerTiming: StartAccessibilityManagerService took to complete: 20ms
01-17 15:41:01.004  1978  2053 I InputReader: Device added: id=-1, name='Virtual', sources=0x00000301
01-17 15:41:01.004  1978  1978 I SystemServer: MakeDisplayReady
01-17 15:41:01.004  1978  2053 I InputReader: Device added: id=2, name='Power Button', sources=0x00000101
01-17 15:41:01.029  1978  2053 I InputReader:   Touch device 'qwerty2' could not query the properties of its associated display.  The device will be inoperable until the display size becomes available.
01-17 15:41:01.029  1978  2053 I InputReader: Device added: id=0, name='qwerty2', sources=0x80005103
01-17 15:41:01.031  1978  1978 I ActivityManager: Config changes=20005df8 {1.0 ?mcc?mnc [en_US] ldltr sw411dp w411dp h822dp 560dpi nrml long port ?uimode ?night -touch -keyb/h/h -nav/h winConfig={ mBounds=Rect(0, 0 - 0, 0) mAppBounds=Rect(0, 0 - 1440, 2880) mWindowingMode=fullscreen mActivityType=undefined} s.2}
01-17 15:41:01.038  1978  1978 I ActivityManager: Override config changes=60007dfc {1.0 ?mcc?mnc [en_US] ldltr sw411dp w411dp h822dp 560dpi nrml long port ?uimode ?night -touch -keyb/h/h -nav/h winConfig={ mBounds=Rect(0, 0 - 1440, 2880) mAppBounds=Rect(0, 0 - 1440, 2880) mWindowingMode=fullscreen mActivityType=undefined} s.2} for displayId=0
01-17 15:41:01.040  1978  1978 I ActivityManager: Config changes=20000438 {1.0 ?mcc?mnc [en_US] ldltr sw411dp w411dp h750dp 560dpi nrml long port ?uimode ?night finger qwerty/v/v -nav/h winConfig={ mBounds=Rect(0, 0 - 0, 0) mAppBounds=Rect(0, 0 - 1440, 2712) mWindowingMode=fullscreen mActivityType=undefined} s.3}
01-17 15:41:01.042  1978  1978 I ActivityManager: Override config changes=20000438 {1.0 ?mcc?mnc [en_US] ldltr sw411dp w411dp h750dp 560dpi nrml long port ?uimode ?night finger qwerty/v/v -nav/h winConfig={ mBounds=Rect(0, 0 - 1440, 2880) mAppBounds=Rect(0, 0 - 1440, 2712) mWindowingMode=fullscreen mActivityType=undefined} s.3} for displayId=0
01-17 15:41:01.044  1978  1978 W LocalDisplayAdapter: Unable to find color mode 0, ignoring request.
01-17 15:41:01.044  1978  1978 D SystemServerTiming: MakeDisplayReady took to complete: 40ms
01-17 15:41:01.044  1978  1978 I SystemServer: StartStorageManagerService
01-17 15:41:01.044  1978  1978 I SystemServiceManager: Starting com.android.server.StorageManagerService$Lifecycle
01-17 15:41:01.048  1978  2055 D StorageManagerService: Thinking about init, mSystemReady=false, mDaemonConnected=true
01-17 15:41:01.048  1978  2055 D StorageManagerService: Thinking about reset, mSystemReady=false, mDaemonConnected=true
01-17 15:41:01.049  1978  1978 D SystemServerTiming: StartStorageManagerService took to complete: 5ms
01-17 15:41:01.049  1978  1978 I SystemServer: StartStorageStatsService
01-17 15:41:01.049  1978  1978 I SystemServiceManager: Starting com.android.server.usage.StorageStatsService$Lifecycle
01-17 15:41:01.050  1767  2026 D installd: Found quota mount /dev/block/dm-0 at /data
01-17 15:41:01.051  1978  1978 D SystemServerTiming: StartStorageStatsService took to complete: 2ms
01-17 15:41:01.051  1978  1978 I SystemServer: StartUiModeManager
01-17 15:41:01.051  1978  1978 I SystemServiceManager: Starting com.android.server.UiModeManagerService
01-17 15:41:01.052  1978  2036 D SystemServerInitThreadPool: Started executing UiModeManager.onStart
01-17 15:41:01.052  1978  2036 I ActivityManager: Config changes=200 {1.0 ?mcc?mnc [en_US] ldltr sw411dp w411dp h750dp 560dpi nrml long port finger qwerty/v/v -nav/h winConfig={ mBounds=Rect(0, 0 - 0, 0) mAppBounds=Rect(0, 0 - 1440, 2712) mWindowingMode=fullscreen mActivityType=undefined} s.4}
01-17 15:41:01.053  1978  1978 D SystemServerTiming: StartUiModeManager took to complete: 2ms
01-17 15:41:01.053  1978  1978 I SystemServer: UpdatePackagesIfNeeded
01-17 15:41:01.054  1978  2036 I ActivityManager: Override config changes=200 {1.0 ?mcc?mnc [en_US] ldltr sw411dp w411dp h750dp 560dpi nrml long port finger qwerty/v/v -nav/h winConfig={ mBounds=Rect(0, 0 - 1440, 2880) mAppBounds=Rect(0, 0 - 1440, 2712) mWindowingMode=fullscreen mActivityType=undefined} s.4} for displayId=0
01-17 15:41:01.055  1978  2036 D SystemServerInitThreadPool: Finished executing UiModeManager.onStart
01-17 15:41:01.051  1767  2026 D installd: Found quota mount /dev/block/dm-0 at /data
01-17 15:41:01.148  1978  2053 I InputReader: Reconfiguring input devices.  changes=0x00000004
01-17 15:41:01.148  1978  2053 I InputReader: Device reconfigured: id=0, name='qwerty2', size 1440x2880, orientation 0, mode 1, display id 0
01-17 15:41:01.149  1978  2053 I InputReader: Reconfiguring input devices.  changes=0x00000004
01-17 15:41:01.180  1978  1978 I system_server: The ClassLoaderContext is a special shared library.
01-17 15:41:01.312  1978  1978 I chatty  : uid=1000 system_server identical 5 lines
01-17 15:41:01.346  1978  1978 I system_server: The ClassLoaderContext is a special shared library.
01-17 15:41:01.449  1978  1978 W system_server: ClassLoaderContext classpath size mismatch for position 0. expected=2, found=1 (PCL[/system/framework/org.apache.http.legacy.boot.jar*796383208:/system/framework/com.google.android.dialer.support.jar*2506097163] | PCL[/system/framework/com.google.android.dialer.support.jar*2506097163])
01-17 15:41:01.450  1978  1978 I PackageManager.DexOptimizer: Running dexopt (dexoptNeeded=1) on: /system/priv-app/GoogleDialer/GoogleDialer.apk pkg=com.google.android.dialer isa=x86 dexoptFlags=public,enable_hidden_api_checks targetFilter=quicken oatDir=null classLoaderContext=PCL[/system/framework/com.google.android.dialer.support.jar]
01-17 15:41:01.603  2056  2056 W dex2oat : Unexpected CPU variant for X86 using defaults: x86
01-17 15:41:01.604  2056  2056 W dex2oat : Mismatch between dex2oat instruction set features (ISA: X86 Feature string: -ssse3,-sse4.1,-sse4.2,-avx,-avx2,-popcnt) and those of dex2oat executable (ISA: X86 Feature string: ssse3,-sse4.1,-sse4.2,-avx,-avx2,-popcnt) for the command line:
01-17 15:41:01.604  2056  2056 W dex2oat : /system/bin/dex2oat --zip-fd=8 --zip-location=GoogleDialer.apk --input-vdex-fd=-1 --output-vdex-fd=10 --oat-fd=9 --oat-location=/data/dalvik-cache/x86/system@priv-app@GoogleDialer@GoogleDialer.apk@classes.dex --instruction-set=x86 --instruction-set-variant=x86 --instruction-set-features=default --runtime-arg -Xms64m --runtime-arg -Xmx512m --compiler-filter=quicken --swap-fd=11 --classpath-dir=/system/priv-app/GoogleDialer --class-loader-context=PCL[/system/framework/com.google.android.dialer.support.jar] --generate-mini-debug-info --compact-dex-level=none --runtime-arg -Xtarget-sdk-version:28 --runtime-arg -Xhidden-api-checks --compilation-reason=first-boot
01-17 15:41:01.604  2056  2056 I dex2oat : /system/bin/dex2oat --input-vdex-fd=-1 --output-vdex-fd=10 --compiler-filter=quicken --classpath-dir=/system/priv-app/GoogleDialer --class-loader-context=PCL[/system/framework/com.google.android.dialer.support.jar] --generate-mini-debug-info --compact-dex-level=none --compilation-reason=first-boot
01-17 15:41:02.908  2056  2056 I dex2oat : dex2oat took 1.350s (2.411s cpu) (threads: 4) arena alloc=117KB (120032B) java alloc=5MB (5257488B) native alloc=7MB (7618776B) free=2MB (2866984B)
01-17 15:41:02.990  1978  1978 I system_server: The ClassLoaderContext is a special shared library.
01-17 15:41:04.483  1978  1978 I chatty  : uid=1000 system_server identical 28 lines
01-17 15:41:04.528  1978  1978 I system_server: The ClassLoaderContext is a special shared library.
01-17 15:41:04.529  1978  1978 I PackageManager.DexOptimizer: Running dexopt (dexoptNeeded=1) on: /system/app/EasterEgg/EasterEgg.apk pkg=com.android.egg isa=x86 dexoptFlags=public targetFilter=quicken oatDir=null classLoaderContext=PCL[]
01-17 15:41:04.574  2063  2063 W dex2oat : Unexpected CPU variant for X86 using defaults: x86
01-17 15:41:04.574  2063  2063 W dex2oat : Mismatch between dex2oat instruction set features (ISA: X86 Feature string: -ssse3,-sse4.1,-sse4.2,-avx,-avx2,-popcnt) and those of dex2oat executable (ISA: X86 Feature string: ssse3,-sse4.1,-sse4.2,-avx,-avx2,-popcnt) for the command line:
01-17 15:41:04.574  2063  2063 W dex2oat : /system/bin/dex2oat --zip-fd=8 --zip-location=EasterEgg.apk --input-vdex-fd=-1 --output-vdex-fd=10 --oat-fd=9 --oat-location=/data/dalvik-cache/x86/system@app@EasterEgg@EasterEgg.apk@classes.dex --instruction-set=x86 --instruction-set-variant=x86 --instruction-set-features=default --runtime-arg -Xms64m --runtime-arg -Xmx512m --compiler-filter=quicken --swap-fd=11 --classpath-dir=/system/app/EasterEgg --class-loader-context=PCL[] --generate-mini-debug-info --compact-dex-level=none --runtime-arg -Xtarget-sdk-version:28 --compilation-reason=first-boot
01-17 15:41:04.574  2063  2063 I dex2oat : /system/bin/dex2oat --input-vdex-fd=-1 --output-vdex-fd=10 --compiler-filter=quicken --classpath-dir=/system/app/EasterEgg --class-loader-context=PCL[] --generate-mini-debug-info --compact-dex-level=none --compilation-reason=first-boot
01-17 15:41:04.753  2063  2063 I dex2oat : dex2oat took 180.563ms (251.996ms cpu) (threads: 4) arena alloc=3KB (3712B) java alloc=341KB (350024B) native alloc=1666KB (1706472B) free=1917KB (1963544B)
01-17 15:41:04.784  1978  1978 I system_server: The ClassLoaderContext is a special shared library.
01-17 15:41:07.695  1978  1978 D SystemServerTiming: UpdatePackagesIfNeeded took to complete: 6642ms
01-17 15:41:07.695  1978  1978 I SystemServer: PerformFstrimIfNeeded
01-17 15:41:07.696  1978  1978 W PackageManager: No disk maintenance in 1673966467696; running immediately
01-17 15:41:07.696  1978  1978 D SystemServerTiming: PerformFstrimIfNeeded took to complete: 1ms
01-17 15:41:07.696  1978  1978 I SystemServer: StartLockSettingsService
01-17 15:41:07.696  1978  2055 I StorageManagerService: Running fstrim idle maintenance
01-17 15:41:07.696  1978  1978 I SystemServiceManager: Starting com.android.server.locksettings.LockSettingsService$Lifecycle
01-17 15:41:07.698  1576  2070 D vold    : Starting trim of /data
01-17 15:41:07.712  1576  2070 W vold    : Trim failed on /data: Operation not supported on transport endpoint
01-17 15:41:07.650  1978  1978 I chatty  : uid=1000 system_server identical 58 lines
01-17 15:41:07.694  1978  1978 I system_server: The ClassLoaderContext is a special shared library.
01-17 15:41:07.807  1978  1988 I system_server: Background concurrent copying GC freed 24473(1911KB) AllocSpace objects, 38(1016KB) LOS objects, 42% free, 4MB/8MB, paused 36.007ms total 102.304ms
01-17 15:41:07.818  1978  1978 W SystemServiceManager: Service com.android.server.locksettings.LockSettingsService$Lifecycle took 121 ms in onStart
01-17 15:41:07.818  1978  1978 D SystemServerTiming: StartLockSettingsService took to complete: 122ms
01-17 15:41:07.819  1572  1572 W hwservicemanager: getTransport: Cannot find entry android.hardware.oemlock@1.0::IOemLock/default in either framework or device manifest.
01-17 15:41:07.819  1978  1978 I OemLock : OemLock HAL not present on device
01-17 15:41:07.819  1978  1978 I SystemServer: StartDeviceIdleController
01-17 15:41:07.819  1978  1978 I SystemServiceManager: Starting com.android.server.DeviceIdleController
01-17 15:41:07.823  1978  1978 D SystemServerTiming: StartDeviceIdleController took to complete: 4ms
01-17 15:41:07.823  1978  1978 I SystemServer: StartDevicePolicyManager
01-17 15:41:07.823  1978  1978 I SystemServiceManager: Starting com.android.server.devicepolicy.DevicePolicyManagerService$Lifecycle
01-17 15:41:07.907  1978  1978 D SystemServerTiming: StartDevicePolicyManager took to complete: 84ms
01-17 15:41:07.908  1978  1978 I SystemServer: StartStatusBarManagerService
01-17 15:41:07.908  1978  1978 D SystemServerTiming: StartStatusBarManagerService took to complete: 0ms
01-17 15:41:07.908  1978  1978 I SystemServer: StartClipboardService
01-17 15:41:07.908  1978  1978 I SystemServiceManager: Starting com.android.server.clipboard.ClipboardService
01-17 15:41:07.910  1978  1978 D SystemServerTiming: StartClipboardService took to complete: 2ms
01-17 15:41:07.910  1978  1978 I SystemServer: StartNetworkManagementService
01-17 15:41:07.912  1978  2072 I NetworkManagement: onDaemonConnected()
01-17 15:41:07.913  1978  1978 D SystemServerTiming: StartNetworkManagementService took to complete: 3ms
01-17 15:41:07.913  1978  1978 I SystemServer: StartIpSecService
01-17 15:41:07.914  1978  1978 D SystemServerTiming: StartIpSecService took to complete: 1ms
01-17 15:41:07.914  1978  1978 I SystemServer: StartTextServicesManager
01-17 15:41:07.914  1978  1978 I SystemServiceManager: Starting com.android.server.TextServicesManagerService$Lifecycle
01-17 15:41:07.916  1978  1978 D SystemServerTiming: StartTextServicesManager took to complete: 2ms
01-17 15:41:07.916  1978  1978 I SystemServer: StartTextClassificationManagerService
01-17 15:41:07.916  1978  1978 I SystemServiceManager: Starting com.android.server.textclassifier.TextClassificationManagerService$Lifecycle
01-17 15:41:07.916  1978  1978 D SystemServerTiming: StartTextClassificationManagerService took to complete: 0ms
01-17 15:41:07.916  1978  1978 I SystemServer: StartNetworkScoreService
01-17 15:41:07.916  1978  1978 I SystemServiceManager: Starting com.android.server.NetworkScoreService$Lifecycle
01-17 15:41:07.917  1978  1978 I NetworkScoreService: Registering network_score
01-17 15:41:07.917  1978  1978 D SystemServerTiming: StartNetworkScoreService took to complete: 1ms
01-17 15:41:07.917  1978  1978 I SystemServer: StartNetworkStatsService
01-17 15:41:07.918  1978  1978 D SystemServerTiming: StartNetworkStatsService took to complete: 1ms
01-17 15:41:07.919  1978  1978 I SystemServer: StartNetworkPolicyManagerService
01-17 15:41:07.946  1978  1978 D SystemServerTiming: StartNetworkPolicyManagerService took to complete: 27ms
01-17 15:41:07.946  1978  1978 I SystemServer: StartWifi
01-17 15:41:08.156  1978  1978 W system_server: Verification of void com.android.server.wifi.WifiService.<init>(android.content.Context) took 137.190ms
01-17 15:41:08.172  1978  1978 I SystemServiceManager: Starting com.android.server.wifi.WifiService
01-17 15:41:08.371  1978  1978 W system_server: Verification of void com.android.server.wifi.WifiInjector.<init>(android.content.Context) took 184.436ms
01-17 15:41:08.711  1978  1978 D WifiApConfigStore: 2G band allowed channels are:1,6,11
01-17 15:41:08.712  1978  1978 E WifiApConfigStore: Error reading hotspot configuration java.io.FileNotFoundException: /data/misc/wifi/softap.conf (No such file or directory)
01-17 15:41:08.712  1978  1978 D WifiApConfigStore: Fallback to use default AP configuration
01-17 15:41:08.739  1978  1978 I WifiScoringParams: rssi2=-85:-85:-73:-60,rssi5=-82:-82:-70:-57,pps=0:1:100,horizon=15,nud=8,expid=0
01-17 15:41:08.764  1978  1978 D WifiStateMachine: EnableConnectedMacRandomization Setting changed to false
01-17 15:41:08.764  1978  1978 E WifiStateMachine: getWifiLinkLayerStats called without an interface
01-17 15:41:08.764  1978  1978 D WifiStateMachinePrime: Starting Wifi in WifiDisabledState
01-17 15:41:08.764  1978  2079 D WifiStateMachinePrime: Entering WifiDisabledState
01-17 15:41:08.764  1978  2079 D ActiveModeManager: sending scan available broadcast: false
01-17 15:41:08.765  1978  1978 D WifiOpenNetworkNotifier: Settings toggle enabled=true
01-17 15:41:08.765  1978  1978 D WifiCarrierNetworkNotifier: Settings toggle enabled=true
01-17 15:41:08.766  1978  1978 D WakeupController: WifiWake enabled
01-17 15:41:08.773  1978  1978 D WifiController: isAirplaneModeOn = false, isWifiEnabled = true, isScanningAvailable = false, isLocationModeActive = false
01-17 15:41:08.797  1978  1978 E SupplicantStaIfaceHal: Can't call setDebugParams, ISupplicant is null
01-17 15:41:08.797  1978  1978 W WifiDiags: no ring buffers found
01-17 15:41:08.797  1978  1978 W WifiDiags: Failed to start packet fate monitoring
01-17 15:41:08.798  1978  1978 I WifiService: Registering wifi
01-17 15:41:08.799  1978  1978 D SystemServerTiming: StartWifi took to complete: 853ms
01-17 15:41:08.799  1978  1978 I SystemServer: StartWifiScanning
01-17 15:41:08.800  1978  1978 I SystemServiceManager: Starting com.android.server.wifi.scanner.WifiScanningService
01-17 15:41:08.800  1978  1978 I WifiScanningService: Creating wifiscanner
01-17 15:41:08.803  1978  1978 I WifiScanningService: Publishing wifiscanner
01-17 15:41:08.803  1978  1978 D SystemServerTiming: StartWifiScanning took to complete: 4ms
01-17 15:41:08.803  1978  1978 I SystemServer: StartWifiP2P
01-17 15:41:08.804  1978  1978 I SystemServiceManager: Starting com.android.server.wifi.p2p.WifiP2pService
01-17 15:41:08.842  1978  1978 W HalDevMgr: isWifiStarted called but mWifi is null!?
01-17 15:41:08.842  1978  1978 I WifiP2pService: Registering wifip2p
01-17 15:41:08.843  1978  1978 D SystemServerTiming: StartWifiP2P took to complete: 40ms
01-17 15:41:08.843  1978  1978 I SystemServer: StartConnectivityService
01-17 15:41:08.844  1978  1978 D ConnectivityService: ConnectivityService starting up
01-17 15:41:08.845  1978  1978 D ConnectivityService: wifiOnly=false
01-17 15:41:08.894  1978  1978 D SystemServerTiming: StartConnectivityService took to complete: 51ms
01-17 15:41:08.894  1978  1978 I SystemServer: StartNsdService
01-17 15:41:08.895  1978  1978 D NsdService: Network service discovery is enabled
01-17 15:41:08.897  1978  1978 D SystemServerTiming: StartNsdService took to complete: 3ms
01-17 15:41:08.897  1978  1978 I SystemServer: StartSystemUpdateManagerService
01-17 15:41:08.897  1978  1978 I SystemUpdateManagerService: No existing info file /data/system/system-update-info.xml
01-17 15:41:08.898  1978  1978 D SystemServerTiming: StartSystemUpdateManagerService took to complete: 1ms
01-17 15:41:08.898  1978  1978 I SystemServer: StartUpdateLockService
01-17 15:41:08.898  1978  1978 D SystemServerTiming: StartUpdateLockService took to complete: 0ms
01-17 15:41:08.899  1978  1978 I SystemServer: StartNotificationManager
01-17 15:41:08.899  1978  1978 I SystemServiceManager: Starting com.android.server.notification.NotificationManagerService
01-17 15:41:08.974  1978  1978 D ConditionProviders.SCP: new ScheduleConditionProvider()
01-17 15:41:08.987  1978  1978 I ConditionProviders:  Allowing condition provider com.google.android.apps.restore/com.google.android.apps.pixelmigrate.component.NotificationConsolidatorService
01-17 15:41:08.987  1978  1978 I NotificationListeners:  Allowing notification listener com.google.android.apps.restore/com.google.android.apps.pixelmigrate.component.NotificationConsolidatorService
01-17 15:41:08.988  1978  1978 I ConditionProviders:  Allowing condition provider com.android.camera2
01-17 15:41:08.988  1978  1978 I ConditionProviders:  Allowing condition provider com.google.android.ext.services/android.ext.services.notification.Assistant
01-17 15:41:08.988  1978  1978 I NotificationAssistants:  Allowing notification assistant com.google.android.ext.services/android.ext.services.notification.Assistant
01-17 15:41:08.988  1978  1978 D ZenLog  : set_zen_mode: off,init
01-17 15:41:08.990  1978  1978 W SystemServiceManager: Service com.android.server.notification.NotificationManagerService took 61 ms in onStart
01-17 15:41:09.007  1978  1978 D SystemServerTiming: StartNotificationManager took to complete: 108ms
01-17 15:41:09.007  1978  1978 I SystemServer: StartDeviceMonitor
01-17 15:41:09.007  1978  1978 I SystemServiceManager: Starting com.android.server.storage.DeviceStorageMonitorService
01-17 15:41:09.008  1978  1978 D SystemServerTiming: StartDeviceMonitor took to complete: 1ms
01-17 15:41:09.009  1978  1978 I SystemServer: StartLocationManagerService
01-17 15:41:09.020  1978  1978 D SystemServerTiming: StartLocationManagerService took to complete: 11ms
01-17 15:41:09.020  1978  1978 I SystemServer: StartCountryDetectorService
01-17 15:41:09.021  1978  1978 D SystemServerTiming: StartCountryDetectorService took to complete: 1ms
01-17 15:41:09.021  1978  1978 I SystemServer: StartSearchManagerService
01-17 15:41:09.021  1978  1978 I SystemServiceManager: Starting com.android.server.search.SearchManagerService$Lifecycle
01-17 15:41:09.022  1978  1978 D SystemServerTiming: StartSearchManagerService took to complete: 1ms
01-17 15:41:09.022  1978  1978 I SystemServer: StartWallpaperManagerService
01-17 15:41:09.022  1978  1978 I SystemServiceManager: Starting com.android.server.wallpaper.WallpaperManagerService$Lifecycle
01-17 15:41:09.023  1978  1978 D SystemServerTiming: StartWallpaperManagerService took to complete: 1ms
01-17 15:41:09.023  1978  1978 I SystemServer: StartAudioService
01-17 15:41:09.023  1978  1978 I SystemServiceManager: Starting com.android.server.audio.AudioService$Lifecycle
01-17 15:41:09.043  1978  1978 W TelecomManager: Telecom Service not found.
01-17 15:41:09.044  1826  1826 D PermissionCache: checking android.permission.MODIFY_AUDIO_ROUTING for uid=1000 => granted (471 us)
01-17 15:41:09.044  1826  1839 D PermissionCache: checking android.permission.MODIFY_AUDIO_SETTINGS for uid=1000 => granted (692 us)
01-17 15:41:09.046  1826  1842 W AudioFlinger: no wake lock to update, system not ready yet
01-17 15:41:09.047  1827  1827 W DeviceHAL: Error from HAL Device in function set_mic_mute: Function not implemented
01-17 15:41:09.078  1826  1839 D AudioFlinger: isLowRamDevice:false totalMemory:1567367168 mClientSharedHeapSize:4194304
01-17 15:41:09.079  1978  1978 D SystemServerTiming: StartAudioService took to complete: 56ms
01-17 15:41:09.079  1978  1978 I SystemServer: StartDockObserver
01-17 15:41:09.079  1978  1978 I SystemServiceManager: Starting com.android.server.DockObserver
01-17 15:41:09.079  1978  1978 W DockObserver: This kernel does not have dock station support
01-17 15:41:09.081  1978  1978 D SystemServerTiming: StartDockObserver took to complete: 2ms
01-17 15:41:09.081  1978  1978 I SystemServer: StartWiredAccessoryManager
01-17 15:41:09.081  1978  1978 W WiredAccessoryManager: This kernel does not have usb audio support
01-17 15:41:09.081  1978  1978 W WiredAccessoryManager: This kernel does not have HDMI audio support
01-17 15:41:09.081  1978  1978 D SystemServerTiming: StartWiredAccessoryManager took to complete: 0ms
01-17 15:41:09.081  1978  1978 I SystemServer: StartMidiManager
01-17 15:41:09.081  1978  1978 I SystemServiceManager: Starting com.android.server.midi.MidiService$Lifecycle
01-17 15:41:09.095  1978  1978 D SystemServerTiming: StartMidiManager took to complete: 14ms
01-17 15:41:09.095  1978  1978 I SystemServer: StartUsbService
01-17 15:41:09.095  1978  1978 I SystemServiceManager: Starting com.android.server.usb.UsbService$Lifecycle
01-17 15:41:09.109  1978  1978 E UsbDeviceManager: failed to write to /sys/class/android_usb/android0/f_rndis/ethaddr
01-17 15:41:09.110  1572  1572 W hwservicemanager: getTransport: Cannot find entry android.hardware.usb.gadget@1.0::IUsbGadget/default in either framework or device manifest.
01-17 15:41:09.201  1978  1978 I UsbDeviceManager: USB GADGET HAL not present in the device
01-17 15:41:09.201  1978  1978 I UsbDeviceManager: java.util.NoSuchElementException
01-17 15:41:09.201  1978  1978 I UsbDeviceManager: 	at android.os.HwBinder.getService(Native Method)
01-17 15:41:09.201  1978  1978 I UsbDeviceManager: 	at android.hardware.usb.gadget.V1_0.IUsbGadget.getService(IUsbGadget.java:40)
01-17 15:41:09.201  1978  1978 I UsbDeviceManager: 	at android.hardware.usb.gadget.V1_0.IUsbGadget.getService(IUsbGadget.java:44)
01-17 15:41:09.201  1978  1978 I UsbDeviceManager: 	at com.android.server.usb.UsbDeviceManager.<init>(UsbDeviceManager.java:267)
01-17 15:41:09.201  1978  1978 I UsbDeviceManager: 	at com.android.server.usb.UsbService.<init>(UsbService.java:139)
01-17 15:41:09.201  1978  1978 I UsbDeviceManager: 	at com.android.server.usb.UsbService$Lifecycle.onStart(UsbService.java:73)
01-17 15:41:09.201  1978  1978 I UsbDeviceManager: 	at com.android.server.SystemServiceManager.startService(SystemServiceManager.java:126)
01-17 15:41:09.201  1978  1978 I UsbDeviceManager: 	at com.android.server.SystemServiceManager.startService(SystemServiceManager.java:113)
01-17 15:41:09.201  1978  1978 I UsbDeviceManager: 	at com.android.server.SystemServiceManager.startService(SystemServiceManager.java:72)
01-17 15:41:09.201  1978  1978 I UsbDeviceManager: 	at com.android.server.SystemServer.startOtherServices(SystemServer.java:1299)
01-17 15:41:09.201  1978  1978 I UsbDeviceManager: 	at com.android.server.SystemServer.run(SystemServer.java:431)
01-17 15:41:09.201  1978  1978 I UsbDeviceManager: 	at com.android.server.SystemServer.main(SystemServer.java:294)
01-17 15:41:09.201  1978  1978 I UsbDeviceManager: 	at java.lang.reflect.Method.invoke(Native Method)
01-17 15:41:09.201  1978  1978 I UsbDeviceManager: 	at com.android.internal.os.RuntimeInit$MethodAndArgsCaller.run(RuntimeInit.java:493)
01-17 15:41:09.201  1978  1978 I UsbDeviceManager: 	at com.android.internal.os.ZygoteInit.main(ZygoteInit.java:838)
