01-17 11:36:50.822  1927  1927 D HostConnection: createUnique: call
01-17 11:36:50.822  1927  1927 D HostConnection: HostConnection::get() New Host Connection established 0xf2025b30, tid 1927
01-17 11:36:50.824  1928  1928 D AndroidRuntime: >>>>>> START com.android.internal.os.ZygoteInit uid 0 <<<<<<
01-17 11:36:50.824  1927  1927 D HostConnection: HostComposition ext ANDROID_EMU_CHECKSUM_HELPER_v1 ANDROID_EMU_native_sync_v2 ANDROID_EMU_native_sync_v3 ANDROID_EMU_native_sync_v4 ANDROID_EMU_dma_v1 ANDROID_EMU_YUV420_888_to_NV21 ANDROID_EMU_YUV_Cache ANDROID_EMU_sync_buffer_data GL_OES_EGL_image_external_essl3 GL_OES_vertex_array_object GL_KHR_texture_compression_astc_ldr ANDROID_EMU_host_side_tracing ANDROID_EMU_gles_max_version_3_0 
01-17 11:36:50.824  1927  1927 E eglCodecCommon: GoldfishAddressSpaceHostMemoryAllocator: ioctl_ping failed for device_type=5, ret=-1
01-17 11:36:50.825  1927  1927 E HWComposer: getSupportedPerFrameMetadata: getSupportedPerFrameMetadata failed for display 0: Unsupported (8)
01-17 11:36:50.825  1638  1638 D gralloc_ranchu: gralloc_alloc: Creating ashmem region of size 16592896
01-17 11:36:50.826  1638  1703 D gralloc_ranchu: gralloc_alloc: Creating ashmem region of size 16592896
01-17 11:36:50.827  1927  1927 D EGL_emulation: eglMakeCurrent: 0xf2020ae0: ver 3 0 (tinfo 0xf201c310)
01-17 11:36:50.887  1927  1927 D SurfaceFlinger: shader cache generated - 24 shaders in 59.561337 ms
01-17 11:36:50.888  1927  1927 D SurfaceFlinger: Set power mode=2, type=0 flinger=0xf2046000
01-17 11:36:50.889  1927  1927 D SurfaceFlinger: Finished set power mode=2, type=0
01-17 11:36:50.930  1931  1931 I Netd    : Netd 1.0 starting
01-17 11:36:50.934  1930  1930 I mediaserver: ServiceManager: 0xf149ab60
01-17 11:36:50.977  1930  1930 W BatteryNotifier: batterystats service unavailable!
01-17 11:36:50.996  1931  1931 D TetherController: Setting IP forward enable = 0
01-17 11:36:50.998  1927  1934 E SurfaceFlinger: ro.sf.lcd_density must be defined as a build property
01-17 11:36:51.000  1943  1948 D libEGL  : Emulator has host GPU support, qemu.gles is set to 1.
01-17 11:36:51.001  1943  1948 E vndksupport: Could not load /vendor/lib/egl/libGLES_emulation.so from sphal namespace: dlopen failed: library "/vendor/lib/egl/libGLES_emulation.so" not found.
01-17 11:36:51.001  1943  1948 E libEGL  : load_driver(/vendor/lib/egl/libGLES_emulation.so): unknown
01-17 11:36:51.004  1943  1948 D libEGL  : loaded /vendor/lib/egl/libEGL_emulation.so
01-17 11:36:51.005  1943  1948 D libEGL  : loaded /vendor/lib/egl/libGLESv1_CM_emulation.so
01-17 11:36:51.013  1943  1948 D libEGL  : loaded /vendor/lib/egl/libGLESv2_emulation.so
01-17 11:36:51.022  1943  1948 D HostConnection: HostConnection::get() New Host Connection established 0xef6214a0, tid 1948
01-17 11:36:51.036  1943  1948 D HostConnection: HostComposition ext ANDROID_EMU_CHECKSUM_HELPER_v1 ANDROID_EMU_native_sync_v2 ANDROID_EMU_native_sync_v3 ANDROID_EMU_native_sync_v4 ANDROID_EMU_dma_v1 ANDROID_EMU_YUV420_888_to_NV21 ANDROID_EMU_YUV_Cache ANDROID_EMU_sync_buffer_data GL_OES_EGL_image_external_essl3 GL_OES_vertex_array_object GL_KHR_texture_compression_astc_ldr ANDROID_EMU_host_side_tracing ANDROID_EMU_gles_max_version_3_0 
01-17 11:36:51.038  1943  1948 I ConfigStore: android::hardware::configstore::V1_0::ISurfaceFlingerConfigs::hasWideColorDisplay retrieved: 0
01-17 11:36:51.038  1943  1948 I ConfigStore: android::hardware::configstore::V1_0::ISurfaceFlingerConfigs::hasHDRDisplay retrieved: 0
01-17 11:36:51.039  1638  1703 D gralloc_ranchu: gralloc_alloc: Creating ashmem region of size 16592896
01-17 11:36:51.044  1943  1948 D HostConnection: createUnique: call
01-17 11:36:51.044  1943  1948 D HostConnection: HostConnection::get() New Host Connection established 0xef621540, tid 1948
01-17 11:36:51.056  1943  1948 D HostConnection: HostComposition ext ANDROID_EMU_CHECKSUM_HELPER_v1 ANDROID_EMU_native_sync_v2 ANDROID_EMU_native_sync_v3 ANDROID_EMU_native_sync_v4 ANDROID_EMU_dma_v1 ANDROID_EMU_YUV420_888_to_NV21 ANDROID_EMU_YUV_Cache ANDROID_EMU_sync_buffer_data GL_OES_EGL_image_external_essl3 GL_OES_vertex_array_object GL_KHR_texture_compression_astc_ldr ANDROID_EMU_host_side_tracing ANDROID_EMU_gles_max_version_3_0 
01-17 11:36:51.056  1943  1948 E eglCodecCommon: GoldfishAddressSpaceHostMemoryAllocator: ioctl_ping failed for device_type=5, ret=-1
01-17 11:36:51.059  1943  1948 D eglCodecCommon: setVertexArrayObject: set vao to 0 (0) 0 0
01-17 11:36:51.059  1943  1948 D EGL_emulation: eglCreateContext: 0xef6194e0: maj 1 min 0 rcv 1
01-17 11:36:51.069  1943  1948 D EGL_emulation: eglMakeCurrent: 0xef6194e0: ver 1 0 (tinfo 0xef60f0b0)
01-17 11:36:51.086  1943  1948 D BootAnimation: BootAnimationShownTiming start time: 21086ms
01-17 11:36:51.087  1943  1951 E BootAnimation: Could not add watch for /data/system
01-17 11:36:51.089  1929  1929 I cameraserver: ServiceManager: 0xf171a700
01-17 11:36:51.089  1929  1929 I CameraService: CameraService started (pid=1929)
01-17 11:36:51.089  1929  1929 I CameraService: CameraService process starting
01-17 11:36:51.089  1929  1929 W BatteryNotifier: batterystats service unavailable!
01-17 11:36:51.089  1929  1929 W BatteryNotifier: batterystats service unavailable!
01-17 11:36:51.091  1929  1929 I CameraProviderManager: Connecting to new camera provider: legacy/0, isRemote? 1
01-17 11:36:51.092  1929  1929 I CameraProviderManager: Enumerating new camera device: device@3.3/legacy/0
01-17 11:36:51.093  1929  1929 I CameraProviderManager: Enumerating new camera device: device@3.3/legacy/1
01-17 11:36:51.094  1929  1929 I CameraProviderManager: Camera provider legacy/0 ready with 2 camera devices
01-17 11:36:51.094  1574  1574 W hwservicemanager: getTransport: Cannot find entry android.hardware.camera.provider@2.4::ICameraProvider/external/0 in either framework or device manifest.
01-17 11:36:51.095  1929  1952 W CameraProviderManager: addProviderLocked: Camera provider HAL with name 'legacy/0' already registered
01-17 11:36:51.096  1931  1931 I Netd    : Creating child chains: 90.0ms
01-17 11:36:51.096  1931  1931 I Netd    : Setting up OEM hooks: 0.2ms
01-17 11:36:51.099  1931  1931 I Netd    : Setting up FirewallController hooks: 2.9ms
01-17 11:36:51.101  1931  1931 I Netd    : Setting up TetherController hooks: 2.1ms
01-17 11:36:51.103  1931  1931 I Netd    : Setting up BandwidthController hooks: 1.8ms
01-17 11:36:51.103  1931  1931 I Netd    : Setting up IdletimerController hooks: 0.1ms
01-17 11:36:51.103  1931  1931 I Netd    : initializing traffic control: 0.1ms
01-17 11:36:51.104  1638  1703 D gralloc_ranchu: gralloc_alloc: Creating ashmem region of size 16592896
01-17 11:36:51.106  1931  1931 I Netd    : Disabling bandwidth control: 2.6ms
01-17 11:36:51.106  1931  1931 E Netd    : cannot find interface dummy0
01-17 11:36:51.106  1931  1931 I Netd    : Initializing RouteController: 0.5ms
01-17 11:36:51.107  1931  1931 D XfrmController: Sending Netlink XFRM Message: XFRM_MSG_FLUSHSA
01-17 11:36:51.107  1931  1931 D XfrmController: Sending Netlink XFRM Message: XFRM_MSG_FLUSHPOLICY
01-17 11:36:51.107  1931  1931 I Netd    : Initializing XfrmController: 0.4ms
01-17 11:36:51.108  1931  1931 E Netd    : Unable to create netlink socket: Protocol not supported
01-17 11:36:51.108  1931  1931 W Netd    : Unable to open qlog quota socket, check if xt_quota2 can send via UeventHandler
01-17 11:36:51.108  1931  1931 D MDnsDS  : MDnsSdListener::Hander starting up
01-17 11:36:51.108  1931  1963 D MDnsDS  : MDnsSdListener starting to monitor
01-17 11:36:51.108  1931  1963 D MDnsDS  : Going to poll with pollCount 1
01-17 11:36:51.109  1931  1931 I Netd    : Registering NetdNativeService: 0.6ms
01-17 11:36:51.110  1931  1931 I Netd    : Starting CommandListener: 0.8ms
01-17 11:36:51.111  1931  1931 I Netd    : Registering NetdHwService: 1.0ms
01-17 11:36:51.111  1931  1931 I Netd    : Netd started in 181ms
01-17 11:36:51.111  1929  1929 I CameraHardwareInterface: Opening camera 0
01-17 11:36:51.111  1929  1929 E CameraHardwareInterface: initialize: openSession failed! No such file or directory (-2)
01-17 11:36:51.111  1929  1929 E CameraFlashlight: connectCameraDevice: initializing camera 0 failed
01-17 11:36:51.111  1929  1929 I CameraHardwareInterface: Destroying camera 0
01-17 11:36:51.111  1929  1929 E CameraFlashlight: findFlashUnits: failed to check if camera 0 has a flash unit. No such file or directory (-2)
01-17 11:36:51.111  1929  1929 I CameraHardwareInterface: Opening camera 1
01-17 11:36:51.111  1929  1929 E CameraHardwareInterface: initialize: openSession failed! No such file or directory (-2)
01-17 11:36:51.111  1929  1929 E CameraFlashlight: connectCameraDevice: initializing camera 1 failed
01-17 11:36:51.111  1929  1929 I CameraHardwareInterface: Destroying camera 1
01-17 11:36:51.111  1929  1929 E CameraFlashlight: findFlashUnits: failed to check if camera 1 has a flash unit. No such file or directory (-2)
01-17 11:36:51.111  1929  1929 I CameraService: onDeviceStatusChanged: Status changed for cameraId=1, newStatus=1
01-17 11:36:51.111  1929  1929 I CameraService: onDeviceStatusChanged: Unknown camera ID 1, a new camera is added
01-17 11:36:51.111  1929  1952 I CameraService: onDeviceStatusChanged: Status changed for cameraId=1, newStatus=1
01-17 11:36:51.111  1929  1952 I CameraService: onDeviceStatusChanged: Status changed for cameraId=0, newStatus=1
01-17 11:36:51.111  1929  1952 I CameraService: onDeviceStatusChanged: Unknown camera ID 0, a new camera is added
01-17 11:36:51.112  1929  1929 I CameraService: onDeviceStatusChanged: Status changed for cameraId=0, newStatus=1
01-17 11:36:51.112  1929  1929 E CameraService: onDeviceStatusChanged: State transition to the same status 0x1 not allowed
01-17 11:36:51.112  1929  1929 I         : Waiting for activity service
01-17 11:36:51.125  1927  1927 I SurfaceFlinger: Enter boot animation
01-17 11:36:51.126  1800  1800 E eglCodecCommon: GoldfishAddressSpaceHostMemoryAllocator: ioctl_ping failed for device_type=5, ret=-1
01-17 11:36:51.154  1928  1928 I zygote  : option[0]=-Xzygote
01-17 11:36:51.154  1928  1928 I zygote  : option[1]=-Xusetombstonedtraces
01-17 11:36:51.154  1928  1928 I zygote  : option[2]=exit
01-17 11:36:51.154  1928  1928 I zygote  : option[3]=vfprintf
01-17 11:36:51.154  1928  1928 I zygote  : option[4]=sensitiveThread
01-17 11:36:51.154  1928  1928 I zygote  : option[5]=-verbose:gc
01-17 11:36:51.154  1928  1928 I zygote  : option[6]=-Xms4m
01-17 11:36:51.154  1928  1928 I zygote  : option[7]=-Xmx384m
01-17 11:36:51.154  1928  1928 I zygote  : option[8]=-Xusejit:true
01-17 11:36:51.154  1928  1928 I zygote  : option[9]=-Xjitsaveprofilinginfo
01-17 11:36:51.154  1928  1928 I zygote  : option[10]=-XjdwpOptions:suspend=n,server=y
01-17 11:36:51.154  1928  1928 I zygote  : option[11]=-XjdwpProvider:default
01-17 11:36:51.154  1928  1928 I zygote  : option[12]=-Xlockprofthreshold:500
01-17 11:36:51.154  1928  1928 I zygote  : option[13]=-Ximage-compiler-option
01-17 11:36:51.154  1928  1928 I zygote  : option[14]=--runtime-arg
01-17 11:36:51.154  1928  1928 I zygote  : option[15]=-Ximage-compiler-option
01-17 11:36:51.154  1928  1928 I zygote  : option[16]=-Xms64m
01-17 11:36:51.154  1928  1928 I zygote  : option[17]=-Ximage-compiler-option
01-17 11:36:51.154  1928  1928 I zygote  : option[18]=--runtime-arg
01-17 11:36:51.154  1928  1928 I zygote  : option[19]=-Ximage-compiler-option
01-17 11:36:51.154  1928  1928 I zygote  : option[20]=-Xmx64m
01-17 11:36:51.154  1928  1928 I zygote  : option[21]=-Ximage-compiler-option
01-17 11:36:51.154  1928  1928 I zygote  : option[22]=--profile-file=/system/etc/boot-image.prof
01-17 11:36:51.154  1928  1928 I zygote  : option[23]=-Ximage-compiler-option
01-17 11:36:51.154  1928  1928 I zygote  : option[24]=--compiler-filter=speed-profile
01-17 11:36:51.154  1928  1928 I zygote  : option[25]=-Xcompiler-option
01-17 11:36:51.154  1928  1928 I zygote  : option[26]=--runtime-arg
01-17 11:36:51.154  1928  1928 I zygote  : option[27]=-Xcompiler-option
01-17 11:36:51.154  1928  1928 I zygote  : option[28]=-Xms64m
01-17 11:36:51.154  1928  1928 I zygote  : option[29]=-Xcompiler-option
01-17 11:36:51.154  1928  1928 I zygote  : option[30]=--runtime-arg
01-17 11:36:51.154  1928  1928 I zygote  : option[31]=-Xcompiler-option
01-17 11:36:51.154  1928  1928 I zygote  : option[32]=-Xmx512m
01-17 11:36:51.154  1928  1928 I zygote  : option[33]=-Ximage-compiler-option
01-17 11:36:51.154  1928  1928 I zygote  : option[34]=--instruction-set-variant=x86
01-17 11:36:51.154  1928  1928 I zygote  : option[35]=-Xcompiler-option
01-17 11:36:51.154  1928  1928 I zygote  : option[36]=--instruction-set-variant=x86
01-17 11:36:51.154  1928  1928 I zygote  : option[37]=-Ximage-compiler-option
01-17 11:36:51.154  1928  1928 I zygote  : option[38]=--instruction-set-features=default
01-17 11:36:51.154  1928  1928 I zygote  : option[39]=-Xcompiler-option
01-17 11:36:51.154  1928  1928 I zygote  : option[40]=--instruction-set-features=default
01-17 11:36:51.154  1928  1928 I zygote  : option[41]=-Duser.locale=en-US
01-17 11:36:51.154  1928  1928 I zygote  : option[42]=-XX:NativeBridge=libndk_translation.so
01-17 11:36:51.154  1928  1928 I zygote  : option[43]=--cpu-abilist=x86,armeabi-v7a,armeabi
01-17 11:36:51.154  1928  1928 I zygote  : option[44]=-Xfingerprint:google/sdk_gphone_x86_arm/generic_x86_arm:9/PSR1.180720.122/6736742:userdebug/dev-keys
01-17 11:36:51.202  1776  1798 W ServiceManager: Service package_native didn't start. Returning NULL
01-17 11:36:51.202  1776  1798 E storaged: getService package_native failed
01-17 11:36:51.206  1776  1798 I storaged: storaged: Start
01-17 11:36:51.206  1776  1798 E storaged: getDiskStats failed with result NOT_SUPPORTED and size 0
01-17 11:36:51.282  1928  1928 I zygote  : VerifyImage: /system/bin/patchoat --input-image-location=/system/framework/boot.art --output-image-directory=/data/dalvik-cache/x86 --instruction-set=x86 --verify
01-17 11:36:52.125  1776  1798 I ServiceManager: Waiting for service package_native...
01-17 11:36:52.615  1638  1703 D gralloc_ranchu: gralloc_alloc: Creating ashmem region of size 16592896
01-17 11:36:52.630  1971  1971 E patchoat: Unable to open relocated image file  /data/dalvik-cache/x86/system@framework@boot.art
01-17 11:36:52.632  1928  1928 W zygote  : Failed execv(/system/bin/patchoat --input-image-location=/system/framework/boot.art --output-image-directory=/data/dalvik-cache/x86 --instruction-set=x86 --verify) because non-0 exit status Preemptively pruning the dalvik cache.
01-17 11:36:52.633  1928  1928 I zygote  : Pruning dalvik-cache since we are relocating an image and will need to recompile
01-17 11:36:52.633  1928  1928 I zygote  : RelocateImage: /system/bin/patchoat --input-image-location=/system/framework/boot.art --output-image-directory=/data/dalvik-cache/x86 --instruction-set=x86 --base-offset-delta=9027584
01-17 11:36:53.142  1776  1798 I ServiceManager: Waiting for service package_native...
01-17 11:36:53.673  1916  1916 E ipv6proxy: Failed to forward Router Advertisement from eth0 to wlan1: Network is unreachable
01-17 11:36:53.716  1919  1919 I hostapd : wlan1: interface state COUNTRY_UPDATE->HT_SCAN
01-17 11:36:54.155  1776  1798 I ServiceManager: Waiting for service package_native...
01-17 11:36:55.061  1919  1919 E hostapd : Using interface wlan1 with hwaddr 02:15:b2:00:01:00 and ssid "AndroidWifi"
01-17 11:36:55.061  1919  1919 I hostapd : wlan1: interface state HT_SCAN->ENABLED
01-17 11:36:55.061  1919  1919 I hostapd : wlan1: AP-ENABLED 
01-17 11:36:55.170  1776  1798 I ServiceManager: Waiting for service package_native...
01-17 11:36:55.781  1928  1928 D Zygote  : begin preload
01-17 11:36:55.781  1928  1928 I Zygote  : Installing ICU cache reference pinning...
01-17 11:36:55.781  1928  1928 I Zygote  : Preloading ICU data...
01-17 11:36:56.116  1928  1928 D Zygote32Timing: BeginIcuCachePinning took to complete: 335ms
01-17 11:36:56.116  1928  1928 I Zygote  : Preloading classes...
01-17 11:36:56.182  1776  1798 I ServiceManager: Waiting for service package_native...
01-17 11:36:56.283  1776  1798 W ServiceManager: Service package_native didn't start. Returning NULL
01-17 11:36:56.283  1776  1798 E storaged: getService package_native failed
01-17 11:36:56.295  1928  1928 I PackageBackwardCompatibility: Loaded android.content.pm.OrgApacheHttpLegacyUpdater
01-17 11:36:56.295  1928  1928 I PackageBackwardCompatibility: Could not find android.content.pm.AndroidTestBaseUpdater, ignoring
01-17 11:36:58.849  1928  1928 E ActivityRecognitionHardware: activity_recognition HAL is deprecated. class_init is effectively a no-op
01-17 11:36:59.172  1928  1928 I zygote  : Thread[1,tid=1928,Native,Thread*=0xef35c000,peer=0x12cc0088,"main"] recursive attempt to load library "/system/lib/libmedia_jni.so"
01-17 11:36:59.172  1928  1928 D MtpDeviceJNI: register_android_mtp_MtpDevice
01-17 11:36:59.172  1928  1928 I zygote  : Thread[1,tid=1928,Native,Thread*=0xef35c000,peer=0x12cc0088,"main"] recursive attempt to load library "/system/lib/libmedia_jni.so"
01-17 11:36:59.172  1928  1928 I zygote  : Thread[1,tid=1928,Native,Thread*=0xef35c000,peer=0x12cc0088,"main"] recursive attempt to load library "/system/lib/libmedia_jni.so"
01-17 11:36:59.775  1928  1928 I Zygote  : ...preloaded 6535 classes in 3659ms.
01-17 11:36:59.775  1928  1928 I zygote  : VMRuntime.preloadDexCaches starting
01-17 11:36:59.847  1928  1928 I zygote  : VMRuntime.preloadDexCaches strings total=339033 before=12306 after=12306
01-17 11:36:59.847  1928  1928 I zygote  : VMRuntime.preloadDexCaches types total=31350 before=7821 after=7822
01-17 11:36:59.847  1928  1928 I zygote  : VMRuntime.preloadDexCaches fields total=140738 before=9181 after=9181
01-17 11:36:59.847  1928  1928 I zygote  : VMRuntime.preloadDexCaches methods total=247730 before=12783 after=12783
01-17 11:36:59.847  1928  1928 I zygote  : VMRuntime.preloadDexCaches finished
01-17 11:36:59.847  1928  1928 D Zygote32Timing: PreloadClasses took to complete: 3731ms
01-17 11:37:00.527  1928  1928 I Zygote  : Preloading resources...
01-17 11:37:00.639  1928  1928 W Resources: Preloaded drawable resource #0x1080265 (android:drawable/dialog_background_material) that varies with configuration!!
01-17 11:37:00.691  1928  1928 I Zygote  : ...preloaded 64 resources in 164ms.
01-17 11:37:00.693  1928  1928 I Zygote  : ...preloaded 41 resources in 2ms.
01-17 11:37:00.693  1928  1928 D Zygote32Timing: PreloadResources took to complete: 846ms
01-17 11:37:00.698  1928  1928 D libEGL  : Emulator has host GPU support, qemu.gles is set to 1.
01-17 11:37:00.699  1928  1928 E vndksupport: Could not load /vendor/lib/egl/libGLES_emulation.so from sphal namespace: dlopen failed: library "/vendor/lib/egl/libGLES_emulation.so" not found.
01-17 11:37:00.699  1928  1928 E libEGL  : load_driver(/vendor/lib/egl/libGLES_emulation.so): unknown
01-17 11:37:00.701  1928  1928 D libEGL  : loaded /vendor/lib/egl/libEGL_emulation.so
01-17 11:37:00.702  1928  1928 D libEGL  : loaded /vendor/lib/egl/libGLESv1_CM_emulation.so
01-17 11:37:00.712  1928  1928 D libEGL  : loaded /vendor/lib/egl/libGLESv2_emulation.so
01-17 11:37:00.722  1928  1928 I Zygote  : Preloading shared libraries...
01-17 11:37:00.778  1928  1928 I Zygote  : Uninstalled ICU cache reference pinning...
01-17 11:37:00.790  1928  1928 I Zygote  : Installed AndroidKeyStoreProvider in 10ms.
01-17 11:37:00.799  1928  1928 I Zygote  : Warmed up JCA providers in 9ms.
01-17 11:37:00.800  1928  1928 D Zygote  : end preload
01-17 11:37:00.800  1928  1928 D Zygote32Timing: ZygotePreload took to complete: 5019ms
01-17 11:37:00.800  1928  1928 I zygote  : Waiting for a blocking GC Explicit
01-17 11:37:00.809  1928  1928 I zygote  : WaitForGcToComplete blocked Explicit on None for 9.758ms
01-17 11:37:00.818  1928  1928 I zygote  : Explicit concurrent copying GC freed 1909(78KB) AllocSpace objects, 0(0B) LOS objects, 72% free, 2MB/8MB, paused 11us total 8.007ms
01-17 11:37:00.825  1928  1928 I zygote  : Explicit concurrent copying GC freed 1435(89KB) AllocSpace objects, 0(0B) LOS objects, 73% free, 2MB/8MB, paused 9us total 6.485ms
01-17 11:37:00.825  1928  1928 D Zygote32Timing: PostZygoteInitGC took to complete: 25ms
01-17 11:37:00.826  1928  1928 D Zygote32Timing: ZygoteInit took to complete: 5056ms
01-17 11:37:00.892  1928  1928 I Zygote  : System server process 1981 has been created
01-17 11:37:00.898  1928  1928 I Zygote  : Accepting command socket connections
01-17 11:37:01.116  1981  1981 I system_server: The ClassLoaderContext is a special shared library.
01-17 11:37:01.403  1981  1981 I chatty  : uid=1000 system_server expire 10 lines
01-17 11:37:01.164  1981  1981 I chatty  : uid=1000 system_server identical 35 lines
01-17 11:37:01.176  1981  1981 I system_server: The ClassLoaderContext is a special shared library.
01-17 11:37:02.175  1981  1981 E UsbAlsaJackDetectorJNI: Can't register UsbAlsaJackDetector native methods
01-17 11:37:02.367  1981  1995 I chatty  : uid=1000 system_server expire 1 line
01-17 11:37:02.373  1768  1795 D installd: Found quota mount /dev/block/dm-0 at /data
01-17 11:37:02.374  1981  1981 I chatty  : uid=1000 system_server expire 8 lines
01-17 11:37:02.795  1981  1995 I chatty  : uid=1000 system_server expire 1 line
01-17 11:37:02.872  1981  2001 E BluetoothAdapter: Bluetooth binder is null
01-17 11:37:02.918  1981  2001 I chatty  : uid=1000(system) batterystats-wo expire 5 lines
01-17 11:37:02.925  1574  1574 W hwservicemanager: getTransport: Cannot find entry android.hardware.memtrack@1.0::IMemtrack/default in either framework or device manifest.
01-17 11:37:02.925  1981  1981 E memtrack: Couldn't load memtrack module
01-17 11:37:02.925  1981  1981 W android.os.Debug: failed to get memory consumption info: -1
01-17 11:37:02.980  1981  1981 I chatty  : uid=1000 system_server expire 56 lines
01-17 11:37:02.982  1981  2001 I PowerManagerService-JNI: Loaded power HAL 1.0 service
01-17 11:37:02.982  1981  2001 I PowerManagerService-JNI: Loaded power HAL 1.1 service
01-17 11:37:02.984  1981  2001 I chatty  : uid=1000(system) batterystats-wo expire 1 line
01-17 11:37:03.279  1981  1981 W libprocessgroup: Failed to remove /acct/uid_0/pid_1192: Device or resource busy
01-17 11:37:03.279  1981  1981 W libprocessgroup: Failed to remove /acct/uid_0/pid_1582: Device or resource busy
01-17 11:37:03.279  1981  1981 W libprocessgroup: Failed to remove /acct/uid_0/pid_1626: Device or resource busy
01-17 11:37:03.279  1981  1981 W libprocessgroup: Failed to remove /acct/uid_0/pid_1645: Device or resource busy
01-17 11:37:03.279  1981  1981 W libprocessgroup: Failed to remove /acct/uid_0/pid_1647: Device or resource busy
01-17 11:37:03.279  1981  1981 W libprocessgroup: Failed to remove /acct/uid_0/pid_1653: Device or resource busy
01-17 11:37:03.279  1981  1981 W libprocessgroup: Failed to remove /acct/uid_0/pid_1768: Device or resource busy
01-17 11:37:03.279  1981  1981 W libprocessgroup: Failed to remove /acct/uid_0/pid_1776: Device or resource busy
01-17 11:37:03.279  1981  1981 W libprocessgroup: Failed to remove /acct/uid_0/pid_1790: Device or resource busy
01-17 11:37:03.279  1981  1981 W libprocessgroup: Failed to remove /acct/uid_0/pid_1792: Device or resource busy
01-17 11:37:03.279  1981  1981 W libprocessgroup: Failed to remove /acct/uid_0/pid_1879: Device or resource busy
01-17 11:37:03.279  1981  1981 W libprocessgroup: Failed to remove /acct/uid_0/pid_1907: Device or resource busy
01-17 11:37:03.279  1981  1981 W libprocessgroup: Failed to remove /acct/uid_0/pid_1916: Device or resource busy
01-17 11:37:03.279  1981  1981 W libprocessgroup: Failed to remove /acct/uid_0/pid_1919: Device or resource busy
01-17 11:37:03.279  1981  1981 W libprocessgroup: Failed to remove /acct/uid_0/pid_1921: Device or resource busy
01-17 11:37:03.279  1981  1981 W libprocessgroup: Failed to remove /acct/uid_0/pid_1928: Device or resource busy
01-17 11:37:03.279  1981  1981 W libprocessgroup: Failed to remove /acct/uid_0/pid_1931: Device or resource busy
01-17 11:37:03.279  1981  1981 W libprocessgroup: Failed to remove /acct/uid_0: Permission denied
01-17 11:37:03.279  1981  1981 W libprocessgroup: Failed to remove /acct/uid_1000/pid_1573: Device or resource busy
01-17 11:37:03.279  1981  1981 W libprocessgroup: Failed to remove /acct/uid_1000/pid_1574: Device or resource busy
01-17 11:37:03.279  1981  1981 W libprocessgroup: Failed to remove /acct/uid_1000/pid_1575: Device or resource busy
01-17 11:37:03.279  1981  1981 W libprocessgroup: Failed to remove /acct/uid_1000/pid_1581: Device or resource busy
01-17 11:37:03.279  1981  1981 W libprocessgroup: Failed to remove /acct/uid_1000/pid_1625: Device or resource busy
01-17 11:37:03.279  1981  1981 W libprocessgroup: Failed to remove /acct/uid_1000/pid_1627: Device or resource busy
01-17 11:37:03.279  1981  1981 W libprocessgroup: Failed to remove /acct/uid_1000/pid_1632: Device or resource busy
01-17 11:37:03.279  1981  1981 W libprocessgroup: Failed to remove /acct/uid_1000/pid_1636: Device or resource busy
01-17 11:37:03.279  1981  1981 W libprocessgroup: Failed to remove /acct/uid_1000/pid_1638: Device or resource busy
01-17 11:37:03.279  1981  1981 W libprocessgroup: Failed to remove /acct/uid_1000/pid_1640: Device or resource busy
01-17 11:37:03.280  1981  1981 W libprocessgroup: Failed to remove /acct/uid_1000/pid_1641: Device or resource busy
01-17 11:37:03.280  1981  1981 W libprocessgroup: Failed to remove /acct/uid_1000/pid_1642: Device or resource busy
01-17 11:37:03.280  1981  1981 W libprocessgroup: Failed to remove /acct/uid_1000/pid_1649: Device or resource busy
01-17 11:37:03.280  1981  1981 W libprocessgroup: Failed to remove /acct/uid_1000/pid_1791: Device or resource busy
01-17 11:37:03.280  1981  1981 W libprocessgroup: Failed to remove /acct/uid_1000/pid_1797: Device or resource busy
01-17 11:37:03.280  1981  1981 W libprocessgroup: Failed to remove /acct/uid_1000/pid_1800: Device or resource busy
01-17 11:37:03.280  1981  1981 W libprocessgroup: Failed to remove /acct/uid_1000/pid_1927: Device or resource busy
01-17 11:37:03.280  1981  1981 W libprocessgroup: Failed to remove /acct/uid_1000: Permission denied
01-17 11:37:03.280  1981  1981 W libprocessgroup: Failed to remove /acct/uid_1001/pid_1785: Device or resource busy
01-17 11:37:03.280  1981  1981 W libprocessgroup: Failed to remove /acct/uid_1001: Permission denied
01-17 11:37:03.280  1981  1981 W libprocessgroup: Failed to remove /acct/uid_1003/pid_1943: Device or resource busy
01-17 11:37:03.280  1981  1981 W libprocessgroup: Failed to remove /acct/uid_1003: Permission denied
01-17 11:37:03.280  1981  1981 W libprocessgroup: Failed to remove /acct/uid_1010/pid_1643: Device or resource busy
01-17 11:37:03.280  1981  1981 W libprocessgroup: Failed to remove /acct/uid_1010/pid_1932: Device or resource busy
01-17 11:37:03.280  1981  1981 W libprocessgroup: Failed to remove /acct/uid_1010: Permission denied
01-17 11:37:03.280  1981  1981 W libprocessgroup: Failed to remove /acct/uid_1013/pid_1631: Device or resource busy
01-17 11:37:03.280  1981  1981 W libprocessgroup: Failed to remove /acct/uid_1013/pid_1633: Device or resource busy
01-17 11:37:03.280  1981  1981 W libprocessgroup: Failed to remove /acct/uid_1013/pid_1634: Device or resource busy
01-17 11:37:03.280  1981  1981 W libprocessgroup: Failed to remove /acct/uid_1013/pid_1635: Device or resource busy
01-17 11:37:03.280  1981  1981 W libprocessgroup: Failed to remove /acct/uid_1013/pid_1770: Device or resource busy
01-17 11:37:03.280  1981  1981 W libprocessgroup: Failed to remove /acct/uid_1013/pid_1772: Device or resource busy
01-17 11:37:03.280  1981  1981 W libprocessgroup: Failed to remove /acct/uid_1013/pid_1930: Device or resource busy
01-17 11:37:03.280  1981  1981 W libprocessgroup: Failed to remove /acct/uid_1013: Permission denied
01-17 11:37:03.280  1981  1981 W libprocessgroup: Failed to remove /acct/uid_1017/pid_1769: Device or resource busy
01-17 11:37:03.280  1981  1981 W libprocessgroup: Failed to remove /acct/uid_1017: Permission denied
01-17 11:37:03.280  1981  1981 W libprocessgroup: Failed to remove /acct/uid_1019/pid_1766: Device or resource busy
01-17 11:37:03.280  1981  1981 W libprocessgroup: Failed to remove /acct/uid_1019: Permission denied
01-17 11:37:03.280  1981  1981 W libprocessgroup: Failed to remove /acct/uid_1021/pid_1637: Device or resource busy
01-17 11:37:03.280  1981  1981 W libprocessgroup: Failed to remove /acct/uid_1021: Permission denied
01-17 11:37:03.280  1981  1981 W libprocessgroup: Failed to remove /acct/uid_1036/pid_1572: Device or resource busy
01-17 11:37:03.280  1981  1981 W libprocessgroup: Failed to remove /acct/uid_1036/pid_1650: Device or resource busy
01-17 11:37:03.280  1981  1981 W libprocessgroup: Failed to remove /acct/uid_1036: Permission denied
01-17 11:37:03.280  1981  1981 W libprocessgroup: Failed to remove /acct/uid_1040/pid_1771: Device or resource busy
01-17 11:37:03.280  1981  1981 W libprocessgroup: Failed to remove /acct/uid_1040: Permission denied
01-17 11:37:03.280  1981  1981 W libprocessgroup: Failed to remove /acct/uid_1041/pid_1629: Device or resource busy
01-17 11:37:03.280  1981  1981 W libprocessgroup: Failed to remove /acct/uid_1041/pid_1829: Device or resource busy
01-17 11:37:03.280  1981  1981 W libprocessgroup: Failed to remove /acct/uid_1041/pid_1830: Device or resource busy
01-17 11:37:03.280  1981  1981 W libprocessgroup: Failed to remove /acct/uid_1041: Permission denied
01-17 11:37:03.280  1981  1981 W libprocessgroup: Failed to remove /acct/uid_1046/pid_1783: Device or resource busy
01-17 11:37:03.281  1981  1981 W libprocessgroup: Failed to remove /acct/uid_1046: Permission denied
01-17 11:37:03.282  1981  1981 W libprocessgroup: Failed to remove /acct/uid_1047/pid_1630: Device or resource busy
01-17 11:37:03.282  1981  1981 W libprocessgroup: Failed to remove /acct/uid_1047/pid_1929: Device or resource busy
01-17 11:37:03.282  1981  1981 W libprocessgroup: Failed to remove /acct/uid_1047: Permission denied
01-17 11:37:03.282  1981  1981 W libprocessgroup: Failed to remove /acct/uid_1058/pid_1793: Device or resource busy
01-17 11:37:03.282  1981  1981 W libprocessgroup: Failed to remove /acct/uid_1058: Permission denied
01-17 11:37:03.282  1981  1981 W libprocessgroup: Failed to remove /acct/uid_1066/pid_1775: Device or resource busy
01-17 11:37:03.282  1981  1981 W libprocessgroup: Failed to remove /acct/uid_1066: Permission denied
01-17 11:37:03.282  1981  1981 W libprocessgroup: Failed to remove /acct/uid_1067/pid_1767: Device or resource busy
01-17 11:37:03.282  1981  1981 W libprocessgroup: Failed to remove /acct/uid_1067: Permission denied
01-17 11:37:03.282  1981  1981 W libprocessgroup: Failed to remove /acct/uid_2000/pid_1652: Device or resource busy
01-17 11:37:03.282  1981  1981 W libprocessgroup: Failed to remove /acct/uid_2000: Permission denied
01-17 11:37:03.532  1927  1957 E SurfaceFlinger: ro.sf.lcd_density must be defined as a build property
01-17 11:37:03.534  1981  2005 I chatty  : uid=1000(system) android.display expire 3 lines
01-17 11:37:03.602  1927  1927 D SurfaceFlinger: Set power mode=2, type=0 flinger=0xf2046000
01-17 11:37:03.603  1574  1574 W hwservicemanager: getTransport: Cannot find entry android.hardware.light@2.0::ILight/default in either framework or device manifest.
01-17 11:37:03.603  1981  2005 E LightsService: Unable to get ILight interface.
01-17 11:37:03.604  1981  2005 W StrictMode: No activity manager; failed to Dropbox violation.
01-17 11:37:03.604  1981  2005 I chatty  : uid=1000(system) android.display identical 2 lines
01-17 11:37:03.604  1981  2005 W StrictMode: No activity manager; failed to Dropbox violation.
01-17 11:37:03.889  1981  1981 D FallbackCategoryProvider: Found 387 fallback categories
01-17 11:37:04.028  1981  1981 D PackageManager: No files in app dir /product/overlay
01-17 11:37:04.213  1981  2021 I chatty  : uid=1000 system_server expire 4 lines
01-17 11:37:04.213  1981  1981 I PackageManager: New shared user android.media: id=10005
01-17 11:37:04.343  1981  2020 I chatty  : uid=1000 system_server expire 9 lines
01-17 11:37:04.448  1981  2018 I chatty  : uid=1000 system_server expire 2 lines
01-17 11:37:04.509  1981  2019 I chatty  : uid=1000 system_server expire 1 line
01-17 11:37:04.509  1981  1981 I PackageManager: New shared user com.android.emergency.uid: id=10010
01-17 11:37:04.721  1981  1981 I PackageManager: New shared user com.google.uid.shared: id=10012
01-17 11:37:05.050  1981  2020 I chatty  : uid=1000 system_server expire 135 lines
01-17 11:37:05.255  1981  1981 I chatty  : uid=1000 system_server expire 44 lines
01-17 11:37:05.308  1981  2021 I chatty  : uid=1000 system_server expire 9 lines
01-17 11:37:05.653  1981  2019 I chatty  : uid=1000 system_server expire 5 lines
01-17 11:37:05.911  1981  1981 I PackageManager: New shared user android.uid.shared: id=10025
01-17 11:37:06.436  1981  2018 I chatty  : uid=1000 system_server expire 6 lines
01-17 11:37:07.360  1981  1981 I chatty  : uid=1000 system_server expire 2 lines
01-17 11:37:07.418  1981  2020 I chatty  : uid=1000 system_server expire 1 line
01-17 11:37:07.418  1981  1981 I PackageManager: New shared user android.uid.systemui: id=10035
01-17 11:37:07.420  1981  1981 I chatty  : uid=1000 system_server expire 1 line
01-17 11:37:07.431  1981  2021 I chatty  : uid=1000 system_server expire 1 line
01-17 11:37:07.432  1981  1981 I PackageManager: New shared user android.uid.calendar: id=10036
01-17 11:37:07.432  1981  1981 I chatty  : uid=1000 system_server expire 1 line
01-17 11:37:07.433  1981  2019 I chatty  : uid=1000 system_server expire 1 line
01-17 11:37:07.434  1981  1981 I chatty  : uid=1000 system_server expire 7 lines
01-17 11:37:07.500  1981  2018 I chatty  : uid=1000 system_server expire 1 line
01-17 11:37:07.535  1981  1981 I chatty  : uid=1000 system_server expire 3 lines
01-17 11:37:07.716  1981  2021 I chatty  : uid=1000 system_server expire 1 line
01-17 11:37:08.079  1981  2020 I chatty  : uid=1000 system_server expire 2 lines
01-17 11:37:08.084  1981  1981 I chatty  : uid=1000 system_server expire 1 line
01-17 11:37:08.291  1981  2026 I chatty  : uid=1000 system_server expire 1 line
01-17 11:37:08.291  1981  1981 I chatty  : uid=1000 system_server expire 2 lines
01-17 11:37:08.299  1981  2023 I chatty  : uid=1000 system_server expire 1 line
01-17 11:37:08.320  1981  2024 I chatty  : uid=1000 system_server expire 3 lines
01-17 11:37:08.354  1981  1981 I chatty  : uid=1000 system_server expire 3 lines
01-17 11:37:08.481  1981  2024 I chatty  : uid=1000 system_server expire 1 line
01-17 11:37:08.481  1981  2024 W PackageParser: Ignoring duplicate uses-permissions/uses-permissions-sdk-m: android.permission.ACCESS_WIFI_STATE in package: com.android.nfc at: Binary XML file line #48
01-17 11:37:08.502  1981  2024 I PackageParser: Parse times for '/system/app/NfcNci': parse=129ms, update_cache=1 ms
01-17 11:37:08.502  1981  1981 I PackageManager: /system/app/NfcNci changed; collecting certs
01-17 11:37:08.551  1981  1981 E PackageManager: Adding duplicate shared id: 1027 name=com.android.nfc
01-17 11:37:08.767  1981  2023 I PackageParser: Parse times for '/system/app/GoogleHindiIME': parse=412ms, update_cache=1 ms
01-17 11:37:08.767  1981  1981 I PackageManager: /system/app/GoogleHindiIME changed; collecting certs
01-17 11:37:09.063  1981  2026 W PackageParser: No actions in intent filter at /system/app/PrebuiltGmail/PrebuiltGmail.apk Binary XML file line #701
01-17 11:37:09.064  1981  2026 W PackageParser: No actions in intent filter at /system/app/PrebuiltGmail/PrebuiltGmail.apk Binary XML file line #766
01-17 11:37:09.068  1981  2026 I PackageParser: Parse times for '/system/app/PrebuiltGmail': parse=775ms, update_cache=2 ms
01-17 11:37:09.068  1981  1981 I PackageManager: /system/app/PrebuiltGmail changed; collecting certs
01-17 11:37:09.142  1981  2023 I PackageParser: Parse times for '/system/app/GooglePinyinIME': parse=375ms, update_cache=0 ms
01-17 11:37:09.143  1981  1981 I PackageManager: /system/app/GooglePinyinIME changed; collecting certs
01-17 11:37:09.218  1981  2026 I PackageParser: Parse times for '/system/app/LiveWallpapersPicker': parse=149ms, update_cache=1 ms
01-17 11:37:09.218  1981  1981 I PackageManager: /system/app/LiveWallpapersPicker changed; collecting certs
01-17 11:37:09.273  1981  2026 W PackageParser: No actions in intent filter at /system/app/CarrierDefaultApp/CarrierDefaultApp.apk Binary XML file line #52
01-17 11:37:09.273  1981  1981 I PackageManager: /system/app/CarrierDefaultApp changed; collecting certs
01-17 11:37:09.283  1981  2023 I PackageParser: Parse times for '/system/app/GoogleContactsSyncAdapter': parse=140ms, update_cache=0 ms
01-17 11:37:09.283  1981  1981 I PackageManager: /system/app/GoogleContactsSyncAdapter changed; collecting certs
01-17 11:37:09.332  1981  1981 I PackageManager: /system/app/PartnerBookmarksProvider changed; collecting certs
01-17 11:37:09.335  1981  1981 I PackageManager: /system/app/CompanionDeviceManager changed; collecting certs
01-17 11:37:09.375  1981  2024 W PackageParser: Unknown element under <manifest>: meta-data at /system/app/Drive/Drive.apk Binary XML file line #114
01-17 11:37:09.414  1981  1981 I PackageManager: /system/app/KeyChain changed; collecting certs
01-17 11:37:09.415  1981  2024 W PackageParser: No actions in intent filter at /system/app/Drive/Drive.apk Binary XML file line #1638
01-17 11:37:09.416  1981  1981 E PackageManager: Adding duplicate shared id: 1000 name=com.android.keychain
01-17 11:37:09.418  1981  2024 I PackageParser: Parse times for '/system/app/Drive': parse=913ms, update_cache=3 ms
01-17 11:37:09.418  1981  1981 I PackageManager: /system/app/Drive changed; collecting certs
01-17 11:37:09.551  1981  2025 W PackageParser: No actions in intent filter at /system/app/Photos/Photos.apk Binary XML file line #1725
01-17 11:37:09.555  1981  2025 I PackageParser: Parse times for '/system/app/Photos': parse=1374ms, update_cache=2 ms
01-17 11:37:09.598  1981  1981 I PackageManager: /system/app/Browser2 changed; collecting certs
01-17 11:37:09.602  1981  1981 I PackageManager: /system/app/Photos changed; collecting certs
01-17 11:37:09.732  1981  2024 I PackageParser: Parse times for '/system/app/PrintSpooler': parse=263ms, update_cache=0 ms
01-17 11:37:09.734  1981  1981 I PackageManager: /system/app/CtsShimPrebuilt changed; collecting certs
01-17 11:37:09.735  1981  2025 I PackageParser: Parse times for '/system/app/BuiltInPrintService': parse=111ms, update_cache=1 ms
01-17 11:37:09.737  1981  1981 I PackageManager: /system/app/PrintSpooler changed; collecting certs
01-17 11:37:09.759  1981  1981 I PackageManager: /system/app/BuiltInPrintService changed; collecting certs
01-17 11:37:09.767  1981  2023 I PackageParser: Parse times for '/system/app/Camera2': parse=435ms, update_cache=0 ms
01-17 11:37:09.775  1981  1981 I PackageManager: /system/app/Camera2 changed; collecting certs
01-17 11:37:09.800  1981  1981 I PackageManager: /system/app/EasterEgg changed; collecting certs
01-17 11:37:09.817  1981  1981 I PackageManager: /system/app/WAPPushManager changed; collecting certs
01-17 11:37:09.837  1981  1981 I PackageManager: /system/app/LicenseChecker changed; collecting certs
01-17 11:37:09.904  1981  1981 I PackageManager: /system/app/GooglePrintRecommendationService changed; collecting certs
01-17 11:37:09.959  1981  1981 I PackageManager: /system/app/BasicDreams changed; collecting certs
01-17 11:37:10.016  1981  1981 I PackageManager: /system/app/GoogleExtShared changed; collecting certs
01-17 11:37:10.072  1981  2024 I PackageParser: Parse times for '/system/app/Traceur': parse=337ms, update_cache=1 ms
01-17 11:37:10.072  1981  1981 I PackageManager: /system/app/Traceur changed; collecting certs
01-17 11:37:10.091  1981  2026 I PackageParser: Parse times for '/system/app/Chrome': parse=676ms, update_cache=1 ms
01-17 11:37:10.100  1981  1981 I PackageManager: /system/app/Chrome changed; collecting certs
01-17 11:37:10.386  1981  2023 I PackageParser: Parse times for '/system/app/Maps': parse=566ms, update_cache=3 ms
01-17 11:37:10.386  1981  1981 I PackageManager: New shared user com.google.android.apps.maps: id=10067
01-17 11:37:10.386  1981  1981 I PackageManager: /system/app/Maps changed; collecting certs
01-17 11:37:10.424  1981  1981 E PackageManager: Adding duplicate user id: 10067 name=com.google.android.apps.maps
01-17 11:37:10.431  1981  1981 I PackageManager: /system/app/BluetoothMidiService changed; collecting certs
01-17 11:37:10.835  1981  2025 I PackageParser: Parse times for '/system/app/Videos': parse=817ms, update_cache=2 ms
01-17 11:37:10.835  1981  1981 I PackageManager: /system/app/Videos changed; collecting certs
01-17 11:37:10.848  1981  2026 I PackageParser: Parse times for '/system/app/CalendarGooglePrebuilt': parse=756ms, update_cache=1 ms
01-17 11:37:10.858  1981  1981 I PackageManager: New shared user com.google.android.calendar.uid.shared: id=10070
01-17 11:37:10.858  1981  1981 I PackageManager: /system/app/CalendarGooglePrebuilt changed; collecting certs
01-17 11:37:10.862  1981  1981 E PackageManager: Adding duplicate user id: 10070 name=com.google.android.calendar
01-17 11:37:10.935  1981  1981 I PackageManager: /system/app/SimAppDialog changed; collecting certs
01-17 11:37:10.978  1981  1981 I PackageManager: /system/app/WallpaperBackup changed; collecting certs
01-17 11:37:10.983  1981  1981 E PackageManager: Adding duplicate shared id: 1000 name=com.android.wallpaperbackup
01-17 11:37:10.984  1981  2023 I PackageParser: Parse times for '/system/app/Music2': parse=548ms, update_cache=5 ms
01-17 11:37:10.984  1981  1981 I PackageManager: /system/app/Music2 changed; collecting certs
01-17 11:37:10.994  1981  2025 I PackageParser: Parse times for '/system/app/GoogleTTS': parse=157ms, update_cache=1 ms
01-17 11:37:10.994  1981  1981 I PackageManager: /system/app/GoogleTTS changed; collecting certs
01-17 11:37:11.016  1981  1981 I PackageManager: /system/app/HTMLViewer changed; collecting certs
01-17 11:37:11.264  1981  2026 I PackageParser: Parse times for '/system/app/WallpapersUsTwo': parse=253ms, update_cache=1 ms
01-17 11:37:11.264  1981  1981 I PackageManager: /system/app/WallpapersUsTwo changed; collecting certs
01-17 11:37:11.361  1981  1981 I PackageManager: /system/app/NexusWallpapersStubPrebuilt changed; collecting certs
01-17 11:37:11.405  1981  2024 I PackageParser: Parse times for '/system/app/YouTube': parse=1330ms, update_cache=3 ms
01-17 11:37:11.405  1981  1981 I PackageManager: /system/app/YouTube changed; collecting certs
01-17 11:37:11.568  1981  2024 I PackageParser: Parse times for '/system/app/WebViewStub': parse=163ms, update_cache=0 ms
01-17 11:37:11.598  1981  2026 I PackageParser: Parse times for '/system/app/WallpapersBReel': parse=236ms, update_cache=1 ms
01-17 11:37:11.776  1981  2025 W PackageParser: No actions in intent filter at /system/app/PrebuiltBugle/PrebuiltBugle.apk Binary XML file line #1024
01-17 11:37:11.779  1981  2025 I PackageParser: Parse times for '/system/app/PrebuiltBugle': parse=782ms, update_cache=3 ms
01-17 11:37:11.856  1981  1981 I PackageManager: /system/app/WebViewStub changed; collecting certs
01-17 11:37:11.862  1981  1981 I PackageManager: /system/app/WallpapersBReel changed; collecting certs
01-17 11:37:11.886  1981  1981 I PackageManager: /system/app/PacProcessor changed; collecting certs
01-17 11:37:11.917  1981  1981 I PackageManager: /system/app/CaptivePortalLogin changed; collecting certs
01-17 11:37:11.920  1981  1981 I PackageManager: /system/app/SecureElement changed; collecting certs
01-17 11:37:11.921  1981  1981 E PackageManager: Adding duplicate shared id: 1068 name=com.android.se
01-17 11:37:11.922  1981  1981 I PackageManager: /system/app/PrebuiltBugle changed; collecting certs
01-17 11:37:11.972  1981  2023 I PackageParser: Parse times for '/system/app/LatinIMEGooglePrebuilt': parse=987ms, update_cache=1 ms
01-17 11:37:11.972  1981  1981 I PackageManager: /system/app/LatinIMEGooglePrebuilt changed; collecting certs
01-17 11:37:12.005  1981  2024 I PackageParser: Parse times for '/system/app/PrebuiltDeskClockGoogle': parse=387ms, update_cache=0 ms
01-17 11:37:12.027  1981  1981 I PackageManager: /system/app/PrebuiltDeskClockGoogle changed; collecting certs
01-17 11:37:12.031  1981  1981 D PackageManager: No files in app dir /vendor/priv-app
01-17 11:37:12.031  1981  1981 D PackageManager: No files in app dir /vendor/app
01-17 11:37:12.033  1981  1981 D PackageManager: No files in app dir /odm/priv-app
01-17 11:37:12.033  1981  1981 D PackageManager: No files in app dir /odm/app
01-17 11:37:12.033  1981  1981 D PackageManager: No files in app dir /oem/app
01-17 11:37:12.033  1981  1981 D PackageManager: No files in app dir /system/product/priv-app
01-17 11:37:12.033  1981  1981 D PackageManager: No files in app dir /system/product/app
01-17 11:37:12.033  1981  1981 I PackageManager: Finished scanning system apps. Time: 8139 ms, packageCount: 108 , timePerPackage: 75 , cached: 0
01-17 11:37:12.034  1981  1981 D PackageManager: No files in app dir /data/app
01-17 11:37:12.034  1981  1981 D PackageManager: No files in app dir /data/app-private
01-17 11:37:12.034  1981  1981 I PackageManager: Finished scanning non-system apps. Time: 1 ms, packageCount: 0 , timePerPackage: 0 , cached: 0
01-17 11:37:12.047  1981  1981 I PackageManager: Time to scan packages: 8.153 seconds
01-17 11:37:12.076  1981  1981 W PackageSettings: No potential matches found for Intent { act=android.intent.action.EDIT typ=image/bmp } while setting preferred com.google.android.apps.plus/.editor.PlusEditorActivity
01-17 11:37:12.077  1981  1981 W PackageSettings: No potential matches found for Intent { act=android.intent.action.EDIT typ=image/jpeg } while setting preferred com.google.android.apps.plus/.editor.PlusEditorActivity
01-17 11:37:12.077  1981  1981 W PackageSettings: No potential matches found for Intent { act=android.intent.action.EDIT typ=image/gif } while setting preferred com.google.android.apps.plus/.editor.PlusEditorActivity
01-17 11:37:12.077  1981  1981 W PackageSettings: No potential matches found for Intent { act=android.intent.action.EDIT typ=image/png } while setting preferred com.google.android.apps.plus/.editor.PlusEditorActivity
01-17 11:37:12.077  1981  1981 W PackageSettings: No potential matches found for Intent { act=android.intent.action.EDIT typ=image/webp } while setting preferred com.google.android.apps.plus/.editor.PlusEditorActivity
01-17 11:37:12.077  1981  1981 W PackageSettings: No potential matches found for Intent { act=android.intent.action.EDIT typ=image/x-ms-bmp } while setting preferred com.google.android.apps.plus/.editor.PlusEditorActivity
01-17 11:37:12.077  1981  1981 W PackageSettings: No potential matches found for Intent { act=android.intent.action.EDIT typ=image/vnd.wap.wbmp } while setting preferred com.google.android.apps.plus/.editor.PlusEditorActivity
01-17 11:37:12.077  1981  1981 W PackageSettings: No potential matches found for Intent { act=com.android.camera.action.CROP typ=image/bmp } while setting preferred com.google.android.apps.plus/.editor.PlusCropActivity
01-17 11:37:12.077  1981  1981 W PackageSettings: No potential matches found for Intent { act=com.android.camera.action.CROP typ=image/jpeg } while setting preferred com.google.android.apps.plus/.editor.PlusCropActivity
01-17 11:37:12.077  1981  1981 W PackageSettings: No potential matches found for Intent { act=com.android.camera.action.CROP typ=image/gif } while setting preferred com.google.android.apps.plus/.editor.PlusCropActivity
01-17 11:37:12.077  1981  1981 W PackageSettings: No potential matches found for Intent { act=com.android.camera.action.CROP typ=image/png } while setting preferred com.google.android.apps.plus/.editor.PlusCropActivity
01-17 11:37:12.077  1981  1981 W PackageSettings: No potential matches found for Intent { act=com.android.camera.action.CROP typ=image/webp } while setting preferred com.google.android.apps.plus/.editor.PlusCropActivity
01-17 11:37:12.077  1981  1981 W PackageSettings: No potential matches found for Intent { act=com.android.camera.action.CROP typ=image/x-ms-bmp } while setting preferred com.google.android.apps.plus/.editor.PlusCropActivity
01-17 11:37:12.077  1981  1981 W PackageSettings: No potential matches found for Intent { act=com.android.camera.action.CROP typ=image/vnd.wap.wbmp } while setting preferred com.google.android.apps.plus/.editor.PlusCropActivity
01-17 11:37:12.078  1981  1981 W PackageSettings: No potential matches found for Intent { act=android.intent.action.MAIN cat=[android.intent.category.APP_GALLERY] } while setting preferred com.google.android.apps.photos/.home.HomeActivity
01-17 11:37:12.078  1981  1981 W PackageSettings: No potential matches found for Intent { act=android.intent.action.EDIT typ=application/vnd.openxmlformats-officedocument.spreadsheetml.sheet } while setting preferred com.google.android.apps.docs.editors.sheets/com.google.android.apps.docs.editors.trix.quicksheet.QuickSheetDocumentOpenerActivityAlias
01-17 11:37:12.078  1981  1981 W PackageSettings: No potential matches found for Intent { act=android.intent.action.EDIT typ=application/vnd.ms-excel.sheet.macroenabled.12 } while setting preferred com.google.android.apps.docs.editors.sheets/com.google.android.apps.docs.editors.trix.quicksheet.QuickSheetDocumentOpenerActivityAlias
