01-17 11:37:39.284  2193  2193 D CarrierSvcBindHelper: No carrier app for: 0
01-17 11:37:39.289  1638  1638 D gralloc_ranchu: gralloc_alloc: Creating ashmem region of size 40960
01-17 11:37:39.293  1638  1638 D gralloc_ranchu: gralloc_alloc: Creating ashmem region of size 40960
01-17 11:37:39.295  1638  1638 D gralloc_ranchu: gralloc_alloc: Creating ashmem region of size 12288
01-17 11:37:39.297  2648  2648 W SearchService: Abort, client detached.
01-17 11:37:39.297  2648  2648 W SearchService: Abort, client detached.
01-17 11:37:39.301  1638  1638 D gralloc_ranchu: gralloc_alloc: Creating ashmem region of size 12288
01-17 11:37:39.312  2663  2663 W ActionsController: content provider not found
01-17 11:37:39.312  2663  2663 W ActionsController: java.lang.SecurityException: Failed to find provider com.google.android.as.allapps.actionsuggestprovider for user 0; expected to find a valid ContentProvider for this authority
01-17 11:37:39.312  2663  2663 W ActionsController: 	at android.os.Parcel.createException(Parcel.java:1950)
01-17 11:37:39.312  2663  2663 W ActionsController: 	at android.os.Parcel.readException(Parcel.java:1918)
01-17 11:37:39.312  2663  2663 W ActionsController: 	at android.os.Parcel.readException(Parcel.java:1868)
01-17 11:37:39.312  2663  2663 W ActionsController: 	at android.content.IContentService$Stub$Proxy.registerContentObserver(IContentService.java:779)
01-17 11:37:39.312  2663  2663 W ActionsController: 	at android.content.ContentResolver.registerContentObserver(ContentResolver.java:1972)
01-17 11:37:39.312  2663  2663 W ActionsController: 	at android.content.ContentResolver.registerContentObserver(ContentResolver.java:1961)
01-17 11:37:39.312  2663  2663 W ActionsController: 	at com.google.android.apps.nexuslauncher.allapps.d.cY(SourceFile:193)
01-17 11:37:39.312  2663  2663 W ActionsController: 	at com.google.android.apps.nexuslauncher.allapps.d.<init>(SourceFile:156)
01-17 11:37:39.312  2663  2663 W ActionsController: 	at com.google.android.apps.nexuslauncher.allapps.d.c(SourceFile:116)
01-17 11:37:39.312  2663  2663 W ActionsController: 	at com.google.android.apps.nexuslauncher.allapps.ActionsRowView.onAttachedToWindow(SourceFile:162)
01-17 11:37:39.312  2663  2663 W ActionsController: 	at android.view.View.dispatchAttachedToWindow(View.java:18347)
01-17 11:37:39.312  2663  2663 W ActionsController: 	at android.view.ViewGroup.dispatchAttachedToWindow(ViewGroup.java:3397)
01-17 11:37:39.312  2663  2663 W ActionsController: 	at android.view.ViewGroup.dispatchAttachedToWindow(ViewGroup.java:3404)
01-17 11:37:39.312  2663  2663 W ActionsController: 	at android.view.ViewGroup.dispatchAttachedToWindow(ViewGroup.java:3404)
01-17 11:37:39.312  2663  2663 W ActionsController: 	at android.view.ViewGroup.dispatchAttachedToWindow(ViewGroup.java:3404)
01-17 11:37:39.312  2663  2663 W ActionsController: 	at android.view.ViewGroup.dispatchAttachedToWindow(ViewGroup.java:3404)
01-17 11:37:39.312  2663  2663 W ActionsController: 	at android.view.ViewGroup.dispatchAttachedToWindow(ViewGroup.java:3404)
01-17 11:37:39.312  2663  2663 W ActionsController: 	at android.view.ViewGroup.dispatchAttachedToWindow(ViewGroup.java:3404)
01-17 11:37:39.312  2663  2663 W ActionsController: 	at android.view.ViewGroup.dispatchAttachedToWindow(ViewGroup.java:3404)
01-17 11:37:39.312  2663  2663 W ActionsController: 	at android.view.ViewRootImpl.performTraversals(ViewRootImpl.java:1761)
01-17 11:37:39.312  2663  2663 W ActionsController: 	at android.view.ViewRootImpl.doTraversal(ViewRootImpl.java:1460)
01-17 11:37:39.312  2663  2663 W ActionsController: 	at android.view.ViewRootImpl$TraversalRunnable.run(ViewRootImpl.java:7183)
01-17 11:37:39.312  2663  2663 W ActionsController: 	at android.view.Choreographer$CallbackRecord.run(Choreographer.java:949)
01-17 11:37:39.312  2663  2663 W ActionsController: 	at android.view.Choreographer.doCallbacks(Choreographer.java:761)
01-17 11:37:39.312  2663  2663 W ActionsController: 	at android.view.Choreographer.doFrame(Choreographer.java:696)
01-17 11:37:39.312  2663  2663 W ActionsController: 	at android.view.Choreographer$FrameDisplayEventReceiver.run(Choreographer.java:935)
01-17 11:37:39.312  2663  2663 W ActionsController: 	at android.os.Handler.handleCallback(Handler.java:873)
01-17 11:37:39.312  2663  2663 W ActionsController: 	at android.os.Handler.dispatchMessage(Handler.java:99)
01-17 11:37:39.312  2663  2663 W ActionsController: 	at android.os.Looper.loop(Looper.java:193)
01-17 11:37:39.312  2663  2663 W ActionsController: 	at android.app.ActivityThread.main(ActivityThread.java:6669)
01-17 11:37:39.312  2663  2663 W ActionsController: 	at java.lang.reflect.Method.invoke(Native Method)
01-17 11:37:39.312  2663  2663 W ActionsController: 	at com.android.internal.os.RuntimeInit$MethodAndArgsCaller.run(RuntimeInit.java:493)
01-17 11:37:39.312  2663  2663 W ActionsController: 	at com.android.internal.os.ZygoteInit.main(ZygoteInit.java:858)
01-17 11:37:39.312  2663  2663 W ActionsController: Caused by: android.os.RemoteException: Remote stack trace:
01-17 11:37:39.312  2663  2663 W ActionsController: 	at com.android.server.content.ContentService.registerContentObserver(ContentService.java:340)
01-17 11:37:39.312  2663  2663 W ActionsController: 	at android.content.IContentService$Stub.onTransact(IContentService.java:76)
01-17 11:37:39.312  2663  2663 W ActionsController: 	at com.android.server.content.ContentService.onTransact(ContentService.java:262)
01-17 11:37:39.312  2663  2663 W ActionsController: 	at android.os.Binder.execTransact(Binder.java:731)
01-17 11:37:39.312  2663  2663 W ActionsController: 
01-17 11:37:39.330  2663  2964 D HostConnection: HostConnection::get() New Host Connection established 0xd596e130, tid 2964
01-17 11:37:39.330  1981  1981 I Telecom : DefaultDialerCache: Refreshing default dialer for user 0: now com.google.android.dialer: DDC.oR@ADs
01-17 11:37:39.332  1638  1638 D gralloc_ranchu: gralloc_alloc: Creating ashmem region of size 16592896
01-17 11:37:39.333  1638  1638 D gralloc_ranchu: gralloc_alloc: Creating ashmem region of size 16592896
01-17 11:37:39.333  2663  2964 D HostConnection: HostComposition ext ANDROID_EMU_CHECKSUM_HELPER_v1 ANDROID_EMU_native_sync_v2 ANDROID_EMU_native_sync_v3 ANDROID_EMU_native_sync_v4 ANDROID_EMU_dma_v1 ANDROID_EMU_YUV420_888_to_NV21 ANDROID_EMU_YUV_Cache ANDROID_EMU_sync_buffer_data GL_OES_EGL_image_external_essl3 GL_OES_vertex_array_object GL_KHR_texture_compression_astc_ldr ANDROID_EMU_host_side_tracing ANDROID_EMU_gles_max_version_3_0 
01-17 11:37:39.333  1638  1703 D gralloc_ranchu: gralloc_alloc: Creating ashmem region of size 16592896
01-17 11:37:39.338  2193  2193 D CarrierSvcBindHelper: No carrier app for: 0
01-17 11:37:39.339  2663  2964 I ConfigStore: android::hardware::configstore::V1_0::ISurfaceFlingerConfigs::hasWideColorDisplay retrieved: 0
01-17 11:37:39.339  2663  2964 I ConfigStore: android::hardware::configstore::V1_0::ISurfaceFlingerConfigs::hasHDRDisplay retrieved: 0
01-17 11:37:39.339  2663  2964 I OpenGLRenderer: Initialized EGL, version 1.4
01-17 11:37:39.339  2663  2964 D OpenGLRenderer: Swap behavior 1
01-17 11:37:39.339  2663  2964 W OpenGLRenderer: Failed to choose config with EGL_SWAP_BEHAVIOR_PRESERVED, retrying without...
01-17 11:37:39.339  2663  2964 D OpenGLRenderer: Swap behavior 0
01-17 11:37:39.341  2663  2964 D eglCodecCommon: setVertexArrayObject: set vao to 0 (0) 0 0
01-17 11:37:39.341  2663  2964 D EGL_emulation: eglCreateContext: 0xd59230a0: maj 3 min 0 rcv 3
01-17 11:37:39.341  2663  2964 D EGL_emulation: eglMakeCurrent: 0xd59230a0: ver 3 0 (tinfo 0xd5b7bd70)
01-17 11:37:39.344  1981  1981 I Telecom : DefaultDialerCache: Refreshing default dialer for user 0: now com.google.android.dialer: DDC.oR@ADw
01-17 11:37:39.345  1927  1957 E SurfaceFlinger: ro.sf.lcd_density must be defined as a build property
01-17 11:37:39.348  2193  2193 D CarrierSvcBindHelper: No carrier app for: 0
01-17 11:37:39.348  2193  2193 D ImsResolver: maybeAddedImsService, packageName: com.google.android.setupwizard
01-17 11:37:39.359  2124  2124 I ChimeraCfgMgr: Updating module config: <no config> -> container:2024149040700
01-17 11:37:39.361  2124  2124 E ConfigFileUtils: Failed to read config file: /data/user_de/0/com.google.android.gms/app_chimera/current_modules_init.pb (No such file or directory)
01-17 11:37:39.364  1981  1981 I Telecom : DefaultDialerCache: Refreshing default dialer for user 0: now com.google.android.dialer: DDC.oR@AD0
01-17 11:37:39.367  2663  2964 D HostConnection: createUnique: call
01-17 11:37:39.368  2663  2964 D HostConnection: HostConnection::get() New Host Connection established 0xd596ee50, tid 2964
01-17 11:37:39.370  2663  2964 D HostConnection: HostComposition ext ANDROID_EMU_CHECKSUM_HELPER_v1 ANDROID_EMU_native_sync_v2 ANDROID_EMU_native_sync_v3 ANDROID_EMU_native_sync_v4 ANDROID_EMU_dma_v1 ANDROID_EMU_YUV420_888_to_NV21 ANDROID_EMU_YUV_Cache ANDROID_EMU_sync_buffer_data GL_OES_EGL_image_external_essl3 GL_OES_vertex_array_object GL_KHR_texture_compression_astc_ldr ANDROID_EMU_host_side_tracing ANDROID_EMU_gles_max_version_3_0 
01-17 11:37:39.370  2663  2964 E eglCodecCommon: GoldfishAddressSpaceHostMemoryAllocator: ioctl_ping failed for device_type=5, ret=-1
01-17 11:37:39.379  2193  2193 D CarrierSvcBindHelper: No carrier app for: 0
01-17 11:37:39.384  2193  2193 D CarrierSvcBindHelper: No carrier app for: 0
01-17 11:37:39.384  2193  2193 D ImsResolver: maybeAddedImsService, packageName: com.google.android.apps.nexuslauncher
01-17 11:37:39.384  2193  2193 D ImsResolver: maybeAddedImsService, packageName: com.android.settings
01-17 11:37:39.384  2193  2193 D ImsResolver: maybeAddedImsService, packageName: com.android.systemui
01-17 11:37:39.384  2193  2193 D ImsResolver: maybeAddedImsService, packageName: com.google.android.apps.restore
01-17 11:37:39.386  1638  1638 D gralloc_ranchu: gralloc_alloc: Creating ashmem region of size 126976
01-17 11:37:39.390  2663  2964 D EGL_emulation: eglMakeCurrent: 0xd59230a0: ver 3 0 (tinfo 0xd5b7bd70)
01-17 11:37:39.403  1981  1981 I Telecom : DefaultDialerCache: Refreshing default dialer for user 0: now com.google.android.dialer: DDC.oR@AD4
01-17 11:37:39.420  1981  1981 I Telecom : DefaultDialerCache: Refreshing default dialer for user 0: now com.google.android.dialer: DDC.oR@AD8
01-17 11:37:39.433  1981  2005 I ActivityManager: Displayed com.google.android.apps.nexuslauncher/.NexusLauncherActivity: +2s100ms (total +3s121ms)
01-17 11:37:39.436  2124  2124 I ChimeraCfgMgr: Sending com.google.android.chimera.IntentOperation.NEW_MODULE Intents: 1,true,true
01-17 11:37:39.440  2663  2663 D TouchInteractionService: Touch service connected
01-17 11:37:39.452  2663  3007 D Reflection.StBatchTrain: Start loading events from logs...
01-17 11:37:39.457  1638  1638 D gralloc_ranchu: gralloc_alloc: Creating ashmem region of size 40960
01-17 11:37:39.470  1638  1638 D gralloc_ranchu: gralloc_alloc: Creating ashmem region of size 40960
01-17 11:37:39.472  1638  1638 D gralloc_ranchu: gralloc_alloc: Creating ashmem region of size 12288
01-17 11:37:39.477  2648  2648 D OpenGLRenderer: Skia GL Pipeline
01-17 11:37:39.489  1638  1638 D gralloc_ranchu: gralloc_alloc: Creating ashmem region of size 12288
01-17 11:37:39.490  2663  3007 D Reflection.StBatchTrain: Num events loaded: 3, time taken so far: 38ms
01-17 11:37:39.496  1927  1957 E SurfaceFlinger: ro.sf.lcd_density must be defined as a build property
01-17 11:37:39.497  2663  3007 D Reflection.StBatchTrain: Progress: InProgress:3
01-17 11:37:39.499  1981  1991 I system_server: Background concurrent copying GC freed 66278(3MB) AllocSpace objects, 89(2MB) LOS objects, 38% free, 9MB/15MB, paused 22us total 231.591ms
01-17 11:37:39.506  2663  3007 D Reflection.StBatchTrain: Num events loaded: 1, time taken so far: 54ms
01-17 11:37:39.507  2663  3007 D Reflection.StBatchTrain: Progress: InProgress:4
01-17 11:37:39.508  2663  3007 D Reflection.StBatchTrain: Num events loaded: 1, time taken so far: 56ms
01-17 11:37:39.510  2663  3007 D Reflection.StBatchTrain: Progress: InProgress:5
01-17 11:37:39.517  2663  3007 D Reflection.StBatchTrain: Retrain finished, total time including loading: 65ms
01-17 11:37:39.519  1927  1927 D SurfaceFlinger: duplicate layer name: changing com.google.android.apps.nexuslauncher/com.google.android.apps.nexuslauncher.NexusLauncherActivity to com.google.android.apps.nexuslauncher/com.google.android.apps.nexuslauncher.NexusLauncherActivity#1
01-17 11:37:39.523  1638  1638 D gralloc_ranchu: gralloc_alloc: Creating ashmem region of size 16592896
01-17 11:37:39.525  2648  3011 D HostConnection: HostConnection::get() New Host Connection established 0xcec38370, tid 3011
01-17 11:37:39.525  2663  2964 D eglCodecCommon: setVertexArrayObject: set vao to 0 (0) 1 2
01-17 11:37:39.528  1638  1703 D gralloc_ranchu: gralloc_alloc: Creating ashmem region of size 16592896
01-17 11:37:39.530  2648  3011 D HostConnection: HostComposition ext ANDROID_EMU_CHECKSUM_HELPER_v1 ANDROID_EMU_native_sync_v2 ANDROID_EMU_native_sync_v3 ANDROID_EMU_native_sync_v4 ANDROID_EMU_dma_v1 ANDROID_EMU_YUV420_888_to_NV21 ANDROID_EMU_YUV_Cache ANDROID_EMU_sync_buffer_data GL_OES_EGL_image_external_essl3 GL_OES_vertex_array_object GL_KHR_texture_compression_astc_ldr ANDROID_EMU_host_side_tracing ANDROID_EMU_gles_max_version_3_0 
01-17 11:37:39.533  1638  1703 D gralloc_ranchu: gralloc_alloc: Creating ashmem region of size 16592896
01-17 11:37:39.534  2648  3011 I ConfigStore: android::hardware::configstore::V1_0::ISurfaceFlingerConfigs::hasWideColorDisplay retrieved: 0
01-17 11:37:39.535  2648  3011 I ConfigStore: android::hardware::configstore::V1_0::ISurfaceFlingerConfigs::hasHDRDisplay retrieved: 0
01-17 11:37:39.535  2648  3011 I OpenGLRenderer: Initialized EGL, version 1.4
01-17 11:37:39.535  2648  3011 D OpenGLRenderer: Swap behavior 1
01-17 11:37:39.535  2648  3011 W OpenGLRenderer: Failed to choose config with EGL_SWAP_BEHAVIOR_PRESERVED, retrying without...
01-17 11:37:39.535  2648  3011 D OpenGLRenderer: Swap behavior 0
01-17 11:37:39.537  2648  3011 D eglCodecCommon: setVertexArrayObject: set vao to 0 (0) 0 0
01-17 11:37:39.537  2648  3011 D EGL_emulation: eglCreateContext: 0xef2dabc0: maj 3 min 0 rcv 3
01-17 11:37:39.539  2648  3011 D EGL_emulation: eglMakeCurrent: 0xef2dabc0: ver 3 0 (tinfo 0xcf3a4300)
01-17 11:37:39.542  2663  2675 I s.nexuslaunche: NativeAlloc concurrent copying GC freed 40123(3MB) AllocSpace objects, 7(328KB) LOS objects, 49% free, 2MB/5MB, paused 10.210ms total 141.560ms
01-17 11:37:39.542  1927  1957 E SurfaceFlinger: ro.sf.lcd_density must be defined as a build property
01-17 11:37:39.555  1981  1996 E system_server: No package ID 7f found for ID 0x7f08017c.
01-17 11:37:39.555  1981  1996 E system_server: No package ID 7f found for ID 0x7f120f74.
01-17 11:37:39.555  1981  1996 E system_server: No package ID 7f found for ID 0x7f08017b.
01-17 11:37:39.555  1981  1996 E system_server: No package ID 7f found for ID 0x7f120480.
01-17 11:37:39.555  1981  1996 E system_server: No package ID 7f found for ID 0x7f08017a.
01-17 11:37:39.555  1981  1996 E system_server: No package ID 7f found for ID 0x7f12099f.
01-17 11:37:39.569  2648  3011 D HostConnection: createUnique: call
01-17 11:37:39.570  2648  3011 D HostConnection: HostConnection::get() New Host Connection established 0xcec38910, tid 3011
01-17 11:37:39.573  2648  3011 D HostConnection: HostComposition ext ANDROID_EMU_CHECKSUM_HELPER_v1 ANDROID_EMU_native_sync_v2 ANDROID_EMU_native_sync_v3 ANDROID_EMU_native_sync_v4 ANDROID_EMU_dma_v1 ANDROID_EMU_YUV420_888_to_NV21 ANDROID_EMU_YUV_Cache ANDROID_EMU_sync_buffer_data GL_OES_EGL_image_external_essl3 GL_OES_vertex_array_object GL_KHR_texture_compression_astc_ldr ANDROID_EMU_host_side_tracing ANDROID_EMU_gles_max_version_3_0 
01-17 11:37:39.573  2648  3011 E eglCodecCommon: GoldfishAddressSpaceHostMemoryAllocator: ioctl_ping failed for device_type=5, ret=-1
01-17 11:37:39.579  2648  3011 D EGL_emulation: eglMakeCurrent: 0xef2dabc0: ver 3 0 (tinfo 0xcf3a4300)
01-17 11:37:39.580  2124  2124 I ChmraDebugLogger: [46] 
01-17 11:37:39.591  1981  1981 I TransportClient: LocalTransportService#0: Notifying [TransportManager.registerTransport()] transport = IBackupTransport
01-17 11:37:39.591  1981  2567 D BackupTransportManager: Transport android/com.android.internal.backup.LocalTransportService registered
01-17 11:37:39.591  1981  2567 D BackupManagerService: Transport android/com.android.internal.backup.LocalTransport registered 3097ms after first request (delay = 3000ms)
01-17 11:37:39.636  1981  2099 I GnssLocationProvider: WakeLock acquired by sendMessage(REPORT_SV_STATUS, 0, com.android.server.location.GnssLocationProvider$SvStatusInfo@f65ac5c)
01-17 11:37:39.636  1981  1996 I GnssLocationProvider: WakeLock released by handleMessage(REPORT_SV_STATUS, 0, com.android.server.location.GnssLocationProvider$SvStatusInfo@f65ac5c)
01-17 11:37:39.648  1927  1934 W SurfaceFlinger: Attempting to set client state on removed layer: Splash Screen com.google.android.apps.nexuslauncher#0
01-17 11:37:39.649  1927  1934 W SurfaceFlinger: Attempting to destroy on removed layer: Splash Screen com.google.android.apps.nexuslauncher#0
01-17 11:37:39.663  2648  2648 W SessionLifecycleManager: Handover failed. Creating new session controller.
01-17 11:37:39.665  2124  2124 I GmsApplication: Updating config completed
01-17 11:37:39.674  2767  2767 I GmsApplication: Staging modules and/or updating config already complete
01-17 11:37:39.705  2699  2924 W id.apps.restor: Long monitor contention with owner Measurement Worker (2920) at java.security.KeyPair ddl.d()(PG:893) waiters=0 in void com.google.firebase.iid.FirebaseInstanceId.a(boolean) for 1.758s
01-17 11:37:39.761  2648  2801 E EntrySyncManager: Cannot determine account name: drop request
01-17 11:37:39.767  2648  2801 E NowController: Failed to access data from EntryProvider. ExecutionException.
01-17 11:37:39.767  2648  2801 E NowController: java.util.concurrent.ExecutionException: com.google.android.apps.gsa.sidekick.main.h.n: Could not complete scheduled request to refresh entries. ClientErrorCode: 3
01-17 11:37:39.767  2648  2801 E NowController: 	at com.google.common.util.concurrent.d.eA(SourceFile:85)
01-17 11:37:39.767  2648  2801 E NowController: 	at com.google.common.util.concurrent.d.get(SourceFile:23)
01-17 11:37:39.767  2648  2801 E NowController: 	at com.google.common.util.concurrent.l.get(SourceFile:2)
01-17 11:37:39.767  2648  2801 E NowController: 	at com.google.android.apps.gsa.staticplugins.nowstream.b.a.be.cbB(SourceFile:49)
01-17 11:37:39.767  2648  2801 E NowController: 	at com.google.android.apps.gsa.staticplugins.nowstream.b.a.be.cbA(SourceFile:181)
01-17 11:37:39.767  2648  2801 E NowController: 	at com.google.android.apps.gsa.staticplugins.nowstream.b.a.bh.run(Unknown Source:2)
01-17 11:37:39.767  2648  2801 E NowController: 	at com.google.android.apps.gsa.shared.util.concurrent.at.run(SourceFile:4)
01-17 11:37:39.767  2648  2801 E NowController: 	at java.util.concurrent.Executors$RunnableAdapter.call(Executors.java:458)
01-17 11:37:39.767  2648  2801 E NowController: 	at java.util.concurrent.FutureTask.run(FutureTask.java:266)
01-17 11:37:39.767  2648  2801 E NowController: 	at java.util.concurrent.Executors$RunnableAdapter.call(Executors.java:458)
01-17 11:37:39.767  2648  2801 E NowController: 	at java.util.concurrent.FutureTask.run(FutureTask.java:266)
01-17 11:37:39.767  2648  2801 E NowController: 	at com.google.android.apps.gsa.shared.util.concurrent.b.g.run(Unknown Source:4)
01-17 11:37:39.767  2648  2801 E NowController: 	at com.google.android.apps.gsa.shared.util.concurrent.b.aw.run(SourceFile:4)
01-17 11:37:39.767  2648  2801 E NowController: 	at com.google.android.apps.gsa.shared.util.concurrent.b.aw.run(SourceFile:4)
01-17 11:37:39.767  2648  2801 E NowController: 	at java.util.concurrent.ThreadPoolExecutor.runWorker(ThreadPoolExecutor.java:1167)
01-17 11:37:39.767  2648  2801 E NowController: 	at java.util.concurrent.ThreadPoolExecutor$Worker.run(ThreadPoolExecutor.java:641)
01-17 11:37:39.767  2648  2801 E NowController: 	at java.lang.Thread.run(Thread.java:764)
01-17 11:37:39.767  2648  2801 E NowController: 	at com.google.android.apps.gsa.shared.util.concurrent.b.i.run(SourceFile:6)
01-17 11:37:39.767  2648  2801 E NowController: Caused by: com.google.android.apps.gsa.sidekick.main.h.n: Could not complete scheduled request to refresh entries. ClientErrorCode: 3
01-17 11:37:39.767  2648  2801 E NowController: 	at com.google.android.apps.gsa.staticplugins.nowstream.b.a.ar.az(Unknown Source:4)
01-17 11:37:39.767  2648  2801 E NowController: 	at com.google.common.util.concurrent.q.ap(SourceFile:7)
01-17 11:37:39.767  2648  2801 E NowController: 	at com.google.common.util.concurrent.p.run(SourceFile:32)
01-17 11:37:39.767  2648  2801 E NowController: 	at com.google.common.util.concurrent.bt.execute(SourceFile:3)
01-17 11:37:39.767  2648  2801 E NowController: 	at com.google.common.util.concurrent.d.b(SourceFile:275)
01-17 11:37:39.767  2648  2801 E NowController: 	at com.google.common.util.concurrent.d.addListener(SourceFile:135)
01-17 11:37:39.767  2648  2801 E NowController: 	at com.google.common.util.concurrent.p.b(SourceFile:3)
01-17 11:37:39.767  2648  2801 E NowController: 	at com.google.android.apps.gsa.shared.util.concurrent.h.a(SourceFile:16)
01-17 11:37:39.767  2648  2801 E NowController: 	at com.google.android.apps.gsa.shared.util.concurrent.h.a(SourceFile:13)
01-17 11:37:39.767  2648  2801 E NowController: 	at com.google.android.apps.gsa.staticplugins.nowstream.b.a.be.cbB(SourceFile:47)
01-17 11:37:39.767  2648  2801 E NowController: 	... 14 more
01-17 11:37:39.794  2699  2913 W id.apps.restor: Unsupported class loader
01-17 11:37:39.797  2699  2913 I DynamiteModule: Considering local module com.google.android.gms.flags:2 and remote module com.google.android.gms.flags:3
01-17 11:37:39.797  2699  2913 I DynamiteModule: Selected remote version of com.google.android.gms.flags, version >= 3
01-17 11:37:39.802  2648  2871 W earchbox:searc: Unsupported class loader
01-17 11:37:39.822  2699  2913 W id.apps.restor: Unsupported class loader
01-17 11:37:39.837  2648  2774 W LocationOracle: No location history returned by ContextManager
01-17 11:37:39.859  2648  2871 I DynamiteModule: Considering local module com.google.android.gms.googlecertificates:0 and remote module com.google.android.gms.googlecertificates:4
01-17 11:37:39.859  2648  2871 I DynamiteModule: Selected remote version of com.google.android.gms.googlecertificates, version >= 4
01-17 11:37:39.910  2648  2871 W earchbox:searc: Unsupported class loader
01-17 11:37:39.913  2648  3018 W earchbox:searc: Long monitor contention with owner NonUserFacing1 (2786) at java.lang.Object dagger.internal.InstanceFactory.get()(SourceFile:10) waiters=2 in java.lang.Object com.google.android.apps.gsa.staticplugins.ci.c.p.call() for 142ms
01-17 11:37:39.995  2648  2648 I StreamController: registerScope: nowcards-7443822076469737911
01-17 11:37:40.021  2648  2648 I StreamRenderer: maybeRegisterNowCardsScope(nowcards-7443822076469737911, com.google.android.sidekick.shared.remoteapi.CardRenderingContext@403c715)
01-17 11:37:40.038  2648  2648 I MicroDetectionWorker: #startMicroDetector [speakerMode: 0]
01-17 11:37:40.041  2648  2648 I AudioController: Using mInputStreamFactoryBuilder
01-17 11:37:40.041  2648  2648 I AudioController: Created new AudioSource
01-17 11:37:40.053  2648  2648 I MicroDetectionWorker: onReady
01-17 11:37:40.086  2648  3011 D eglCodecCommon: setVertexArrayObject: set vao to 0 (0) 1 2
01-17 11:37:40.101  2648  3034 W native  : commandlineflags.cc:1511 Ignoring RegisterValidateFunction() for flag pointer 0xc90ac8a4: no flag found at that address
01-17 11:37:40.124  2648  3030 I GsaNativeCrashHandler: Loaded shared library: nativecrashreporter
01-17 11:37:40.129  2648  3034 I MicroDataManager: Created a new hotword model for:
01-17 11:37:40.129  2648  3034 I MicroDataManager:  LOC: en-US/hotword.data SR: 16000 CC: 1
01-17 11:37:40.131  2648  3020 I MicroRecognitionRunner: Starting detection.
01-17 11:37:40.132  2648  3030 I MicrophoneInputStream: mic_starting  SR : 16000 CC : 16 SO : 6
01-17 11:37:40.135  1829  1829 D PermissionCache: checking android.permission.CAPTURE_AUDIO_HOTWORD for uid=10040 => granted (192 us)
01-17 11:37:40.136  2124  2124 W DynamiteModule: Local module descriptor class for providerinstaller not found.
01-17 11:37:40.137  2124  2124 W ProviderHelper: Unknown dynamite feature providerinstaller
01-17 11:37:40.137  2124  2124 I DynamiteModule: Considering local module providerinstaller:0 and remote module providerinstaller:0
01-17 11:37:40.138  1829  3037 I AudioFlinger: AudioFlinger's thread 0xe3c03040 tid=3037 ready to run
01-17 11:37:40.139  2648  3030 I MicrophoneInputStream: mic_started  SR : 16000 CC : 16 SO : 6
01-17 11:37:40.140  2648  3030 E ActivityThread: Failed to find provider info for com.google.android.apps.gsa.testing.ui.audio.recorded
01-17 11:37:40.141  2648  3020 W SpeechLevelGenerator: Really low audio levels detected. The audio input may have issues.
01-17 11:37:40.145  2858  2858 W native  : commandlineflags.cc:1503 Ignoring RegisterValidateFunction() for flag pointer 0xd4fb25a4: no flag found at that address
01-17 11:37:40.146  2699  2913 W id.apps.restor: Skipping duplicate class check due to unsupported classloader
01-17 11:37:40.152  2699  2913 W ContextImpl: Failed to ensure /data/user/0/com.google.android.gms/shared_prefs: mkdir failed: EACCES (Permission denied)
01-17 11:37:40.153  2699  2913 W DynamiteModule: Local module descriptor class for com.google.android.gms.crash not found.
01-17 11:37:40.155  2699  2913 I DynamiteModule: Considering local module com.google.android.gms.crash:0 and remote module com.google.android.gms.crash:215
01-17 11:37:40.155  2699  2913 I DynamiteModule: Selected remote version of com.google.android.gms.crash, version >= 215
01-17 11:37:40.156  2699  2913 I FirebaseCrashApiImpl: FirebaseCrashApiImpl created by ClassLoader ay[DexPathList[[zip file "/system/priv-app/PrebuiltGmsCore/app_chimera/m/DynamiteModulesC.apk"],nativeLibraryDirectories=[/data/user_de/0/com.google.android.gms/app_chimera/m/00000004/n/x86, /data/user_de/0/com.google.android.gms/app_chimera/m/00000004/n/armeabi-v7a, /data/user_de/0/com.google.android.gms/app_chimera/m/00000004/n/armeabi, /system/lib]]]
01-17 11:37:40.156  2699  2913 I FirebaseCrash: FirebaseCrash reporting loaded - chd@59ac7ff
01-17 11:37:40.158  2648  2648 I MicroDetectionWorker: onReady
01-17 11:37:40.166  2699  2914 I DynamiteModule: Considering local module com.google.android.gms.flags:2 and remote module com.google.android.gms.flags:3
01-17 11:37:40.166  2699  2914 I DynamiteModule: Selected remote version of com.google.android.gms.flags, version >= 3
01-17 11:37:40.171  2648  2871 W earchbox:searc: Skipping duplicate class check due to unsupported classloader
01-17 11:37:40.176  2648  3030 I MicrophoneInputStream: mic_close  SR : 16000 CC : 16 SO : 6
01-17 11:37:40.177  2648  3020 I MicroRecognitionRunner: Detection finished
01-17 11:37:40.178  2648  3020 W ErrorReporter: reportError [type: 211, code: 524300]: Error reading from input stream
01-17 11:37:40.179  2648  3034 I MicroRecognitionRunner: Stopping hotword detection.
01-17 11:37:40.179  2648  3020 W ErrorProcessor: onFatalError, processing error from engine(4)
01-17 11:37:40.179  2648  3020 W ErrorProcessor: com.google.android.apps.gsa.shared.speech.b.g: Error reading from input stream
01-17 11:37:40.179  2648  3020 W ErrorProcessor: 	at com.google.android.apps.gsa.staticplugins.microdetection.d.k.a(SourceFile:91)
01-17 11:37:40.179  2648  3020 W ErrorProcessor: 	at com.google.android.apps.gsa.staticplugins.microdetection.d.l.run(Unknown Source:14)
01-17 11:37:40.179  2648  3020 W ErrorProcessor: 	at com.google.android.libraries.gsa.runner.a.a.b(SourceFile:32)
01-17 11:37:40.179  2648  3020 W ErrorProcessor: 	at com.google.android.libraries.gsa.runner.a.c.call(Unknown Source:4)
01-17 11:37:40.179  2648  3020 W ErrorProcessor: 	at java.util.concurrent.FutureTask.run(FutureTask.java:266)
01-17 11:37:40.179  2648  3020 W ErrorProcessor: 	at java.util.concurrent.Executors$RunnableAdapter.call(Executors.java:458)
01-17 11:37:40.179  2648  3020 W ErrorProcessor: 	at java.util.concurrent.FutureTask.run(FutureTask.java:266)
01-17 11:37:40.179  2648  3020 W ErrorProcessor: 	at com.google.android.apps.gsa.shared.util.concurrent.b.g.run(Unknown Source:4)
01-17 11:37:40.179  2648  3020 W ErrorProcessor: 	at com.google.android.apps.gsa.shared.util.concurrent.b.aw.run(SourceFile:4)
01-17 11:37:40.179  2648  3020 W ErrorProcessor: 	at com.google.android.apps.gsa.shared.util.concurrent.b.aw.run(SourceFile:4)
01-17 11:37:40.179  2648  3020 W ErrorProcessor: 	at java.util.concurrent.ThreadPoolExecutor.runWorker(ThreadPoolExecutor.java:1167)
01-17 11:37:40.179  2648  3020 W ErrorProcessor: 	at java.util.concurrent.ThreadPoolExecutor$Worker.run(ThreadPoolExecutor.java:641)
01-17 11:37:40.179  2648  3020 W ErrorProcessor: 	at java.lang.Thread.run(Thread.java:764)
01-17 11:37:40.179  2648  3020 W ErrorProcessor: 	at com.google.android.apps.gsa.shared.util.concurrent.b.i.run(SourceFile:6)
01-17 11:37:40.179  2648  3020 W ErrorProcessor: Caused by: com.google.android.apps.gsa.shared.exception.GsaIOException: Error code: 393238 | Buffer overflow, no available space.
01-17 11:37:40.179  2648  3020 W ErrorProcessor: 	at com.google.android.apps.gsa.speech.audio.Tee.j(SourceFile:103)
01-17 11:37:40.179  2648  3020 W ErrorProcessor: 	at com.google.android.apps.gsa.speech.audio.au.read(SourceFile:2)
01-17 11:37:40.179  2648  3020 W ErrorProcessor: 	at java.io.InputStream.read(InputStream.java:101)
01-17 11:37:40.179  2648  3020 W ErrorProcessor: 	at com.google.android.apps.gsa.speech.audio.ao.run(SourceFile:17)
01-17 11:37:40.179  2648  3020 W ErrorProcessor: 	at com.google.android.apps.gsa.speech.audio.an.run(SourceFile:2)
01-17 11:37:40.179  2648  3020 W ErrorProcessor: 	at java.util.concurrent.Executors$RunnableAdapter.call(Executors.java:458)
01-17 11:37:40.179  2648  3020 W ErrorProcessor: 	... 10 more
01-17 11:37:40.179  2648  3020 I AudioController: internalShutdown
01-17 11:37:40.181  2699  2914 W DynamiteModule: Local module descriptor class for com.google.android.gms.crash not found.
01-17 11:37:40.195  2648  2648 I MicroDetector: Keeping mic open: false
01-17 11:37:40.195  2648  2648 I MicroDetectionWorker: #onError(false)
01-17 11:37:40.196  2648  3018 I DeviceStateChecker: DeviceStateChecker cancelled
01-17 11:37:40.222  2699  2914 I FirebaseCrashApiImpl: FirebaseCrash reporting API initialized
01-17 11:37:40.222  2699  2914 I FirebaseCrash: FirebaseCrash reporting initialized chd@59ac7ff
01-17 11:37:40.238  2663  2962 D ProtoStore: deleting smartspace_current
01-17 11:37:40.238  2663  2962 D ProtoStore: no cached data
01-17 11:37:40.238  2663  2962 D ProtoStore: no cached data
01-17 11:37:40.239  2663  2956 W QsbUiManager: Doodle is not valid.
01-17 11:37:40.239  2663  2956 W QsbUiManager: Doodle bitmap is not valid.
01-17 11:37:40.253  2124  2124 W ProviderInstaller: Failed to load providerinstaller module: No acceptable module found. Local version is 0 and remote version is 0.
01-17 11:37:40.255  1981  2310 D ActivityManager: Raise procstate to external provider: ProcessRecord{4e8c18e 2976:com.android.providers.calendar/u0a36}
01-17 11:37:40.259  2648  2648 I BgTaskExecutorImpl: Starting NONEXCLUSIVE background task smartspace_update.
01-17 11:37:40.276  2648  2871 W VelvetNetworkClient: Cannot connect to server without account
01-17 11:37:40.314  2858  2858 I ShortcutsDataManager: onContentChanged()
01-17 11:37:40.315  2858  2858 I ContactsDataManager: onContentChanged()
01-17 11:37:40.417  2858  2858 I ContextualPredictionExt: onCreateApp(): registering factories
01-17 11:37:40.421  2858  2858 I ContextualPredictionExt: onCreateApp(): Finished in 4 ms
01-17 11:37:40.422  2858  2858 I NotificationSmartReply: onCreateApp false
01-17 11:37:40.422  2858  2858 I LstmExtension: onCreateApp()
01-17 11:37:40.422  2858  2858 I LstmExtension: onCreateApp(): Finished in 0 ms
01-17 11:37:40.436  2663  2956 W QsbUiManager: Doodle is not valid.
01-17 11:37:40.436  2663  2956 W QsbUiManager: Doodle bitmap is not valid.
01-17 11:37:40.437  2858  2858 I FeaturePermissions: onSharedPreferenceChanged() : Key = current_input_method_entry : Feature = null
01-17 11:37:40.438  2858  2858 I ModuleManager: Module object of interface com.google.android.apps.inputmethod.libs.voiceime.VoiceImeExtension loaded.
01-17 11:37:40.438  2858  2858 I ModuleManager: com.google.android.apps.inputmethod.libs.voiceime.IVoiceImeExtension changed to available
01-17 11:37:40.454  2767  2767 W DynamiteModule: Local module descriptor class for providerinstaller not found.
01-17 11:37:40.454  2858  2858 I FeaturePermissions: onSharedPreferenceChanged() : Key = pref_key_access_points_showing_order_migrated : Feature = null
01-17 11:37:40.460  2767  2767 W ProviderHelper: Unknown dynamite feature providerinstaller
01-17 11:37:40.462  2767  2767 I DynamiteModule: Considering local module providerinstaller:0 and remote module providerinstaller:0
01-17 11:37:40.462  2767  2767 W ProviderInstaller: Failed to load providerinstaller module: No acceptable module found. Local version is 0 and remote version is 0.
01-17 11:37:40.487  2858  2858 I FeaturePermissions: onSharedPreferenceChanged() : Key = ACTIVE_IME.SOFT.und-Latn-x-password : Feature = null
01-17 11:37:40.489  2858  2858 I GoogleInputMethod: performUserUnlock() : isUserInitiallyUnlocked = true
01-17 11:37:40.491  2858  2858 I IcingNotification: IcingNotificationReceiver registered
01-17 11:37:40.539  2124  2144 W .gms.persisten: Long monitor contention with owner Binder:2124_2 (2139) at boolean android.os.BinderProxy.transactNative(int, android.os.Parcel, android.os.Parcel, int)(Binder.java:-2) waiters=0 in com.google.android.chimera.ContentProvider ctk.a() for 747ms
01-17 11:37:40.545  2124  2139 I DynamiteModule: Considering local module com.google.android.gms.googlecertificates:4 and remote module com.google.android.gms.googlecertificates:4
01-17 11:37:40.545  2124  2139 I DynamiteModule: Selected local version of com.google.android.gms.googlecertificates
01-17 11:37:40.556  2858  2858 I LstmExtension: onCreateService()
01-17 11:37:40.620  2858  2858 I LstmTrainingCache: getCacheConfig()
01-17 11:37:40.636  1981  2099 I GnssLocationProvider: WakeLock acquired by sendMessage(REPORT_SV_STATUS, 0, com.android.server.location.GnssLocationProvider$SvStatusInfo@b3baa05)
01-17 11:37:40.637  1981  1996 I GnssLocationProvider: WakeLock released by handleMessage(REPORT_SV_STATUS, 0, com.android.server.location.GnssLocationProvider$SvStatusInfo@b3baa05)
01-17 11:37:40.707  1981  2963 D WificondControl: Scan result ready event
01-17 11:37:40.745  2858  2858 I LstmExtension: onCreateService(): Finished in 188 ms
01-17 11:37:40.745  2858  2858 I EntryActivation: Entry activation content observer disabled.
01-17 11:37:40.746  2858  2858 I FirebaseJobDispatcher: Schedule task: PeriodicStats. Success.
01-17 11:37:40.747  2858  3051 I EntryActivation: Active entries changed: [] -> {en-US}
01-17 11:37:40.747  2858  3051 I LmManager: asyncUpdateEnabledLanguageModels()
01-17 11:37:40.747  2858  3051 I SuperDelight: initializeDelightSuperpacks() : Bundled = false
01-17 11:37:40.747  2858  3051 I SuperDelight: getDelightMetadataUriAndVersion(): Phenotype : 20180317 : https://www.gstatic.com/android/keyboard/dictionarypack/Ney-normal/metadata.json
01-17 11:37:40.749  2858  3045 I SuperpacksMgr: initializeInternal()
01-17 11:37:40.753  2858  3045 W DynamiteModule: Local module descriptor class for com.google.android.gms.googlecertificates not found.
01-17 11:37:40.754  2858  2858 I FirebaseJobDispatcher: Schedule task: PeriodicTasks. Success.
01-17 11:37:40.755  2858  2858 I ModuleManager: com.google.android.apps.inputmethod.libs.search.IBitmojiExtension changed to available
01-17 11:37:40.755  2858  2858 I ModuleManager: com.google.android.apps.inputmethod.libs.search.IFeatureCardNoticeExtension changed to available
01-17 11:37:40.756  2858  2858 I ModuleManager: Module object of interface com.google.android.apps.inputmethod.libs.search.nativecard.FeatureCardNoticeExtension loaded.
01-17 11:37:40.758  2858  2858 I FeaturePermissions: onSharedPreferenceChanged() : Key = add_feature_suggestion_notice_display_count : Feature = null
01-17 11:37:40.759  2858  2858 I FeaturePermissions: onSharedPreferenceChanged() : Key = version_code_for_feature_suggestion_check : Feature = null
01-17 11:37:40.759  2858  2858 I ModuleManager: com.google.android.apps.inputmethod.libs.search.IStickerExtension changed to available
01-17 11:37:40.759  2858  2858 I ModuleManager: com.google.android.apps.inputmethod.libs.textediting.ITextEditingExtension changed to available
01-17 11:37:40.759  2858  2858 I ModuleManager: com.google.android.apps.inputmethod.libs.search.IEmojiDataExtension changed to available
01-17 11:37:40.759  2858  2858 I ModuleManager: Module object of interface com.google.android.apps.inputmethod.libs.search.emojidata.EmojiDataExtension loaded.
01-17 11:37:40.760  2858  2858 I ModuleManager: com.google.android.apps.inputmethod.libs.hmm.superpacks.IHmmModule changed to available
01-17 11:37:40.760  2858  3045 W putmethod.lati: Unsupported class loader
01-17 11:37:40.760  2858  2858 I DictSuperpacksManager: onEnabledInputMethodEntriesChanged
01-17 11:37:40.760  2858  2858 I ModuleManager: com.google.android.apps.inputmethod.libs.handwriting.ime.IHandwritingImeExtension changed to available
01-17 11:37:40.761  2858  2858 I ModuleManager: Module object of interface com.google.android.apps.inputmethod.libs.handwriting.ime.HandwritingImeExtension loaded.
01-17 11:37:40.761  2858  2858 I HandwritingImeExtension: onCreate
01-17 11:37:40.761  2858  2858 I HWRModelFacilProvider: getHandwritingModelFacilitator(): Using Segment and Decode
01-17 11:37:40.761  2858  2858 I HWRSuperpacksManager: onEnabledInputMethodEntriesChanged
01-17 11:37:40.761  2858  2858 I ModuleManager: com.google.android.apps.inputmethod.libs.pill.IPillExtension changed to available
01-17 11:37:40.761  2858  2858 I ModuleManager: Module object of interface com.google.android.apps.inputmethod.libs.pill.PillExtension loaded.
01-17 11:37:40.762  2858  2858 I ModuleManager: com.google.android.apps.inputmethod.libs.search.IGifKeyboardExtension changed to available
01-17 11:37:40.762  2858  2858 I ModuleManager: com.google.android.apps.inputmethod.libs.search.IEmojiSearchExtension changed to available
01-17 11:37:40.762  2858  2858 I ModuleManager: Module object of interface com.google.android.apps.inputmethod.libs.search.emoji.EmojiSearchExtension loaded.
01-17 11:37:40.763  2858  2858 I ModuleManager: com.google.android.apps.inputmethod.libs.search.IEmojiOrGifExtension changed to available
01-17 11:37:40.763  2858  2858 I ModuleManager: com.google.android.apps.inputmethod.libs.search.IUniversalMediaExtension changed to available
01-17 11:37:40.764  2858  3045 I DynamiteModule: Considering local module com.google.android.gms.googlecertificates:0 and remote module com.google.android.gms.googlecertificates:4
01-17 11:37:40.764  2858  3045 I DynamiteModule: Selected remote version of com.google.android.gms.googlecertificates, version >= 4
01-17 11:37:40.764  2858  2858 I ModuleManager: com.google.android.apps.inputmethod.libs.search.INativeCardExtension changed to available
01-17 11:37:40.764  2858  2858 I ModuleManager: com.google.android.apps.inputmethod.libs.translate.ITranslateUIExtension changed to available
01-17 11:37:40.764  2858  2858 I ModuleManager: com.google.android.apps.inputmethod.libs.search.sense.IConversationToQueryExtension changed to available
01-17 11:37:40.764  2858  2858 I ModuleManager: Module object of interface com.google.android.apps.inputmethod.libs.search.sense.ConversationToQueryExtension loaded.
01-17 11:37:40.796  2858  3045 W putmethod.lati: Unsupported class loader
01-17 11:37:40.797  2858  3045 W putmethod.lati: Skipping duplicate class check due to unsupported classloader
01-17 11:37:40.828  2858  3045 I HWRImeSpacktratProv: getSetupStrategy
01-17 11:37:40.864  2858  2858 I Conv2QueryExtension: onCreate()
01-17 11:37:40.928  2858  3045 W AndroidIME: ewp: No constructor for 'com.google.android.apps.inputmethod.libs.search.makeagif.superpacks.MakeAGifSuperpacksStrategyProvider' with 0 arguments
01-17 11:37:40.928  2858  3045 E SuperpacksMgr: ata: getSuperpackStrategyForIModules(): Failed to invoke com.google.android.apps.inputmethod.libs.search.makeagif.superpacks.MakeAGifSuperpacksStrategyProvider#getSetupStrategy
01-17 11:37:40.928  2858  3045 E SuperpacksMgr: java.lang.NullPointerException: Attempt to invoke interface method 'java.util.List asw.a(android.content.Context)' on a null object reference
01-17 11:37:40.928  2858  3045 E SuperpacksMgr: 	at ata.d(PG:119)
01-17 11:37:40.928  2858  3045 E SuperpacksMgr: 	at atb.a(PG:9)
01-17 11:37:40.928  2858  3045 E SuperpacksMgr: 	at bng.run(Unknown Source:4)
01-17 11:37:40.928  2858  3045 E SuperpacksMgr: 	at java.util.concurrent.Executors$RunnableAdapter.call(Executors.java:458)
01-17 11:37:40.928  2858  3045 E SuperpacksMgr: 	at java.util.concurrent.FutureTask.run(FutureTask.java:266)
01-17 11:37:40.928  2858  3045 E SuperpacksMgr: 	at bcs.run(PG:15)
01-17 11:37:40.928  2858  3045 E SuperpacksMgr: 	at java.util.concurrent.ThreadPoolExecutor.runWorker(ThreadPoolExecutor.java:1167)
01-17 11:37:40.928  2858  3045 E SuperpacksMgr: 	at java.util.concurrent.ThreadPoolExecutor$Worker.run(ThreadPoolExecutor.java:641)
01-17 11:37:40.928  2858  3045 E SuperpacksMgr: 	at java.lang.Thread.run(Thread.java:764)
01-17 11:37:40.928  2858  3045 E SuperpacksMgr: 	at bcl.run(PG:8)
01-17 11:37:40.928  2858  3045 I DictSpacktratProv: getSetupStrategy
01-17 11:37:40.988  2858  3045 I HWRImeSpacktratProv: getSetupStrategy
01-17 11:37:40.988  2858  3045 W AndroidIME: ewp: No constructor for 'com.google.android.apps.inputmethod.libs.search.makeagif.superpacks.MakeAGifSuperpacksStrategyProvider' with 0 arguments
01-17 11:37:40.989  2858  3045 E SuperpacksMgr: ata: getSuperpackStrategyForIModules(): Failed to invoke com.google.android.apps.inputmethod.libs.search.makeagif.superpacks.MakeAGifSuperpacksStrategyProvider#getSetupStrategy
01-17 11:37:40.989  2858  3045 E SuperpacksMgr: java.lang.NullPointerException: Attempt to invoke interface method 'java.util.List asw.a(android.content.Context)' on a null object reference
01-17 11:37:40.989  2858  3045 E SuperpacksMgr: 	at ata.d(PG:119)
01-17 11:37:40.989  2858  3045 E SuperpacksMgr: 	at atb.a(PG:9)
01-17 11:37:40.989  2858  3045 E SuperpacksMgr: 	at bng.run(Unknown Source:4)
01-17 11:37:40.989  2858  3045 E SuperpacksMgr: 	at java.util.concurrent.Executors$RunnableAdapter.call(Executors.java:458)
01-17 11:37:40.989  2858  3045 E SuperpacksMgr: 	at java.util.concurrent.FutureTask.run(FutureTask.java:266)
01-17 11:37:40.989  2858  3045 E SuperpacksMgr: 	at bcs.run(PG:15)
01-17 11:37:40.989  2858  3045 E SuperpacksMgr: 	at java.util.concurrent.ThreadPoolExecutor.runWorker(ThreadPoolExecutor.java:1167)
01-17 11:37:40.989  2858  3045 E SuperpacksMgr: 	at java.util.concurrent.ThreadPoolExecutor$Worker.run(ThreadPoolExecutor.java:641)
01-17 11:37:40.989  2858  3045 E SuperpacksMgr: 	at java.lang.Thread.run(Thread.java:764)
01-17 11:37:40.989  2858  3045 E SuperpacksMgr: 	at bcl.run(PG:8)
01-17 11:37:40.989  2858  3045 I DictSpacktratProv: getSetupStrategy
01-17 11:37:41.056  2858  3045 I HWRImeSpacktratProv: getSetupStrategy
01-17 11:37:41.056  2858  3045 W AndroidIME: ewp: No constructor for 'com.google.android.apps.inputmethod.libs.search.makeagif.superpacks.MakeAGifSuperpacksStrategyProvider' with 0 arguments
01-17 11:37:41.057  2858  3045 E SuperpacksMgr: ata: getSuperpackStrategyForIModules(): Failed to invoke com.google.android.apps.inputmethod.libs.search.makeagif.superpacks.MakeAGifSuperpacksStrategyProvider#getSetupStrategy
01-17 11:37:41.057  2858  3045 E SuperpacksMgr: java.lang.NullPointerException: Attempt to invoke interface method 'java.util.List asw.a(android.content.Context)' on a null object reference
01-17 11:37:41.057  2858  3045 E SuperpacksMgr: 	at ata.d(PG:119)
01-17 11:37:41.057  2858  3045 E SuperpacksMgr: 	at atb.a(PG:9)
01-17 11:37:41.057  2858  3045 E SuperpacksMgr: 	at bng.run(Unknown Source:4)
01-17 11:37:41.057  2858  3045 E SuperpacksMgr: 	at java.util.concurrent.Executors$RunnableAdapter.call(Executors.java:458)
01-17 11:37:41.057  2858  3045 E SuperpacksMgr: 	at java.util.concurrent.FutureTask.run(FutureTask.java:266)
01-17 11:37:41.057  2858  3045 E SuperpacksMgr: 	at bcs.run(PG:15)
01-17 11:37:41.057  2858  3045 E SuperpacksMgr: 	at java.util.concurrent.ThreadPoolExecutor.runWorker(ThreadPoolExecutor.java:1167)
01-17 11:37:41.057  2858  3045 E SuperpacksMgr: 	at java.util.concurrent.ThreadPoolExecutor$Worker.run(ThreadPoolExecutor.java:641)
01-17 11:37:41.057  2858  3045 E SuperpacksMgr: 	at java.lang.Thread.run(Thread.java:764)
01-17 11:37:41.057  2858  3045 E SuperpacksMgr: 	at bcl.run(PG:8)
01-17 11:37:41.058  2858  3045 I DictSpacktratProv: getSetupStrategy
01-17 11:37:41.103  2858  3045 I HWRImeSpacktratProv: getSetupStrategy
01-17 11:37:41.103  2858  3045 W AndroidIME: ewp: No constructor for 'com.google.android.apps.inputmethod.libs.search.makeagif.superpacks.MakeAGifSuperpacksStrategyProvider' with 0 arguments
01-17 11:37:41.104  2858  3045 E SuperpacksMgr: ata: getSuperpackStrategyForIModules(): Failed to invoke com.google.android.apps.inputmethod.libs.search.makeagif.superpacks.MakeAGifSuperpacksStrategyProvider#getSetupStrategy
01-17 11:37:41.104  2858  3045 E SuperpacksMgr: java.lang.NullPointerException: Attempt to invoke interface method 'java.util.List asw.a(android.content.Context)' on a null object reference
01-17 11:37:41.104  2858  3045 E SuperpacksMgr: 	at ata.d(PG:119)
01-17 11:37:41.104  2858  3045 E SuperpacksMgr: 	at atb.a(PG:9)
01-17 11:37:41.104  2858  3045 E SuperpacksMgr: 	at bng.run(Unknown Source:4)
01-17 11:37:41.104  2858  3045 E SuperpacksMgr: 	at java.util.concurrent.Executors$RunnableAdapter.call(Executors.java:458)
01-17 11:37:41.104  2858  3045 E SuperpacksMgr: 	at java.util.concurrent.FutureTask.run(FutureTask.java:266)
01-17 11:37:41.104  2858  3045 E SuperpacksMgr: 	at bcs.run(PG:15)
01-17 11:37:41.104  2858  3045 E SuperpacksMgr: 	at java.util.concurrent.ThreadPoolExecutor.runWorker(ThreadPoolExecutor.java:1167)
01-17 11:37:41.104  2858  3045 E SuperpacksMgr: 	at java.util.concurrent.ThreadPoolExecutor$Worker.run(ThreadPoolExecutor.java:641)
01-17 11:37:41.104  2858  3045 E SuperpacksMgr: 	at java.lang.Thread.run(Thread.java:764)
01-17 11:37:41.104  2858  3045 E SuperpacksMgr: 	at bcl.run(PG:8)
01-17 11:37:41.104  2858  3045 I DictSpacktratProv: getSetupStrategy
01-17 11:37:41.154  2858  3045 I HWRImeSpacktratProv: getSetupStrategy
01-17 11:37:41.155  2858  3045 W AndroidIME: ewp: No constructor for 'com.google.android.apps.inputmethod.libs.search.makeagif.superpacks.MakeAGifSuperpacksStrategyProvider' with 0 arguments
01-17 11:37:41.155  2858  3045 E SuperpacksMgr: ata: getSuperpackStrategyForIModules(): Failed to invoke com.google.android.apps.inputmethod.libs.search.makeagif.superpacks.MakeAGifSuperpacksStrategyProvider#getSetupStrategy
01-17 11:37:41.155  2858  3045 E SuperpacksMgr: java.lang.NullPointerException: Attempt to invoke interface method 'java.util.List asw.a(android.content.Context)' on a null object reference
01-17 11:37:41.155  2858  3045 E SuperpacksMgr: 	at ata.d(PG:119)
01-17 11:37:41.155  2858  3045 E SuperpacksMgr: 	at atb.a(PG:9)
01-17 11:37:41.155  2858  3045 E SuperpacksMgr: 	at bng.run(Unknown Source:4)
01-17 11:37:41.155  2858  3045 E SuperpacksMgr: 	at java.util.concurrent.Executors$RunnableAdapter.call(Executors.java:458)
01-17 11:37:41.155  2858  3045 E SuperpacksMgr: 	at java.util.concurrent.FutureTask.run(FutureTask.java:266)
01-17 11:37:41.155  2858  3045 E SuperpacksMgr: 	at bcs.run(PG:15)
01-17 11:37:41.155  2858  3045 E SuperpacksMgr: 	at java.util.concurrent.ThreadPoolExecutor.runWorker(ThreadPoolExecutor.java:1167)
01-17 11:37:41.155  2858  3045 E SuperpacksMgr: 	at java.util.concurrent.ThreadPoolExecutor$Worker.run(ThreadPoolExecutor.java:641)
01-17 11:37:41.155  2858  3045 E SuperpacksMgr: 	at java.lang.Thread.run(Thread.java:764)
01-17 11:37:41.155  2858  3045 E SuperpacksMgr: 	at bcl.run(PG:8)
01-17 11:37:41.155  2858  3045 I DictSpacktratProv: getSetupStrategy
01-17 11:37:40.256  1981  2310 D ActivityManager: Raise procstate to external provider: ProcessRecord{4e8c18e 2976:com.android.providers.calendar/u0a36}
01-17 11:37:41.167  2663  2945 E ActivityThread: Failed to find provider info for com.google.android.as.allapps.actionsettingprovider
01-17 11:37:41.167  2663  2945 E ActionsController: write setting failed
01-17 11:37:41.167  2663  2945 E ActionsController: java.lang.IllegalArgumentException: Unknown URL content://com.google.android.as.allapps.actionsettingprovider
01-17 11:37:41.167  2663  2945 E ActionsController: 	at android.content.ContentResolver.insert(ContentResolver.java:1583)
01-17 11:37:41.167  2663  2945 E ActionsController: 	at com.google.android.apps.nexuslauncher.allapps.d.handleMessage(SourceFile:268)
01-17 11:37:41.167  2663  2945 E ActionsController: 	at android.os.Handler.dispatchMessage(Handler.java:102)
01-17 11:37:41.167  2663  2945 E ActionsController: 	at android.os.Looper.loop(Looper.java:193)
01-17 11:37:41.167  2663  2945 E ActionsController: 	at android.os.HandlerThread.run(HandlerThread.java:65)
01-17 11:37:41.183  2858  3045 I HWRImeSpacktratProv: getSetupStrategy
