01-17 11:37:12.078  1981  1981 W PackageSettings: No potential matches found for Intent { act=android.intent.action.EDIT typ=application/vnd.ms-excel } while setting preferred com.google.android.apps.docs.editors.sheets/com.google.android.apps.docs.editors.trix.quicksheet.QuickSheetDocumentOpenerActivityAlias
01-17 11:37:12.079  1981  1981 W PackageSettings: No potential matches found for Intent { act=android.intent.action.EDIT typ=application/vnd.ms-excel.addin.macroenabled.12 } while setting preferred com.google.android.apps.docs.editors.sheets/com.google.android.apps.docs.editors.trix.quicksheet.QuickSheetDocumentOpenerActivityAlias
01-17 11:37:12.079  1981  1981 W PackageSettings: No potential matches found for Intent { act=android.intent.action.EDIT typ=application/vnd.ms-excel.template.macroenabled.12 } while setting preferred com.google.android.apps.docs.editors.sheets/com.google.android.apps.docs.editors.trix.quicksheet.QuickSheetDocumentOpenerActivityAlias
01-17 11:37:12.079  1981  1981 W PackageSettings: No potential matches found for Intent { act=android.intent.action.EDIT typ=application/vnd.openxmlformats-officedocument.spreadsheetml.template } while setting preferred com.google.android.apps.docs.editors.sheets/com.google.android.apps.docs.editors.trix.quicksheet.QuickSheetDocumentOpenerActivityAlias
01-17 11:37:12.079  1981  1981 W PackageSettings: No potential matches found for Intent { act=android.intent.action.EDIT typ=application/x-msexcel } while setting preferred com.google.android.apps.docs.editors.sheets/com.google.android.apps.docs.editors.trix.quicksheet.QuickSheetDocumentOpenerActivityAlias
01-17 11:37:12.079  1981  1981 W PackageSettings: No potential matches found for Intent { act=android.intent.action.EDIT typ=application/vnd.ms-word } while setting preferred com.google.android.apps.docs.editors.docs/com.google.android.apps.docs.editors.kix.quickword.QuickWordDocumentOpenerActivityAlias
01-17 11:37:12.079  1981  1981 W PackageSettings: No potential matches found for Intent { act=android.intent.action.EDIT typ=application/vnd.openxmlformats-officedocument.wordprocessingml.document } while setting preferred com.google.android.apps.docs.editors.docs/com.google.android.apps.docs.editors.kix.quickword.QuickWordDocumentOpenerActivityAlias
01-17 11:37:12.079  1981  1981 W PackageSettings: No potential matches found for Intent { act=android.intent.action.EDIT typ=application/vnd.ms-word.document.macroenabled.12 } while setting preferred com.google.android.apps.docs.editors.docs/com.google.android.apps.docs.editors.kix.quickword.QuickWordDocumentOpenerActivityAlias
01-17 11:37:12.079  1981  1981 W PackageSettings: No potential matches found for Intent { act=android.intent.action.EDIT typ=application/msword } while setting preferred com.google.android.apps.docs.editors.docs/com.google.android.apps.docs.editors.kix.quickword.QuickWordDocumentOpenerActivityAlias
01-17 11:37:12.079  1981  1981 W PackageSettings: No potential matches found for Intent { act=android.intent.action.EDIT typ=application/vnd.ms-word.template.macroenabled.12 } while setting preferred com.google.android.apps.docs.editors.docs/com.google.android.apps.docs.editors.kix.quickword.QuickWordDocumentOpenerActivityAlias
01-17 11:37:12.079  1981  1981 W PackageSettings: No potential matches found for Intent { act=android.intent.action.EDIT typ=application/vnd.openxmlformats-officedocument.wordprocessingml.template } while setting preferred com.google.android.apps.docs.editors.docs/com.google.android.apps.docs.editors.kix.quickword.QuickWordDocumentOpenerActivityAlias
01-17 11:37:12.079  1981  1981 W PackageSettings: No potential matches found for Intent { act=android.intent.action.EDIT typ=application/x-msword } while setting preferred com.google.android.apps.docs.editors.docs/com.google.android.apps.docs.editors.kix.quickword.QuickWordDocumentOpenerActivityAlias
01-17 11:37:12.080  1981  1981 W PackageSettings: No potential matches found for Intent { act=android.intent.action.EDIT typ=application/vnd.openxmlformats-officedocument.presentationml.presentation } while setting preferred com.google.android.apps.docs.editors.slides/com.google.android.apps.docs.editors.kix.quickword.QuickWordDocumentOpenerActivityAlias
01-17 11:37:12.080  1981  1981 W PackageSettings: No potential matches found for Intent { act=android.intent.action.EDIT typ=application/vnd.ms-powerpoint } while setting preferred com.google.android.apps.docs.editors.slides/com.google.android.apps.docs.editors.kix.quickword.QuickWordDocumentOpenerActivityAlias
01-17 11:37:12.080  1981  1981 W PackageSettings: No potential matches found for Intent { act=android.intent.action.EDIT typ=application/vnd.openxmlformats-officedocument.presentationml.template } while setting preferred com.google.android.apps.docs.editors.slides/com.google.android.apps.docs.editors.kix.quickword.QuickWordDocumentOpenerActivityAlias
01-17 11:37:12.080  1981  1981 W PackageSettings: No potential matches found for Intent { act=android.intent.action.EDIT typ=application/vnd.ms-powerpoint.presentation.macroenabled.12 } while setting preferred com.google.android.apps.docs.editors.slides/com.google.android.apps.docs.editors.kix.quickword.QuickWordDocumentOpenerActivityAlias
01-17 11:37:12.080  1981  1981 W PackageSettings: No potential matches found for Intent { act=android.intent.action.EDIT typ=application/vnd.openxmlformats-officedocument.presentationml.slideshow } while setting preferred com.google.android.apps.docs.editors.slides/com.google.android.apps.docs.editors.kix.quickword.QuickWordDocumentOpenerActivityAlias
01-17 11:37:12.080  1981  1981 W PackageSettings: No potential matches found for Intent { act=android.intent.action.EDIT typ=application/vnd.ms-powerpoint.slideshow.macroenabled.12 } while setting preferred com.google.android.apps.docs.editors.slides/com.google.android.apps.docs.editors.kix.quickword.QuickWordDocumentOpenerActivityAlias
01-17 11:37:12.080  1981  1981 W PackageSettings: No potential matches found for Intent { act=android.intent.action.EDIT typ=application/x-mspowerpoint } while setting preferred com.google.android.apps.docs.editors.slides/com.google.android.apps.docs.editors.kix.quickword.QuickWordDocumentOpenerActivityAlias
01-17 11:37:12.114  1981  1981 W PackageManager: Unknown package com.google.android.apps.docs.editors.docs in sysconfig <app-link>
01-17 11:37:12.114  1981  1981 W PackageManager: Unknown package com.google.android.apps.docs.editors.sheets in sysconfig <app-link>
01-17 11:37:12.115  1981  1981 W PackageManager: Unknown package com.google.android.apps.docs.editors.slides in sysconfig <app-link>
01-17 11:37:12.115  1981  1981 W PackageManager: Sysconfig <app-link> package 'com.android.vending' does not handle web links
01-17 11:37:12.115  1981  1981 W PackageManager: Unknown package com.google.android.apps.plus in sysconfig <app-link>
01-17 11:37:12.115  1981  1981 W PackageManager: Unknown package com.google.android.apps.tycho in sysconfig <app-link>
01-17 11:37:12.115  1981  1981 W PackageManager: Unknown package com.google.android.talk in sysconfig <app-link>
01-17 11:37:12.118  1768  1795 I SELinux : SELinux: Loaded file_contexts
01-17 11:37:12.122  1768  1795 W installd: Requested default storage /data/user_de/0/com.google.android.ext.services is not active; migrating from /data/data/com.google.android.ext.services
01-17 11:37:12.127  1768  1795 W installd: Requested default storage /data/user_de/0/com.android.providers.telephony is not active; migrating from /data/data/com.android.providers.telephony
01-17 11:37:12.132  1768  1768 W installd: Requested default storage /data/user_de/0/com.google.android.ext.shared is not active; migrating from /data/data/com.google.android.ext.shared
01-17 11:37:12.139  1768  2029 W installd: Requested default storage /data/user_de/0/com.android.defcontainer is not active; migrating from /data/data/com.android.defcontainer
01-17 11:37:12.142  1768  2029 W installd: Requested default storage /data/user_de/0/android is not active; migrating from /data/data/android
01-17 11:37:12.145  1768  1768 W installd: Requested default storage /data/user_de/0/com.android.providers.settings is not active; migrating from /data/data/com.android.providers.settings
01-17 11:37:12.148  1768  1768 W installd: Requested default storage /data/user_de/0/com.android.inputdevices is not active; migrating from /data/data/com.android.inputdevices
01-17 11:37:12.155  1768  2029 W installd: Requested default storage /data/user_de/0/com.android.server.telecom is not active; migrating from /data/data/com.android.server.telecom
01-17 11:37:12.158  1768  1768 W installd: Requested default storage /data/user_de/0/com.google.android.packageinstaller is not active; migrating from /data/data/com.google.android.packageinstaller
01-17 11:37:12.162  1768  1768 W installd: Requested default storage /data/user_de/0/com.android.proxyhandler is not active; migrating from /data/data/com.android.proxyhandler
01-17 11:37:12.166  1768  1768 W installd: Requested default storage /data/user_de/0/com.android.settings is not active; migrating from /data/data/com.android.settings
01-17 11:37:12.170  1768  2029 W installd: Requested default storage /data/user_de/0/com.android.phone is not active; migrating from /data/data/com.android.phone
01-17 11:37:12.174  1768  2029 W installd: Requested default storage /data/user_de/0/com.android.shell is not active; migrating from /data/data/com.android.shell
01-17 11:37:12.178  1768  2029 W installd: Requested default storage /data/user_de/0/com.android.location.fused is not active; migrating from /data/data/com.android.location.fused
01-17 11:37:12.184  1768  2029 W installd: Requested default storage /data/user_de/0/com.android.systemui is not active; migrating from /data/data/com.android.systemui
01-17 11:37:12.190  1981  2030 D SystemServerInitThreadPool: Started executing prepareAppData
01-17 11:37:12.190  1768  1768 W installd: Ignoring /data/data/com.android.defcontainer/lib with unexpected GID 0 instead of 10014
01-17 11:37:12.191  1768  1768 W installd: Ignoring /data/data/com.google.android.inputmethod.latin/lib with unexpected GID 0 instead of 10083
01-17 11:37:12.191  1768  1768 W installd: Ignoring /data/user_de/0/com.android.defcontainer/lib with unexpected GID 0 instead of 10014
01-17 11:37:12.191  1981  2030 D SystemServerTimingAsync: AppDataFixup took to complete: 1ms
01-17 11:37:12.226  1981  1981 E PackageManager: There should probably be a verifier, but, none were found
01-17 11:37:12.228  1981  1981 D PackageManager: Set ephemeral resolver: Pair{ComponentInfo{com.google.android.gms/com.google.android.gms.chimera.PersistentBoundBrokerService} android.intent.action.RESOLVE_INSTANT_APP_PACKAGE}
01-17 11:37:12.245  1981  1981 D PackageManager: Instant App installer not found with android.intent.action.INSTALL_INSTANT_APP_PACKAGE
01-17 11:37:12.245  1981  1981 D PackageManager: Clear ephemeral installer activity
01-17 11:37:12.293  1981  1981 I system_server: Explicit concurrent copying GC freed 32676(2044KB) AllocSpace objects, 11(420KB) LOS objects, 42% free, 4MB/7MB, paused 17us total 44.896ms
01-17 11:37:12.294  1981  1981 D SystemServerTiming: StartPackageManagerService took to complete: 8690ms
01-17 11:37:12.294  1981  1981 I SystemServer: StartOtaDexOptService
01-17 11:37:12.295  1981  1981 D OTADexopt: No upgrade, skipping A/B artifacts check.
01-17 11:37:12.295  1981  1981 D SystemServerTiming: StartOtaDexOptService took to complete: 1ms
01-17 11:37:12.295  1981  1981 I SystemServer: StartUserManagerService
01-17 11:37:12.295  1981  1981 I SystemServiceManager: Starting com.android.server.pm.UserManagerService$LifeCycle
01-17 11:37:12.295  1981  1981 D SystemServerTiming: StartUserManagerService took to complete: 0ms
01-17 11:37:12.295  1981  1981 I SystemServer: InitAttributerCache
01-17 11:37:12.311  1981  1981 D SystemServerTiming: InitAttributerCache took to complete: 16ms
01-17 11:37:12.311  1981  1981 I SystemServer: SetSystemProcess
01-17 11:37:12.329  1647  1647 I lowmemorykiller: lmkd data connection established
01-17 11:37:12.361  1981  1981 D SystemServerTiming: SetSystemProcess took to complete: 50ms
01-17 11:37:12.362  1574  1574 W hwservicemanager: getTransport: Cannot find entry android.hardware.soundtrigger@2.0::ISoundTriggerHw/default in either framework or device manifest.
01-17 11:37:12.362  1829  1829 E SoundTriggerHwService: could not read implementation properties
01-17 11:37:12.396  1981  1981 I SystemServer: StartOverlayManagerService
01-17 11:37:12.405  1981  1981 D SystemServerTiming: StartOverlayManagerService took to complete: 9ms
01-17 11:37:12.405  1981  1981 I SystemServer: StartBatteryService
01-17 11:37:12.405  1981  1981 I SystemServiceManager: Starting com.android.server.BatteryService
01-17 11:37:12.405  1981  2038 D SystemServerInitThreadPool: Started executing Init OverlayManagerService
01-17 11:37:12.406  1981  2039 D SystemServerInitThreadPool: Started executing StartSensorService
01-17 11:37:12.406  1981  2039 D SensorService: nuSensorService starting...
01-17 11:37:12.407  1768  2029 W installd: Requested default storage /data/user_de/0/com.android.cellbroadcastreceiver is not active; migrating from /data/data/com.android.cellbroadcastreceiver
01-17 11:37:12.412  1981  2039 E SensorService: Reported power 0.000000 not deemed sane, clamping to 0.001000
01-17 11:37:12.415  1981  2039 I SensorService: Generated new HMAC key.
01-17 11:37:12.416  1981  2043 D SensorService: nuSensorService thread starting...
01-17 11:37:12.416  1981  2042 D SensorService: new thread SensorEventAckReceiver
01-17 11:37:12.416  1981  2039 D SystemServerTimingAsync: StartSensorService took to complete: 10ms
01-17 11:37:12.416  1981  2039 D SystemServerInitThreadPool: Finished executing StartSensorService
01-17 11:37:12.472  1981  1981 I android_os_HwBinder: HwBinder: Starting thread pool for default::android.hardware.health@2.0::IHealth
01-17 11:37:12.490  2044  2044 W ResourceType: CREATING STRING CACHE OF 40436 bytes
01-17 11:37:12.494  1981  1981 I android_os_HwBinder: HwBinder: Starting thread pool for default::android.hidl.manager@1.0::IServiceManager
01-17 11:37:12.495  1981  1981 I HealthServiceWrapper: health: HealthServiceWrapper listening to instance default
01-17 11:37:12.495  1981  1981 I BatteryService: health: Waited 0ms and received the update.
01-17 11:37:12.495  1981  2001 E BluetoothAdapter: Bluetooth binder is null
01-17 11:37:12.495  1981  2001 E BatteryExternalStatsWorker: no controller energy info supplied for telephony
01-17 11:37:12.495  1981  2001 E KernelUidCpuFreqTimeReader: Failed to read /proc/uid_time_in_state: java.io.FileNotFoundException: /proc/uid_time_in_state (No such file or directory)
01-17 11:37:12.496  1981  1981 W SystemServiceManager: Service com.android.server.BatteryService took 90 ms in onStart
01-17 11:37:12.496  1981  1981 D SystemServerTiming: StartBatteryService took to complete: 91ms
01-17 11:37:12.496  1981  1981 I SystemServer: StartUsageService
01-17 11:37:12.496  1981  1981 I SystemServiceManager: Starting com.android.server.usage.UsageStatsService
01-17 11:37:12.496  1981  2046 I android_os_HwBinder: HwBinder: Starting thread pool for default::android.hardware.health@2.0::IHealth
01-17 11:37:12.496  1981  2001 E KernelUidCpuFreqTimeReader: Failed to read /proc/uid_time_in_state: java.io.FileNotFoundException: /proc/uid_time_in_state (No such file or directory)
01-17 11:37:12.531  1981  2001 I BatteryStatsImpl: Resetting battery stats: level=100 status=4 dischargeLevel=100 lowAmount=0 highAmount=0
01-17 11:37:12.547  2044  2044 W ResourceType: idmap: overlaid 7 resources not marked overlayable
01-17 11:37:12.570  2047  2047 W ResourceType: CREATING STRING CACHE OF 40436 bytes
01-17 11:37:12.582  2047  2047 W ResourceType: idmap: overlaid 7 resources not marked overlayable
01-17 11:37:12.606  2048  2048 W ResourceType: CREATING STRING CACHE OF 40436 bytes
01-17 11:37:12.614  1981  1997 I BinderCallsStatsService: Resetting stats
01-17 11:37:12.618  2048  2048 W ResourceType: idmap: overlaid 7 resources not marked overlayable
01-17 11:37:12.640  2049  2049 W ResourceType: CREATING STRING CACHE OF 30972 bytes
01-17 11:37:12.671  2049  2049 W ResourceType: idmap: overlaid 2 resources not marked overlayable
01-17 11:37:12.679  1981  1981 I UsageStatsDatabase: Upgrading from version 0 to 3
01-17 11:37:12.679  1981  1981 I UsageStatsDatabase: Deleting all usage stats files
01-17 11:37:12.691  1981  1981 I UsageStatsService: User[0] Rollover scheduled @ 2023-01-18 10:37:12(1674038232667)
01-17 11:37:12.691  1981  1981 W SystemServiceManager: Service com.android.server.usage.UsageStatsService took 110 ms in onStart
01-17 11:37:12.691  1981  1981 D SystemServerTiming: StartUsageService took to complete: 195ms
01-17 11:37:12.691  1981  1981 I SystemServer: StartWebViewUpdateService
01-17 11:37:12.691  1981  1981 I SystemServiceManager: Starting com.android.server.webkit.WebViewUpdateService
01-17 11:37:12.695  2050  2050 W ResourceType: CREATING STRING CACHE OF 40436 bytes
01-17 11:37:12.710  2050  2050 W ResourceType: idmap: overlaid 6 resources not marked overlayable
01-17 11:37:12.715  1981  2038 D SystemServerInitThreadPool: Finished executing Init OverlayManagerService
01-17 11:37:12.736  1981  1981 D SystemServerTiming: StartWebViewUpdateService took to complete: 45ms
01-17 11:37:12.736  1981  1981 I SystemServer: StartBinderCallsStatsService
01-17 11:37:12.736  1981  1981 D SystemServerTiming: StartBinderCallsStatsService took to complete: 0ms
01-17 11:37:12.736  1981  1981 I SystemServer: StartKeyAttestationApplicationIdProviderService
01-17 11:37:12.737  1981  1995 D SystemServerInitThreadPool: Started executing SecondaryZygotePreload
01-17 11:37:12.737  1981  1995 I SystemServer: SecondaryZygotePreload
01-17 11:37:12.748  1981  1995 I Zygote  : Process: zygote socket RESERVED/zygote opened, supported ABIS: x86,armeabi-v7a,armeabi
01-17 11:37:12.750  1981  1981 D SystemServerTiming: StartKeyAttestationApplicationIdProviderService took to complete: 13ms
01-17 11:37:12.751  1981  1981 I SystemServer: StartKeyChainSystemService
01-17 11:37:12.751  1981  1981 I SystemServiceManager: Starting com.android.server.security.KeyChainSystemService
01-17 11:37:12.752  1981  1981 D SystemServerTiming: StartKeyChainSystemService took to complete: 1ms
01-17 11:37:12.752  1981  1981 I SystemServer: StartSchedulingPolicyService
01-17 11:37:12.753  1981  2039 D SystemServerInitThreadPool: Started executing SchedulingPolicyService.<init>
01-17 11:37:12.754  1981  2039 I SchedulingPolicyService: Moving 1783 back to group default
01-17 11:37:12.754  1981  2039 D SystemServerInitThreadPool: Finished executing SchedulingPolicyService.<init>
01-17 11:37:12.754  1981  1981 D SystemServerTiming: StartSchedulingPolicyService took to complete: 2ms
01-17 11:37:12.754  1981  1981 I SystemServer: StartTelecomLoaderService
01-17 11:37:12.755  1981  1981 I SystemServiceManager: Starting com.android.server.telecom.TelecomLoaderService
01-17 11:37:12.764  1981  1981 D SystemServerTiming: StartTelecomLoaderService took to complete: 10ms
01-17 11:37:12.764  1981  1981 I SystemServer: StartTelephonyRegistry
01-17 11:37:12.766  1981  1981 D SystemServerTiming: StartTelephonyRegistry took to complete: 2ms
01-17 11:37:12.766  1981  1981 I SystemServer: StartEntropyMixer
01-17 11:37:12.766  1981  1981 W EntropyMixer: No existing entropy file -- first boot?
01-17 11:37:12.769  1981  1995 E SystemServer: Unable to preload default resources
01-17 11:37:12.769  1981  1995 D SystemServerTimingAsync: SecondaryZygotePreload took to complete: 32ms
01-17 11:37:12.769  1981  1995 D SystemServerInitThreadPool: Finished executing SecondaryZygotePreload
01-17 11:37:12.777  1768  1768 W installd: Requested default storage /data/user_de/0/com.android.providers.blockednumber is not active; migrating from /data/data/com.android.providers.blockednumber
01-17 11:37:12.779  1981  1981 I EntropyMixer: Added HW RNG output to entropy pool
01-17 11:37:12.779  1981  1981 I EntropyMixer: Writing entropy...
01-17 11:37:12.789  1981  1981 D SystemServerTiming: StartEntropyMixer took to complete: 23ms
01-17 11:37:12.789  1981  1981 I SystemServer: StartAccountManagerService
01-17 11:37:12.789  1981  1981 I SystemServiceManager: Starting com.android.server.accounts.AccountManagerService$Lifecycle
01-17 11:37:12.790  1768  2029 W installd: Requested default storage /data/user_de/0/com.android.emergency is not active; migrating from /data/data/com.android.emergency
01-17 11:37:12.792  1981  1981 D SystemServerTiming: StartAccountManagerService took to complete: 3ms
01-17 11:37:12.792  1981  1981 I SystemServer: StartContentService
01-17 11:37:12.792  1981  1981 I SystemServiceManager: Starting com.android.server.content.ContentService$Lifecycle
01-17 11:37:12.799  1768  1768 W installd: Requested default storage /data/user_de/0/com.android.bluetooth is not active; migrating from /data/data/com.android.bluetooth
01-17 11:37:12.810  1981  2030 D SystemServerTimingAsync: AppDataPrepare took to complete: 619ms
01-17 11:37:12.810  1981  2030 I PackageManager: Deferred reconcileAppsData finished 90 packages
01-17 11:37:12.810  1981  2030 D SystemServerInitThreadPool: Finished executing prepareAppData
01-17 11:37:12.841  1981  1981 D SystemServerTiming: StartContentService took to complete: 49ms
01-17 11:37:12.841  1981  1981 I SystemServer: InstallSystemProviders
01-17 11:37:12.884  1981  1981 I system_server: The ClassLoaderContext is a special shared library.
01-17 11:37:13.008  1981  1981 I SettingsState: No settings state /data/system/users/0/settings_system.xml
01-17 11:37:13.013  1981  1981 I SettingsState: No settings state /data/system/users/0/settings_secure.xml
01-17 11:37:13.014  1981  1981 D SettingsProvider: Generated and saved new ANDROID_ID [7e124b0189eaecb] for user 0
01-17 11:37:13.017  1981  1981 I SettingsState: No settings state /data/system/users/0/settings_global.xml
01-17 11:37:13.028  1981  1981 D SettingsProvider: Setting [com.google.android.gms/.autofill.service.AutofillService] as Autofill Service for user 0
01-17 11:37:13.038  1981  1981 I SettingsState: No settings state /data/system/users/0/settings_ssaid.xml
01-17 11:37:13.055  1981  1981 D SystemServerTiming: InstallSystemProviders took to complete: 214ms
01-17 11:37:13.055  1981  1981 I SystemServer: StartDropBoxManager
01-17 11:37:13.055  1981  1981 I SystemServiceManager: Starting com.android.server.DropBoxManagerService
01-17 11:37:13.056  1981  1981 D SystemServerTiming: StartDropBoxManager took to complete: 1ms
01-17 11:37:13.056  1981  1981 I SystemServer: StartVibratorService
01-17 11:37:13.075  1574  1574 W hwservicemanager: getTransport: Cannot find entry android.hardware.vibrator@1.0::IVibrator/default in either framework or device manifest.
01-17 11:37:13.076  1574  1574 W hwservicemanager: getTransport: Cannot find entry android.hardware.vibrator@1.0::IVibrator/default in either framework or device manifest.
01-17 11:37:13.077  1981  1981 E VibratorService: vibratorOff command failed (1).
01-17 11:37:13.077  1574  1574 W hwservicemanager: getTransport: Cannot find entry android.hardware.vibrator@1.0::IVibrator/default in either framework or device manifest.
01-17 11:37:13.081  1981  1981 D SystemServerTiming: StartVibratorService took to complete: 25ms
01-17 11:37:13.081  1981  1981 I SystemServer: StartConsumerIrService
01-17 11:37:13.082  1574  1574 W hwservicemanager: getTransport: Cannot find entry android.hardware.ir@1.0::IConsumerIr/default in either framework or device manifest.
01-17 11:37:13.083  1981  1981 D SystemServerTiming: StartConsumerIrService took to complete: 2ms
01-17 11:37:13.083  1981  1981 I SystemServer: StartAlarmManagerService
01-17 11:37:13.083  1981  1981 I SystemServiceManager: Starting com.android.server.AlarmManagerService
01-17 11:37:13.083  1981  1981 W AlarmManagerService: no wall clock RTC found
01-17 11:37:13.084  1981  1981 D AlarmManagerService: Kernel timezone updated to 0 minutes west of GMT
01-17 11:37:13.086  1981  1981 D SystemServerTiming: StartAlarmManagerService took to complete: 3ms
01-17 11:37:13.086  1981  1981 I SystemServer: InitWatchdog
01-17 11:37:13.086  1981  1981 D SystemServerTiming: InitWatchdog took to complete: 0ms
01-17 11:37:13.086  1981  1981 I SystemServer: StartInputManagerService
01-17 11:37:13.098  1981  1981 I InputManager: Initializing input manager, mUseDevInputEventForAudioJack=true
01-17 11:37:13.109  1981  1981 D SystemServerTiming: StartInputManagerService took to complete: 23ms
01-17 11:37:13.110  1981  1981 I SystemServer: StartWindowManagerService
01-17 11:37:13.228  1981  2005 I WindowManager: No existing display settings /data/system/display_settings.xml; starting empty
01-17 11:37:13.285  1981  1981 D SystemServerTiming: StartWindowManagerService took to complete: 175ms
01-17 11:37:13.286  1981  1981 I SystemServer: SetWindowManagerService
01-17 11:37:13.461  1981  1981 D SystemServerTiming: SetWindowManagerService took to complete: 175ms
01-17 11:37:13.461  1981  2003 W Looper  : Slow dispatch took 170ms android.fg h=com.android.server.DropBoxManagerService$3 c=null m=1
01-17 11:37:13.461  1981  1981 I SystemServer: WindowManagerServiceOnInitReady
01-17 11:37:13.495  1981  1998 W ShortcutManager: Unable to add bookmark: com.google.android.talk/com.google.android.talk.SigningInActivity
01-17 11:37:13.495  1981  1998 W ShortcutManager: android.content.pm.PackageManager$NameNotFoundException: ComponentInfo{com.google.android.talk/com.google.android.talk.SigningInActivity}
01-17 11:37:13.495  1981  1998 W ShortcutManager: 	at android.app.ApplicationPackageManager.getActivityInfo(ApplicationPackageManager.java:435)
01-17 11:37:13.495  1981  1998 W ShortcutManager: 	at com.android.server.policy.ShortcutManager.loadShortcuts(ShortcutManager.java:142)
01-17 11:37:13.495  1981  1998 W ShortcutManager: 	at com.android.server.policy.ShortcutManager.<init>(ShortcutManager.java:62)
01-17 11:37:13.495  1981  1998 W ShortcutManager: 	at com.android.server.policy.PhoneWindowManager.init(PhoneWindowManager.java:2055)
01-17 11:37:13.495  1981  1998 W ShortcutManager: 	at com.android.server.wm.WindowManagerService$4.run(WindowManagerService.java:914)
01-17 11:37:13.495  1981  1998 W ShortcutManager: 	at android.os.Handler$BlockingRunnable.run(Handler.java:893)
01-17 11:37:13.495  1981  1998 W ShortcutManager: 	at android.os.Handler.handleCallback(Handler.java:873)
01-17 11:37:13.495  1981  1998 W ShortcutManager: 	at android.os.Handler.dispatchMessage(Handler.java:99)
01-17 11:37:13.495  1981  1998 W ShortcutManager: 	at android.os.Looper.loop(Looper.java:193)
01-17 11:37:13.495  1981  1998 W ShortcutManager: 	at android.os.HandlerThread.run(HandlerThread.java:65)
01-17 11:37:13.495  1981  1998 W ShortcutManager: 	at com.android.server.ServiceThread.run(ServiceThread.java:44)
01-17 11:37:13.495  1981  1998 W ShortcutManager: 	at com.android.server.UiThread.run(UiThread.java:43)
01-17 11:37:13.507  1981  1981 D SystemServerTiming: WindowManagerServiceOnInitReady took to complete: 46ms
01-17 11:37:13.508  1981  2038 D SystemServerInitThreadPool: Started executing StartHidlServices
01-17 11:37:13.508  1981  1981 I SystemServer: StartVrManagerService
01-17 11:37:13.508  1981  1981 I SystemServiceManager: Starting com.android.server.vr.VrManagerService
01-17 11:37:13.511  1981  2038 D SystemServerTimingAsync: StartHidlServices took to complete: 3ms
01-17 11:37:13.511  1981  2038 D SystemServerInitThreadPool: Finished executing StartHidlServices
01-17 11:37:13.523  1574  1574 W hwservicemanager: getTransport: Cannot find entry android.hardware.vr@1.0::IVr/default in either framework or device manifest.
01-17 11:37:13.524  1981  1981 W VrManagerService: init_native: Could not open IVr interface
01-17 11:37:13.524  1981  1981 D SystemServerTiming: StartVrManagerService took to complete: 16ms
01-17 11:37:13.525  1981  1981 I SystemServer: StartInputManager
01-17 11:37:13.525  1981  1981 I InputManager: Starting input manager
01-17 11:37:13.527  1981  1981 D SystemServerTiming: StartInputManager took to complete: 2ms
01-17 11:37:13.527  1981  2057 E EventHub: could not get driver version for /dev/input/mice, Not a typewriter
01-17 11:37:13.527  1981  1981 I SystemServer: DisplayManagerWindowManagerAndInputReady
01-17 11:37:13.527  1981  1981 D SystemServerTiming: DisplayManagerWindowManagerAndInputReady took to complete: 0ms
01-17 11:37:13.527  1981  1981 I SystemServer: No Bluetooth Service (emulator)
01-17 11:37:13.527  1981  1981 I SystemServer: IpConnectivityMetrics
01-17 11:37:13.527  1981  1981 I SystemServiceManager: Starting com.android.server.connectivity.IpConnectivityMetrics
01-17 11:37:13.562  1981  1981 D SystemServerTiming: IpConnectivityMetrics took to complete: 35ms
01-17 11:37:13.562  1981  1981 I SystemServer: NetworkWatchlistService
01-17 11:37:13.562  1981  1981 I SystemServiceManager: Starting com.android.server.net.watchlist.NetworkWatchlistService$Lifecycle
01-17 11:37:13.641  1981  2058 I WatchlistLoggingHandler: Start aggregating watchlist records.
01-17 11:37:13.643  1981  1981 W SystemServiceManager: Service com.android.server.net.watchlist.NetworkWatchlistService$Lifecycle took 80 ms in onStart
01-17 11:37:13.644  1981  1981 D SystemServerTiming: NetworkWatchlistService took to complete: 82ms
01-17 11:37:13.645  1981  1981 I SystemServer: PinnerService
01-17 11:37:13.645  1981  1981 I SystemServiceManager: Starting com.android.server.PinnerService
01-17 11:37:13.646  1981  1981 D SystemServerTiming: PinnerService took to complete: 1ms
01-17 11:37:13.646  1981  1981 I SystemServer: StartInputMethodManagerLifecycle
01-17 11:37:13.646  1981  1981 I SystemServiceManager: Starting com.android.server.InputMethodManagerService$Lifecycle
01-17 11:37:13.648  1981  2057 W EventHub: Unable to disable kernel key repeat for /dev/input/event1: Function not implemented
01-17 11:37:13.648  1981  2057 I EventHub: wakeMechanism=EPOLLWAKEUP, usingClockIoctl=true
01-17 11:37:13.648  1981  2057 I EventHub: New device: id=1, fd=108, path='/dev/input/event1', name='qwerty2', classes=0x97, configuration='/system/usr/idc/qwerty2.idc', keyLayout='/system/usr/keylayout/qwerty.kl', keyCharacterMap='/system/usr/keychars/qwerty2.kcm', builtinKeyboard=true, 
01-17 11:37:13.648  1981  2057 D EventHub: No input device configuration file found for device 'Power Button'.
01-17 11:37:13.654  1981  2057 W EventHub: Unable to disable kernel key repeat for /dev/input/event0: Function not implemented
01-17 11:37:13.654  1981  2057 I EventHub: wakeMechanism=EPOLLWAKEUP, usingClockIoctl=true
01-17 11:37:13.654  1981  2057 I EventHub: New device: id=2, fd=113, path='/dev/input/event0', name='Power Button', classes=0x1, configuration='', keyLayout='/system/usr/keylayout/Generic.kl', keyCharacterMap='/system/usr/keychars/Generic.kcm', builtinKeyboard=false, 
01-17 11:37:13.668  1981  1981 D SystemServerTiming: StartInputMethodManagerLifecycle took to complete: 22ms
01-17 11:37:13.668  1981  1981 I SystemServer: StartAccessibilityManagerService
01-17 11:37:13.668  1981  2057 I InputReader: Device added: id=-1, name='Virtual', sources=0x00000301
01-17 11:37:13.668  1981  2057 I InputReader: Device added: id=2, name='Power Button', sources=0x00000101
01-17 11:37:13.691  1981  2057 I InputReader:   Touch device 'qwerty2' could not query the properties of its associated display.  The device will be inoperable until the display size becomes available.
01-17 11:37:13.691  1981  2057 I InputReader: Device added: id=0, name='qwerty2', sources=0x80005103
01-17 11:37:13.699  1981  1981 D SystemServerTiming: StartAccessibilityManagerService took to complete: 31ms
01-17 11:37:13.699  1981  1981 I SystemServer: MakeDisplayReady
01-17 11:37:13.700  1981  1981 I ActivityManager: Config changes=20005df8 {1.0 ?mcc?mnc [en_US] ldltr sw411dp w411dp h822dp 560dpi nrml long port ?uimode ?night -touch qwerty/v/v -nav/h winConfig={ mBounds=Rect(0, 0 - 0, 0) mAppBounds=Rect(0, 0 - 1440, 2880) mWindowingMode=fullscreen mActivityType=undefined} s.2}
01-17 11:37:13.703  1981  1981 I ActivityManager: Override config changes=60007dfc {1.0 ?mcc?mnc [en_US] ldltr sw411dp w411dp h822dp 560dpi nrml long port ?uimode ?night -touch qwerty/v/v -nav/h winConfig={ mBounds=Rect(0, 0 - 1440, 2880) mAppBounds=Rect(0, 0 - 1440, 2880) mWindowingMode=fullscreen mActivityType=undefined} s.2} for displayId=0
01-17 11:37:13.704  1981  1981 W LocalDisplayAdapter: Unable to find color mode 0, ignoring request.
01-17 11:37:13.705  1981  1981 I ActivityManager: Config changes=20000408 {1.0 ?mcc?mnc [en_US] ldltr sw411dp w411dp h750dp 560dpi nrml long port ?uimode ?night finger qwerty/v/v -nav/h winConfig={ mBounds=Rect(0, 0 - 0, 0) mAppBounds=Rect(0, 0 - 1440, 2712) mWindowingMode=fullscreen mActivityType=undefined} s.3}
01-17 11:37:13.707  1981  1981 I ActivityManager: Override config changes=20000408 {1.0 ?mcc?mnc [en_US] ldltr sw411dp w411dp h750dp 560dpi nrml long port ?uimode ?night finger qwerty/v/v -nav/h winConfig={ mBounds=Rect(0, 0 - 1440, 2880) mAppBounds=Rect(0, 0 - 1440, 2712) mWindowingMode=fullscreen mActivityType=undefined} s.3} for displayId=0
01-17 11:37:13.708  1981  1981 W LocalDisplayAdapter: Unable to find color mode 0, ignoring request.
01-17 11:37:13.708  1981  1981 D SystemServerTiming: MakeDisplayReady took to complete: 9ms
01-17 11:37:13.708  1981  1981 I SystemServer: StartStorageManagerService
01-17 11:37:13.708  1981  1981 I SystemServiceManager: Starting com.android.server.StorageManagerService$Lifecycle
01-17 11:37:13.714  1981  2059 D StorageManagerService: Thinking about init, mSystemReady=false, mDaemonConnected=true
01-17 11:37:13.714  1981  1981 D SystemServerTiming: StartStorageManagerService took to complete: 6ms
01-17 11:37:13.714  1981  1981 I SystemServer: StartStorageStatsService
01-17 11:37:13.714  1981  1981 I SystemServiceManager: Starting com.android.server.usage.StorageStatsService$Lifecycle
01-17 11:37:13.714  1981  2059 D StorageManagerService: Thinking about reset, mSystemReady=false, mDaemonConnected=true
01-17 11:37:13.715  1768  2029 D installd: Found quota mount /dev/block/dm-0 at /data
01-17 11:37:13.716  1981  1981 D SystemServerTiming: StartStorageStatsService took to complete: 2ms
01-17 11:37:13.716  1981  1981 I SystemServer: StartUiModeManager
01-17 11:37:13.716  1981  1981 I SystemServiceManager: Starting com.android.server.UiModeManagerService
01-17 11:37:13.716  1981  2039 D SystemServerInitThreadPool: Started executing UiModeManager.onStart
01-17 11:37:13.716  1981  1981 D SystemServerTiming: StartUiModeManager took to complete: 0ms
01-17 11:37:13.716  1981  2039 I ActivityManager: Config changes=200 {1.0 ?mcc?mnc [en_US] ldltr sw411dp w411dp h750dp 560dpi nrml long port finger qwerty/v/v -nav/h winConfig={ mBounds=Rect(0, 0 - 0, 0) mAppBounds=Rect(0, 0 - 1440, 2712) mWindowingMode=fullscreen mActivityType=undefined} s.4}
01-17 11:37:13.717  1981  1981 I SystemServer: UpdatePackagesIfNeeded
01-17 11:37:13.719  1981  2039 I ActivityManager: Override config changes=200 {1.0 ?mcc?mnc [en_US] ldltr sw411dp w411dp h750dp 560dpi nrml long port finger qwerty/v/v -nav/h winConfig={ mBounds=Rect(0, 0 - 1440, 2880) mAppBounds=Rect(0, 0 - 1440, 2712) mWindowingMode=fullscreen mActivityType=undefined} s.4} for displayId=0
01-17 11:37:13.719  1981  2039 D SystemServerInitThreadPool: Finished executing UiModeManager.onStart
01-17 11:37:13.715  1768  2029 D installd: Found quota mount /dev/block/dm-0 at /data
01-17 11:37:13.816  1981  2057 I InputReader: Reconfiguring input devices.  changes=0x00000004
01-17 11:37:13.816  1981  2057 I InputReader: Device reconfigured: id=0, name='qwerty2', size 1440x2880, orientation 0, mode 1, display id 0
01-17 11:37:13.816  1981  2057 I InputReader: Reconfiguring input devices.  changes=0x00000004
01-17 11:37:13.850  1981  1981 I system_server: The ClassLoaderContext is a special shared library.
01-17 11:37:13.985  1981  1981 I system_server: The ClassLoaderContext is a special shared library.
01-17 11:37:14.103  1981  1981 W system_server: ClassLoaderContext classpath size mismatch for position 0. expected=2, found=1 (PCL[/system/framework/org.apache.http.legacy.boot.jar*796383208:/system/framework/com.google.android.dialer.support.jar*2506097163] | PCL[/system/framework/com.google.android.dialer.support.jar*2506097163])
01-17 11:37:14.105  1981  1981 I PackageManager.DexOptimizer: Running dexopt (dexoptNeeded=1) on: /system/priv-app/GoogleDialer/GoogleDialer.apk pkg=com.google.android.dialer isa=x86 dexoptFlags=public,enable_hidden_api_checks targetFilter=quicken oatDir=null classLoaderContext=PCL[/system/framework/com.google.android.dialer.support.jar]
01-17 11:37:14.260  2060  2060 W dex2oat : Unexpected CPU variant for X86 using defaults: x86
01-17 11:37:14.260  2060  2060 W dex2oat : Mismatch between dex2oat instruction set features (ISA: X86 Feature string: -ssse3,-sse4.1,-sse4.2,-avx,-avx2,-popcnt) and those of dex2oat executable (ISA: X86 Feature string: ssse3,-sse4.1,-sse4.2,-avx,-avx2,-popcnt) for the command line:
01-17 11:37:14.260  2060  2060 W dex2oat : /system/bin/dex2oat --zip-fd=8 --zip-location=GoogleDialer.apk --input-vdex-fd=-1 --output-vdex-fd=10 --oat-fd=9 --oat-location=/data/dalvik-cache/x86/system@priv-app@GoogleDialer@GoogleDialer.apk@classes.dex --instruction-set=x86 --instruction-set-variant=x86 --instruction-set-features=default --runtime-arg -Xms64m --runtime-arg -Xmx512m --compiler-filter=quicken --swap-fd=11 --classpath-dir=/system/priv-app/GoogleDialer --class-loader-context=PCL[/system/framework/com.google.android.dialer.support.jar] --generate-mini-debug-info --compact-dex-level=none --runtime-arg -Xtarget-sdk-version:28 --runtime-arg -Xhidden-api-checks --compilation-reason=first-boot
01-17 11:37:14.261  2060  2060 I dex2oat : /system/bin/dex2oat --input-vdex-fd=-1 --output-vdex-fd=10 --compiler-filter=quicken --classpath-dir=/system/priv-app/GoogleDialer --class-loader-context=PCL[/system/framework/com.google.android.dialer.support.jar] --generate-mini-debug-info --compact-dex-level=none --compilation-reason=first-boot
01-17 11:37:15.619  2060  2060 I dex2oat : dex2oat took 1.410s (2.289s cpu) (threads: 4) arena alloc=116KB (119296B) java alloc=5MB (5257480B) native alloc=7MB (7624744B) free=2MB (2861016B)
01-17 11:37:15.717  1981  1981 I system_server: The ClassLoaderContext is a special shared library.
01-17 11:37:17.266  1981  1981 I system_server: The ClassLoaderContext is a special shared library.
01-17 11:37:17.267  1981  1981 I PackageManager.DexOptimizer: Running dexopt (dexoptNeeded=1) on: /system/app/EasterEgg/EasterEgg.apk pkg=com.android.egg isa=x86 dexoptFlags=public targetFilter=quicken oatDir=null classLoaderContext=PCL[]
01-17 11:37:17.283  2067  2067 W dex2oat : Unexpected CPU variant for X86 using defaults: x86
01-17 11:37:17.283  2067  2067 W dex2oat : Mismatch between dex2oat instruction set features (ISA: X86 Feature string: -ssse3,-sse4.1,-sse4.2,-avx,-avx2,-popcnt) and those of dex2oat executable (ISA: X86 Feature string: ssse3,-sse4.1,-sse4.2,-avx,-avx2,-popcnt) for the command line:
01-17 11:37:17.283  2067  2067 W dex2oat : /system/bin/dex2oat --zip-fd=8 --zip-location=EasterEgg.apk --input-vdex-fd=-1 --output-vdex-fd=10 --oat-fd=9 --oat-location=/data/dalvik-cache/x86/system@app@EasterEgg@EasterEgg.apk@classes.dex --instruction-set=x86 --instruction-set-variant=x86 --instruction-set-features=default --runtime-arg -Xms64m --runtime-arg -Xmx512m --compiler-filter=quicken --swap-fd=11 --classpath-dir=/system/app/EasterEgg --class-loader-context=PCL[] --generate-mini-debug-info --compact-dex-level=none --runtime-arg -Xtarget-sdk-version:28 --compilation-reason=first-boot
01-17 11:37:17.283  2067  2067 I dex2oat : /system/bin/dex2oat --input-vdex-fd=-1 --output-vdex-fd=10 --compiler-filter=quicken --classpath-dir=/system/app/EasterEgg --class-loader-context=PCL[] --generate-mini-debug-info --compact-dex-level=none --compilation-reason=first-boot
01-17 11:37:17.377  1981  2001 E KernelUidCpuFreqTimeReader: Failed to read /proc/uid_time_in_state: java.io.FileNotFoundException: /proc/uid_time_in_state (No such file or directory)
01-17 11:37:17.432  2067  2067 I dex2oat : dex2oat took 150.169ms (210.594ms cpu) (threads: 4) arena alloc=3KB (4088B) java alloc=357KB (366408B) native alloc=1667KB (1708016B) free=1916KB (1962000B)
01-17 11:37:17.468  1981  1981 I system_server: The ClassLoaderContext is a special shared library.
01-17 11:37:20.693  1981  1981 D SystemServerTiming: UpdatePackagesIfNeeded took to complete: 6976ms
01-17 11:37:20.694  1981  1981 I SystemServer: PerformFstrimIfNeeded
01-17 11:37:20.695  1981  1981 W PackageManager: No disk maintenance in 1673951840695; running immediately
01-17 11:37:20.696  1981  2059 I StorageManagerService: Running fstrim idle maintenance
01-17 11:37:20.696  1981  1981 D SystemServerTiming: PerformFstrimIfNeeded took to complete: 2ms
01-17 11:37:20.696  1981  1981 I SystemServer: StartLockSettingsService
01-17 11:37:20.696  1981  1981 I SystemServiceManager: Starting com.android.server.locksettings.LockSettingsService$Lifecycle
01-17 11:37:20.703  1582  2074 D vold    : Starting trim of /data
01-17 11:37:20.730  1582  2074 W vold    : Trim failed on /data: Operation not supported on transport endpoint
01-17 11:37:20.812  1981  1981 W SystemServiceManager: Service com.android.server.locksettings.LockSettingsService$Lifecycle took 116 ms in onStart
01-17 11:37:20.813  1981  1981 D SystemServerTiming: StartLockSettingsService took to complete: 117ms
01-17 11:37:20.629  1981  1981 I chatty  : uid=1000 system_server identical 58 lines
01-17 11:37:20.690  1981  1981 I system_server: The ClassLoaderContext is a special shared library.
01-17 11:37:20.814  1574  1574 W hwservicemanager: getTransport: Cannot find entry android.hardware.oemlock@1.0::IOemLock/default in either framework or device manifest.
01-17 11:37:20.815  1981  1981 I OemLock : OemLock HAL not present on device
01-17 11:37:20.815  1981  1981 I SystemServer: StartDeviceIdleController
01-17 11:37:20.815  1981  1981 I SystemServiceManager: Starting com.android.server.DeviceIdleController
01-17 11:37:20.817  1981  1981 D SystemServerTiming: StartDeviceIdleController took to complete: 2ms
01-17 11:37:20.817  1981  1981 I SystemServer: StartDevicePolicyManager
01-17 11:37:20.817  1981  1981 I SystemServiceManager: Starting com.android.server.devicepolicy.DevicePolicyManagerService$Lifecycle
01-17 11:37:20.906  1981  1981 D SystemServerTiming: StartDevicePolicyManager took to complete: 89ms
01-17 11:37:20.907  1981  1981 I SystemServer: StartStatusBarManagerService
01-17 11:37:20.907  1981  1981 D SystemServerTiming: StartStatusBarManagerService took to complete: 0ms
01-17 11:37:20.907  1981  1981 I SystemServer: StartClipboardService
01-17 11:37:20.907  1981  1981 I SystemServiceManager: Starting com.android.server.clipboard.ClipboardService
01-17 11:37:20.909  1981  1981 D SystemServerTiming: StartClipboardService took to complete: 2ms
01-17 11:37:20.909  1981  1981 I SystemServer: StartNetworkManagementService
01-17 11:37:20.912  1981  2076 I NetworkManagement: onDaemonConnected()
01-17 11:37:20.914  1981  1981 D SystemServerTiming: StartNetworkManagementService took to complete: 5ms
01-17 11:37:20.914  1981  1981 I SystemServer: StartIpSecService
01-17 11:37:20.915  1981  1981 D SystemServerTiming: StartIpSecService took to complete: 1ms
01-17 11:37:20.915  1981  1981 I SystemServer: StartTextServicesManager
01-17 11:37:20.915  1981  1981 I SystemServiceManager: Starting com.android.server.TextServicesManagerService$Lifecycle
01-17 11:37:20.918  1981  1981 D SystemServerTiming: StartTextServicesManager took to complete: 3ms
01-17 11:37:20.918  1981  1981 I SystemServer: StartTextClassificationManagerService
01-17 11:37:20.918  1981  1981 I SystemServiceManager: Starting com.android.server.textclassifier.TextClassificationManagerService$Lifecycle
01-17 11:37:20.919  1981  1981 D SystemServerTiming: StartTextClassificationManagerService took to complete: 1ms
01-17 11:37:20.919  1981  1981 I SystemServer: StartNetworkScoreService
01-17 11:37:20.919  1981  1981 I SystemServiceManager: Starting com.android.server.NetworkScoreService$Lifecycle
01-17 11:37:20.921  1981  1981 I NetworkScoreService: Registering network_score
01-17 11:37:20.921  1981  1981 D SystemServerTiming: StartNetworkScoreService took to complete: 2ms
01-17 11:37:20.921  1981  1981 I SystemServer: StartNetworkStatsService
01-17 11:37:20.923  1981  1981 D SystemServerTiming: StartNetworkStatsService took to complete: 2ms
01-17 11:37:20.923  1981  1981 I SystemServer: StartNetworkPolicyManagerService
01-17 11:37:20.954  1981  1981 D SystemServerTiming: StartNetworkPolicyManagerService took to complete: 31ms
01-17 11:37:20.954  1981  1981 I SystemServer: StartWifi
01-17 11:37:21.169  1981  1991 I system_server: Background concurrent copying GC freed 24890(1990KB) AllocSpace objects, 34(904KB) LOS objects, 42% free, 4MB/8MB, paused 50us total 218.871ms
01-17 11:37:21.184  1981  1981 W system_server: Verification of void com.android.server.wifi.WifiService.<init>(android.content.Context) took 139.391ms
01-17 11:37:21.200  1981  1981 I SystemServiceManager: Starting com.android.server.wifi.WifiService
01-17 11:37:21.435  1981  1981 W system_server: Verification of void com.android.server.wifi.WifiInjector.<init>(android.content.Context) took 220.631ms
01-17 11:37:21.807  1981  1981 D WifiApConfigStore: 2G band allowed channels are:1,6,11
01-17 11:37:21.808  1981  1981 E WifiApConfigStore: Error reading hotspot configuration java.io.FileNotFoundException: /data/misc/wifi/softap.conf (No such file or directory)
01-17 11:37:21.808  1981  1981 D WifiApConfigStore: Fallback to use default AP configuration
01-17 11:37:21.832  1981  1981 I WifiScoringParams: rssi2=-85:-85:-73:-60,rssi5=-82:-82:-70:-57,pps=0:1:100,horizon=15,nud=8,expid=0
01-17 11:37:21.859  1981  1981 D WifiStateMachine: EnableConnectedMacRandomization Setting changed to false
01-17 11:37:21.859  1981  1981 E WifiStateMachine: getWifiLinkLayerStats called without an interface
01-17 11:37:21.860  1981  1981 D WifiStateMachinePrime: Starting Wifi in WifiDisabledState
01-17 11:37:21.860  1981  2082 D WifiStateMachinePrime: Entering WifiDisabledState
01-17 11:37:21.860  1981  2082 D ActiveModeManager: sending scan available broadcast: false
01-17 11:37:21.861  1981  1981 D WifiOpenNetworkNotifier: Settings toggle enabled=true
01-17 11:37:21.861  1981  1981 D WifiCarrierNetworkNotifier: Settings toggle enabled=true
01-17 11:37:21.862  1981  1981 D WakeupController: WifiWake enabled
01-17 11:37:21.879  1981  1981 D WifiController: isAirplaneModeOn = false, isWifiEnabled = true, isScanningAvailable = false, isLocationModeActive = false
01-17 11:37:21.891  1981  1981 E SupplicantStaIfaceHal: Can't call setDebugParams, ISupplicant is null
01-17 11:37:21.892  1981  1981 W WifiDiags: no ring buffers found
01-17 11:37:21.892  1981  1981 W WifiDiags: Failed to start packet fate monitoring
01-17 11:37:21.892  1981  1981 I WifiService: Registering wifi
01-17 11:37:21.893  1981  1981 D SystemServerTiming: StartWifi took to complete: 939ms
01-17 11:37:21.893  1981  1981 I SystemServer: StartWifiScanning
01-17 11:37:21.894  1981  1981 I SystemServiceManager: Starting com.android.server.wifi.scanner.WifiScanningService
01-17 11:37:21.894  1981  1981 I WifiScanningService: Creating wifiscanner
01-17 11:37:21.896  1981  1981 I WifiScanningService: Publishing wifiscanner
01-17 11:37:21.896  1981  1981 D SystemServerTiming: StartWifiScanning took to complete: 3ms
01-17 11:37:21.896  1981  1981 I SystemServer: StartWifiP2P
01-17 11:37:21.896  1981  1981 I SystemServiceManager: Starting com.android.server.wifi.p2p.WifiP2pService
01-17 11:37:21.944  1981  1981 W HalDevMgr: isWifiStarted called but mWifi is null!?
01-17 11:37:21.945  1981  1981 I WifiP2pService: Registering wifip2p
01-17 11:37:21.946  1981  1981 D SystemServerTiming: StartWifiP2P took to complete: 50ms
01-17 11:37:21.946  1981  1981 I SystemServer: StartConnectivityService
01-17 11:37:21.948  1981  1981 D ConnectivityService: ConnectivityService starting up
01-17 11:37:21.950  1981  1981 D ConnectivityService: wifiOnly=false
01-17 11:37:21.997  1981  1981 D SystemServerTiming: StartConnectivityService took to complete: 51ms
01-17 11:37:21.997  1981  1981 I SystemServer: StartNsdService
01-17 11:37:21.998  1981  1981 D NsdService: Network service discovery is enabled
01-17 11:37:22.001  1981  1981 D SystemServerTiming: StartNsdService took to complete: 4ms
01-17 11:37:22.001  1981  1981 I SystemServer: StartSystemUpdateManagerService
01-17 11:37:22.002  1981  1981 I SystemUpdateManagerService: No existing info file /data/system/system-update-info.xml
01-17 11:37:22.002  1981  1981 D SystemServerTiming: StartSystemUpdateManagerService took to complete: 1ms
01-17 11:37:22.002  1981  1981 I SystemServer: StartUpdateLockService
01-17 11:37:22.003  1981  1981 D SystemServerTiming: StartUpdateLockService took to complete: 1ms
01-17 11:37:22.003  1981  1981 I SystemServer: StartNotificationManager
01-17 11:37:22.003  1981  1981 I SystemServiceManager: Starting com.android.server.notification.NotificationManagerService
01-17 11:37:22.080  1981  1981 D ConditionProviders.SCP: new ScheduleConditionProvider()
01-17 11:37:22.096  1981  1981 I ConditionProviders:  Allowing condition provider com.google.android.apps.restore/com.google.android.apps.pixelmigrate.component.NotificationConsolidatorService
