01-17 11:37:24.123  1981  1996 D AutofillManagerServiceImpl: Reset component for user 0 (com.google.android.gms/.autofill.service.AutofillService)
01-17 11:37:24.123  1981  1996 D FieldClassificationStrategy: reset(): service is not bound. Do nothing.
01-17 11:37:24.123  1981  1998 D AutofillUI: destroySaveUiUiThread(): already destroyed
01-17 11:37:24.188  1981  2039 D WebViewLibraryLoader: Setting new address space to 141300560
01-17 11:37:24.196  1981  2039 D SystemServerTimingAsync: WebViewFactoryPreparation took to complete: 313ms
01-17 11:37:24.196  1981  2039 D SystemServerInitThreadPool: Finished executing WebViewFactoryPreparation
01-17 11:37:24.197  1981  1981 I SystemServiceManager: Starting phase 600
01-17 11:37:24.206  2164  2164 W WebViewLoader-: Unexpected CPU variant for X86 using defaults: x86
01-17 11:37:24.211  1981  1999 I ActivityManager: Start proc 2164:WebViewLoader-x86/1037 [android.webkit.WebViewLibraryLoader$RelroFileCreator] for 
01-17 11:37:24.228  1981  2163 W ZygoteProcess: Got error connecting to zygote, retrying. msg= Connection refused
01-17 11:37:24.230  2177  2177 I WebViewZygoteInit: Starting WebViewZygoteInit
01-17 11:37:24.230  2177  2177 I WebViewZygoteInit: --zygote-socket=com.android.internal.os.WebViewZygoteInit/c6822aa4-9009-49c5-a853-cae03724464b
01-17 11:37:24.279  1981  1981 W SystemServiceManager: Service com.android.server.trust.TrustManagerService took 73 ms in onBootPhase
01-17 11:37:24.286  1981  1981 I StatsCompanionService: Told statsd that StatsCompanionService is alive.
01-17 11:37:24.286  1981  1981 D SystemServerTiming: PhaseThirdPartyAppsCanStart took to complete: 318ms
01-17 11:37:24.286  1981  1981 I SystemServer: MakeLocationServiceReady
01-17 11:37:24.288  1574  1574 W hwservicemanager: getTransport: Cannot find entry android.hardware.gnss@1.1::IGnss/default in either framework or device manifest.
01-17 11:37:24.288  1981  1981 D GnssLocationProvider: gnssHal 1.1 was null, trying 1.0
01-17 11:37:24.290  1981  1981 I GnssLocationProvider: WakeLock acquired by sendMessage(INITIALIZE_HANDLER, 0, null)
01-17 11:37:24.290  1981  1996 D GnssLocationProvider: Link to death notification successful
01-17 11:37:24.290  1637  1637 I GnssHAL_GnssInterface: getExtensionXtra: GnssXtra interface not implemented by HAL
01-17 11:37:24.291  1637  1637 I GnssHAL_GnssInterface: getExtensionAGnssRil: GnssRil interface not implemented by HAL
01-17 11:37:24.291  1637  1637 E GnssHAL_GnssInterface: getExtensionAGnss: AGnss interface not implemented by HAL
01-17 11:37:24.291  1637  1637 I GnssHAL_GnssInterface: getExtensionGnssNavigationMessage: GnssNavigationMessage interface not implemented by HAL
01-17 11:37:24.291  1637  1637 E GnssHAL_GnssInterface: getExtensionGnssMeasurement: GnssMeasurement interface not implemented by HAL
01-17 11:37:24.291  1637  1637 I GnssHAL_GnssInterface: getExtensionGnssDebug: GnssDebug interface not implemented by HAL
01-17 11:37:24.292  1637  1637 I GnssHAL_GnssInterface: getExtensionGnssNi: GnssNi interface not implemented by HAL
01-17 11:37:24.292  1981  1981 W LocationProviderProxy-network: Odd, no component found for service com.android.location.service.v3.NetworkLocationProvider
01-17 11:37:24.292  1637  1637 E GnssHAL_GnssInterface: getExtensionGnssConfiguration: GnssConfiguration interface not implemented by HAL
01-17 11:37:24.292  1637  1637 E GnssHAL_GnssInterface: getExtensionGnssGeofencing: GnssGeofencing interface not implemented by HAL
01-17 11:37:24.293  1637  1637 E GnssHAL_GnssInterface: gnss flp hw_get_module failed: -2
01-17 11:37:24.293  1637  1637 E GnssHAL_GnssInterface: getExtensionGnssBatching: GnssBatching interface is not implemented by HAL
01-17 11:37:24.293  1981  1981 W GeocoderProxy: Odd, no component found for service com.android.location.service.GeocodeProvider
01-17 11:37:24.293  1981  1981 W GeofenceProxy: Odd, no component found for service com.android.location.service.GeofenceProvider
01-17 11:37:24.293  1981  1996 D GnssLocationProvider: gnssSetCapabilitesCb: 0u
01-17 11:37:24.293  1981  1981 E ActivityRecognitionHardware: activity_recognition HAL is deprecated. is_supported is effectively a no-op
01-17 11:37:24.293  1981  1981 D LocationManagerService: Hardware Activity-Recognition not supported.
01-17 11:37:24.294  1981  1996 D GnssLocationProvider: gnssSetSystemInfoCb: yearOfHw=2015
01-17 11:37:24.294  1981  1996 E GnssLocationProvider: Unable to initialize GNSS Xtra interface
01-17 11:37:24.294  1981  1996 I GnssLocationProvider: Unable to Initialize AGnss interface
01-17 11:37:24.294  1981  1996 I GnssLocationProvider: Unable to initialize GNSS Geofencing interface
01-17 11:37:24.294  1981  1996 I GnssLocationProvider: Unable to initialize GNSS NI interface
01-17 11:37:24.294  1981  1996 I GnssLocationProvider: Unable to Initialize AGnss Ril interface
01-17 11:37:24.294  1981  1981 W ActivityRecognitionProxy: Odd, no component found for service com.android.location.service.ActivityRecognitionProvider
01-17 11:37:24.294  1981  1981 I GnssLocationProvider: WakeLock acquired by sendMessage(ENABLE, 1, null)
01-17 11:37:24.295  1981  2099 I GnssLocationProvider: WakeLock acquired by sendMessage(REPORT_SV_STATUS, 0, com.android.server.location.GnssLocationProvider$SvStatusInfo@5c0594f)
01-17 11:37:24.295  1981  1981 D SystemServerTiming: MakeLocationServiceReady took to complete: 9ms
01-17 11:37:24.295  1981  1981 I SystemServer: MakeCountryDetectionServiceReady
01-17 11:37:24.295  1981  1981 D SystemServerTiming: MakeCountryDetectionServiceReady took to complete: 0ms
01-17 11:37:24.295  1981  1981 I SystemServer: MakeNetworkTimeUpdateReady
01-17 11:37:24.295  1981  1996 E GnssLocationProvider: no AGPS interface in set_agps_server
01-17 11:37:24.296  1981  1981 D ConnectivityService: requestNetwork for uid/pid:1000/1981 NetworkRequest [ TRACK_DEFAULT id=6, [ Capabilities: INTERNET&NOT_RESTRICTED&TRUSTED Unwanted:  Uid: 1000] ]
01-17 11:37:24.296  1981  1981 D SystemServerTiming: MakeNetworkTimeUpdateReady took to complete: 1ms
01-17 11:37:24.296  1981  1981 I SystemServer: MakeCommonTimeManagementServiceReady
01-17 11:37:24.296  1981  1981 I CommonTimeManagementService: No common time service detected on this platform.  Common time services will be unavailable.
01-17 11:37:24.296  1981  1981 D SystemServerTiming: MakeCommonTimeManagementServiceReady took to complete: 0ms
01-17 11:37:24.296  1981  1981 I SystemServer: MakeInputManagerServiceReady
01-17 11:37:24.296  1981  1996 I GnssLocationProvider: WakeLock released by handleMessage(INITIALIZE_HANDLER, 0, null)
01-17 11:37:24.296  1981  1996 I GnssLocationProvider: restartRequests
01-17 11:37:24.296  1981  1981 D SystemServerTiming: MakeInputManagerServiceReady took to complete: 0ms
01-17 11:37:24.296  1981  1981 I SystemServer: MakeTelephonyRegistryReady
01-17 11:37:24.297  1637  1637 W GnssHAL_GnssInterface: setCallback called more than once. Unexpected unless test.
01-17 11:37:24.297  1981  1981 D SystemServerTiming: MakeTelephonyRegistryReady took to complete: 1ms
01-17 11:37:24.297  1981  1981 I SystemServer: MakeMediaRouterServiceReady
01-17 11:37:24.297  1981  1981 D SystemServerTiming: MakeMediaRouterServiceReady took to complete: 0ms
01-17 11:37:24.297  1981  1981 I SystemServer: MakeMmsServiceReady
01-17 11:37:24.297  1981  1981 I MmsServiceBroker: Delay connecting to MmsService until an API is called
01-17 11:37:24.297  1981  1981 D SystemServerTiming: MakeMmsServiceReady took to complete: 0ms
01-17 11:37:24.297  1981  1981 I SystemServer: IncidentDaemonReady
01-17 11:37:24.298  1981  1981 D SystemServerTiming: IncidentDaemonReady took to complete: 1ms
01-17 11:37:24.298  1981  1981 I SystemServiceManager: Calling onStartUser u0
01-17 11:37:24.298  1981  1996 D GnssLocationProvider: gnssSetSystemInfoCb: yearOfHw=2015
01-17 11:37:24.299  1981  1996 D GnssLocationProvider: gnssSetCapabilitesCb: 0u
01-17 11:37:24.299  1981  2057 I InputReader: Reconfiguring input devices.  changes=0x00000020
01-17 11:37:24.300  1981  1996 D GnssLocationProvider: gnssSetSystemInfoCb: yearOfHw=2015
01-17 11:37:24.300  1981  1996 E GnssLocationProvider: Unable to initialize GNSS Xtra interface
01-17 11:37:24.300  1981  1996 I GnssLocationProvider: Unable to Initialize AGnss interface
01-17 11:37:24.300  1981  1996 I GnssLocationProvider: Unable to initialize GNSS Geofencing interface
01-17 11:37:24.300  1981  1996 I GnssLocationProvider: Unable to initialize GNSS NI interface
01-17 11:37:24.300  1981  1996 I GnssLocationProvider: Unable to Initialize AGnss Ril interface
01-17 11:37:24.300  1981  1996 E GnssLocationProvider: no AGPS interface in set_agps_server
01-17 11:37:24.300  1981  1996 E GnssBatchingProvider: Failed to initialize GNSS batching
01-17 11:37:24.300  1981  1996 I GnssLocationProvider: WakeLock released by handleMessage(ENABLE, 1, null)
01-17 11:37:24.300  1981  1996 I GnssLocationProvider: WakeLock released by handleMessage(REPORT_SV_STATUS, 0, com.android.server.location.GnssLocationProvider$SvStatusInfo@5c0594f)
01-17 11:37:24.301  1981  1996 I GnssLocationProvider: No GNSS Satellite Blacklist interface available
01-17 11:37:24.301  1981  1996 I GnssLocationProvider: restartRequests
01-17 11:37:24.301  1981  2057 I InputReader: Reconfiguring input devices.  changes=0x00000010
01-17 11:37:24.366  1981  1981 I ActivityManager: START u0 {act=android.intent.action.MAIN cat=[android.intent.category.HOME] flg=0x10000100 cmp=com.android.settings/.CryptKeeper} from uid 0
01-17 11:37:24.371  1981  1981 I ActivityManager: Loaded persisted task ids for user 0
01-17 11:37:24.825  1771  1856 W MediaExtractorFactory: couldn't dlopen(/system/lib/extractors/.) Is a directory
01-17 11:37:24.947  1771  1856 E linker  : library "/system/lib/extractors/.." ("/system/lib") needed or dlopened by "/system/lib/libstagefright.so" is not accessible for the namespace: [name="(default)", ld_library_paths="", default_library_paths="/system/lib", permitted_paths="/system/lib/drm:/system/lib/extractors:/system/lib/hw:/system/product/lib:/system/framework:/system/app:/system/priv-app:/vendor/framework:/vendor/app:/vendor/priv-app:/odm/framework:/odm/app:/odm/priv-app:/oem/app:/system/product/framework:/system/product/app:/system/product/priv-app:/data:/mnt/expand"]
01-17 11:37:24.947  1771  1856 W MediaExtractorFactory: couldn't dlopen(/system/lib/extractors/..) Is a directory
01-17 11:37:25.025  1981  1981 W system_server: Framework Matrix: Ignore file /system/etc/vintf/manifest.xml: 
01-17 11:37:25.025  1981  1981 W system_server: 
01-17 11:37:25.142  1981  2099 I GnssLocationProvider: WakeLock acquired by sendMessage(REPORT_SV_STATUS, 0, com.android.server.location.GnssLocationProvider$SvStatusInfo@9bcbe1f)
01-17 11:37:25.143  1981  1996 I GnssLocationProvider: WakeLock released by handleMessage(REPORT_SV_STATUS, 0, com.android.server.location.GnssLocationProvider$SvStatusInfo@9bcbe1f)
01-17 11:37:25.198  1981  1981 D SystemServerTiming: ActivityManagerStartApps took to complete: 900ms
01-17 11:37:25.199  1981  1981 D SystemServerTiming: PhaseActivityManagerReady took to complete: 1503ms
01-17 11:37:25.200  1981  1998 W system_server: Long monitor contention with owner main (1981) at void com.android.server.am.ActivityManagerService.systemReady(java.lang.Runnable, android.util.TimingsTraceLog)(ActivityManagerService.java:15255) waiters=0 in void com.android.server.am.ActivityManagerService.dispatchUidsChanged() for 897ms
01-17 11:37:25.201  1981  1981 D SystemServerInitThreadPool: Shutdown successful
01-17 11:37:25.201  1981  1981 D SystemServerTiming: StartServices took to complete: 22880ms
01-17 11:37:25.203  1981  1998 W Looper  : Slow dispatch took 899ms android.ui h=com.android.server.am.ActivityManagerService$UiHandler c=null m=53
01-17 11:37:25.203  1981  1981 W Looper  : Slow delivery took 12707ms main h=android.os.Handler c=com.android.server.BatteryService$8@244956c m=0
01-17 11:37:25.203  1981  1999 W system_server: Long monitor contention with owner main (1981) at void com.android.server.am.ActivityManagerService.systemReady(java.lang.Runnable, android.util.TimingsTraceLog)(ActivityManagerService.java:15255) waiters=1 in void com.android.server.am.ActivityManagerService.lambda$startProcessLocked$0(com.android.server.am.ActivityManagerService, com.android.server.am.ProcessRecord, long, java.lang.String, java.lang.String, int[], int, int, java.lang.String, java.lang.String) for 899ms
01-17 11:37:25.204  1981  1997 W system_server: Long monitor contention with owner main (1981) at void com.android.server.am.ActivityManagerService.systemReady(java.lang.Runnable, android.util.TimingsTraceLog)(ActivityManagerService.java:15255) waiters=2 in void com.android.server.am.TaskChangeNotificationController.forAllRemoteListeners(com.android.server.am.TaskChangeNotificationController$TaskStackConsumer, android.os.Message) for 829ms
01-17 11:37:25.204  1981  1999 W ActivityManager: Slow operation: 902ms so far, now at startProcess: asking zygote to start proc
01-17 11:37:25.206  1981  1981 D ConditionProviders.SCP: onConnected
01-17 11:37:25.215  1981  2083 I WifiScanningService: wifi driver unloaded
01-17 11:37:25.216  1981  1981 D ZenLog  : set_zen_mode: off,cleanUpZenRules
01-17 11:37:25.216  1981  1981 D ConditionProviders: Subscribing to condition://android/event?userId=-10000&calendar=&reply=1 with ComponentInfo{android/com.android.server.notification.EventConditionProvider}
01-17 11:37:25.216  1981  1981 D ZenLog  : subscribe: condition://android/event?userId=-10000&calendar=&reply=1,ok
01-17 11:37:25.216  1981  1981 D ConditionProviders: Subscribing to condition://android/schedule?days=1.2.3.4.5.6.7&start=22.0&end=7.0&exitAtAlarm=true with ComponentInfo{android/com.android.server.notification.ScheduleConditionProvider}
01-17 11:37:25.216  1981  1981 D ZenLog  : subscribe: condition://android/schedule?days=1.2.3.4.5.6.7&start=22.0&end=7.0&exitAtAlarm=true,ok
01-17 11:37:25.216  1981  2083 I WifiScanningService: wifi driver unloaded
01-17 11:37:25.216  2193  2193 W m.android.phon: Unexpected CPU variant for X86 using defaults: x86
01-17 11:37:25.219  1981  1999 W ActivityManager: Slow operation: 917ms so far, now at startProcess: returned from zygote!
01-17 11:37:25.219  1981  1999 W ActivityManager: Slow operation: 917ms so far, now at startProcess: done updating battery stats
01-17 11:37:25.219  1981  1999 W ActivityManager: Slow operation: 917ms so far, now at startProcess: building log message
01-17 11:37:25.219  1981  1999 I ActivityManager: Start proc 2193:com.android.phone/1001 for added application com.android.phone
01-17 11:37:25.219  1981  1999 W ActivityManager: Slow operation: 917ms so far, now at startProcess: starting to update pids map
01-17 11:37:25.219  1981  1999 W ActivityManager: Slow operation: 917ms so far, now at startProcess: done updating pids map
01-17 11:37:25.219  1981  1999 W ActivityManager: Slow operation: 842ms so far, now at startProcess: asking zygote to start proc
01-17 11:37:25.230  2205  2205 W ngs:CryptKeepe: Unexpected CPU variant for X86 using defaults: x86
01-17 11:37:25.232  1981  1999 W ActivityManager: Slow operation: 855ms so far, now at startProcess: returned from zygote!
01-17 11:37:25.234  1981  1999 W ActivityManager: Slow operation: 857ms so far, now at startProcess: done updating battery stats
01-17 11:37:25.234  1981  1999 W ActivityManager: Slow operation: 857ms so far, now at startProcess: building log message
01-17 11:37:25.234  1981  1999 I ActivityManager: Start proc 2205:com.android.settings:CryptKeeper/1000 for activity com.android.settings/.CryptKeeper
01-17 11:37:25.234  1981  1999 W ActivityManager: Slow operation: 857ms so far, now at startProcess: starting to update pids map
01-17 11:37:25.234  1981  1999 W ActivityManager: Slow operation: 857ms so far, now at startProcess: done updating pids map
01-17 11:37:25.240  1981  2163 I Zygote  : Process: zygote socket ABSTRACT/com.android.internal.os.WebViewZygoteInit/c6822aa4-9009-49c5-a853-cae03724464b opened, supported ABIS: x86,armeabi-v7a,armeabi
01-17 11:37:25.240  1981  2163 D WebViewZygote: Preloading package /system/app/Chrome/Chrome.apk /system/app/Chrome/lib/x86:/system/app/Chrome/Chrome.apk!/lib/x86
01-17 11:37:25.243  2193  2193 I m.android.phon: The ClassLoaderContext is a special shared library.
01-17 11:37:25.244  2193  2193 I m.android.phon: The ClassLoaderContext is a special shared library.
01-17 11:37:25.251  1981  2163 I Zygote  : Process: zygote socket ABSTRACT/com.android.internal.os.WebViewZygoteInit/c6822aa4-9009-49c5-a853-cae03724464b opened, supported ABIS: x86,armeabi-v7a,armeabi
01-17 11:37:25.253  2205  2205 I ngs:CryptKeepe: The ClassLoaderContext is a special shared library.
01-17 11:37:25.255  2205  2205 I ngs:CryptKeepe: The ClassLoaderContext is a special shared library.
01-17 11:37:25.262  2177  2177 I WebViewZygoteInit: Beginning package preload
01-17 11:37:25.264  2177  2177 I webview_zygote: The ClassLoaderContext is a special shared library.
01-17 11:37:25.293  1981  1996 W LocationProviderProxy-network: Odd, no component found for service com.android.location.service.v3.NetworkLocationProvider
01-17 11:37:25.293  1981  1996 W GeocoderProxy: Odd, no component found for service com.android.location.service.GeocodeProvider
01-17 11:37:25.293  1981  1996 W GeofenceProxy: Odd, no component found for service com.android.location.service.GeofenceProvider
01-17 11:37:25.293  1981  1996 W ActivityRecognitionProxy: Odd, no component found for service com.android.location.service.ActivityRecognitionProvider
01-17 11:37:25.302  1767  1767 D incidentd: Start uploading backlogs in /data/misc/incidents/
01-17 11:37:25.302  1767  1767 D incidentd: Successfully uploaded 0 files to Dropbox.
01-17 11:37:25.419  2177  2177 E webviewchromiumloader: Failed to open relro file /data/misc/shared_relro/libwebviewchromium32.relro: No such file or directory
01-17 11:37:25.419  2177  2177 W WebViewLibraryLoader: failed to load with relro file, proceeding without
01-17 11:37:25.575  1981  1981 I AccountsDb: Creating DE database for user 0
01-17 11:37:25.579  1981  1981 W Looper  : Slow dispatch took 363ms main h=android.os.Handler c=null m=1
01-17 11:37:25.582  1981  1981 W ContextImpl: Calling a method in the system process without a qualified user: android.app.ContextImpl.startService:1531 com.android.server.content.SyncManager$14.run:756 android.os.Handler.handleCallback:873 android.os.Handler.dispatchMessage:99 android.os.Looper.loop:193 
01-17 11:37:25.582  1981  2084 E WifiP2pService: Unexpected disable request when WifiChannel is null
01-17 11:37:25.582  1981  1981 D WifiP2pService: Wifi enabled=false, P2P Interface availability=true
01-17 11:37:25.676  1981  1981 I system_server: The ClassLoaderContext is a special shared library.
01-17 11:37:26.018  2108  2108 I wpa_supplicant: Processing hidl events on FD 3
01-17 11:37:26.020  2108  2108 I wpa_supplicant: Successfully initialized wpa_supplicant
01-17 11:37:26.147  1981  2040 I GnssLocationProvider: WakeLock acquired by sendMessage(REPORT_SV_STATUS, 0, com.android.server.location.GnssLocationProvider$SvStatusInfo@bc2bfce)
01-17 11:37:26.148  1981  1996 I GnssLocationProvider: WakeLock released by handleMessage(REPORT_SV_STATUS, 0, com.android.server.location.GnssLocationProvider$SvStatusInfo@bc2bfce)
01-17 11:37:26.485  1771  1856 E MediaExtractorFactory: couldn't opendir(/vendor/lib/extractors)
01-17 11:37:26.505  2193  2193 I m.android.phon: The ClassLoaderContext is a special shared library.
01-17 11:37:26.592  2193  2193 D TelephonyProvider: dbh.onCreate:+ db=SQLiteDatabase: /data/user_de/0/com.android.providers.telephony/databases/telephony.db
01-17 11:37:26.592  2193  2193 D TelephonyProvider: dbh.createSimInfoTable:+ siminfo
01-17 11:37:26.593  2193  2193 D TelephonyProvider: dbh.createSimInfoTable:-
01-17 11:37:26.593  2193  2193 D TelephonyProvider: dbh.createCarriersTable: carriers
01-17 11:37:26.594  2193  2193 D TelephonyProvider: dbh.createCarriersTable:-
01-17 11:37:26.594  2193  2193 D TelephonyProvider: dbh.onCreate: Apply apns from xml.
01-17 11:37:26.594  2193  2193 D TelephonyProvider: Load APNs from /system/etc/apns-conf.xml instead of /oem/telephony/apns-conf.xml
01-17 11:37:26.594  2193  2193 D TelephonyProvider: Load APNs from /data/misc/apns/apns-conf.xml instead of /system/etc/apns-conf.xml
01-17 11:37:26.594  2193  2193 D TelephonyProvider: confFile = /data/misc/apns/apns-conf.xml
01-17 11:37:26.603  2193  2193 D TelephonyProvider: Checksum for /data/misc/apns/apns-conf.xml is 2001431324
01-17 11:37:26.606  2193  2193 D TelephonyProvider: dbh.onCreate:- db=SQLiteDatabase: /data/user_de/0/com.android.providers.telephony/databases/telephony.db
01-17 11:37:26.606  2193  2193 D TelephonyProvider: dbh.onOpen: ok, queried table=siminfo
01-17 11:37:26.606  2193  2193 D TelephonyProvider: dbh.onOpen: ok, queried table=carriers
01-17 11:37:26.607  2193  2193 D TelephonyProvider: onCreate: build id changed from  to PSR1.180720.122
01-17 11:37:26.608  2193  2193 D TelephonyProvider: Load APNs from /system/etc/apns-conf.xml instead of /oem/telephony/apns-conf.xml
01-17 11:37:26.608  2193  2193 D TelephonyProvider: Load APNs from /data/misc/apns/apns-conf.xml instead of /system/etc/apns-conf.xml
01-17 11:37:26.608  2193  2193 D TelephonyProvider: Checksum for /data/misc/apns/apns-conf.xml is 2001431324
01-17 11:37:26.608  2193  2193 D TelephonyProvider: newChecksum: 2001431324
01-17 11:37:26.608  2193  2193 D TelephonyProvider: oldChecksum: 2001431324
01-17 11:37:26.608  2193  2193 D TelephonyProvider: Skipping apn db update since apn-conf has not changed.
01-17 11:37:26.692  2164  2164 I WebViewLoader-: System.exit called, status: 0
01-17 11:37:26.692  2164  2164 I AndroidRuntime: VM exiting with result code 0, cleanup skipped.
01-17 11:37:26.695  1981  1992 I ActivityManager: Process WebViewLoader-x86 (pid 2164) has died: psvc PER 
01-17 11:37:26.695  1928  1928 I Zygote  : Process 2164 exited cleanly (0)
01-17 11:37:26.696  1981  2000 W libprocessgroup: kill(-2164, 9) failed: No such process
01-17 11:37:26.696  1981  2000 I libprocessgroup: Successfully killed process cgroup uid 1037 pid 2164 in 0ms
01-17 11:37:26.797  2108  2108 I wpa_supplicant: rfkill: Cannot open RFKILL control device
01-17 11:37:26.817  1981  1981 W Looper  : Slow dispatch took 1233ms main h=android.app.ActivityThread$H c=null m=114
01-17 11:37:26.856  1930  1944 D StagefrightPluginLoader: Failed to load library: libstagefright_ccodec.so (dlopen failed: library "libstagefright_ccodec.so" not found)
01-17 11:37:26.856  1930  1944 D StagefrightPluginLoader: Handle or CreateInputSurface symbol is null
01-17 11:37:26.856  1930  1944 D StagefrightPluginLoader: Handle or CreateBuilder symbol is null
01-17 11:37:26.860  1930  1944 I OMXClient: IOmx service obtained
01-17 11:37:26.861  1783  1783 I OMXMaster: makeComponentInstance(OMX.google.aac.decoder) in omx@1.0-service process
01-17 11:37:26.878  2193  2193 D CarrierIdProvider: onCreate
01-17 11:37:26.893  2193  2193 D CarrierIdDatabaseHelper: onCreate
01-17 11:37:26.894  2193  2193 D CarrierIdProvider: update database from pb file
01-17 11:37:27.079  2141  2141 W AlarmManager: Unrecognized alarm listener com.android.systemui.keyguard.-$$Lambda$KeyguardSliceProvider$IhzByd8TsqFuOrSyuGurVskyPLo@e7c019c
01-17 11:37:27.153  1981  2225 I GnssLocationProvider: WakeLock acquired by sendMessage(REPORT_SV_STATUS, 0, com.android.server.location.GnssLocationProvider$SvStatusInfo@e4f0ada)
01-17 11:37:27.154  1981  1996 I GnssLocationProvider: WakeLock released by handleMessage(REPORT_SV_STATUS, 0, com.android.server.location.GnssLocationProvider$SvStatusInfo@e4f0ada)
01-17 11:37:27.244  1981  2005 W WindowManager: App freeze timeout expired.
01-17 11:37:27.244  1981  2005 W WindowManager: Force clearing freeze: AppWindowToken{cdc1dbe token=Token{eacc79 ActivityRecord{43e6540 u0 com.android.settings/.CryptKeeper t1}}}
01-17 11:37:27.483  2111  2111 W putmethod.lati: Verification of gzn gqb.a(java.util.concurrent.ExecutorService) took 125.894ms
01-17 11:37:27.675  1930  1944 I OMXClient: IOmx service obtained
01-17 11:37:27.675  1783  1783 I OMXMaster: makeComponentInstance(OMX.google.amrnb.decoder) in omx@1.0-service process
01-17 11:37:27.777  2205  2205 D CryptKeeper: Disabling component ComponentInfo{com.android.settings/com.android.settings.CryptKeeper}
01-17 11:37:27.778  1981  1992 D PackageManager: Instant App installer not found with android.intent.action.INSTALL_INSTANT_APP_PACKAGE
01-17 11:37:27.778  1981  1992 D PackageManager: Clear ephemeral installer activity
01-17 11:37:27.896  2141  2141 W AlarmManager: Unrecognized alarm listener com.android.systemui.keyguard.-$$Lambda$KeyguardSliceProvider$IhzByd8TsqFuOrSyuGurVskyPLo@655f7f6
01-17 11:37:27.905  2141  2141 D ProtoStore: no cached data
01-17 11:37:27.905  2141  2141 D ProtoStore: no cached data
01-17 11:37:27.991  2193  2193 E CarrierIdProvider: read carrier list from ota pb failure: java.io.FileNotFoundException: /data/misc/carrierid/carrier_list.pb (No such file or directory)
01-17 11:37:28.036  1981  1991 I system_server: Background concurrent copying GC freed 36744(2MB) AllocSpace objects, 39(1228KB) LOS objects, 42% free, 5MB/10MB, paused 323us total 786.033ms
01-17 11:37:28.047  1981  1998 W WindowManager: Keyguard drawn timeout. Setting mKeyguardDrawComplete
01-17 11:37:28.060  1981  1993 I ActivityManager: START u0 {act=android.intent.action.MAIN cat=[android.intent.category.HOME] flg=0x10000100 cmp=com.google.android.setupwizard/.SetupWizardActivity} from uid 0
01-17 11:37:28.061  2108  2108 I wpa_supplicant: rfkill: Cannot get wiphy information
01-17 11:37:28.075  2246  2246 W oid.setupwizar: Unexpected CPU variant for X86 using defaults: x86
01-17 11:37:28.079  1981  1999 I ActivityManager: Start proc 2246:com.google.android.setupwizard/u0a33 for activity com.google.android.setupwizard/.SetupWizardActivity
01-17 11:37:28.092  2246  2246 I oid.setupwizar: The ClassLoaderContext is a special shared library.
01-17 11:37:28.093  2246  2246 I oid.setupwizar: The ClassLoaderContext is a special shared library.
01-17 11:37:28.110  2177  2177 I WebViewZygoteInit: Package preload done
01-17 11:37:28.115  2193  2193 D CarrierIdProvider: latest version: 4 need update: true
01-17 11:37:28.154  1981  2225 I GnssLocationProvider: WakeLock acquired by sendMessage(REPORT_SV_STATUS, 0, com.android.server.location.GnssLocationProvider$SvStatusInfo@d24fc63)
01-17 11:37:28.155  1981  1996 I GnssLocationProvider: WakeLock released by handleMessage(REPORT_SV_STATUS, 0, com.android.server.location.GnssLocationProvider$SvStatusInfo@d24fc63)
01-17 11:37:28.165  2193  2193 D CarrierIdProvider: update database from pb. inserted rows = 1671
01-17 11:37:28.169  2193  2193 D CarrierProvider: onCreate
01-17 11:37:28.180  1981  2099 I android_os_HwBinder: HwBinder: Starting thread pool for default::android.hardware.wifi.supplicant@1.0::ISupplicant
01-17 11:37:28.181  1981  2099 I SupplicantStaIfaceHal: Completed initialization of ISupplicant.
01-17 11:37:28.184  1930  1944 I OMXClient: IOmx service obtained
01-17 11:37:28.185  1783  1783 I OMXMaster: makeComponentInstance(OMX.google.amrwb.decoder) in omx@1.0-service process
01-17 11:37:28.187  1930  1944 I OMXClient: IOmx service obtained
01-17 11:37:28.187  1783  1783 I OMXMaster: makeComponentInstance(OMX.google.flac.decoder) in omx@1.0-service process
01-17 11:37:28.243  1981  2082 W system_server: Long monitor contention with owner HwBinder:1981_2 (2099) at android.hardware.wifi.supplicant.V1_0.ISupplicant com.android.server.wifi.SupplicantStaIfaceHal.getSupplicantMockable()(SupplicantStaIfaceHal.java:541) waiters=0 in boolean com.android.server.wifi.SupplicantStaIfaceHal.isInitializationComplete() for 2.041s
01-17 11:37:28.247  1643  1643 I android.hardware.wifi@1.0-service: Adding interface handle for wlan0
01-17 11:37:28.247  1643  1643 E android.hardware.wifi@1.0-service: Failed to register radio mode change callback
01-17 11:37:28.247  1643  1643 I android.hardware.wifi@1.0-service: Configured chip in mode 0
01-17 11:37:28.247  1643  1643 E android.hardware.wifi@1.0-service: Failed to set DFS flag; DFS channels may be unavailable.
01-17 11:37:28.336  1981  2082 D WificondControl: Setting up interface for client mode
01-17 11:37:28.337  1932  1932 I wificond: create scanner for interface with index: 3
01-17 11:37:28.337  1932  1932 I wificond: subscribe scan result for interface with index: 3
01-17 11:37:28.337  1574  1574 W hwservicemanager: getTransport: Cannot find entry android.hardware.wifi.offload@1.0::IOffload/default in either framework or device manifest.
01-17 11:37:28.337  1932  1932 E wificond: No Offload Service available
01-17 11:37:28.337  1932  1932 I wificond: Offload HAL not supported 
01-17 11:37:28.339  1981  2082 E SupplicantStaIfaceHal: Can't call setupIface, ISupplicantStaIface is null
01-17 11:37:28.340  1981  2082 I android_os_HwBinder: HwBinder: Starting thread pool for default::android.hardware.wifi.supplicant@1.0::ISupplicant
01-17 11:37:28.380  2141  2141 D SystemUIBootTiming: StartServicescom.android.systemui.Dependency took to complete: 204ms
01-17 11:37:28.341  1981  2082 I chatty  : uid=1000(system) WifiStateMachin identical 1 line
01-17 11:37:28.344  1981  2082 I android_os_HwBinder: HwBinder: Starting thread pool for default::android.hardware.wifi.supplicant@1.0::ISupplicant
01-17 11:37:28.495  2111  2111 I TransientFileCleaner: Deleting 0 files
01-17 11:37:28.495  2111  2111 I TransientFileCleaner: Deleting 0 files
01-17 11:37:28.523  1981  2082 I WifiNative: Interface state changed on Iface:{Name=wlan0,Id=0,Type=STA}, isUp=true
01-17 11:37:28.524  1931  1968 D CommandListener: Clearing all IP addresses on wlan0
01-17 11:37:28.526  1981  2082 I WifiNative: Successfully setup Iface:{Name=wlan0,Id=0,Type=STA}
01-17 11:37:28.526  1981  2082 D WifiClientModeManager: sending scan available broadcast: false
01-17 11:37:28.526  1981  2082 D WifiClientModeManager: entering StartedState
01-17 11:37:28.527  1981  2082 D WifiClientModeManager: Wifi is ready to use for client mode
01-17 11:37:28.527  1981  2082 D WifiClientModeManager: sending scan available broadcast: true
01-17 11:37:28.528  1981  2082 D WifiStateMachinePrime: State changed from client mode. state = 3
01-17 11:37:28.528  1981  2082 D WifiStateMachinePrime: client mode active
01-17 11:37:28.528  1981  2082 D WifiStateMachine: entering ConnectModeState: ifaceName = wlan0
01-17 11:37:28.528  1981  2082 D WifiStateMachine: setupClientMode() ifacename = wlan0
01-17 11:37:28.532  1931  1968 D CommandListener: Clearing all IP addresses on wlan0
01-17 11:37:28.562  2141  2141 D SystemUIBootTiming: StartServicescom.android.systemui.util.NotificationChannels took to complete: 181ms
01-17 11:37:28.587  1930  1944 I OMXClient: IOmx service obtained
01-17 11:37:28.588  1783  1783 I OMXMaster: makeComponentInstance(OMX.google.g711.alaw.decoder) in omx@1.0-service process
01-17 11:37:28.608  1981  2082 D WifiConfigManager: Legacy store files not found. No migration needed!
01-17 11:37:28.608  1981  2082 D WifiStateMachine: Setting OUI to DA-A1-19
01-17 11:37:28.609  1981  2082 I WifiVendorHal: Driver: 1.0 Firmware: 1.0
01-17 11:37:28.616  1981  2082 D WakeupController: reset()
01-17 11:37:28.616  1981  2082 I WifiStateMachine: disconnectedstate enter
01-17 11:37:28.619  1981  2001 E BatteryExternalStatsWorker: no controller energy info supplied for wifi
01-17 11:37:28.622  1981  1981 E BluetoothAdapter: Bluetooth binder is null
01-17 11:37:28.623  1981  2001 E BatteryExternalStatsWorker: no controller energy info supplied for wifi
01-17 11:37:28.623  1981  2001 E BatteryExternalStatsWorker: no controller energy info supplied for telephony
01-17 11:37:28.623  1981  2271 I Telecom : BluetoothRouteManager: getBluetoothAudioConnectedDevice: no headset service available.
01-17 11:37:28.629  2141  2141 D SystemUIBootTiming: StartServicescom.android.systemui.statusbar.CommandQueue$CommandQueueStart took to complete: 67ms
01-17 11:37:28.648  2111  2111 I ModuleManager: Key 'module:com.google.android.apps.inputmethod.libs.search.IUniversalMediaExtension' has value 'res/xml/extension_universal_media.xml'
01-17 11:37:28.693  1981  1981 I Telecom : SystemStateProvider: Registering car mode receiver: android.content.IntentFilter@252d48f: TS.init@AAA
01-17 11:37:28.760  1930  1944 I OMXClient: IOmx service obtained
01-17 11:37:28.761  1783  2275 I OMXMaster: makeComponentInstance(OMX.google.g711.mlaw.decoder) in omx@1.0-service process
01-17 11:37:28.764  1930  1944 I OMXClient: IOmx service obtained
01-17 11:37:28.765  1783  2275 I OMXMaster: makeComponentInstance(OMX.google.gsm.decoder) in omx@1.0-service process
01-17 11:37:28.866  2193  2193 I ImsResolver: Initializing cache and binding.
01-17 11:37:28.921  1930  1944 I OMXClient: IOmx service obtained
01-17 11:37:28.922  1783  2275 I OMXMaster: makeComponentInstance(OMX.google.mp3.decoder) in omx@1.0-service process
01-17 11:37:28.933  2193  2193 I android_os_HwBinder: HwBinder: Starting thread pool for slot1::android.hardware.radio@1.0::IRadio
01-17 11:37:28.955  2111  2160 I putmethod.lati: Waiting for a blocking GC ProfileSaver
01-17 11:37:28.973  2111  2111 I ModuleManager: Adding [GIMS_UserUnlocked] NotificationListener for module com.google.android.apps.inputmethod.libs.search.universalmedia.UniversalMediaExtension
01-17 11:37:28.973  2111  2111 I ModuleManager: Unexpected key 'com.google.android.partnersetup.RLZ_BOUNTY_ACCESS_POINT' does not match 'module:'
01-17 11:37:28.973  2111  2111 I ModuleManager: Key 'module:com.google.android.apps.inputmethod.libs.search.IDoodleExtension' has value 'res/xml/extension_doodle.xml'
01-17 11:37:29.040  2111  2111 I ModuleManager: Adding [GIMS_UserUnlocked] NotificationListener for module com.google.android.apps.inputmethod.libs.search.doodle.DoodleExtension
01-17 11:37:29.041  2111  2111 I ModuleManager: Key 'module:com.google.android.apps.inputmethod.libs.translate.ITranslateUIExtension' has value 'res/xml/extension_def_translate.xml'
01-17 11:37:29.045  2111  2111 I ModuleManager: Adding [GIMS_UserUnlocked] NotificationListener for module com.google.android.apps.inputmethod.libs.translate.TranslateUIExtension
01-17 11:37:29.045  2111  2111 I ModuleManager: Key 'module:com.google.android.apps.inputmethod.libs.hmm.superpacks.IHmmModule' has value 'res/xml/module_hmm.xml'
01-17 11:37:29.066  1930  1944 I OMXClient: IOmx service obtained
01-17 11:37:29.066  1783  2275 I OMXMaster: makeComponentInstance(OMX.google.opus.decoder) in omx@1.0-service process
01-17 11:37:29.115  2111  2111 I ModuleManager: Adding [GIMS_UserUnlocked] NotificationListener for module com.google.android.apps.inputmethod.libs.hmm.superpacks.HmmModule
01-17 11:37:29.115  2111  2111 I ModuleManager: Key 'module:com.google.android.apps.inputmethod.libs.search.sense.IConversationToQueryExtension' has value 'res/xml/extension_conv2query.xml'
01-17 11:37:29.118  2111  2111 I ModuleManager: Adding [GIMS_UserUnlocked] NotificationListener for module com.google.android.apps.inputmethod.libs.search.sense.ConversationToQueryExtension
01-17 11:37:29.118  2111  2111 I ModuleManager: Key 'module:com.google.android.apps.inputmethod.libs.search.IDefaultStickerExtension' has value 'res/xml/extension_default_sticker.xml'
01-17 11:37:29.119  2111  2160 I putmethod.lati: WaitForGcToComplete blocked ProfileSaver on HeapTrim for 163.762ms
01-17 11:37:29.119  2111  2111 I ModuleManager: Adding [GIMS_UserUnlocked] NotificationListener for module com.google.android.apps.inputmethod.libs.search.sticker.DefaultStickerExtension
01-17 11:37:29.119  2111  2111 I ModuleManager: Key 'module:com.google.android.apps.inputmethod.libs.pill.IPillExtension' has value 'res/xml/extension_pill.xml'
01-17 11:37:29.120  2111  2111 I ModuleManager: Adding [GIMS_UserUnlocked] NotificationListener for module com.google.android.apps.inputmethod.libs.pill.PillExtension
01-17 11:37:29.120  2111  2111 I ModuleManager: Key 'module:com.google.android.apps.inputmethod.libs.search.IStickerExtension' has value 'res/xml/extension_sticker.xml'
01-17 11:37:29.122  2111  2111 I ModuleManager: Adding [GIMS_UserUnlocked] NotificationListener for module com.google.android.apps.inputmethod.libs.search.sticker.StickerExtension
01-17 11:37:29.122  2111  2111 I ModuleManager: Key 'module:com.google.android.apps.inputmethod.libs.search.IGifKeyboardExtension' has value 'res/xml/extension_gif_search.xml'
01-17 11:37:29.123  2111  2111 I ModuleManager: Adding [GIMS_UserUnlocked] NotificationListener for module com.google.android.apps.inputmethod.libs.search.gif.GifExtensionImpl
01-17 11:37:29.123  2111  2111 I ModuleManager: Key 'module:com.google.android.apps.inputmethod.libs.search.IEmoticonExtension' has value 'res/xml/extension_emoticon.xml'
01-17 11:37:29.125  2111  2111 I ModuleManager: Adding [GIMS_UserUnlocked] NotificationListener for module com.google.android.apps.inputmethod.libs.search.emoji.EmoticonExtension
01-17 11:37:29.125  2111  2111 I ModuleManager: Unexpected key 'com.google.android.backup.api_key' does not match 'module:'
01-17 11:37:29.125  2111  2111 I ModuleManager: Key 'module:com.google.android.apps.inputmethod.libs.handwriting.ime.IHandwritingImeExtension' has value 'res/xml/extension_handwriting_ime.xml'
01-17 11:37:29.126  2111  2111 I ModuleManager: Adding [GIMS_UserUnlocked] NotificationListener for module com.google.android.apps.inputmethod.libs.handwriting.ime.HandwritingImeExtension
01-17 11:37:29.126  2111  2111 I ModuleManager: Key 'module:com.google.android.apps.inputmethod.libs.search.IEmojiDataExtension' has value 'res/xml/extension_emoji_data.xml'
01-17 11:37:29.127  2111  2111 I ModuleManager: Adding [GIMS_UserUnlocked] NotificationListener for module com.google.android.apps.inputmethod.libs.search.emojidata.EmojiDataExtension
01-17 11:37:29.127  2111  2111 I ModuleManager: Key 'module:com.google.android.apps.inputmethod.libs.search.IEmojiOrGifExtension' has value 'res/xml/extension_emoji_or_gif.xml'
01-17 11:37:29.128  2111  2111 I ModuleManager: Adding [GIMS_UserUnlocked] NotificationListener for module com.google.android.apps.inputmethod.libs.search.ArtExtension
01-17 11:37:29.128  2111  2111 I ModuleManager: Key 'module:com.google.android.apps.inputmethod.libs.search.INativeCardExtension' has value 'res/xml/extension_native_card.xml'
01-17 11:37:29.129  2111  2111 I ModuleManager: Adding [GIMS_UserUnlocked] NotificationListener for module com.google.android.apps.inputmethod.libs.search.nativecard.NativeCardExtension
01-17 11:37:29.130  2111  2111 I ModuleManager: Key 'module:com.google.android.apps.inputmethod.libs.voiceime.IVoiceImeExtension' has value 'res/xml/extension_voice_ime.xml'
01-17 11:37:29.160  1981  2099 I GnssLocationProvider: WakeLock acquired by sendMessage(REPORT_SV_STATUS, 0, com.android.server.location.GnssLocationProvider$SvStatusInfo@8196849)
01-17 11:37:29.160  1981  1996 I GnssLocationProvider: WakeLock released by handleMessage(REPORT_SV_STATUS, 0, com.android.server.location.GnssLocationProvider$SvStatusInfo@8196849)
01-17 11:37:29.187  2111  2111 I ModuleManager: Adding [App_UserUnlocked] NotificationListener for module com.google.android.apps.inputmethod.libs.voiceime.VoiceImeExtension
01-17 11:37:29.187  2111  2111 I ModuleManager: Unexpected key 'com.google.android.gms.version' does not match 'module:'
01-17 11:37:29.187  2111  2111 I ModuleManager: Key 'module:com.google.android.apps.inputmethod.libs.search.IEmojiSearchExtension' has value 'res/xml/extension_emoji_search.xml'
01-17 11:37:29.188  2111  2111 I ModuleManager: Adding [GIMS_UserUnlocked] NotificationListener for module com.google.android.apps.inputmethod.libs.search.emoji.EmojiSearchExtension
01-17 11:37:29.188  2111  2111 I ModuleManager: Key 'module:com.google.android.apps.inputmethod.libs.textediting.ITextEditingExtension' has value 'res/xml/extension_text_editing.xml'
01-17 11:37:29.189  2111  2111 I ModuleManager: Adding [GIMS_UserUnlocked] NotificationListener for module com.google.android.apps.inputmethod.libs.textediting.TextEditingExtension
01-17 11:37:29.189  2111  2111 I ModuleManager: Key 'module:com.google.android.apps.inputmethod.libs.search.IGifEntryPointCandidateExtension' has value 'res/xml/extension_gif_entry_point_candidate.xml'
01-17 11:37:29.190  2111  2111 I ModuleManager: Adding [GIMS_UserUnlocked] NotificationListener for module com.google.android.apps.inputmethod.libs.search.gif.GifEntryPointCandidateExtension
01-17 11:37:29.190  2111  2111 I ModuleManager: Key 'module:com.google.android.apps.inputmethod.libs.search.IBitmojiExtension' has value 'res/xml/extension_bitmoji.xml'
01-17 11:37:29.191  2111  2111 I ModuleManager: Adding [GIMS_UserUnlocked] NotificationListener for module com.google.android.apps.inputmethod.libs.search.sticker.BitmojiExtension
01-17 11:37:29.191  2111  2111 I ModuleManager: Key 'module:com.google.android.apps.inputmethod.libs.search.IFeatureCardNoticeExtension' has value 'res/xml/extension_feature_notice.xml'
01-17 11:37:29.192  2111  2111 I ModuleManager: Adding [GIMS_UserUnlocked] NotificationListener for module com.google.android.apps.inputmethod.libs.search.nativecard.FeatureCardNoticeExtension
01-17 11:37:29.192  2111  2111 I LatinApp: onCreate()
01-17 11:37:29.285  1981  2284 I Telecom : Logging.Events: Non-call EVENT: AUDIO_ROUTE, Entering state QuiescentSpeakerRoute
01-17 11:37:29.285  1981  2284 I Telecom : BluetoothRouteManager: getBluetoothAudioConnectedDevice: no headset service available.
01-17 11:37:29.302  1574  1574 W hwservicemanager: getTransport: Cannot find entry android.hardware.radio.deprecated@1.0::IOemHook/slot1 in either framework or device manifest.
01-17 11:37:29.305  1981  2033 D PackageManager: Instant App installer not found with android.intent.action.INSTALL_INSTANT_APP_PACKAGE
01-17 11:37:29.305  1981  2033 D PackageManager: Clear ephemeral installer activity
01-17 11:37:29.346  1981  2286 I Telecom : CallAudioModeStateMachine: Message received: null.: TS.init->CAMSM.pM_1@AAA
01-17 11:37:29.404  2141  2141 W SoundPool: Use of stream types is deprecated for operations other than volume control
01-17 11:37:29.404  2141  2141 W SoundPool: See the documentation of SoundPool() for what to use instead with android.media.AudioAttributes to qualify your playback use case
01-17 11:37:29.407  2141  2141 D SystemUIBootTiming: StartServicescom.android.systemui.keyguard.KeyguardViewMediator took to complete: 778ms
01-17 11:37:29.422  1930  1944 I OMXClient: IOmx service obtained
01-17 11:37:29.422  1783  2275 I OMXMaster: makeComponentInstance(OMX.google.raw.decoder) in omx@1.0-service process
01-17 11:37:29.431  2111  2111 I FeaturePermissions: onSharedPreferenceChanged() : Key = current_input_method_entry : Feature = null
01-17 11:37:29.432  1981  1981 I Telecom : MissedCallNotifierImpl: reloadFromDatabase: Boot not yet complete -- call log db may not be available. Deferring loading until boot complete for user 0: TS.init@AAA
01-17 11:37:29.432  1981  1981 E BluetoothAdapter: Bluetooth binder is null
01-17 11:37:29.434  1981  1981 I Telecom : Class: TelecomSystem.INSTANCE being set
01-17 11:37:29.435  1981  1981 W Looper  : Slow dispatch took 2618ms main h=android.app.ActivityThread$H c=null m=121
01-17 11:37:29.435  1981  1981 E BluetoothAdapter: Bluetooth binder is null
01-17 11:37:29.459  1768  2029 D installd: Found quota mount /dev/block/dm-0 at /data
01-17 11:37:29.459  1768  2029 D installd: Found storage mount /data/media at /mnt/runtime/default/emulated
01-17 11:37:29.539  2141  2141 D OpenGLRenderer: Skia GL Pipeline
01-17 11:37:29.584  1981  1981 W Looper  : Slow dispatch took 125ms main h=android.app.ActivityThread$H c=android.app.-$$Lambda$LoadedApk$ReceiverDispatcher$Args$_BumDX2UKsnxLVrE6UJsJZkotuA@8eac394 m=0
01-17 11:37:29.590  1981  1981 I system_server: The ClassLoaderContext is a special shared library.
01-17 11:37:29.591  1981  1981 I system_server: The ClassLoaderContext is a special shared library.
01-17 11:37:29.599  1981  1981 D GpsNetInitiatedHandler: location enabled :true
01-17 11:37:29.599  1981  1981 E WiredAccessoryManager: No state change.
01-17 11:37:29.604  1981  1981 D ConditionProviders.SCP: onSubscribe condition://android/schedule?days=1.2.3.4.5.6.7&start=22.0&end=7.0&exitAtAlarm=true
01-17 11:37:29.604  1981  1981 D ConditionProviders.SCP: setRegistered true
01-17 11:37:29.605  1981  2091 E ActivityThread: Failed to find provider info for com.android.calendar
01-17 11:37:29.609  1930  1944 I OMXClient: IOmx service obtained
01-17 11:37:29.609  1783  2275 I OMXMaster: makeComponentInstance(OMX.google.vorbis.decoder) in omx@1.0-service process
01-17 11:37:29.751  2246  2246 I SetupWizard: [FrpHelper] Start loading FRP status
01-17 11:37:29.817  2111  2111 I FeaturePermissions: onSharedPreferenceChanged() : Key = pref_key_access_points_showing_order_migrated : Feature = null
01-17 11:37:29.852  1981  2310 I DefaultPermGrantPolicy: Revoking permissions from disabled data services for user:0
01-17 11:37:29.852  1981  2310 I DefaultPermGrantPolicy: Granting permissions to enabled data services for user:0
01-17 11:37:29.864  2246  2246 I SetupWizard: [SetupWizardActivity] DEVICE_PROVISIONED=false USER_SETUP_COMPLETE=false
01-17 11:37:29.864  2246  2246 I SetupWizard: [SetupWizardActivity] Early exit: provisioningMode=DISABLED
01-17 11:37:29.605  1981  2091 E ActivityThread: Failed to find provider info for com.android.calendar
01-17 11:37:29.898  1981  1981 D ConditionProviders.SCP: evaluateSubscriptionLocked cal=ScheduleCalendar[mDays={1, 2, 3, 4, 5, 6, 7}, mSchedule=ScheduleInfo{days=[1, 2, 3, 4, 5, 6, 7], startHour=22, startMinute=0, endHour=7, endMinute=0, exitAtAlarm=true, nextAlarm=Thu Jan 01 00:00:00 GMT 1970 (0)}], now=Tue Jan 17 10:37:29 GMT 2023 (1673951849604), nextUserAlarmTime=Thu Jan 01 00:00:00 GMT 1970 (0)
01-17 11:37:29.898  1981  1981 D ConditionProviders.SCP: notifyCondition condition://android/schedule?days=1.2.3.4.5.6.7&start=22.0&end=7.0&exitAtAlarm=true STATE_FALSE reason=!meetsSchedule
01-17 11:37:29.899  1981  1981 D ConditionProviders.SCP: Scheduling evaluate for Tue Jan 17 22:00:00 GMT 2023 (1673992800000), in +11h22m30s396ms, now=Tue Jan 17 10:37:29 GMT 2023 (1673951849604)
01-17 11:37:29.899  1981  1981 W Looper  : Slow dispatch took 295ms main h=android.service.notification.ConditionProviderService$H c=null m=3
01-17 11:37:29.902  1930  1944 I OMXClient: IOmx service obtained
01-17 11:37:29.902  1783  2275 I OMXMaster: makeComponentInstance(OMX.google.aac.encoder) in omx@1.0-service process
01-17 11:37:29.903  1981  1981 W ActivityManager: Unable to start service Intent { act=android.service.notification.NotificationListenerService cmp=com.google.android.apps.restore/com.google.android.apps.pixelmigrate.component.NotificationConsolidatorService } U=0: not found
01-17 11:37:29.903  1981  1981 W NotificationListeners: Unable to bind notification listener service: Intent { act=android.service.notification.NotificationListenerService cmp=com.google.android.apps.restore/com.google.android.apps.pixelmigrate.component.NotificationConsolidatorService (has extras) }
01-17 11:37:29.905  1830  1830 W DeviceHAL: Error from HAL Device in function set_mic_mute: Function not implemented
01-17 11:37:29.912  1981  2107 I SyncManager: Got SyncJobService instance.
01-17 11:37:29.914  1981  2083 I WifiScanningService: wifi driver unloaded
01-17 11:37:29.914  1981  1981 D WifiP2pService: Wifi enabled=true, P2P Interface availability=true, Number of clients=0
01-17 11:37:29.914  1981  1981 D WifiP2pService: Wifi enabled=true, P2P Interface availability=true
01-17 11:37:29.914  1981  1981 I Telecom : WiredHeadsetManager: ACTION_HEADSET_PLUG event, plugged in: false, : WHC.oADA@AAE
01-17 11:37:29.915  1981  2083 E WifiVendorHal: getBgScanCapabilities(l.671) failed {.code = ERROR_NOT_SUPPORTED, .description = }
01-17 11:37:29.916  1582  1587 D vold    : Recognized experimental block major ID 253 as virtio-blk (emulator's virtual SD card device)
01-17 11:37:29.917  1981  1981 D MediaSessionService: Global priority session is changed from null to com.android.server.telecom/HeadsetMediaButton (userId=0)
01-17 11:37:29.917  1981  2083 I WifiScanningService: wifi driver loaded with scan capabilities: max buckets=16
01-17 11:37:29.922  1981  1981 I DefaultPermGrantPolicy: Granting permissions to default dialer app for user:0
01-17 11:37:29.924  1981  1981 I Telecom : PhoneAccountRegistrar: SimCallManager queried, returning: null: TSI.gSCM@AAM
