11-08 17:34:34.623  1728  1728 D ZenLog  : config: conditionChanged,ZenModeConfig[user=0,allowAlarms=true,allowMedia=true,allowSystem=false,allowReminders=false,allowEvents=false,allowCalls=true,allowRepeatCallers=true,allowMessages=false,allowCallsFrom=stars,allowMessagesFrom=contacts,suppressedVisualEffects=511,areChannelsBypassingDnd=false,automaticRules={EVENTS_DEFAULT_RULE=ZenRule[enabled=false,snoozing=false,name=Event,zenMode=ZEN_MODE_IMPORTANT_INTERRUPTIONS,conditionId=condition://android/event?userId=-10000&calendar=&reply=1,condition=Condition[id=condition://android/event?userId=-10000&calendar=&reply=1,summary=...,line1=...,line2=...,icon=0,state=STATE_FALSE,flags=2],component=ComponentInfo{android/com.android.server.notification.EventConditionProvider},id=EVENTS_DEFAULT_RULE,creationTime=1667925273221,enabler=null], EVERY_NIGHT_DEFAULT_RULE=ZenRule[enabled=false,snoozing=false,name=Sleeping,zenMode=ZEN_MODE_IMPORTANT_INTERRUPTIONS,conditionId=condition://android/schedule?days=1.2.3.4.5.6.7&start=22.0&end=7.0&exitAtAlarm=true,condition=Condition[id=condition://android/schedule?days=1.2.3.4.5.6.7&start=22.0&end=7.0&exitAtAlarm=true,summary=...,line1=...,line2=...,icon=0,state=STATE_FALSE,flags=2],component=ComponentInfo{android/com.android.server.notification.ScheduleConditionProvider},id=EVERY_NIGHT_DEFAULT_RULE,creationTime=1667925273220,enabler=null]},manualRule=null],Diff[automaticRule[EVENTS_DEFAULT_RULE].condition:null->Condition[id=condition://android/event?userId=-10000&calendar=&reply=1,summary=...,line1=...,line2=...,icon=0,state=STATE_FALSE,flags=2]]
11-08 17:34:34.626  1957  2195 I vol.Events: writeEvent external_ringer_mode_changed normal
11-08 17:34:34.626  1957  2195 I vol.Events: writeEvent internal_ringer_mode_changed normal
11-08 17:34:34.627  1944  2140 I BinaryDictionaryFileDumper: reinitializeClientRecordInDictionaryContentProvider() : Insert DictionaryInfo : Id = 'main:ru' : Locale=ru : Version=54
11-08 17:34:34.630  1728  1728 D ZenLog  : set_zen_mode: off,conditionChanged
11-08 17:34:34.634  1944  2140 I BinaryDictionaryFileDumper: reinitializeClientRecordInDictionaryContentProvider() : Insert DictionaryInfo : Id = 'main:en_us' : Locale=en_US : Version=-1
11-08 17:34:34.640  1957  2195 I vol.Events: writeEvent zen_mode_config_changed [disallowAlarms=false disallowMedia=false disallowSystem=true disallowRinger=false]
11-08 17:34:34.642  1944  2140 W BinaryDictionaryFileDumper: Missing metadata.json resource
11-08 17:34:34.649  1728  1812 E KernelCpuSpeedReader: Failed to read cpu-freq: /sys/devices/system/cpu/cpu0/cpufreq/stats/time_in_state (No such file or directory)
11-08 17:34:34.657  1944  2140 I LatinIME:LogUtils: Dictionary info: dictionary = main:en ; version = 54 ; date = 1414726273
11-08 17:34:34.669  1944  2140 I chatty  : uid=10061(com.android.inputmethod.latin) ExecutorUtils identical 3 lines
11-08 17:34:34.680  1944  2140 I LatinIME:LogUtils: Dictionary info: dictionary = main:en ; version = 54 ; date = 1414726273
11-08 17:34:34.682  1957  2195 I vol.Events: writeEvent level_changed STREAM_VOICE_CALL 4
11-08 17:34:34.683  1957  2195 I vol.Events: writeEvent level_changed STREAM_SYSTEM 5
11-08 17:34:34.683  1957  2195 I vol.Events: writeEvent level_changed STREAM_RING 5
11-08 17:34:34.684  1957  2195 I vol.Events: writeEvent level_changed STREAM_MUSIC 5
11-08 17:34:34.684  1957  2195 I vol.Events: writeEvent level_changed STREAM_ALARM 6
11-08 17:34:34.685  1957  2195 I vol.Events: writeEvent level_changed STREAM_BLUETOOTH_SCO 7
11-08 17:34:34.688  1944  2140 I LatinIME:LogUtils: Dictionary info: dictionary = main:en ; version = 54 ; date = 1414726273
11-08 17:34:34.694  1957  1957 D SystemUIBootTiming: StartServicescom.android.systemui.volume.VolumeUI took to complete: 109ms
11-08 17:34:34.690  1944  2140 I chatty  : uid=10061(com.android.inputmethod.latin) ExecutorUtils identical 1 line
11-08 17:34:34.694  1944  2140 I LatinIME:LogUtils: Dictionary info: dictionary = main:en ; version = 54 ; date = 1414726273
11-08 17:34:34.710  1666  1721 E SurfaceFlinger: ro.sf.lcd_density must be defined as a build property
11-08 17:34:34.714  1957  1957 D SystemUIBootTiming: StartServicescom.android.systemui.stackdivider.Divider took to complete: 20ms
11-08 17:34:34.719  1671  1671 D incidentd: Start uploading backlogs in /data/misc/incidents/
11-08 17:34:34.719  1671  1671 D incidentd: Successfully uploaded 0 files to Dropbox.
11-08 17:34:34.742  1728  2127 I WifiService: getWifiServiceMessenger uid=10013
11-08 17:34:34.743  1728  2127 D ConnectivityService: requestNetwork for uid/pid:10013/1957 NetworkRequest [ TRACK_DEFAULT id=9, [ Capabilities: INTERNET&NOT_RESTRICTED&TRUSTED Unwanted:  Uid: 10013] ]
11-08 17:34:34.776  1728  2127 W WallpaperManagerService: Cannot extract colors because wallpaper could not be read.
11-08 17:34:34.777  1728  2127 W WallpaperManagerService: Cannot get theme colors because WallpaperColors is null.
11-08 17:34:34.777  1728  2127 W WallpaperManagerService: Cannot extract colors because wallpaper could not be read.
11-08 17:34:34.777  1728  2127 W WallpaperManagerService: Cannot get theme colors because WallpaperColors is null.
11-08 17:34:34.783  2055  2055 D TelephonyProvider: dbh.onCreate:+ db=SQLiteDatabase: /data/user_de/0/com.android.providers.telephony/databases/telephony.db
11-08 17:34:34.783  2055  2055 D TelephonyProvider: dbh.createSimInfoTable:+ siminfo
11-08 17:34:34.784  2055  2055 D TelephonyProvider: dbh.createSimInfoTable:-
11-08 17:34:34.784  2055  2055 D TelephonyProvider: dbh.createCarriersTable: carriers
11-08 17:34:34.784  2055  2055 D TelephonyProvider: dbh.createCarriersTable:-
11-08 17:34:34.784  2055  2055 D TelephonyProvider: dbh.onCreate: Apply apns from xml.
11-08 17:34:34.784  2055  2055 D TelephonyProvider: No APNs in OEM image = /oem/telephony/apns-conf.xml Load APNs from system image
11-08 17:34:34.784  2055  2055 D TelephonyProvider: APNs Timestamp: altFileTime = 1667925259000 currFileTime = 1533061006000
11-08 17:34:34.784  2055  2055 D TelephonyProvider: APNs Timestamp: Alternate image /data/misc/apns/apns-conf.xml is greater than System image
11-08 17:34:34.784  2055  2055 D TelephonyProvider: confFile = /data/misc/apns/apns-conf.xml
11-08 17:34:34.792  2055  2055 D TelephonyProvider: Checksum for /data/misc/apns/apns-conf.xml is 2001431324
11-08 17:34:34.795  1957  1957 D StatusBar: disable<e i a s b h r c s > disable2<q i n >
11-08 17:34:34.796  1728  2127 I StatusBarManagerService: registerStatusBar bar=com.android.internal.statusbar.IStatusBar$Stub$Proxy@3af5677
11-08 17:34:34.812  2055  2055 D TelephonyProvider: dbh.onCreate:- db=SQLiteDatabase: /data/user_de/0/com.android.providers.telephony/databases/telephony.db
11-08 17:34:34.812  2055  2055 D TelephonyProvider: dbh.onOpen: ok, queried table=siminfo
11-08 17:34:34.813  2055  2055 D TelephonyProvider: dbh.onOpen: ok, queried table=carriers
11-08 17:34:34.816  2055  2055 D TelephonyProvider: onCreate: build id changed from  to PSR1.180720.012
11-08 17:34:34.817  1728  1933 I GnssLocationProvider: WakeLock acquired by sendMessage(REPORT_SV_STATUS, 0, com.android.server.location.GnssLocationProvider$SvStatusInfo@50a42e4)
11-08 17:34:34.817  1728  1798 I GnssLocationProvider: WakeLock released by handleMessage(REPORT_SV_STATUS, 0, com.android.server.location.GnssLocationProvider$SvStatusInfo@50a42e4)
11-08 17:34:34.817  2055  2055 D TelephonyProvider: No APNs in OEM image = /oem/telephony/apns-conf.xml Load APNs from system image
11-08 17:34:34.817  2055  2055 D TelephonyProvider: APNs Timestamp: altFileTime = 1667925259000 currFileTime = 1533061006000
11-08 17:34:34.817  2055  2055 D TelephonyProvider: APNs Timestamp: Alternate image /data/misc/apns/apns-conf.xml is greater than System image
11-08 17:34:34.818  2055  2055 D TelephonyProvider: Checksum for /data/misc/apns/apns-conf.xml is 2001431324
11-08 17:34:34.818  2055  2055 D TelephonyProvider: newChecksum: 2001431324
11-08 17:34:34.818  2055  2055 D TelephonyProvider: oldChecksum: 2001431324
11-08 17:34:34.818  2055  2055 D TelephonyProvider: Skipping apn db update since apn-conf has not changed.
11-08 17:34:34.823  2055  2055 D CarrierIdProvider: onCreate
11-08 17:34:34.832  2055  2055 D CarrierIdDatabaseHelper: onCreate
11-08 17:34:34.832  2055  2055 D CarrierIdProvider: update database from pb file
11-08 17:34:34.840  1728  1955 I Zygote  : Process: zygote socket ABSTRACT/com.android.internal.os.WebViewZygoteInit/2280c12c-5269-4e7d-9a04-a6c854ea0f36 opened, supported ABIS: x86_64,x86
11-08 17:34:34.840  1728  1955 D WebViewZygote: Preloading package /system/app/webview/webview.apk /system/app/webview/lib/x86:/system/app/webview/webview.apk!/lib/x86
11-08 17:34:34.843  2055  2055 E CarrierIdProvider: read carrier list from ota pb failure: java.io.FileNotFoundException: /data/misc/carrierid/carrier_list.pb (No such file or directory)
11-08 17:34:34.844  2055  2055 D CarrierIdProvider: latest version: 4 need update: true
11-08 17:34:34.851  1728  1955 I Zygote  : Process: zygote socket ABSTRACT/com.android.internal.os.WebViewZygoteInit/2280c12c-5269-4e7d-9a04-a6c854ea0f36 opened, supported ABIS: x86_64,x86
11-08 17:34:34.852  1957  1957 I CameraManagerGlobal: Connecting to camera service
11-08 17:34:34.861  2031  2031 I WebViewZygoteInit: Beginning package preload
11-08 17:34:34.862  2031  2031 I webview_zygote: The ClassLoaderContext is a special shared library.
11-08 17:34:34.891  2031  2031 I WebViewZygoteInit: Package preload done
11-08 17:34:34.920  1957  1957 D NotificationEntryMgr: heads up is enabled
11-08 17:34:34.942  1957  1957 E BluetoothAdapter: Bluetooth binder is null
11-08 17:34:34.949  1957  2214 D OpenGLRenderer: profile bars disabled
11-08 17:34:34.949  1957  2214 D OpenGLRenderer: ambientRatio = 1.50
11-08 17:34:34.964  1957  1957 D StatusBar: disable<e i a s b h r c s > disable2<q i n >
11-08 17:34:34.976  1957  2218 I SecurityController: could not bind to KeyChainService
11-08 17:34:34.999  1957  2221 E ActivityThread: Failed to find provider info for com.android.contacts
11-08 17:34:35.002  1957  1957 D SystemUIBootTiming: StartServicescom.android.systemui.SystemBars took to complete: 288ms
11-08 17:34:35.003  1957  1957 D StorageNotification: Notifying about private volume: VolumeInfo{private}:
11-08 17:34:35.003  1957  1957 D StorageNotification:     type=PRIVATE diskId=null partGuid=null mountFlags=0 mountUserId=-1 
11-08 17:34:35.003  1957  1957 D StorageNotification:     state=MOUNTED 
11-08 17:34:35.003  1957  1957 D StorageNotification:     fsType=null fsUuid=null fsLabel=null 
11-08 17:34:35.003  1957  1957 D StorageNotification:     path=/data internalPath=null 
11-08 17:34:35.004  1957  1957 D SystemUIBootTiming: StartServicescom.android.systemui.usb.StorageNotification took to complete: 2ms
11-08 17:34:35.006  1957  1957 D SystemUIBootTiming: StartServicescom.android.systemui.power.PowerUI took to complete: 2ms
11-08 17:34:35.006  1957  1957 D SystemUIBootTiming: StartServicescom.android.systemui.media.RingtonePlayer took to complete: 0ms
11-08 17:34:35.007  1957  1957 D SystemUIBootTiming: StartServicescom.android.systemui.keyboard.KeyboardUI took to complete: 1ms
11-08 17:34:35.011  1957  1957 D SystemUIBootTiming: StartServicescom.android.systemui.pip.PipUI took to complete: 4ms
11-08 17:34:35.011  1957  1957 D SystemUIBootTiming: StartServicescom.android.systemui.shortcut.ShortcutKeyDispatcher took to complete: 0ms
11-08 17:34:35.012  1957  1957 D SystemUIBootTiming: StartServicescom.android.systemui.VendorServices took to complete: 1ms
11-08 17:34:35.012  1957  1957 D SystemUIBootTiming: StartServicescom.android.systemui.util.leak.GarbageMonitor$Service took to complete: 0ms
11-08 17:34:35.015  1957  1957 D SystemUIBootTiming: StartServicescom.android.systemui.LatencyTester took to complete: 3ms
11-08 17:34:35.019  1957  1957 D SystemUIBootTiming: StartServicescom.android.systemui.globalactions.GlobalActionsComponent took to complete: 4ms
11-08 17:34:35.019  1957  1957 D SystemUIBootTiming: StartServicescom.android.systemui.ScreenDecorations took to complete: 0ms
11-08 17:34:35.026  1957  1957 D SystemUIBootTiming: StartServicescom.android.systemui.fingerprint.FingerprintDialogImpl took to complete: 7ms
11-08 17:34:35.026  1957  1957 D SystemUIBootTiming: StartServicescom.android.systemui.SliceBroadcastRelayHandler took to complete: 0ms
11-08 17:34:35.026  1957  1957 D SystemUIBootTiming: StartServices took to complete: 1151ms
11-08 17:34:35.027  2055  2055 D CarrierIdProvider: update database from pb. inserted rows = 1671
11-08 17:34:35.050  2055  2055 D CarrierProvider: onCreate
11-08 17:34:35.067  1728  2127 W LocalDisplayAdapter: Unable to find color mode 0, ignoring request.
11-08 17:34:35.067  1728  1897 I InputReader: Reconfiguring input devices.  changes=0x00000004
11-08 17:34:35.068  2055  2055 I ImsResolver: ImsResolver initialized with static binding.
11-08 17:34:35.069  2055  2055 I ImsResolver: Initializing cache and binding.
11-08 17:34:35.070  2055  2055 I android_os_HwBinder: HwBinder: Starting thread pool for slot1::android.hardware.radio@1.0::IRadio
11-08 17:34:35.072  1957  1957 D ViewRootImpl[StatusBar]: changeCanvasOpacity: opaque=true
11-08 17:34:35.073  1483  1483 W hwservicemanager: getTransport: Cannot find entry android.hardware.radio.deprecated@1.0::IOemHook/slot1 in either framework or device manifest.
11-08 17:34:35.078  1728  1873 E memtrack: Couldn't load memtrack module
11-08 17:34:35.078  1728  1873 W android.os.Debug: failed to get memory consumption info: -1
11-08 17:34:35.084  1728  1878 W LocalDisplayAdapter: Unable to find color mode 0, ignoring request.
11-08 17:34:35.089  1728  1897 I InputReader: Reconfiguring input devices.  changes=0x00000004
11-08 17:34:35.122  1728  2127 I DefaultPermGrantPolicy: Revoking permissions from disabled data services for user:0
11-08 17:34:35.123  1728  1873 I DefaultPermGrantPolicy: Granting permissions to enabled data services for user:0
11-08 17:34:35.140  1957  2218 E ActivityThread: Failed to find provider info for com.android.contacts
11-08 17:34:35.157  2055  2055 D PhoneSwitcherNetworkRequstListener: Registering NetworkFactory
11-08 17:34:35.149  1957  2218 E ActivityThread: Failed to find provider info for com.android.contacts
11-08 17:34:35.158  1728  1919 D ConnectivityService: Got NetworkFactory Messenger for PhoneSwitcherNetworkRequstListener
11-08 17:34:35.164  1728  1919 D ConnectivityService: Got NetworkFactory Messenger for TelephonyNetworkFactory[0]
11-08 17:34:35.169  1957  2214 D         : HostConnection::get() New Host Connection established 0x7e184915fbe0, tid 2214
11-08 17:34:35.170  1546  1761 D gralloc_ranchu: gralloc_alloc: Creating ashmem region of size 32768
11-08 17:34:35.171  1666  1715 D         : HostConnection::get() New Host Connection established 0x739244d52e60, tid 1715
11-08 17:34:35.172  1546  1761 D gralloc_ranchu: gralloc_alloc: Creating ashmem region of size 32768
11-08 17:34:35.172  1957  2214 I ConfigStore: android::hardware::configstore::V1_0::ISurfaceFlingerConfigs::hasWideColorDisplay retrieved: 0
11-08 17:34:35.172  1957  2214 I ConfigStore: android::hardware::configstore::V1_0::ISurfaceFlingerConfigs::hasHDRDisplay retrieved: 0
11-08 17:34:35.172  1957  2214 I OpenGLRenderer: Initialized EGL, version 1.4
11-08 17:34:35.172  1957  2214 D OpenGLRenderer: Swap behavior 1
11-08 17:34:35.173  1546  1761 D gralloc_ranchu: gralloc_alloc: Creating ashmem region of size 32768
11-08 17:34:35.175  1957  2214 D EGL_emulation: eglCreateContext: 0x7e183960ff80: maj 3 min 0 rcv 3
11-08 17:34:35.176  1957  2214 D EGL_emulation: eglMakeCurrent: 0x7e183960ff80: ver 3 0 (tinfo 0x7e1849124100)
11-08 17:34:35.180  1666  1715 E SurfaceFlinger: ro.sf.lcd_density must be defined as a build property
11-08 17:34:35.192  1957  1957 D StatusBar: disable<e i a s b h r c s > disable2<q i n >
11-08 17:34:35.195  2055  2055 D CarrierConfigLoader: CarrierConfigLoader has started
11-08 17:34:35.196  2055  2055 E BluetoothAdapter: Bluetooth binder is null
11-08 17:34:35.201  1728  1914 D WifiService: New client listening to asynchronous messages
11-08 17:34:35.203  2055  2243 E ActivityThread: Failed to find provider info for com.android.contacts
11-08 17:34:35.203  2055  2243 W CallerInfoCache: cursor is null
11-08 17:34:35.217  2055  2055 I TelecomFramework: TtyManager: updateUiTtyMode -1 -> 0
11-08 17:34:35.218  2055  2055 D ImsResolver: maybeAddedImsService, packageName: null
11-08 17:34:35.218  2055  2055 I ImsResolver: Adding newly added ImsService to cache: ComponentInfo{com.android.phone/com.android.internal.telephony.ims.ImsResolver}
11-08 17:34:35.231  2055  2055 I ImsResolver: Binding ImsService: ComponentInfo{com.android.phone/com.android.internal.telephony.ims.ImsResolver} with features: [{s=0, f=0}, {s=0, f=1}]
11-08 17:34:35.231  2055  2055 I ImsServiceController: Granting Runtime permissions to:ComponentInfo{com.android.phone/com.android.internal.telephony.ims.ImsResolver}
11-08 17:34:35.231  1728  1873 I DefaultPermGrantPolicy: Granting permissions to enabled ImsServices for user:0
11-08 17:34:35.231  2055  2055 I ImsServiceController: Binding ImsService:ComponentInfo{com.android.phone/com.android.internal.telephony.ims.ImsResolver}
11-08 17:34:35.233  1483  1483 W hwservicemanager: getTransport: Cannot find entry android.hardware.radio.config@1.0::IRadioConfig/default in either framework or device manifest.
11-08 17:34:35.243  1728  2127 D AlarmManagerService: Kernel timezone updated to -60 minutes west of GMT
11-08 17:34:35.244  1728  1728 D ConditionProviders.SCP: onReceive android.intent.action.TIMEZONE_CHANGED
11-08 17:34:35.244  1728  1728 D ConditionProviders.SCP: evaluateSubscriptionLocked cal=ScheduleCalendar[mDays={1, 2, 3, 4, 5, 6, 7}, mSchedule=ScheduleInfo{days=[1, 2, 3, 4, 5, 6, 7], startHour=22, startMinute=0, endHour=7, endMinute=0, exitAtAlarm=true, nextAlarm=Thu Jan 01 01:00:00 GMT+01:00 1970 (0)}], now=Tue Nov 08 17:34:35 GMT+01:00 2022 (1667925275244), nextUserAlarmTime=Thu Jan 01 01:00:00 GMT+01:00 1970 (0)
11-08 17:34:35.244  1728  1728 D ConditionProviders.SCP: notifyCondition condition://android/schedule?days=1.2.3.4.5.6.7&start=22.0&end=7.0&exitAtAlarm=true STATE_FALSE reason=!meetsSchedule
11-08 17:34:35.245  1728  1728 D ConditionProviders.SCP: Scheduling evaluate for Tue Nov 08 22:00:00 GMT+01:00 2022 (1667941200000), in +4h25m24s756ms, now=Tue Nov 08 17:34:35 GMT+01:00 2022 (1667925275244)
11-08 17:34:35.248  1728  1925 E ActivityThread: Failed to find provider info for com.android.calendar
11-08 17:34:35.251  1728  2127 D AlarmManagerService: Setting time of day to sec=1667925275
11-08 17:34:35.554  1728  2127 W AlarmManagerService: Unable to set rtc to 1667925275: No such device
11-08 17:34:35.248  1728  1925 E ActivityThread: Failed to find provider info for com.android.calendar
11-08 17:34:35.554  1728  1728 D DevicePolicyManager: updateSystemUpdateFreezePeriodsRecord
11-08 17:34:35.554  1728  1728 W SyncManager: Clock is valid now.
11-08 17:34:35.554  1728  1728 D ConditionProviders.SCP: onReceive android.intent.action.TIME_SET
11-08 17:34:35.554  1728  1728 D ConditionProviders.SCP: evaluateSubscriptionLocked cal=ScheduleCalendar[mDays={1, 2, 3, 4, 5, 6, 7}, mSchedule=ScheduleInfo{days=[1, 2, 3, 4, 5, 6, 7], startHour=22, startMinute=0, endHour=7, endMinute=0, exitAtAlarm=true, nextAlarm=Thu Jan 01 01:00:00 GMT+01:00 1970 (0)}], now=Tue Nov 08 17:34:35 GMT+01:00 2022 (1667925275554), nextUserAlarmTime=Thu Jan 01 01:00:00 GMT+01:00 1970 (0)
11-08 17:34:35.554  1728  1728 D ConditionProviders.SCP: notifyCondition condition://android/schedule?days=1.2.3.4.5.6.7&start=22.0&end=7.0&exitAtAlarm=true STATE_FALSE reason=!meetsSchedule
11-08 17:34:35.554  1728  1728 D ConditionProviders.SCP: Scheduling evaluate for Tue Nov 08 22:00:00 GMT+01:00 2022 (1667941200000), in +4h25m24s446ms, now=Tue Nov 08 17:34:35 GMT+01:00 2022 (1667925275554)
11-08 17:34:35.557  1728  1808 I ActivityManager: Start proc 2247:com.android.deskclock/u0a54 for broadcast com.android.deskclock/.AlarmInitReceiver
11-08 17:34:35.558  1728  1925 E ActivityThread: Failed to find provider info for com.android.calendar
11-08 17:34:35.578  2247  2247 W droid.deskcloc: Unexpected CPU variant for X86 using defaults: x86_64
11-08 17:34:35.600  2055  2055 D PhoneSwitcherNetworkRequstListener: got request NetworkRequest [ TRACK_DEFAULT id=9, [ Capabilities: INTERNET&NOT_RESTRICTED&TRUSTED Unwanted:  Uid: 10013] ] with score 0
11-08 17:34:35.600  2055  2055 D PhoneSwitcherNetworkRequstListener: got request NetworkRequest [ BACKGROUND_REQUEST id=2, [ Transports: CELLULAR Capabilities: INTERNET&NOT_RESTRICTED&TRUSTED&NOT_VPN Unwanted: ] ] with score 0
11-08 17:34:35.600  2055  2055 D PhoneSwitcherNetworkRequstListener: got request NetworkRequest [ TRACK_DEFAULT id=6, [ Capabilities: INTERNET&NOT_RESTRICTED&TRUSTED Unwanted:  Uid: 1000] ] with score 0
11-08 17:34:35.600  2055  2055 D PhoneSwitcherNetworkRequstListener: got request NetworkRequest [ REQUEST id=1, [ Capabilities: INTERNET&NOT_RESTRICTED&TRUSTED&NOT_VPN Unwanted: ] ] with score 0
11-08 17:34:35.601  2055  2055 D TelephonyDebugService: TelephonyDebugService()
11-08 17:34:35.607  2055  2055 D CarrierConfigLoader: mHandler: 12 phoneId: 0
11-08 17:34:35.607  2055  2055 D CarrierConfigLoader: Build fingerprint changed. old: null new: Android/sdk_phone_x86_64/generic_x86_64:9/PSR1.180720.012/4923214:userdebug/test-keys
11-08 17:34:35.616  2247  2247 I droid.deskcloc: The ClassLoaderContext is a special shared library.
11-08 17:34:35.617  2247  2247 I droid.deskcloc: The ClassLoaderContext is a special shared library.
11-08 17:34:35.658  1728  1912 W BestClock: java.time.DateTimeException: Missing NTP fix
11-08 17:34:35.658  1728  1912 W BestClock: java.time.DateTimeException: Missing NTP fix
11-08 17:34:35.659  1728  1728 I GnssLocationProvider: WakeLock acquired by sendMessage(SUBSCRIPTION_OR_SIM_CHANGED, 0, null)
11-08 17:34:35.660  1728  1798 I GnssLocationProvider: WakeLock released by handleMessage(SUBSCRIPTION_OR_SIM_CHANGED, 0, null)
11-08 17:34:35.668  2055  2240 D IntentBroadcaster: Broadcasting and adding intent for rebroadcast: android.intent.action.SIM_STATE_CHANGED READY for slotId 0
11-08 17:34:35.673  1728  1912 W BestClock: java.time.DateTimeException: Missing NTP fix
11-08 17:34:35.673  1728  1912 W BestClock: java.time.DateTimeException: Missing NTP fix
11-08 17:34:35.674  1728  1728 I GnssLocationProvider: WakeLock acquired by sendMessage(SUBSCRIPTION_OR_SIM_CHANGED, 0, null)
11-08 17:34:35.674  1728  1798 I GnssLocationProvider: WakeLock released by handleMessage(SUBSCRIPTION_OR_SIM_CHANGED, 0, null)
11-08 17:34:35.680  2247  2247 I AlarmClock: AlarmInitReceiver android.intent.action.TIMEZONE_CHANGED
11-08 17:34:35.691  2247  2271 I AlarmClock: Fixing alarm instances
11-08 17:34:35.558  1728  1925 E ActivityThread: Failed to find provider info for com.android.calendar
11-08 17:34:35.694  1728  2127 I WifiService: WifiService trying to set country code to us
11-08 17:34:35.694  1728  2127 I WifiService: setCountryCode uid=1001
11-08 17:34:35.694  1728  2127 D WifiCountryCode: Succeeded to set country code to: US
11-08 17:34:35.713  2247  2271 I AlarmClock: Alarms Table created
11-08 17:34:35.713  2247  2271 I AlarmClock: Instance table created
11-08 17:34:35.714  2247  2271 I AlarmClock: Inserting default alarms
11-08 17:34:35.735  2055  2055 D ServiceStateProvider: subId=-2
11-08 17:34:35.737  2055  2055 E PhoneInterfaceManager: [PhoneIntfMgr] getIccId: No UICC
11-08 17:34:35.741  2055  2055 D OpenGLRenderer: Skia GL Pipeline
11-08 17:34:35.745  1728  2127 I Telecom : PhoneAccountRegistrar: New phone account registered: [[ ] PhoneAccount: ComponentInfo{com.android.phone/com.android.services.telephony.TelephonyConnectionService}, ***, UserHandle{0} Capabilities: CallProvider MultiUser PlaceEmerg SimSub  Audio Routes: BESW Schemes: tel voicemail  Extras: Bundle[mParcelledData.dataSize=124] GroupId: ***]: TSI.rPA@AAk
11-08 17:34:35.746  1728  2127 I Telecom : CallsManager: Sending phone-account ComponentInfo{com.android.phone/com.android.services.telephony.TelephonyConnectionService}, ***, UserHandle{0} registered intent as user: TSI.rPA@AAk
11-08 17:34:35.747  1728  2127 I Telecom : CallsManager: Sending phone-account registered intent to default dialer: TSI.rPA@AAk
11-08 17:34:35.747  2055  2055 I TelecomFramework: AccountEntry: Registered phoneAccount: [[ ] PhoneAccount: ComponentInfo{com.android.phone/com.android.services.telephony.TelephonyConnectionService}, ***, UserHandle{0} Capabilities: CallProvider MultiUser PlaceEmerg SimSub  Audio Routes: BESW Schemes: tel voicemail  Extras: Bundle[{android.telecom.extra.SUPPORTS_VIDEO_CALLING_FALLBACK=true}] GroupId: ***] with handle: ComponentInfo{com.android.phone/com.android.services.telephony.TelephonyConnectionService}, ***, UserHandle{0}
11-08 17:34:35.748  2055  2055 I TelecomFramework: PstnIncomingCallNotifier: Registering: Handler (com.android.internal.telephony.GsmCdmaPhone) {3c50240}
11-08 17:34:35.763  2247  2247 I AlarmClock: AlarmInitReceiver android.intent.action.TIME_SET
11-08 17:34:35.764  2247  2271 I AlarmClock: Fixing alarm instances
11-08 17:34:35.814  2055  2055 I TelecomFramework: PstnIncomingCallNotifier: Unregistering: Handler (com.android.internal.telephony.GsmCdmaPhone) {3c50240}
11-08 17:34:35.815  2055  2055 E PhoneInterfaceManager: [PhoneIntfMgr] getIccId: No UICC
11-08 17:34:35.817  1728  2127 I Telecom : PhoneAccountRegistrar: Modify account: [ComponentInfo{com.android.phone/com.android.services.telephony.TelephonyConnectionService}, ***, UserHandle{0}]: TSI.rPA@AAw
11-08 17:34:35.817  2055  2055 I TelecomFramework: AccountEntry: Registered phoneAccount: [[ ] PhoneAccount: ComponentInfo{com.android.phone/com.android.services.telephony.TelephonyConnectionService}, ***, UserHandle{0} Capabilities: CallProvider MultiUser PlaceEmerg SimSub  Audio Routes: BESW Schemes: tel voicemail  Extras: Bundle[{android.telecom.extra.SUPPORTS_VIDEO_CALLING_FALLBACK=true}] GroupId: ***] with handle: ComponentInfo{com.android.phone/com.android.services.telephony.TelephonyConnectionService}, ***, UserHandle{0}
11-08 17:34:35.817  2055  2055 I TelecomFramework: PstnIncomingCallNotifier: Registering: Handler (com.android.internal.telephony.GsmCdmaPhone) {3c50240}
11-08 17:34:35.831  2055  2055 I TelecomFramework: PstnPhoneCapabilitiesNotifier: handleVideoCapabilitesChanged. Video capability - false
11-08 17:34:35.841  2055  2055 I VvmSimStateTracker: android.intent.action.SIM_STATE_CHANGED
11-08 17:34:35.856  2055  2055 E PhoneInterfaceManager: [PhoneIntfMgr] getIccId: No UICC
11-08 17:34:35.854  2055  2055 I TelecomFramework: PstnPhoneCapabilitiesNotifier: handleVideoCapabilitesChanged. Video capability - false
11-08 17:34:35.863  1728  2127 I Telecom : PhoneAccountRegistrar: Modify account: [ComponentInfo{com.android.phone/com.android.services.telephony.TelephonyConnectionService}, ***, UserHandle{0}]: TSI.rPA@AA8
11-08 17:34:35.872  2055  2055 D MccTable: updateMccMncConfiguration mccmnc='310260' fromServiceState=false
11-08 17:34:35.873  2055  2055 D MccTable: updateMccMncConfiguration defaultMccMnc=
11-08 17:34:35.873  2055  2055 D MccTable: updateMccMncConfiguration: mcc=310, mnc=260
11-08 17:34:35.873  2055  2055 D MccTable: updateMccMncConfiguration updateConfig config={0.0 310mcc260mnc ?localeList ?layoutDir ?swdp ?wdp ?hdp ?density ?lsize ?long ?ldr ?wideColorGamut ?orien ?uimode ?night ?touch ?keyb/?/? ?nav/? winConfig={ mBounds=Rect(0, 0 - 0, 0) mAppBounds=null mWindowingMode=undefined mActivityType=undefined}}
11-08 17:34:35.873  1728  2127 I ActivityManager: Config changes=3 {1.0 310mcc260mnc [en_US] ldltr sw320dp w320dp h616dp 160dpi nrml long port finger -keyb/h/h tball/v winConfig={ mBounds=Rect(0, 0 - 0, 0) mAppBounds=Rect(0, 0 - 320, 640) mWindowingMode=fullscreen mActivityType=undefined} s.6}
11-08 17:34:35.880  1728  2127 I ActivityManager: Override config changes=3 {1.0 310mcc260mnc [en_US] ldltr sw320dp w320dp h616dp 160dpi nrml long port finger -keyb/h/h tball/v winConfig={ mBounds=Rect(0, 0 - 320, 640) mAppBounds=Rect(0, 0 - 320, 640) mWindowingMode=fullscreen mActivityType=undefined} s.6} for displayId=0
11-08 17:34:35.903  1728  2127 W LocalDisplayAdapter: Unable to find color mode 0, ignoring request.
11-08 17:34:35.903  1728  1897 I InputReader: Reconfiguring input devices.  changes=0x00000004
11-08 17:34:35.904  2128  2164 D EGL_emulation: eglMakeCurrent: 0x7e18490fd4c0: ver 3 0 (tinfo 0x7e1847678480)
11-08 17:34:35.906  1666  2219 D         : HostConnection::get() New Host Connection established 0x739244d53e80, tid 2219
11-08 17:34:35.906  1546  1761 D gralloc_ranchu: gralloc_alloc: Creating ashmem region of size 823296
11-08 17:34:35.908  2128  2164 D EGL_emulation: eglMakeCurrent: 0x7e18490fd4c0: ver 3 0 (tinfo 0x7e1847678480)
11-08 17:34:35.910  1546  1761 D gralloc_ranchu: gralloc_alloc: Creating ashmem region of size 823296
11-08 17:34:35.912  1728  1878 W LocalDisplayAdapter: Unable to find color mode 0, ignoring request.
11-08 17:34:35.913  1728  1897 I InputReader: Reconfiguring input devices.  changes=0x00000004
11-08 17:34:35.913  1728  1912 W BestClock: java.time.DateTimeException: Missing NTP fix
11-08 17:34:35.913  1728  1912 W BestClock: java.time.DateTimeException: Missing NTP fix
11-08 17:34:35.914  1728  1728 I GnssLocationProvider: WakeLock acquired by sendMessage(SUBSCRIPTION_OR_SIM_CHANGED, 0, null)
11-08 17:34:35.915  1728  1798 I GnssLocationProvider: WakeLock released by handleMessage(SUBSCRIPTION_OR_SIM_CHANGED, 0, null)
11-08 17:34:35.916  2055  2055 D TelephonyProvider: subIdString = -2 subId = -2
11-08 17:34:35.922  1546  1761 D gralloc_ranchu: gralloc_alloc: Creating ashmem region of size 823296
11-08 17:34:35.924  2055  2055 D TelephonyProvider: getPreferredApnIdFromApn: for subId -2
11-08 17:34:35.939  2055  2055 I TelecomFramework: PstnIncomingCallNotifier: Unregistering: Handler (com.android.internal.telephony.GsmCdmaPhone) {3c50240}
11-08 17:34:35.939  2055  2055 E PhoneInterfaceManager: [PhoneIntfMgr] getIccId: No UICC
11-08 17:34:35.942  1728  2127 I Telecom : PhoneAccountRegistrar: Modify account: [ComponentInfo{com.android.phone/com.android.services.telephony.TelephonyConnectionService}, ***, UserHandle{0}(addr: tel:************ -> tel:)(subAddr: tel:************ -> tel:)]: TSI.rPA@ABA
11-08 17:34:35.943  2055  2055 I TelecomFramework: AccountEntry: Registered phoneAccount: [[ ] PhoneAccount: ComponentInfo{com.android.phone/com.android.services.telephony.TelephonyConnectionService}, ***, UserHandle{0} Capabilities: CallProvider MultiUser PlaceEmerg SimSub  Audio Routes: BESW Schemes: tel voicemail  Extras: Bundle[{android.telecom.extra.SUPPORTS_VIDEO_CALLING_FALLBACK=true}] GroupId: ***] with handle: ComponentInfo{com.android.phone/com.android.services.telephony.TelephonyConnectionService}, ***, UserHandle{0}
11-08 17:34:35.943  2055  2055 I TelecomFramework: PstnIncomingCallNotifier: Registering: Handler (com.android.internal.telephony.GsmCdmaPhone) {3c50240}
11-08 17:34:35.949  2055  2055 I TelecomFramework: PstnPhoneCapabilitiesNotifier: handleVideoCapabilitesChanged. Video capability - false
11-08 17:34:35.951  1728  2127 I Telecom : PhoneAccountRegistrar: Modify account: [ComponentInfo{com.android.phone/com.android.services.telephony.TelephonyConnectionService}, ***, UserHandle{0}]: TSI.rPA@ABM
11-08 17:34:35.963  1728  1878 W LocalDisplayAdapter: Unable to find color mode 0, ignoring request.
11-08 17:34:35.949  2055  2055 E PhoneInterfaceManager: [PhoneIntfMgr] getIccId: No UICC
11-08 17:34:35.964  1728  1897 I InputReader: Reconfiguring input devices.  changes=0x00000004
11-08 17:34:35.971  1728  1878 W LocalDisplayAdapter: Unable to find color mode 0, ignoring request.
11-08 17:34:36.001  2055  2240 D MccTable: updateMccMncConfiguration mccmnc='310260' fromServiceState=false
11-08 17:34:36.006  2055  2240 D MccTable: updateMccMncConfiguration defaultMccMnc=310260
11-08 17:34:36.006  2055  2240 D MccTable: updateMccMncConfiguration: mcc=310, mnc=260
11-08 17:34:36.006  2055  2240 D MccTable: updateMccMncConfiguration updateConfig config={0.0 310mcc260mnc ?localeList ?layoutDir ?swdp ?wdp ?hdp ?density ?lsize ?long ?ldr ?wideColorGamut ?orien ?uimode ?night ?touch ?keyb/?/? ?nav/? winConfig={ mBounds=Rect(0, 0 - 0, 0) mAppBounds=null mWindowingMode=undefined mActivityType=undefined}}
11-08 17:34:36.014  2055  2055 I TelecomFramework: PstnIncomingCallNotifier: Unregistering: Handler (com.android.internal.telephony.GsmCdmaPhone) {3c50240}
11-08 17:34:36.019  1728  2127 I Telecom : PhoneAccountRegistrar: New phone account registered: [[ ] PhoneAccount: ComponentInfo{com.android.phone/com.android.services.telephony.TelephonyConnectionService}, ***, UserHandle{0} Capabilities: CallProvider MultiUser PlaceEmerg SimSub  Audio Routes: BESW Schemes: tel voicemail  Extras: Bundle[mParcelledData.dataSize=124] GroupId: ***]: TSI.rPA@ABQ
11-08 17:34:36.021  1728  2127 I Telecom : CallsManager: Sending phone-account ComponentInfo{com.android.phone/com.android.services.telephony.TelephonyConnectionService}, ***, UserHandle{0} registered intent as user: TSI.rPA@ABQ
11-08 17:34:36.023  1728  2127 I Telecom : CallsManager: Sending phone-account registered intent to default dialer: TSI.rPA@ABQ
11-08 17:34:36.023  2055  2055 I TelecomFramework: AccountEntry: Registered phoneAccount: [[ ] PhoneAccount: ComponentInfo{com.android.phone/com.android.services.telephony.TelephonyConnectionService}, ***, UserHandle{0} Capabilities: CallProvider MultiUser PlaceEmerg SimSub  Audio Routes: BESW Schemes: tel voicemail  Extras: Bundle[{android.telecom.extra.SUPPORTS_VIDEO_CALLING_FALLBACK=true}] GroupId: ***] with handle: ComponentInfo{com.android.phone/com.android.services.telephony.TelephonyConnectionService}, ***, UserHandle{0}
11-08 17:34:36.023  2055  2055 I TelecomFramework: PstnIncomingCallNotifier: Registering: Handler (com.android.internal.telephony.GsmCdmaPhone) {3c50240}
11-08 17:34:36.024  2055  2055 I TelecomFramework: TelecomAccountRegistry: Unregistering phone account ComponentInfo{com.android.phone/com.android.services.telephony.TelephonyConnectionService}, ***, UserHandle{0}.
11-08 17:34:36.025  1728  2127 I Telecom : CallsManager: Sending phone-account ComponentInfo{com.android.phone/com.android.services.telephony.TelephonyConnectionService}, ***, UserHandle{0} unregistered intent as user: TSI.uPA@ABY
11-08 17:34:36.025  1728  2127 I Telecom : CallsManager: Sending phone-account unregistered intent to default dialer: TSI.uPA@ABY
11-08 17:34:36.027  2055  2055 I TelecomFramework: PstnPhoneCapabilitiesNotifier: handleVideoCapabilitesChanged. Video capability - false
11-08 17:34:36.032  1728  2127 I Telecom : PhoneAccountRegistrar: Modify account: [ComponentInfo{com.android.phone/com.android.services.telephony.TelephonyConnectionService}, ***, UserHandle{0}]: TSI.rPA@ABg
11-08 17:34:35.972  1728  1897 I InputReader: Reconfiguring input devices.  changes=0x00000004
11-08 17:34:36.039  1546  1761 D gralloc_ranchu: gralloc_alloc: Creating ashmem region of size 823296
11-08 17:34:36.041  1957  1957 I ImageWallpaper: Redrawing in rect: RectF(0.0, 0.0, 1243.0, 1024.0) with surface size: 1243x1024
11-08 17:34:36.041  1957  2214 D EGL_emulation: eglMakeCurrent: 0x7e183960ff80: ver 3 0 (tinfo 0x7e1849124100)
11-08 17:34:36.048  1957  1957 I Choreographer: Skipped 41 frames!  The application may be doing too much work on its main thread.
11-08 17:34:36.073  2055  2055 D TelephonyProvider: subIdString = 1 subId = 1
11-08 17:34:36.073  2055  2055 D TelephonyProvider: getPreferredApnIdFromApn: for subId 1
11-08 17:34:36.094  2280  2280 W oadcastreceive: Unexpected CPU variant for X86 using defaults: x86_64
11-08 17:34:36.095  1728  1808 I ActivityManager: Start proc 2280:com.android.cellbroadcastreceiver/u0a32 for broadcast com.android.cellbroadcastreceiver/.CellBroadcastReceiver
11-08 17:34:36.106  1728  1820 I WindowManager: ******* TELLING SURFACE FLINGER WE ARE BOOTED!
11-08 17:34:36.106  1666  1715 I SurfaceFlinger: Boot is finished (5385 ms)
11-08 17:34:36.107  1672  1882 E installd: Failed to unlink /data//dalvik-cache/x86_64/.booting: No such file or directory
11-08 17:34:36.107  1728  1820 W ActivityManager: Unable to mark boot complete for abi: x86_64 (android.os.ServiceSpecificException: Failed to unlink /data//dalvik-cache/x86_64/.booting (code 2))
11-08 17:34:36.107  1672  1882 E installd: Failed to unlink /data//dalvik-cache/x86/.booting: No such file or directory
11-08 17:34:36.107  1728  1820 W ActivityManager: Unable to mark boot complete for abi: x86 (android.os.ServiceSpecificException: Failed to unlink /data//dalvik-cache/x86/.booting (code 2))
11-08 17:34:36.107  1728  1820 I SystemServiceManager: Starting phase 1000
11-08 17:34:36.119  1728  1820 D ActivityManager: Finishing user boot 0
11-08 17:34:36.119  1728  1820 I ActivityManager: User 0 state changed from BOOTING to RUNNING_LOCKED
11-08 17:34:36.120  1728  1933 I GnssLocationProvider: WakeLock acquired by sendMessage(REPORT_SV_STATUS, 0, com.android.server.location.GnssLocationProvider$SvStatusInfo@9f3c644)
11-08 17:34:36.120  1728  1798 I GnssLocationProvider: WakeLock released by handleMessage(REPORT_SV_STATUS, 0, com.android.server.location.GnssLocationProvider$SvStatusInfo@9f3c644)
11-08 17:34:36.121  1728  1820 D ActivityManager: Started unlocking user 0
11-08 17:34:36.121  1728  1820 D ActivityManager: Unlocking user 0 progress 0
11-08 17:34:36.121  1728  1820 D ActivityManager: Unlocking user 0 progress 5
11-08 17:34:36.121  1491  1942 D vold    : e4crypt_prepare_user_storage for volume null, user 0, serial 0, flags 2
11-08 17:34:36.121  1491  1942 D vold    : Preparing: /data/system_ce/0
11-08 17:34:36.121  1491  1942 D vold    : Preparing: /data/misc_ce/0
11-08 17:34:36.121  1491  1942 D vold    : Preparing: /data/vendor_ce/0
11-08 17:34:36.121  1491  1942 D vold    : Preparing: /data/media/0
11-08 17:34:36.122  1491  1942 D vold    : Preparing: /data/data
11-08 17:34:36.133  1728  1808 I ActivityManager: Start proc 2297:android.ext.services/u0a23 for on-hold
11-08 17:34:36.144  2297  2297 W id.ext.service: Unexpected CPU variant for X86 using defaults: x86_64
11-08 17:34:36.155  2280  2280 I oadcastreceive: The ClassLoaderContext is a special shared library.
11-08 17:34:36.164  2289  2289 I bootstat: Service started: /system/bin/bootstat --set_system_boot_reason --record_boot_complete --record_boot_reason --record_time_since_factory_reset -l 
11-08 17:34:36.177  2280  2280 D CellBroadcastReceiver: onReceive Intent { act=android.telephony.action.DEFAULT_SMS_SUBSCRIPTION_CHANGED flg=0x21000010 cmp=com.android.cellbroadcastreceiver/.CellBroadcastReceiver (has extras) }
11-08 17:34:36.177  2280  2280 D CellBroadcastReceiver: Start Cell Broadcast configuration.
11-08 17:34:36.180  2297  2297 I id.ext.service: The ClassLoaderContext is a special shared library.
11-08 17:34:36.185  2280  2280 D CellBroadcastReceiver: Default interval 0 did not change.
11-08 17:34:36.186  2247  2247 I AlarmClock: AlarmInitReceiver android.intent.action.LOCKED_BOOT_COMPLETED
11-08 17:34:36.187  1728  1915 D WifiConfigStore: Reading from stores completed in 1 ms.
11-08 17:34:36.188  1728  1915 E NetworkListStoreData: Invalid creatorUid for saved network "AndroidWifi"NONE, creatorUid=-1
11-08 17:34:36.188  2247  2271 I AlarmClock: Fixing alarm instances
11-08 17:34:36.190  1728  1915 D WIFI    : Registering NetworkFactory
11-08 17:34:36.191  1728  1915 D WIFI_UT : Registering NetworkFactory
11-08 17:34:36.191  1728  1919 D ConnectivityService: Got NetworkFactory Messenger for WIFI
11-08 17:34:36.191  1728  1919 D ConnectivityService: Got NetworkFactory Messenger for WIFI_UT
11-08 17:34:36.191  1728  1918 E WifiP2pService: Unhandled message { when=0 what=131203 target=com.android.internal.util.StateMachine$SmHandler }
11-08 17:34:36.192  1728  1915 D WIFI    : got request NetworkRequest [ TRACK_DEFAULT id=9, [ Capabilities: INTERNET&NOT_RESTRICTED&TRUSTED Unwanted:  Uid: 10013] ] with score 0
11-08 17:34:36.194  1728  1798 E memtrack: Couldn't load memtrack module
11-08 17:34:36.194  1728  1798 W android.os.Debug: failed to get memory consumption info: -1
11-08 17:34:36.194  1728  1798 E memtrack: Couldn't load memtrack module
11-08 17:34:36.194  1728  1798 W android.os.Debug: failed to get memory consumption info: -1
11-08 17:34:36.195  1728  1798 E memtrack: Couldn't load memtrack module
11-08 17:34:36.195  1728  1798 W android.os.Debug: failed to get memory consumption info: -1
11-08 17:34:36.195  1728  1798 E memtrack: Couldn't load memtrack module
11-08 17:34:36.195  1728  1798 W android.os.Debug: failed to get memory consumption info: -1
11-08 17:34:36.195  1728  1798 E memtrack: Couldn't load memtrack module
11-08 17:34:36.195  1728  1798 W android.os.Debug: failed to get memory consumption info: -1
11-08 17:34:36.196  1728  1798 E memtrack: Couldn't load memtrack module
11-08 17:34:36.196  1728  1798 W android.os.Debug: failed to get memory consumption info: -1
11-08 17:34:36.197  1728  1798 E memtrack: Couldn't load memtrack module
11-08 17:34:36.197  1728  1798 W android.os.Debug: failed to get memory consumption info: -1
11-08 17:34:36.198  1728  1798 E memtrack: Couldn't load memtrack module
11-08 17:34:36.198  1728  1798 W android.os.Debug: failed to get memory consumption info: -1
11-08 17:34:36.199  1728  1798 E memtrack: Couldn't load memtrack module
11-08 17:34:36.199  1728  1798 W android.os.Debug: failed to get memory consumption info: -1
11-08 17:34:36.200  1728  1798 E memtrack: Couldn't load memtrack module
11-08 17:34:36.200  1728  1798 W android.os.Debug: failed to get memory consumption info: -1
11-08 17:34:36.201  1728  1798 E memtrack: Couldn't load memtrack module
11-08 17:34:36.201  1728  1798 W android.os.Debug: failed to get memory consumption info: -1
11-08 17:34:36.202  1728  1915 D WifiConnectivityHelper: Firmware supported feature set: 10019
11-08 17:34:36.202  1728  1915 D WifiConnectivityHelper: Firmware roaming is not supported
11-08 17:34:36.205  1728  1915 D WIFI    : got request NetworkRequest [ BACKGROUND_REQUEST id=2, [ Transports: CELLULAR Capabilities: INTERNET&NOT_RESTRICTED&TRUSTED&NOT_VPN Unwanted: ] ] with score 0
11-08 17:34:36.205  1728  1915 D WIFI    : got request NetworkRequest [ TRACK_DEFAULT id=6, [ Capabilities: INTERNET&NOT_RESTRICTED&TRUSTED Unwanted:  Uid: 1000] ] with score 0
11-08 17:34:36.205  1728  1915 D WIFI    : got request NetworkRequest [ REQUEST id=1, [ Capabilities: INTERNET&NOT_RESTRICTED&TRUSTED&NOT_VPN Unwanted: ] ] with score 0
11-08 17:34:36.205  1728  1915 D WIFI_UT : got request NetworkRequest [ TRACK_DEFAULT id=9, [ Capabilities: INTERNET&NOT_RESTRICTED&TRUSTED Unwanted:  Uid: 10013] ] with score 0
11-08 17:34:36.205  1728  1915 D WIFI_UT : got request NetworkRequest [ BACKGROUND_REQUEST id=2, [ Transports: CELLULAR Capabilities: INTERNET&NOT_RESTRICTED&TRUSTED&NOT_VPN Unwanted: ] ] with score 0
11-08 17:34:36.205  1728  1915 D WIFI_UT : got request NetworkRequest [ TRACK_DEFAULT id=6, [ Capabilities: INTERNET&NOT_RESTRICTED&TRUSTED Unwanted:  Uid: 1000] ] with score 0
11-08 17:34:36.205  1728  1915 D WIFI_UT : got request NetworkRequest [ REQUEST id=1, [ Capabilities: INTERNET&NOT_RESTRICTED&TRUSTED&NOT_VPN Unwanted: ] ] with score 0
11-08 17:34:36.207  2280  2319 D CellBroadcastConfigService: Enable CellBroadcast on sub 1
11-08 17:34:36.212  1728  1798 E memtrack: Couldn't load memtrack module
11-08 17:34:36.212  1728  1798 W android.os.Debug: failed to get memory consumption info: -1
11-08 17:34:36.213  1728  1798 E memtrack: Couldn't load memtrack module
11-08 17:34:36.213  1728  1798 W android.os.Debug: failed to get memory consumption info: -1
11-08 17:34:36.214  1728  1798 E memtrack: Couldn't load memtrack module
11-08 17:34:36.214  1728  1798 W android.os.Debug: failed to get memory consumption info: -1
11-08 17:34:36.216  1728  1798 E memtrack: Couldn't load memtrack module
11-08 17:34:36.216  1728  1798 W android.os.Debug: failed to get memory consumption info: -1
11-08 17:34:36.217  1728  1798 E memtrack: Couldn't load memtrack module
11-08 17:34:36.217  1728  1798 W android.os.Debug: failed to get memory consumption info: -1
11-08 17:34:36.220  1546  1761 D gralloc_ranchu: gralloc_alloc: Creating ashmem region of size 823296
11-08 17:34:36.238  2297  2322 D ExtAssistant: File doesn't exist or isn't readable yet
11-08 17:34:36.241  1728  1798 E memtrack: Couldn't load memtrack module
11-08 17:34:36.241  1728  1798 W android.os.Debug: failed to get memory consumption info: -1
11-08 17:34:36.245  2289  2289 I bootstat: Battery level at startup 100%
11-08 17:34:36.245  2289  2289 I bootstat: Canonical boot reason: reboot
11-08 17:34:36.246  2289  2289 E bootstat: Failed to read /data/misc/bootstat/last_boot_time_utc: No such file or directory
11-08 17:34:36.246  2289  2289 E bootstat: Failed to parse boot time record: /data/misc/bootstat/last_boot_time_utc
11-08 17:34:36.246  2289  2289 E bootstat: Failed to read /data/misc/bootstat/build_date: No such file or directory
11-08 17:34:36.246  2289  2289 E bootstat: Failed to parse boot time record: /data/misc/bootstat/build_date
11-08 17:34:36.246  2289  2289 I bootstat: Canonical boot reason: reboot,factory_reset
11-08 17:34:36.246  1728  1798 E memtrack: Couldn't load memtrack module
11-08 17:34:36.246  1728  1798 W android.os.Debug: failed to get memory consumption info: -1
11-08 17:34:36.247  1728  1798 E memtrack: Couldn't load memtrack module
11-08 17:34:36.247  1728  1798 W android.os.Debug: failed to get memory consumption info: -1
11-08 17:34:36.248  1728  1798 E memtrack: Couldn't load memtrack module
11-08 17:34:36.248  1728  1798 W android.os.Debug: failed to get memory consumption info: -1
11-08 17:34:36.252  2055  2106 D IccSmsInterfaceManager: [IccSmsInterfaceManager] Calling setGsmBroadcastConfig with 1 configurations
11-08 17:34:36.253  2055  2106 D IccSmsInterfaceManager: [IccSmsInterfaceManager] Failed to add GSM cell broadcast subscription for MID range 4370 to 4370 from client com.android.cellbroadcastreceiver
11-08 17:34:36.254  2055  2106 D IccSmsInterfaceManager: [IccSmsInterfaceManager] Calling setCdmaBroadcastConfig with 1 configurations
11-08 17:34:36.254  2055  2106 D IccSmsInterfaceManager: [IccSmsInterfaceManager] Failed to add cdma broadcast subscription for MID range 4096 to 4096 from client com.android.cellbroadcastreceiver
11-08 17:34:36.255  2055  2106 D IccSmsInterfaceManager: [IccSmsInterfaceManager] Calling setGsmBroadcastConfig with 1 configurations
11-08 17:34:36.256  2055  2106 D IccSmsInterfaceManager: [IccSmsInterfaceManager] Failed to add GSM cell broadcast subscription for MID range 4383 to 4383 from client com.android.cellbroadcastreceiver
11-08 17:34:36.256  2055  2106 D IccSmsInterfaceManager: [IccSmsInterfaceManager] Calling setGsmBroadcastConfig with 1 configurations
11-08 17:34:36.257  2055  2106 D IccSmsInterfaceManager: [IccSmsInterfaceManager] Failed to add GSM cell broadcast subscription for MID range 4371 to 4372 from client com.android.cellbroadcastreceiver
11-08 17:34:36.257  2055  2106 D IccSmsInterfaceManager: [IccSmsInterfaceManager] Calling setCdmaBroadcastConfig with 1 configurations
11-08 17:34:36.258  2055  2106 D IccSmsInterfaceManager: [IccSmsInterfaceManager] Failed to add cdma broadcast subscription for MID range 4097 to 4097 from client com.android.cellbroadcastreceiver
11-08 17:34:36.259  2055  2106 D IccSmsInterfaceManager: [IccSmsInterfaceManager] Calling setGsmBroadcastConfig with 1 configurations
11-08 17:34:36.259  2055  2106 D IccSmsInterfaceManager: [IccSmsInterfaceManager] Failed to add GSM cell broadcast subscription for MID range 4384 to 4385 from client com.android.cellbroadcastreceiver
11-08 17:34:36.260  2055  2106 D IccSmsInterfaceManager: [IccSmsInterfaceManager] Calling setGsmBroadcastConfig with 1 configurations
11-08 17:34:36.260  2055  2106 D IccSmsInterfaceManager: [IccSmsInterfaceManager] Failed to add GSM cell broadcast subscription for MID range 4373 to 4378 from client com.android.cellbroadcastreceiver
11-08 17:34:36.261  2055  2106 D IccSmsInterfaceManager: [IccSmsInterfaceManager] Calling setCdmaBroadcastConfig with 1 configurations
11-08 17:34:36.262  2055  2106 D IccSmsInterfaceManager: [IccSmsInterfaceManager] Failed to add cdma broadcast subscription for MID range 4098 to 4098 from client com.android.cellbroadcastreceiver
11-08 17:34:36.262  2055  2106 D IccSmsInterfaceManager: [IccSmsInterfaceManager] Calling setGsmBroadcastConfig with 1 configurations
11-08 17:34:36.263  2055  2106 D IccSmsInterfaceManager: [IccSmsInterfaceManager] Failed to add GSM cell broadcast subscription for MID range 4386 to 4391 from client com.android.cellbroadcastreceiver
11-08 17:34:36.263  2055  2102 D IccSmsInterfaceManager: [IccSmsInterfaceManager] Calling setGsmBroadcastConfig with 1 configurations
11-08 17:34:36.264  2055  2102 D IccSmsInterfaceManager: [IccSmsInterfaceManager] Failed to add GSM cell broadcast subscription for MID range 4379 to 4379 from client com.android.cellbroadcastreceiver
11-08 17:34:36.264  2055  2102 D IccSmsInterfaceManager: [IccSmsInterfaceManager] Calling setCdmaBroadcastConfig with 1 configurations
11-08 17:34:36.265  2055  2102 D IccSmsInterfaceManager: [IccSmsInterfaceManager] Failed to add cdma broadcast subscription for MID range 4099 to 4099 from client com.android.cellbroadcastreceiver
11-08 17:34:36.265  2055  2102 D IccSmsInterfaceManager: [IccSmsInterfaceManager] Calling setGsmBroadcastConfig with 1 configurations
