11-08 17:34:31.550  1728  1728 I PackageManager: /system/app/BluetoothMidiService changed; collecting certs
11-08 17:34:31.555  1728  1728 I PackageManager: /system/app/ExactCalculator changed; collecting certs
11-08 17:34:31.563  1728  1728 I PackageManager: /system/app/LiveWallpapersPicker changed; collecting certs
11-08 17:34:31.563  1728  1728 I PackageManager: /system/app/SecureElement changed; collecting certs
11-08 17:34:31.564  1728  1728 E PackageManager: Adding duplicate shared id: 1068 name=com.android.se
11-08 17:34:31.564  1728  1728 I PackageManager: /system/app/BookmarkProvider changed; collecting certs
11-08 17:34:31.578  1728  1728 I PackageManager: /system/app/BuiltInPrintService changed; collecting certs
11-08 17:34:31.583  1728  1728 I PackageManager: /system/app/BasicDreams changed; collecting certs
11-08 17:34:31.584  1728  1728 I PackageManager: /system/app/webview changed; collecting certs
11-08 17:34:31.586  1728  1852 W PackageParser: No actions in intent filter at /system/app/CarrierDefaultApp/CarrierDefaultApp.apk Binary XML file line #52
11-08 17:34:31.599  1728  1728 I PackageManager: /system/app/Camera2 changed; collecting certs
11-08 17:34:31.607  1728  1728 I PackageManager: /system/app/Calendar changed; collecting certs
11-08 17:34:31.608  1728  1728 I PackageManager: /system/app/PrintRecommendationService changed; collecting certs
11-08 17:34:31.609  1728  1728 I PackageManager: /system/app/EasterEgg changed; collecting certs
11-08 17:34:31.620  1728  1853 W PackageParser: Ignoring duplicate uses-permissions/uses-permissions-sdk-m: android.permission.CHANGE_WIFI_STATE in package: com.android.nfc at: Binary XML file line #47
11-08 17:34:31.620  1728  1853 W PackageParser: Ignoring duplicate uses-permissions/uses-permissions-sdk-m: android.permission.ACCESS_WIFI_STATE in package: com.android.nfc at: Binary XML file line #48
11-08 17:34:31.626  1728  1854 W PackageParser: Ignoring duplicate uses-permissions/uses-permissions-sdk-m: android.permission.READ_CONTACTS in package: com.android.bluetooth at: Binary XML file line #61
11-08 17:34:31.628  1728  1851 W PackageParser: Ignoring duplicate uses-permissions/uses-permissions-sdk-m: android.permission.WRITE_CONTACTS in package: com.android.email at: Binary XML file line #40
11-08 17:34:31.629  1728  1854 W PackageParser: No actions in intent filter at /system/app/Bluetooth/Bluetooth.apk Binary XML file line #227
11-08 17:34:31.631  1728  1728 I PackageManager: /system/app/CarrierDefaultApp changed; collecting certs
11-08 17:34:31.631  1728  1728 I PackageManager: /system/app/CompanionDeviceManager changed; collecting certs
11-08 17:34:31.632  1728  1728 I PackageManager: /system/app/Browser2 changed; collecting certs
11-08 17:34:31.633  1728  1728 I PackageManager: /system/app/HTMLViewer changed; collecting certs
11-08 17:34:31.634  1728  1728 I PackageManager: /system/app/Gallery2 changed; collecting certs
11-08 17:34:31.656  1728  1728 I PackageManager: /system/app/ExtShared changed; collecting certs
11-08 17:34:31.670  1728  1728 I PackageManager: /system/app/WallpaperBackup changed; collecting certs
11-08 17:34:31.671  1728  1728 E PackageManager: Adding duplicate shared id: 1000 name=com.android.wallpaperbackup
11-08 17:34:31.680  1728  1728 I PackageManager: /system/app/DeskClock changed; collecting certs
11-08 17:34:31.689  1728  1749 I system_server: Background concurrent copying GC freed 48937(4MB) AllocSpace objects, 62(1624KB) LOS objects, 42% free, 5MB/8MB, paused 23us total 109.286ms
11-08 17:34:31.691  1728  1728 I PackageManager: /system/app/PrintSpooler changed; collecting certs
11-08 17:34:31.692  1728  1728 I PackageManager: /system/app/Traceur changed; collecting certs
11-08 17:34:31.694  1728  1728 I PackageManager: /system/app/NfcNci changed; collecting certs
11-08 17:34:31.695  1728  1728 E PackageManager: Adding duplicate shared id: 1027 name=com.android.nfc
11-08 17:34:31.695  1728  1728 I PackageManager: /system/app/Email changed; collecting certs
11-08 17:34:31.696  1728  1728 I PackageManager: /system/app/Bluetooth changed; collecting certs
11-08 17:34:31.698  1728  1728 E PackageManager: Adding duplicate shared id: 1002 name=com.android.bluetooth
11-08 17:34:31.698  1728  1728 I PackageManager: /system/app/CertInstaller changed; collecting certs
11-08 17:34:31.699  1728  1728 I PackageManager: /system/app/PacProcessor changed; collecting certs
11-08 17:34:31.702  1728  1728 I PackageManager: /system/app/CaptivePortalLogin changed; collecting certs
11-08 17:34:31.704  1728  1728 I PackageManager: /system/app/LatinIME changed; collecting certs
11-08 17:34:31.705  1728  1728 I PackageManager: /system/app/messaging changed; collecting certs
11-08 17:34:31.707  1728  1728 I PackageManager: /system/app/Music changed; collecting certs
11-08 17:34:31.709  1728  1728 I PackageManager: /system/app/CtsShimPrebuilt changed; collecting certs
11-08 17:34:31.711  1728  1728 I PackageManager: /system/app/QuickSearchBox changed; collecting certs
11-08 17:34:31.712  1728  1728 I PackageManager: /system/app/WAPPushManager changed; collecting certs
11-08 17:34:31.717  1728  1728 D PackageManager: No files in app dir /vendor/priv-app
11-08 17:34:31.717  1728  1728 D PackageManager: No files in app dir /vendor/app
11-08 17:34:31.717  1728  1728 D PackageManager: No files in app dir /odm/priv-app
11-08 17:34:31.717  1728  1728 D PackageManager: No files in app dir /odm/app
11-08 17:34:31.717  1728  1728 D PackageManager: No files in app dir /oem/app
11-08 17:34:31.717  1728  1728 D PackageManager: No files in app dir /system/product/priv-app
11-08 17:34:31.717  1728  1728 D PackageManager: No files in app dir /system/product/app
11-08 17:34:31.717  1728  1728 I PackageManager: Finished scanning system apps. Time: 543 ms, packageCount: 88 , timePerPackage: 6 , cached: 0
11-08 17:34:31.718  1728  1728 D PackageManager: No files in app dir /data/app
11-08 17:34:31.718  1728  1728 D PackageManager: No files in app dir /data/app-private
11-08 17:34:31.718  1728  1728 I PackageManager: Finished scanning non-system apps. Time: 1 ms, packageCount: 0 , timePerPackage: 0 , cached: 0
11-08 17:34:31.719  1728  1728 I PackageManager: Time to scan packages: 0.545 seconds
11-08 17:34:31.731  1672  1697 I SELinux : SELinux: Loaded file_contexts
11-08 17:34:31.734  1672  1697 W installd: Requested default storage /data/user_de/0/com.android.providers.telephony is not active; migrating from /data/data/com.android.providers.telephony
11-08 17:34:31.740  1672  1672 W installd: Requested default storage /data/user_de/0/com.android.defcontainer is not active; migrating from /data/data/com.android.defcontainer
11-08 17:34:31.743  1672  1672 W installd: Requested default storage /data/user_de/0/android is not active; migrating from /data/data/android
11-08 17:34:31.746  1672  1672 W installd: Requested default storage /data/user_de/0/com.android.providers.settings is not active; migrating from /data/data/com.android.providers.settings
11-08 17:34:31.750  1672  1697 W installd: Requested default storage /data/user_de/0/com.android.inputdevices is not active; migrating from /data/data/com.android.inputdevices
11-08 17:34:31.758  1672  1672 W installd: Requested default storage /data/user_de/0/android.ext.shared is not active; migrating from /data/data/android.ext.shared
11-08 17:34:31.762  1672  1697 W installd: Requested default storage /data/user_de/0/com.android.server.telecom is not active; migrating from /data/data/com.android.server.telecom
11-08 17:34:31.775  1672  1697 W installd: Requested default storage /data/user_de/0/android.ext.services is not active; migrating from /data/data/android.ext.services
11-08 17:34:31.778  1672  1672 W installd: Requested default storage /data/user_de/0/com.android.packageinstaller is not active; migrating from /data/data/com.android.packageinstaller
11-08 17:34:31.782  1672  1697 W installd: Requested default storage /data/user_de/0/com.android.proxyhandler is not active; migrating from /data/data/com.android.proxyhandler
11-08 17:34:31.788  1672  1672 W installd: Requested default storage /data/user_de/0/com.android.inputmethod.latin is not active; migrating from /data/data/com.android.inputmethod.latin
11-08 17:34:31.792  1672  1672 W installd: Requested default storage /data/user_de/0/com.android.settings is not active; migrating from /data/data/com.android.settings
11-08 17:34:31.798  1856  1856 E ipv6proxy: Failed to forward Neighbor Solicitation for fe80::b01d:6ff:fe12:304f from radio0-peer to eth0: Cannot assign requested address
11-08 17:34:31.804  1859  1859 E hostapd : Configuration file: /vendor/etc/simulated_hostapd.conf
11-08 17:34:31.805  1672  1672 W installd: Requested default storage /data/user_de/0/com.android.phone is not active; migrating from /data/data/com.android.phone
11-08 17:34:31.809  1672  1672 W installd: Requested default storage /data/user_de/0/com.android.shell is not active; migrating from /data/data/com.android.shell
11-08 17:34:31.813  1672  1865 W installd: Requested default storage /data/user_de/0/com.android.location.fused is not active; migrating from /data/data/com.android.location.fused
11-08 17:34:31.819  1672  1861 W installd: Requested default storage /data/user_de/0/com.android.systemui is not active; migrating from /data/data/com.android.systemui
11-08 17:34:31.853  1728  1869 D SystemServerInitThreadPool: Started executing prepareAppData
11-08 17:34:31.860  1859  1859 I hostapd : rfkill: Cannot get wiphy information
11-08 17:34:31.865  1728  1869 D SystemServerTimingAsync: AppDataFixup took to complete: 12ms
11-08 17:34:31.866  1859  1859 I hostapd : wlan1: interface state UNINITIALIZED->COUNTRY_UPDATE
11-08 17:34:31.878  1728  1728 E PackageManager: There should probably be a verifier, but, none were found
11-08 17:34:31.881  1728  1728 D PackageManager: Ephemeral resolver NOT found; no matching intent filters
11-08 17:34:31.881  1728  1728 D PackageManager: Instant App installer not found with android.intent.action.INSTALL_INSTANT_APP_PACKAGE
11-08 17:34:31.881  1728  1728 D PackageManager: Clear ephemeral installer activity
11-08 17:34:31.928  1684  1809 I ServiceManager: Waiting for service package_native...
11-08 17:34:32.019  1672  1864 W installd: Requested default storage /data/user_de/0/com.android.cellbroadcastreceiver is not active; migrating from /data/data/com.android.cellbroadcastreceiver
11-08 17:34:32.039  1728  1728 I system_server: Explicit concurrent copying GC freed 50114(3MB) AllocSpace objects, 19(640KB) LOS objects, 42% free, 2MB/4MB, paused 13us total 111.468ms
11-08 17:34:32.040  1728  1728 D SystemServerTiming: StartPackageManagerService took to complete: 905ms
11-08 17:34:32.040  1728  1728 I SystemServer: StartOtaDexOptService
11-08 17:34:32.044  1728  1728 D OTADexopt: No upgrade, skipping A/B artifacts check.
11-08 17:34:32.044  1728  1728 D SystemServerTiming: StartOtaDexOptService took to complete: 4ms
11-08 17:34:32.044  1728  1728 I SystemServer: StartUserManagerService
11-08 17:34:32.044  1728  1728 I SystemServiceManager: Starting com.android.server.pm.UserManagerService$LifeCycle
11-08 17:34:32.045  1728  1728 D SystemServerTiming: StartUserManagerService took to complete: 1ms
11-08 17:34:32.045  1728  1728 I SystemServer: InitAttributerCache
11-08 17:34:32.048  1728  1728 D SystemServerTiming: InitAttributerCache took to complete: 3ms
11-08 17:34:32.048  1728  1728 I SystemServer: SetSystemProcess
11-08 17:34:32.074  1561  1561 I lowmemorykiller: lmkd data connection established
11-08 17:34:32.078  1483  1483 W hwservicemanager: getTransport: Cannot find entry android.hardware.soundtrigger@2.0::ISoundTriggerHw/default in either framework or device manifest.
11-08 17:34:32.079  1560  1560 E SoundTriggerHwService: could not read implementation properties
11-08 17:34:32.079  1728  1728 D SystemServerTiming: SetSystemProcess took to complete: 31ms
11-08 17:34:32.101  1672  1864 W installd: Requested default storage /data/user_de/0/com.android.providers.blockednumber is not active; migrating from /data/data/com.android.providers.blockednumber
11-08 17:34:32.132  1684  1809 I storaged: storaged: Start
11-08 17:34:32.132  1684  1809 E storaged: getDiskStats failed with result NOT_SUPPORTED and size 0
11-08 17:34:32.135  1672  1868 W installd: Requested default storage /data/user_de/0/com.android.emergency is not active; migrating from /data/data/com.android.emergency
11-08 17:34:32.146  1672  1672 W installd: Requested default storage /data/user_de/0/com.android.bluetooth is not active; migrating from /data/data/com.android.bluetooth
11-08 17:34:32.149  1728  1728 I SystemServer: StartOverlayManagerService
11-08 17:34:32.150  1728  1728 D SystemServerTiming: StartOverlayManagerService took to complete: 1ms
11-08 17:34:32.150  1728  1728 I SystemServer: StartBatteryService
11-08 17:34:32.150  1728  1728 I SystemServiceManager: Starting com.android.server.BatteryService
11-08 17:34:32.152  1728  1728 I android_os_HwBinder: HwBinder: Starting thread pool for default::android.hardware.health@2.0::IHealth
11-08 17:34:32.156  1728  1728 I android_os_HwBinder: HwBinder: Starting thread pool for default::android.hidl.manager@1.0::IServiceManager
11-08 17:34:32.156  1728  1728 I HealthServiceWrapper: health: HealthServiceWrapper listening to instance default
11-08 17:34:32.156  1728  1728 I BatteryService: health: Waited 0ms for callbacks. Waiting another 1000 ms...
11-08 17:34:32.159  1728  1869 D SystemServerTimingAsync: AppDataPrepare took to complete: 294ms
11-08 17:34:32.159  1728  1869 I PackageManager: Deferred reconcileAppsData finished 70 packages
11-08 17:34:32.159  1728  1869 D SystemServerInitThreadPool: Finished executing prepareAppData
11-08 17:34:32.173  1728  1884 D SystemServerInitThreadPool: Started executing StartSensorService
11-08 17:34:32.173  1728  1884 D SensorService: nuSensorService starting...
11-08 17:34:32.174  1728  1884 E SensorService: Reported power 0.000000 not deemed sane, clamping to 0.001000
11-08 17:34:32.175  1728  1883 D SystemServerInitThreadPool: Started executing Init OverlayManagerService
11-08 17:34:32.175  1728  1884 I SensorService: Generated new HMAC key.
11-08 17:34:32.175  1728  1889 D SensorService: nuSensorService thread starting...
11-08 17:34:32.177  1728  1884 D SystemServerTimingAsync: StartSensorService took to complete: 4ms
11-08 17:34:32.177  1728  1884 D SystemServerInitThreadPool: Finished executing StartSensorService
11-08 17:34:32.178  1728  1728 I BatteryService: health: Waited 22ms and received the update.
11-08 17:34:32.178  1728  1728 D SystemServerTiming: StartBatteryService took to complete: 28ms
11-08 17:34:32.178  1728  1728 I SystemServer: StartUsageService
11-08 17:34:32.178  1728  1728 I SystemServiceManager: Starting com.android.server.usage.UsageStatsService
11-08 17:34:32.179  1728  1886 I android_os_HwBinder: HwBinder: Starting thread pool for default::android.hardware.health@2.0::IHealth
11-08 17:34:32.180  1728  1888 D SensorService: new thread SensorEventAckReceiver
11-08 17:34:32.189  1728  1728 I UsageStatsDatabase: Upgrading from version 0 to 3
11-08 17:34:32.189  1728  1728 I UsageStatsDatabase: Deleting all usage stats files
11-08 17:34:32.190  1728  1728 I UsageStatsService: User[0] Rollover scheduled @ 2022-11-09 16:34:32(1668011672187)
11-08 17:34:32.190  1728  1728 D SystemServerTiming: StartUsageService took to complete: 12ms
11-08 17:34:32.190  1728  1728 I SystemServer: StartWebViewUpdateService
11-08 17:34:32.190  1728  1728 I SystemServiceManager: Starting com.android.server.webkit.WebViewUpdateService
11-08 17:34:32.192  1728  1728 D SystemServerTiming: StartWebViewUpdateService took to complete: 2ms
11-08 17:34:32.192  1728  1728 I SystemServer: StartBinderCallsStatsService
11-08 17:34:32.192  1728  1728 D SystemServerTiming: StartBinderCallsStatsService took to complete: 0ms
11-08 17:34:32.192  1728  1728 I SystemServer: StartKeyAttestationApplicationIdProviderService
11-08 17:34:32.192  1728  1795 D SystemServerInitThreadPool: Started executing SecondaryZygotePreload
11-08 17:34:32.192  1728  1795 I SystemServer: SecondaryZygotePreload
11-08 17:34:32.193  1728  1728 D SystemServerTiming: StartKeyAttestationApplicationIdProviderService took to complete: 1ms
11-08 17:34:32.193  1728  1728 I SystemServer: StartKeyChainSystemService
11-08 17:34:32.193  1728  1728 I SystemServiceManager: Starting com.android.server.security.KeyChainSystemService
11-08 17:34:32.193  1728  1728 D SystemServerTiming: StartKeyChainSystemService took to complete: 0ms
11-08 17:34:32.193  1728  1728 I SystemServer: StartSchedulingPolicyService
11-08 17:34:32.193  1728  1869 D SystemServerInitThreadPool: Started executing SchedulingPolicyService.<init>
11-08 17:34:32.195  1728  1728 D SystemServerTiming: StartSchedulingPolicyService took to complete: 2ms
11-08 17:34:32.195  1728  1728 I SystemServer: StartTelecomLoaderService
11-08 17:34:32.195  1728  1728 I SystemServiceManager: Starting com.android.server.telecom.TelecomLoaderService
11-08 17:34:32.195  1728  1869 I SchedulingPolicyService: Moving 1691 back to group default
11-08 17:34:32.195  1728  1869 D SystemServerInitThreadPool: Finished executing SchedulingPolicyService.<init>
11-08 17:34:32.196  1728  1728 D SystemServerTiming: StartTelecomLoaderService took to complete: 1ms
11-08 17:34:32.196  1728  1728 I SystemServer: StartTelephonyRegistry
11-08 17:34:32.196  1728  1728 D SystemServerTiming: StartTelephonyRegistry took to complete: 0ms
11-08 17:34:32.196  1728  1728 I SystemServer: StartEntropyMixer
11-08 17:34:32.196  1728  1728 W EntropyMixer: No existing entropy file -- first boot?
11-08 17:34:32.203  1728  1795 I Zygote  : Process: zygote socket RESERVED/zygote opened, supported ABIS: x86_64
11-08 17:34:32.208  1728  1728 I EntropyMixer: Added HW RNG output to entropy pool
11-08 17:34:32.208  1728  1728 I EntropyMixer: Writing entropy...
11-08 17:34:32.214  1728  1728 D SystemServerTiming: StartEntropyMixer took to complete: 18ms
11-08 17:34:32.214  1728  1728 I SystemServer: StartAccountManagerService
11-08 17:34:32.214  1728  1728 I SystemServiceManager: Starting com.android.server.accounts.AccountManagerService$Lifecycle
11-08 17:34:32.218  1728  1728 D SystemServerTiming: StartAccountManagerService took to complete: 4ms
11-08 17:34:32.218  1728  1728 I SystemServer: StartContentService
11-08 17:34:32.218  1728  1728 I SystemServiceManager: Starting com.android.server.content.ContentService$Lifecycle
11-08 17:34:32.220  1728  1728 D SystemServerTiming: StartContentService took to complete: 2ms
11-08 17:34:32.220  1728  1728 I SystemServer: InstallSystemProviders
11-08 17:34:32.223  1728  1795 I Zygote  : Process: zygote socket RESERVED/zygote_secondary opened, supported ABIS: x86
11-08 17:34:32.225  1728  1728 I system_server: The ClassLoaderContext is a special shared library.
11-08 17:34:32.229  1890  1890 W ResourceType: CREATING STRING CACHE OF 80864 bytes
11-08 17:34:32.234  1668  1668 I Zygote  : Lazily preloading resources.
11-08 17:34:32.234  1668  1668 D Zygote  : begin preload
11-08 17:34:32.234  1668  1668 I Zygote  : Installing ICU cache reference pinning...
11-08 17:34:32.234  1668  1668 I Zygote  : Preloading ICU data...
11-08 17:34:32.251  1728  1728 I SettingsState: No settings state /data/system/users/0/settings_system.xml
11-08 17:34:32.253  1668  1668 D ZygoteInitTiming_lazy: BeginIcuCachePinning took to complete: 19ms
11-08 17:34:32.253  1668  1668 I Zygote  : Preloading classes...
11-08 17:34:32.258  1728  1728 I SettingsState: No settings state /data/system/users/0/settings_secure.xml
11-08 17:34:32.260  1728  1728 D SettingsProvider: Generated and saved new ANDROID_ID [94195e3e35e34e54] for user 0
11-08 17:34:32.267  1890  1890 W ResourceType: idmap: overlaid 7 resources not marked overlayable
11-08 17:34:32.285  1728  1728 I SettingsState: No settings state /data/system/users/0/settings_global.xml
11-08 17:34:32.301  1728  1728 D SettingsProvider: Setting [] as Autofill Service for user 0
11-08 17:34:32.310  1728  1728 I SettingsState: No settings state /data/system/users/0/settings_ssaid.xml
11-08 17:34:32.313  1728  1728 D SystemServerTiming: InstallSystemProviders took to complete: 93ms
11-08 17:34:32.313  1728  1728 I SystemServer: StartDropBoxManager
11-08 17:34:32.313  1728  1728 I SystemServiceManager: Starting com.android.server.DropBoxManagerService
11-08 17:34:32.314  1728  1728 D SystemServerTiming: StartDropBoxManager took to complete: 1ms
11-08 17:34:32.314  1728  1728 I SystemServer: StartVibratorService
11-08 17:34:32.314  1483  1483 W hwservicemanager: getTransport: Cannot find entry android.hardware.vibrator@1.0::IVibrator/default in either framework or device manifest.
11-08 17:34:32.315  1483  1483 W hwservicemanager: getTransport: Cannot find entry android.hardware.vibrator@1.0::IVibrator/default in either framework or device manifest.
11-08 17:34:32.315  1728  1728 E VibratorService: vibratorOff command failed (1).
11-08 17:34:32.315  1483  1483 W hwservicemanager: getTransport: Cannot find entry android.hardware.vibrator@1.0::IVibrator/default in either framework or device manifest.
11-08 17:34:32.315  1728  1728 D SystemServerTiming: StartVibratorService took to complete: 1ms
11-08 17:34:32.315  1728  1728 I SystemServer: StartConsumerIrService
11-08 17:34:32.315  1483  1483 W hwservicemanager: getTransport: Cannot find entry android.hardware.ir@1.0::IConsumerIr/default in either framework or device manifest.
11-08 17:34:32.316  1728  1728 D SystemServerTiming: StartConsumerIrService took to complete: 1ms
11-08 17:34:32.316  1728  1728 I SystemServer: StartAlarmManagerService
11-08 17:34:32.316  1728  1728 I SystemServiceManager: Starting com.android.server.AlarmManagerService
11-08 17:34:32.316  1728  1728 W AlarmManagerService: no wall clock RTC found
11-08 17:34:32.316  1728  1728 D AlarmManagerService: Kernel timezone updated to 0 minutes west of GMT
11-08 17:34:32.317  1728  1728 D SystemServerTiming: StartAlarmManagerService took to complete: 1ms
11-08 17:34:32.317  1728  1728 I SystemServer: InitWatchdog
11-08 17:34:32.317  1728  1728 D SystemServerTiming: InitWatchdog took to complete: 0ms
11-08 17:34:32.317  1728  1728 I SystemServer: StartInputManagerService
11-08 17:34:32.320  1728  1728 I InputManager: Initializing input manager, mUseDevInputEventForAudioJack=true
11-08 17:34:32.320  1728  1728 D SystemServerTiming: StartInputManagerService took to complete: 3ms
11-08 17:34:32.320  1728  1728 I SystemServer: StartWindowManagerService
11-08 17:34:32.320  1668  1668 I PackageBackwardCompatibility: Loaded android.content.pm.OrgApacheHttpLegacyUpdater
11-08 17:34:32.320  1668  1668 I PackageBackwardCompatibility: Could not find android.content.pm.AndroidTestBaseUpdater, ignoring
11-08 17:34:32.324  1728  1820 I WindowManager: No existing display settings /data/system/display_settings.xml; starting empty
11-08 17:34:32.328  1728  1728 D SystemServerTiming: StartWindowManagerService took to complete: 8ms
11-08 17:34:32.328  1728  1728 I SystemServer: SetWindowManagerService
11-08 17:34:32.348  1728  1728 D SystemServerTiming: SetWindowManagerService took to complete: 20ms
11-08 17:34:32.348  1728  1728 I SystemServer: WindowManagerServiceOnInitReady
11-08 17:34:32.354  1728  1728 D SystemServerTiming: WindowManagerServiceOnInitReady took to complete: 6ms
11-08 17:34:32.354  1728  1884 D SystemServerInitThreadPool: Started executing StartHidlServices
11-08 17:34:32.355  1728  1884 D SystemServerTimingAsync: StartHidlServices took to complete: 1ms
11-08 17:34:32.355  1728  1884 D SystemServerInitThreadPool: Finished executing StartHidlServices
11-08 17:34:32.355  1728  1728 I SystemServer: StartVrManagerService
11-08 17:34:32.355  1728  1728 I SystemServiceManager: Starting com.android.server.vr.VrManagerService
11-08 17:34:32.356  1483  1483 W hwservicemanager: getTransport: Cannot find entry android.hardware.vr@1.0::IVr/default in either framework or device manifest.
11-08 17:34:32.356  1728  1728 W VrManagerService: init_native: Could not open IVr interface
11-08 17:34:32.356  1728  1728 D SystemServerTiming: StartVrManagerService took to complete: 1ms
11-08 17:34:32.356  1728  1728 I SystemServer: StartInputManager
11-08 17:34:32.356  1728  1728 I InputManager: Starting input manager
11-08 17:34:32.360  1728  1728 D SystemServerTiming: StartInputManager took to complete: 4ms
11-08 17:34:32.360  1728  1728 I SystemServer: DisplayManagerWindowManagerAndInputReady
11-08 17:34:32.360  1728  1728 D SystemServerTiming: DisplayManagerWindowManagerAndInputReady took to complete: 0ms
11-08 17:34:32.360  1728  1728 I SystemServer: No Bluetooth Service (emulator)
11-08 17:34:32.360  1728  1728 I SystemServer: IpConnectivityMetrics
11-08 17:34:32.360  1728  1728 I SystemServiceManager: Starting com.android.server.connectivity.IpConnectivityMetrics
11-08 17:34:32.362  1728  1728 D SystemServerTiming: IpConnectivityMetrics took to complete: 2ms
11-08 17:34:32.362  1728  1728 I SystemServer: NetworkWatchlistService
11-08 17:34:32.362  1728  1728 I SystemServiceManager: Starting com.android.server.net.watchlist.NetworkWatchlistService$Lifecycle
11-08 17:34:32.372  1728  1897 D EventHub: No input device configuration file found for device 'Power Button'.
11-08 17:34:32.377  1728  1897 W EventHub: Unable to disable kernel key repeat for /dev/input/event0: Function not implemented
11-08 17:34:32.377  1728  1897 I EventHub: wakeMechanism=EPOLLWAKEUP, usingClockIoctl=true
11-08 17:34:32.377  1728  1897 I EventHub: New device: id=1, fd=107, path='/dev/input/event0', name='Power Button', classes=0x1, configuration='', keyLayout='/system/usr/keylayout/Generic.kl', keyCharacterMap='/system/usr/keychars/Generic.kcm', builtinKeyboard=false, 
11-08 17:34:32.377  1728  1897 E EventHub: could not get driver version for /dev/input/mouse0, Not a typewriter
11-08 17:34:32.378  1728  1728 D SystemServerTiming: NetworkWatchlistService took to complete: 16ms
11-08 17:34:32.378  1728  1728 I SystemServer: PinnerService
11-08 17:34:32.378  1728  1728 I SystemServiceManager: Starting com.android.server.PinnerService
11-08 17:34:32.379  1728  1728 D SystemServerTiming: PinnerService took to complete: 1ms
11-08 17:34:32.379  1728  1728 I SystemServer: StartInputMethodManagerLifecycle
11-08 17:34:32.379  1728  1728 I SystemServiceManager: Starting com.android.server.InputMethodManagerService$Lifecycle
11-08 17:34:32.395  1728  1898 I WatchlistLoggingHandler: Start aggregating watchlist records.
11-08 17:34:32.397  1728  1728 D SystemServerTiming: StartInputMethodManagerLifecycle took to complete: 18ms
11-08 17:34:32.397  1728  1728 I SystemServer: StartAccessibilityManagerService
11-08 17:34:32.398  1728  1728 D SystemServerTiming: StartAccessibilityManagerService took to complete: 1ms
11-08 17:34:32.398  1728  1728 I SystemServer: MakeDisplayReady
11-08 17:34:32.399  1728  1728 I ActivityManager: Config changes=20005df8 {1.0 ?mcc?mnc [en_US] ldltr sw320dp w320dp h640dp 160dpi nrml long port ?uimode ?night -touch -keyb/h/h -nav/h winConfig={ mBounds=Rect(0, 0 - 0, 0) mAppBounds=Rect(0, 0 - 320, 640) mWindowingMode=fullscreen mActivityType=undefined} s.2}
11-08 17:34:32.400  1728  1728 I ActivityManager: Override config changes=60007dfc {1.0 ?mcc?mnc [en_US] ldltr sw320dp w320dp h640dp 160dpi nrml long port ?uimode ?night -touch -keyb/h/h -nav/h winConfig={ mBounds=Rect(0, 0 - 320, 640) mAppBounds=Rect(0, 0 - 320, 640) mWindowingMode=fullscreen mActivityType=undefined} s.2} for displayId=0
11-08 17:34:32.410  1728  1728 W LocalDisplayAdapter: Unable to find color mode 0, ignoring request.
11-08 17:34:32.411  1728  1728 I ActivityManager: Config changes=400 {1.0 ?mcc?mnc [en_US] ldltr sw320dp w320dp h616dp 160dpi nrml long port ?uimode ?night -touch -keyb/h/h -nav/h winConfig={ mBounds=Rect(0, 0 - 0, 0) mAppBounds=Rect(0, 0 - 320, 640) mWindowingMode=fullscreen mActivityType=undefined} s.3}
11-08 17:34:32.413  1728  1728 I ActivityManager: Override config changes=400 {1.0 ?mcc?mnc [en_US] ldltr sw320dp w320dp h616dp 160dpi nrml long port ?uimode ?night -touch -keyb/h/h -nav/h winConfig={ mBounds=Rect(0, 0 - 320, 640) mAppBounds=Rect(0, 0 - 320, 640) mWindowingMode=fullscreen mActivityType=undefined} s.3} for displayId=0
11-08 17:34:32.414  1728  1728 W LocalDisplayAdapter: Unable to find color mode 0, ignoring request.
11-08 17:34:32.415  1728  1728 D SystemServerTiming: MakeDisplayReady took to complete: 17ms
11-08 17:34:32.415  1728  1728 I SystemServer: StartStorageManagerService
11-08 17:34:32.415  1728  1728 I SystemServiceManager: Starting com.android.server.StorageManagerService$Lifecycle
11-08 17:34:32.415  1893  1893 W ResourceType: CREATING STRING CACHE OF 80864 bytes
11-08 17:34:32.421  1728  1897 W EventHub: Unable to disable kernel key repeat for /dev/input/event1: Function not implemented
11-08 17:34:32.421  1728  1897 I EventHub: wakeMechanism=EPOLLWAKEUP, usingClockIoctl=true
11-08 17:34:32.421  1728  1897 I EventHub: New device: id=2, fd=111, path='/dev/input/event1', name='qwerty2', classes=0xbd, configuration='/system/usr/idc/qwerty2.idc', keyLayout='/system/usr/keylayout/qwerty.kl', keyCharacterMap='/system/usr/keychars/qwerty2.kcm', builtinKeyboard=true, 
11-08 17:34:32.421  1728  1897 E EventHub: could not get driver version for /dev/input/mice, Not a typewriter
11-08 17:34:32.422  1728  1728 D SystemServerTiming: StartStorageManagerService took to complete: 7ms
11-08 17:34:32.422  1728  1728 I SystemServer: StartStorageStatsService
11-08 17:34:32.422  1728  1728 I SystemServiceManager: Starting com.android.server.usage.StorageStatsService$Lifecycle
11-08 17:34:32.422  1672  1880 D installd: Found quota mount /dev/block/dm-0 at /data
11-08 17:34:32.423  1672  1880 E installd: Failed to enable USRQUOTA on /dev/block/dm-0: File exists
11-08 17:34:32.423  1672  1880 E installd: Failed to enable GRPQUOTA on /dev/block/dm-0: File exists
11-08 17:34:32.423  1672  1880 D installd: Found quota mount /dev/block/dm-0 at /data
11-08 17:34:32.423  1672  1880 E installd: Failed to enable USRQUOTA on /dev/block/dm-0: File exists
11-08 17:34:32.423  1672  1880 E installd: Failed to enable GRPQUOTA on /dev/block/dm-0: File exists
11-08 17:34:32.423  1728  1728 D SystemServerTiming: StartStorageStatsService took to complete: 1ms
11-08 17:34:32.423  1728  1728 I SystemServer: StartUiModeManager
11-08 17:34:32.423  1728  1728 I SystemServiceManager: Starting com.android.server.UiModeManagerService
11-08 17:34:32.424  1728  1869 D SystemServerInitThreadPool: Started executing UiModeManager.onStart
11-08 17:34:32.425  1728  1728 D SystemServerTiming: StartUiModeManager took to complete: 2ms
11-08 17:34:32.425  1728  1728 I SystemServer: UpdatePackagesIfNeeded
11-08 17:34:32.426  1728  1869 I ActivityManager: Config changes=200 {1.0 ?mcc?mnc [en_US] ldltr sw320dp w320dp h616dp 160dpi nrml long port -touch -keyb/h/h -nav/h winConfig={ mBounds=Rect(0, 0 - 0, 0) mAppBounds=Rect(0, 0 - 320, 640) mWindowingMode=fullscreen mActivityType=undefined} s.4}
11-08 17:34:32.427  1728  1869 I ActivityManager: Override config changes=200 {1.0 ?mcc?mnc [en_US] ldltr sw320dp w320dp h616dp 160dpi nrml long port -touch -keyb/h/h -nav/h winConfig={ mBounds=Rect(0, 0 - 320, 640) mAppBounds=Rect(0, 0 - 320, 640) mWindowingMode=fullscreen mActivityType=undefined} s.4} for displayId=0
11-08 17:34:32.427  1728  1869 D SystemServerInitThreadPool: Finished executing UiModeManager.onStart
11-08 17:34:32.428  1728  1899 D StorageManagerService: Thinking about init, mSystemReady=false, mDaemonConnected=true
11-08 17:34:32.428  1728  1899 D StorageManagerService: Thinking about reset, mSystemReady=false, mDaemonConnected=true
11-08 17:34:32.430  1728  1728 I system_server: The ClassLoaderContext is a special shared library.
11-08 17:34:32.440  1728  1728 I chatty  : uid=1000 system_server identical 5 lines
11-08 17:34:32.443  1728  1728 I system_server: The ClassLoaderContext is a special shared library.
11-08 17:34:32.451  1728  1897 I InputReader: Device added: id=-1, name='Virtual', sources=0x00000301
11-08 17:34:32.452  1728  1897 I InputReader:   Touch device 'qwerty2' could not query the properties of its associated display.  The device will be inoperable until the display size becomes available.
11-08 17:34:32.452  1728  1897 I InputReader: Device added: id=0, name='qwerty2', sources=0x80015307
11-08 17:34:32.452  1728  1897 I InputReader: Device added: id=1, name='Power Button', sources=0x00000101
11-08 17:34:32.452  1728  1897 I InputReader: Reconfiguring input devices.  changes=0x00000004
11-08 17:34:32.452  1728  1897 I InputReader: Device reconfigured: id=0, name='qwerty2', size 320x640, orientation 0, mode 1, display id 0
11-08 17:34:32.452  1728  1896 I ActivityManager: Config changes=68 {1.0 ?mcc?mnc [en_US] ldltr sw320dp w320dp h616dp 160dpi nrml long port finger -keyb/h/h tball/v winConfig={ mBounds=Rect(0, 0 - 0, 0) mAppBounds=Rect(0, 0 - 320, 640) mWindowingMode=fullscreen mActivityType=undefined} s.5}
11-08 17:34:32.453  1728  1896 I ActivityManager: Override config changes=68 {1.0 ?mcc?mnc [en_US] ldltr sw320dp w320dp h616dp 160dpi nrml long port finger -keyb/h/h tball/v winConfig={ mBounds=Rect(0, 0 - 320, 640) mAppBounds=Rect(0, 0 - 320, 640) mWindowingMode=fullscreen mActivityType=undefined} s.5} for displayId=0
11-08 17:34:32.459  1728  1728 I system_server: The ClassLoaderContext is a special shared library.
11-08 17:34:32.459  1893  1893 W ResourceType: idmap: overlaid 7 resources not marked overlayable
11-08 17:34:32.463  1728  1728 I system_server: The ClassLoaderContext is a special shared library.
11-08 17:34:32.535  1728  1728 I chatty  : uid=1000 system_server identical 24 lines
11-08 17:34:32.538  1728  1728 I system_server: The ClassLoaderContext is a special shared library.
11-08 17:34:32.538  1728  1728 I PackageManager.DexOptimizer: Running dexopt (dexoptNeeded=1) on: /system/app/EasterEgg/EasterEgg.apk pkg=com.android.egg isa=x86_64 dexoptFlags=public targetFilter=quicken oatDir=null classLoaderContext=PCL[]
11-08 17:34:32.542  1900  1900 W ResourceType: CREATING STRING CACHE OF 80864 bytes
11-08 17:34:32.571  1900  1900 W ResourceType: idmap: overlaid 7 resources not marked overlayable
11-08 17:34:32.602  1901  1901 W dex2oat : Unexpected CPU variant for X86 using defaults: x86_64
11-08 17:34:32.603  1901  1901 I dex2oat : /system/bin/dex2oat --input-vdex-fd=-1 --output-vdex-fd=10 --compiler-filter=quicken --classpath-dir=/system/app/EasterEgg --class-loader-context=PCL[] --generate-mini-debug-info --compact-dex-level=none --compilation-reason=first-boot
11-08 17:34:32.697  1668  1668 E ActivityRecognitionHardware: activity_recognition HAL is deprecated. class_init is effectively a no-op
11-08 17:34:32.790  1856  1856 E ipv6proxy: Failed to forward Router Advertisement from eth0 to wlan1: Cannot assign requested address
11-08 17:34:32.790  1856  1856 E ipv6proxy: Failed to forward Router Advertisement from eth0 to radio0-peer: Cannot assign requested address
11-08 17:34:32.798  1668  1668 I zygote  : Thread[1,tid=1668,Native,Thread*=0xe6fcc000,peer=0x12c40000,"main"] recursive attempt to load library "/system/lib/libmedia_jni.so"
11-08 17:34:32.798  1668  1668 D MtpDeviceJNI: register_android_mtp_MtpDevice
11-08 17:34:32.799  1668  1668 I zygote  : Thread[1,tid=1668,Native,Thread*=0xe6fcc000,peer=0x12c40000,"main"] recursive attempt to load library "/system/lib/libmedia_jni.so"
11-08 17:34:32.799  1668  1668 I zygote  : Thread[1,tid=1668,Native,Thread*=0xe6fcc000,peer=0x12c40000,"main"] recursive attempt to load library "/system/lib/libmedia_jni.so"
11-08 17:34:32.932  1901  1901 I dex2oat : dex2oat took 332.155ms (134.771ms cpu) (threads: 1) arena alloc=776B (776B) java alloc=458KB (469608B) native alloc=2009KB (2058064B) free=1062KB (1087664B)
11-08 17:34:32.937  1728  1728 I system_server: The ClassLoaderContext is a special shared library.
11-08 17:34:32.953  1728  1728 I chatty  : uid=1000 system_server identical 8 lines
11-08 17:34:32.954  1728  1728 I system_server: The ClassLoaderContext is a special shared library.
11-08 17:34:32.955  1668  1668 I Zygote  : ...preloaded 6535 classes in 702ms.
11-08 17:34:32.955  1668  1668 I zygote  : VMRuntime.preloadDexCaches starting
11-08 17:34:32.956  1728  1728 I system_server: The ClassLoaderContext is a special shared library.
11-08 17:34:33.008  1728  1728 I chatty  : uid=1000 system_server identical 24 lines
11-08 17:34:33.011  1728  1728 I system_server: The ClassLoaderContext is a special shared library.
11-08 17:34:33.019  1668  1668 I zygote  : VMRuntime.preloadDexCaches strings total=339019 before=12306 after=12306
11-08 17:34:33.019  1668  1668 I zygote  : VMRuntime.preloadDexCaches types total=31350 before=7821 after=7822
11-08 17:34:33.019  1668  1668 I zygote  : VMRuntime.preloadDexCaches fields total=140736 before=9181 after=9181
11-08 17:34:33.019  1668  1668 I zygote  : VMRuntime.preloadDexCaches methods total=247731 before=12783 after=12783
11-08 17:34:33.019  1668  1668 I zygote  : VMRuntime.preloadDexCaches finished
11-08 17:34:33.019  1668  1668 D ZygoteInitTiming_lazy: PreloadClasses took to complete: 766ms
11-08 17:34:33.020  1904  1904 W ResourceType: CREATING STRING CACHE OF 61248 bytes
11-08 17:34:33.020  1728  1728 I system_server: The ClassLoaderContext is a special shared library.
11-08 17:34:33.033  1728  1728 I chatty  : uid=1000 system_server identical 6 lines
11-08 17:34:33.037  1728  1728 I system_server: The ClassLoaderContext is a special shared library.
11-08 17:34:33.038  1904  1904 W ResourceType: idmap: overlaid 2 resources not marked overlayable
11-08 17:34:33.039  1728  1728 I system_server: The ClassLoaderContext is a special shared library.
11-08 17:34:33.041  1728  1728 D SystemServerTiming: UpdatePackagesIfNeeded took to complete: 616ms
11-08 17:34:33.041  1728  1728 I SystemServer: PerformFstrimIfNeeded
11-08 17:34:33.041  1728  1728 W PackageManager: No disk maintenance in 1667925273041; running immediately
11-08 17:34:33.041  1728  1728 D SystemServerTiming: PerformFstrimIfNeeded took to complete: 0ms
11-08 17:34:33.041  1728  1728 I SystemServer: StartLockSettingsService
11-08 17:34:33.041  1728  1728 I SystemServiceManager: Starting com.android.server.locksettings.LockSettingsService$Lifecycle
11-08 17:34:33.041  1728  1899 I StorageManagerService: Running fstrim idle maintenance
11-08 17:34:33.045  1728  1728 D SystemServerTiming: StartLockSettingsService took to complete: 4ms
11-08 17:34:33.040  1728  1728 I system_server: The ClassLoaderContext is a special shared library.
11-08 17:34:33.046  1483  1483 W hwservicemanager: getTransport: Cannot find entry android.hardware.oemlock@1.0::IOemLock/default in either framework or device manifest.
11-08 17:34:33.046  1728  1728 I OemLock : OemLock HAL not present on device
11-08 17:34:33.046  1728  1728 I SystemServer: StartDeviceIdleController
11-08 17:34:33.046  1728  1728 I SystemServiceManager: Starting com.android.server.DeviceIdleController
11-08 17:34:33.048  1728  1728 D SystemServerTiming: StartDeviceIdleController took to complete: 2ms
11-08 17:34:33.048  1728  1728 I SystemServer: StartDevicePolicyManager
11-08 17:34:33.048  1728  1728 I SystemServiceManager: Starting com.android.server.devicepolicy.DevicePolicyManagerService$Lifecycle
11-08 17:34:33.053  1728  1728 D SystemServerTiming: StartDevicePolicyManager took to complete: 5ms
11-08 17:34:33.053  1728  1728 I SystemServer: StartStatusBarManagerService
11-08 17:34:33.053  1728  1728 D SystemServerTiming: StartStatusBarManagerService took to complete: 0ms
11-08 17:34:33.053  1728  1728 I SystemServer: StartClipboardService
11-08 17:34:33.053  1728  1728 I SystemServiceManager: Starting com.android.server.clipboard.ClipboardService
11-08 17:34:33.053  1728  1728 D SystemServerTiming: StartClipboardService took to complete: 0ms
11-08 17:34:33.053  1728  1728 I SystemServer: StartNetworkManagementService
11-08 17:34:33.054  1491  1905 D vold    : Starting trim of /data
11-08 17:34:33.055  1491  1905 W vold    : Trim failed on /data: Operation not supported on transport endpoint
11-08 17:34:33.058  1728  1909 I NetworkManagement: onDaemonConnected()
11-08 17:34:33.058  1728  1728 D SystemServerTiming: StartNetworkManagementService took to complete: 5ms
11-08 17:34:33.058  1728  1728 I SystemServer: StartIpSecService
11-08 17:34:33.059  1728  1728 D SystemServerTiming: StartIpSecService took to complete: 1ms
11-08 17:34:33.059  1728  1728 I SystemServer: StartTextServicesManager
11-08 17:34:33.059  1728  1728 I SystemServiceManager: Starting com.android.server.TextServicesManagerService$Lifecycle
11-08 17:34:33.059  1728  1728 D SystemServerTiming: StartTextServicesManager took to complete: 0ms
11-08 17:34:33.059  1728  1728 I SystemServer: StartTextClassificationManagerService
11-08 17:34:33.059  1728  1728 I SystemServiceManager: Starting com.android.server.textclassifier.TextClassificationManagerService$Lifecycle
11-08 17:34:33.059  1728  1728 D SystemServerTiming: StartTextClassificationManagerService took to complete: 0ms
11-08 17:34:33.059  1728  1728 I SystemServer: StartNetworkScoreService
11-08 17:34:33.059  1728  1728 I SystemServiceManager: Starting com.android.server.NetworkScoreService$Lifecycle
11-08 17:34:33.060  1728  1728 I NetworkScoreService: Registering network_score
11-08 17:34:33.060  1728  1728 D SystemServerTiming: StartNetworkScoreService took to complete: 1ms
11-08 17:34:33.060  1728  1728 I SystemServer: StartNetworkStatsService
11-08 17:34:33.074  1728  1728 D SystemServerTiming: StartNetworkStatsService took to complete: 14ms
11-08 17:34:33.074  1728  1728 I SystemServer: StartNetworkPolicyManagerService
11-08 17:34:33.080  1728  1728 D SystemServerTiming: StartNetworkPolicyManagerService took to complete: 6ms
11-08 17:34:33.080  1728  1728 I SystemServer: StartWifi
11-08 17:34:33.088  1728  1728 I SystemServiceManager: Starting com.android.server.wifi.WifiService
11-08 17:34:33.107  1906  1906 W ResourceType: CREATING STRING CACHE OF 80864 bytes
11-08 17:34:33.134  1728  1728 D WifiApConfigStore: 2G band allowed channels are:1,6,11
11-08 17:34:33.134  1728  1728 E WifiApConfigStore: Error reading hotspot configuration java.io.FileNotFoundException: /data/misc/wifi/softap.conf (No such file or directory)
11-08 17:34:33.134  1728  1728 D WifiApConfigStore: Fallback to use default AP configuration
11-08 17:34:33.138  1728  1728 I WifiScoringParams: rssi2=-85:-85:-73:-60,rssi5=-82:-82:-70:-57,pps=0:1:100,horizon=15,nud=8,expid=0
11-08 17:34:33.153  1906  1906 W ResourceType: idmap: overlaid 6 resources not marked overlayable
11-08 17:34:33.156  1728  1883 D SystemServerInitThreadPool: Finished executing Init OverlayManagerService
11-08 17:34:33.162  1668  1668 I Zygote  : Preloading resources...
11-08 17:34:33.166  1728  1728 D WifiStateMachine: EnableConnectedMacRandomization Setting changed to false
11-08 17:34:33.166  1728  1728 E WifiStateMachine: getWifiLinkLayerStats called without an interface
11-08 17:34:33.169  1668  1668 W Resources: Preloaded drawable resource #0x1080265 (android:drawable/dialog_background_material) that varies with configuration!!
11-08 17:34:33.170  1728  1728 D WifiStateMachinePrime: Starting Wifi in WifiDisabledState
11-08 17:34:33.170  1728  1728 D WifiOpenNetworkNotifier: Settings toggle enabled=true
11-08 17:34:33.170  1728  1728 D WifiCarrierNetworkNotifier: Settings toggle enabled=true
11-08 17:34:33.171  1728  1728 D WakeupController: WifiWake enabled
11-08 17:34:33.171  1728  1915 D WifiStateMachinePrime: Entering WifiDisabledState
11-08 17:34:33.171  1728  1915 D ActiveModeManager: sending scan available broadcast: false
11-08 17:34:33.172  1728  1728 D WifiController: isAirplaneModeOn = false, isWifiEnabled = true, isScanningAvailable = false, isLocationModeActive = false
11-08 17:34:33.173  1728  1728 E SupplicantStaIfaceHal: Can't call setDebugParams, ISupplicant is null
11-08 17:34:33.173  1728  1728 W WifiDiags: no ring buffers found
11-08 17:34:33.173  1728  1728 W WifiDiags: Failed to start packet fate monitoring
11-08 17:34:33.173  1728  1728 I WifiService: Registering wifi
11-08 17:34:33.173  1728  1728 D SystemServerTiming: StartWifi took to complete: 93ms
11-08 17:34:33.173  1728  1728 I SystemServer: StartWifiScanning
11-08 17:34:33.174  1728  1728 I SystemServiceManager: Starting com.android.server.wifi.scanner.WifiScanningService
11-08 17:34:33.174  1728  1728 I WifiScanningService: Creating wifiscanner
11-08 17:34:33.183  1668  1668 I Zygote  : ...preloaded 64 resources in 20ms.
11-08 17:34:33.184  1668  1668 I Zygote  : ...preloaded 41 resources in 1ms.
11-08 17:34:33.185  1668  1668 D ZygoteInitTiming_lazy: PreloadResources took to complete: 165ms
11-08 17:34:33.186  1728  1728 I WifiScanningService: Publishing wifiscanner
11-08 17:34:33.186  1728  1728 D SystemServerTiming: StartWifiScanning took to complete: 13ms
11-08 17:34:33.186  1728  1728 I SystemServer: StartWifiP2P
11-08 17:34:33.186  1728  1728 I SystemServiceManager: Starting com.android.server.wifi.p2p.WifiP2pService
11-08 17:34:33.192  1668  1668 D libEGL  : Emulator has host GPU support, qemu.gles is set to 1.
11-08 17:34:33.194  1668  1668 E vndksupport: Could not load /vendor/lib/egl/libGLES_emulation.so from sphal namespace: dlopen failed: library "/vendor/lib/egl/libGLES_emulation.so" not found.
11-08 17:34:33.194  1668  1668 E libEGL  : load_driver(/vendor/lib/egl/libGLES_emulation.so): unknown
11-08 17:34:33.194  1728  1728 W HalDevMgr: isWifiStarted called but mWifi is null!?
11-08 17:34:33.194  1728  1728 I WifiP2pService: Registering wifip2p
11-08 17:34:33.195  1728  1728 D SystemServerTiming: StartWifiP2P took to complete: 9ms
11-08 17:34:33.195  1728  1728 I SystemServer: StartConnectivityService
11-08 17:34:33.196  1728  1728 D ConnectivityService: ConnectivityService starting up
11-08 17:34:33.197  1728  1728 D ConnectivityService: wifiOnly=false
11-08 17:34:33.202  1728  1728 D SystemServerTiming: StartConnectivityService took to complete: 7ms
11-08 17:34:33.202  1728  1728 I SystemServer: StartNsdService
11-08 17:34:33.203  1728  1728 D NsdService: Network service discovery is enabled
11-08 17:34:33.205  1728  1728 D SystemServerTiming: StartNsdService took to complete: 3ms
11-08 17:34:33.205  1728  1728 I SystemServer: StartSystemUpdateManagerService
11-08 17:34:33.205  1728  1728 I SystemUpdateManagerService: No existing info file /data/system/system-update-info.xml
11-08 17:34:33.206  1668  1668 D libEGL  : loaded /vendor/lib/egl/libEGL_emulation.so
11-08 17:34:33.207  1728  1728 D SystemServerTiming: StartSystemUpdateManagerService took to complete: 2ms
11-08 17:34:33.207  1728  1728 I SystemServer: StartUpdateLockService
11-08 17:34:33.207  1728  1728 D SystemServerTiming: StartUpdateLockService took to complete: 0ms
11-08 17:34:33.207  1728  1728 I SystemServer: StartNotificationManager
11-08 17:34:33.207  1728  1728 I SystemServiceManager: Starting com.android.server.notification.NotificationManagerService
11-08 17:34:33.210  1668  1668 D libEGL  : loaded /vendor/lib/egl/libGLESv1_CM_emulation.so
11-08 17:34:33.220  1668  1668 D libEGL  : loaded /vendor/lib/egl/libGLESv2_emulation.so
11-08 17:34:33.221  1728  1728 D ConditionProviders.SCP: new ScheduleConditionProvider()
11-08 17:34:33.228  1668  1668 I Zygote  : Preloading shared libraries...
11-08 17:34:33.230  1728  1728 I ConditionProviders:  Allowing condition provider com.android.launcher3/com.android.launcher3.notification.NotificationListener
11-08 17:34:33.230  1728  1728 I NotificationListeners:  Allowing notification listener com.android.launcher3/com.android.launcher3.notification.NotificationListener
11-08 17:34:33.230  1728  1728 I ConditionProviders:  Allowing condition provider com.android.camera2
11-08 17:34:33.230  1728  1728 I ConditionProviders:  Allowing condition provider android.ext.services/android.ext.services.notification.Assistant
11-08 17:34:33.230  1728  1728 I NotificationAssistants:  Allowing notification assistant android.ext.services/android.ext.services.notification.Assistant
11-08 17:34:33.230  1728  1728 D ZenLog  : set_zen_mode: off,init
11-08 17:34:33.233  1728  1728 D SystemServerTiming: StartNotificationManager took to complete: 26ms
11-08 17:34:33.233  1728  1728 I SystemServer: StartDeviceMonitor
11-08 17:34:33.233  1728  1728 I SystemServiceManager: Starting com.android.server.storage.DeviceStorageMonitorService
11-08 17:34:33.235  1728  1728 D SystemServerTiming: StartDeviceMonitor took to complete: 2ms
11-08 17:34:33.235  1728  1728 I SystemServer: StartLocationManagerService
11-08 17:34:33.235  1728  1728 D SystemServerTiming: StartLocationManagerService took to complete: 0ms
11-08 17:34:33.236  1728  1728 I SystemServer: StartCountryDetectorService
11-08 17:34:33.236  1728  1728 D SystemServerTiming: StartCountryDetectorService took to complete: 0ms
11-08 17:34:33.236  1728  1728 I SystemServer: StartSearchManagerService
11-08 17:34:33.236  1728  1728 I SystemServiceManager: Starting com.android.server.search.SearchManagerService$Lifecycle
11-08 17:34:33.236  1728  1728 D SystemServerTiming: StartSearchManagerService took to complete: 0ms
11-08 17:34:33.236  1728  1728 I SystemServer: StartWallpaperManagerService
11-08 17:34:33.236  1728  1728 I SystemServiceManager: Starting com.android.server.wallpaper.WallpaperManagerService$Lifecycle
11-08 17:34:33.237  1728  1728 D SystemServerTiming: StartWallpaperManagerService took to complete: 1ms
11-08 17:34:33.237  1728  1728 I SystemServer: StartAudioService
11-08 17:34:33.237  1728  1728 I SystemServiceManager: Starting com.android.server.audio.AudioService$Lifecycle
11-08 17:34:33.239  1668  1668 I Zygote  : Uninstalled ICU cache reference pinning...
