11-08 17:34:30.071  1667  1667 I zygote64: Thread[1,tid=1667,Native,Thread*=0x7e1850814c00,peer=0x12ec0228,"main"] recursive attempt to load library "/system/lib64/libmedia_jni.so"
11-08 17:34:30.071  1667  1667 D MtpDeviceJNI: register_android_mtp_MtpDevice
11-08 17:34:30.071  1667  1667 I zygote64: Thread[1,tid=1667,Native,Thread*=0x7e1850814c00,peer=0x12ec0228,"main"] recursive attempt to load library "/system/lib64/libmedia_jni.so"
11-08 17:34:30.071  1667  1667 I zygote64: Thread[1,tid=1667,Native,Thread*=0x7e1850814c00,peer=0x12ec0228,"main"] recursive attempt to load library "/system/lib64/libmedia_jni.so"
11-08 17:34:30.144  1667  1667 I Zygote  : ...preloaded 6535 classes in 314ms.
11-08 17:34:30.144  1667  1667 I zygote64: VMRuntime.preloadDexCaches starting
11-08 17:34:30.160  1667  1667 I zygote64: VMRuntime.preloadDexCaches strings total=339019 before=12306 after=12306
11-08 17:34:30.160  1667  1667 I zygote64: VMRuntime.preloadDexCaches types total=31350 before=7821 after=7822
11-08 17:34:30.160  1667  1667 I zygote64: VMRuntime.preloadDexCaches fields total=140736 before=9181 after=9181
11-08 17:34:30.160  1667  1667 I zygote64: VMRuntime.preloadDexCaches methods total=247731 before=12783 after=12783
11-08 17:34:30.160  1667  1667 I zygote64: VMRuntime.preloadDexCaches finished
11-08 17:34:30.160  1667  1667 D Zygote64Timing: PreloadClasses took to complete: 330ms
11-08 17:34:30.273  1667  1667 I Zygote  : Preloading resources...
11-08 17:34:30.280  1667  1667 W Resources: Preloaded drawable resource #0x1080265 (android:drawable/dialog_background_material) that varies with configuration!!
11-08 17:34:30.293  1667  1667 I Zygote  : ...preloaded 64 resources in 20ms.
11-08 17:34:30.295  1667  1667 I Zygote  : ...preloaded 41 resources in 2ms.
11-08 17:34:30.295  1667  1667 D Zygote64Timing: PreloadResources took to complete: 134ms
11-08 17:34:30.301  1667  1667 D libEGL  : Emulator has host GPU support, qemu.gles is set to 1.
11-08 17:34:30.350  1685  1685 I wificond: wificond is starting up...
11-08 17:34:30.376  1483  1483 W hwservicemanager: getTransport: Cannot find entry android.hardware.keymaster@4.0::IKeymasterDevice/default in either framework or device manifest.
11-08 17:34:30.377  1673  1673 I keystore: found android.hardware.keymaster@3.0::IKeymasterDevice with interface name default and seclevel SOFTWARE
11-08 17:34:30.377  1673  1673 W keystore: No secure Keymaster implementation found, but device offers insecure Keymaster HAL. Using as default.
11-08 17:34:30.384  1682  1682 W statsd  : statscompanion service unavailable!
11-08 17:34:30.384  1682  1682 I statsd  : using statsd socket
11-08 17:34:30.385  1674  1674 I mediaserver: ServiceManager: 0xea39a720
11-08 17:34:30.417  1483  1483 W hwservicemanager: getTransport: Cannot find entry android.hardware.usb.gadget@1.0::IUsbGadget/default in either framework or device manifest.
11-08 17:34:30.417  1703  1703 I usbd    : Usb HAL not found
11-08 17:34:30.419  1666  1666 I ConfigStore: android::hardware::configstore::V1_0::ISurfaceFlingerConfigs::startGraphicsAllocatorService retrieved: 0
11-08 17:34:30.419  1666  1666 I SurfaceFlinger: Using HWComposer service: 'default'
11-08 17:34:30.419  1666  1666 I SurfaceFlinger: SurfaceFlinger is starting
11-08 17:34:30.419  1666  1666 I ConfigStore: android::hardware::configstore::V1_0::ISurfaceFlingerConfigs::vsyncEventPhaseOffsetNs retrieved: 1000000 (default)
11-08 17:34:30.419  1666  1666 I ConfigStore: android::hardware::configstore::V1_0::ISurfaceFlingerConfigs::vsyncSfEventPhaseOffsetNs retrieved: 1000000 (default)
11-08 17:34:30.419  1666  1666 I ConfigStore: android::hardware::configstore::V1_0::ISurfaceFlingerConfigs::hasSyncFramework retrieved: 1
11-08 17:34:30.419  1666  1666 I ConfigStore: android::hardware::configstore::V1_0::ISurfaceFlingerConfigs::presentTimeOffsetFromVSyncNs retrieved: 0
11-08 17:34:30.419  1666  1666 I ConfigStore: android::hardware::configstore::V1_0::ISurfaceFlingerConfigs::useHwcForRGBtoYUV retrieved: 0
11-08 17:34:30.419  1666  1666 I ConfigStore: android::hardware::configstore::V1_0::ISurfaceFlingerConfigs::maxVirtualDisplaySize retrieved: 0 (default)
11-08 17:34:30.420  1666  1666 I ConfigStore: android::hardware::configstore::V1_0::ISurfaceFlingerConfigs::useVrFlinger retrieved: 0 (default)
11-08 17:34:30.420  1666  1666 I ConfigStore: android::hardware::configstore::V1_0::ISurfaceFlingerConfigs::maxFrameBufferAcquiredBuffers retrieved: 3
11-08 17:34:30.420  1666  1666 I ConfigStore: android::hardware::configstore::V1_0::ISurfaceFlingerConfigs::hasWideColorDisplay retrieved: 0
11-08 17:34:30.420  1483  1483 W hwservicemanager: getTransport: Cannot find entry android.hardware.configstore@1.1::ISurfaceFlingerConfigs/default in either framework or device manifest.
11-08 17:34:30.420  1666  1666 I ConfigStore: android::hardware::configstore::V1_1::ISurfaceFlingerConfigs::primaryDisplayOrientation retrieved: ORIENTATION_0 (default)
11-08 17:34:30.421  1702  1702 I /system/bin/tombstoned: tombstoned successfully initialized
11-08 17:34:30.431  1678  1678 I Netd    : Netd 1.0 starting
11-08 17:34:30.431  1678  1678 D TetherController: Setting IP forward enable = 0
11-08 17:34:30.440  1666  1666 I SurfaceFlinger: Enabling HWC virtual displays
11-08 17:34:30.440  1666  1666 I SurfaceFlinger: Disabling Triple Buffering
11-08 17:34:30.440  1666  1666 I SurfaceFlinger: Treble testing override: 'false'
11-08 17:34:30.441  1707  1707 D android.hardware.biometrics.fingerprint@2.1-service: Opening fingerprint hal library...
11-08 17:34:30.441  1666  1666 I SurfaceFlinger: SurfaceFlinger's main thread ready to run. Initializing graphics H/W...
11-08 17:34:30.442  1666  1666 I SurfaceFlinger: Phase offest NS: 1000000
11-08 17:34:30.442  1666  1666 D libEGL  : Emulator has host GPU support, qemu.gles is set to 1.
11-08 17:34:30.451  1707  1707 D FingerprintHal: ----------------> fingerprint_open ----------------->
11-08 17:34:30.451  1707  1707 D FingerprintHal: ----------------> set_notify_callback ----------------->
11-08 17:34:30.451  1707  1707 D FingerprintHal: fingerprint callback notification set
11-08 17:34:30.451  1707  1707 I ServiceManagement: Removing namespace from process name android.hardware.biometrics.fingerprint@2.1-service to fingerprint@2.1-service.
11-08 17:34:30.457  1700  1700 I gatekeeperd: Starting gatekeeperd...
11-08 17:34:30.460  1707  1726 D FingerprintHal: ----------------> listenerFunction ----------------->
11-08 17:34:30.477  1667  1667 E vndksupport: Could not load /vendor/lib64/egl/libGLES_emulation.so from sphal namespace: dlopen failed: library "/vendor/lib64/egl/libGLES_emulation.so" not found.
11-08 17:34:30.477  1667  1667 E libEGL  : load_driver(/vendor/lib64/egl/libGLES_emulation.so): unknown
11-08 17:34:30.478  1667  1667 D libEGL  : loaded /vendor/lib64/egl/libEGL_emulation.so
11-08 17:34:30.479  1667  1667 D libEGL  : loaded /vendor/lib64/egl/libGLESv1_CM_emulation.so
11-08 17:34:30.490  1667  1667 D libEGL  : loaded /vendor/lib64/egl/libGLESv2_emulation.so
11-08 17:34:30.497  1667  1667 I Zygote  : Preloading shared libraries...
11-08 17:34:30.504  1667  1667 I Zygote  : Uninstalled ICU cache reference pinning...
11-08 17:34:30.505  1667  1667 I Zygote  : Installed AndroidKeyStoreProvider in 1ms.
11-08 17:34:30.508  1667  1667 I Zygote  : Warmed up JCA providers in 3ms.
11-08 17:34:30.508  1667  1667 D Zygote  : end preload
11-08 17:34:30.508  1667  1667 D Zygote64Timing: ZygotePreload took to complete: 698ms
11-08 17:34:30.518  1667  1667 I zygote64: Explicit concurrent copying GC freed 43502(3MB) AllocSpace objects, 138(2MB) LOS objects, 72% free, 2MB/8MB, paused 14us total 9.728ms
11-08 17:34:30.525  1667  1667 I zygote64: Explicit concurrent copying GC freed 1680(97KB) AllocSpace objects, 0(0B) LOS objects, 73% free, 2MB/8MB, paused 8us total 6.541ms
11-08 17:34:30.525  1667  1667 D Zygote64Timing: PostZygoteInitGC took to complete: 17ms
11-08 17:34:30.525  1667  1667 D Zygote64Timing: ZygoteInit took to complete: 716ms
11-08 17:34:30.546  1667  1667 I Zygote  : System server process 1728 has been created
11-08 17:34:30.547  1667  1667 I Zygote  : Accepting command socket connections
11-08 17:34:30.548  1678  1678 I Netd    : Creating child chains: 114.5ms
11-08 17:34:30.548  1678  1678 I Netd    : Setting up OEM hooks: 0.0ms
11-08 17:34:30.553  1678  1678 I Netd    : Setting up FirewallController hooks: 5.6ms
11-08 17:34:30.555  1678  1678 I Netd    : Setting up TetherController hooks: 1.4ms
11-08 17:34:30.555  1678  1678 I Netd    : Setting up BandwidthController hooks: 0.5ms
11-08 17:34:30.555  1678  1678 I Netd    : Setting up IdletimerController hooks: 0.0ms
11-08 17:34:30.555  1678  1678 I Netd    : initializing traffic control: 0.0ms
11-08 17:34:30.571  1678  1678 I Netd    : Disabling bandwidth control: 15.7ms
11-08 17:34:30.571  1678  1678 E Netd    : cannot find interface dummy0
11-08 17:34:30.571  1678  1678 I Netd    : Initializing RouteController: 0.4ms
11-08 17:34:30.571  1678  1678 D XfrmController: Sending Netlink XFRM Message: XFRM_MSG_FLUSHSA
11-08 17:34:30.571  1678  1678 D XfrmController: Sending Netlink XFRM Message: XFRM_MSG_FLUSHPOLICY
11-08 17:34:30.571  1678  1678 I Netd    : Initializing XfrmController: 0.1ms
11-08 17:34:30.571  1678  1678 E Netd    : Unable to create netlink socket: Protocol not supported
11-08 17:34:30.571  1678  1678 W Netd    : Unable to open qlog quota socket, check if xt_quota2 can send via UeventHandler
11-08 17:34:30.572  1678  1678 D MDnsDS  : MDnsSdListener::Hander starting up
11-08 17:34:30.572  1678  1678 I Netd    : Registering NetdNativeService: 0.4ms
11-08 17:34:30.572  1678  1678 I Netd    : Starting CommandListener: 0.0ms
11-08 17:34:30.573  1678  1678 I Netd    : Registering NetdHwService: 0.7ms
11-08 17:34:30.573  1678  1678 I Netd    : Netd started in 142ms
11-08 17:34:30.581  1728  1728 I Zygote  : Process: zygote socket RESERVED/zygote_secondary opened, supported ABIS: x86
11-08 17:34:30.582  1678  1739 D MDnsDS  : MDnsSdListener starting to monitor
11-08 17:34:30.582  1678  1739 D MDnsDS  : Going to poll with pollCount 1
11-08 17:34:30.594  1666  1666 E vndksupport: Could not load /vendor/lib64/egl/libGLES_emulation.so from sphal namespace: dlopen failed: library "/vendor/lib64/egl/libGLES_emulation.so" not found.
11-08 17:34:30.594  1666  1666 E libEGL  : load_driver(/vendor/lib64/egl/libGLES_emulation.so): unknown
11-08 17:34:30.595  1666  1666 D libEGL  : loaded /vendor/lib64/egl/libEGL_emulation.so
11-08 17:34:30.596  1666  1666 D libEGL  : loaded /vendor/lib64/egl/libGLESv1_CM_emulation.so
11-08 17:34:30.601  1666  1666 D libEGL  : loaded /vendor/lib64/egl/libGLESv2_emulation.so
11-08 17:34:30.607  1666  1666 D         : HostConnection::get() New Host Connection established 0x739244c2d960, tid 1666
11-08 17:34:30.610  1666  1666 I ConfigStore: android::hardware::configstore::V1_0::ISurfaceFlingerConfigs::hasWideColorDisplay retrieved: 0
11-08 17:34:30.610  1666  1666 I ConfigStore: android::hardware::configstore::V1_0::ISurfaceFlingerConfigs::hasHDRDisplay retrieved: 0
11-08 17:34:30.610  1666  1666 I SurfaceFlinger: EGL information:
11-08 17:34:30.610  1666  1666 I SurfaceFlinger: vendor    : Android
11-08 17:34:30.610  1666  1666 I SurfaceFlinger: version   : 1.4 Android META-EGL
11-08 17:34:30.610  1666  1666 I SurfaceFlinger: extensions: EGL_KHR_get_all_proc_addresses EGL_ANDROID_presentation_time EGL_KHR_swap_buffers_with_damage EGL_ANDROID_get_native_client_buffer EGL_ANDROID_front_buffer_auto_refresh EGL_ANDROID_get_frame_timestamps EGL_EXT_surface_SMPTE2086_metadata EGL_EXT_surface_CTA861_3_metadata EGL_KHR_image EGL_KHR_image_base EGL_KHR_gl_texture_2D_image EGL_KHR_fence_sync EGL_KHR_create_context EGL_ANDROID_image_native_buffer EGL_ANDROID_recordable 
11-08 17:34:30.610  1666  1666 I SurfaceFlinger: Client API: OpenGL_ES
11-08 17:34:30.610  1666  1666 I SurfaceFlinger: EGLSurface: 8-8-8-8, config=0x2
11-08 17:34:30.612  1666  1666 D EGL_emulation: eglCreateContext: 0x739244c46820: maj 3 min 0 rcv 3
11-08 17:34:30.613  1666  1666 D EGL_emulation: eglMakeCurrent: 0x739244c46820: ver 3 0 (tinfo 0x739244c2c680)
11-08 17:34:30.620  1666  1666 I SurfaceFlinger: OpenGL ES informations:
11-08 17:34:30.620  1666  1666 I SurfaceFlinger: vendor    : Google (Google Inc.)
11-08 17:34:30.620  1666  1666 I SurfaceFlinger: renderer  : Android Emulator OpenGL ES Translator (Google SwiftShader)
11-08 17:34:30.620  1666  1666 I SurfaceFlinger: version   : OpenGL ES 3.0 (OpenGL ES 3.0 SwiftShader 4.0.0.1)
11-08 17:34:30.620  1666  1666 I SurfaceFlinger: extensions: GL_EXT_debug_marker GL_OES_EGL_sync GL_OES_EGL_image GL_OES_EGL_image_external GL_OES_depth24 GL_OES_depth32 GL_OES_element_index_uint GL_OES_texture_float GL_OES_texture_float_linear GL_OES_compressed_paletted_texture GL_OES_compressed_ETC1_RGB8_texture GL_OES_depth_texture GL_OES_texture_half_float GL_OES_texture_half_float_linear GL_OES_packed_depth_stencil GL_OES_vertex_half_float GL_OES_standard_derivatives GL_OES_texture_npot GL_OES_rgb8_rgba8 GL_EXT_color_buffer_float GL_EXT_color_buffer_half_float GL_EXT_texture_format_BGRA8888 GL_APPLE_texture_format_BGRA8888 ANDROID_EMU_CHECKSUM_HELPER_v1 ANDROID_EMU_native_sync_v2 ANDROID_EMU_dma_v1 ANDROID_EMU_sync_buffer_data GL_OES_EGL_image_external_essl3 GL_OES_vertex_array_object GL_KHR_texture_compression_astc_ldr ANDROID_EMU_host_side_tracing ANDROID_EMU_gles_max_version_3_0 
11-08 17:34:30.620  1666  1666 I SurfaceFlinger: GL_MAX_TEXTURE_SIZE = 8192
11-08 17:34:30.620  1666  1666 I SurfaceFlinger: GL_MAX_VIEWPORT_DIMS = 8192
11-08 17:34:30.621  1666  1666 I ServiceManagement: getService: Trying again for android.hardware.graphics.composer@2.1::IComposer/default...
11-08 17:34:30.637  1728  1728 I system_server: The ClassLoaderContext is a special shared library.
11-08 17:34:30.697  1728  1728 I system_server: The ClassLoaderContext is a special shared library.
11-08 17:34:30.710  1750  1750 D         : HostConnection::get() New Host Connection established 0x7f984fa2d480, tid 1750
11-08 17:34:30.711  1676  1676 I mediametrics: ServiceManager: 0x7c4c7063c740
11-08 17:34:30.711  1750  1750 E hwcomposer: unknown display attribute 6
11-08 17:34:30.711  1750  1750 I ServiceManagement: Removing namespace from process name android.hardware.graphics.composer@2.1-service to composer@2.1-service.
11-08 17:34:30.712  1676  1676 D MediaAnalyticsService: MediaAnalyticsService created
11-08 17:34:30.720  1750  1750 I android.hardware.graphics.composer@2.1-service: Registration complete for android.hardware.graphics.composer@2.1::IComposer/default.
11-08 17:34:30.725  1546  1546 D gralloc_ranchu: gralloc_alloc: Creating ashmem region of size 823296
11-08 17:34:30.727  1666  1666 E HWComposer: getSupportedPerFrameMetadata: getSupportedPerFrameMetadata failed for display 0: Unsupported (8)
11-08 17:34:30.727  1546  1546 D gralloc_ranchu: gralloc_alloc: Creating ashmem region of size 823296
11-08 17:34:30.727  1546  1546 D gralloc_ranchu: gralloc_alloc: Creating ashmem region of size 823296
11-08 17:34:30.728  1728  1728 I system_server: The ClassLoaderContext is a special shared library.
11-08 17:34:30.729  1666  1666 D EGL_emulation: eglMakeCurrent: 0x739244c46820: ver 3 0 (tinfo 0x739244c2c680)
11-08 17:34:30.735  1728  1728 I system_server: The ClassLoaderContext is a special shared library.
11-08 17:34:30.739  1691  1691 I media.codec: mediacodecservice starting
11-08 17:34:30.740  1691  1691 W media.codec: Could not read additional policy file '/vendor/etc/seccomp_policy/mediacodec.policy'
11-08 17:34:30.741  1691  1691 W media.codec: libminijail[1691]: failed to get path of fd 5: No such file or directory
11-08 17:34:30.741  1691  1691 W media.codec: libminijail[1691]: allowing syscall: socketcall
11-08 17:34:30.741  1691  1691 W media.codec: libminijail[1691]: allowing syscall: writev
11-08 17:34:30.741  1691  1691 W media.codec: libminijail[1691]: allowing syscall: fcntl64
11-08 17:34:30.741  1691  1691 W media.codec: libminijail[1691]: allowing syscall: clock_gettime
11-08 17:34:30.743  1691  1691 W media.codec: libminijail[1691]: logging seccomp filter failures
11-08 17:34:30.765  1728  1728 I SystemServer: InitBeforeStartServices
11-08 17:34:30.765  1728  1728 W SystemServer: Timezone not set; setting to GMT.
11-08 17:34:30.769  1691  1691 W MediaCodecsXmlParser: unable to open media codecs configuration xml file: /data/misc/media/media_codecs_profiling_results.xml
11-08 17:34:30.771  1691  1691 W MediaCodecsXmlParser: parseTopLevelXMLFile(/data/misc/media/media_codecs_profiling_results.xml) failed
11-08 17:34:30.772  1691  1691 I ServiceManagement: Removing namespace from process name android.hardware.media.omx@1.0-service to omx@1.0-service.
11-08 17:34:30.774  1728  1728 I SystemServer: Entered the Android system server!
11-08 17:34:30.779  1691  1691 E vndksupport: Could not load libstagefrighthw.so from default namespace: dlopen failed: library "libstagefrighthw.so" not found.
11-08 17:34:30.793  1691  1691 W MediaCodecsXmlParser: unable to open media codecs configuration xml file: /data/misc/media/media_codecs_profiling_results.xml
11-08 17:34:30.793  1691  1691 W MediaCodecsXmlParser: parseTopLevelXMLFile(/data/misc/media/media_codecs_profiling_results.xml) failed
11-08 17:34:30.793  1691  1691 I ServiceManagement: Removing namespace from process name android.hardware.media.omx@1.0-service to omx@1.0-service.
11-08 17:34:30.798  1691  1691 I media.codec: IOmx HAL service created.
11-08 17:34:30.818  1666  1666 D SurfaceFlinger: shader cache generated - 24 shaders in 88.567551 ms
11-08 17:34:30.818  1666  1666 D SurfaceFlinger: Set power mode=2, type=0 flinger=0x739244c58000
11-08 17:34:30.819  1666  1666 D SurfaceFlinger: Finished set power mode=2, type=0
11-08 17:34:30.821  1675  1675 W /system/bin/mediaextractor: No seccomp policy defined for this architecture.
11-08 17:34:30.890  1669  1669 I cameraserver: ServiceManager: 0xea59a700
11-08 17:34:30.890  1669  1669 I CameraService: CameraService started (pid=1669)
11-08 17:34:30.890  1669  1669 I CameraService: CameraService process starting
11-08 17:34:30.891  1669  1669 W BatteryNotifier: batterystats service unavailable!
11-08 17:34:30.891  1669  1669 W BatteryNotifier: batterystats service unavailable!
11-08 17:34:30.891  1669  1669 I CameraProviderManager: Connecting to new camera provider: legacy/0, isRemote? 1
11-08 17:34:30.892  1669  1669 I CameraProviderManager: Enumerating new camera device: device@3.3/legacy/0
11-08 17:34:30.892  1669  1669 I CameraProviderManager: Camera provider legacy/0 ready with 1 camera devices
11-08 17:34:30.892  1483  1483 W hwservicemanager: getTransport: Cannot find entry android.hardware.camera.provider@2.4::ICameraProvider/external/0 in either framework or device manifest.
11-08 17:34:30.895  1669  1669 I CameraHardwareInterface: Opening camera 0
11-08 17:34:30.895  1669  1669 E CameraHardwareInterface: initialize: openSession failed! No such file or directory (-2)
11-08 17:34:30.895  1669  1669 E CameraFlashlight: connectCameraDevice: initializing camera 0 failed
11-08 17:34:30.895  1669  1669 I CameraHardwareInterface: Destroying camera 0
11-08 17:34:30.895  1669  1669 E CameraFlashlight: findFlashUnits: failed to check if camera 0 has a flash unit. No such file or directory (-2)
11-08 17:34:30.895  1669  1669 I CameraService: onDeviceStatusChanged: Status changed for cameraId=0, newStatus=1
11-08 17:34:30.895  1669  1669 I CameraService: onDeviceStatusChanged: Unknown camera ID 0, a new camera is added
11-08 17:34:30.895  1669  1669 I         : Waiting for activity service
11-08 17:34:30.910  1669  1789 W CameraProviderManager: addProviderLocked: Camera provider HAL with name 'legacy/0' already registered
11-08 17:34:30.911  1669  1789 I CameraService: onDeviceStatusChanged: Status changed for cameraId=0, newStatus=1
11-08 17:34:30.911  1669  1789 E CameraService: onDeviceStatusChanged: State transition to the same status 0x1 not allowed
11-08 17:34:30.931  1677  1677 I mediaserver: ServiceManager: 0xef19ab60
11-08 17:34:30.931  1677  1677 W BatteryNotifier: batterystats service unavailable!
11-08 17:34:30.944  1728  1728 E UsbAlsaJackDetectorJNI: Can't register UsbAlsaJackDetector native methods
11-08 17:34:30.956  1728  1728 D SystemServerTiming: InitBeforeStartServices took to complete: 191ms
11-08 17:34:30.956  1728  1728 I SystemServer: StartServices
11-08 17:34:30.956  1728  1728 I SystemServer: Reading configuration...
11-08 17:34:30.956  1728  1728 I SystemServer: ReadingSystemConfig
11-08 17:34:30.956  1728  1728 D SystemServerTiming: ReadingSystemConfig took to complete: 0ms
11-08 17:34:30.956  1728  1728 I SystemServer: StartInstaller
11-08 17:34:30.956  1728  1728 I SystemServiceManager: Starting com.android.server.pm.Installer
11-08 17:34:30.958  1672  1697 D installd: Found quota mount /dev/block/dm-0 at /data
11-08 17:34:30.958  1728  1728 D SystemServerTiming: StartInstaller took to complete: 2ms
11-08 17:34:30.958  1728  1728 I SystemServer: DeviceIdentifiersPolicyService
11-08 17:34:30.958  1728  1728 I SystemServiceManager: Starting com.android.server.os.DeviceIdentifiersPolicyService
11-08 17:34:30.959  1728  1728 D SystemServerTiming: DeviceIdentifiersPolicyService took to complete: 1ms
11-08 17:34:30.959  1728  1728 I SystemServer: StartActivityManager
11-08 17:34:30.959  1728  1728 I SystemServiceManager: Starting com.android.server.am.ActivityManagerService$Lifecycle
11-08 17:34:30.964  1728  1795 D SystemServerInitThreadPool: Started executing ReadingSystemConfig
11-08 17:34:30.977  1728  1728 I ActivityManager: Memory class: 384
11-08 17:34:30.987  1728  1795 D SystemServerInitThreadPool: Finished executing ReadingSystemConfig
11-08 17:34:31.005  1728  1728 D BatteryStatsImpl: Reading daily items from /data/system/batterystats-daily.xml
11-08 17:34:31.038  1728  1812 E BluetoothAdapter: Bluetooth binder is null
11-08 17:34:31.041  1728  1812 E BatteryExternalStatsWorker: no controller energy info supplied for telephony
11-08 17:34:31.042  1728  1812 I KernelUidCpuFreqTimeReader: mPerClusterTimesAvailable=false
11-08 17:34:31.046  1728  1812 W KernelCpuProcReader: File not exist: /proc/uid_cpupower/time_in_state
11-08 17:34:31.046  1728  1812 W KernelCpuProcReader: File not exist: /proc/uid_cpupower/concurrent_active_time
11-08 17:34:31.046  1728  1812 W KernelCpuProcReader: File not exist: /proc/uid_cpupower/concurrent_policy_time
11-08 17:34:31.046  1728  1812 E KernelCpuSpeedReader: Failed to read cpu-freq: /sys/devices/system/cpu/cpu0/cpufreq/stats/time_in_state (No such file or directory)
11-08 17:34:31.047  1728  1812 W KernelMemoryBandwidthStats: No kernel memory bandwidth stats available
11-08 17:34:31.048  1728  1812 I PowerManagerService-JNI: Loaded power HAL 1.0 service
11-08 17:34:31.054  1483  1483 W hwservicemanager: getTransport: Cannot find entry android.hardware.memtrack@1.0::IMemtrack/default in either framework or device manifest.
11-08 17:34:31.055  1728  1728 E memtrack: Couldn't load memtrack module
11-08 17:34:31.055  1728  1728 W android.os.Debug: failed to get memory consumption info: -1
11-08 17:34:31.063  1728  1728 I AppOps  : No existing app ops /data/system/appops.xml; starting empty
11-08 17:34:31.073  1728  1728 I IntentFirewall: Read new rules (A:0 B:0 S:0)
11-08 17:34:31.089  1728  1728 W libprocessgroup: Failed to remove /acct/uid_0/pid_1133: Device or resource busy
11-08 17:34:31.089  1728  1728 W libprocessgroup: Failed to remove /acct/uid_0/pid_1491: Device or resource busy
11-08 17:34:31.089  1728  1728 W libprocessgroup: Failed to remove /acct/uid_0/pid_1533: Device or resource busy
11-08 17:34:31.089  1728  1728 W libprocessgroup: Failed to remove /acct/uid_0/pid_1556: Device or resource busy
11-08 17:34:31.089  1728  1728 W libprocessgroup: Failed to remove /acct/uid_0/pid_1561: Device or resource busy
11-08 17:34:31.089  1728  1728 W libprocessgroup: Failed to remove /acct/uid_0/pid_1571: Device or resource busy
11-08 17:34:31.089  1728  1728 W libprocessgroup: Failed to remove /acct/uid_0/pid_1667: Device or resource busy
11-08 17:34:31.089  1728  1728 W libprocessgroup: Failed to remove /acct/uid_0/pid_1668: Device or resource busy
11-08 17:34:31.089  1728  1728 W libprocessgroup: Failed to remove /acct/uid_0/pid_1672: Device or resource busy
11-08 17:34:31.089  1728  1728 W libprocessgroup: Failed to remove /acct/uid_0/pid_1678: Device or resource busy
11-08 17:34:31.089  1728  1728 W libprocessgroup: Failed to remove /acct/uid_0/pid_1684: Device or resource busy
11-08 17:34:31.089  1728  1728 W libprocessgroup: Failed to remove /acct/uid_0/pid_1699: Device or resource busy
11-08 17:34:31.089  1728  1728 W libprocessgroup: Failed to remove /acct/uid_0/pid_1701: Device or resource busy
11-08 17:34:31.089  1728  1728 W libprocessgroup: Failed to remove /acct/uid_0: Permission denied
11-08 17:34:31.089  1728  1728 W libprocessgroup: Failed to remove /acct/uid_1000/pid_1482: Device or resource busy
11-08 17:34:31.089  1728  1728 W libprocessgroup: Failed to remove /acct/uid_1000/pid_1483: Device or resource busy
11-08 17:34:31.089  1728  1728 W libprocessgroup: Failed to remove /acct/uid_1000/pid_1484: Device or resource busy
11-08 17:34:31.089  1728  1728 W libprocessgroup: Failed to remove /acct/uid_1000/pid_1490: Device or resource busy
11-08 17:34:31.089  1728  1728 W libprocessgroup: Failed to remove /acct/uid_1000/pid_1532: Device or resource busy
11-08 17:34:31.089  1728  1728 W libprocessgroup: Failed to remove /acct/uid_1000/pid_1534: Device or resource busy
11-08 17:34:31.089  1728  1728 W libprocessgroup: Failed to remove /acct/uid_1000/pid_1539: Device or resource busy
11-08 17:34:31.089  1728  1728 W libprocessgroup: Failed to remove /acct/uid_1000/pid_1543: Device or resource busy
11-08 17:34:31.089  1728  1728 W libprocessgroup: Failed to remove /acct/uid_1000/pid_1546: Device or resource busy
11-08 17:34:31.089  1728  1728 W libprocessgroup: Failed to remove /acct/uid_1000/pid_1548: Device or resource busy
11-08 17:34:31.089  1728  1728 W libprocessgroup: Failed to remove /acct/uid_1000/pid_1549: Device or resource busy
11-08 17:34:31.089  1728  1728 W libprocessgroup: Failed to remove /acct/uid_1000/pid_1550: Device or resource busy
11-08 17:34:31.089  1728  1728 W libprocessgroup: Failed to remove /acct/uid_1000/pid_1565: Device or resource busy
11-08 17:34:31.089  1728  1728 W libprocessgroup: Failed to remove /acct/uid_1000/pid_1666: Device or resource busy
11-08 17:34:31.089  1728  1728 W libprocessgroup: Failed to remove /acct/uid_1000/pid_1700: Device or resource busy
11-08 17:34:31.089  1728  1728 W libprocessgroup: Failed to remove /acct/uid_1000/pid_1707: Device or resource busy
11-08 17:34:31.089  1728  1728 W libprocessgroup: Failed to remove /acct/uid_1000/pid_1750: Device or resource busy
11-08 17:34:31.089  1728  1728 W libprocessgroup: Failed to remove /acct/uid_1000: Permission denied
11-08 17:34:31.089  1728  1728 W libprocessgroup: Failed to remove /acct/uid_1001/pid_1692: Device or resource busy
11-08 17:34:31.089  1728  1728 W libprocessgroup: Failed to remove /acct/uid_1001: Permission denied
11-08 17:34:31.089  1728  1728 W libprocessgroup: Failed to remove /acct/uid_1003/pid_1774: Device or resource busy
11-08 17:34:31.089  1728  1728 W libprocessgroup: Failed to remove /acct/uid_1003: Permission denied
11-08 17:34:31.089  1728  1728 W libprocessgroup: Failed to remove /acct/uid_1010/pid_1551: Device or resource busy
11-08 17:34:31.089  1728  1728 W libprocessgroup: Failed to remove /acct/uid_1010/pid_1685: Device or resource busy
11-08 17:34:31.089  1728  1728 W libprocessgroup: Failed to remove /acct/uid_1010: Permission denied
11-08 17:34:31.089  1728  1728 W libprocessgroup: Failed to remove /acct/uid_1013/pid_1538: Device or resource busy
11-08 17:34:31.089  1728  1728 W libprocessgroup: Failed to remove /acct/uid_1013/pid_1540: Device or resource busy
11-08 17:34:31.090  1728  1728 W libprocessgroup: Failed to remove /acct/uid_1013/pid_1541: Device or resource busy
11-08 17:34:31.090  1728  1728 W libprocessgroup: Failed to remove /acct/uid_1013/pid_1542: Device or resource busy
11-08 17:34:31.090  1728  1728 W libprocessgroup: Failed to remove /acct/uid_1013/pid_1674: Device or resource busy
11-08 17:34:31.090  1728  1728 W libprocessgroup: Failed to remove /acct/uid_1013/pid_1676: Device or resource busy
11-08 17:34:31.090  1728  1728 W libprocessgroup: Failed to remove /acct/uid_1013/pid_1677: Device or resource busy
11-08 17:34:31.090  1728  1728 W libprocessgroup: Failed to remove /acct/uid_1013: Permission denied
11-08 17:34:31.090  1728  1728 W libprocessgroup: Failed to remove /acct/uid_1017/pid_1673: Device or resource busy
11-08 17:34:31.090  1728  1728 W libprocessgroup: Failed to remove /acct/uid_1017: Permission denied
11-08 17:34:31.090  1728  1728 W libprocessgroup: Failed to remove /acct/uid_1019/pid_1670: Device or resource busy
11-08 17:34:31.090  1728  1728 W libprocessgroup: Failed to remove /acct/uid_1019: Permission denied
11-08 17:34:31.090  1728  1728 W libprocessgroup: Failed to remove /acct/uid_1021/pid_1544: Device or resource busy
11-08 17:34:31.090  1728  1728 W libprocessgroup: Failed to remove /acct/uid_1021: Permission denied
11-08 17:34:31.090  1728  1728 W libprocessgroup: Failed to remove /acct/uid_1036/pid_1481: Device or resource busy
11-08 17:34:31.090  1728  1728 W libprocessgroup: Failed to remove /acct/uid_1036/pid_1567: Device or resource busy
11-08 17:34:31.090  1728  1728 W libprocessgroup: Failed to remove /acct/uid_1036: Permission denied
11-08 17:34:31.090  1728  1728 W libprocessgroup: Failed to remove /acct/uid_1040/pid_1675: Device or resource busy
11-08 17:34:31.090  1728  1728 W libprocessgroup: Failed to remove /acct/uid_1040: Permission denied
11-08 17:34:31.090  1728  1728 W libprocessgroup: Failed to remove /acct/uid_1041/pid_1535: Device or resource busy
11-08 17:34:31.090  1728  1728 W libprocessgroup: Failed to remove /acct/uid_1041/pid_1536: Device or resource busy
11-08 17:34:31.090  1728  1728 W libprocessgroup: Failed to remove /acct/uid_1041/pid_1560: Device or resource busy
11-08 17:34:31.090  1728  1728 W libprocessgroup: Failed to remove /acct/uid_1041: Permission denied
11-08 17:34:31.090  1728  1728 W libprocessgroup: Failed to remove /acct/uid_1046/pid_1691: Device or resource busy
11-08 17:34:31.090  1728  1728 W libprocessgroup: Failed to remove /acct/uid_1046: Permission denied
11-08 17:34:31.090  1728  1728 W libprocessgroup: Failed to remove /acct/uid_1047/pid_1537: Device or resource busy
11-08 17:34:31.090  1728  1728 W libprocessgroup: Failed to remove /acct/uid_1047/pid_1669: Device or resource busy
11-08 17:34:31.090  1728  1728 W libprocessgroup: Failed to remove /acct/uid_1047: Permission denied
11-08 17:34:31.090  1728  1728 W libprocessgroup: Failed to remove /acct/uid_1058/pid_1702: Device or resource busy
11-08 17:34:31.090  1728  1728 W libprocessgroup: Failed to remove /acct/uid_1058: Permission denied
11-08 17:34:31.090  1728  1728 W libprocessgroup: Failed to remove /acct/uid_1066/pid_1682: Device or resource busy
11-08 17:34:31.090  1728  1728 W libprocessgroup: Failed to remove /acct/uid_1066: Permission denied
11-08 17:34:31.090  1728  1728 W libprocessgroup: Failed to remove /acct/uid_1067/pid_1671: Device or resource busy
11-08 17:34:31.090  1728  1728 W libprocessgroup: Failed to remove /acct/uid_1067: Permission denied
11-08 17:34:31.090  1728  1728 W libprocessgroup: Failed to remove /acct/uid_2000/pid_1570: Device or resource busy
11-08 17:34:31.090  1728  1728 W libprocessgroup: Failed to remove /acct/uid_2000: Permission denied
11-08 17:34:31.092  1728  1728 D AppOps  : AppOpsService published
11-08 17:34:31.097  1728  1728 D SystemServerTiming: StartActivityManager took to complete: 138ms
11-08 17:34:31.097  1728  1728 I SystemServer: StartPowerManager
11-08 17:34:31.097  1728  1728 I SystemServiceManager: Starting com.android.server.power.PowerManagerService
11-08 17:34:31.113  1728  1728 D SystemServerTiming: StartPowerManager took to complete: 16ms
11-08 17:34:31.113  1728  1728 I SystemServer: InitPowerManagement
11-08 17:34:31.113  1728  1728 D SystemServerTiming: InitPowerManagement took to complete: 0ms
11-08 17:34:31.113  1728  1728 I SystemServer: StartRecoverySystemService
11-08 17:34:31.113  1728  1728 I SystemServiceManager: Starting com.android.server.RecoverySystemService
11-08 17:34:31.115  1728  1728 D SystemServerTiming: StartRecoverySystemService took to complete: 2ms
11-08 17:34:31.115  1728  1728 W RescueParty: Failed to determine if device was on USB
11-08 17:34:31.115  1728  1728 W RescueParty: java.io.FileNotFoundException: /sys/class/android_usb/android0/state (No such file or directory)
11-08 17:34:31.115  1728  1728 W RescueParty: 	at java.io.FileInputStream.open0(Native Method)
11-08 17:34:31.115  1728  1728 W RescueParty: 	at java.io.FileInputStream.open(FileInputStream.java:231)
11-08 17:34:31.115  1728  1728 W RescueParty: 	at java.io.FileInputStream.<init>(FileInputStream.java:165)
11-08 17:34:31.115  1728  1728 W RescueParty: 	at android.os.FileUtils.readTextFile(FileUtils.java:514)
11-08 17:34:31.115  1728  1728 W RescueParty: 	at com.android.server.RescueParty.isUsbActive(RescueParty.java:348)
11-08 17:34:31.115  1728  1728 W RescueParty: 	at com.android.server.RescueParty.isDisabled(RescueParty.java:88)
11-08 17:34:31.115  1728  1728 W RescueParty: 	at com.android.server.RescueParty.noteBoot(RescueParty.java:107)
11-08 17:34:31.115  1728  1728 W RescueParty: 	at com.android.server.SystemServer.startBootstrapServices(SystemServer.java:587)
11-08 17:34:31.115  1728  1728 W RescueParty: 	at com.android.server.SystemServer.run(SystemServer.java:429)
11-08 17:34:31.115  1728  1728 W RescueParty: 	at com.android.server.SystemServer.main(SystemServer.java:294)
11-08 17:34:31.115  1728  1728 W RescueParty: 	at java.lang.reflect.Method.invoke(Native Method)
11-08 17:34:31.115  1728  1728 W RescueParty: 	at com.android.internal.os.RuntimeInit$MethodAndArgsCaller.run(RuntimeInit.java:493)
11-08 17:34:31.115  1728  1728 W RescueParty: 	at com.android.internal.os.ZygoteInit.main(ZygoteInit.java:838)
11-08 17:34:31.116  1728  1728 W RescueParty: Noticed 1 events for UID 0 in last 11 sec
11-08 17:34:31.116  1728  1728 I SystemServer: StartLightsService
11-08 17:34:31.116  1728  1728 I SystemServiceManager: Starting com.android.server.lights.LightsService
11-08 17:34:31.118  1728  1728 D SystemServerTiming: StartLightsService took to complete: 2ms
11-08 17:34:31.118  1728  1728 I SystemServer: StartSidekickService
11-08 17:34:31.118  1728  1728 D SystemServerTiming: StartSidekickService took to complete: 0ms
11-08 17:34:31.118  1728  1728 I SystemServer: StartDisplayManager
11-08 17:34:31.118  1728  1728 I SystemServiceManager: Starting com.android.server.display.DisplayManagerService
11-08 17:34:31.121  1728  1728 D SystemServerTiming: StartDisplayManager took to complete: 3ms
11-08 17:34:31.121  1728  1728 I SystemServer: WaitForDisplay
11-08 17:34:31.121  1728  1728 I SystemServiceManager: Starting phase 100
11-08 17:34:31.122  1666  1721 E SurfaceFlinger: ro.sf.lcd_density must be defined as a build property
11-08 17:34:31.122  1728  1820 E LocalDisplayAdapter: Default and active color mode is no longer available! Reverting to first available mode.
11-08 17:34:31.131  1728  1820 I DisplayManagerService: Display device added: DisplayDeviceInfo{"Built-in Screen": uniqueId="local:0", 320 x 640, modeId 1, defaultModeId 1, supportedModes [{id=1, width=320, height=640, fps=60.000004}], colorMode -1, supportedColorModes [-1], HdrCapabilities android.view.Display$HdrCapabilities@40f16308, density 160, 160.0 x 160.0 dpi, appVsyncOff 1000000, presDeadline 16666666, touch INTERNAL, rotation 0, type BUILT_IN, state UNKNOWN, FLAG_DEFAULT_DISPLAY, FLAG_ROTATES_WITH_CONTENT, FLAG_SECURE, FLAG_SUPPORTS_PROTECTED_BUFFERS}
11-08 17:34:31.135  1666  1666 D SurfaceFlinger: Set power mode=2, type=0 flinger=0x739244c58000
11-08 17:34:31.135  1483  1483 W hwservicemanager: getTransport: Cannot find entry android.hardware.light@2.0::ILight/default in either framework or device manifest.
11-08 17:34:31.135  1728  1820 E LightsService: Unable to get ILight interface.
11-08 17:34:31.135  1728  1728 D SystemServerTiming: WaitForDisplay took to complete: 14ms
11-08 17:34:31.135  1728  1728 I SystemServer: StartPackageManagerService
11-08 17:34:31.135  1728  1820 W StrictMode: No activity manager; failed to Dropbox violation.
11-08 17:34:31.136  1728  1820 I DisplayManagerService: Display device changed state: "Built-in Screen", ON
11-08 17:34:31.157  1728  1728 W FileUtils: Failed to chmod(/data/system/packages.list): android.system.ErrnoException: chmod failed: ENOENT (No such file or directory)
11-08 17:34:31.136  1728  1820 I chatty  : uid=1000(system) android.display identical 2 lines
11-08 17:34:31.136  1728  1820 W StrictMode: No activity manager; failed to Dropbox violation.
11-08 17:34:31.158  1666  1721 E SurfaceFlinger: ro.sf.lcd_density must be defined as a build property
11-08 17:34:31.160  1774  1828 D libEGL  : Emulator has host GPU support, qemu.gles is set to 1.
11-08 17:34:31.161  1774  1828 E vndksupport: Could not load /vendor/lib64/egl/libGLES_emulation.so from sphal namespace: dlopen failed: library "/vendor/lib64/egl/libGLES_emulation.so" not found.
11-08 17:34:31.161  1774  1828 E libEGL  : load_driver(/vendor/lib64/egl/libGLES_emulation.so): unknown
11-08 17:34:31.163  1774  1828 D libEGL  : loaded /vendor/lib64/egl/libEGL_emulation.so
11-08 17:34:31.163  1774  1828 D libEGL  : loaded /vendor/lib64/egl/libGLESv1_CM_emulation.so
11-08 17:34:31.170  1728  1728 D SELinuxMMAC: Using policy file /system/etc/selinux/plat_mac_permissions.xml
11-08 17:34:31.171  1728  1728 D SELinuxMMAC: Using policy file /vendor/etc/selinux/vendor_mac_permissions.xml
11-08 17:34:31.172  1728  1728 D FallbackCategoryProvider: Found 1 fallback categories
11-08 17:34:31.174  1728  1728 I PackageManager: No settings file; creating initial state
11-08 17:34:31.176  1774  1828 D libEGL  : loaded /vendor/lib64/egl/libGLESv2_emulation.so
11-08 17:34:31.186  1728  1728 I PackageManager: /vendor/overlay/DisplayCutoutEmulationTall changed; collecting certs
11-08 17:34:31.190  1728  1728 I PackageManager: /vendor/overlay/DisplayCutoutEmulationDouble changed; collecting certs
11-08 17:34:31.194  1774  1828 D         : HostConnection::get() New Host Connection established 0x787ea52ff3c0, tid 1828
11-08 17:34:31.194  1728  1728 I PackageManager: /vendor/overlay/SysuiDarkTheme changed; collecting certs
11-08 17:34:31.195  1728  1728 I PackageManager: /vendor/overlay/DisplayCutoutEmulationEmu01 changed; collecting certs
11-08 17:34:31.196  1728  1728 I PackageManager: /vendor/overlay/DisplayCutoutEmulationCorner changed; collecting certs
11-08 17:34:31.197  1728  1728 D PackageManager: No files in app dir /product/overlay
11-08 17:34:31.202  1728  1728 W PackageManager: Failed to parse /system/framework/x86: Missing base APK in /system/framework/x86
11-08 17:34:31.202  1728  1728 W PackageManager: Failed to parse /system/framework/oat: Missing base APK in /system/framework/oat
11-08 17:34:31.203  1728  1728 W PackageManager: Failed to parse /system/framework/x86_64: Missing base APK in /system/framework/x86_64
11-08 17:34:31.207  1774  1828 I ConfigStore: android::hardware::configstore::V1_0::ISurfaceFlingerConfigs::hasWideColorDisplay retrieved: 0
11-08 17:34:31.207  1774  1828 I ConfigStore: android::hardware::configstore::V1_0::ISurfaceFlingerConfigs::hasHDRDisplay retrieved: 0
11-08 17:34:31.208  1546  1761 D gralloc_ranchu: gralloc_alloc: Creating ashmem region of size 823296
11-08 17:34:31.208  1546  1761 D         : HostConnection::get() New Host Connection established 0x7ce03422d480, tid 1761
11-08 17:34:31.209  1666  1721 D         : HostConnection::get() New Host Connection established 0x739244d21000, tid 1721
11-08 17:34:31.223  1774  1828 D EGL_emulation: eglCreateContext: 0x787ea5241a00: maj 1 min 0 rcv 1
11-08 17:34:31.229  1774  1828 D EGL_emulation: eglMakeCurrent: 0x787ea5241a00: ver 1 0 (tinfo 0x787ea52cf760)
11-08 17:34:31.230  1774  1828 D BootAnimation: BootAnimationShownTiming start time: 11230ms
11-08 17:34:31.243  1728  1728 I PackageManager: /system/framework/framework-res.apk changed; collecting certs
11-08 17:34:31.246  1728  1728 E PackageManager: Adding duplicate shared id: 1000 name=android
11-08 17:34:31.261  1728  1728 I PackageManager: /system/priv-app/TelephonyProvider changed; collecting certs
11-08 17:34:31.262  1728  1728 E PackageManager: Adding duplicate shared id: 1001 name=com.android.providers.telephony
11-08 17:34:31.262  1728  1728 I PackageManager: New shared user android.uid.calendar: id=10005
11-08 17:34:31.262  1728  1728 I PackageManager: /system/priv-app/CalendarProvider changed; collecting certs
11-08 17:34:31.263  1728  1728 E PackageManager: Adding duplicate user id: 10005 name=com.android.providers.calendar
11-08 17:34:31.267  1728  1728 I PackageManager: New shared user android.uid.shared: id=10006
11-08 17:34:31.267  1728  1728 I PackageManager: /system/priv-app/UserDictionaryProvider changed; collecting certs
11-08 17:34:31.268  1728  1728 E PackageManager: Adding duplicate user id: 10006 name=com.android.providers.userdictionary
11-08 17:34:31.271  1728  1728 I PackageManager: /system/priv-app/FusedLocation changed; collecting certs
11-08 17:34:31.272  1728  1728 E PackageManager: Adding duplicate shared id: 1000 name=com.android.location.fused
11-08 17:34:31.273  1728  1728 I PackageManager: /system/priv-app/SettingsIntelligence changed; collecting certs
11-08 17:34:31.284  1728  1844 W PackageParser: Unknown element under <manifest>: meta-data at /system/priv-app/Dialer/Dialer.apk Binary XML file line #111
11-08 17:34:31.292  1728  1728 I PackageManager: /system/priv-app/Provision changed; collecting certs
11-08 17:34:31.294  1728  1842 W PackageParser: No actions in intent filter at /system/priv-app/Contacts/Contacts.apk Binary XML file line #443
11-08 17:34:31.294  1728  1728 I PackageManager: /system/priv-app/Contacts changed; collecting certs
11-08 17:34:31.299  1728  1728 I PackageManager: /system/priv-app/Dialer changed; collecting certs
11-08 17:34:31.310  1546  1761 D gralloc_ranchu: gralloc_alloc: Creating ashmem region of size 823296
11-08 17:34:31.312  1728  1841 W PackageParser: Ignoring duplicate uses-permissions/uses-permissions-sdk-m: android.permission.CONFIGURE_WIFI_DISPLAY in package: com.android.systemui at: Binary XML file line #134
11-08 17:34:31.314  1728  1728 I PackageManager: /system/priv-app/MmsService changed; collecting certs
11-08 17:34:31.315  1728  1728 E PackageManager: Adding duplicate shared id: 1001 name=com.android.mms.service
11-08 17:34:31.316  1728  1842 W PackageParser: Ignoring duplicate uses-permissions/uses-permissions-sdk-m: android.permission.INSTALL_GRANT_RUNTIME_PERMISSIONS in package: com.android.shell at: Binary XML file line #111
11-08 17:34:31.319  1728  1728 I PackageManager: New shared user android.media: id=10011
11-08 17:34:31.319  1728  1728 I PackageManager: /system/priv-app/MtpDocumentsProvider changed; collecting certs
11-08 17:34:31.321  1666  1666 I SurfaceFlinger: Enter boot animation
11-08 17:34:31.327  1728  1728 E PackageManager: Adding duplicate user id: 10011 name=com.android.mtp
11-08 17:34:31.328  1750  1760 D         : HostConnection::get() New Host Connection established 0x7f984fa2d780, tid 1760
11-08 17:34:31.333  1728  1728 I PackageManager: /system/priv-app/SdkSetup changed; collecting certs
11-08 17:34:31.334  1728  1728 I PackageManager: New shared user android.uid.systemui: id=10013
11-08 17:34:31.334  1728  1728 I PackageManager: /system/priv-app/SystemUI changed; collecting certs
11-08 17:34:31.358  1728  1728 E PackageManager: Adding duplicate user id: 10013 name=com.android.systemui
11-08 17:34:31.359  1728  1728 I PackageManager: /system/priv-app/Shell changed; collecting certs
11-08 17:34:31.365  1728  1728 E PackageManager: Adding duplicate shared id: 2000 name=com.android.shell
11-08 17:34:31.366  1728  1728 I PackageManager: /system/priv-app/SettingsProvider changed; collecting certs
11-08 17:34:31.367  1728  1728 E PackageManager: Adding duplicate shared id: 1000 name=com.android.providers.settings
11-08 17:34:31.367  1728  1728 I PackageManager: /system/priv-app/CarrierConfig changed; collecting certs
11-08 17:34:31.368  1728  1728 I PackageManager: /system/priv-app/DocumentsUI changed; collecting certs
11-08 17:34:31.385  1728  1728 I PackageManager: /system/priv-app/InputDevices changed; collecting certs
11-08 17:34:31.388  1728  1728 E PackageManager: Adding duplicate shared id: 1000 name=com.android.inputdevices
11-08 17:34:31.388  1728  1728 I PackageManager: /system/priv-app/StorageManager changed; collecting certs
11-08 17:34:31.391  1728  1728 I PackageManager: /system/priv-app/ExternalStorageProvider changed; collecting certs
11-08 17:34:31.397  1728  1728 I PackageManager: /system/priv-app/WallpaperCropper changed; collecting certs
11-08 17:34:31.402  1728  1728 I PackageManager: /system/priv-app/BlockedNumberProvider changed; collecting certs
11-08 17:34:31.408  1728  1728 E PackageManager: Adding duplicate user id: 10006 name=com.android.providers.blockednumber
11-08 17:34:31.409  1728  1728 I PackageManager: /system/priv-app/Telecom changed; collecting certs
11-08 17:34:31.413  1728  1728 E PackageManager: Adding duplicate shared id: 1000 name=com.android.server.telecom
11-08 17:34:31.414  1728  1728 I PackageManager: /system/priv-app/DownloadProvider changed; collecting certs
11-08 17:34:31.417  1728  1728 E PackageManager: Adding duplicate user id: 10011 name=com.android.providers.downloads
11-08 17:34:31.420  1728  1728 I PackageManager: /system/priv-app/MediaProvider changed; collecting certs
11-08 17:34:31.424  1728  1843 W PackageParser: Ignoring duplicate uses-permissions/uses-permissions-sdk-m: android.permission.READ_EXTERNAL_STORAGE in package: com.android.launcher3 at: Binary XML file line #80
11-08 17:34:31.426  1728  1728 E PackageManager: Adding duplicate user id: 10011 name=com.android.providers.media
11-08 17:34:31.426  1728  1728 I PackageManager: New shared user com.android.emergency.uid: id=10019
11-08 17:34:31.427  1728  1728 I PackageManager: /system/priv-app/EmergencyInfo changed; collecting certs
11-08 17:34:31.429  1728  1728 E PackageManager: Adding duplicate user id: 10019 name=com.android.emergency
11-08 17:34:31.430  1546  1761 D gralloc_ranchu: gralloc_alloc: Creating ashmem region of size 823296
11-08 17:34:31.430  1728  1728 I PackageManager: /system/priv-app/DefaultContainerService changed; collecting certs
11-08 17:34:31.437  1728  1728 I PackageManager: /system/priv-app/PackageInstaller changed; collecting certs
11-08 17:34:31.449  1728  1728 I PackageManager: /system/priv-app/BackupRestoreConfirmation changed; collecting certs
11-08 17:34:31.451  1728  1728 I PackageManager: /system/priv-app/ExtServices changed; collecting certs
11-08 17:34:31.457  1728  1728 I PackageManager: /system/priv-app/OneTimeInitializer changed; collecting certs
11-08 17:34:31.463  1728  1728 I PackageManager: /system/priv-app/MusicFX changed; collecting certs
11-08 17:34:31.465  1728  1728 I PackageManager: /system/priv-app/VpnDialogs changed; collecting certs
11-08 17:34:31.469  1728  1728 I PackageManager: /system/priv-app/DownloadProviderUi changed; collecting certs
11-08 17:34:31.471  1728  1728 E PackageManager: Adding duplicate user id: 10011 name=com.android.providers.downloads.ui
11-08 17:34:31.472  1728  1728 I PackageManager: /system/priv-app/CtsShimPrivPrebuilt changed; collecting certs
11-08 17:34:31.488  1728  1728 I PackageManager: /system/priv-app/ProxyHandler changed; collecting certs
11-08 17:34:31.493  1728  1728 I PackageManager: /system/priv-app/SharedStorageBackup changed; collecting certs
11-08 17:34:31.497  1728  1728 I PackageManager: /system/priv-app/TeleService changed; collecting certs
11-08 17:34:31.498  1728  1728 E PackageManager: Adding duplicate shared id: 1001 name=com.android.phone
11-08 17:34:31.499  1728  1728 I PackageManager: /system/priv-app/Launcher3QuickStep changed; collecting certs
11-08 17:34:31.510  1728  1728 I PackageManager: /system/priv-app/StatementService changed; collecting certs
11-08 17:34:31.516  1728  1728 I PackageManager: /system/priv-app/CallLogBackup changed; collecting certs
11-08 17:34:31.517  1728  1728 E PackageManager: Adding duplicate user id: 10006 name=com.android.calllogbackup
11-08 17:34:31.517  1728  1728 I PackageManager: /system/priv-app/CellBroadcastReceiver changed; collecting certs
11-08 17:34:31.518  1728  1728 I PackageManager: /system/priv-app/ManagedProvisioning changed; collecting certs
11-08 17:34:31.519  1728  1728 I PackageManager: /system/priv-app/ContactsProvider changed; collecting certs
11-08 17:34:31.521  1728  1728 E PackageManager: Adding duplicate user id: 10006 name=com.android.providers.contacts
11-08 17:34:31.521  1728  1728 I PackageManager: /system/priv-app/Settings changed; collecting certs
11-08 17:34:31.522  1728  1728 E PackageManager: Adding duplicate shared id: 1000 name=com.android.settings
11-08 17:34:31.537  1728  1728 I PackageManager: /system/app/NetSpeed changed; collecting certs
11-08 17:34:31.539  1728  1728 I PackageManager: /system/app/KeyChain changed; collecting certs
11-08 17:34:31.541  1728  1728 E PackageManager: Adding duplicate shared id: 1000 name=com.android.keychain
11-08 17:34:31.546  1728  1728 I PackageManager: /system/app/SimAppDialog changed; collecting certs
11-08 17:34:31.547  1728  1728 I PackageManager: /system/app/PhotoTable changed; collecting certs
