11-08 17:34:36.266  2055  2102 D IccSmsInterfaceManager: [IccSmsInterfaceManager] Failed to add GSM cell broadcast subscription for MID range 4392 to 4392 from client com.android.cellbroadcastreceiver
11-08 17:34:36.266  2055  2102 D IccSmsInterfaceManager: [IccSmsInterfaceManager] Failed to remove GSM cell broadcast subscription for MID range 4380 to 4380 from client com.android.cellbroadcastreceiver
11-08 17:34:36.267  2055  2102 D IccSmsInterfaceManager: [IccSmsInterfaceManager] Failed to remove cdma broadcast subscription for MID range 4100 to 4100 from client com.android.cellbroadcastreceiver
11-08 17:34:36.268  2055  2102 D IccSmsInterfaceManager: [IccSmsInterfaceManager] Failed to remove GSM cell broadcast subscription for MID range 4393 to 4393 from client com.android.cellbroadcastreceiver
11-08 17:34:36.268  2055  2102 D IccSmsInterfaceManager: [IccSmsInterfaceManager] Failed to remove GSM cell broadcast subscription for MID range 4381 to 4381 from client com.android.cellbroadcastreceiver
11-08 17:34:36.269  2055  2102 D IccSmsInterfaceManager: [IccSmsInterfaceManager] Failed to remove GSM cell broadcast subscription for MID range 4394 to 4394 from client com.android.cellbroadcastreceiver
11-08 17:34:36.269  2055  2102 D IccSmsInterfaceManager: [IccSmsInterfaceManager] Failed to remove GSM cell broadcast subscription for MID range 4382 to 4382 from client com.android.cellbroadcastreceiver
11-08 17:34:36.270  2055  2102 D IccSmsInterfaceManager: [IccSmsInterfaceManager] Failed to remove GSM cell broadcast subscription for MID range 4395 to 4395 from client com.android.cellbroadcastreceiver
11-08 17:34:36.270  2055  2102 D IccSmsInterfaceManager: [IccSmsInterfaceManager] Calling setGsmBroadcastConfig with 1 configurations
11-08 17:34:36.271  2055  2102 D IccSmsInterfaceManager: [IccSmsInterfaceManager] Failed to add GSM cell broadcast subscription for MID range 4352 to 4354 from client com.android.cellbroadcastreceiver
11-08 17:34:36.271  2055  2102 D IccSmsInterfaceManager: [IccSmsInterfaceManager] Calling setGsmBroadcastConfig with 1 configurations
11-08 17:34:36.272  2055  2102 D IccSmsInterfaceManager: [IccSmsInterfaceManager] Failed to add GSM cell broadcast subscription for MID range 4356 to 4356 from client com.android.cellbroadcastreceiver
11-08 17:34:36.273  2055  2102 D IccSmsInterfaceManager: [IccSmsInterfaceManager] Failed to remove GSM cell broadcast subscription for MID range 4355 to 4355 from client com.android.cellbroadcastreceiver
11-08 17:34:36.275  2289  2289 E bootstat: Failed to read /data/misc/bootstat/factory_reset: No such file or directory
11-08 17:34:36.275  2289  2289 E bootstat: Failed to parse boot time record: /data/misc/bootstat/factory_reset
11-08 17:34:36.281  1728  1798 E memtrack: Couldn't load memtrack module
11-08 17:34:36.281  1728  1798 W android.os.Debug: failed to get memory consumption info: -1
11-08 17:34:36.284  1728  1798 E memtrack: Couldn't load memtrack module
11-08 17:34:36.284  1728  1798 W android.os.Debug: failed to get memory consumption info: -1
11-08 17:34:36.285  1728  1798 E memtrack: Couldn't load memtrack module
11-08 17:34:36.285  1728  1798 W android.os.Debug: failed to get memory consumption info: -1
11-08 17:34:36.287  1728  1798 E memtrack: Couldn't load memtrack module
11-08 17:34:36.287  1728  1798 W android.os.Debug: failed to get memory consumption info: -1
11-08 17:34:36.288  1728  1798 E memtrack: Couldn't load memtrack module
11-08 17:34:36.288  1728  1798 W android.os.Debug: failed to get memory consumption info: -1
11-08 17:34:36.288  1728  1798 E memtrack: Couldn't load memtrack module
11-08 17:34:36.288  1728  1798 W android.os.Debug: failed to get memory consumption info: -1
11-08 17:34:36.289  1728  1798 E memtrack: Couldn't load memtrack module
11-08 17:34:36.289  1728  1798 W android.os.Debug: failed to get memory consumption info: -1
11-08 17:34:36.299  1728  1798 E memtrack: Couldn't load memtrack module
11-08 17:34:36.299  1728  1798 W android.os.Debug: failed to get memory consumption info: -1
11-08 17:34:36.300  1728  1798 E memtrack: Couldn't load memtrack module
11-08 17:34:36.300  1728  1798 W android.os.Debug: failed to get memory consumption info: -1
11-08 17:34:36.301  1728  1798 E memtrack: Couldn't load memtrack module
11-08 17:34:36.301  1728  1798 W android.os.Debug: failed to get memory consumption info: -1
11-08 17:34:36.308  1957  2214 D EGL_emulation: eglMakeCurrent: 0x7e183960ff80: ver 3 0 (tinfo 0x7e1849124100)
11-08 17:34:36.314  1728  1798 E memtrack: Couldn't load memtrack module
11-08 17:34:36.314  1728  1798 W android.os.Debug: failed to get memory consumption info: -1
11-08 17:34:36.315  1491  1942 I vold_prepare_subdirs: SELinux: Loaded file_contexts
11-08 17:34:36.322  2326  2326 D vold_prepare_subdirs: Setting up mode 700 uid 0 gid 0 context u:object_r:vold_data_file:s0 on path: /data/misc_ce/0/vold
11-08 17:34:36.322  2326  2326 D vold_prepare_subdirs: Setting up mode 700 uid 0 gid 0 context u:object_r:storaged_data_file:s0 on path: /data/misc_ce/0/storaged
11-08 17:34:36.328  1728  1818 D UserDataPreparer: Serial number missing on /data/system_ce/0; assuming current is valid
11-08 17:34:36.328  1728  1818 D UserDataPreparer: Setting property: sys.user.0.ce_available=true
11-08 17:34:36.349  1728  1798 E memtrack: Couldn't load memtrack module
11-08 17:34:36.349  1728  1798 W android.os.Debug: failed to get memory consumption info: -1
11-08 17:34:36.350  1728  1798 E memtrack: Couldn't load memtrack module
11-08 17:34:36.350  1728  1798 W android.os.Debug: failed to get memory consumption info: -1
11-08 17:34:36.363  1728  1798 E memtrack: Couldn't load memtrack module
11-08 17:34:36.363  1728  1798 W android.os.Debug: failed to get memory consumption info: -1
11-08 17:34:36.364  1728  1798 E memtrack: Couldn't load memtrack module
11-08 17:34:36.364  1728  1798 W android.os.Debug: failed to get memory consumption info: -1
11-08 17:34:36.364  1728  1798 E memtrack: Couldn't load memtrack module
11-08 17:34:36.364  1728  1798 W android.os.Debug: failed to get memory consumption info: -1
11-08 17:34:36.367  1728  1798 E memtrack: Couldn't load memtrack module
11-08 17:34:36.367  1728  1798 W android.os.Debug: failed to get memory consumption info: -1
11-08 17:34:36.396  1728  1728 I GnssLocationProvider: WakeLock acquired by sendMessage(SUBSCRIPTION_OR_SIM_CHANGED, 0, null)
11-08 17:34:36.399  1728  1873 W ContextImpl: Calling a method in the system process without a qualified user: android.app.ContextImpl.sendBroadcastAsUserMultiplePermissions:1053 com.android.server.TelephonyRegistry.broadcastCallStateChanged:1602 com.android.server.TelephonyRegistry.notifyCallStateForPhoneId:793 com.android.internal.telephony.ITelephonyRegistry$Stub.onTransact:122 android.os.Binder.execTransact:731 
11-08 17:34:36.400  1728  1912 I NetworkPolicy: No policy for subscriber 310260...; generating default policy
11-08 17:34:36.404  1728  1912 W BestClock: java.time.DateTimeException: Missing NTP fix
11-08 17:34:36.409  1728  1912 W BestClock: java.time.DateTimeException: Missing NTP fix
11-08 17:34:36.411  1728  1728 I GnssLocationProvider: WakeLock acquired by sendMessage(SUBSCRIPTION_OR_SIM_CHANGED, 0, null)
11-08 17:34:36.414  1728  1912 W BestClock: java.time.DateTimeException: Missing NTP fix
11-08 17:34:36.416  1728  1912 I chatty  : uid=1000(system) NetworkPolicy identical 1 line
11-08 17:34:36.417  1728  1912 W BestClock: java.time.DateTimeException: Missing NTP fix
11-08 17:34:36.419  1728  1728 I GnssLocationProvider: WakeLock acquired by sendMessage(SUBSCRIPTION_OR_SIM_CHANGED, 0, null)
11-08 17:34:36.421  1728  1912 W BestClock: java.time.DateTimeException: Missing NTP fix
11-08 17:34:36.422  2055  2055 I TelecomFramework: PstnIncomingCallNotifier: Unregistering: Handler (com.android.internal.telephony.GsmCdmaPhone) {3c50240}
11-08 17:34:36.432  1728  1873 I Telecom : PhoneAccountRegistrar: Modify account: [ComponentInfo{com.android.phone/com.android.services.telephony.TelephonyConnectionService}, ***, UserHandle{0}]: TSI.rPA@ABk
11-08 17:34:36.434  2055  2055 I TelecomFramework: AccountEntry: Registered phoneAccount: [[ ] PhoneAccount: ComponentInfo{com.android.phone/com.android.services.telephony.TelephonyConnectionService}, ***, UserHandle{0} Capabilities: CallProvider MultiUser PlaceEmerg SimSub  Audio Routes: BESW Schemes: tel voicemail  Extras: Bundle[{android.telecom.extra.SUPPORTS_VIDEO_CALLING_FALLBACK=true}] GroupId: ***] with handle: ComponentInfo{com.android.phone/com.android.services.telephony.TelephonyConnectionService}, ***, UserHandle{0}
11-08 17:34:36.434  2055  2055 I TelecomFramework: PstnIncomingCallNotifier: Registering: Handler (com.android.internal.telephony.GsmCdmaPhone) {3c50240}
11-08 17:34:36.423  1728  1912 I chatty  : uid=1000(system) NetworkPolicy identical 1 line
11-08 17:34:36.427  1728  1912 W BestClock: java.time.DateTimeException: Missing NTP fix
11-08 17:34:36.448  2055  2055 D TelephonyProvider: subIdString = 1 subId = 1
11-08 17:34:36.448  2055  2055 D TelephonyProvider: getPreferredApnIdFromApn: for subId 1
11-08 17:34:36.465  1728  1818 I ActivityManager: User 0 state changed from RUNNING_LOCKED to RUNNING_UNLOCKING
11-08 17:34:36.465  1728  1818 D ActivityManager: Unlocking user 0 progress 20
11-08 17:34:36.465  1728  1806 I SystemServiceManager: Calling onUnlockUser u0
11-08 17:34:36.465  1728  1806 D StorageManagerService: onUnlockUser 0
11-08 17:34:36.468  1491  1942 D vold    : Linking /storage/emulated/0 to /mnt/user/0/primary
11-08 17:34:36.470  1728  1899 D StorageManagerService: Volume emulated broadcasting mounted to UserHandle{0}
11-08 17:34:36.471  1728  1807 I ActivityManager: Config changes=20 {1.0 310mcc260mnc [en_US] ldltr sw320dp w320dp h616dp 160dpi nrml long port finger -keyb/v/h tball/v winConfig={ mBounds=Rect(0, 0 - 0, 0) mAppBounds=Rect(0, 0 - 320, 640) mWindowingMode=fullscreen mActivityType=undefined} s.7}
11-08 17:34:36.473  1728  1807 I ActivityManager: Override config changes=20 {1.0 310mcc260mnc [en_US] ldltr sw320dp w320dp h616dp 160dpi nrml long port finger -keyb/v/h tball/v winConfig={ mBounds=Rect(0, 0 - 320, 640) mAppBounds=Rect(0, 0 - 320, 640) mWindowingMode=fullscreen mActivityType=undefined} s.7} for displayId=0
11-08 17:34:36.483  1666  1715 D PermissionCache: checking android.permission.READ_FRAME_BUFFER for uid=1000 => granted (301 us)
11-08 17:34:36.484  1546  1761 D gralloc_ranchu: gralloc_alloc: Creating ashmem region of size 823296
11-08 17:34:36.488  1728  1807 D         : HostConnection::get() New Host Connection established 0x7e182d5282c0, tid 1807
11-08 17:34:36.489  1728  1818 W Looper  : Slow dispatch took 368ms android.fg h=android.os.Handler c=com.android.server.am.-$$Lambda$UserController$o6oQFjGYYIfx-I94cSakTLPLt6s@fd8e3d1 m=0
11-08 17:34:36.489  1728  1818 W Looper  : Slow delivery took 367ms android.fg h=com.android.server.usb.UsbDeviceManager$UsbHandlerLegacy c=null m=1
11-08 17:34:36.492  1728  1820 W WindowManager: App freeze timeout expired.
11-08 17:34:36.492  1728  1820 W WindowManager: Force clearing freeze: AppWindowToken{6629803 token=Token{71360b2 ActivityRecord{d8232bd u0 com.android.settings/.FallbackHome t2}}}
11-08 17:34:36.492  1728  1820 I WindowManager: Screen frozen for +12ms due to AppWindowToken{6629803 token=Token{71360b2 ActivityRecord{d8232bd u0 com.android.settings/.FallbackHome t2}}}
11-08 17:34:36.495  2128  2164 D EGL_emulation: eglMakeCurrent: 0x7e18490fd4c0: ver 3 0 (tinfo 0x7e1847678480)
11-08 17:34:36.500  1728  1915 D WifiConfigStore: Reading from user store completed in 0 ms.
11-08 17:34:36.500  1728  1915 D WakeupConfigStoreData: WifiWake user data has been read
11-08 17:34:36.509  1728  1915 D WifiConfigStore: Writing to stores completed in 9 ms.
11-08 17:34:36.521  2055  2240 D MccTable: updateMccMncConfiguration mccmnc='310260' fromServiceState=false
11-08 17:34:36.522  1728  1806 W VoiceInteractionManagerService: no available voice interaction services found for user 0
11-08 17:34:36.522  1728  1806 W VoiceInteractionManagerService: no available voice recognition services found for user 0
11-08 17:34:36.523  1728  1806 D AutofillManagerServiceImpl: Reset component for user 0 ()
11-08 17:34:36.523  1728  1806 D AutofillManagerServiceImpl: Reset component for user 0 ()
11-08 17:34:36.523  1728  1806 D FieldClassificationStrategy: reset(): service is not bound. Do nothing.
11-08 17:34:36.523  1728  1806 I ActivityManager: User 0 state changed from RUNNING_UNLOCKING to RUNNING_UNLOCKED
11-08 17:34:36.523  1728  1806 D SystemServerTiming: SystemUserUnlock took to complete: 402ms
11-08 17:34:36.524  1728  1806 I PreBootBroadcaster: Pre-boot of {com.android.managedprovisioning/com.android.managedprovisioning.ota.PreBootListener} for user 0
11-08 17:34:36.529  1728  1728 D NotificationListeners: Removing active service ComponentInfo{android.ext.services/android.ext.services.notification.Assistant}
11-08 17:34:36.530  1728  1728 I AccountManagerService: User 0 is unlocked - opening CE database
11-08 17:34:36.534  2055  2240 D MccTable: updateMccMncConfiguration defaultMccMnc=310260
11-08 17:34:36.534  2055  2240 D MccTable: updateMccMncConfiguration: mcc=310, mnc=260
11-08 17:34:36.534  2055  2240 D MccTable: updateMccMncConfiguration updateConfig config={0.0 310mcc260mnc ?localeList ?layoutDir ?swdp ?wdp ?hdp ?density ?lsize ?long ?ldr ?wideColorGamut ?orien ?uimode ?night ?touch ?keyb/?/? ?nav/? winConfig={ mBounds=Rect(0, 0 - 0, 0) mAppBounds=null mWindowingMode=undefined mActivityType=undefined}}
11-08 17:34:36.543  1728  1728 I AccountsDb: Creating CE database /data/system_ce/0/accounts_ce.db
11-08 17:34:36.546  1957  2214 I OpenGLRenderer: Davey! duration=1179ms; Flags=0, IntendedVsync=15063206617, Vsync=15746539923, OldestInputEvent=9223372036854775807, NewestInputEvent=0, HandleInputStart=15746670905, AnimationStart=15746682359, PerformTraversalsStart=15747184949, DrawStart=16000844727, SyncQueued=16005677104, SyncStart=16007033128, IssueDrawCommandsStart=16007059226, SwapBuffers=16184986969, FrameCompleted=16244007526, DequeueBufferDuration=31000, QueueBufferDuration=194000, 
11-08 17:34:36.564  1728  1941 I SyncManager: Loaded persisted syncs: 0 periodic syncs, 0 oneshot syncs, 7 total system server jobs, JobStats: FirstLoad: 0/0/0 LastSave: -1/-1/-1
11-08 17:34:36.567  1728  1798 E memtrack: Couldn't load memtrack module
11-08 17:34:36.567  1728  1798 W android.os.Debug: failed to get memory consumption info: -1
11-08 17:34:36.567  2333  2333 W com.android.se: Unexpected CPU variant for X86 using defaults: x86_64
11-08 17:34:36.567  1728  2332 E system_server: No package ID 7f found for ID 0x7f08017c.
11-08 17:34:36.567  1728  2332 E system_server: No package ID 7f found for ID 0x7f120f74.
11-08 17:34:36.568  1728  2332 E system_server: No package ID 7f found for ID 0x7f08017b.
11-08 17:34:36.568  1728  2332 E system_server: No package ID 7f found for ID 0x7f120480.
11-08 17:34:36.568  1728  2332 E system_server: No package ID 7f found for ID 0x7f08017a.
11-08 17:34:36.568  1728  2332 E system_server: No package ID 7f found for ID 0x7f12099f.
11-08 17:34:36.572  2297  2338 D ExtAssistant: File doesn't exist or isn't readable yet
11-08 17:34:36.582  1728  2332 E system_server: No package ID 7f found for ID 0x7f08006d.
11-08 17:34:36.582  1728  2332 E system_server: No package ID 7f found for ID 0x7f100215.
11-08 17:34:36.584  1728  2332 E system_server: No package ID 7f found for ID 0x7f07008d.
11-08 17:34:36.584  1728  2332 E system_server: No package ID 7f found for ID 0x7f10007f.
11-08 17:34:36.605  1728  1808 W ActivityManager: Slow operation: 81ms so far, now at startProcess: done updating battery stats
11-08 17:34:36.605  1728  1808 W ActivityManager: Slow operation: 81ms so far, now at startProcess: building log message
11-08 17:34:36.605  1728  1808 I ActivityManager: Start proc 2333:com.android.se/1068 for added application com.android.se
11-08 17:34:36.605  1728  1808 W ActivityManager: Slow operation: 81ms so far, now at startProcess: starting to update pids map
11-08 17:34:36.605  1728  1808 W ActivityManager: Slow operation: 81ms so far, now at startProcess: done updating pids map
11-08 17:34:36.605  1728  1808 W ActivityManager: Slow operation: 80ms so far, now at startProcess: asking zygote to start proc
11-08 17:34:36.606  1728  1818 W Looper  : Slow dispatch took 117ms android.fg h=com.android.server.DropBoxManagerService$3 c=null m=1
11-08 17:34:36.617  1728  1808 W ActivityManager: Slow operation: 92ms so far, now at startProcess: returned from zygote!
11-08 17:34:36.617  1728  1808 W ActivityManager: Slow operation: 92ms so far, now at startProcess: done updating battery stats
11-08 17:34:36.617  1728  1808 W ActivityManager: Slow operation: 92ms so far, now at startProcess: building log message
11-08 17:34:36.617  1728  1808 I ActivityManager: Start proc 2350:android.process.media/u0a11 for broadcast com.android.providers.downloads/.DownloadReceiver
11-08 17:34:36.617  1728  1808 W ActivityManager: Slow operation: 92ms so far, now at startProcess: starting to update pids map
11-08 17:34:36.617  1728  1808 W ActivityManager: Slow operation: 92ms so far, now at startProcess: done updating pids map
11-08 17:34:36.617  1728  1808 W ActivityManager: Slow operation: 88ms so far, now at startProcess: asking zygote to start proc
11-08 17:34:36.618  1728  1807 D AutofillUI: destroySaveUiUiThread(): already destroyed
11-08 17:34:36.621  1728  2329 I SELinux : SELinux: Loaded file_contexts
11-08 17:34:36.634  2333  2333 I com.android.se: The ClassLoaderContext is a special shared library.
11-08 17:34:36.639  2055  2055 D CallNotifier: updatePhoneStateListeners: update CF notifications.
11-08 17:34:36.639  2055  2055 I TelecomFramework: PstnIncomingCallNotifier: Unregistering: Handler (com.android.internal.telephony.GsmCdmaPhone) {3c50240}
11-08 17:34:36.645  1728  1875 I Telecom : PhoneAccountRegistrar: Modify account: [ComponentInfo{com.android.phone/com.android.services.telephony.TelephonyConnectionService}, ***, UserHandle{0}]: TSI.rPA@ABw
11-08 17:34:36.646  2055  2055 I TelecomFramework: AccountEntry: Registered phoneAccount: [[ ] PhoneAccount: ComponentInfo{com.android.phone/com.android.services.telephony.TelephonyConnectionService}, ***, UserHandle{0} Capabilities: CallProvider MultiUser PlaceEmerg SimSub  Audio Routes: BESW Schemes: tel voicemail  Extras: Bundle[{android.telecom.extra.SUPPORTS_VIDEO_CALLING_FALLBACK=true}] GroupId: ***] with handle: ComponentInfo{com.android.phone/com.android.services.telephony.TelephonyConnectionService}, ***, UserHandle{0}
11-08 17:34:36.646  2055  2055 I TelecomFramework: PstnIncomingCallNotifier: Registering: Handler (com.android.internal.telephony.GsmCdmaPhone) {3c50240}
11-08 17:34:36.656  1728  1798 E memtrack: Couldn't load memtrack module
11-08 17:34:36.656  1728  1798 W android.os.Debug: failed to get memory consumption info: -1
11-08 17:34:36.658  1728  1798 E memtrack: Couldn't load memtrack module
11-08 17:34:36.658  1728  1798 W android.os.Debug: failed to get memory consumption info: -1
11-08 17:34:36.660  1728  1798 E memtrack: Couldn't load memtrack module
11-08 17:34:36.660  1728  1798 W android.os.Debug: failed to get memory consumption info: -1
11-08 17:34:36.661  1728  1798 E memtrack: Couldn't load memtrack module
11-08 17:34:36.661  1728  1798 W android.os.Debug: failed to get memory consumption info: -1
11-08 17:34:36.663  2055  2055 I TelecomFramework: PstnIncomingCallNotifier: Unregistering: Handler (com.android.internal.telephony.GsmCdmaPhone) {3c50240}
11-08 17:34:36.665  2350  2350 W d.process.medi: Unexpected CPU variant for X86 using defaults: x86_64
11-08 17:34:36.666  2333  2333 I SecureElementService: main onCreate
11-08 17:34:36.667  1483  1483 W hwservicemanager: getTransport: Cannot find entry android.hardware.secure_element@1.0::ISecureElement/eSE1 in either framework or device manifest.
11-08 17:34:36.667  2333  2333 I SecureElementService: No HAL implementation for eSE1
11-08 17:34:36.667  1483  1483 W hwservicemanager: getTransport: Cannot find entry android.hardware.secure_element@1.0::ISecureElement/SIM1 in either framework or device manifest.
11-08 17:34:36.667  2333  2333 I SecureElementService: No HAL implementation for SIM1
11-08 17:34:36.671  1728  1808 W ActivityManager: Slow operation: 142ms so far, now at startProcess: returned from zygote!
11-08 17:34:36.671  1728  1808 W ActivityManager: Slow operation: 142ms so far, now at startProcess: done updating battery stats
11-08 17:34:36.671  1728  1808 W ActivityManager: Slow operation: 142ms so far, now at startProcess: building log message
11-08 17:34:36.671  1728  1808 I ActivityManager: Start proc 2362:com.android.launcher3/u0a30 for service com.android.launcher3/.notification.NotificationListener
11-08 17:34:36.671  1728  1808 W ActivityManager: Slow operation: 142ms so far, now at startProcess: starting to update pids map
11-08 17:34:36.671  1728  1808 W ActivityManager: Slow operation: 142ms so far, now at startProcess: done updating pids map
11-08 17:34:36.676  2362  2362 W droid.launcher: Unexpected CPU variant for X86 using defaults: x86_64
11-08 17:34:36.679  1728  1818 W AppWidgetServiceImpl: Failed to read state: java.io.FileNotFoundException: /data/system/users/0/appwidgets.xml (No such file or directory)
11-08 17:34:36.680  1728  1818 I AppWidgetServiceImpl: Async processing of onUserUnlocked u0 took 66 ms
11-08 17:34:36.700  1728  1818 I ActivityManager: Loading recents for user 0 into memory.
11-08 17:34:36.715  1546  1761 D gralloc_ranchu: gralloc_alloc: Creating ashmem region of size 823296
11-08 17:34:36.717  1546  1761 D gralloc_ranchu: gralloc_alloc: Creating ashmem region of size 823296
11-08 17:34:36.718  1546  1546 D gralloc_ranchu: gralloc_alloc: Creating ashmem region of size 823296
11-08 17:34:36.720  2128  2128 D FallbackHome: User unlocked and real home found; let's go!
11-08 17:34:36.727  2128  2164 D EGL_emulation: eglMakeCurrent: 0x7e18490fd4c0: ver 3 0 (tinfo 0x7e1847678480)
11-08 17:34:36.731  1728  2349 I ActivityManager: START u0 {act=android.intent.action.MAIN cat=[android.intent.category.HOME] flg=0x10000100 cmp=com.android.sdksetup/.DefaultActivity} from uid 0
11-08 17:34:36.735  1728  1878 W System  : ClassLoader referenced unknown path: 
11-08 17:34:36.748  2350  2350 I d.process.medi: The ClassLoaderContext is a special shared library.
11-08 17:34:36.749  1728  1808 I ActivityManager: Start proc 2385:com.android.sdksetup/u0a12 for activity com.android.sdksetup/.DefaultActivity
11-08 17:34:36.753  1728  1818 W Looper  : Drained
11-08 17:34:36.752  2350  2350 I d.process.medi: The ClassLoaderContext is a special shared library.
11-08 17:34:36.763  2385  2385 W ndroid.sdksetu: Unexpected CPU variant for X86 using defaults: x86_64
11-08 17:34:36.766  2362  2362 I droid.launcher: The ClassLoaderContext is a special shared library.
11-08 17:34:36.768  1728  1798 E memtrack: Couldn't load memtrack module
11-08 17:34:36.768  1728  1798 W android.os.Debug: failed to get memory consumption info: -1
11-08 17:34:36.770  1728  1798 E memtrack: Couldn't load memtrack module
11-08 17:34:36.770  1728  1798 W android.os.Debug: failed to get memory consumption info: -1
11-08 17:34:36.771  1728  1798 E memtrack: Couldn't load memtrack module
11-08 17:34:36.771  1728  1798 W android.os.Debug: failed to get memory consumption info: -1
11-08 17:34:36.776  1546  1546 D gralloc_ranchu: gralloc_alloc: Creating ashmem region of size 823296
11-08 17:34:36.778  1728  1878 D         : HostConnection::get() New Host Connection established 0x7e182c9d25a0, tid 1878
11-08 17:34:36.797  1728  2349 I Telecom : PhoneAccountRegistrar: Modify account: [ComponentInfo{com.android.phone/com.android.services.telephony.TelephonyConnectionService}, ***, UserHandle{0}]: TSI.rPA@AB8
11-08 17:34:36.797  2055  2055 I TelecomFramework: AccountEntry: Registered phoneAccount: [[ ] PhoneAccount: ComponentInfo{com.android.phone/com.android.services.telephony.TelephonyConnectionService}, ***, UserHandle{0} Capabilities: CallProvider MultiUser PlaceEmerg SimSub  Audio Routes: BESW Schemes: tel voicemail  Extras: Bundle[{android.telecom.extra.SUPPORTS_VIDEO_CALLING_FALLBACK=true}] GroupId: ***] with handle: ComponentInfo{com.android.phone/com.android.services.telephony.TelephonyConnectionService}, ***, UserHandle{0}
11-08 17:34:36.797  2055  2055 I TelecomFramework: PstnIncomingCallNotifier: Registering: Handler (com.android.internal.telephony.GsmCdmaPhone) {3c50240}
11-08 17:34:36.802  2055  2055 D CallNotifier: updatePhoneStateListeners: update CF notifications.
11-08 17:34:36.803  2055  2055 D CallNotifier: updatePhoneStateListeners: update CF notifications.
11-08 17:34:36.803  2055  2055 I NotificationMgr: updateMwi(): subId 1 update to false
11-08 17:34:36.809  2055  2055 I CallNotifier: onCallForwardingIndicatorChanged(): subId=1, visible=N
11-08 17:34:36.810  2055  2055 D CallNotifier: updatePhoneStateListeners: update CF notifications.
11-08 17:34:36.810  2055  2055 I NotificationMgr: updateCfi: subId= 1, visible=N
11-08 17:34:36.810  2055  2055 I NotificationMgr: updateMwi(): subId 1 update to false
11-08 17:34:36.813  2055  2055 I TelecomFramework: PstnPhoneCapabilitiesNotifier: handleVideoCapabilitesChanged. Video capability - false
11-08 17:34:36.814  2055  2055 D CarrierSvcBindHelper: Received android.intent.action.USER_UNLOCKED
11-08 17:34:36.815  1728  2329 E BackupPasswordManager: Unable to read backup pw version
11-08 17:34:36.816  1728  2329 E BackupPasswordManager: Unable to read saved backup pw hash
11-08 17:34:36.816  1728  1808 I ActivityManager: Start proc 2394:com.android.dialer/u0a10 for broadcast com.android.dialer/.app.voicemail.LegacyVoicemailNotificationReceiver
11-08 17:34:36.822  2055  2055 D CarrierSvcBindHelper: No carrier app for: 0
11-08 17:34:36.822  2055  2055 D IntentBroadcaster: Rebroadcasting intent android.intent.action.SIM_STATE_CHANGED READY for slotId 0
11-08 17:34:36.825  1728  1728 I GnssLocationProvider: WakeLock acquired by sendMessage(SUBSCRIPTION_OR_SIM_CHANGED, 0, null)
11-08 17:34:36.826  1728  1912 W BestClock: java.time.DateTimeException: Missing NTP fix
11-08 17:34:36.828  1728  1912 W BestClock: java.time.DateTimeException: Missing NTP fix
11-08 17:34:36.837  2394  2394 W .android.diale: Unexpected CPU variant for X86 using defaults: x86_64
11-08 17:34:36.843  1728  1798 E memtrack: Couldn't load memtrack module
11-08 17:34:36.843  1728  1798 W android.os.Debug: failed to get memory consumption info: -1
11-08 17:34:36.845  1728  1798 E memtrack: Couldn't load memtrack module
11-08 17:34:36.845  1728  1798 W android.os.Debug: failed to get memory consumption info: -1
11-08 17:34:36.848  1728  1798 E memtrack: Couldn't load memtrack module
11-08 17:34:36.848  1728  1798 W android.os.Debug: failed to get memory consumption info: -1
11-08 17:34:36.850  1728  1798 E memtrack: Couldn't load memtrack module
11-08 17:34:36.850  1728  1798 W android.os.Debug: failed to get memory consumption info: -1
11-08 17:34:36.851  1728  1798 E memtrack: Couldn't load memtrack module
11-08 17:34:36.851  1728  1798 W android.os.Debug: failed to get memory consumption info: -1
11-08 17:34:36.868  2055  2055 D TelephonyProvider: subIdString = 1 subId = 1
11-08 17:34:36.871  2055  2055 D TelephonyProvider: getPreferredApnIdFromApn: for subId 1
11-08 17:34:36.878  1546  1546 D gralloc_ranchu: gralloc_alloc: Creating ashmem region of size 823296
11-08 17:34:36.886  1728  1808 I ActivityManager: Start proc 2427:com.android.smspush/u0a66 for service com.android.smspush/.WapPushManager
11-08 17:34:36.887  2427  2427 W android.smspus: Unexpected CPU variant for X86 using defaults: x86_64
11-08 17:34:36.888  2385  2385 I ndroid.sdksetu: The ClassLoaderContext is a special shared library.
11-08 17:34:36.894  1546  1546 D gralloc_ranchu: gralloc_alloc: Creating ashmem region of size 823296
11-08 17:34:36.901  1728  1728 I LockSettingsService: Reporting device setup complete to IGateKeeperService
11-08 17:34:36.901  1700  1700 D PermissionCache: checking android.permission.ACCESS_KEYGUARD_SECURE_STORAGE for uid=1000 => granted (649 us)
11-08 17:34:36.902  1700  1700 I gatekeeperd: cold boot: clearing state
11-08 17:34:36.903  1728  1728 I DevicePolicyManager: Set ro.device_owner property to false
11-08 17:34:36.907  2385  2385 W Settings: Setting install_non_market_apps has moved from android.provider.Settings.Global to android.provider.Settings.Secure, value is unchanged.
11-08 17:34:36.907  2385  2385 W Settings: Setting adb_enabled has moved from android.provider.Settings.Secure to android.provider.Settings.Global
11-08 17:34:36.908  1728  1765 D PackageManager: Instant App installer not found with android.intent.action.INSTALL_INSTANT_APP_PACKAGE
11-08 17:34:36.908  1728  1765 D PackageManager: Clear ephemeral installer activity
11-08 17:34:36.911  1728  1829 I ActivityManager: Killing 2385:com.android.sdksetup/u0a12 (adj 0): change com.android.sdksetup
11-08 17:34:36.911  1728  1810 W libprocessgroup: kill(-2385, 9) failed: No such process
11-08 17:34:36.913  1728  1829 I ActivityManager:   Force finishing activity ActivityRecord{189a4d2 u0 com.android.sdksetup/.DefaultActivity t3}
11-08 17:34:36.915  1728  1829 I ActivityManager: START u0 {act=android.intent.action.MAIN cat=[android.intent.category.HOME] flg=0x10000100 cmp=com.android.provision/.DefaultActivity} from uid 0
11-08 17:34:36.932  2350  2350 I DownloadManager: Upgrading downloads database from version 0 to version 110, which will destroy all old data
11-08 17:34:36.937  2394  2394 I .android.diale: The ClassLoaderContext is a special shared library.
11-08 17:34:36.939  2394  2394 I .android.diale: The ClassLoaderContext is a special shared library.
11-08 17:34:36.946  2055  2055 D CarrierIdProvider: updateCarrierIdForSubId: 1
11-08 17:34:36.952  1728  1810 W libprocessgroup: kill(-2385, 9) failed: No such process
11-08 17:34:36.960  2055  2092 I m.android.phon: Background concurrent copying GC freed 20949(1550KB) AllocSpace objects, 4(208KB) LOS objects, 50% free, 1930KB/3MB, paused 14us total 162.005ms
11-08 17:34:36.968  1728  1923 D NotificationSQLiteLog: Pruned event entries: 0
11-08 17:34:36.981  1728  1808 W ActivityManager: Slow operation: 68ms so far, now at startProcess: asking zygote to start proc
11-08 17:34:36.990  2128  2164 D EGL_emulation: eglMakeCurrent: 0x7e18490fd4c0: ver 3 0 (tinfo 0x7e1847678480)
11-08 17:34:36.991  1728  1808 W ActivityManager: Slow operation: 79ms so far, now at startProcess: returned from zygote!
11-08 17:34:36.993  1728  1810 W libprocessgroup: kill(-2385, 9) failed: No such process
11-08 17:34:36.998  1728  1808 W ActivityManager: Slow operation: 86ms so far, now at startProcess: done updating battery stats
11-08 17:34:36.998  1728  1808 W ActivityManager: Slow operation: 86ms so far, now at startProcess: building log message
11-08 17:34:36.998  1728  1808 I ActivityManager: Start proc 2449:com.android.sdksetup/u0a12 for activity com.android.sdksetup/.DefaultActivity
11-08 17:34:36.998  1728  1808 W ActivityManager: Slow operation: 86ms so far, now at startProcess: starting to update pids map
11-08 17:34:36.998  1728  1808 W ActivityManager: Slow operation: 86ms so far, now at startProcess: done updating pids map
11-08 17:34:37.000  1728  1897 I InputReader: Reconfiguring input devices.  changes=0x00000010
11-08 17:34:37.006  1728  1728 I Telecom : DefaultDialerCache: Refreshing default dialer for user 0: now com.android.dialer: DDC.oR@ACY
11-08 17:34:37.011  1546  1546 D gralloc_ranchu: gralloc_alloc: Creating ashmem region of size 823296
11-08 17:34:37.015  2427  2427 I android.smspus: The ClassLoaderContext is a special shared library.
11-08 17:34:37.017  1666  2384 D         : HostConnection::get() New Host Connection established 0x739244c6c9c0, tid 2384
11-08 17:34:37.033  2055  2055 D TelephonyProvider: subIdString = 1 subId = 1
11-08 17:34:37.033  2055  2055 D TelephonyProvider: getPreferredApnIdFromApn: for subId 1
11-08 17:34:37.033  1728  1810 W libprocessgroup: kill(-2385, 9) failed: No such process
11-08 17:34:37.049  1728  1798 E memtrack: Couldn't load memtrack module
11-08 17:34:37.049  1728  1798 W android.os.Debug: failed to get memory consumption info: -1
11-08 17:34:37.052  1728  1808 W ActivityManager: Slow operation: 74ms so far, now at startProcess: returned from zygote!
11-08 17:34:37.066  2449  2449 W ndroid.sdksetu: Unexpected CPU variant for X86 using defaults: x86_64
11-08 17:34:37.072  1728  1798 E memtrack: Couldn't load memtrack module
11-08 17:34:37.072  1728  1798 W android.os.Debug: failed to get memory consumption info: -1
11-08 17:34:37.076  1728  1798 E memtrack: Couldn't load memtrack module
11-08 17:34:37.076  1728  1798 W android.os.Debug: failed to get memory consumption info: -1
11-08 17:34:37.078  1728  1749 I system_server: Background concurrent copying GC freed 82241(5MB) AllocSpace objects, 70(2MB) LOS objects, 42% free, 7MB/13MB, paused 63us total 569.952ms
11-08 17:34:37.078  1728  1810 W libprocessgroup: kill(-2385, 9) failed: No such process
11-08 17:34:37.082  1728  1808 W ActivityManager: Slow operation: 104ms so far, now at startProcess: done updating battery stats
11-08 17:34:37.082  1728  1808 W ActivityManager: Slow operation: 104ms so far, now at startProcess: building log message
11-08 17:34:37.082  1728  1808 I ActivityManager: Start proc 2457:com.android.provision/u0a8 for activity com.android.provision/.DefaultActivity
11-08 17:34:37.082  1728  1808 W ActivityManager: Slow operation: 104ms so far, now at startProcess: starting to update pids map
11-08 17:34:37.082  1728  1808 W ActivityManager: Slow operation: 104ms so far, now at startProcess: done updating pids map
11-08 17:34:37.096  2457  2457 W droid.provisio: Unexpected CPU variant for X86 using defaults: x86_64
11-08 17:34:37.108  2055  2055 I TelecomFramework: PstnPhoneCapabilitiesNotifier: handleVideoCapabilitesChanged. Video capability - false
11-08 17:34:37.119  1728  1933 I GnssLocationProvider: WakeLock acquired by sendMessage(REPORT_SV_STATUS, 0, com.android.server.location.GnssLocationProvider$SvStatusInfo@e3acd43)
11-08 17:34:37.108  2055  2055 I TelecomFramework: PstnPhoneCapabilitiesNotifier: handleVideoCapabilitesChanged. Video capability - false
11-08 17:34:37.121  1728  1765 D ConnectivityService: registerNetworkAgent NetworkAgentInfo{ ni{[type: MOBILE[LTE], state: CONNECTED/CONNECTED, reason: connected, extra: epc.tmobile.com, failover: false, available: true, roaming: false]}  network{100}  nethandle{432902426637}  lp{{InterfaceName: radio0 LinkAddresses: [192.168.200.2/24,]  Routes: [0.0.0.0/0 -> 192.168.200.1 radio0,192.168.200.0/24 -> 0.0.0.0 radio0,] DnsAddresses: [10.0.2.3,] UsePrivateDns: false PrivateDnsServerName: null Domains: null MTU: 1500 TcpBufferSizes: 524288,1048576,2097152,262144,524288,1048576}}  nc{[ Transports: CELLULAR Capabilities: MMS&SUPL&DUN&FOTA&IMS&CBS&IA&INTERNET&NOT_RESTRICTED&TRUSTED&NOT_VPN&NOT_ROAMING&FOREGROUND&NOT_CONGESTED&NOT_SUSPENDED Unwanted:  LinkUpBandwidth>=51200Kbps LinkDnBandwidth>=102400Kbps Specifier: <1>]}  Score{10}  everValidated{false}  lastValidated{false}  created{false} lingering{false} explicitlySelected{false} acceptUnvalidated{false} everCaptivePortalDetected{false} lastCaptivePortalDetected{false} clat{null} }
11-08 17:34:37.121  1728  1919 D ConnectivityService: NetworkAgentInfo [MOBILE (LTE) - 100] EVENT_NETWORK_INFO_CHANGED, going from null to CONNECTED
11-08 17:34:37.121  1678  1743 D TcpSocketMonitor: resuming tcpinfo polling (interval=30000ms)
11-08 17:34:37.122  1728  1810 W libprocessgroup: kill(-2385, 9) failed: No such process
11-08 17:34:37.122  1728  1919 W DnsManager: updatePrivateDns(100, PrivateDnsConfig{true:/[]})
11-08 17:34:37.122  1728  1919 D ConnectivityService: Setting DNS servers for network 100 to [/10.0.2.3]
11-08 17:34:37.122  1728  1919 D DnsManager: setDnsConfigurationForNetwork(100, [10.0.2.3], [], [1800, 25, 8, 64], , [10.0.2.3])
11-08 17:34:37.123  1728  1919 D ConnectivityService: Adding iface radio0 to network 100
11-08 17:34:37.130  1728  1919 E ConnectivityService: exception in setMtu()java.lang.IllegalStateException: command '31 interface setmtu radio0 1500' failed with '400 31 Failed to set MTU (Permission denied)'
11-08 17:34:37.131  1728  1919 D ConnectivityService: Setting DNS servers for network 100 to [/10.0.2.3]
11-08 17:34:37.131  1728  1919 D DnsManager: setDnsConfigurationForNetwork(100, [10.0.2.3], [], [1800, 25, 8, 64], , [10.0.2.3])
11-08 17:34:37.132  1728  1919 W BestClock: java.time.DateTimeException: Missing NTP fix
11-08 17:34:37.134  1728  1919 W BestClock: java.time.DateTimeException: Missing NTP fix
11-08 17:34:37.134  1728  1912 W BestClock: java.time.DateTimeException: Missing NTP fix
11-08 17:34:37.135  1728  1919 W BestClock: java.time.DateTimeException: Missing NTP fix
11-08 17:34:37.137  1728  1919 W BestClock: java.time.DateTimeException: Missing NTP fix
11-08 17:34:37.137  1728  1912 W BestClock: java.time.DateTimeException: Missing NTP fix
11-08 17:34:37.139  1728  1919 D ConnectivityService: Switching to new default network: NetworkAgentInfo{ ni{[type: MOBILE[LTE], state: CONNECTED/CONNECTED, reason: connected, extra: epc.tmobile.com, failover: false, available: true, roaming: false]}  network{100}  nethandle{432902426637}  lp{{InterfaceName: radio0 LinkAddresses: [192.168.200.2/24,]  Routes: [0.0.0.0/0 -> 192.168.200.1 radio0,192.168.200.0/24 -> 0.0.0.0 radio0,] DnsAddresses: [10.0.2.3,] UsePrivateDns: false PrivateDnsServerName: null Domains: null MTU: 1500 TcpBufferSizes: 524288,1048576,2097152,262144,524288,1048576}}  nc{[ Transports: CELLULAR Capabilities: MMS&SUPL&DUN&FOTA&IMS&CBS&IA&INTERNET&NOT_RESTRICTED&TRUSTED&NOT_VPN&NOT_ROAMING&FOREGROUND&NOT_CONGESTED&NOT_SUSPENDED Unwanted:  LinkUpBandwidth>=51200Kbps LinkDnBandwidth>=102400Kbps Specifier: <1>]}  Score{10}  everValidated{false}  lastValidated{false}  created{true} lingering{false} explicitlySelected{false} acceptUnvalidated{false} everCaptivePortalDetected{false} lastCaptivePortalDetected{false} clat{null} }
11-08 17:34:37.148  1728  1919 W BestClock: java.time.DateTimeException: Missing NTP fix
11-08 17:34:37.149  1728  1919 W BestClock: java.time.DateTimeException: Missing NTP fix
11-08 17:34:37.159  1728  1912 W BestClock: java.time.DateTimeException: Missing NTP fix
11-08 17:34:37.162  1728  1810 W libprocessgroup: kill(-2385, 9) failed: No such process
11-08 17:34:37.168  1666  1666 D SurfaceFlinger: duplicate layer name: changing Surface(name=AppWindowToken{35b04a0 token=Token{43f59a3 ActivityRecord{189a4d2 u0 com.android.sdksetup/.DefaultActivity t3}}})/@0x6e75df5 - animation-leash to Surface(name=AppWindowToken{35b04a0 token=Token{43f59a3 ActivityRecord{189a4d2 u0 com.android.sdksetup/.DefaultActivity t3}}})/@0x6e75df5 - animation-leash#1
11-08 17:34:37.169  1666  1666 D SurfaceFlinger: duplicate layer name: changing Surface(name=AppWindowToken{6629803 token=Token{71360b2 ActivityRecord{d8232bd u0 com.android.settings/.FallbackHome t2}}})/@0xf23f432 - animation-leash to Surface(name=AppWindowToken{6629803 token=Token{71360b2 ActivityRecord{d8232bd u0 com.android.settings/.FallbackHome t2}}})/@0xf23f432 - animation-leash#1
11-08 17:34:37.172  1859  1859 I hostapd : wlan1: interface state COUNTRY_UPDATE->HT_SCAN
11-08 17:34:37.177  1678  2474 W DnsTlsSocket: SSL_connect error 5, errno=111
11-08 17:34:37.181  1728  1912 W BestClock: java.time.DateTimeException: Missing NTP fix
11-08 17:34:37.182  1728  1919 D ConnectivityService: Sending CONNECTED broadcast for type 0 NetworkAgentInfo [MOBILE (LTE) - 100] isDefaultNetwork=true
11-08 17:34:37.183  1728  1985 D NetworkTimeUpdateService: New default network 100; checking time.
11-08 17:34:37.184  1667  1667 I Zygote  : Process 2385 exited due to signal (9)
11-08 17:34:37.189  2457  2457 I droid.provisio: The ClassLoaderContext is a special shared library.
11-08 17:34:37.193  2449  2449 I ndroid.sdksetu: The ClassLoaderContext is a special shared library.
11-08 17:34:37.199  1728  1798 E memtrack: Couldn't load memtrack module
11-08 17:34:37.199  1728  1798 W android.os.Debug: failed to get memory consumption info: -1
11-08 17:34:37.200  1728  1798 E memtrack: Couldn't load memtrack module
11-08 17:34:37.200  1728  1798 W android.os.Debug: failed to get memory consumption info: -1
11-08 17:34:37.201  1957  1957 I ImageWallpaper: Redrawing in rect: RectF(0.0, 0.0, 1243.0, 1024.0) with surface size: 1243x1024
11-08 17:34:37.201  1957  2214 D EGL_emulation: eglMakeCurrent: 0x7e183960ff80: ver 3 0 (tinfo 0x7e1849124100)
11-08 17:34:37.202  1728  2476 D NetworkMonitor/NetworkAgentInfo [MOBILE (LTE) - 100]: PROBE_DNS www.google.com 25ms OK 142.250.186.68
11-08 17:34:37.204  1728  1810 W libprocessgroup: kill(-2385, 9) failed: No such process
11-08 17:34:37.204  1728  1810 I libprocessgroup: Successfully killed process cgroup uid 10012 pid 2385 in 292ms
11-08 17:34:37.204  1546  1546 D gralloc_ranchu: gralloc_alloc: Creating ashmem region of size 5095424
11-08 17:34:37.213  1728  1912 W BestClock: java.time.DateTimeException: Missing NTP fix
11-08 17:34:37.216  1728  1912 W BestClock: java.time.DateTimeException: Missing NTP fix
11-08 17:34:37.219  1728  1919 W BestClock: java.time.DateTimeException: Missing NTP fix
11-08 17:34:37.219  1728  1919 W BestClock: java.time.DateTimeException: Missing NTP fix
11-08 17:34:37.220  1728  1911 W BestClock: java.time.DateTimeException: Missing NTP fix
11-08 17:34:37.222  1728  1911 W BestClock: java.time.DateTimeException: Missing NTP fix
11-08 17:34:37.222  1728  1912 W BestClock: java.time.DateTimeException: Missing NTP fix
11-08 17:34:37.258  1728  1728 W DevicePolicyManager: Trying to set ro.device_owner, but it has already been set?
11-08 17:34:37.259  1728  2477 D NetworkMonitor/NetworkAgentInfo [MOBILE (LTE) - 100]: PROBE_DNS connectivitycheck.gstatic.com 82ms OK 142.250.181.227
11-08 17:34:37.261  1957  1957 I Choreographer: Skipped 72 frames!  The application may be doing too much work on its main thread.
11-08 17:34:37.269  2055  2055 W m.android.phon: Long monitor contention with owner android.bg (2240) at void com.android.internal.telephony.SubscriptionController.refreshCachedActiveSubscriptionInfoList()(SubscriptionController.java:650) waiters=0 in java.util.List com.android.internal.telephony.SubscriptionController.getActiveSubscriptionInfoList(java.lang.String) for 160ms
11-08 17:34:37.285  1728  1798 E memtrack: Couldn't load memtrack module
11-08 17:34:37.285  1728  1798 W android.os.Debug: failed to get memory consumption info: -1
11-08 17:34:37.285  1728  1798 E memtrack: Couldn't load memtrack module
11-08 17:34:37.285  1728  1798 W android.os.Debug: failed to get memory consumption info: -1
11-08 17:34:37.286  1728  1798 E memtrack: Couldn't load memtrack module
11-08 17:34:37.286  1728  1798 W android.os.Debug: failed to get memory consumption info: -1
11-08 17:34:37.287  1728  1798 E memtrack: Couldn't load memtrack module
11-08 17:34:37.287  1728  1798 W android.os.Debug: failed to get memory consumption info: -1
11-08 17:34:37.287  1728  1798 E memtrack: Couldn't load memtrack module
11-08 17:34:37.287  1728  1798 W android.os.Debug: failed to get memory consumption info: -1
11-08 17:34:37.290  1728  1798 E memtrack: Couldn't load memtrack module
11-08 17:34:37.290  1728  1798 W android.os.Debug: failed to get memory consumption info: -1
11-08 17:34:37.290  1728  1798 E memtrack: Couldn't load memtrack module
11-08 17:34:37.290  1728  1798 W android.os.Debug: failed to get memory consumption info: -1
11-08 17:34:37.290  1728  1798 E memtrack: Couldn't load memtrack module
11-08 17:34:37.290  1728  1798 W android.os.Debug: failed to get memory consumption info: -1
11-08 17:34:37.291  1728  1798 E memtrack: Couldn't load memtrack module
11-08 17:34:37.291  1728  1798 W android.os.Debug: failed to get memory consumption info: -1
11-08 17:34:37.291  1728  1798 E memtrack: Couldn't load memtrack module
11-08 17:34:37.291  1728  1798 W android.os.Debug: failed to get memory consumption info: -1
11-08 17:34:37.294  1728  1728 I GnssLocationProvider: WakeLock acquired by sendMessage(SUBSCRIPTION_OR_SIM_CHANGED, 0, null)
11-08 17:34:37.309  1728  2349 D PackageManager: Instant App installer not found with android.intent.action.INSTALL_INSTANT_APP_PACKAGE
11-08 17:34:37.309  1728  2349 D PackageManager: Clear ephemeral installer activity
11-08 17:34:37.316  2457  2457 D OpenGLRenderer: Skia GL Pipeline
11-08 17:34:37.318  1728  1912 W BestClock: java.time.DateTimeException: Missing NTP fix
11-08 17:34:37.320  1728  1765 I ActivityManager: START u0 {act=android.intent.action.MAIN cat=[android.intent.category.HOME] flg=0x10000100 cmp=com.android.launcher3/.Launcher} from uid 0
11-08 17:34:37.324  2362  2362 W ActivityThread: handleWindowVisibility: no activity for token android.os.BinderProxy@73e0a49
11-08 17:34:37.341  1728  2349 W WallpaperManagerService: Cannot extract colors because wallpaper could not be read.
11-08 17:34:37.341  1728  2349 W WallpaperManagerService: Cannot get theme colors because WallpaperColors is null.
11-08 17:34:37.344  2362  2362 D OpenGLRenderer: Skia GL Pipeline
11-08 17:34:37.351  1728  2477 D NetworkMonitor/NetworkAgentInfo [MOBILE (LTE) - 100]: PROBE_HTTP http://connectivitycheck.gstatic.com/generate_204 time=92ms ret=204 request={User-Agent=[Mozilla/5.0 (X11; Linux x86_64) AppleWebKit/537.36 (KHTML, like Gecko) Chrome/60.0.3112.32 Safari/537.36]} headers={null=[HTTP/1.1 204 No Content], Content-Length=[0], Cross-Origin-Resource-Policy=[cross-origin], Date=[Tue, 08 Nov 2022 16:33:21 GMT], X-Android-Received-Millis=[1667925277351], X-Android-Response-Source=[NETWORK 204], X-Android-Selected-Protocol=[http/1.1], X-Android-Sent-Millis=[1667925277318]}
11-08 17:34:37.416  2362  2362 W System  : ClassLoader referenced unknown path: 
11-08 17:34:37.422  1856  1856 E ipv6proxy: Failed to forward Router Advertisement from eth0 to wlan1: Network is unreachable
11-08 17:34:37.432  1728  1912 W BestClock: java.time.DateTimeException: Missing NTP fix
11-08 17:34:37.433  1728  1919 W BestClock: java.time.DateTimeException: Missing NTP fix
11-08 17:34:37.436  1728  1765 I Telecom : PhoneAccountRegistrar: Modify account: [ComponentInfo{com.android.phone/com.android.services.telephony.TelephonyConnectionService}, ***, UserHandle{0}]: TSI.rPA@ACc
11-08 17:34:37.437  2055  2055 I TelecomFramework: PstnIncomingCallNotifier: Unregistering: Handler (com.android.internal.telephony.GsmCdmaPhone) {3c50240}
11-08 17:34:37.442  1728  1765 I Telecom : PhoneAccountRegistrar: Modify account: [ComponentInfo{com.android.phone/com.android.services.telephony.TelephonyConnectionService}, ***, UserHandle{0}]: TSI.rPA@ACg
11-08 17:34:37.443  2055  2055 I TelecomFramework: AccountEntry: Registered phoneAccount: [[ ] PhoneAccount: ComponentInfo{com.android.phone/com.android.services.telephony.TelephonyConnectionService}, ***, UserHandle{0} Capabilities: CallProvider MultiUser PlaceEmerg SimSub  Audio Routes: BESW Schemes: tel voicemail  Extras: Bundle[{android.telecom.extra.SUPPORTS_VIDEO_CALLING_FALLBACK=true}] GroupId: ***] with handle: ComponentInfo{com.android.phone/com.android.services.telephony.TelephonyConnectionService}, ***, UserHandle{0}
11-08 17:34:37.443  2055  2055 I TelecomFramework: PstnIncomingCallNotifier: Registering: Handler (com.android.internal.telephony.GsmCdmaPhone) {3c50240}
11-08 17:34:37.433  1728  1919 I chatty  : uid=1000(system) ConnectivitySer identical 1 line
11-08 17:34:37.434  1728  1919 W BestClock: java.time.DateTimeException: Missing NTP fix
11-08 17:34:37.445  2055  2055 D CallNotifier: updatePhoneStateListeners: update CF notifications.
11-08 17:34:37.445  2055  2055 I NotificationMgr: updateCfi: subId= 1, visible=N
11-08 17:34:37.446  2055  2055 I NotificationMgr: updateMwi(): subId 1 update to false
11-08 17:34:37.472  1666  2219 E SurfaceFlinger: ro.sf.lcd_density must be defined as a build property
11-08 17:34:37.479  1728  1728 I PackageManager: Replacing preferred activity com.android.messaging/.ui.conversation.LaunchConversationActivity for user 0:
11-08 17:34:37.479  1728  1728 I PackageManager:   Action: "android.intent.action.SENDTO"
11-08 17:34:37.479  1728  1728 I PackageManager:   Category: "android.intent.category.DEFAULT"
11-08 17:34:37.479  1728  1728 I PackageManager:   Scheme: "sms"
11-08 17:34:37.479  1728  1728 I PackageManager:   Action: "android.intent.action.SENDTO"
11-08 17:34:37.479  1728  1728 I PackageManager:   Category: "android.intent.category.DEFAULT"
11-08 17:34:37.479  1728  1728 I PackageManager:   Scheme: "smsto"
11-08 17:34:37.481  1728  1728 I PackageManager:   Action: "android.intent.action.SENDTO"
11-08 17:34:37.481  1728  1728 I PackageManager:   Category: "android.intent.category.DEFAULT"
11-08 17:34:37.481  1728  1728 I PackageManager:   Scheme: "mms"
11-08 17:34:37.481  1728  1728 I PackageManager:   Action: "android.intent.action.SENDTO"
11-08 17:34:37.481  1728  1728 I PackageManager:   Category: "android.intent.category.DEFAULT"
11-08 17:34:37.481  1728  1728 I PackageManager:   Scheme: "mmsto"
11-08 17:34:37.482  1728  1728 I DefaultPermGrantPolicy: Granting permissions to default sms app for user:0
11-08 17:34:37.492  1546  1546 D gralloc_ranchu: gralloc_alloc: Creating ashmem region of size 823296
11-08 17:34:37.493  1546  1546 I chatty  : uid=1000(system) allocator@2.0-s identical 1 line
11-08 17:34:37.494  1546  1546 D gralloc_ranchu: gralloc_alloc: Creating ashmem region of size 823296
11-08 17:34:37.495  2362  2509 D         : HostConnection::get() New Host Connection established 0x7e1847784a80, tid 2509
11-08 17:34:37.504  1957  2214 D EGL_emulation: eglMakeCurrent: 0x7e183960ff80: ver 3 0 (tinfo 0x7e1849124100)
