01-17 15:51:11.764  2009  2009 W dex2oat : /system/bin/dex2oat --zip-fd=8 --zip-location=GoogleDialer.apk --input-vdex-fd=-1 --output-vdex-fd=10 --oat-fd=9 --oat-location=/data/dalvik-cache/x86/system@priv-app@GoogleDialer@GoogleDialer.apk@classes.dex --instruction-set=x86 --instruction-set-variant=x86 --instruction-set-features=default --runtime-arg -Xms64m --runtime-arg -Xmx512m --compiler-filter=quicken --swap-fd=11 --classpath-dir=/system/priv-app/GoogleDialer --class-loader-context=PCL[/system/framework/com.google.android.dialer.support.jar] --generate-mini-debug-info --compact-dex-level=none --runtime-arg -Xtarget-sdk-version:28 --runtime-arg -Xhidden-api-checks --compilation-reason=first-boot
01-17 15:51:11.764  2009  2009 I dex2oat : /system/bin/dex2oat --input-vdex-fd=-1 --output-vdex-fd=10 --compiler-filter=quicken --classpath-dir=/system/priv-app/GoogleDialer --class-loader-context=PCL[/system/framework/com.google.android.dialer.support.jar] --generate-mini-debug-info --compact-dex-level=none --compilation-reason=first-boot
01-17 15:51:13.020  2009  2009 I dex2oat : dex2oat took 1.303s (2.204s cpu) (threads: 4) arena alloc=117KB (119824B) java alloc=4MB (5241096B) native alloc=7MB (7597160B) free=2MB (2364312B)
01-17 15:51:13.103  1930  1930 I system_server: The ClassLoaderContext is a special shared library.
01-17 15:51:14.483  1930  1930 I chatty  : uid=1000 system_server identical 28 lines
01-17 15:51:14.530  1930  1930 I system_server: The ClassLoaderContext is a special shared library.
01-17 15:51:14.531  1930  1930 I PackageManager.DexOptimizer: Running dexopt (dexoptNeeded=1) on: /system/app/EasterEgg/EasterEgg.apk pkg=com.android.egg isa=x86 dexoptFlags=public targetFilter=quicken oatDir=null classLoaderContext=PCL[]
01-17 15:51:14.546  2016  2016 W dex2oat : Unexpected CPU variant for X86 using defaults: x86
01-17 15:51:14.547  2016  2016 W dex2oat : Mismatch between dex2oat instruction set features (ISA: X86 Feature string: -ssse3,-sse4.1,-sse4.2,-avx,-avx2,-popcnt) and those of dex2oat executable (ISA: X86 Feature string: ssse3,-sse4.1,-sse4.2,-avx,-avx2,-popcnt) for the command line:
01-17 15:51:14.547  2016  2016 W dex2oat : /system/bin/dex2oat --zip-fd=8 --zip-location=EasterEgg.apk --input-vdex-fd=-1 --output-vdex-fd=10 --oat-fd=9 --oat-location=/data/dalvik-cache/x86/system@app@EasterEgg@EasterEgg.apk@classes.dex --instruction-set=x86 --instruction-set-variant=x86 --instruction-set-features=default --runtime-arg -Xms64m --runtime-arg -Xmx512m --compiler-filter=quicken --swap-fd=11 --classpath-dir=/system/app/EasterEgg --class-loader-context=PCL[] --generate-mini-debug-info --compact-dex-level=none --runtime-arg -Xtarget-sdk-version:28 --compilation-reason=first-boot
01-17 15:51:14.547  2016  2016 I dex2oat : /system/bin/dex2oat --input-vdex-fd=-1 --output-vdex-fd=10 --compiler-filter=quicken --classpath-dir=/system/app/EasterEgg --class-loader-context=PCL[] --generate-mini-debug-info --compact-dex-level=none --compilation-reason=first-boot
01-17 15:51:14.717  2016  2016 I dex2oat : dex2oat took 171.379ms (234.704ms cpu) (threads: 4) arena alloc=3KB (3864B) java alloc=341KB (350024B) native alloc=1668KB (1708384B) free=1915KB (1961632B)
01-17 15:51:14.747  1930  1930 I system_server: The ClassLoaderContext is a special shared library.
01-17 15:51:17.610  1930  1930 D SystemServerTiming: UpdatePackagesIfNeeded took to complete: 6422ms
01-17 15:51:17.611  1930  1930 I SystemServer: PerformFstrimIfNeeded
01-17 15:51:17.611  1930  1930 W PackageManager: No disk maintenance in 1673967077611; running immediately
01-17 15:51:17.611  1930  1930 D SystemServerTiming: PerformFstrimIfNeeded took to complete: 0ms
01-17 15:51:17.612  1930  2008 I StorageManagerService: Running fstrim idle maintenance
01-17 15:51:17.612  1930  1930 I SystemServer: StartLockSettingsService
01-17 15:51:17.612  1930  1930 I SystemServiceManager: Starting com.android.server.locksettings.LockSettingsService$Lifecycle
01-17 15:51:17.613  1581  2023 D vold    : Starting trim of /data
01-17 15:51:17.638  1581  2023 W vold    : Trim failed on /data: Operation not supported on transport endpoint
01-17 15:51:17.721  1930  1930 W SystemServiceManager: Service com.android.server.locksettings.LockSettingsService$Lifecycle took 109 ms in onStart
01-17 15:51:17.722  1930  1930 D SystemServerTiming: StartLockSettingsService took to complete: 110ms
01-17 15:51:17.549  1930  1930 I chatty  : uid=1000 system_server identical 58 lines
01-17 15:51:17.609  1930  1930 I system_server: The ClassLoaderContext is a special shared library.
01-17 15:51:17.724  1573  1573 W hwservicemanager: getTransport: Cannot find entry android.hardware.oemlock@1.0::IOemLock/default in either framework or device manifest.
01-17 15:51:17.725  1930  1930 I OemLock : OemLock HAL not present on device
01-17 15:51:17.725  1930  1930 I SystemServer: StartDeviceIdleController
01-17 15:51:17.725  1930  1930 I SystemServiceManager: Starting com.android.server.DeviceIdleController
01-17 15:51:17.729  1930  1930 D SystemServerTiming: StartDeviceIdleController took to complete: 4ms
01-17 15:51:17.729  1930  1930 I SystemServer: StartDevicePolicyManager
01-17 15:51:17.730  1930  1930 I SystemServiceManager: Starting com.android.server.devicepolicy.DevicePolicyManagerService$Lifecycle
01-17 15:51:17.795  1930  1940 I system_server: Background concurrent copying GC freed 24500(1925KB) AllocSpace objects, 38(1016KB) LOS objects, 42% free, 4MB/8MB, paused 393us total 106.266ms
01-17 15:51:17.811  1930  1930 D SystemServerTiming: StartDevicePolicyManager took to complete: 82ms
01-17 15:51:17.811  1930  1930 I SystemServer: StartStatusBarManagerService
01-17 15:51:17.812  1930  1930 D SystemServerTiming: StartStatusBarManagerService took to complete: 1ms
01-17 15:51:17.812  1930  1930 I SystemServer: StartClipboardService
01-17 15:51:17.812  1930  1930 I SystemServiceManager: Starting com.android.server.clipboard.ClipboardService
01-17 15:51:17.814  1930  1930 D SystemServerTiming: StartClipboardService took to complete: 2ms
01-17 15:51:17.814  1930  1930 I SystemServer: StartNetworkManagementService
01-17 15:51:17.816  1930  2025 I NetworkManagement: onDaemonConnected()
01-17 15:51:17.818  1930  1930 D SystemServerTiming: StartNetworkManagementService took to complete: 4ms
01-17 15:51:17.818  1930  1930 I SystemServer: StartIpSecService
01-17 15:51:17.819  1930  1930 D SystemServerTiming: StartIpSecService took to complete: 1ms
01-17 15:51:17.819  1930  1930 I SystemServer: StartTextServicesManager
01-17 15:51:17.820  1930  1930 I SystemServiceManager: Starting com.android.server.TextServicesManagerService$Lifecycle
01-17 15:51:17.821  1930  1930 D SystemServerTiming: StartTextServicesManager took to complete: 2ms
01-17 15:51:17.821  1930  1930 I SystemServer: StartTextClassificationManagerService
01-17 15:51:17.821  1930  1930 I SystemServiceManager: Starting com.android.server.textclassifier.TextClassificationManagerService$Lifecycle
01-17 15:51:17.822  1930  1930 D SystemServerTiming: StartTextClassificationManagerService took to complete: 1ms
01-17 15:51:17.822  1930  1930 I SystemServer: StartNetworkScoreService
01-17 15:51:17.822  1930  1930 I SystemServiceManager: Starting com.android.server.NetworkScoreService$Lifecycle
01-17 15:51:17.823  1930  1930 I NetworkScoreService: Registering network_score
01-17 15:51:17.823  1930  1930 D SystemServerTiming: StartNetworkScoreService took to complete: 1ms
01-17 15:51:17.823  1930  1930 I SystemServer: StartNetworkStatsService
01-17 15:51:17.825  1930  1930 D SystemServerTiming: StartNetworkStatsService took to complete: 2ms
01-17 15:51:17.825  1930  1930 I SystemServer: StartNetworkPolicyManagerService
01-17 15:51:17.865  1930  1930 D SystemServerTiming: StartNetworkPolicyManagerService took to complete: 40ms
01-17 15:51:17.865  1930  1930 I SystemServer: StartWifi
01-17 15:51:18.092  1930  1930 W system_server: Verification of void com.android.server.wifi.WifiService.<init>(android.content.Context) took 145.832ms
01-17 15:51:18.109  1930  1930 I SystemServiceManager: Starting com.android.server.wifi.WifiService
01-17 15:51:18.303  1930  1930 W system_server: Verification of void com.android.server.wifi.WifiInjector.<init>(android.content.Context) took 180.438ms
01-17 15:51:18.669  1930  1930 D WifiApConfigStore: 2G band allowed channels are:1,6,11
01-17 15:51:18.669  1930  1930 E WifiApConfigStore: Error reading hotspot configuration java.io.FileNotFoundException: /data/misc/wifi/softap.conf (No such file or directory)
01-17 15:51:18.670  1930  1930 D WifiApConfigStore: Fallback to use default AP configuration
01-17 15:51:18.689  1930  1930 I WifiScoringParams: rssi2=-85:-85:-73:-60,rssi5=-82:-82:-70:-57,pps=0:1:100,horizon=15,nud=8,expid=0
01-17 15:51:18.723  1930  1930 D WifiStateMachine: EnableConnectedMacRandomization Setting changed to false
01-17 15:51:18.724  1930  1930 E WifiStateMachine: getWifiLinkLayerStats called without an interface
01-17 15:51:18.724  1930  1930 D WifiStateMachinePrime: Starting Wifi in WifiDisabledState
01-17 15:51:18.724  1930  2031 D WifiStateMachinePrime: Entering WifiDisabledState
01-17 15:51:18.725  1930  2031 D ActiveModeManager: sending scan available broadcast: false
01-17 15:51:18.726  1930  1930 D WifiOpenNetworkNotifier: Settings toggle enabled=true
01-17 15:51:18.726  1930  1930 D WifiCarrierNetworkNotifier: Settings toggle enabled=true
01-17 15:51:18.727  1930  1930 D WakeupController: WifiWake enabled
01-17 15:51:18.743  1930  1930 D WifiController: isAirplaneModeOn = false, isWifiEnabled = true, isScanningAvailable = false, isLocationModeActive = false
01-17 15:51:18.754  1930  1930 E SupplicantStaIfaceHal: Can't call setDebugParams, ISupplicant is null
01-17 15:51:18.755  1930  1930 W WifiDiags: no ring buffers found
01-17 15:51:18.755  1930  1930 W WifiDiags: Failed to start packet fate monitoring
01-17 15:51:18.755  1930  1930 I WifiService: Registering wifi
01-17 15:51:18.756  1930  1930 D SystemServerTiming: StartWifi took to complete: 891ms
01-17 15:51:18.756  1930  1930 I SystemServer: StartWifiScanning
01-17 15:51:18.756  1930  1930 I SystemServiceManager: Starting com.android.server.wifi.scanner.WifiScanningService
01-17 15:51:18.756  1930  1930 I WifiScanningService: Creating wifiscanner
01-17 15:51:18.757  1930  1930 I WifiScanningService: Publishing wifiscanner
01-17 15:51:18.758  1930  1930 D SystemServerTiming: StartWifiScanning took to complete: 2ms
01-17 15:51:18.758  1930  1930 I SystemServer: StartWifiP2P
01-17 15:51:18.758  1930  1930 I SystemServiceManager: Starting com.android.server.wifi.p2p.WifiP2pService
01-17 15:51:18.819  1930  1930 W HalDevMgr: isWifiStarted called but mWifi is null!?
01-17 15:51:18.819  1930  1930 I WifiP2pService: Registering wifip2p
01-17 15:51:18.820  1930  1930 D SystemServerTiming: StartWifiP2P took to complete: 62ms
01-17 15:51:18.820  1930  1930 I SystemServer: StartConnectivityService
01-17 15:51:18.822  1930  1930 D ConnectivityService: ConnectivityService starting up
01-17 15:51:18.825  1930  1930 D ConnectivityService: wifiOnly=false
01-17 15:51:18.872  1930  1930 D SystemServerTiming: StartConnectivityService took to complete: 52ms
01-17 15:51:18.872  1930  1930 I SystemServer: StartNsdService
01-17 15:51:18.873  1930  1930 D NsdService: Network service discovery is enabled
01-17 15:51:18.874  1930  1930 D SystemServerTiming: StartNsdService took to complete: 2ms
01-17 15:51:18.875  1930  1930 I SystemServer: StartSystemUpdateManagerService
01-17 15:51:18.875  1930  1930 I SystemUpdateManagerService: No existing info file /data/system/system-update-info.xml
01-17 15:51:18.875  1930  1930 D SystemServerTiming: StartSystemUpdateManagerService took to complete: 0ms
01-17 15:51:18.875  1930  1930 I SystemServer: StartUpdateLockService
01-17 15:51:18.876  1930  1930 D SystemServerTiming: StartUpdateLockService took to complete: 1ms
01-17 15:51:18.876  1930  1930 I SystemServer: StartNotificationManager
01-17 15:51:18.876  1930  1930 I SystemServiceManager: Starting com.android.server.notification.NotificationManagerService
01-17 15:51:18.955  1930  1930 D ConditionProviders.SCP: new ScheduleConditionProvider()
01-17 15:51:18.961  1930  1930 I ConditionProviders:  Allowing condition provider com.google.android.apps.restore/com.google.android.apps.pixelmigrate.component.NotificationConsolidatorService
01-17 15:51:18.961  1930  1930 I NotificationListeners:  Allowing notification listener com.google.android.apps.restore/com.google.android.apps.pixelmigrate.component.NotificationConsolidatorService
01-17 15:51:18.962  1930  1930 I ConditionProviders:  Allowing condition provider com.android.camera2
01-17 15:51:18.963  1930  1930 I ConditionProviders:  Allowing condition provider com.google.android.ext.services/android.ext.services.notification.Assistant
01-17 15:51:18.963  1930  1930 I NotificationAssistants:  Allowing notification assistant com.google.android.ext.services/android.ext.services.notification.Assistant
01-17 15:51:18.964  1930  1930 D ZenLog  : set_zen_mode: off,init
01-17 15:51:18.967  1930  1930 W SystemServiceManager: Service com.android.server.notification.NotificationManagerService took 57 ms in onStart
01-17 15:51:18.989  1930  1930 D SystemServerTiming: StartNotificationManager took to complete: 113ms
01-17 15:51:18.989  1930  1930 I SystemServer: StartDeviceMonitor
01-17 15:51:18.989  1930  1930 I SystemServiceManager: Starting com.android.server.storage.DeviceStorageMonitorService
01-17 15:51:18.990  1930  1930 D SystemServerTiming: StartDeviceMonitor took to complete: 1ms
01-17 15:51:18.990  1930  1930 I SystemServer: StartLocationManagerService
01-17 15:51:19.000  1930  1930 D SystemServerTiming: StartLocationManagerService took to complete: 10ms
01-17 15:51:19.000  1930  1930 I SystemServer: StartCountryDetectorService
01-17 15:51:19.001  1930  1930 D SystemServerTiming: StartCountryDetectorService took to complete: 1ms
01-17 15:51:19.001  1930  1930 I SystemServer: StartSearchManagerService
01-17 15:51:19.001  1930  1930 I SystemServiceManager: Starting com.android.server.search.SearchManagerService$Lifecycle
01-17 15:51:19.001  1930  1930 D SystemServerTiming: StartSearchManagerService took to complete: 0ms
01-17 15:51:19.001  1930  1930 I SystemServer: StartWallpaperManagerService
01-17 15:51:19.002  1930  1930 I SystemServiceManager: Starting com.android.server.wallpaper.WallpaperManagerService$Lifecycle
01-17 15:51:19.002  1930  1930 D SystemServerTiming: StartWallpaperManagerService took to complete: 1ms
01-17 15:51:19.003  1930  1930 I SystemServer: StartAudioService
01-17 15:51:19.003  1930  1930 I SystemServiceManager: Starting com.android.server.audio.AudioService$Lifecycle
01-17 15:51:19.036  1930  1930 W TelecomManager: Telecom Service not found.
01-17 15:51:19.037  1645  1645 D PermissionCache: checking android.permission.MODIFY_AUDIO_ROUTING for uid=1000 => granted (482 us)
01-17 15:51:19.037  1645  1717 D PermissionCache: checking android.permission.MODIFY_AUDIO_SETTINGS for uid=1000 => granted (627 us)
01-17 15:51:19.039  1645  1725 W AudioFlinger: no wake lock to update, system not ready yet
01-17 15:51:19.040  1627  1723 W DeviceHAL: Error from HAL Device in function set_mic_mute: Function not implemented
01-17 15:51:19.070  1645  1645 D AudioFlinger: isLowRamDevice:false totalMemory:1567367168 mClientSharedHeapSize:4194304
01-17 15:51:19.073  1930  1930 D SystemServerTiming: StartAudioService took to complete: 70ms
01-17 15:51:19.073  1930  1930 I SystemServer: StartDockObserver
01-17 15:51:19.073  1930  1930 I SystemServiceManager: Starting com.android.server.DockObserver
01-17 15:51:19.073  1930  1930 W DockObserver: This kernel does not have dock station support
01-17 15:51:19.074  1930  1930 D SystemServerTiming: StartDockObserver took to complete: 1ms
01-17 15:51:19.074  1930  1930 I SystemServer: StartWiredAccessoryManager
01-17 15:51:19.074  1930  1930 W WiredAccessoryManager: This kernel does not have usb audio support
01-17 15:51:19.074  1930  1930 W WiredAccessoryManager: This kernel does not have HDMI audio support
01-17 15:51:19.074  1930  1930 D SystemServerTiming: StartWiredAccessoryManager took to complete: 0ms
01-17 15:51:19.074  1930  1930 I SystemServer: StartMidiManager
01-17 15:51:19.074  1930  1930 I SystemServiceManager: Starting com.android.server.midi.MidiService$Lifecycle
01-17 15:51:19.087  1930  1930 D SystemServerTiming: StartMidiManager took to complete: 13ms
01-17 15:51:19.087  1930  1930 I SystemServer: StartUsbService
01-17 15:51:19.087  1930  1930 I SystemServiceManager: Starting com.android.server.usb.UsbService$Lifecycle
01-17 15:51:19.102  1930  1930 E UsbDeviceManager: failed to write to /sys/class/android_usb/android0/f_rndis/ethaddr
01-17 15:51:19.104  1573  1573 W hwservicemanager: getTransport: Cannot find entry android.hardware.usb.gadget@1.0::IUsbGadget/default in either framework or device manifest.
01-17 15:51:19.193  1930  1930 I UsbDeviceManager: USB GADGET HAL not present in the device
01-17 15:51:19.193  1930  1930 I UsbDeviceManager: java.util.NoSuchElementException
01-17 15:51:19.193  1930  1930 I UsbDeviceManager: 	at android.os.HwBinder.getService(Native Method)
01-17 15:51:19.193  1930  1930 I UsbDeviceManager: 	at android.hardware.usb.gadget.V1_0.IUsbGadget.getService(IUsbGadget.java:40)
01-17 15:51:19.193  1930  1930 I UsbDeviceManager: 	at android.hardware.usb.gadget.V1_0.IUsbGadget.getService(IUsbGadget.java:44)
01-17 15:51:19.193  1930  1930 I UsbDeviceManager: 	at com.android.server.usb.UsbDeviceManager.<init>(UsbDeviceManager.java:267)
01-17 15:51:19.193  1930  1930 I UsbDeviceManager: 	at com.android.server.usb.UsbService.<init>(UsbService.java:139)
01-17 15:51:19.193  1930  1930 I UsbDeviceManager: 	at com.android.server.usb.UsbService$Lifecycle.onStart(UsbService.java:73)
01-17 15:51:19.193  1930  1930 I UsbDeviceManager: 	at com.android.server.SystemServiceManager.startService(SystemServiceManager.java:126)
01-17 15:51:19.193  1930  1930 I UsbDeviceManager: 	at com.android.server.SystemServiceManager.startService(SystemServiceManager.java:113)
01-17 15:51:19.193  1930  1930 I UsbDeviceManager: 	at com.android.server.SystemServiceManager.startService(SystemServiceManager.java:72)
01-17 15:51:19.193  1930  1930 I UsbDeviceManager: 	at com.android.server.SystemServer.startOtherServices(SystemServer.java:1299)
01-17 15:51:19.193  1930  1930 I UsbDeviceManager: 	at com.android.server.SystemServer.run(SystemServer.java:431)
01-17 15:51:19.193  1930  1930 I UsbDeviceManager: 	at com.android.server.SystemServer.main(SystemServer.java:294)
01-17 15:51:19.193  1930  1930 I UsbDeviceManager: 	at java.lang.reflect.Method.invoke(Native Method)
01-17 15:51:19.193  1930  1930 I UsbDeviceManager: 	at com.android.internal.os.RuntimeInit$MethodAndArgsCaller.run(RuntimeInit.java:493)
01-17 15:51:19.193  1930  1930 I UsbDeviceManager: 	at com.android.internal.os.ZygoteInit.main(ZygoteInit.java:838)
01-17 15:51:19.193  1930  1930 E UsbDeviceManagerJNI: could not open control for mtp No such file or directory
01-17 15:51:19.193  1930  1930 E UsbDeviceManager: Failed to open control for mtp
01-17 15:51:19.193  1930  1930 E UsbDeviceManagerJNI: could not open control for ptp No such file or directory
01-17 15:51:19.200  1930  1930 W StorageManagerService: No primary storage defined yet; hacking together a stub
01-17 15:51:19.200  1930  1930 E UsbDeviceManagerJNI: could not open /dev/usb_accessory
01-17 15:51:19.203  1930  1930 I android_os_HwBinder: HwBinder: Starting thread pool for default::android.hidl.manager@1.0::IServiceManager
01-17 15:51:19.205  1573  1573 W hwservicemanager: getTransport: Cannot find entry android.hardware.usb@1.0::IUsb/default in either framework or device manifest.
01-17 15:51:19.193  1930  1930 E UsbDeviceManager: Failed to open control for mtp
01-17 15:51:19.219  1930  1930 E UsbPortManager: connectToProxy: usb hal service not found. Did the service fail to start?
01-17 15:51:19.219  1930  1930 E UsbPortManager: java.util.NoSuchElementException
01-17 15:51:19.219  1930  1930 E UsbPortManager: 	at android.os.HwBinder.getService(Native Method)
01-17 15:51:19.219  1930  1930 E UsbPortManager: 	at android.os.HwBinder.getService(HwBinder.java:91)
01-17 15:51:19.219  1930  1930 E UsbPortManager: 	at android.hardware.usb.V1_0.IUsb.getService(IUsb.java:48)
01-17 15:51:19.219  1930  1930 E UsbPortManager: 	at android.hardware.usb.V1_0.IUsb.getService(IUsb.java:52)
01-17 15:51:19.219  1930  1930 E UsbPortManager: 	at com.android.server.usb.UsbPortManager.connectToProxy(UsbPortManager.java:531)
01-17 15:51:19.219  1930  1930 E UsbPortManager: 	at com.android.server.usb.UsbPortManager.<init>(UsbPortManager.java:137)
01-17 15:51:19.219  1930  1930 E UsbPortManager: 	at com.android.server.usb.UsbService.<init>(UsbService.java:142)
01-17 15:51:19.219  1930  1930 E UsbPortManager: 	at com.android.server.usb.UsbService$Lifecycle.onStart(UsbService.java:73)
01-17 15:51:19.219  1930  1930 E UsbPortManager: 	at com.android.server.SystemServiceManager.startService(SystemServiceManager.java:126)
01-17 15:51:19.219  1930  1930 E UsbPortManager: 	at com.android.server.SystemServiceManager.startService(SystemServiceManager.java:113)
01-17 15:51:19.219  1930  1930 E UsbPortManager: 	at com.android.server.SystemServiceManager.startService(SystemServiceManager.java:72)
01-17 15:51:19.219  1930  1930 E UsbPortManager: 	at com.android.server.SystemServer.startOtherServices(SystemServer.java:1299)
01-17 15:51:19.219  1930  1930 E UsbPortManager: 	at com.android.server.SystemServer.run(SystemServer.java:431)
01-17 15:51:19.219  1930  1930 E UsbPortManager: 	at com.android.server.SystemServer.main(SystemServer.java:294)
01-17 15:51:19.219  1930  1930 E UsbPortManager: 	at java.lang.reflect.Method.invoke(Native Method)
01-17 15:51:19.219  1930  1930 E UsbPortManager: 	at com.android.internal.os.RuntimeInit$MethodAndArgsCaller.run(RuntimeInit.java:493)
01-17 15:51:19.219  1930  1930 E UsbPortManager: 	at com.android.internal.os.ZygoteInit.main(ZygoteInit.java:838)
01-17 15:51:19.220  1930  1930 W SystemServiceManager: Service com.android.server.usb.UsbService$Lifecycle took 133 ms in onStart
01-17 15:51:19.221  1930  1930 D SystemServerTiming: StartUsbService took to complete: 134ms
01-17 15:51:19.221  1930  1930 I SystemServer: StartSerialService
01-17 15:51:19.221  1930  1930 D SystemServerTiming: StartSerialService took to complete: 0ms
01-17 15:51:19.221  1930  1930 I SystemServer: StartHardwarePropertiesManagerService
01-17 15:51:19.222  1573  1573 W hwservicemanager: getTransport: Cannot find entry android.hardware.thermal@1.0::IThermal/default in either framework or device manifest.
01-17 15:51:19.222  1930  1930 E HardwarePropertiesManagerService-JNI: Unable to get Thermal service.
01-17 15:51:19.223  1930  1930 D SystemServerTiming: StartHardwarePropertiesManagerService took to complete: 2ms
01-17 15:51:19.223  1930  1930 I SystemServer: StartTwilightService
01-17 15:51:19.223  1930  1930 I SystemServiceManager: Starting com.android.server.twilight.TwilightService
01-17 15:51:19.223  1930  1930 D SystemServerTiming: StartTwilightService took to complete: 0ms
01-17 15:51:19.223  1930  1930 I SystemServer: StartJobScheduler
01-17 15:51:19.223  1930  1930 I SystemServiceManager: Starting com.android.server.job.JobSchedulerService
01-17 15:51:19.250  1930  1930 I JobStore: Read 0 jobs
01-17 15:51:19.254  1930  1930 D SystemServerTiming: StartJobScheduler took to complete: 31ms
01-17 15:51:19.254  1930  1930 I SystemServer: StartSoundTrigger
01-17 15:51:19.254  1930  1930 I SystemServiceManager: Starting com.android.server.soundtrigger.SoundTriggerService
01-17 15:51:19.254  1930  1930 D SystemServerTiming: StartSoundTrigger took to complete: 0ms
01-17 15:51:19.254  1930  1930 I SystemServer: StartTrustManager
01-17 15:51:19.254  1930  1930 I SystemServiceManager: Starting com.android.server.trust.TrustManagerService
01-17 15:51:19.255  1930  1930 D SystemServerTiming: StartTrustManager took to complete: 1ms
01-17 15:51:19.255  1930  1930 I SystemServer: StartBackupManager
01-17 15:51:19.255  1930  1930 I SystemServiceManager: Starting com.android.server.backup.BackupManagerService$Lifecycle
01-17 15:51:19.280  1930  1930 D SystemServerTiming: StartBackupManager took to complete: 24ms
01-17 15:51:19.280  1930  1930 I SystemServer: StartAppWidgerService
01-17 15:51:19.280  1930  1930 I SystemServiceManager: Starting com.android.server.appwidget.AppWidgetService
01-17 15:51:19.324  1930  1930 D OpenGLRenderer: Skia GL Pipeline
01-17 15:51:19.341  1930  1930 D SystemServerTiming: StartAppWidgerService took to complete: 61ms
01-17 15:51:19.342  1930  1930 I SystemServer: StartVoiceRecognitionManager
01-17 15:51:19.342  1930  1930 I SystemServiceManager: Starting com.android.server.voiceinteraction.VoiceInteractionManagerService
01-17 15:51:19.342  1930  1930 D SystemServerTiming: StartVoiceRecognitionManager took to complete: 0ms
01-17 15:51:19.369  1930  1930 I SystemServer: StartGestureLauncher
01-17 15:51:19.370  1930  1930 I SystemServiceManager: Starting com.android.server.GestureLauncherService
01-17 15:51:19.370  1930  1930 D SystemServerTiming: StartGestureLauncher took to complete: 1ms
01-17 15:51:19.370  1930  1930 I SystemServer: StartSensorNotification
01-17 15:51:19.370  1930  1930 I SystemServiceManager: Starting com.android.server.SensorNotificationService
01-17 15:51:19.370  1930  1930 D SystemServerTiming: StartSensorNotification took to complete: 0ms
01-17 15:51:19.370  1930  1930 I SystemServer: StartContextHubSystemService
01-17 15:51:19.370  1930  1930 I SystemServiceManager: Starting com.android.server.ContextHubSystemService
01-17 15:51:19.370  1930  1930 D SystemServerTiming: StartContextHubSystemService took to complete: 0ms
01-17 15:51:19.370  1930  1930 I SystemServer: StartDiskStatsService
01-17 15:51:19.370  1930  1944 D SystemServerInitThreadPool: Started executing Init ContextHubSystemService
01-17 15:51:19.371  1573  1573 W hwservicemanager: getTransport: Cannot find entry android.hardware.contexthub@1.0::IContexthub/default in either framework or device manifest.
01-17 15:51:19.372  1930  1944 I ContextHubService: Context Hub HAL service not found
01-17 15:51:19.372  1930  1944 D SystemServerInitThreadPool: Finished executing Init ContextHubSystemService
01-17 15:51:19.373  1930  1930 D SystemServerTiming: StartDiskStatsService took to complete: 2ms
01-17 15:51:19.373  1930  1930 I SystemServer: StartNetworkTimeUpdateService
01-17 15:51:19.373  1930  1930 D SystemServerTiming: StartNetworkTimeUpdateService took to complete: 0ms
01-17 15:51:19.373  1930  1930 I SystemServer: StartCommonTimeManagementService
01-17 15:51:19.374  1930  1930 D SystemServerTiming: StartCommonTimeManagementService took to complete: 1ms
01-17 15:51:19.374  1930  1930 I SystemServer: CertBlacklister
01-17 15:51:19.374  1930  1930 D SystemServerTiming: CertBlacklister took to complete: 0ms
01-17 15:51:19.374  1930  1930 I SystemServer: StartEmergencyAffordanceService
01-17 15:51:19.374  1930  1930 I SystemServiceManager: Starting com.android.server.emergency.EmergencyAffordanceService
01-17 15:51:19.374  1930  1930 D SystemServerTiming: StartEmergencyAffordanceService took to complete: 0ms
01-17 15:51:19.374  1930  1930 I SystemServer: StartDreamManager
01-17 15:51:19.374  1930  1930 I SystemServiceManager: Starting com.android.server.dreams.DreamManagerService
01-17 15:51:19.375  1930  1930 D SystemServerTiming: StartDreamManager took to complete: 1ms
01-17 15:51:19.375  1930  1930 I SystemServer: AddGraphicsStatsService
01-17 15:51:19.377  1930  1930 D SystemServerTiming: AddGraphicsStatsService took to complete: 2ms
01-17 15:51:19.377  1930  1930 I SystemServer: StartPrintManager
01-17 15:51:19.377  1930  1930 I SystemServiceManager: Starting com.android.server.print.PrintManagerService
01-17 15:51:19.378  1930  1930 D SystemServerTiming: StartPrintManager took to complete: 1ms
01-17 15:51:19.378  1930  1930 I SystemServer: StartRestrictionManager
01-17 15:51:19.378  1930  1930 I SystemServiceManager: Starting com.android.server.restrictions.RestrictionsManagerService
01-17 15:51:19.379  1930  1930 D SystemServerTiming: StartRestrictionManager took to complete: 1ms
01-17 15:51:19.379  1930  1930 I SystemServer: StartMediaSessionService
01-17 15:51:19.379  1930  1930 I SystemServiceManager: Starting com.android.server.media.MediaSessionService
01-17 15:51:19.381  1930  1930 D SystemServerTiming: StartMediaSessionService took to complete: 2ms
01-17 15:51:19.381  1930  1930 I SystemServer: StartMediaUpdateService
01-17 15:51:19.381  1930  1930 I SystemServiceManager: Starting com.android.server.media.MediaUpdateService
01-17 15:51:19.381  1930  1930 D SystemServerTiming: StartMediaUpdateService took to complete: 0ms
01-17 15:51:19.381  1930  1930 I SystemServer: StartMediaResourceMonitor
01-17 15:51:19.381  1930  1930 I SystemServiceManager: Starting com.android.server.media.MediaResourceMonitorService
01-17 15:51:19.382  1930  1930 D SystemServerTiming: StartMediaResourceMonitor took to complete: 1ms
01-17 15:51:19.382  1930  1930 I SystemServer: StartMediaRouterService
01-17 15:51:19.383  1930  1930 D SystemServerTiming: StartMediaRouterService took to complete: 1ms
01-17 15:51:19.383  1930  1930 I SystemServer: StartFingerprintSensor
01-17 15:51:19.383  1930  1930 I SystemServiceManager: Starting com.android.server.fingerprint.FingerprintService
01-17 15:51:19.384  1930  1978 D SystemServerInitThreadPool: Started executing FingerprintService.onStart
01-17 15:51:19.385  1930  1930 D SystemServerTiming: StartFingerprintSensor took to complete: 2ms
01-17 15:51:19.385  1930  1930 I SystemServer: StartBackgroundDexOptService
01-17 15:51:19.385  1930  1930 W BackgroundDexOptService: SysProp pm.dexopt.downgrade_after_inactive_days not set
01-17 15:51:19.385  1930  1930 D SystemServerTiming: StartBackgroundDexOptService took to complete: 0ms
01-17 15:51:19.385  1930  1930 I SystemServer: StartPruneInstantAppsJobService
01-17 15:51:19.385  1930  1930 D SystemServerTiming: StartPruneInstantAppsJobService took to complete: 0ms
01-17 15:51:19.385  1930  1930 I SystemServer: StartShortcutServiceLifecycle
01-17 15:51:19.385  1930  1930 I SystemServiceManager: Starting com.android.server.pm.ShortcutService$Lifecycle
01-17 15:51:19.386  1930  1978 I android_os_HwBinder: HwBinder: Starting thread pool for default::android.hardware.biometrics.fingerprint@2.1::IBiometricsFingerprint
01-17 15:51:19.386  1793  1793 D FingerprintHal: ----------------> fingerprint_set_active_group -----------------> path /data/vendor_de/0/fpdata
01-17 15:51:19.386  1793  1793 D FingerprintHal: ----------------> loadFingerprints ----------------->
01-17 15:51:19.386  1793  1793 E FingerprintHal: Could not load fingerprints from storage at /data/vendor_de/0/fpdata/emufp.bin; it has not yet been created.
01-17 15:51:19.386  1793  1793 D FingerprintHal: ----------------> loadAuthenticatorId ----------------->
01-17 15:51:19.386  1793  1793 E FingerprintHal: Could not load authenticator id from storage at /data/vendor_de/0/fpdata/emuauthid.bin; it has not yet been created.
01-17 15:51:19.386  1793  1793 D FingerprintHal: ----------------> get_64bit_rand ----------------->
01-17 15:51:19.386  1793  1793 D FingerprintHal: ----------------> saveAuthenticatorId ----------------->
01-17 15:51:19.387  1793  1793 D FingerprintHal: Save authenticator id (0x6b8b4567327b23c6)
01-17 15:51:19.387  1930  1930 D SystemServerTiming: StartShortcutServiceLifecycle took to complete: 2ms
01-17 15:51:19.387  1930  1930 I SystemServer: StartLauncherAppsService
01-17 15:51:19.387  1930  1930 I SystemServiceManager: Starting com.android.server.pm.LauncherAppsService
01-17 15:51:19.387  1930  1930 D SystemServerTiming: StartLauncherAppsService took to complete: 0ms
01-17 15:51:19.387  1930  1930 I SystemServer: StartCrossProfileAppsService
01-17 15:51:19.387  1930  1930 I SystemServiceManager: Starting com.android.server.pm.CrossProfileAppsService
01-17 15:51:19.387  1793  1793 D FingerprintHal: ----------------> fingerprint_enumerate ----------------->
01-17 15:51:19.387  1793  1793 D android.hardware.biometrics.fingerprint@2.1-service: onEnumerate(fid=0, gid=0, rem=0)
01-17 15:51:19.387  1930  1978 D SystemServerInitThreadPool: Finished executing FingerprintService.onStart
01-17 15:51:19.388  1930  1930 D SystemServerTiming: StartCrossProfileAppsService took to complete: 1ms
01-17 15:51:19.388  1930  1930 I SystemServer: StartMediaProjectionManager
01-17 15:51:19.388  1930  1930 I SystemServiceManager: Starting com.android.server.media.projection.MediaProjectionManagerService
01-17 15:51:19.413  1930  1930 D SystemServerTiming: StartMediaProjectionManager took to complete: 25ms
01-17 15:51:19.413  1930  1930 I SystemServer: StartSliceManagerService
01-17 15:51:19.413  1930  1930 I SystemServiceManager: Starting com.android.server.slice.SliceManagerService$Lifecycle
01-17 15:51:19.418  1930  1930 D SystemServerTiming: StartSliceManagerService took to complete: 5ms
01-17 15:51:19.419  1930  1930 I SystemServer: StartCameraServiceProxy
01-17 15:51:19.419  1930  1930 I SystemServiceManager: Starting com.android.server.camera.CameraServiceProxy
01-17 15:51:19.423  1930  1930 D SystemServerTiming: StartCameraServiceProxy took to complete: 4ms
01-17 15:51:19.424  1930  1930 I SystemServer: StartStatsCompanionService
01-17 15:51:19.424  1930  1930 I SystemServiceManager: Starting com.android.server.stats.StatsCompanionService$Lifecycle
01-17 15:51:19.424  1930  1930 E KernelUidCpuFreqTimeReader: Failed to read /proc/uid_time_in_state: java.io.FileNotFoundException: /proc/uid_time_in_state (No such file or directory)
01-17 15:51:19.425  1930  1930 D SystemServerTiming: StartStatsCompanionService took to complete: 1ms
01-17 15:51:19.425  1930  1930 I WindowManager: SAFE MODE not enabled
01-17 15:51:19.425  1930  1930 I SystemServer: StartJitCompilation
01-17 15:51:19.425  1930  1930 D SystemServerTiming: StartJitCompilation took to complete: 0ms
01-17 15:51:19.425  1930  1930 I SystemServer: StartMmsService
01-17 15:51:19.425  1930  1930 I SystemServiceManager: Starting com.android.server.MmsServiceBroker
01-17 15:51:19.426  1930  1930 D SystemServerTiming: StartMmsService took to complete: 1ms
01-17 15:51:19.426  1930  1930 I SystemServer: StartAutoFillService
01-17 15:51:19.427  1930  1930 I SystemServiceManager: Starting com.android.server.autofill.AutofillManagerService
01-17 15:51:19.427  1930  1930 I AutofillManagerService: Setting debug to true
01-17 15:51:19.428  1930  1930 D SystemServerTiming: StartAutoFillService took to complete: 2ms
01-17 15:51:19.428  1930  1930 I SystemServer: MakeVibratorServiceReady
01-17 15:51:19.429  1930  1930 D SystemServerTiming: MakeVibratorServiceReady took to complete: 1ms
01-17 15:51:19.429  1930  1930 I SystemServer: MakeLockSettingsServiceReady
01-17 15:51:19.472  1930  1930 I LockSettingsService: Migrated lock settings to new location
01-17 15:51:19.473  1930  1930 I LockSettingsService: Migrated per-user lock settings to new location
01-17 15:51:19.474  1930  1930 I LockSettingsService: Migrated biometric weak to use the fallback instead
01-17 15:51:19.475  1930  1930 I LockSettingsService: Migrated lockscreen disabled flag
01-17 15:51:19.477  1573  1573 W hwservicemanager: getTransport: Cannot find entry android.hardware.weaver@1.0::IWeaver/default in either framework or device manifest.
01-17 15:51:19.478  1930  1930 I SyntheticPasswordManager: Device does not support weaver
01-17 15:51:19.478  1573  1573 W hwservicemanager: getTransport: Cannot find entry android.hardware.authsecret@1.0::IAuthSecret/default in either framework or device manifest.
01-17 15:51:19.478  1930  1930 I LockSettingsService: Device doesn't implement AuthSecret HAL
01-17 15:51:19.479  1930  1930 E LockSettingsStorage: Cannot read file java.io.FileNotFoundException: /data/system/gatekeeper.password.key: open failed: ENOENT (No such file or directory)
01-17 15:51:19.479  1930  1930 E LockSettingsStorage: Cannot read file java.io.FileNotFoundException: /data/system/password.key: open failed: ENOENT (No such file or directory)
01-17 15:51:19.479  1930  1930 E LockSettingsStorage: Cannot read file java.io.FileNotFoundException: /data/system/gatekeeper.pattern.key: open failed: ENOENT (No such file or directory)
01-17 15:51:19.479  1930  1930 E LockSettingsStorage: Cannot read file java.io.FileNotFoundException: /data/system/gatekeeper.gesture.key: open failed: ENOENT (No such file or directory)
01-17 15:51:19.480  1930  1930 E LockSettingsStorage: Cannot read file java.io.FileNotFoundException: /data/system/gesture.key: open failed: ENOENT (No such file or directory)
01-17 15:51:19.480  1930  1930 D SystemServerTiming: MakeLockSettingsServiceReady took to complete: 51ms
01-17 15:51:19.480  1930  1930 I SystemServer: StartBootPhaseLockSettingsReady
01-17 15:51:19.480  1930  1930 I SystemServiceManager: Starting phase 480
01-17 15:51:19.505  1930  1986 D SystemServerInitThreadPool: Started executing DevicePolicyManager
01-17 15:51:19.505  1930  1986 D SystemServerInitThreadPool: Finished executing DevicePolicyManager
01-17 15:51:19.532  1930  1930 D SystemServerTiming: StartBootPhaseLockSettingsReady took to complete: 52ms
01-17 15:51:19.532  1930  1930 I SystemServer: StartBootPhaseSystemServicesReady
01-17 15:51:19.532  1930  1930 I SystemServiceManager: Starting phase 500
01-17 15:51:19.534  1930  1930 D AppStandbyController: Setting app idle enabled state
01-17 15:51:19.535  1930  1930 D AppStandbyController: Initializing defaults for system apps on user 0, appIdleEnabled=false
01-17 15:51:19.538  1930  1930 E AppIdleHistory: Unable to read app idle file for user 0
01-17 15:51:19.540  1930  1930 I VrManagerService: No default vr listener service found.
01-17 15:51:19.544  1930  1930 I WifiService: WifiService starting up with Wi-Fi enabled
01-17 15:51:19.547  1930  2031 I android_os_HwBinder: HwBinder: Starting thread pool for default::android.hidl.manager@1.0::IServiceManager
01-17 15:51:19.547  1930  2048 D HalDevMgr: IWifi registration notification: fqName=android.hardware.wifi@1.0::IWifi, name=default, preexisting=true
01-17 15:51:19.549  1930  2031 I android_os_HwBinder: HwBinder: Starting thread pool for default::android.hardware.wifi@1.0::IWifi
01-17 15:51:19.550  1930  2031 D WificondControl: tearing down interfaces in wificond
01-17 15:51:19.552  1930  1930 D WifiService: setWifiEnabled: true pid=1930, uid=1000, package=android
01-17 15:51:19.552  1930  1930 I WifiService: setWifiEnabled package=android uid=1000 enable=true
01-17 15:51:19.553  1930  1930 I WifiScanningService: Starting wifiscanner
01-17 15:51:19.593  1930  1930 D ZenLog  : config: cleanUpZenRules,ZenModeConfig[user=0,allowAlarms=true,allowMedia=true,allowSystem=false,allowReminders=false,allowEvents=false,allowCalls=true,allowRepeatCallers=true,allowMessages=false,allowCallsFrom=stars,allowMessagesFrom=contacts,suppressedVisualEffects=511,areChannelsBypassingDnd=false,automaticRules={EVENTS_DEFAULT_RULE=ZenRule[enabled=false,snoozing=false,name=Event,zenMode=ZEN_MODE_IMPORTANT_INTERRUPTIONS,conditionId=condition://android/event?userId=-10000&calendar=&reply=1,condition=null,component=ComponentInfo{android/com.android.server.notification.EventConditionProvider},id=EVENTS_DEFAULT_RULE,creationTime=1673967078934,enabler=null], EVERY_NIGHT_DEFAULT_RULE=ZenRule[enabled=false,snoozing=false,name=Sleeping,zenMode=ZEN_MODE_IMPORTANT_INTERRUPTIONS,conditionId=condition://android/schedule?days=1.2.3.4.5.6.7&start=22.0&end=7.0&exitAtAlarm=true,condition=null,component=ComponentInfo{android/com.android.server.notification.ScheduleConditionProvider},id=EVERY_NIGHT_DEFAULT_RULE,creationTime=1673967078934,enabler=null]},manualRule=null],Diff[]
01-17 15:51:19.593  1930  1930 D ZenLog  : set_zen_mode: off,onSystemReady
01-17 15:51:19.599  1645  1645 D PermissionCache: checking android.permission.CAPTURE_AUDIO_HOTWORD for uid=1000 => granted (522 us)
01-17 15:51:19.600  1930  1930 W SoundTriggerHelper: listModules status=0, # of modules=0
01-17 15:51:19.601  1930  1930 D ContextHubSystemService: onBootPhase: PHASE_SYSTEM_SERVICES_READY
01-17 15:51:19.601  1930  1930 D SystemServerTiming: StartBootPhaseSystemServicesReady took to complete: 69ms
01-17 15:51:19.601  1930  1930 I SystemServer: MakeWindowManagerServiceReady
01-17 15:51:19.604  1930  1930 I android_os_HwBinder: HwBinder: Starting thread pool for default::android.hardware.configstore@1.0::ISurfaceFlingerConfigs
01-17 15:51:19.605  1930  1930 D SystemServerTiming: MakeWindowManagerServiceReady took to complete: 4ms
01-17 15:51:19.605  1930  1930 I SystemServer: MakePowerManagerServiceReady
01-17 15:51:19.653  1930  1950 W KernelCpuProcReader: File not exist: /proc/uid_cpupower/concurrent_active_time
01-17 15:51:19.653  1930  1950 W KernelCpuProcReader: File not exist: /proc/uid_cpupower/concurrent_policy_time
01-17 15:51:19.655  1930  2031 D WifiStateMachinePrime: received a message in WifiDisabledState: { when=0 what=3 target=com.android.internal.util.StateMachine$SmHandler }
01-17 15:51:19.655  1930  2030 D WifiController: WifiController msg { when=-102ms what=155656 target=com.android.internal.util.StateMachine$SmHandler } deferred for 500ms
01-17 15:51:19.655  1930  2031 D WifiStateMachinePrime: Switching from WifiDisabledState to WifiDisabled
01-17 15:51:19.655  1930  2031 D WifiStateMachinePrime: Entering WifiDisabledState
01-17 15:51:19.655  1930  2031 D ActiveModeManager: sending scan available broadcast: false
01-17 15:51:19.672  1930  1956 W KeyguardServiceDelegate: onScreenTurningOn(): no keyguard service!
01-17 15:51:19.674  1930  1930 D SystemServerTiming: MakePowerManagerServiceReady took to complete: 69ms
01-17 15:51:19.674  1930  1930 I SystemServer: MakePackageManagerServiceReady
01-17 15:51:19.674  1930  1930 I DefaultPermGrantPolicy: Granting permissions to platform components for user 0
01-17 15:51:19.675  1581  1586 D vold    : Remounting 1001 as mode none
01-17 15:51:19.677  1581  1586 D vold    : Found matching PID 1784
01-17 15:51:19.677  1581  1586 W vold    : Skipping due to root namespace
01-17 15:51:19.678  1581  1586 D vold    : Remounting 1001 as mode none
01-17 15:51:19.678  1581  1586 D vold    : Found matching PID 1784
01-17 15:51:19.679  1581  1586 W vold    : Skipping due to root namespace
01-17 15:51:19.680  1581  1586 D vold    : Remounting 1027 as mode none
01-17 15:51:19.681  1581  1586 D vold    : Remounting 1027 as mode none
01-17 15:51:19.683  1581  1586 D vold    : Remounting 1000 as mode none
01-17 15:51:19.683  1581  1586 D vold    : Found matching PID 1572
01-17 15:51:19.683  1581  1586 W vold    : Skipping due to root namespace
01-17 15:51:19.683  1581  1586 D vold    : Found matching PID 1573
01-17 15:51:19.683  1581  1586 W vold    : Skipping due to root namespace
01-17 15:51:19.683  1581  1586 D vold    : Found matching PID 1574
01-17 15:51:19.683  1581  1586 W vold    : Skipping due to root namespace
01-17 15:51:19.683  1581  1586 D vold    : Found matching PID 1576
01-17 15:51:19.683  1581  1586 W vold    : Skipping due to root namespace
01-17 15:51:19.683  1581  1586 D vold    : Found matching PID 1624
01-17 15:51:19.683  1581  1586 W vold    : Skipping due to root namespace
01-17 15:51:19.683  1581  1586 D vold    : Found matching PID 1626
01-17 15:51:19.683  1581  1586 W vold    : Skipping due to root namespace
01-17 15:51:19.683  1581  1586 D vold    : Found matching PID 1631
01-17 15:51:19.683  1581  1586 W vold    : Skipping due to root namespace
01-17 15:51:19.683  1581  1586 D vold    : Found matching PID 1635
01-17 15:51:19.683  1581  1586 W vold    : Skipping due to root namespace
01-17 15:51:19.683  1581  1586 D vold    : Found matching PID 1637
01-17 15:51:19.683  1581  1586 W vold    : Skipping due to root namespace
01-17 15:51:19.683  1581  1586 D vold    : Found matching PID 1639
01-17 15:51:19.683  1581  1586 W vold    : Skipping due to root namespace
01-17 15:51:19.683  1581  1586 D vold    : Found matching PID 1640
01-17 15:51:19.684  1581  1586 W vold    : Skipping due to root namespace
01-17 15:51:19.684  1581  1586 D vold    : Found matching PID 1641
01-17 15:51:19.684  1581  1586 W vold    : Skipping due to root namespace
01-17 15:51:19.684  1581  1586 D vold    : Found matching PID 1648
01-17 15:51:19.684  1581  1586 W vold    : Skipping due to root namespace
01-17 15:51:19.684  1581  1586 D vold    : Found matching PID 1763
01-17 15:51:19.684  1581  1586 W vold    : Skipping due to root namespace
01-17 15:51:19.684  1581  1586 D vold    : Found matching PID 1788
01-17 15:51:19.684  1581  1586 W vold    : Skipping due to root namespace
01-17 15:51:19.684  1581  1586 D vold    : Found matching PID 1793
01-17 15:51:19.684  1581  1586 W vold    : Skipping due to root namespace
01-17 15:51:19.684  1581  1586 D vold    : Found matching PID 1796
01-17 15:51:19.684  1581  1586 W vold    : Skipping due to root namespace
01-17 15:51:19.684  1581  1586 D vold    : Found matching PID 1930
01-17 15:51:19.793  1581  1586 D vold    : Remounting 1000 as mode none
01-17 15:51:19.793  1581  1586 D vold    : Found matching PID 1572
01-17 15:51:19.793  1581  1586 W vold    : Skipping due to root namespace
01-17 15:51:19.793  1581  1586 D vold    : Found matching PID 1573
01-17 15:51:19.793  1581  1586 W vold    : Skipping due to root namespace
01-17 15:51:19.793  1581  1586 D vold    : Found matching PID 1574
01-17 15:51:19.793  1581  1586 W vold    : Skipping due to root namespace
01-17 15:51:19.793  1581  1586 D vold    : Found matching PID 1576
01-17 15:51:19.793  1581  1586 W vold    : Skipping due to root namespace
01-17 15:51:19.793  1581  1586 D vold    : Found matching PID 1624
01-17 15:51:19.793  1581  1586 W vold    : Skipping due to root namespace
01-17 15:51:19.793  1581  1586 D vold    : Found matching PID 1626
01-17 15:51:19.793  1581  1586 W vold    : Skipping due to root namespace
01-17 15:51:19.793  1581  1586 D vold    : Found matching PID 1631
01-17 15:51:19.793  1581  1586 W vold    : Skipping due to root namespace
01-17 15:51:19.793  1581  1586 D vold    : Found matching PID 1635
01-17 15:51:19.793  1581  1586 W vold    : Skipping due to root namespace
01-17 15:51:19.794  1581  1586 D vold    : Found matching PID 1637
01-17 15:51:19.794  1581  1586 W vold    : Skipping due to root namespace
01-17 15:51:19.794  1581  1586 D vold    : Found matching PID 1639
01-17 15:51:19.794  1581  1586 W vold    : Skipping due to root namespace
01-17 15:51:19.794  1581  1586 D vold    : Found matching PID 1640
01-17 15:51:19.794  1581  1586 W vold    : Skipping due to root namespace
01-17 15:51:19.794  1581  1586 D vold    : Found matching PID 1641
01-17 15:51:19.794  1581  1586 W vold    : Skipping due to root namespace
01-17 15:51:19.794  1581  1586 D vold    : Found matching PID 1648
01-17 15:51:19.794  1581  1586 W vold    : Skipping due to root namespace
01-17 15:51:19.794  1581  1586 D vold    : Found matching PID 1763
01-17 15:51:19.794  1581  1586 W vold    : Skipping due to root namespace
01-17 15:51:19.794  1581  1586 D vold    : Found matching PID 1788
01-17 15:51:19.794  1581  1586 W vold    : Skipping due to root namespace
01-17 15:51:19.794  1581  1586 D vold    : Found matching PID 1793
01-17 15:51:19.794  1581  1586 W vold    : Skipping due to root namespace
01-17 15:51:19.795  1581  1586 D vold    : Found matching PID 1796
01-17 15:51:19.795  1581  1586 W vold    : Skipping due to root namespace
01-17 15:51:19.795  1581  1586 D vold    : Found matching PID 1930
01-17 15:51:19.801  1581  1586 D vold    : Remounting 2000 as mode none
01-17 15:51:19.802  1581  1586 D vold    : Found matching PID 1651
01-17 15:51:19.802  1581  1586 W vold    : Skipping due to root namespace
01-17 15:51:19.802  1581  1586 D vold    : Found matching PID 1652
01-17 15:51:19.802  1581  1586 W vold    : Skipping due to root namespace
01-17 15:51:19.803  1581  1586 D vold    : Remounting 2000 as mode none
01-17 15:51:19.803  1581  1586 D vold    : Found matching PID 1651
01-17 15:51:19.803  1581  1586 W vold    : Skipping due to root namespace
01-17 15:51:19.803  1581  1586 D vold    : Found matching PID 1652
01-17 15:51:19.804  1581  1586 W vold    : Skipping due to root namespace
01-17 15:51:19.805  1581  1586 D vold    : Remounting 10034 as mode none
01-17 15:51:19.806  1581  1586 D vold    : Remounting 10034 as mode none
01-17 15:51:19.808  1581  1586 D vold    : Remounting 1002 as mode none
01-17 15:51:19.812  1930  1930 I DefaultPermGrantPolicy: Granting permissions to default platform handlers for user 0
01-17 15:51:19.810  1581  1586 D vold    : Remounting 1002 as mode none
01-17 15:51:19.854  1930  1930 I SyncManager: No initial accounts
01-17 15:51:19.854  1930  1930 I SyncManager: No initial status
01-17 15:51:19.854  1930  1930 I SyncManager: No initial statistics
01-17 15:51:20.161  1930  2030 D WifiController: DEFERRED_TOGGLE handled
01-17 15:51:20.161  1930  2030 D WifiController: StaEnabledState.enter()
01-17 15:51:20.162  1930  2031 D WifiStateMachinePrime: received a message in WifiDisabledState: { when=-1ms what=0 target=com.android.internal.util.StateMachine$SmHandler }
01-17 15:51:20.162  1930  2031 D WifiStateMachinePrime: Switching from WifiDisabledState to ClientMode
01-17 15:51:20.162  1930  2031 D WifiStateMachinePrime: Entering ClientModeActiveState
01-17 15:51:20.162  1930  2031 D WifiClientModeManager: entering IdleState
01-17 15:51:20.162  1930  2031 D WifiStateMachinePrime: State changed from client mode. state = 2
01-17 15:51:20.166  1642  1642 I android.hardware.wifi@1.0-service: Wifi HAL started
01-17 15:51:20.167  1930  2031 I WifiVendorHal: Vendor Hal started successfully
