01-17 15:50:46.843  1763  1763 I SurfaceFlinger: extensions: EGL_KHR_get_all_proc_addresses EGL_ANDROID_presentation_time EGL_KHR_swap_buffers_with_damage EGL_ANDROID_get_native_client_buffer EGL_ANDROID_front_buffer_auto_refresh EGL_ANDROID_get_frame_timestamps EGL_EXT_surface_SMPTE2086_metadata EGL_EXT_surface_CTA861_3_metadata EGL_KHR_image EGL_KHR_image_base EGL_KHR_gl_texture_2D_image EGL_KHR_fence_sync EGL_KHR_create_context EGL_ANDROID_image_native_buffer EGL_KHR_wait_sync EGL_ANDROID_recordable 
01-17 15:50:46.843  1763  1763 I SurfaceFlinger: Client API: OpenGL_ES
01-17 15:50:46.843  1763  1763 I SurfaceFlinger: EGLSurface: 8-8-8-8, config=0x2
01-17 15:50:46.845  1763  1763 D eglCodecCommon: setVertexArrayObject: set vao to 0 (0) 0 0
01-17 15:50:46.845  1763  1763 D EGL_emulation: eglCreateContext: 0xe9120ae0: maj 3 min 0 rcv 3
01-17 15:50:46.846  1763  1763 D EGL_emulation: eglMakeCurrent: 0xe9120ae0: ver 3 0 (tinfo 0xe911c310)
01-17 15:50:46.848  1763  1763 I SurfaceFlinger: OpenGL ES informations:
01-17 15:50:46.848  1763  1763 I SurfaceFlinger: vendor    : Google (Intel Inc.)
01-17 15:50:46.848  1763  1763 I SurfaceFlinger: renderer  : Android Emulator OpenGL ES Translator (Intel(R) Iris(TM) Plus Graphics 655)
01-17 15:50:46.848  1763  1763 I SurfaceFlinger: version   : OpenGL ES 3.0 (4.1 INTEL-18.7.4)
01-17 15:50:46.848  1763  1763 I SurfaceFlinger: extensions: GL_EXT_debug_marker GL_EXT_robustness GL_OES_EGL_sync GL_OES_EGL_image GL_OES_EGL_image_external GL_OES_depth24 GL_OES_depth32 GL_OES_element_index_uint GL_OES_texture_float GL_OES_texture_float_linear GL_OES_compressed_paletted_texture GL_OES_compressed_ETC1_RGB8_texture GL_OES_depth_texture GL_OES_texture_npot GL_OES_rgb8_rgba8 GL_EXT_color_buffer_float GL_EXT_color_buffer_half_float GL_EXT_texture_format_BGRA8888 GL_APPLE_texture_format_BGRA8888 ANDROID_EMU_CHECKSUM_HELPER_v1 ANDROID_EMU_native_sync_v2 ANDROID_EMU_native_sync_v3 ANDROID_EMU_native_sync_v4 ANDROID_EMU_dma_v1 ANDROID_EMU_YUV420_888_to_NV21 ANDROID_EMU_YUV_Cache ANDROID_EMU_sync_buffer_data GL_OES_EGL_image_external_essl3 GL_OES_vertex_array_object GL_KHR_texture_compression_astc_ldr ANDROID_EMU_host_side_tracing ANDROID_EMU_gles_max_version_3_0 
01-17 15:50:46.848  1763  1763 I SurfaceFlinger: GL_MAX_TEXTURE_SIZE = 16384
01-17 15:50:46.848  1763  1763 I SurfaceFlinger: GL_MAX_VIEWPORT_DIMS = 16384
01-17 15:50:46.851  1763  1763 I ServiceManagement: getService: Trying again for android.hardware.graphics.composer@2.1::IComposer/default...
01-17 15:50:46.851  1768  1768 I installd: installd firing up
01-17 15:50:46.851  1768  1768 E cutils  : Failed to read /data/.layout_version: No such file or directory
01-17 15:50:46.851  1768  1768 D installd: Assuming that device has multi-user storage layout; upgrade no longer supported
01-17 15:50:46.851  1768  1768 D installd: Upgrading to /data/misc/user directories
01-17 15:50:46.854  1796  1796 D HostConnection: createUnique: call
01-17 15:50:46.854  1796  1796 D HostConnection: HostConnection::get() New Host Connection established 0xec924140, tid 1796
01-17 15:50:46.856  1796  1796 D HostConnection: HostComposition ext ANDROID_EMU_CHECKSUM_HELPER_v1 ANDROID_EMU_native_sync_v2 ANDROID_EMU_native_sync_v3 ANDROID_EMU_native_sync_v4 ANDROID_EMU_dma_v1 ANDROID_EMU_YUV420_888_to_NV21 ANDROID_EMU_YUV_Cache ANDROID_EMU_sync_buffer_data GL_OES_EGL_image_external_essl3 GL_OES_vertex_array_object GL_KHR_texture_compression_astc_ldr ANDROID_EMU_host_side_tracing ANDROID_EMU_gles_max_version_3_0 
01-17 15:50:46.856  1796  1796 E hwcomposer: unknown display attribute 6
01-17 15:50:46.857  1796  1796 I ServiceManagement: Removing namespace from process name android.hardware.graphics.composer@2.1-service to composer@2.1-service.
01-17 15:50:46.858  1796  1796 I android.hardware.graphics.composer@2.1-service: Registration complete for android.hardware.graphics.composer@2.1::IComposer/default.
01-17 15:50:46.865  1637  1700 D gralloc_ranchu: gralloc_alloc: Creating ashmem region of size 16592896
01-17 15:50:46.866  1763  1763 D HostConnection: createUnique: call
01-17 15:50:46.866  1763  1763 D HostConnection: HostConnection::get() New Host Connection established 0xe9125b80, tid 1763
01-17 15:50:46.869  1763  1763 D HostConnection: HostComposition ext ANDROID_EMU_CHECKSUM_HELPER_v1 ANDROID_EMU_native_sync_v2 ANDROID_EMU_native_sync_v3 ANDROID_EMU_native_sync_v4 ANDROID_EMU_dma_v1 ANDROID_EMU_YUV420_888_to_NV21 ANDROID_EMU_YUV_Cache ANDROID_EMU_sync_buffer_data GL_OES_EGL_image_external_essl3 GL_OES_vertex_array_object GL_KHR_texture_compression_astc_ldr ANDROID_EMU_host_side_tracing ANDROID_EMU_gles_max_version_3_0 
01-17 15:50:46.869  1763  1763 E eglCodecCommon: GoldfishAddressSpaceHostMemoryAllocator: ioctl_ping failed for device_type=5, ret=-1
01-17 15:50:46.870  1763  1763 E HWComposer: getSupportedPerFrameMetadata: getSupportedPerFrameMetadata failed for display 0: Unsupported (8)
01-17 15:50:46.870  1637  1700 D gralloc_ranchu: gralloc_alloc: Creating ashmem region of size 16592896
01-17 15:50:46.870  1637  1637 D gralloc_ranchu: gralloc_alloc: Creating ashmem region of size 16592896
01-17 15:50:46.872  1763  1763 D EGL_emulation: eglMakeCurrent: 0xe9120ae0: ver 3 0 (tinfo 0xe911c310)
01-17 15:50:46.880  1764  1764 D AndroidRuntime: >>>>>> START com.android.internal.os.ZygoteInit uid 0 <<<<<<
01-17 15:50:46.924  1763  1763 D SurfaceFlinger: shader cache generated - 24 shaders in 51.591599 ms
01-17 15:50:46.925  1763  1763 D SurfaceFlinger: Set power mode=2, type=0 flinger=0xe9146000
01-17 15:50:46.927  1763  1763 D SurfaceFlinger: Finished set power mode=2, type=0
01-17 15:50:47.017  1763  1779 E SurfaceFlinger: ro.sf.lcd_density must be defined as a build property
01-17 15:50:47.020  1808  1812 D libEGL  : Emulator has host GPU support, qemu.gles is set to 1.
01-17 15:50:47.020  1808  1812 E vndksupport: Could not load /vendor/lib/egl/libGLES_emulation.so from sphal namespace: dlopen failed: library "/vendor/lib/egl/libGLES_emulation.so" not found.
01-17 15:50:47.021  1808  1812 E libEGL  : load_driver(/vendor/lib/egl/libGLES_emulation.so): unknown
01-17 15:50:47.023  1808  1812 D libEGL  : loaded /vendor/lib/egl/libEGL_emulation.so
01-17 15:50:47.024  1808  1812 D libEGL  : loaded /vendor/lib/egl/libGLESv1_CM_emulation.so
01-17 15:50:47.033  1808  1812 D libEGL  : loaded /vendor/lib/egl/libGLESv2_emulation.so
01-17 15:50:47.042  1808  1812 D HostConnection: HostConnection::get() New Host Connection established 0xe52a14a0, tid 1812
01-17 15:50:47.044  1808  1812 D HostConnection: HostComposition ext ANDROID_EMU_CHECKSUM_HELPER_v1 ANDROID_EMU_native_sync_v2 ANDROID_EMU_native_sync_v3 ANDROID_EMU_native_sync_v4 ANDROID_EMU_dma_v1 ANDROID_EMU_YUV420_888_to_NV21 ANDROID_EMU_YUV_Cache ANDROID_EMU_sync_buffer_data GL_OES_EGL_image_external_essl3 GL_OES_vertex_array_object GL_KHR_texture_compression_astc_ldr ANDROID_EMU_host_side_tracing ANDROID_EMU_gles_max_version_3_0 
01-17 15:50:47.046  1808  1812 I ConfigStore: android::hardware::configstore::V1_0::ISurfaceFlingerConfigs::hasWideColorDisplay retrieved: 0
01-17 15:50:47.046  1808  1812 I ConfigStore: android::hardware::configstore::V1_0::ISurfaceFlingerConfigs::hasHDRDisplay retrieved: 0
01-17 15:50:47.047  1637  1637 D gralloc_ranchu: gralloc_alloc: Creating ashmem region of size 16592896
01-17 15:50:47.051  1808  1812 D HostConnection: createUnique: call
01-17 15:50:47.051  1808  1812 D HostConnection: HostConnection::get() New Host Connection established 0xe52a1540, tid 1812
01-17 15:50:47.054  1808  1812 D HostConnection: HostComposition ext ANDROID_EMU_CHECKSUM_HELPER_v1 ANDROID_EMU_native_sync_v2 ANDROID_EMU_native_sync_v3 ANDROID_EMU_native_sync_v4 ANDROID_EMU_dma_v1 ANDROID_EMU_YUV420_888_to_NV21 ANDROID_EMU_YUV_Cache ANDROID_EMU_sync_buffer_data GL_OES_EGL_image_external_essl3 GL_OES_vertex_array_object GL_KHR_texture_compression_astc_ldr ANDROID_EMU_host_side_tracing ANDROID_EMU_gles_max_version_3_0 
01-17 15:50:47.054  1808  1812 E eglCodecCommon: GoldfishAddressSpaceHostMemoryAllocator: ioctl_ping failed for device_type=5, ret=-1
01-17 15:50:47.055  1808  1812 D eglCodecCommon: setVertexArrayObject: set vao to 0 (0) 0 0
01-17 15:50:47.055  1808  1812 D EGL_emulation: eglCreateContext: 0xe52994e0: maj 1 min 0 rcv 1
01-17 15:50:47.065  1808  1812 D EGL_emulation: eglMakeCurrent: 0xe52994e0: ver 1 0 (tinfo 0xe528f0b0)
01-17 15:50:47.074  1808  1812 D BootAnimation: BootAnimationShownTiming start time: 15074ms
01-17 15:50:47.074  1808  1813 E BootAnimation: Could not add watch for /data/system
01-17 15:50:47.090  1790  1790 I /system/bin/tombstoned: tombstoned successfully initialized
01-17 15:50:47.090  1637  1637 D gralloc_ranchu: gralloc_alloc: Creating ashmem region of size 16592896
01-17 15:50:47.106  1763  1763 I SurfaceFlinger: Enter boot animation
01-17 15:50:47.109  1796  1805 E eglCodecCommon: GoldfishAddressSpaceHostMemoryAllocator: ioctl_ping failed for device_type=5, ret=-1
01-17 15:50:47.293  1573  1573 W hwservicemanager: getTransport: Cannot find entry android.hardware.usb.gadget@1.0::IUsbGadget/default in either framework or device manifest.
01-17 15:50:47.293  1791  1791 I usbd    : Usb HAL not found
01-17 15:50:47.426  1771  1771 W /system/bin/mediaextractor: Could not read additional policy file '/vendor/etc/seccomp_policy/mediaextractor.policy'
01-17 15:50:47.426  1771  1771 W mediaextractor: libminijail[1771]: failed to get path of fd 5: No such file or directory
01-17 15:50:47.426  1771  1771 W mediaextractor: libminijail[1771]: allowing syscall: socketcall
01-17 15:50:47.426  1771  1771 W mediaextractor: libminijail[1771]: allowing syscall: writev
01-17 15:50:47.426  1771  1771 W mediaextractor: libminijail[1771]: allowing syscall: fcntl64
01-17 15:50:47.426  1771  1771 W mediaextractor: libminijail[1771]: allowing syscall: clock_gettime
01-17 15:50:47.442  1793  1793 D android.hardware.biometrics.fingerprint@2.1-service: Opening fingerprint hal library...
01-17 15:50:47.581  1771  1771 W mediaextractor: libminijail[1771]: logging seccomp filter failures
01-17 15:50:47.714  1777  1777 I wificond: wificond is starting up...
01-17 15:50:47.738  1776  1794 I ServiceManager: Waiting for service package_native...
01-17 15:50:47.904  1793  1793 D FingerprintHal: ----------------> fingerprint_open ----------------->
01-17 15:50:47.904  1793  1793 D FingerprintHal: ----------------> set_notify_callback ----------------->
01-17 15:50:47.904  1793  1793 D FingerprintHal: fingerprint callback notification set
01-17 15:50:47.904  1793  1793 I ServiceManagement: Removing namespace from process name android.hardware.biometrics.fingerprint@2.1-service to fingerprint@2.1-service.
01-17 15:50:47.904  1793  1819 D FingerprintHal: ----------------> listenerFunction ----------------->
01-17 15:50:47.962  1775  1775 W statsd  : statscompanion service unavailable!
01-17 15:50:47.963  1775  1775 I statsd  : using statsd socket
01-17 15:50:48.165  1770  1770 I mediaserver: ServiceManager: 0xe659a720
01-17 15:50:48.259  1788  1788 I gatekeeperd: Starting gatekeeperd...
01-17 15:50:48.604  1637  1637 D gralloc_ranchu: gralloc_alloc: Creating ashmem region of size 16592896
01-17 15:50:48.632  1773  1773 I mediaserver: ServiceManager: 0xefa1ab60
01-17 15:50:48.726  1774  1774 I Netd    : Netd 1.0 starting
01-17 15:50:48.754  1776  1794 I ServiceManager: Waiting for service package_native...
01-17 15:50:48.827  1573  1573 W hwservicemanager: getTransport: Cannot find entry android.hardware.keymaster@4.0::IKeymasterDevice/default in either framework or device manifest.
01-17 15:50:48.830  1769  1769 I keystore: found android.hardware.keymaster@3.0::IKeymasterDevice with interface name default and seclevel SOFTWARE
01-17 15:50:48.830  1769  1769 W keystore: No secure Keymaster implementation found, but device offers insecure Keymaster HAL. Using as default.
01-17 15:50:48.876  1774  1774 D TetherController: Setting IP forward enable = 0
01-17 15:50:49.051  1773  1773 W BatteryNotifier: batterystats service unavailable!
01-17 15:50:49.090  1765  1765 I cameraserver: ServiceManager: 0xf0a1a700
01-17 15:50:49.090  1765  1765 I CameraService: CameraService started (pid=1765)
01-17 15:50:49.091  1765  1765 I CameraService: CameraService process starting
01-17 15:50:49.091  1765  1765 W BatteryNotifier: batterystats service unavailable!
01-17 15:50:49.092  1765  1765 W BatteryNotifier: batterystats service unavailable!
01-17 15:50:49.094  1765  1765 I CameraProviderManager: Connecting to new camera provider: legacy/0, isRemote? 1
01-17 15:50:49.095  1765  1765 I CameraProviderManager: Enumerating new camera device: device@3.3/legacy/0
01-17 15:50:49.097  1765  1765 I CameraProviderManager: Enumerating new camera device: device@3.3/legacy/1
01-17 15:50:49.098  1765  1765 I CameraProviderManager: Camera provider legacy/0 ready with 2 camera devices
01-17 15:50:49.099  1573  1573 W hwservicemanager: getTransport: Cannot find entry android.hardware.camera.provider@2.4::ICameraProvider/external/0 in either framework or device manifest.
01-17 15:50:49.099  1765  1850 W CameraProviderManager: addProviderLocked: Camera provider HAL with name 'legacy/0' already registered
01-17 15:50:49.176  1765  1765 I CameraHardwareInterface: Opening camera 0
01-17 15:50:49.176  1765  1765 E CameraHardwareInterface: initialize: openSession failed! No such file or directory (-2)
01-17 15:50:49.176  1765  1765 E CameraFlashlight: connectCameraDevice: initializing camera 0 failed
01-17 15:50:49.177  1765  1765 I CameraHardwareInterface: Destroying camera 0
01-17 15:50:49.177  1765  1765 E CameraFlashlight: findFlashUnits: failed to check if camera 0 has a flash unit. No such file or directory (-2)
01-17 15:50:49.177  1765  1765 I CameraHardwareInterface: Opening camera 1
01-17 15:50:49.177  1765  1765 E CameraHardwareInterface: initialize: openSession failed! No such file or directory (-2)
01-17 15:50:49.177  1765  1765 E CameraFlashlight: connectCameraDevice: initializing camera 1 failed
01-17 15:50:49.177  1765  1765 I CameraHardwareInterface: Destroying camera 1
01-17 15:50:49.177  1765  1765 E CameraFlashlight: findFlashUnits: failed to check if camera 1 has a flash unit. No such file or directory (-2)
01-17 15:50:49.177  1765  1765 I CameraService: onDeviceStatusChanged: Status changed for cameraId=1, newStatus=1
01-17 15:50:49.177  1765  1765 I CameraService: onDeviceStatusChanged: Unknown camera ID 1, a new camera is added
01-17 15:50:49.177  1765  1850 I CameraService: onDeviceStatusChanged: Status changed for cameraId=1, newStatus=1
01-17 15:50:49.178  1765  1850 I CameraService: onDeviceStatusChanged: Status changed for cameraId=0, newStatus=1
01-17 15:50:49.178  1765  1850 I CameraService: onDeviceStatusChanged: Unknown camera ID 0, a new camera is added
01-17 15:50:49.178  1765  1765 I CameraService: onDeviceStatusChanged: Status changed for cameraId=0, newStatus=1
01-17 15:50:49.178  1765  1765 E CameraService: onDeviceStatusChanged: State transition to the same status 0x1 not allowed
01-17 15:50:49.178  1765  1765 I         : Waiting for activity service
01-17 15:50:49.191  1764  1764 I zygote  : option[0]=-Xzygote
01-17 15:50:49.191  1764  1764 I zygote  : option[1]=-Xusetombstonedtraces
01-17 15:50:49.191  1764  1764 I zygote  : option[2]=exit
01-17 15:50:49.191  1764  1764 I zygote  : option[3]=vfprintf
01-17 15:50:49.191  1764  1764 I zygote  : option[4]=sensitiveThread
01-17 15:50:49.191  1764  1764 I zygote  : option[5]=-verbose:gc
01-17 15:50:49.191  1764  1764 I zygote  : option[6]=-Xms4m
01-17 15:50:49.191  1764  1764 I zygote  : option[7]=-Xmx384m
01-17 15:50:49.191  1764  1764 I zygote  : option[8]=-Xusejit:true
01-17 15:50:49.191  1764  1764 I zygote  : option[9]=-Xjitsaveprofilinginfo
01-17 15:50:49.191  1764  1764 I zygote  : option[10]=-XjdwpOptions:suspend=n,server=y
01-17 15:50:49.191  1764  1764 I zygote  : option[11]=-XjdwpProvider:default
01-17 15:50:49.191  1764  1764 I zygote  : option[12]=-Xlockprofthreshold:500
01-17 15:50:49.191  1764  1764 I zygote  : option[13]=-Ximage-compiler-option
01-17 15:50:49.191  1764  1764 I zygote  : option[14]=--runtime-arg
01-17 15:50:49.191  1764  1764 I zygote  : option[15]=-Ximage-compiler-option
01-17 15:50:49.191  1764  1764 I zygote  : option[16]=-Xms64m
01-17 15:50:49.191  1764  1764 I zygote  : option[17]=-Ximage-compiler-option
01-17 15:50:49.191  1764  1764 I zygote  : option[18]=--runtime-arg
01-17 15:50:49.191  1764  1764 I zygote  : option[19]=-Ximage-compiler-option
01-17 15:50:49.191  1764  1764 I zygote  : option[20]=-Xmx64m
01-17 15:50:49.191  1764  1764 I zygote  : option[21]=-Ximage-compiler-option
01-17 15:50:49.191  1764  1764 I zygote  : option[22]=--profile-file=/system/etc/boot-image.prof
01-17 15:50:49.191  1764  1764 I zygote  : option[23]=-Ximage-compiler-option
01-17 15:50:49.191  1764  1764 I zygote  : option[24]=--compiler-filter=speed-profile
01-17 15:50:49.191  1764  1764 I zygote  : option[25]=-Xcompiler-option
01-17 15:50:49.191  1764  1764 I zygote  : option[26]=--runtime-arg
01-17 15:50:49.191  1764  1764 I zygote  : option[27]=-Xcompiler-option
01-17 15:50:49.191  1764  1764 I zygote  : option[28]=-Xms64m
01-17 15:50:49.191  1764  1764 I zygote  : option[29]=-Xcompiler-option
01-17 15:50:49.191  1764  1764 I zygote  : option[30]=--runtime-arg
01-17 15:50:49.191  1764  1764 I zygote  : option[31]=-Xcompiler-option
01-17 15:50:49.191  1764  1764 I zygote  : option[32]=-Xmx512m
01-17 15:50:49.191  1764  1764 I zygote  : option[33]=-Ximage-compiler-option
01-17 15:50:49.191  1764  1764 I zygote  : option[34]=--instruction-set-variant=x86
01-17 15:50:49.191  1764  1764 I zygote  : option[35]=-Xcompiler-option
01-17 15:50:49.191  1764  1764 I zygote  : option[36]=--instruction-set-variant=x86
01-17 15:50:49.191  1764  1764 I zygote  : option[37]=-Ximage-compiler-option
01-17 15:50:49.191  1764  1764 I zygote  : option[38]=--instruction-set-features=default
01-17 15:50:49.191  1764  1764 I zygote  : option[39]=-Xcompiler-option
01-17 15:50:49.191  1764  1764 I zygote  : option[40]=--instruction-set-features=default
01-17 15:50:49.191  1764  1764 I zygote  : option[41]=-Duser.locale=en-US
01-17 15:50:49.191  1764  1764 I zygote  : option[42]=-XX:NativeBridge=libndk_translation.so
01-17 15:50:49.191  1764  1764 I zygote  : option[43]=--cpu-abilist=x86,armeabi-v7a,armeabi
01-17 15:50:49.191  1764  1764 I zygote  : option[44]=-Xfingerprint:google/sdk_gphone_x86_arm/generic_x86_arm:9/PSR1.180720.122/6736742:userdebug/dev-keys
01-17 15:50:49.194  1774  1774 I Netd    : Creating child chains: 218.8ms
01-17 15:50:49.194  1774  1774 I Netd    : Setting up OEM hooks: 0.2ms
01-17 15:50:49.197  1774  1774 I Netd    : Setting up FirewallController hooks: 3.1ms
01-17 15:50:49.199  1774  1774 I Netd    : Setting up TetherController hooks: 1.7ms
01-17 15:50:49.201  1774  1774 I Netd    : Setting up BandwidthController hooks: 2.2ms
01-17 15:50:49.201  1774  1774 I Netd    : Setting up IdletimerController hooks: 0.1ms
01-17 15:50:49.201  1774  1774 I Netd    : initializing traffic control: 0.0ms
01-17 15:50:49.204  1774  1774 I Netd    : Disabling bandwidth control: 2.4ms
01-17 15:50:49.204  1774  1774 E Netd    : cannot find interface dummy0
01-17 15:50:49.204  1774  1774 I Netd    : Initializing RouteController: 0.7ms
01-17 15:50:49.204  1774  1774 D XfrmController: Sending Netlink XFRM Message: XFRM_MSG_FLUSHSA
01-17 15:50:49.205  1774  1774 D XfrmController: Sending Netlink XFRM Message: XFRM_MSG_FLUSHPOLICY
01-17 15:50:49.205  1774  1774 I Netd    : Initializing XfrmController: 0.4ms
01-17 15:50:49.206  1774  1774 E Netd    : Unable to create netlink socket: Protocol not supported
01-17 15:50:49.206  1774  1774 W Netd    : Unable to open qlog quota socket, check if xt_quota2 can send via UeventHandler
01-17 15:50:49.206  1774  1774 D MDnsDS  : MDnsSdListener::Hander starting up
01-17 15:50:49.206  1774  1858 D MDnsDS  : MDnsSdListener starting to monitor
01-17 15:50:49.206  1774  1858 D MDnsDS  : Going to poll with pollCount 1
01-17 15:50:49.207  1774  1774 I Netd    : Registering NetdNativeService: 0.8ms
01-17 15:50:49.208  1774  1774 I Netd    : Starting CommandListener: 1.1ms
01-17 15:50:49.209  1774  1774 I Netd    : Registering NetdHwService: 0.9ms
01-17 15:50:49.209  1774  1774 I Netd    : Netd started in 484ms
01-17 15:50:49.550  1780  1780 I media.codec: mediacodecservice starting
01-17 15:50:49.570  1780  1780 W media.codec: Could not read additional policy file '/vendor/etc/seccomp_policy/mediacodec.policy'
01-17 15:50:49.570  1780  1780 W media.codec: libminijail[1780]: failed to get path of fd 5: No such file or directory
01-17 15:50:49.571  1780  1780 W media.codec: libminijail[1780]: allowing syscall: socketcall
01-17 15:50:49.571  1780  1780 W media.codec: libminijail[1780]: allowing syscall: writev
01-17 15:50:49.571  1780  1780 W media.codec: libminijail[1780]: allowing syscall: fcntl64
01-17 15:50:49.571  1780  1780 W media.codec: libminijail[1780]: allowing syscall: clock_gettime
01-17 15:50:49.571  1780  1780 W media.codec: libminijail[1780]: logging seccomp filter failures
01-17 15:50:49.649  1872  1872 E netmgr  : Failed to open QEMU pipe 'qemud:network': Invalid argument
01-17 15:50:49.649  1872  1872 E netmgr  : WifiForwarder unable to open QEMU pipe: Invalid argument
01-17 15:50:49.712  1764  1764 I zygote  : VerifyImage: /system/bin/patchoat --input-image-location=/system/framework/boot.art --output-image-directory=/data/dalvik-cache/x86 --instruction-set=x86 --verify
01-17 15:50:49.770  1780  1780 W MediaCodecsXmlParser: unable to open media codecs configuration xml file: /data/misc/media/media_codecs_profiling_results.xml
01-17 15:50:49.770  1780  1780 W MediaCodecsXmlParser: parseTopLevelXMLFile(/data/misc/media/media_codecs_profiling_results.xml) failed
01-17 15:50:49.771  1776  1794 I ServiceManager: Waiting for service package_native...
01-17 15:50:49.776  1780  1780 I ServiceManagement: Removing namespace from process name android.hardware.media.omx@1.0-service to omx@1.0-service.
01-17 15:50:49.778  1780  1780 E vndksupport: Could not load libstagefrighthw.so from default namespace: dlopen failed: library "libstagefrighthw.so" not found.
01-17 15:50:49.779  1780  1780 W MediaCodecsXmlParser: unable to open media codecs configuration xml file: /data/misc/media/media_codecs_profiling_results.xml
01-17 15:50:49.779  1780  1780 W MediaCodecsXmlParser: parseTopLevelXMLFile(/data/misc/media/media_codecs_profiling_results.xml) failed
01-17 15:50:49.779  1780  1780 I ServiceManagement: Removing namespace from process name android.hardware.media.omx@1.0-service to omx@1.0-service.
01-17 15:50:49.780  1780  1780 I media.codec: IOmx HAL service created.
01-17 15:50:50.128  1913  1913 E hostapd : Configuration file: /data/vendor/wifi/hostapd/hostapd.conf
01-17 15:50:50.131  1913  1913 I hostapd : rfkill: Cannot get wiphy information
01-17 15:50:50.132  1913  1913 I hostapd : wlan1: interface state UNINITIALIZED->COUNTRY_UPDATE
01-17 15:50:50.788  1776  1794 I ServiceManager: Waiting for service package_native...
01-17 15:50:50.923  1910  1910 E ipv6proxy: Failed to forward Router Advertisement from eth0 to wlan1: Cannot assign requested address
01-17 15:50:50.923  1910  1910 E ipv6proxy: Failed to forward Router Advertisement from eth0 to radio0-peer: Cannot assign requested address
01-17 15:50:51.220  1902  1902 E patchoat: Unable to open relocated image file  /data/dalvik-cache/x86/system@framework@boot.art
01-17 15:50:51.224  1764  1764 W zygote  : Failed execv(/system/bin/patchoat --input-image-location=/system/framework/boot.art --output-image-directory=/data/dalvik-cache/x86 --instruction-set=x86 --verify) because non-0 exit status Preemptively pruning the dalvik cache.
01-17 15:50:51.224  1764  1764 I zygote  : Pruning dalvik-cache since we are relocating an image and will need to recompile
01-17 15:50:51.224  1764  1764 I zygote  : RelocateImage: /system/bin/patchoat --input-image-location=/system/framework/boot.art --output-image-directory=/data/dalvik-cache/x86 --instruction-set=x86 --base-offset-delta=-2150400
01-17 15:50:51.817  1776  1794 I ServiceManager: Waiting for service package_native...
01-17 15:50:51.918  1776  1794 W ServiceManager: Service package_native didn't start. Returning NULL
01-17 15:50:51.918  1776  1794 E storaged: getService package_native failed
01-17 15:50:51.922  1776  1794 I storaged: storaged: Start
01-17 15:50:51.922  1776  1794 E storaged: getDiskStats failed with result NOT_SUPPORTED and size 0
01-17 15:50:52.843  1776  1794 I ServiceManager: Waiting for service package_native...
01-17 15:50:53.859  1776  1794 I ServiceManager: Waiting for service package_native...
01-17 15:50:54.379  1764  1764 D Zygote  : begin preload
01-17 15:50:54.379  1764  1764 I Zygote  : Installing ICU cache reference pinning...
01-17 15:50:54.379  1764  1764 I Zygote  : Preloading ICU data...
01-17 15:50:54.770  1764  1764 D Zygote32Timing: BeginIcuCachePinning took to complete: 391ms
01-17 15:50:54.771  1764  1764 I Zygote  : Preloading classes...
01-17 15:50:54.876  1776  1794 I ServiceManager: Waiting for service package_native...
01-17 15:50:54.952  1764  1764 I PackageBackwardCompatibility: Loaded android.content.pm.OrgApacheHttpLegacyUpdater
01-17 15:50:54.953  1764  1764 I PackageBackwardCompatibility: Could not find android.content.pm.AndroidTestBaseUpdater, ignoring
01-17 15:50:55.135  1910  1910 E ipv6proxy: Failed to forward Router Advertisement from eth0 to wlan1: Network is unreachable
01-17 15:50:55.146  1913  1913 I hostapd : wlan1: interface state COUNTRY_UPDATE->HT_SCAN
01-17 15:50:55.892  1776  1794 I ServiceManager: Waiting for service package_native...
01-17 15:50:56.462  1913  1913 E hostapd : Using interface wlan1 with hwaddr 02:15:b2:00:01:00 and ssid "AndroidWifi"
01-17 15:50:56.466  1913  1913 I hostapd : wlan1: interface state HT_SCAN->ENABLED
01-17 15:50:56.467  1913  1913 I hostapd : wlan1: AP-ENABLED 
01-17 15:50:56.905  1776  1794 I ServiceManager: Waiting for service package_native...
01-17 15:50:57.007  1776  1794 W ServiceManager: Service package_native didn't start. Returning NULL
01-17 15:50:57.007  1776  1794 E storaged: getService package_native failed
01-17 15:50:57.615  1764  1764 E ActivityRecognitionHardware: activity_recognition HAL is deprecated. class_init is effectively a no-op
01-17 15:50:57.935  1764  1764 I zygote  : Thread[1,tid=1764,Native,Thread*=0xe405c000,peer=0x12d40000,"main"] recursive attempt to load library "/system/lib/libmedia_jni.so"
01-17 15:50:57.935  1764  1764 D MtpDeviceJNI: register_android_mtp_MtpDevice
01-17 15:50:57.935  1764  1764 I zygote  : Thread[1,tid=1764,Native,Thread*=0xe405c000,peer=0x12d40000,"main"] recursive attempt to load library "/system/lib/libmedia_jni.so"
01-17 15:50:57.936  1764  1764 I zygote  : Thread[1,tid=1764,Native,Thread*=0xe405c000,peer=0x12d40000,"main"] recursive attempt to load library "/system/lib/libmedia_jni.so"
01-17 15:50:58.550  1764  1764 I Zygote  : ...preloaded 6535 classes in 3779ms.
01-17 15:50:58.550  1764  1764 I zygote  : VMRuntime.preloadDexCaches starting
01-17 15:50:58.621  1764  1764 I zygote  : VMRuntime.preloadDexCaches strings total=339033 before=12306 after=12306
01-17 15:50:58.621  1764  1764 I zygote  : VMRuntime.preloadDexCaches types total=31350 before=7821 after=7822
01-17 15:50:58.621  1764  1764 I zygote  : VMRuntime.preloadDexCaches fields total=140738 before=9181 after=9181
01-17 15:50:58.621  1764  1764 I zygote  : VMRuntime.preloadDexCaches methods total=247730 before=12783 after=12783
01-17 15:50:58.621  1764  1764 I zygote  : VMRuntime.preloadDexCaches finished
01-17 15:50:58.621  1764  1764 D Zygote32Timing: PreloadClasses took to complete: 3851ms
01-17 15:50:59.290  1764  1764 I Zygote  : Preloading resources...
01-17 15:50:59.391  1764  1764 W Resources: Preloaded drawable resource #0x1080265 (android:drawable/dialog_background_material) that varies with configuration!!
01-17 15:50:59.434  1764  1764 I Zygote  : ...preloaded 64 resources in 144ms.
01-17 15:50:59.436  1764  1764 I Zygote  : ...preloaded 41 resources in 2ms.
01-17 15:50:59.436  1764  1764 D Zygote32Timing: PreloadResources took to complete: 815ms
01-17 15:50:59.442  1764  1764 D libEGL  : Emulator has host GPU support, qemu.gles is set to 1.
01-17 15:50:59.443  1764  1764 E vndksupport: Could not load /vendor/lib/egl/libGLES_emulation.so from sphal namespace: dlopen failed: library "/vendor/lib/egl/libGLES_emulation.so" not found.
01-17 15:50:59.443  1764  1764 E libEGL  : load_driver(/vendor/lib/egl/libGLES_emulation.so): unknown
01-17 15:50:59.445  1764  1764 D libEGL  : loaded /vendor/lib/egl/libEGL_emulation.so
01-17 15:50:59.446  1764  1764 D libEGL  : loaded /vendor/lib/egl/libGLESv1_CM_emulation.so
01-17 15:50:59.456  1764  1764 D libEGL  : loaded /vendor/lib/egl/libGLESv2_emulation.so
01-17 15:50:59.466  1764  1764 I Zygote  : Preloading shared libraries...
01-17 15:50:59.520  1764  1764 I Zygote  : Uninstalled ICU cache reference pinning...
01-17 15:50:59.532  1764  1764 I Zygote  : Installed AndroidKeyStoreProvider in 12ms.
01-17 15:50:59.539  1764  1764 I Zygote  : Warmed up JCA providers in 7ms.
01-17 15:50:59.539  1764  1764 D Zygote  : end preload
01-17 15:50:59.539  1764  1764 D Zygote32Timing: ZygotePreload took to complete: 5160ms
01-17 15:50:59.553  1764  1764 I zygote  : Explicit concurrent copying GC freed 17986(1032KB) AllocSpace objects, 1(20KB) LOS objects, 72% free, 2MB/8MB, paused 22us total 14.372ms
01-17 15:50:59.562  1764  1764 I zygote  : Explicit concurrent copying GC freed 1674(97KB) AllocSpace objects, 0(0B) LOS objects, 73% free, 2MB/8MB, paused 10us total 7.634ms
01-17 15:50:59.562  1764  1764 D Zygote32Timing: PostZygoteInitGC took to complete: 23ms
01-17 15:50:59.562  1764  1764 D Zygote32Timing: ZygoteInit took to complete: 5195ms
01-17 15:50:59.636  1764  1764 I Zygote  : System server process 1930 has been created
01-17 15:50:59.642  1764  1764 I Zygote  : Accepting command socket connections
01-17 15:50:59.868  1930  1930 I system_server: The ClassLoaderContext is a special shared library.
01-17 15:51:00.155  1930  1930 I chatty  : uid=1000 system_server expire 113 lines
01-17 15:50:59.932  1930  1930 I chatty  : uid=1000 system_server identical 2 lines
01-17 15:50:59.941  1930  1930 I system_server: The ClassLoaderContext is a special shared library.
01-17 15:51:00.975  1930  1930 E UsbAlsaJackDetectorJNI: Can't register UsbAlsaJackDetector native methods
01-17 15:51:01.194  1768  1802 D installd: Found quota mount /dev/block/dm-0 at /data
01-17 15:51:01.197  1930  1944 I chatty  : uid=1000 system_server expire 2 lines
01-17 15:51:01.703  1930  1950 E BluetoothAdapter: Bluetooth binder is null
01-17 15:51:01.737  1930  1950 I chatty  : uid=1000(system) batterystats-wo expire 6 lines
01-17 15:51:01.747  1573  1573 W hwservicemanager: getTransport: Cannot find entry android.hardware.memtrack@1.0::IMemtrack/default in either framework or device manifest.
01-17 15:51:01.747  1930  1930 E memtrack: Couldn't load memtrack module
01-17 15:51:01.747  1930  1930 W android.os.Debug: failed to get memory consumption info: -1
01-17 15:51:01.799  1930  1950 I PowerManagerService-JNI: Loaded power HAL 1.0 service
01-17 15:51:01.800  1930  1950 I PowerManagerService-JNI: Loaded power HAL 1.1 service
01-17 15:51:02.098  1930  1930 W libprocessgroup: Failed to remove /acct/uid_0/pid_1192: Device or resource busy
01-17 15:51:02.098  1930  1930 W libprocessgroup: Failed to remove /acct/uid_0/pid_1581: Device or resource busy
01-17 15:51:02.099  1930  1930 W libprocessgroup: Failed to remove /acct/uid_0/pid_1625: Device or resource busy
01-17 15:51:02.099  1930  1930 W libprocessgroup: Failed to remove /acct/uid_0/pid_1644: Device or resource busy
01-17 15:51:02.099  1930  1930 W libprocessgroup: Failed to remove /acct/uid_0/pid_1646: Device or resource busy
01-17 15:51:02.099  1930  1930 W libprocessgroup: Failed to remove /acct/uid_0/pid_1652: Device or resource busy
01-17 15:51:02.099  1930  1930 W libprocessgroup: Failed to remove /acct/uid_0/pid_1764: Device or resource busy
01-17 15:51:02.099  1930  1930 W libprocessgroup: Failed to remove /acct/uid_0/pid_1768: Device or resource busy
01-17 15:51:02.099  1930  1930 W libprocessgroup: Failed to remove /acct/uid_0/pid_1774: Device or resource busy
01-17 15:51:02.099  1930  1930 W libprocessgroup: Failed to remove /acct/uid_0/pid_1776: Device or resource busy
01-17 15:51:02.099  1930  1930 W libprocessgroup: Failed to remove /acct/uid_0/pid_1787: Device or resource busy
01-17 15:51:02.099  1930  1930 W libprocessgroup: Failed to remove /acct/uid_0/pid_1789: Device or resource busy
01-17 15:51:02.099  1930  1930 W libprocessgroup: Failed to remove /acct/uid_0/pid_1872: Device or resource busy
01-17 15:51:02.099  1930  1930 W libprocessgroup: Failed to remove /acct/uid_0/pid_1898: Device or resource busy
01-17 15:51:02.099  1930  1930 W libprocessgroup: Failed to remove /acct/uid_0/pid_1910: Device or resource busy
01-17 15:51:02.099  1930  1930 W libprocessgroup: Failed to remove /acct/uid_0/pid_1913: Device or resource busy
01-17 15:51:02.099  1930  1930 W libprocessgroup: Failed to remove /acct/uid_0/pid_1915: Device or resource busy
01-17 15:51:02.099  1930  1930 W libprocessgroup: Failed to remove /acct/uid_0: Permission denied
01-17 15:51:02.099  1930  1930 W libprocessgroup: Failed to remove /acct/uid_1000/pid_1572: Device or resource busy
01-17 15:51:02.099  1930  1930 W libprocessgroup: Failed to remove /acct/uid_1000/pid_1573: Device or resource busy
01-17 15:51:02.099  1930  1930 W libprocessgroup: Failed to remove /acct/uid_1000/pid_1574: Device or resource busy
01-17 15:51:02.099  1930  1930 W libprocessgroup: Failed to remove /acct/uid_1000/pid_1576: Device or resource busy
01-17 15:51:02.099  1930  1930 W libprocessgroup: Failed to remove /acct/uid_1000/pid_1624: Device or resource busy
01-17 15:51:02.099  1930  1930 W libprocessgroup: Failed to remove /acct/uid_1000/pid_1626: Device or resource busy
01-17 15:51:02.099  1930  1930 W libprocessgroup: Failed to remove /acct/uid_1000/pid_1631: Device or resource busy
01-17 15:51:02.099  1930  1930 W libprocessgroup: Failed to remove /acct/uid_1000/pid_1635: Device or resource busy
01-17 15:51:02.099  1930  1930 W libprocessgroup: Failed to remove /acct/uid_1000/pid_1637: Device or resource busy
01-17 15:51:02.100  1930  1930 W libprocessgroup: Failed to remove /acct/uid_1000/pid_1639: Device or resource busy
01-17 15:51:02.100  1930  1930 W libprocessgroup: Failed to remove /acct/uid_1000/pid_1640: Device or resource busy
01-17 15:51:02.100  1930  1930 W libprocessgroup: Failed to remove /acct/uid_1000/pid_1641: Device or resource busy
01-17 15:51:02.100  1930  1930 W libprocessgroup: Failed to remove /acct/uid_1000/pid_1648: Device or resource busy
01-17 15:51:02.100  1930  1930 W libprocessgroup: Failed to remove /acct/uid_1000/pid_1763: Device or resource busy
01-17 15:51:02.100  1930  1930 W libprocessgroup: Failed to remove /acct/uid_1000/pid_1788: Device or resource busy
01-17 15:51:02.100  1930  1930 W libprocessgroup: Failed to remove /acct/uid_1000/pid_1793: Device or resource busy
01-17 15:51:02.100  1930  1930 W libprocessgroup: Failed to remove /acct/uid_1000/pid_1796: Device or resource busy
01-17 15:51:02.100  1930  1930 W libprocessgroup: Failed to remove /acct/uid_1000: Permission denied
01-17 15:51:02.100  1930  1930 W libprocessgroup: Failed to remove /acct/uid_1001/pid_1784: Device or resource busy
01-17 15:51:02.100  1930  1930 W libprocessgroup: Failed to remove /acct/uid_1001: Permission denied
01-17 15:51:02.100  1930  1930 W libprocessgroup: Failed to remove /acct/uid_1003/pid_1808: Device or resource busy
01-17 15:51:02.100  1930  1930 W libprocessgroup: Failed to remove /acct/uid_1003: Permission denied
01-17 15:51:02.100  1930  1930 W libprocessgroup: Failed to remove /acct/uid_1010/pid_1642: Device or resource busy
01-17 15:51:02.100  1930  1930 W libprocessgroup: Failed to remove /acct/uid_1010/pid_1777: Device or resource busy
01-17 15:51:02.100  1930  1930 W libprocessgroup: Failed to remove /acct/uid_1010: Permission denied
01-17 15:51:02.100  1930  1930 W libprocessgroup: Failed to remove /acct/uid_1013/pid_1630: Device or resource busy
01-17 15:51:02.100  1930  1930 W libprocessgroup: Failed to remove /acct/uid_1013/pid_1632: Device or resource busy
01-17 15:51:02.100  1930  1930 W libprocessgroup: Failed to remove /acct/uid_1013/pid_1633: Device or resource busy
01-17 15:51:02.100  1930  1930 W libprocessgroup: Failed to remove /acct/uid_1013/pid_1634: Device or resource busy
01-17 15:51:02.100  1930  1930 W libprocessgroup: Failed to remove /acct/uid_1013/pid_1770: Device or resource busy
01-17 15:51:02.100  1930  1930 W libprocessgroup: Failed to remove /acct/uid_1013/pid_1772: Device or resource busy
01-17 15:51:02.100  1930  1930 W libprocessgroup: Failed to remove /acct/uid_1013/pid_1773: Device or resource busy
01-17 15:51:02.100  1930  1930 W libprocessgroup: Failed to remove /acct/uid_1013: Permission denied
01-17 15:51:02.100  1930  1930 W libprocessgroup: Failed to remove /acct/uid_1017/pid_1769: Device or resource busy
01-17 15:51:02.100  1930  1930 W libprocessgroup: Failed to remove /acct/uid_1017: Permission denied
01-17 15:51:02.100  1930  1930 W libprocessgroup: Failed to remove /acct/uid_1019/pid_1766: Device or resource busy
01-17 15:51:02.100  1930  1930 W libprocessgroup: Failed to remove /acct/uid_1019: Permission denied
01-17 15:51:02.101  1930  1930 W libprocessgroup: Failed to remove /acct/uid_1021/pid_1636: Device or resource busy
01-17 15:51:02.101  1930  1930 W libprocessgroup: Failed to remove /acct/uid_1021: Permission denied
01-17 15:51:02.101  1930  1930 W libprocessgroup: Failed to remove /acct/uid_1036/pid_1571: Device or resource busy
01-17 15:51:02.101  1930  1930 W libprocessgroup: Failed to remove /acct/uid_1036/pid_1649: Device or resource busy
01-17 15:51:02.101  1930  1930 W libprocessgroup: Failed to remove /acct/uid_1036: Permission denied
01-17 15:51:02.101  1930  1930 W libprocessgroup: Failed to remove /acct/uid_1040/pid_1771: Device or resource busy
01-17 15:51:02.101  1930  1930 W libprocessgroup: Failed to remove /acct/uid_1040: Permission denied
01-17 15:51:02.101  1930  1930 W libprocessgroup: Failed to remove /acct/uid_1041/pid_1627: Device or resource busy
01-17 15:51:02.101  1930  1930 W libprocessgroup: Failed to remove /acct/uid_1041/pid_1628: Device or resource busy
01-17 15:51:02.101  1930  1930 W libprocessgroup: Failed to remove /acct/uid_1041/pid_1645: Device or resource busy
01-17 15:51:02.101  1930  1930 W libprocessgroup: Failed to remove /acct/uid_1041: Permission denied
01-17 15:51:02.101  1930  1930 W libprocessgroup: Failed to remove /acct/uid_1046/pid_1780: Device or resource busy
01-17 15:51:02.101  1930  1930 W libprocessgroup: Failed to remove /acct/uid_1046: Permission denied
01-17 15:51:02.101  1930  1930 W libprocessgroup: Failed to remove /acct/uid_1047/pid_1629: Device or resource busy
01-17 15:51:02.101  1930  1930 W libprocessgroup: Failed to remove /acct/uid_1047/pid_1765: Device or resource busy
01-17 15:51:02.101  1930  1930 W libprocessgroup: Failed to remove /acct/uid_1047: Permission denied
01-17 15:51:02.101  1930  1930 W libprocessgroup: Failed to remove /acct/uid_1058/pid_1790: Device or resource busy
01-17 15:51:02.101  1930  1930 W libprocessgroup: Failed to remove /acct/uid_1058: Permission denied
01-17 15:51:02.101  1930  1930 W libprocessgroup: Failed to remove /acct/uid_1066/pid_1775: Device or resource busy
01-17 15:51:02.101  1930  1930 W libprocessgroup: Failed to remove /acct/uid_1066: Permission denied
01-17 15:51:02.101  1930  1930 W libprocessgroup: Failed to remove /acct/uid_1067/pid_1767: Device or resource busy
01-17 15:51:02.101  1930  1930 W libprocessgroup: Failed to remove /acct/uid_1067: Permission denied
01-17 15:51:02.101  1930  1930 W libprocessgroup: Failed to remove /acct/uid_2000/pid_1651: Device or resource busy
01-17 15:51:02.101  1930  1930 W libprocessgroup: Failed to remove /acct/uid_2000: Permission denied
01-17 15:51:02.363  1763  1778 E SurfaceFlinger: ro.sf.lcd_density must be defined as a build property
01-17 15:51:02.366  1930  1954 I chatty  : uid=1000(system) android.display expire 3 lines
01-17 15:51:02.434  1763  1763 D SurfaceFlinger: Set power mode=2, type=0 flinger=0xe9146000
01-17 15:51:02.435  1573  1573 W hwservicemanager: getTransport: Cannot find entry android.hardware.light@2.0::ILight/default in either framework or device manifest.
01-17 15:51:02.435  1930  1954 E LightsService: Unable to get ILight interface.
01-17 15:51:02.436  1930  1954 W StrictMode: No activity manager; failed to Dropbox violation.
01-17 15:51:02.436  1930  1954 I chatty  : uid=1000(system) android.display identical 2 lines
01-17 15:51:02.436  1930  1954 W StrictMode: No activity manager; failed to Dropbox violation.
01-17 15:51:02.722  1930  1930 D FallbackCategoryProvider: Found 387 fallback categories
01-17 15:51:02.878  1930  1930 D PackageManager: No files in app dir /product/overlay
01-17 15:51:03.049  1930  1970 I chatty  : uid=1000 system_server expire 13 lines
01-17 15:51:03.049  1930  1930 I PackageManager: New shared user android.media: id=10005
01-17 15:51:03.126  1930  1969 I chatty  : uid=1000 system_server expire 7 lines
01-17 15:51:03.322  1930  1967 I chatty  : uid=1000 system_server expire 143 lines
01-17 15:51:03.351  1930  1968 I chatty  : uid=1000 system_server expire 5 lines
01-17 15:51:03.351  1930  1930 I PackageManager: New shared user com.android.emergency.uid: id=10010
01-17 15:51:03.472  1930  1930 I PackageManager: New shared user com.google.uid.shared: id=10012
01-17 15:51:04.745  1930  1930 I PackageManager: New shared user android.uid.shared: id=10025
01-17 15:51:05.508  1930  1930 I PackageManager: /system/priv-app/ManagedProvisioning changed; collecting certs
01-17 15:51:05.552  1930  1930 I PackageManager: /system/priv-app/UserDictionaryProvider changed; collecting certs
01-17 15:51:05.554  1930  1930 E PackageManager: Adding duplicate user id: 10025 name=com.android.providers.userdictionary
01-17 15:51:05.617  1930  1968 I PackageParser: Parse times for '/system/priv-app/SystemUIGoogle': parse=631ms, update_cache=4 ms
01-17 15:51:05.618  1930  1930 I PackageManager: New shared user android.uid.systemui: id=10034
01-17 15:51:05.618  1930  1930 I PackageManager: /system/priv-app/SystemUIGoogle changed; collecting certs
01-17 15:51:05.620  1930  1969 W PackageParser: Ignoring duplicate uses-permissions/uses-permissions-sdk-m: android.permission.INSTALL_GRANT_RUNTIME_PERMISSIONS in package: com.android.shell at: Binary XML file line #111
01-17 15:51:05.623  1930  1930 E PackageManager: Adding duplicate user id: 10034 name=com.android.systemui
01-17 15:51:05.638  1930  1969 I PackageParser: Parse times for '/system/priv-app/Shell': parse=178ms, update_cache=1 ms
01-17 15:51:05.638  1930  1930 I PackageManager: /system/priv-app/Shell changed; collecting certs
01-17 15:51:05.642  1930  1930 E PackageManager: Adding duplicate shared id: 2000 name=com.android.shell
01-17 15:51:05.673  1930  1967 I PackageParser: Parse times for '/system/priv-app/CalendarProvider': parse=121ms, update_cache=0 ms
01-17 15:51:05.674  1930  1930 I PackageManager: New shared user android.uid.calendar: id=10035
01-17 15:51:05.675  1930  1930 I PackageManager: /system/priv-app/CalendarProvider changed; collecting certs
01-17 15:51:05.677  1930  1930 E PackageManager: Adding duplicate user id: 10035 name=com.android.providers.calendar
01-17 15:51:05.686  1930  1970 W PackageParser: No actions in intent filter at /system/priv-app/Contacts/Contacts.apk Binary XML file line #443
01-17 15:51:05.688  1930  1970 I PackageParser: Parse times for '/system/priv-app/Contacts': parse=467ms, update_cache=1 ms
01-17 15:51:05.688  1930  1930 I PackageManager: /system/priv-app/Contacts changed; collecting certs
01-17 15:51:05.710  1930  1930 I PackageManager: /system/priv-app/InputDevices changed; collecting certs
01-17 15:51:05.713  1930  1930 E PackageManager: Adding duplicate shared id: 1000 name=com.android.inputdevices
01-17 15:51:05.728  1930  1930 I PackageManager: /system/priv-app/CallLogBackup changed; collecting certs
01-17 15:51:05.730  1930  1930 E PackageManager: Adding duplicate user id: 10025 name=com.android.calllogbackup
01-17 15:51:05.731  1930  1930 I PackageManager: /system/priv-app/MusicFX changed; collecting certs
01-17 15:51:05.757  1930  1969 I PackageParser: Parse times for '/system/priv-app/GoogleFeedback': parse=118ms, update_cache=1 ms
01-17 15:51:05.757  1930  1930 I PackageManager: /system/priv-app/GoogleFeedback changed; collecting certs
01-17 15:51:05.785  1930  1930 I PackageManager: /system/priv-app/ContactsProvider changed; collecting certs
01-17 15:51:05.788  1930  1930 E PackageManager: Adding duplicate user id: 10025 name=com.android.providers.contacts
01-17 15:51:05.924  1930  1970 I PackageParser: Parse times for '/system/priv-app/StorageManager': parse=196ms, update_cache=0 ms
01-17 15:51:05.925  1930  1930 I PackageManager: /system/priv-app/StorageManager changed; collecting certs
01-17 15:51:06.151  1930  1967 W PackageParser: No actions in intent filter at /system/priv-app/Velvet/Velvet.apk Binary XML file line #3049
01-17 15:51:06.154  1930  1967 I PackageParser: Parse times for '/system/priv-app/Velvet': parse=423ms, update_cache=3 ms
01-17 15:51:06.155  1930  1930 I PackageManager: /system/priv-app/Velvet changed; collecting certs
01-17 15:51:06.364  1930  1972 I PackageParser: Parse times for '/system/app/ExactCalculator': parse=111ms, update_cache=0 ms
01-17 15:51:06.364  1930  1930 I PackageManager: /system/app/ExactCalculator changed; collecting certs
01-17 15:51:06.373  1930  1975 I PackageParser: Parse times for '/system/app/CertInstaller': parse=116ms, update_cache=0 ms
01-17 15:51:06.373  1930  1930 I PackageManager: /system/app/CertInstaller changed; collecting certs
01-17 15:51:06.376  1930  1930 I PackageManager: /system/app/BookmarkProvider changed; collecting certs
01-17 15:51:06.390  1930  1973 W PackageParser: Ignoring duplicate uses-permissions/uses-permissions-sdk-m: android.permission.READ_CONTACTS in package: com.android.bluetooth at: Binary XML file line #61
01-17 15:51:06.415  1930  1973 W PackageParser: No actions in intent filter at /system/app/Bluetooth/Bluetooth.apk Binary XML file line #227
01-17 15:51:06.449  1930  1973 I PackageParser: Parse times for '/system/app/Bluetooth': parse=193ms, update_cache=1 ms
01-17 15:51:06.449  1930  1930 I PackageManager: /system/app/Bluetooth changed; collecting certs
01-17 15:51:06.493  1930  1930 E PackageManager: Adding duplicate shared id: 1002 name=com.android.bluetooth
01-17 15:51:06.563  1930  1973 W PackageParser: Ignoring duplicate uses-permissions/uses-permissions-sdk-m: android.permission.CHANGE_WIFI_STATE in package: com.android.nfc at: Binary XML file line #47
01-17 15:51:06.563  1930  1973 W PackageParser: Ignoring duplicate uses-permissions/uses-permissions-sdk-m: android.permission.ACCESS_WIFI_STATE in package: com.android.nfc at: Binary XML file line #48
01-17 15:51:06.585  1930  1973 I PackageParser: Parse times for '/system/app/NfcNci': parse=136ms, update_cache=0 ms
01-17 15:51:06.586  1930  1930 I PackageManager: /system/app/NfcNci changed; collecting certs
01-17 15:51:06.608  1930  1930 E PackageManager: Adding duplicate shared id: 1027 name=com.android.nfc
01-17 15:51:06.728  1930  1974 W PackageParser: No actions in intent filter at /system/app/Photos/Photos.apk Binary XML file line #1725
01-17 15:51:06.735  1930  1974 I PackageParser: Parse times for '/system/app/Photos': parse=473ms, update_cache=6 ms
01-17 15:51:06.735  1930  1930 I PackageManager: /system/app/Photos changed; collecting certs
01-17 15:51:06.816  1930  1975 I PackageParser: Parse times for '/system/app/GoogleHindiIME': parse=439ms, update_cache=1 ms
01-17 15:51:06.877  1930  1930 I PackageManager: /system/app/GoogleHindiIME changed; collecting certs
01-17 15:51:07.033  1930  1975 I PackageParser: Parse times for '/system/app/LiveWallpapersPicker': parse=217ms, update_cache=0 ms
01-17 15:51:07.033  1930  1930 I PackageManager: /system/app/LiveWallpapersPicker changed; collecting certs
01-17 15:51:07.127  1930  1972 W PackageParser: No actions in intent filter at /system/app/PrebuiltGmail/PrebuiltGmail.apk Binary XML file line #701
01-17 15:51:07.128  1930  1972 W PackageParser: No actions in intent filter at /system/app/PrebuiltGmail/PrebuiltGmail.apk Binary XML file line #766
01-17 15:51:07.132  1930  1972 I PackageParser: Parse times for '/system/app/PrebuiltGmail': parse=767ms, update_cache=1 ms
01-17 15:51:07.133  1930  1930 I PackageManager: /system/app/PrebuiltGmail changed; collecting certs
01-17 15:51:07.168  1930  1975 I PackageParser: Parse times for '/system/app/GoogleContactsSyncAdapter': parse=134ms, update_cache=1 ms
01-17 15:51:07.168  1930  1930 I PackageManager: /system/app/GoogleContactsSyncAdapter changed; collecting certs
01-17 15:51:07.198  1930  1974 I PackageParser: Parse times for '/system/app/GooglePinyinIME': parse=462ms, update_cache=1 ms
01-17 15:51:07.198  1930  1930 I PackageManager: /system/app/GooglePinyinIME changed; collecting certs
01-17 15:51:07.198  1930  1972 W PackageParser: No actions in intent filter at /system/app/CarrierDefaultApp/CarrierDefaultApp.apk Binary XML file line #52
01-17 15:51:07.236  1930  1930 I PackageManager: /system/app/CarrierDefaultApp changed; collecting certs
01-17 15:51:07.238  1930  1930 I PackageManager: /system/app/CompanionDeviceManager changed; collecting certs
