01-17 15:51:29.242  2420  2448 E GmsClient: unable to connect to service: com.google.android.gms.phenotype.service.START on com.google.android.gms
01-17 15:51:29.244  2420  2420 I Dialer  : GoogleDialerApplication.onCreate - registered new client
01-17 15:51:29.245  2420  2420 E ActivityThread: Failed to find provider info for com.google.android.gsf.gservices
01-17 15:51:29.246  2420  2420 I Dialer  : LegacyVoicemailNotificationReceiver.onReceive - received legacy voicemail notification
01-17 15:51:29.247  2420  2420 I Dialer  : LegacyVoicemailNotificationReceiver.onReceive - isRefresh: false
01-17 15:51:29.246  2420  2420 E ActivityThread: Failed to find provider info for com.google.android.gsf.gservices
01-17 15:51:29.250  2094  2415 E ActivityThread: Failed to find provider info for com.android.contacts
01-17 15:51:29.252  2420  2420 I Dialer  : LegacyVoicemailNotificationReceiver.onReceive - clearing notification
01-17 15:51:29.252  2420  2420 I Dialer  : LegacyVoicemailNotifier.cancelNotification - enter
01-17 15:51:29.252  2094  2316 D HostConnection: createUnique: call
01-17 15:51:29.252  2094  2316 D HostConnection: HostConnection::get() New Host Connection established 0xc8d40fe0, tid 2316
01-17 15:51:29.253  2420  2420 I Dialer  : Flags.register - phenotype register status: false
01-17 15:51:29.253  1930  1948 I ActivityManager: Start proc 2461:android.process.acore/u0a25 for content provider com.android.providers.blockednumber/.BlockedNumberProvider
01-17 15:51:29.264  2420  2420 I Dialer  : LegacyVoicemailNotificationReceiver.onReceive - received legacy voicemail notification
01-17 15:51:29.264  2420  2420 I Dialer  : LegacyVoicemailNotificationReceiver.onReceive - isRefresh: true
01-17 15:51:29.264  2420  2420 I Dialer  : LegacyVoicemailNotificationReceiver.onReceive - clearing notification
01-17 15:51:29.264  2420  2420 I Dialer  : LegacyVoicemailNotifier.cancelNotification - enter
01-17 15:51:29.264  1930  2028 W BestClock: java.time.DateTimeException: Missing NTP fix
01-17 15:51:29.272  2461  2461 W d.process.acor: Unexpected CPU variant for X86 using defaults: x86
01-17 15:51:29.273  1930  2140 D SntpClient: round trip: 64ms, clock offset: 825ms
01-17 15:51:29.274  2143  2143 D CallNotifier: updatePhoneStateListeners: update CF notifications.
01-17 15:51:29.274  2143  2143 I NotificationMgr: updateCfi: subId= 1, visible=N
01-17 15:51:29.274  2143  2143 I NotificationMgr: updateMwi(): subId 1 update to false
01-17 15:51:29.279  2143  2143 I TelecomFramework: PstnIncomingCallNotifier: Unregistering: Handler (com.android.internal.telephony.GsmCdmaPhone) {79885e9}
01-17 15:51:29.280  2420  2420 I Dialer  : LegacyVoicemailNotificationReceiver.onReceive - received legacy voicemail notification
01-17 15:51:29.281  2420  2420 I Dialer  : LegacyVoicemailNotificationReceiver.onReceive - isRefresh: true
01-17 15:51:29.281  2420  2420 I Dialer  : LegacyVoicemailNotificationReceiver.onReceive - clearing notification
01-17 15:51:29.281  2420  2420 I Dialer  : LegacyVoicemailNotifier.cancelNotification - enter
01-17 15:51:29.284  2094  2316 D HostConnection: HostComposition ext ANDROID_EMU_CHECKSUM_HELPER_v1 ANDROID_EMU_native_sync_v2 ANDROID_EMU_native_sync_v3 ANDROID_EMU_native_sync_v4 ANDROID_EMU_dma_v1 ANDROID_EMU_YUV420_888_to_NV21 ANDROID_EMU_YUV_Cache ANDROID_EMU_sync_buffer_data GL_OES_EGL_image_external_essl3 GL_OES_vertex_array_object GL_KHR_texture_compression_astc_ldr ANDROID_EMU_host_side_tracing ANDROID_EMU_gles_max_version_3_0 
01-17 15:51:29.285  2094  2316 E eglCodecCommon: GoldfishAddressSpaceHostMemoryAllocator: ioctl_ping failed for device_type=5, ret=-1
01-17 15:51:29.293  1930  1942 I Telecom : PhoneAccountRegistrar: Modify account: [ComponentInfo{com.android.phone/com.android.services.telephony.TelephonyConnectionService}, ***, UserHandle{0}]: TSI.rPA@ADM
01-17 15:51:29.294  2143  2143 I TelecomFramework: AccountEntry: Registered phoneAccount: [[ ] PhoneAccount: ComponentInfo{com.android.phone/com.android.services.telephony.TelephonyConnectionService}, ***, UserHandle{0} Capabilities: CallProvider MultiUser PlaceEmerg SimSub  Audio Routes: BESW Schemes: tel voicemail  Extras: Bundle[{android.telecom.extra.SUPPORTS_VIDEO_CALLING_FALLBACK=true}] GroupId: ***] with handle: ComponentInfo{com.android.phone/com.android.services.telephony.TelephonyConnectionService}, ***, UserHandle{0}
01-17 15:51:29.294  2143  2143 I TelecomFramework: PstnIncomingCallNotifier: Registering: Handler (com.android.internal.telephony.GsmCdmaPhone) {79885e9}
01-17 15:51:29.298  2143  2143 I ImsExternalCallTracker: handleVideoCapabilitiesChanged : isVideoCapable = false
01-17 15:51:29.298  2143  2143 D ImsExternalCallTracker: refreshCallPullState
01-17 15:51:29.298  2143  2143 I TelecomFramework: PstnPhoneCapabilitiesNotifier: handleVideoCapabilitesChanged. Video capability - false
01-17 15:51:29.298  2461  2461 I d.process.acor: The ClassLoaderContext is a special shared library.
01-17 15:51:29.310  1930  1942 I Telecom : PhoneAccountRegistrar: Modify account: [ComponentInfo{com.android.phone/com.android.services.telephony.TelephonyConnectionService}, ***, UserHandle{0}]: TSI.rPA@ADY
01-17 15:51:29.304  2461  2461 I d.process.acor: The ClassLoaderContext is a special shared library.
01-17 15:51:29.317  1930  2447 D NetworkMonitor/NetworkAgentInfo [MOBILE (LTE) - 100]: PROBE_HTTP http://connectivitycheck.gstatic.com/generate_204 time=115ms ret=204 request={User-Agent=[Mozilla/5.0 (X11; Linux x86_64) AppleWebKit/537.36 (KHTML, like Gecko) Chrome/60.0.3112.32 Safari/537.36]} headers={null=[HTTP/1.1 204 No Content], Content-Length=[0], Cross-Origin-Resource-Policy=[cross-origin], Date=[Tue, 17 Jan 2023 14:51:30 GMT], X-Android-Received-Millis=[1673967089316], X-Android-Response-Source=[NETWORK 204], X-Android-Selected-Protocol=[http/1.1], X-Android-Sent-Millis=[1673967089255]}
01-17 15:51:29.406  2094  2332 E ActivityThread: Failed to find provider info for com.android.contacts
01-17 15:51:29.457  2060  2060 E ActivityThread: Failed to find provider info for com.google.android.gsf.gservices
01-17 15:51:29.460  1637  2324 D gralloc_ranchu: gralloc_alloc: Creating ashmem region of size 487424
01-17 15:51:29.461  1637  1700 D gralloc_ranchu: gralloc_alloc: Creating ashmem region of size 487424
01-17 15:51:29.462  1637  2324 D gralloc_ranchu: gralloc_alloc: Creating ashmem region of size 487424
01-17 15:51:29.467  1930  2446 D NetworkMonitor/NetworkAgentInfo [MOBILE (LTE) - 100]: PROBE_HTTPS https://www.google.com/generate_204 time=269ms ret=204 request={User-Agent=[Mozilla/5.0 (X11; Linux x86_64) AppleWebKit/537.36 (KHTML, like Gecko) Chrome/60.0.3112.32 Safari/537.36]} headers={null=[HTTP/1.1 204 No Content], Alt-Svc=[h3=":443"; ma=2592000,h3-29=":443"; ma=2592000,h3-Q050=":443"; ma=2592000,h3-Q046=":443"; ma=2592000,h3-Q043=":443"; ma=2592000,quic=":443"; ma=2592000; v="46,43"], Content-Length=[0], Cross-Origin-Resource-Policy=[cross-origin], Date=[Tue, 17 Jan 2023 14:51:30 GMT], X-Android-Received-Millis=[1673967089467], X-Android-Response-Source=[NETWORK 204], X-Android-Selected-Protocol=[http/1.1], X-Android-Sent-Millis=[1673967089426]}
01-17 15:51:29.467  2094  2094 D StatusBar: disable<e i a s b h r c s > disable2<q i n >
01-17 15:51:29.457  2060  2060 I chatty  : uid=10012 com.google.android.gms.persistent identical 2 lines
01-17 15:51:29.458  2060  2060 E ActivityThread: Failed to find provider info for com.google.android.gsf.gservices
01-17 15:51:29.467  1930  2034 D ConnectivityService: NetworkAgentInfo [MOBILE (LTE) - 100] validation passed
01-17 15:51:29.468  1930  2046 I GnssLocationProvider: WakeLock acquired by sendMessage(UPDATE_NETWORK_STATE, 0, 100)
01-17 15:51:29.470  1930  1945 I GnssLocationProvider: WakeLock released by handleMessage(UPDATE_NETWORK_STATE, 0, 100)
01-17 15:51:29.471  1930  2030 D WifiService: New client listening to asynchronous messages
01-17 15:51:29.498  2060  2060 I GmsApplication: Staging modules and/or updating config
01-17 15:51:29.499  2060  2060 E ActivityThread: Failed to find provider info for com.google.android.gsf.gservices
01-17 15:51:29.531  2060  2060 E ChimeraCfgMgr: Failed to read module config: java.io.FileNotFoundException: /data/user_de/0/com.google.android.gms/app_chimera/current_config.fb (No such file or directory)
01-17 15:51:29.588  1930  1930 W Looper  : Slow dispatch took 348ms main h=android.app.ActivityThread$H c=android.app.-$$Lambda$LoadedApk$ReceiverDispatcher$Args$_BumDX2UKsnxLVrE6UJsJZkotuA@8a693b9 m=0
01-17 15:51:29.592  1930  1930 W Looper  : Slow delivery took 370ms main h=com.android.server.notification.NotificationManagerService$WorkerHandler c=null m=3
01-17 15:51:29.592  1930  1930 I GnssLocationProvider: WakeLock acquired by sendMessage(SUBSCRIPTION_OR_SIM_CHANGED, 0, null)
01-17 15:51:29.593  1930  1930 W Looper  : Drained
01-17 15:51:29.597  1930  1945 E GnssLocationProvider: no AGPS interface in set_agps_server
01-17 15:51:29.597  1930  1945 I GnssLocationProvider: WakeLock released by handleMessage(SUBSCRIPTION_OR_SIM_CHANGED, 0, null)
01-17 15:51:29.610  2060  2060 I GmsApplication: Staging modules
01-17 15:51:29.634  2060  2060 I FileApkMgr: Extracting modules...
01-17 15:51:29.735  1930  1984 W LocalDisplayAdapter: Unable to find color mode 0, ignoring request.
01-17 15:51:29.742  1930  2006 I InputReader: Reconfiguring input devices.  changes=0x00000004
01-17 15:51:29.771  2060  2060 E ConfigFileUtils: Failed to read config file: /data/user_de/0/com.google.android.gms/app_chimera/current_fileapks.pb (No such file or directory)
01-17 15:51:29.846  2293  2320 D eglCodecCommon: setVertexArrayObject: set vao to 0 (0) 1 2
01-17 15:51:30.001  1930  2048 I GnssLocationProvider: WakeLock acquired by sendMessage(REPORT_SV_STATUS, 0, com.android.server.location.GnssLocationProvider$SvStatusInfo@b797357)
01-17 15:51:30.001  1930  1945 I GnssLocationProvider: WakeLock released by handleMessage(REPORT_SV_STATUS, 0, com.android.server.location.GnssLocationProvider$SvStatusInfo@b797357)
01-17 15:51:29.739  1930  1984 W LocalDisplayAdapter: Unable to find color mode 0, ignoring request.
01-17 15:51:30.033  2060  2060 E ActivityThread: Failed to find provider info for com.google.android.gsf.gservices
01-17 15:51:30.034  2060  2060 E ActivityThread: Failed to find provider info for com.google.android.gsf.gservices
01-17 15:51:30.337  2094  2094 I ImageWallpaper: Redrawing in rect: RectF(0.0, 0.0, 3495.9375, 2880.0) with surface size: 1440x2880
01-17 15:51:30.337  1637  2324 D gralloc_ranchu: gralloc_alloc: Creating ashmem region of size 16592896
01-17 15:51:30.339  2094  2316 D EGL_emulation: eglMakeCurrent: 0xc97ef120: ver 3 0 (tinfo 0xc97f20b0)
01-17 15:51:30.375  1930  1984 W LocalDisplayAdapter: Unable to find color mode 0, ignoring request.
01-17 15:51:30.385  2094  2316 D eglCodecCommon: setVertexArrayObject: set vao to 0 (0) 3 2
01-17 15:51:30.399  1930  2006 I InputReader: Reconfiguring input devices.  changes=0x00000004
01-17 15:51:30.463  2094  2106 I ndroid.systemu: NativeAlloc concurrent copying GC freed 11306(845KB) AllocSpace objects, 13(452KB) LOS objects, 50% free, 4MB/8MB, paused 307us total 118.343ms
01-17 15:51:30.495  1637  2324 D gralloc_ranchu: gralloc_alloc: Creating ashmem region of size 16592896
01-17 15:51:30.531  1930  1930 W Looper  : Slow dispatch took 158ms main h=com.android.internal.widget.LockPatternUtils$StrongAuthTracker$H c=null m=1
01-17 15:51:30.533  1930  1984 W LocalDisplayAdapter: Unable to find color mode 0, ignoring request.
01-17 15:51:30.544  1930  2006 I InputReader: Reconfiguring input devices.  changes=0x00000004
01-17 15:51:30.549  2094  2094 I Choreographer: Skipped 83 frames!  The application may be doing too much work on its main thread.
01-17 15:51:30.573  1637  2324 D gralloc_ranchu: gralloc_alloc: Creating ashmem region of size 970752
01-17 15:51:30.618  1637  2324 D gralloc_ranchu: gralloc_alloc: Creating ashmem region of size 40960
01-17 15:51:30.634  1637  2324 I chatty  : uid=1000(system) HwBinder:1637_2 identical 2 lines
01-17 15:51:30.637  1637  2324 D gralloc_ranchu: gralloc_alloc: Creating ashmem region of size 40960
01-17 15:51:30.646  2094  2316 D EGL_emulation: eglMakeCurrent: 0xc97ef120: ver 3 0 (tinfo 0xc97f20b0)
01-17 15:51:30.686  1637  2324 D gralloc_ranchu: gralloc_alloc: Creating ashmem region of size 970752
01-17 15:51:30.690  2094  2316 I OpenGLRenderer: Davey! duration=1531ms; Flags=1, IntendedVsync=57073478953, Vsync=58456812231, OldestInputEvent=9223372036854775807, NewestInputEvent=0, HandleInputStart=58469875247, AnimationStart=58472307289, PerformTraversalsStart=58472924523, DrawStart=58498981612, SyncQueued=58561734110, SyncStart=58566931470, IssueDrawCommandsStart=58567446920, SwapBuffers=58595564077, FrameCompleted=58610250943, DequeueBufferDuration=4065000, QueueBufferDuration=77000, 
01-17 15:51:30.758  2094  2316 D EGL_emulation: eglMakeCurrent: 0xc97ef120: ver 3 0 (tinfo 0xc97f20b0)
01-17 15:51:30.814  2094  2316 I OpenGLRenderer: Davey! duration=1659ms; Flags=1, IntendedVsync=57073478953, Vsync=58456812231, OldestInputEvent=9223372036854775807, NewestInputEvent=0, HandleInputStart=58469875247, AnimationStart=58472307289, PerformTraversalsStart=58472924523, DrawStart=58636769017, SyncQueued=58678033121, SyncStart=58678759034, IssueDrawCommandsStart=58678849011, SwapBuffers=58723206598, FrameCompleted=58733678359, DequeueBufferDuration=193000, QueueBufferDuration=422000, 
01-17 15:51:30.841  2094  2094 W KeyguardUpdateMonitor: invalid subId in handleServiceStateChange()
01-17 15:51:30.845  2094  2094 W KeyguardUpdateMonitor: invalid subId in handleServiceStateChange()
01-17 15:51:30.845  2094  2094 W KeyguardUpdateMonitor: invalid subId in handleSimStateChange()
01-17 15:51:30.915  2094  2094 I ImageWallpaper: Redrawing in rect: RectF(0.0, 0.0, 3495.9375, 2880.0) with surface size: 1440x2880
01-17 15:51:30.915  2094  2316 D EGL_emulation: eglMakeCurrent: 0xc97ef120: ver 3 0 (tinfo 0xc97f20b0)
01-17 15:51:30.920  1637  2324 D gralloc_ranchu: gralloc_alloc: Creating ashmem region of size 16592896
01-17 15:51:30.926  2094  2094 I ImageWallpaper: Redrawing in rect: RectF(0.0, 0.0, 3495.9375, 2880.0) with surface size: 1440x2880
01-17 15:51:30.971  2094  2094 I chatty  : uid=10034(com.android.systemui) identical 1 line
01-17 15:51:30.988  2094  2094 I ImageWallpaper: Redrawing in rect: RectF(0.0, 0.0, 3495.9375, 2880.0) with surface size: 1440x2880
01-17 15:51:30.994  1930  2385 E ActivityManager: Sending non-protected broadcast com.android.systemui.demo from system 2094:com.android.systemui/u0a34 pkg com.android.systemui
01-17 15:51:30.994  1930  2385 E ActivityManager: java.lang.Throwable
01-17 15:51:30.994  1930  2385 E ActivityManager: 	at com.android.server.am.ActivityManagerService.checkBroadcastFromSystem(ActivityManagerService.java:21206)
01-17 15:51:30.994  1930  2385 E ActivityManager: 	at com.android.server.am.ActivityManagerService.broadcastIntentLocked(ActivityManagerService.java:21717)
01-17 15:51:30.994  1930  2385 E ActivityManager: 	at com.android.server.am.ActivityManagerService.broadcastIntent(ActivityManagerService.java:21952)
01-17 15:51:30.994  1930  2385 E ActivityManager: 	at android.app.IActivityManager$Stub.onTransact$broadcastIntent$(IActivityManager.java:10171)
01-17 15:51:30.994  1930  2385 E ActivityManager: 	at android.app.IActivityManager$Stub.onTransact(IActivityManager.java:167)
01-17 15:51:30.994  1930  2385 E ActivityManager: 	at com.android.server.am.ActivityManagerService.onTransact(ActivityManagerService.java:3291)
01-17 15:51:30.994  1930  2385 E ActivityManager: 	at android.os.Binder.execTransact(Binder.java:731)
01-17 15:51:31.001  1930  2385 E ActivityManager: Sending non-protected broadcast com.android.systemui.demo from system 2094:com.android.systemui/u0a34 pkg com.android.systemui
01-17 15:51:31.001  1930  2385 E ActivityManager: java.lang.Throwable
01-17 15:51:31.001  1930  2385 E ActivityManager: 	at com.android.server.am.ActivityManagerService.checkBroadcastFromSystem(ActivityManagerService.java:21206)
01-17 15:51:31.001  1930  2385 E ActivityManager: 	at com.android.server.am.ActivityManagerService.broadcastIntentLocked(ActivityManagerService.java:21810)
01-17 15:51:31.001  1930  2385 E ActivityManager: 	at com.android.server.am.ActivityManagerService.broadcastIntent(ActivityManagerService.java:21952)
01-17 15:51:31.001  1930  2385 E ActivityManager: 	at android.app.IActivityManager$Stub.onTransact$broadcastIntent$(IActivityManager.java:10171)
01-17 15:51:31.001  1930  2385 E ActivityManager: 	at android.app.IActivityManager$Stub.onTransact(IActivityManager.java:167)
01-17 15:51:31.001  1930  2385 E ActivityManager: 	at com.android.server.am.ActivityManagerService.onTransact(ActivityManagerService.java:3291)
01-17 15:51:31.001  1930  2385 E ActivityManager: 	at android.os.Binder.execTransact(Binder.java:731)
01-17 15:51:31.007  1930  2048 I GnssLocationProvider: WakeLock acquired by sendMessage(REPORT_SV_STATUS, 0, com.android.server.location.GnssLocationProvider$SvStatusInfo@1fa5074)
01-17 15:51:31.007  1930  1945 I GnssLocationProvider: WakeLock released by handleMessage(REPORT_SV_STATUS, 0, com.android.server.location.GnssLocationProvider$SvStatusInfo@1fa5074)
01-17 15:51:31.014  1930  1954 I WindowManager: ******* TELLING SURFACE FLINGER WE ARE BOOTED!
01-17 15:51:31.014  1763  1779 I SurfaceFlinger: Boot is finished (44518 ms)
01-17 15:51:31.015  1768  1802 E installd: Failed to unlink /data//dalvik-cache/x86/.booting: No such file or directory
01-17 15:51:31.016  1637  2324 D gralloc_ranchu: gralloc_alloc: Creating ashmem region of size 40960
01-17 15:51:31.016  1930  1954 W ActivityManager: Unable to mark boot complete for abi: x86 (android.os.ServiceSpecificException: Failed to unlink /data//dalvik-cache/x86/.booting (code 2))
01-17 15:51:31.016  1768  1802 E installd: Failed to unlink /data//dalvik-cache/arm/.booting: No such file or directory
01-17 15:51:31.016  1930  1954 W ActivityManager: Unable to mark boot complete for abi: armeabi-v7a (android.os.ServiceSpecificException: Failed to unlink /data//dalvik-cache/arm/.booting (code 2))
01-17 15:51:31.017  1930  1954 I SystemServiceManager: Starting phase 1000
01-17 15:51:31.019  1637  2324 D gralloc_ranchu: gralloc_alloc: Creating ashmem region of size 40960
01-17 15:51:31.025  1930  1954 D ActivityManager: Finishing user boot 0
01-17 15:51:31.025  1930  1954 I ActivityManager: User 0 state changed from BOOTING to RUNNING_LOCKED
01-17 15:51:31.025  1930  1954 D ActivityManager: Started unlocking user 0
01-17 15:51:31.025  1930  1954 D ActivityManager: Unlocking user 0 progress 0
01-17 15:51:31.026  1930  1954 D ActivityManager: Unlocking user 0 progress 5
01-17 15:51:31.021  1637  2324 I chatty  : uid=1000(system) HwBinder:1637_2 identical 1 line
01-17 15:51:31.023  1637  2324 D gralloc_ranchu: gralloc_alloc: Creating ashmem region of size 40960
01-17 15:51:31.027  2094  2316 D EGL_emulation: eglMakeCurrent: 0xc97ef120: ver 3 0 (tinfo 0xc97f20b0)
01-17 15:51:31.028  1581  1586 D vold    : e4crypt_prepare_user_storage for volume null, user 0, serial 0, flags 2
01-17 15:51:31.028  1581  1586 D vold    : Preparing: /data/system_ce/0
01-17 15:51:31.028  1581  1586 D vold    : Preparing: /data/misc_ce/0
01-17 15:51:31.028  1581  1586 D vold    : Preparing: /data/vendor_ce/0
01-17 15:51:31.028  1581  1586 D vold    : Preparing: /data/media/0
01-17 15:51:31.028  1581  1586 D vold    : Preparing: /data/data
01-17 15:51:31.035  1637  2324 D gralloc_ranchu: gralloc_alloc: Creating ashmem region of size 970752
01-17 15:51:31.052  2094  2316 D EGL_emulation: eglMakeCurrent: 0xc97ef120: ver 3 0 (tinfo 0xc97f20b0)
01-17 15:51:31.057  2491  2491 I bootstat: Service started: /system/bin/bootstat --set_system_boot_reason --record_boot_complete --record_boot_reason --record_time_since_factory_reset -l 
01-17 15:51:31.058  1930  1948 I ActivityManager: Start proc 2492:com.google.android.ext.services/u0a24 for on-hold
01-17 15:51:31.079  2491  2491 I bootstat: Battery level at startup 100%
01-17 15:51:31.079  2491  2491 I bootstat: Canonical boot reason: reboot
01-17 15:51:31.080  2094  2094 W System  : ClassLoader referenced unknown path: 
01-17 15:51:31.088  2060  2060 E ActivityThread: Failed to find provider info for com.google.android.gsf.gservices
01-17 15:51:31.089  2060  2060 E ActivityThread: Failed to find provider info for com.google.android.gsf.gservices
01-17 15:51:31.093  2060  2060 I FileApkMgr: Extracting modules completed
01-17 15:51:31.093  2060  2060 I GmsApplication: Staging modules completed
01-17 15:51:31.094  2060  2060 I GmsApplication: Updating config
01-17 15:51:31.094  2491  2491 E bootstat: Failed to read /data/misc/bootstat/last_boot_time_utc: No such file or directory
01-17 15:51:31.094  2491  2491 E bootstat: Failed to parse boot time record: /data/misc/bootstat/last_boot_time_utc
01-17 15:51:31.094  2492  2492 W id.ext.service: Unexpected CPU variant for X86 using defaults: x86
01-17 15:51:31.094  2060  2060 E ActivityThread: Failed to find provider info for com.google.android.gsf.gservices
01-17 15:51:31.094  2491  2491 E bootstat: Failed to read /data/misc/bootstat/build_date: No such file or directory
01-17 15:51:31.094  2491  2491 E bootstat: Failed to parse boot time record: /data/misc/bootstat/build_date
01-17 15:51:31.094  2491  2491 I bootstat: Canonical boot reason: reboot,factory_reset
01-17 15:51:31.095  2060  2060 W FileUtils: Failed to set world readable: /data/user_de/0/com.google.android.gms/app_chimera/current_config.fb
01-17 15:51:31.117  2060  2060 E ChimeraCfgMgr: Failed to read module config: java.io.FileNotFoundException: /data/user_de/0/com.google.android.gms/app_chimera/current_config.fb (No such file or directory)
01-17 15:51:31.119  2060  2060 E GservicesValue: Gservices key not whitelisted for directboot access: gms:chimera:dev_module_blacklist
01-17 15:51:31.122  2060  2060 I GmsModuleFndr: Beginning GMS chimera module scan
01-17 15:51:31.134  2492  2492 I id.ext.service: The ClassLoaderContext is a special shared library.
01-17 15:51:31.153  2492  2513 D ExtAssistant: File doesn't exist or isn't readable yet
01-17 15:51:31.164  2094  2316 D EGL_emulation: eglMakeCurrent: 0xc97ef120: ver 3 0 (tinfo 0xc97f20b0)
01-17 15:51:31.174  2060  2060 E ChimeraCfgMgr: Failed to read module config: java.io.FileNotFoundException: /data/user_de/0/com.google.android.gms/app_chimera/current_config.fb (No such file or directory)
01-17 15:51:31.178  2094  2316 D EGL_emulation: eglMakeCurrent: 0xc97ef120: ver 3 0 (tinfo 0xc97f20b0)
01-17 15:51:31.121  2060  2060 I chatty  : uid=10012 com.google.android.gms.persistent identical 6 lines
01-17 15:51:31.121  2060  2060 E ActivityThread: Failed to find provider info for com.google.android.gsf.gservices
01-17 15:51:31.193  2491  2491 E bootstat: Failed to read /data/misc/bootstat/factory_reset: No such file or directory
01-17 15:51:31.193  2491  2491 E bootstat: Failed to parse boot time record: /data/misc/bootstat/factory_reset
01-17 15:51:31.200  2518  2518 D vold_prepare_subdirs: Setting up mode 700 uid 0 gid 0 context u:object_r:vold_data_file:s0 on path: /data/misc_ce/0/vold
01-17 15:51:31.201  2518  2518 D vold_prepare_subdirs: Setting up mode 700 uid 0 gid 0 context u:object_r:storaged_data_file:s0 on path: /data/misc_ce/0/storaged
01-17 15:51:31.202  1581  1586 I vold_prepare_subdirs: SELinux: Loaded file_contexts
01-17 15:51:31.204  1930  1952 D UserDataPreparer: Serial number missing on /data/system_ce/0; assuming current is valid
01-17 15:51:31.204  1930  1952 D UserDataPreparer: Setting property: sys.user.0.ce_available=true
01-17 15:51:31.204  2060  2060 I ModuleSetMgr: Config file doesn't exist, writing blank config.
01-17 15:51:31.266  2060  2060 I ModuleSetMgr: Computing pending module set with APKs: [[AdsFdrDynamite.integ:21460000000], [Cronetdynamite:202414040700], [Dynamiteloader:202414040700], [Dynamitemodulesa:202414040000], [Dynamitemodulesc:202414040000], [Googlecertificates:202414040000], [Mapsdynamite:202414040000], [Measurementdynamite:202414040000]]
01-17 15:51:31.266  2060  2060 E ActivityThread: Failed to find provider info for com.google.android.gsf.gservices
01-17 15:51:31.411  2060  2072 W .gms.persisten: Suspending all threads took: 100.773ms
01-17 15:51:31.268  2060  2060 I chatty  : uid=10012 com.google.android.gms.persistent identical 6 lines
01-17 15:51:31.268  2060  2060 E ActivityThread: Failed to find provider info for com.google.android.gsf.gservices
01-17 15:51:31.421  1930  1952 I ActivityManager: User 0 state changed from RUNNING_LOCKED to RUNNING_UNLOCKING
01-17 15:51:31.421  1930  1952 D ActivityManager: Unlocking user 0 progress 20
01-17 15:51:31.421  1930  1952 W Looper  : Slow dispatch took 395ms android.fg h=android.os.Handler c=com.android.server.am.-$$Lambda$UserController$o6oQFjGYYIfx-I94cSakTLPLt6s@ad65a7d m=0
01-17 15:51:31.421  1930  1946 I SystemServiceManager: Calling onUnlockUser u0
01-17 15:51:31.421  1930  1952 W Looper  : Slow delivery took 334ms android.fg h=com.android.server.DropBoxManagerService$3 c=null m=1
01-17 15:51:31.421  1930  1946 D StorageManagerService: onUnlockUser 0
01-17 15:51:31.421  1581  1586 D vold    : Linking /storage/emulated/0 to /mnt/user/0/primary
01-17 15:51:31.421  1930  1952 W Looper  : Drained
01-17 15:51:31.423  1930  2008 D StorageManagerService: Volume public:253,80 broadcasting mounted to UserHandle{0}
01-17 15:51:31.423  1930  2008 D StorageManagerService: Volume emulated broadcasting mounted to UserHandle{0}
01-17 15:51:31.468  1930  2031 W WifiConfigManager: Ignore user unlock until store is read!
01-17 15:51:31.485  1930  1946 E AutofillManagerServiceImpl: Bad AutofillService name: com.google.android.gms/.autofill.service.AutofillService
01-17 15:51:31.485  1930  1946 D AutofillManagerServiceImpl: Reset component for user 0 (com.google.android.gms/.autofill.service.AutofillService)
01-17 15:51:31.485  1930  1946 E AutofillManagerServiceImpl: Bad AutofillService name: com.google.android.gms/.autofill.service.AutofillService
01-17 15:51:31.485  1930  1947 D AutofillUI: destroySaveUiUiThread(): already destroyed
01-17 15:51:31.486  1930  1946 D AutofillManagerServiceImpl: Reset component for user 0 (com.google.android.gms/.autofill.service.AutofillService)
01-17 15:51:31.486  1930  1946 D FieldClassificationStrategy: reset(): service is not bound. Do nothing.
01-17 15:51:31.486  1930  1946 I ActivityManager: User 0 state changed from RUNNING_UNLOCKING to RUNNING_UNLOCKED
01-17 15:51:31.486  1930  1946 D SystemServerTiming: SystemUserUnlock took to complete: 461ms
01-17 15:51:31.493  2522  2522 W hbox:interacto: Unexpected CPU variant for X86 using defaults: x86
01-17 15:51:31.494  1930  1948 I ActivityManager: Start proc 2522:com.google.android.googlequicksearchbox:interactor/u0a40 for service com.google.android.googlequicksearchbox/com.google.android.voiceinteraction.GsaVoiceInteractionService
01-17 15:51:31.495  2073  2073 I InputContentProvider: Created InputContentProvider: exported=[false]
01-17 15:51:31.502  1930  1930 W InputMethodManagerService: Illegal subtype state: old subtype = null, new subtype = android.view.inputmethod.InputMethodSubtype@70bfcd7e
01-17 15:51:31.502  1930  1946 I PreBootBroadcaster: Pre-boot of {com.android.managedprovisioning/com.android.managedprovisioning.ota.PreBootListener} for user 0
01-17 15:51:31.506  2293  2293 D FallbackHome: User unlocked and real home found; let's go!
01-17 15:51:31.511  1930  1942 I ActivityManager: START u0 {act=android.intent.action.MAIN cat=[android.intent.category.HOME] flg=0x10000100 cmp=com.google.android.sdksetup/.DefaultActivity} from uid 0
01-17 15:51:31.524  1930  2520 I SELinux : SELinux: Loaded file_contexts
01-17 15:51:31.531  1930  1984 W System  : ClassLoader referenced unknown path: 
01-17 15:51:31.532  2538  2538 W com.android.se: Unexpected CPU variant for X86 using defaults: x86
01-17 15:51:31.536  1930  1948 I ActivityManager: Start proc 2538:com.android.se/1068 for added application com.android.se
01-17 15:51:31.545  1930  1930 D NotificationListeners: Removing active service ComponentInfo{com.google.android.ext.services/android.ext.services.notification.Assistant}
01-17 15:51:31.555  2143  2143 D CarrierSvcBindHelper: Received android.intent.action.USER_UNLOCKED
01-17 15:51:31.556  2143  2143 D CarrierSvcBindHelper: No carrier app for: 0
01-17 15:51:31.556  2143  2143 D IntentBroadcaster: Rebroadcasting intent android.intent.action.SIM_STATE_CHANGED LOADED for slotId 0
01-17 15:51:31.559  1930  1948 W ActivityManager: Slow operation: 52ms so far, now at startProcess: returned from zygote!
01-17 15:51:31.559  1930  1948 W ActivityManager: Slow operation: 52ms so far, now at startProcess: done updating battery stats
01-17 15:51:31.559  1930  1948 W ActivityManager: Slow operation: 52ms so far, now at startProcess: building log message
01-17 15:51:31.559  1930  1948 I ActivityManager: Start proc 2549:com.google.android.googlequicksearchbox:search/u0a40 for broadcast com.google.android.googlequicksearchbox/com.google.android.apps.gsa.broadcastreceiver.external.PixelLauncherBroadcastReceiver
01-17 15:51:31.559  1930  1948 W ActivityManager: Slow operation: 52ms so far, now at startProcess: starting to update pids map
01-17 15:51:31.559  1930  1948 W ActivityManager: Slow operation: 52ms so far, now at startProcess: done updating pids map
01-17 15:51:31.563  1930  1930 I AccountManagerService: User 0 is unlocked - opening CE database
01-17 15:51:31.572  2549  2549 W earchbox:searc: Unexpected CPU variant for X86 using defaults: x86
01-17 15:51:31.572  2073  2073 I TransientFileCleaner: Deleting 0 files
01-17 15:51:31.572  2522  2522 I hbox:interacto: The ClassLoaderContext is a special shared library.
01-17 15:51:31.576  2073  2073 I FeaturePermissions: onSharedPreferenceChanged() : Key = pref_key_should_reset_suggestions_pref : Feature = null
01-17 15:51:31.576  2073  2073 I FeaturePermissions: onSharedPreferenceChanged() : Key = show_launcher_icon : Feature = null
01-17 15:51:31.576  2073  2073 I LauncherIconVisibility: doUpdate() : Visible = false
01-17 15:51:31.577  1930  2536 D PackageManager: Instant App installer not found with android.intent.action.INSTALL_INSTANT_APP_PACKAGE
01-17 15:51:31.577  1930  2536 D PackageManager: Clear ephemeral installer activity
01-17 15:51:31.577  1930  1959 I ActivityManager: Killing 2073:com.google.android.inputmethod.latin/u0a83 (adj 200): change com.google.android.inputmethod.latin
01-17 15:51:31.578  1930  1959 W ActivityManager: Scheduling restart of crashed service com.google.android.inputmethod.latin/com.android.inputmethod.latin.LatinIME in 1000ms
01-17 15:51:31.578  2143  2152 W System  : A resource failed to call close. 
01-17 15:51:31.581  1930  1949 W libprocessgroup: kill(-2073, 9) failed: No such process
01-17 15:51:31.581  1930  2520 E BackupPasswordManager: Unable to read backup pw version
01-17 15:51:31.581  1930  2520 E BackupPasswordManager: Unable to read saved backup pw hash
01-17 15:51:31.584  1930  2006 I InputReader: Reconfiguring input devices.  changes=0x00000010
01-17 15:51:31.585  1930  2521 E system_server: No package ID 7f found for ID 0x7f08017c.
01-17 15:51:31.585  1930  2521 E system_server: No package ID 7f found for ID 0x7f120f74.
01-17 15:51:31.585  1930  2521 E system_server: No package ID 7f found for ID 0x7f08017b.
01-17 15:51:31.585  1930  2521 E system_server: No package ID 7f found for ID 0x7f120480.
01-17 15:51:31.585  1930  2521 E system_server: No package ID 7f found for ID 0x7f08017a.
01-17 15:51:31.585  1930  2521 E system_server: No package ID 7f found for ID 0x7f12099f.
01-17 15:51:31.593  2060  2060 I ModuleSetMgr: Pending container module APKs: []
01-17 15:51:31.594  1930  2536 I PackageManager: Replacing preferred activity com.google.android.apps.messaging/.ui.conversation.LaunchConversationActivity for user 0:
01-17 15:51:31.594  2060  2060 I ModuleSetMgr: Pending non-container module APKs: []
01-17 15:51:31.594  1930  2536 I PackageManager:   Action: "android.intent.action.SENDTO"
01-17 15:51:31.594  1930  2536 I PackageManager:   Category: "android.intent.category.DEFAULT"
01-17 15:51:31.594  1930  2536 I PackageManager:   Scheme: "sms"
01-17 15:51:31.595  1930  2536 I PackageManager:   Action: "android.intent.action.SENDTO"
01-17 15:51:31.595  1930  2536 I PackageManager:   Category: "android.intent.category.DEFAULT"
01-17 15:51:31.595  1930  2536 I PackageManager:   Scheme: "smsto"
01-17 15:51:31.595  1930  2536 I PackageManager:   Action: "android.intent.action.SENDTO"
01-17 15:51:31.595  1930  2536 I PackageManager:   Category: "android.intent.category.DEFAULT"
01-17 15:51:31.595  1930  2536 I PackageManager:   Scheme: "mms"
01-17 15:51:31.595  1930  2536 I chatty  : uid=1000(system) Binder:1930_8 identical 1 line
01-17 15:51:31.595  1930  2536 I PackageManager: Replacing preferred activity com.google.android.apps.messaging/.ui.conversation.LaunchConversationActivity for user 0:
01-17 15:51:31.596  1930  1948 W ActivityManager: Slow operation: 69ms so far, now at startProcess: returned from zygote!
01-17 15:51:31.596  1930  2536 I PackageManager: Replacing preferred activity com.google.android.apps.messaging/.ui.conversation.LaunchConversationActivity for user 0:
01-17 15:51:31.596  1930  2536 I PackageManager:   Action: "android.intent.action.SENDTO"
01-17 15:51:31.596  1930  2536 I PackageManager:   Category: "android.intent.category.DEFAULT"
01-17 15:51:31.596  1930  2536 I PackageManager:   Scheme: "mmsto"
01-17 15:51:31.597  1930  1948 W ActivityManager: Slow operation: 71ms so far, now at startProcess: done updating battery stats
01-17 15:51:31.597  1930  1948 W ActivityManager: Slow operation: 71ms so far, now at startProcess: building log message
01-17 15:51:31.597  1930  1948 I ActivityManager: Start proc 2579:com.google.android.sdksetup/u0a21 for activity com.google.android.sdksetup/.DefaultActivity
01-17 15:51:31.597  1930  1948 W ActivityManager: Slow operation: 71ms so far, now at startProcess: starting to update pids map
01-17 15:51:31.597  1930  1948 W ActivityManager: Slow operation: 71ms so far, now at startProcess: done updating pids map
01-17 15:51:31.597  1930  1948 W ActivityManager: Slow operation: 60ms so far, now at startProcess: asking zygote to start proc
01-17 15:51:31.599  1930  1930 I AccountsDb: Creating CE database /data/system_ce/0/accounts_ce.db
01-17 15:51:31.602  2538  2538 I com.android.se: The ClassLoaderContext is a special shared library.
01-17 15:51:31.605  2579  2579 W ndroid.sdksetu: Unexpected CPU variant for X86 using defaults: x86
01-17 15:51:31.617  2549  2549 I earchbox:searc: The ClassLoaderContext is a special shared library.
01-17 15:51:31.622  1930  1949 W libprocessgroup: kill(-2073, 9) failed: No such process
01-17 15:51:31.624  2549  2549 I earchbox:searc: The ClassLoaderContext is a special shared library.
01-17 15:51:31.626  1930  1948 W ActivityManager: Slow operation: 89ms so far, now at startProcess: returned from zygote!
01-17 15:51:31.626  1930  1948 W ActivityManager: Slow operation: 89ms so far, now at startProcess: done updating battery stats
01-17 15:51:31.626  1930  1948 W ActivityManager: Slow operation: 89ms so far, now at startProcess: building log message
01-17 15:51:31.626  1930  1948 I ActivityManager: Start proc 2594:com.google.android.apps.nexuslauncher/u0a23 for service com.google.android.apps.nexuslauncher/com.android.quickstep.TouchInteractionService
01-17 15:51:31.626  1930  1948 W ActivityManager: Slow operation: 89ms so far, now at startProcess: starting to update pids map
01-17 15:51:31.626  1930  1948 W ActivityManager: Slow operation: 89ms so far, now at startProcess: done updating pids map
01-17 15:51:31.626  1930  1948 W ActivityManager: Slow operation: 81ms so far, now at startProcess: asking zygote to start proc
01-17 15:51:31.626  2461  2566 I ContactsDatabaseHelper: Bootstrapping database contacts2.db version: 1300
01-17 15:51:31.627  2522  2522 I hbox:interacto: The ClassLoaderContext is a special shared library.
01-17 15:51:31.629  2143  2143 D CarrierSvcBindHelper: No carrier app for: 0
01-17 15:51:31.629  2143  2143 D ImsResolver: maybeAddedImsService, packageName: com.google.android.inputmethod.latin
01-17 15:51:31.630  1930  2520 I BackupManagerService: Unlocking system user; mService=com.android.server.backup.BackupManagerService@af7bb92
01-17 15:51:31.631  1930  2520 I BackupManagerService: Backup enable apparently not migrated
01-17 15:51:31.631  1930  2520 I BackupManagerService: Migrating enable state false
01-17 15:51:31.632  2594  2594 W s.nexuslaunche: Unexpected CPU variant for X86 using defaults: x86
01-17 15:51:31.635  1930  2520 I BackupManagerService: Backup enabled => false
01-17 15:51:31.645  2579  2579 I ndroid.sdksetu: The ClassLoaderContext is a special shared library.
01-17 15:51:31.661  1930  1949 W libprocessgroup: kill(-2073, 9) failed: No such process
01-17 15:51:31.661  1930  1949 I libprocessgroup: Successfully killed process cgroup uid 10083 pid 2073 in 79ms
01-17 15:51:31.661  2613  2613 W id.apps.restor: Unexpected CPU variant for X86 using defaults: x86
01-17 15:51:31.662  1764  1764 I Zygote  : Process 2073 exited due to signal (9)
01-17 15:51:31.667  1930  1948 W ActivityManager: Slow operation: 122ms so far, now at startProcess: returned from zygote!
01-17 15:51:31.667  1930  1948 W ActivityManager: Slow operation: 122ms so far, now at startProcess: done updating battery stats
01-17 15:51:31.667  1930  1948 W ActivityManager: Slow operation: 122ms so far, now at startProcess: building log message
01-17 15:51:31.667  1930  1948 I ActivityManager: Start proc 2613:com.google.android.apps.restore/u0a9 for service com.google.android.apps.restore/com.google.android.apps.pixelmigrate.component.NotificationConsolidatorService
01-17 15:51:31.667  1930  1948 W ActivityManager: Slow operation: 122ms so far, now at startProcess: starting to update pids map
01-17 15:51:31.667  1930  1948 W ActivityManager: Slow operation: 122ms so far, now at startProcess: done updating pids map
01-17 15:51:31.667  1930  1948 W ActivityManager: Slow operation: 93ms so far, now at startProcess: asking zygote to start proc
01-17 15:51:31.676  2594  2594 I s.nexuslaunche: The ClassLoaderContext is a special shared library.
01-17 15:51:31.681  1930  1930 W Looper  : Slow dispatch took 118ms main h=android.app.ActivityThread$H c=android.app.-$$Lambda$LoadedApk$ReceiverDispatcher$Args$_BumDX2UKsnxLVrE6UJsJZkotuA@2d3b6c1 m=0
01-17 15:51:31.700  2538  2538 I SecureElementService: main onCreate
01-17 15:51:31.702  1573  1573 W hwservicemanager: getTransport: Cannot find entry android.hardware.secure_element@1.0::ISecureElement/eSE1 in either framework or device manifest.
01-17 15:51:31.703  2630  2630 W android.smspus: Unexpected CPU variant for X86 using defaults: x86
01-17 15:51:31.703  2538  2538 I SecureElementService: No HAL implementation for eSE1
01-17 15:51:31.703  1573  1573 W hwservicemanager: getTransport: Cannot find entry android.hardware.secure_element@1.0::ISecureElement/SIM1 in either framework or device manifest.
01-17 15:51:31.704  2538  2538 I SecureElementService: No HAL implementation for SIM1
01-17 15:51:31.709  1637  2324 D gralloc_ranchu: gralloc_alloc: Creating ashmem region of size 16592896
01-17 15:51:31.711  1930  1948 W ActivityManager: Slow operation: 137ms so far, now at startProcess: returned from zygote!
01-17 15:51:31.719  1930  1948 W ActivityManager: Slow operation: 144ms so far, now at startProcess: done updating battery stats
01-17 15:51:31.719  1930  1948 W ActivityManager: Slow operation: 145ms so far, now at startProcess: building log message
01-17 15:51:31.719  1930  1948 I ActivityManager: Start proc 2630:com.android.smspush/u0a60 for service com.android.smspush/.WapPushManager
01-17 15:51:31.719  1930  1948 W ActivityManager: Slow operation: 145ms so far, now at startProcess: starting to update pids map
01-17 15:51:31.719  1930  1948 W ActivityManager: Slow operation: 145ms so far, now at startProcess: done updating pids map
01-17 15:51:31.722  2613  2613 I id.apps.restor: The ClassLoaderContext is a special shared library.
01-17 15:51:31.724  2461  2461 D StrictMode: StrictMode policy violation; ~duration=30 ms: android.os.strictmode.DiskWriteViolation
01-17 15:51:31.724  2461  2461 D StrictMode: 	at android.os.StrictMode$AndroidBlockGuardPolicy.onWriteToDisk(StrictMode.java:1460)
01-17 15:51:31.724  2461  2461 D StrictMode: 	at libcore.io.BlockGuardOs.mkdir(BlockGuardOs.java:196)
01-17 15:51:31.724  2461  2461 D StrictMode: 	at android.system.Os.mkdir(Os.java:323)
01-17 15:51:31.724  2461  2461 D StrictMode: 	at android.app.ContextImpl.ensurePrivateDirExists(ContextImpl.java:608)
01-17 15:51:31.724  2461  2461 D StrictMode: 	at android.app.ContextImpl.ensurePrivateDirExists(ContextImpl.java:596)
01-17 15:51:31.724  2461  2461 D StrictMode: 	at android.app.ContextImpl.getPreferencesDir(ContextImpl.java:552)
01-17 15:51:31.724  2461  2461 D StrictMode: 	at android.app.ContextImpl.getSharedPreferencesPath(ContextImpl.java:747)
01-17 15:51:31.724  2461  2461 D StrictMode: 	at android.app.ContextImpl.getSharedPreferences(ContextImpl.java:400)
01-17 15:51:31.724  2461  2461 D StrictMode: 	at android.preference.PreferenceManager.getDefaultSharedPreferences(PreferenceManager.java:526)
01-17 15:51:31.724  2461  2461 D StrictMode: 	at com.android.providers.contacts.FastScrollingIndexCache.getInstance(FastScrollingIndexCache.java:95)
01-17 15:51:31.724  2461  2461 D StrictMode: 	at com.android.providers.contacts.ContactsProvider2.initialize(ContactsProvider2.java:1588)
01-17 15:51:31.724  2461  2461 D StrictMode: 	at com.android.providers.contacts.ContactsProvider2.onCreate(ContactsProvider2.java:1563)
01-17 15:51:31.724  2461  2461 D StrictMode: 	at android.content.ContentProvider.attachInfo(ContentProvider.java:1919)
01-17 15:51:31.724  2461  2461 D StrictMode: 	at android.content.ContentProvider.attachInfo(ContentProvider.java:1894)
01-17 15:51:31.724  2461  2461 D StrictMode: 	at android.app.ActivityThread.installProvider(ActivityThread.java:6391)
01-17 15:51:31.724  2461  2461 D StrictMode: 	at android.app.ActivityThread.installContentProviders(ActivityThread.java:5938)
01-17 15:51:31.724  2461  2461 D StrictMode: 	at android.app.ActivityThread.handleInstallProvider(ActivityThread.java:3235)
01-17 15:51:31.724  2461  2461 D StrictMode: 	at android.app.ActivityThread$H.handleMessage(ActivityThread.java:1770)
01-17 15:51:31.724  2461  2461 D StrictMode: 	at android.os.Handler.dispatchMessage(Handler.java:106)
01-17 15:51:31.724  2461  2461 D StrictMode: 	at android.os.Looper.loop(Looper.java:193)
01-17 15:51:31.724  2461  2461 D StrictMode: 	at android.app.ActivityThread.main(ActivityThread.java:6669)
01-17 15:51:31.724  2461  2461 D StrictMode: 	at java.lang.reflect.Method.invoke(Native Method)
01-17 15:51:31.724  2461  2461 D StrictMode: 	at com.android.internal.os.RuntimeInit$MethodAndArgsCaller.run(RuntimeInit.java:493)
01-17 15:51:31.724  2461  2461 D StrictMode: 	at com.android.internal.os.ZygoteInit.main(ZygoteInit.java:858)
01-17 15:51:31.724  2461  2461 D StrictMode: StrictMode policy violation; ~duration=25 ms: android.os.strictmode.DiskWriteViolation
01-17 15:51:31.724  2461  2461 D StrictMode: 	at android.os.StrictMode$AndroidBlockGuardPolicy.onWriteToDisk(StrictMode.java:1460)
01-17 15:51:31.724  2461  2461 D StrictMode: 	at libcore.io.BlockGuardOs.chmod(BlockGuardOs.java:72)
01-17 15:51:31.724  2461  2461 D StrictMode: 	at android.system.Os.chmod(Os.java:85)
01-17 15:51:31.724  2461  2461 D StrictMode: 	at android.app.ContextImpl.ensurePrivateDirExists(ContextImpl.java:609)
01-17 15:51:31.724  2461  2461 D StrictMode: 	at android.app.ContextImpl.ensurePrivateDirExists(ContextImpl.java:596)
01-17 15:51:31.724  2461  2461 D StrictMode: 	at android.app.ContextImpl.getPreferencesDir(ContextImpl.java:552)
01-17 15:51:31.724  2461  2461 D StrictMode: 	at android.app.ContextImpl.getSharedPreferencesPath(ContextImpl.java:747)
01-17 15:51:31.724  2461  2461 D StrictMode: 	at android.app.ContextImpl.getSharedPreferences(ContextImpl.java:400)
01-17 15:51:31.724  2461  2461 D StrictMode: 	at android.preference.PreferenceManager.getDefaultSharedPreferences(PreferenceManager.java:526)
01-17 15:51:31.724  2461  2461 D StrictMode: 	at com.android.providers.contacts.FastScrollingIndexCache.getInstance(FastScrollingIndexCache.java:95)
01-17 15:51:31.724  2461  2461 D StrictMode: 	at com.android.providers.contacts.ContactsProvider2.initialize(ContactsProvider2.java:1588)
01-17 15:51:31.724  2461  2461 D StrictMode: 	at com.android.providers.contacts.ContactsProvider2.onCreate(ContactsProvider2.java:1563)
01-17 15:51:31.724  2461  2461 D StrictMode: 	at android.content.ContentProvider.attachInfo(ContentProvider.java:1919)
01-17 15:51:31.724  2461  2461 D StrictMode: 	at android.content.ContentProvider.attachInfo(ContentProvider.java:1894)
01-17 15:51:31.724  2461  2461 D StrictMode: 	at android.app.ActivityThread.installProvider(ActivityThread.java:6391)
01-17 15:51:31.724  2461  2461 D StrictMode: 	at android.app.ActivityThread.installContentProviders(ActivityThread.java:5938)
01-17 15:51:31.724  2461  2461 D StrictMode: 	at android.app.ActivityThread.handleInstallProvider(ActivityThread.java:3235)
01-17 15:51:31.724  2461  2461 D StrictMode: 	at android.app.ActivityThread$H.handleMessage(ActivityThread.java:1770)
01-17 15:51:31.724  2461  2461 D StrictMode: 	at android.os.Handler.dispatchMessage(Handler.java:106)
01-17 15:51:31.724  2461  2461 D StrictMode: 	at android.os.Looper.loop(Looper.java:193)
01-17 15:51:31.724  2461  2461 D StrictMode: 	at android.app.ActivityThread.main(ActivityThread.java:6669)
01-17 15:51:31.724  2461  2461 D StrictMode: 	at java.lang.reflect.Method.invoke(Native Method)
01-17 15:51:31.724  2461  2461 D StrictMode: 	at com.android.internal.os.RuntimeInit$MethodAndArgsCaller.run(RuntimeInit.java:493)
01-17 15:51:31.724  2461  2461 D StrictMode: 	at com.android.internal.os.ZygoteInit.main(ZygoteInit.java:858)
01-17 15:51:31.729  1930  1948 W ActivityManager: Slow operation: 124ms so far, now at startProcess: asking zygote to start proc
01-17 15:51:31.732  2461  2461 I ContactsPerf: VoicemailContentProvider.onCreate start
01-17 15:51:31.733  1930  2521 E system_server: No package ID 7f found for ID 0x7f02014c.
01-17 15:51:31.733  1930  2521 E system_server: No package ID 7f found for ID 0x7f110426.
01-17 15:51:31.733  1930  2521 E system_server: No package ID 7f found for ID 0x7f110427.
01-17 15:51:31.733  1930  2521 E system_server: No package ID 7f found for ID 0x7f02014d.
01-17 15:51:31.733  1930  2521 E system_server: No package ID 7f found for ID 0x7f110428.
01-17 15:51:31.733  1930  2521 E system_server: No package ID 7f found for ID 0x7f110429.
01-17 15:51:31.734  2630  2630 I android.smspus: The ClassLoaderContext is a special shared library.
01-17 15:51:31.738  1930  1948 W ActivityManager: Slow operation: 133ms so far, now at startProcess: returned from zygote!
01-17 15:51:31.738  1930  1948 W ActivityManager: Slow operation: 133ms so far, now at startProcess: done updating battery stats
01-17 15:51:31.740  1930  1948 W ActivityManager: Slow operation: 133ms so far, now at startProcess: building log message
01-17 15:51:31.740  1930  1948 I ActivityManager: Start proc 2650:com.google.process.gservices/u0a12 for content provider com.google.android.gsf/.gservices.GservicesProvider
01-17 15:51:31.740  1930  1948 W ActivityManager: Slow operation: 135ms so far, now at startProcess: starting to update pids map
01-17 15:51:31.740  1930  1948 W ActivityManager: Slow operation: 135ms so far, now at startProcess: done updating pids map
01-17 15:51:31.740  2650  2650 W ocess.gservice: Unexpected CPU variant for X86 using defaults: x86
01-17 15:51:31.769  2650  2650 I ocess.gservice: The ClassLoaderContext is a special shared library.
01-17 15:51:31.770  2650  2650 I ocess.gservice: The ClassLoaderContext is a special shared library.
01-17 15:51:31.786  2461  2461 I ContactsPerf: VoicemailContentProvider.onCreate finish
01-17 15:51:31.791  1930  1984 D HostConnection: createUnique: call
01-17 15:51:31.792  1930  1984 D HostConnection: HostConnection::get() New Host Connection established 0xbf6a1db0, tid 1984
01-17 15:51:31.793  1930  1930 W Looper  : Slow delivery took 214ms main h=android.os.Handler c=android.database.ContentObserver$NotificationRunnable@6e9efb5 m=0
01-17 15:51:31.799  1930  1984 D HostConnection: HostComposition ext ANDROID_EMU_CHECKSUM_HELPER_v1 ANDROID_EMU_native_sync_v2 ANDROID_EMU_native_sync_v3 ANDROID_EMU_native_sync_v4 ANDROID_EMU_dma_v1 ANDROID_EMU_YUV420_888_to_NV21 ANDROID_EMU_YUV_Cache ANDROID_EMU_sync_buffer_data GL_OES_EGL_image_external_essl3 GL_OES_vertex_array_object GL_KHR_texture_compression_astc_ldr ANDROID_EMU_host_side_tracing ANDROID_EMU_gles_max_version_3_0 
01-17 15:51:31.800  1930  1984 E eglCodecCommon: GoldfishAddressSpaceHostMemoryAllocator: ioctl_ping failed for device_type=5, ret=-1
01-17 15:51:31.826  1930  2521 E system_server: No package ID 7f found for ID 0x7f0200f2.
01-17 15:51:31.826  1930  2521 E system_server: No package ID 7f found for ID 0x7f120325.
01-17 15:51:31.826  1930  2521 E system_server: No package ID 7f found for ID 0x7f120322.
01-17 15:51:31.826  1930  2521 E system_server: No package ID 7f found for ID 0x7f0200f4.
01-17 15:51:31.826  1930  2521 E system_server: No package ID 7f found for ID 0x7f120326.
01-17 15:51:31.826  1930  2521 E system_server: No package ID 7f found for ID 0x7f120323.
01-17 15:51:31.826  1930  2521 E system_server: No package ID 7f found for ID 0x7f0200f6.
01-17 15:51:31.826  1930  2521 E system_server: No package ID 7f found for ID 0x7f120327.
