01-17 15:51:25.570  2073  2073 I ModuleManager: Adding [GIMS_UserUnlocked] NotificationListener for module com.google.android.apps.inputmethod.libs.search.emojidata.EmojiDataExtension
01-17 15:51:25.570  2073  2073 I ModuleManager: Key 'module:com.google.android.apps.inputmethod.libs.search.IEmojiOrGifExtension' has value 'res/xml/extension_emoji_or_gif.xml'
01-17 15:51:25.571  2073  2073 I ModuleManager: Adding [GIMS_UserUnlocked] NotificationListener for module com.google.android.apps.inputmethod.libs.search.ArtExtension
01-17 15:51:25.571  2073  2073 I ModuleManager: Key 'module:com.google.android.apps.inputmethod.libs.search.INativeCardExtension' has value 'res/xml/extension_native_card.xml'
01-17 15:51:25.571  1773  1848 I OMXClient: IOmx service obtained
01-17 15:51:25.571  1780  1904 I OMXMaster: makeComponentInstance(OMX.google.opus.decoder) in omx@1.0-service process
01-17 15:51:25.572  2073  2073 I ModuleManager: Adding [GIMS_UserUnlocked] NotificationListener for module com.google.android.apps.inputmethod.libs.search.nativecard.NativeCardExtension
01-17 15:51:25.572  2073  2073 I ModuleManager: Key 'module:com.google.android.apps.inputmethod.libs.voiceime.IVoiceImeExtension' has value 'res/xml/extension_voice_ime.xml'
01-17 15:51:25.618  2143  2143 I ImsResolver: Initializing cache and binding.
01-17 15:51:25.642  1930  2031 D WakeupController: reset()
01-17 15:51:25.643  1930  2031 I WifiStateMachine: disconnectedstate enter
01-17 15:51:25.649  1930  1950 E BatteryExternalStatsWorker: no controller energy info supplied for wifi
01-17 15:51:25.656  1930  1950 E BatteryExternalStatsWorker: no controller energy info supplied for wifi
01-17 15:51:25.656  1930  1950 E BatteryExternalStatsWorker: no controller energy info supplied for telephony
01-17 15:51:25.674  2073  2073 I ModuleManager: Adding [App_UserUnlocked] NotificationListener for module com.google.android.apps.inputmethod.libs.voiceime.VoiceImeExtension
01-17 15:51:25.674  2073  2073 I ModuleManager: Unexpected key 'com.google.android.gms.version' does not match 'module:'
01-17 15:51:25.674  2073  2073 I ModuleManager: Key 'module:com.google.android.apps.inputmethod.libs.search.IEmojiSearchExtension' has value 'res/xml/extension_emoji_search.xml'
01-17 15:51:25.675  2073  2073 I ModuleManager: Adding [GIMS_UserUnlocked] NotificationListener for module com.google.android.apps.inputmethod.libs.search.emoji.EmojiSearchExtension
01-17 15:51:25.675  2073  2073 I ModuleManager: Key 'module:com.google.android.apps.inputmethod.libs.textediting.ITextEditingExtension' has value 'res/xml/extension_text_editing.xml'
01-17 15:51:25.676  2073  2073 I ModuleManager: Adding [GIMS_UserUnlocked] NotificationListener for module com.google.android.apps.inputmethod.libs.textediting.TextEditingExtension
01-17 15:51:25.676  2073  2073 I ModuleManager: Key 'module:com.google.android.apps.inputmethod.libs.search.IGifEntryPointCandidateExtension' has value 'res/xml/extension_gif_entry_point_candidate.xml'
01-17 15:51:25.677  2073  2073 I ModuleManager: Adding [GIMS_UserUnlocked] NotificationListener for module com.google.android.apps.inputmethod.libs.search.gif.GifEntryPointCandidateExtension
01-17 15:51:25.677  2073  2073 I ModuleManager: Key 'module:com.google.android.apps.inputmethod.libs.search.IBitmojiExtension' has value 'res/xml/extension_bitmoji.xml'
01-17 15:51:25.678  2073  2073 I ModuleManager: Adding [GIMS_UserUnlocked] NotificationListener for module com.google.android.apps.inputmethod.libs.search.sticker.BitmojiExtension
01-17 15:51:25.678  2073  2073 I ModuleManager: Key 'module:com.google.android.apps.inputmethod.libs.search.IFeatureCardNoticeExtension' has value 'res/xml/extension_feature_notice.xml'
01-17 15:51:25.678  2073  2073 I ModuleManager: Adding [GIMS_UserUnlocked] NotificationListener for module com.google.android.apps.inputmethod.libs.search.nativecard.FeatureCardNoticeExtension
01-17 15:51:25.678  2073  2073 I LatinApp: onCreate()
01-17 15:51:25.733  2143  2143 I android_os_HwBinder: HwBinder: Starting thread pool for slot1::android.hardware.radio@1.0::IRadio
01-17 15:51:25.872  1930  1941 D PackageManager: Instant App installer not found with android.intent.action.INSTALL_INSTANT_APP_PACKAGE
01-17 15:51:25.872  1930  1941 D PackageManager: Clear ephemeral installer activity
01-17 15:51:25.915  1930  2048 I GnssLocationProvider: WakeLock acquired by sendMessage(REPORT_SV_STATUS, 0, com.android.server.location.GnssLocationProvider$SvStatusInfo@4353048)
01-17 15:51:25.915  1930  1945 I GnssLocationProvider: WakeLock released by handleMessage(REPORT_SV_STATUS, 0, com.android.server.location.GnssLocationProvider$SvStatusInfo@4353048)
01-17 15:51:25.942  2073  2073 I FeaturePermissions: onSharedPreferenceChanged() : Key = current_input_method_entry : Feature = null
01-17 15:51:25.956  2094  2094 W SoundPool: Use of stream types is deprecated for operations other than volume control
01-17 15:51:25.956  2094  2094 W SoundPool: See the documentation of SoundPool() for what to use instead with android.media.AudioAttributes to qualify your playback use case
01-17 15:51:25.958  2094  2094 D SystemUIBootTiming: StartServicescom.android.systemui.keyguard.KeyguardViewMediator took to complete: 932ms
01-17 15:51:25.987  1773  1848 I OMXClient: IOmx service obtained
01-17 15:51:25.988  1780  1904 I OMXMaster: makeComponentInstance(OMX.google.raw.decoder) in omx@1.0-service process
01-17 15:51:25.994  1930  2240 I Telecom : Logging.Events: Non-call EVENT: AUDIO_ROUTE, Entering state QuiescentSpeakerRoute
01-17 15:51:25.994  1930  2240 I Telecom : BluetoothRouteManager: getBluetoothAudioConnectedDevice: no headset service available.
01-17 15:51:26.045  2094  2094 D OpenGLRenderer: Skia GL Pipeline
01-17 15:51:26.108  1930  2248 I Telecom : CallAudioModeStateMachine: Message received: null.: TS.init->CAMSM.pM_1@AAA
01-17 15:51:26.143  1573  1573 W hwservicemanager: getTransport: Cannot find entry android.hardware.radio.deprecated@1.0::IOemHook/slot1 in either framework or device manifest.
01-17 15:51:26.155  1773  1848 I OMXClient: IOmx service obtained
01-17 15:51:26.155  1780  1904 I OMXMaster: makeComponentInstance(OMX.google.vorbis.decoder) in omx@1.0-service process
01-17 15:51:26.163  1930  1930 I Telecom : MissedCallNotifierImpl: reloadFromDatabase: Boot not yet complete -- call log db may not be available. Deferring loading until boot complete for user 0: TS.init@AAA
01-17 15:51:26.164  1930  1930 E BluetoothAdapter: Bluetooth binder is null
01-17 15:51:26.165  1930  1930 I Telecom : Class: TelecomSystem.INSTANCE being set
01-17 15:51:26.166  1930  1930 W Looper  : Slow dispatch took 2781ms main h=android.app.ActivityThread$H c=null m=121
01-17 15:51:26.166  1930  1930 E BluetoothAdapter: Bluetooth binder is null
01-17 15:51:26.177  1768  1802 D installd: Found quota mount /dev/block/dm-0 at /data
01-17 15:51:26.177  1768  1802 D installd: Found storage mount /data/media at /mnt/runtime/default/emulated
01-17 15:51:26.275  1930  1930 I system_server: The ClassLoaderContext is a special shared library.
01-17 15:51:26.276  1930  1930 I system_server: The ClassLoaderContext is a special shared library.
01-17 15:51:26.279  2073  2073 I FeaturePermissions: onSharedPreferenceChanged() : Key = pref_key_access_points_showing_order_migrated : Feature = null
01-17 15:51:26.286  1930  1930 D GpsNetInitiatedHandler: location enabled :true
01-17 15:51:26.286  1930  1930 E WiredAccessoryManager: No state change.
01-17 15:51:26.289  1930  1930 D ConditionProviders.SCP: onSubscribe condition://android/schedule?days=1.2.3.4.5.6.7&start=22.0&end=7.0&exitAtAlarm=true
01-17 15:51:26.290  1930  1930 D ConditionProviders.SCP: setRegistered true
01-17 15:51:26.290  1930  2040 E ActivityThread: Failed to find provider info for com.android.calendar
01-17 15:51:26.470  2199  2199 I SetupWizard: [FrpHelper] Start loading FRP status
01-17 15:51:26.471  1773  1848 I OMXClient: IOmx service obtained
01-17 15:51:26.471  1780  1780 I OMXMaster: makeComponentInstance(OMX.google.aac.encoder) in omx@1.0-service process
01-17 15:51:26.291  1930  2040 E ActivityThread: Failed to find provider info for com.android.calendar
01-17 15:51:26.584  1930  1930 D ConditionProviders.SCP: evaluateSubscriptionLocked cal=ScheduleCalendar[mDays={1, 2, 3, 4, 5, 6, 7}, mSchedule=ScheduleInfo{days=[1, 2, 3, 4, 5, 6, 7], startHour=22, startMinute=0, endHour=7, endMinute=0, exitAtAlarm=true, nextAlarm=Thu Jan 01 00:00:00 GMT 1970 (0)}], now=Tue Jan 17 14:51:26 GMT 2023 (1673967086290), nextUserAlarmTime=Thu Jan 01 00:00:00 GMT 1970 (0)
01-17 15:51:26.584  1930  1930 D ConditionProviders.SCP: notifyCondition condition://android/schedule?days=1.2.3.4.5.6.7&start=22.0&end=7.0&exitAtAlarm=true STATE_FALSE reason=!meetsSchedule
01-17 15:51:26.585  1930  1930 D ConditionProviders.SCP: Scheduling evaluate for Tue Jan 17 22:00:00 GMT 2023 (1673992800000), in +7h8m33s710ms, now=Tue Jan 17 14:51:26 GMT 2023 (1673967086290)
01-17 15:51:26.585  1930  1930 W Looper  : Slow dispatch took 296ms main h=android.service.notification.ConditionProviderService$H c=null m=3
01-17 15:51:26.588  1930  1930 W ActivityManager: Unable to start service Intent { act=android.service.notification.NotificationListenerService cmp=com.google.android.apps.restore/com.google.android.apps.pixelmigrate.component.NotificationConsolidatorService } U=0: not found
01-17 15:51:26.589  1930  1930 W NotificationListeners: Unable to bind notification listener service: Intent { act=android.service.notification.NotificationListenerService cmp=com.google.android.apps.restore/com.google.android.apps.pixelmigrate.component.NotificationConsolidatorService (has extras) }
01-17 15:51:26.589  2199  2199 I SetupWizard: [SetupWizardActivity] DEVICE_PROVISIONED=false USER_SETUP_COMPLETE=false
01-17 15:51:26.590  2199  2199 I SetupWizard: [SetupWizardActivity] Early exit: provisioningMode=DISABLED
01-17 15:51:26.591  1627  1723 W DeviceHAL: Error from HAL Device in function set_mic_mute: Function not implemented
01-17 15:51:26.598  1930  2056 I SyncManager: Got SyncJobService instance.
01-17 15:51:26.599  1930  1930 I Telecom : WiredHeadsetManager: ACTION_HEADSET_PLUG event, plugged in: false, : WHC.oADA@AAE
01-17 15:51:26.599  1930  1930 D WifiP2pService: Wifi enabled=true, P2P Interface availability=true, Number of clients=0
01-17 15:51:26.599  1930  2032 I WifiScanningService: wifi driver unloaded
01-17 15:51:26.599  1930  1930 D WifiP2pService: Wifi enabled=true, P2P Interface availability=true
01-17 15:51:26.600  1930  2032 E WifiVendorHal: getBgScanCapabilities(l.671) failed {.code = ERROR_NOT_SUPPORTED, .description = }
01-17 15:51:26.601  1930  1930 D MediaSessionService: Global priority session is changed from null to com.android.server.telecom/HeadsetMediaButton (userId=0)
01-17 15:51:26.602  1930  2032 I WifiScanningService: wifi driver loaded with scan capabilities: max buckets=16
01-17 15:51:26.602  1581  1586 D vold    : Recognized experimental block major ID 253 as virtio-blk (emulator's virtual SD card device)
01-17 15:51:26.607  1930  1930 I DefaultPermGrantPolicy: Granting permissions to default dialer app for user:0
01-17 15:51:26.609  1930  1930 I Telecom : PhoneAccountRegistrar: SimCallManager queried, returning: null: TSI.gSCM@AAM
01-17 15:51:26.618  1930  1930 D ZenLog  : config: conditionChanged,ZenModeConfig[user=0,allowAlarms=true,allowMedia=true,allowSystem=false,allowReminders=false,allowEvents=false,allowCalls=true,allowRepeatCallers=true,allowMessages=false,allowCallsFrom=stars,allowMessagesFrom=contacts,suppressedVisualEffects=511,areChannelsBypassingDnd=false,automaticRules={EVENTS_DEFAULT_RULE=ZenRule[enabled=false,snoozing=false,name=Event,zenMode=ZEN_MODE_IMPORTANT_INTERRUPTIONS,conditionId=condition://android/event?userId=-10000&calendar=&reply=1,condition=Condition[id=condition://android/event?userId=-10000&calendar=&reply=1,summary=...,line1=...,line2=...,icon=0,state=STATE_FALSE,flags=2],component=ComponentInfo{android/com.android.server.notification.EventConditionProvider},id=EVENTS_DEFAULT_RULE,creationTime=1673967078934,enabler=null], EVERY_NIGHT_DEFAULT_RULE=ZenRule[enabled=false,snoozing=false,name=Sleeping,zenMode=ZEN_MODE_IMPORTANT_INTERRUPTIONS,conditionId=condition://android/schedule?days=1.2.3.4.5.6.7&start=22.0&end=7.0&exitAtAlarm=true,condition=null,component=ComponentInfo{android/com.android.server.notification.ScheduleConditionProvider},id=EVERY_NIGHT_DEFAULT_RULE,creationTime=1673967078934,enabler=null]},manualRule=null],Diff[automaticRule[EVENTS_DEFAULT_RULE].condition:null->Condition[id=condition://android/event?userId=-10000&calendar=&reply=1,summary=...,line1=...,line2=...,icon=0,state=STATE_FALSE,flags=2]]
01-17 15:51:26.619  1930  1930 D ZenLog  : config: conditionChanged,ZenModeConfig[user=0,allowAlarms=true,allowMedia=true,allowSystem=false,allowReminders=false,allowEvents=false,allowCalls=true,allowRepeatCallers=true,allowMessages=false,allowCallsFrom=stars,allowMessagesFrom=contacts,suppressedVisualEffects=511,areChannelsBypassingDnd=false,automaticRules={EVENTS_DEFAULT_RULE=ZenRule[enabled=false,snoozing=false,name=Event,zenMode=ZEN_MODE_IMPORTANT_INTERRUPTIONS,conditionId=condition://android/event?userId=-10000&calendar=&reply=1,condition=Condition[id=condition://android/event?userId=-10000&calendar=&reply=1,summary=...,line1=...,line2=...,icon=0,state=STATE_FALSE,flags=2],component=ComponentInfo{android/com.android.server.notification.EventConditionProvider},id=EVENTS_DEFAULT_RULE,creationTime=1673967078934,enabler=null], EVERY_NIGHT_DEFAULT_RULE=ZenRule[enabled=false,snoozing=false,name=Sleeping,zenMode=ZEN_MODE_IMPORTANT_INTERRUPTIONS,conditionId=condition://android/schedule?days=1.2.3.4.5.6.7&start=22.0&end=7.0&exitAtAlarm=true,condition=Condition[id=condition://android/schedule?days=1.2.3.4.5.6.7&start=22.0&end=7.0&exitAtAlarm=true,summary=...,line1=...,line2=...,icon=0,state=STATE_FALSE,flags=2],component=ComponentInfo{android/com.android.server.notification.ScheduleConditionProvider},id=EVERY_NIGHT_DEFAULT_RULE,creationTime=1673967078934,enabler=null]},manualRule=null],Diff[automaticRule[EVERY_NIGHT_DEFAULT_RULE].condition:null->Condition[id=condition://android/schedule?days=1.2.3.4.5.6.7&start=22.0&end=7.0&exitAtAlarm=true,summary=...,line1=...,line2=...,icon=0,state=STATE_FALSE,flags=2]]
01-17 15:51:26.619  1930  1930 D AutofillManagerService: Autofill restriction did not change for user 0
01-17 15:51:26.620  1930  1930 W Looper  : Drained
01-17 15:51:26.620  1930  1930 I FusedLocation: engine started (com.android.location.fused)
01-17 15:51:26.621  1930  1930 D ZenLog  : set_zen_mode: off,conditionChanged
01-17 15:51:26.629  2073  2073 I FeaturePermissions: onSharedPreferenceChanged() : Key = ACTIVE_IME.SOFT.und-Latn-x-password : Feature = null
01-17 15:51:26.631  1930  1930 D ZenLog  : set_zen_mode: off,conditionChanged
01-17 15:51:26.643  1930  1942 I DefaultPermGrantPolicy: Revoking permissions from disabled data services for user:0
01-17 15:51:26.643  1930  1942 I DefaultPermGrantPolicy: Granting permissions to enabled data services for user:0
01-17 15:51:26.655  2094  2094 D SystemUIBootTiming: StartServicescom.android.systemui.recents.Recents took to complete: 697ms
01-17 15:51:26.658  2094  2094 I vol.Events: writeEvent collection_started
01-17 15:51:26.668  1930  1954 W WindowManager: App freeze timeout expired.
01-17 15:51:26.668  1930  1954 W WindowManager: Force clearing freeze: AppWindowToken{8d39696 token=Token{993c1b1 ActivityRecord{d798c58 u0 com.google.android.setupwizard/.SetupWizardActivity t2}}}
01-17 15:51:26.726  2199  2199 E ActivityThread: Failed to find provider info for com.google.android.gsf.gservices
01-17 15:51:26.726  2199  2199 E ActivityThread: Failed to find provider info for com.google.android.gsf.gservices
01-17 15:51:26.729  2199  2199 E ActivityThread: Failed to find provider info for com.google.settings
01-17 15:51:26.754  1581  1586 W vold    : disk:253,80 has unknown partition table; trying entire device
01-17 15:51:26.760  1773  1848 I OMXClient: IOmx service obtained
01-17 15:51:26.760  1780  1780 I OMXMaster: makeComponentInstance(OMX.google.amrnb.encoder) in omx@1.0-service process
01-17 15:51:26.838  2094  2278 I vol.Events: writeEvent external_ringer_mode_changed normal
01-17 15:51:26.838  2094  2278 I vol.Events: writeEvent internal_ringer_mode_changed normal
01-17 15:51:26.914  1930  2048 I GnssLocationProvider: WakeLock acquired by sendMessage(REPORT_SV_STATUS, 0, com.android.server.location.GnssLocationProvider$SvStatusInfo@a97f4f2)
01-17 15:51:26.914  1930  1945 I GnssLocationProvider: WakeLock released by handleMessage(REPORT_SV_STATUS, 0, com.android.server.location.GnssLocationProvider$SvStatusInfo@a97f4f2)
01-17 15:51:26.917  1773  1848 I OMXClient: IOmx service obtained
01-17 15:51:26.917  1780  1780 I OMXMaster: makeComponentInstance(OMX.google.amrwb.encoder) in omx@1.0-service process
01-17 15:51:26.924  1581  1586 I fsck_msdos: ** /dev/block/vold/public:253,80
01-17 15:51:26.925  1581  1586 I fsck_msdos: Invalid signature in fsinfo block
01-17 15:51:26.925  1581  1586 I fsck_msdos: FIXED
01-17 15:51:26.925  1581  1586 I fsck_msdos: ** Phase 1 - Read and Compare FATs
01-17 15:51:26.925  1581  1586 I fsck_msdos: Attempting to allocate 1022 KB for FAT
01-17 15:51:26.925  2143  2143 D ImsExternalCallTracker: Registering: Handler (com.android.internal.telephony.imsphone.ImsPhone) {a9ee696}
01-17 15:51:26.933  2143  2143 D PhoneSwitcherNetworkRequstListener: Registering NetworkFactory
01-17 15:51:26.934  1930  2034 D ConnectivityService: Got NetworkFactory Messenger for PhoneSwitcherNetworkRequstListener
01-17 15:51:26.948  2199  2199 E GoogleSettings: Can't set key use_location_for_services in content://com.google.settings/partner
01-17 15:51:26.948  2199  2199 E GoogleSettings: java.lang.IllegalArgumentException: Unknown URL content://com.google.settings/partner
01-17 15:51:26.948  2199  2199 E GoogleSettings: 	at android.content.ContentResolver.insert(ContentResolver.java:1583)
01-17 15:51:26.948  2199  2199 E GoogleSettings: 	at com.google.android.gsf.GoogleSettingsContract$NameValueTable.putString(GoogleSettingsContract.java:160)
01-17 15:51:26.948  2199  2199 E GoogleSettings: 	at com.google.android.gsf.GoogleSettingsContract$Partner.putString(GoogleSettingsContract.java:237)
01-17 15:51:26.948  2199  2199 E GoogleSettings: 	at com.google.android.gsf.GoogleSettingsContract$Partner.putInt(GoogleSettingsContract.java:249)
01-17 15:51:26.948  2199  2199 E GoogleSettings: 	at com.google.android.gsf.UseLocationForServices.forceSetUseLocationForServices(UseLocationForServices.java:153)
01-17 15:51:26.948  2199  2199 E GoogleSettings: 	at com.google.android.setupwizard.lifecycle.InitialSetupLifecycleCallback.onExit(InitialSetupLifecycleCallback.java:70)
01-17 15:51:26.948  2199  2199 E GoogleSettings: 	at com.google.android.setupwizard.common.lifecycle.LifecycleManager$Callback.onExit(LifecycleManager.java:294)
01-17 15:51:26.948  2199  2199 E GoogleSettings: 	at com.google.android.setupwizard.common.lifecycle.LifecycleManager.notifyExit(LifecycleManager.java:132)
01-17 15:51:26.948  2199  2199 E GoogleSettings: 	at com.google.android.setupwizard.util.ExitHelper.finishSetup(ExitHelper.java:76)
01-17 15:51:26.948  2199  2199 E GoogleSettings: 	at com.google.android.setupwizard.SetupWizardActivity.runForSuw(SetupWizardActivity.java:136)
01-17 15:51:26.948  2199  2199 E GoogleSettings: 	at com.google.android.setupwizard.SetupWizardActivity.onCreate(SetupWizardActivity.java:88)
01-17 15:51:26.948  2199  2199 E GoogleSettings: 	at android.app.Activity.performCreate(Activity.java:7136)
01-17 15:51:26.948  2199  2199 E GoogleSettings: 	at android.app.Activity.performCreate(Activity.java:7127)
01-17 15:51:26.948  2199  2199 E GoogleSettings: 	at android.app.Instrumentation.callActivityOnCreate(Instrumentation.java:1271)
01-17 15:51:26.948  2199  2199 E GoogleSettings: 	at android.app.ActivityThread.performLaunchActivity(ActivityThread.java:2893)
01-17 15:51:26.948  2199  2199 E GoogleSettings: 	at android.app.ActivityThread.handleLaunchActivity(ActivityThread.java:3048)
01-17 15:51:26.948  2199  2199 E GoogleSettings: 	at android.app.servertransaction.LaunchActivityItem.execute(LaunchActivityItem.java:78)
01-17 15:51:26.948  2199  2199 E GoogleSettings: 	at android.app.servertransaction.TransactionExecutor.executeCallbacks(TransactionExecutor.java:108)
01-17 15:51:26.948  2199  2199 E GoogleSettings: 	at android.app.servertransaction.TransactionExecutor.execute(TransactionExecutor.java:68)
01-17 15:51:26.948  2199  2199 E GoogleSettings: 	at android.app.ActivityThread$H.handleMessage(ActivityThread.java:1808)
01-17 15:51:26.948  2199  2199 E GoogleSettings: 	at android.os.Handler.dispatchMessage(Handler.java:106)
01-17 15:51:26.948  2199  2199 E GoogleSettings: 	at android.os.Looper.loop(Looper.java:193)
01-17 15:51:26.948  2199  2199 E GoogleSettings: 	at android.app.ActivityThread.main(ActivityThread.java:6669)
01-17 15:51:26.948  2199  2199 E GoogleSettings: 	at java.lang.reflect.Method.invoke(Native Method)
01-17 15:51:26.948  2199  2199 E GoogleSettings: 	at com.android.internal.os.RuntimeInit$MethodAndArgsCaller.run(RuntimeInit.java:493)
01-17 15:51:26.948  2199  2199 E GoogleSettings: 	at com.android.internal.os.ZygoteInit.main(ZygoteInit.java:858)
01-17 15:51:26.950  2199  2199 I SetupWizard: [AddContactsReceiver] Starting intent to add contacts
01-17 15:51:26.953  2199  2199 W SetupWizard: [GservicesValue] Bad attempt to access Gservices value before user is unlocked. Returning default value for google_setup:device_origin_wipe_out_delay
01-17 15:51:26.956  1581  1586 I fsck_msdos: Attempting to allocate 1022 KB for FAT
01-17 15:51:26.959  2199  2199 E ActivityThread: Failed to find provider info for com.google.android.gsf.gservices
01-17 15:51:26.962  1930  1981 W AccountManagerService: Blocking binding to authenticator ComponentInfo{com.google.android.gms/com.google.android.gms.auth.account.authenticator.GoogleAccountAuthenticatorService} which isn't encryption aware
01-17 15:51:26.962  1930  1981 D AccountManagerService: bind attempt failed for Session: expectLaunch false, connected false, stats (0/0/0), lifetime 0.0, getAccountsByTypeAndFeatures, service_usm
01-17 15:51:26.963  2199  2199 I SetupWizard: [ComponentLifecycleCallback] Resetting enabled state of all components
01-17 15:51:26.969  1930  2034 D ConnectivityService: Got NetworkFactory Messenger for TelephonyNetworkFactory[0]
01-17 15:51:26.984  1930  1941 D PackageManager: Instant App installer not found with android.intent.action.INSTALL_INSTANT_APP_PACKAGE
01-17 15:51:26.984  1930  1941 D PackageManager: Clear ephemeral installer activity
01-17 15:51:26.984  1581  1586 I fsck_msdos: ** Phase 2 - Check Cluster Chains
01-17 15:51:26.985  1581  1586 I fsck_msdos: ** Phase 3 - Checking Directories
01-17 15:51:26.985  1581  1586 I fsck_msdos: ** Phase 4 - Checking for Lost Files
01-17 15:51:26.986  1581  1586 I fsck_msdos: Free space in FSInfo block (1044456) not correct (261113)
01-17 15:51:26.986  1581  1586 I fsck_msdos: FIXED
01-17 15:51:26.986  1581  1586 I fsck_msdos: 1 files, 522226 free (261113 clusters)
01-17 15:51:26.987  1581  1586 I vold    : Filesystem check completed OK
01-17 15:51:26.991  1930  1930 I LockSettingsService: Reporting device setup complete to IGateKeeperService
01-17 15:51:26.995  2290  2290 W sdcard  : Device explicitly enabled sdcardfs
01-17 15:51:27.002  1930  1981 W AccountManagerService: Blocking binding to authenticator ComponentInfo{com.google.android.gms/com.google.android.gms.auth.account.authenticator.GoogleAccountAuthenticatorService} which isn't encryption aware
01-17 15:51:27.002  1930  1981 D AccountManagerService: bind attempt failed for Session: expectLaunch false, connected false, stats (0/0/0), lifetime 0.0, getAccountsByTypeAndFeatures, service_usm
01-17 15:51:27.003  1930  1981 I ActivityManager: START u0 {act=android.intent.action.MAIN cat=[android.intent.category.HOME] flg=0x10000100 cmp=com.android.settings/.FallbackHome} from uid 0
01-17 15:51:27.008  2199  2199 E ActivityThread: Failed to find provider info for com.google.android.gsf.gservices
01-17 15:51:27.010  2199  2199 I SetupWizard: [PreDeferredLifecycleScheduler] Scheduled job#2650 to run at Tue Jan 17 14:51:28 GMT 2023
01-17 15:51:27.019  1773  1848 I OMXClient: IOmx service obtained
01-17 15:51:27.019  1780  1780 I OMXMaster: makeComponentInstance(OMX.google.flac.encoder) in omx@1.0-service process
01-17 15:51:27.019  1930  1948 I ActivityManager: Start proc 2293:com.android.settings/1000 for activity com.android.settings/.FallbackHome
01-17 15:51:27.020  2293  2293 W ndroid.setting: Unexpected CPU variant for X86 using defaults: x86
01-17 15:51:27.038  2293  2293 I ndroid.setting: The ClassLoaderContext is a special shared library.
01-17 15:51:27.039  2293  2293 I ndroid.setting: The ClassLoaderContext is a special shared library.
01-17 15:51:27.042  1788  1788 D PermissionCache: checking android.permission.ACCESS_KEYGUARD_SECURE_STORAGE for uid=1000 => granted (397 us)
01-17 15:51:27.042  1788  1788 I gatekeeperd: cold boot: clearing state
01-17 15:51:27.044  1930  1945 E AutofillManagerServiceImpl: Bad AutofillService name: com.google.android.gms/.autofill.service.AutofillService
01-17 15:51:27.044  1930  1945 D AutofillManagerServiceImpl: Reset component for user 0 (com.google.android.gms/.autofill.service.AutofillService)
01-17 15:51:27.044  1930  1945 E AutofillManagerServiceImpl: Bad AutofillService name: com.google.android.gms/.autofill.service.AutofillService
01-17 15:51:27.044  1930  1945 D AutofillManagerServiceImpl: Reset component for user 0 (com.google.android.gms/.autofill.service.AutofillService)
01-17 15:51:27.044  1930  1945 D FieldClassificationStrategy: reset(): service is not bound. Do nothing.
01-17 15:51:27.044  1930  1947 D AutofillUI: destroySaveUiUiThread(): already destroyed
01-17 15:51:27.045  1930  1930 I DevicePolicyManager: Set ro.device_owner property to false
01-17 15:51:27.092  2143  2309 E ActivityThread: Failed to find provider info for com.android.contacts
01-17 15:51:27.092  2143  2309 W CallerInfoCache: cursor is null
01-17 15:51:27.093  2143  2143 D CarrierConfigLoader: CarrierConfigLoader has started
01-17 15:51:27.094  2143  2143 E BluetoothAdapter: Bluetooth binder is null
01-17 15:51:27.121  2094  2278 I vol.Events: writeEvent level_changed STREAM_VOICE_CALL 4
01-17 15:51:27.122  2094  2278 I vol.Events: writeEvent level_changed STREAM_SYSTEM 5
01-17 15:51:27.124  2094  2278 I vol.Events: writeEvent level_changed STREAM_RING 5
01-17 15:51:27.125  2094  2278 I vol.Events: writeEvent level_changed STREAM_MUSIC 5
01-17 15:51:27.127  2094  2278 I vol.Events: writeEvent level_changed STREAM_ALARM 6
01-17 15:51:27.129  2094  2278 I vol.Events: writeEvent level_changed STREAM_BLUETOOTH_SCO 7
01-17 15:51:27.135  2094  2278 I vol.Events: writeEvent zen_mode_config_changed [disallowAlarms=false disallowMedia=false disallowSystem=true disallowRinger=false]
01-17 15:51:27.176  1773  1848 I OMXClient: IOmx service obtained
01-17 15:51:27.176  1780  1780 I OMXMaster: makeComponentInstance(OMX.google.h264.decoder) in omx@1.0-service process
01-17 15:51:27.231  2094  2094 D SystemUIBootTiming: StartServicescom.android.systemui.volume.VolumeUI took to complete: 576ms
01-17 15:51:27.353  1763  1779 E SurfaceFlinger: ro.sf.lcd_density must be defined as a build property
01-17 15:51:27.404  1780  1780 E OMXNodeInstance: getExtensionIndex(0xf3ea6c00:google.h264.decoder, OMX.google.android.index.configureVideoTunnelMode) ERROR: UnsupportedIndex(0x8000101a)
01-17 15:51:27.404  1780  1780 E OMXNodeInstance: getExtensionIndex(0xf3ea6c00:google.h264.decoder, OMX.google.android.index.enableAndroidNativeBuffers) ERROR: UnsupportedIndex(0x8000101a)
01-17 15:51:27.408  1773  1848 I OMXClient: IOmx service obtained
01-17 15:51:27.408  1780  1780 I OMXMaster: makeComponentInstance(OMX.google.h263.decoder) in omx@1.0-service process
01-17 15:51:27.410  2094  2094 D SystemUIBootTiming: StartServicescom.android.systemui.stackdivider.Divider took to complete: 178ms
01-17 15:51:27.421  2143  2143 W ImsPhoneCallTracker: ImsManager is null when setting TTY mode
01-17 15:51:27.421  2143  2143 I TelecomFramework: TtyManager: updateUiTtyMode -1 -> 0
01-17 15:51:27.425  2143  2143 D ImsResolver: maybeAddedImsService, packageName: null
01-17 15:51:27.427  1573  1573 W hwservicemanager: getTransport: Cannot find entry android.hardware.radio.config@1.0::IRadioConfig/default in either framework or device manifest.
01-17 15:51:27.497  1930  1941 D AlarmManagerService: Kernel timezone updated to -60 minutes west of GMT
01-17 15:51:27.498  1930  1930 D ConditionProviders.SCP: onReceive android.intent.action.TIMEZONE_CHANGED
01-17 15:51:27.499  1930  1930 D ConditionProviders.SCP: evaluateSubscriptionLocked cal=ScheduleCalendar[mDays={1, 2, 3, 4, 5, 6, 7}, mSchedule=ScheduleInfo{days=[1, 2, 3, 4, 5, 6, 7], startHour=22, startMinute=0, endHour=7, endMinute=0, exitAtAlarm=true, nextAlarm=Thu Jan 01 01:00:00 GMT+01:00 1970 (0)}], now=Tue Jan 17 15:51:27 GMT+01:00 2023 (1673967087498), nextUserAlarmTime=Thu Jan 01 01:00:00 GMT+01:00 1970 (0)
01-17 15:51:27.499  1930  1930 D ConditionProviders.SCP: notifyCondition condition://android/schedule?days=1.2.3.4.5.6.7&start=22.0&end=7.0&exitAtAlarm=true STATE_FALSE reason=!meetsSchedule
01-17 15:51:27.499  1930  1930 D ConditionProviders.SCP: Scheduling evaluate for Tue Jan 17 22:00:00 GMT+01:00 2023 (1673989200000), in +6h8m32s502ms, now=Tue Jan 17 15:51:27 GMT+01:00 2023 (1673967087498)
01-17 15:51:27.500  1930  2040 E ActivityThread: Failed to find provider info for com.android.calendar
01-17 15:51:27.543  2293  2293 D OpenGLRenderer: Skia GL Pipeline
01-17 15:51:27.546  1763  1779 E SurfaceFlinger: ro.sf.lcd_density must be defined as a build property
01-17 15:51:27.562  1637  1637 D gralloc_ranchu: gralloc_alloc: Creating ashmem region of size 16592896
01-17 15:51:27.564  1637  1700 D gralloc_ranchu: gralloc_alloc: Creating ashmem region of size 16592896
01-17 15:51:27.564  1780  1904 E OMXNodeInstance: getExtensionIndex(0xf3ea6c00:google.h263.decoder, OMX.google.android.index.configureVideoTunnelMode) ERROR: UnsupportedIndex(0x8000101a)
01-17 15:51:27.565  1637  2324 D gralloc_ranchu: gralloc_alloc: Creating ashmem region of size 16592896
01-17 15:51:27.565  1780  1904 E OMXNodeInstance: getExtensionIndex(0xf3ea6c00:google.h263.decoder, OMX.google.android.index.enableAndroidNativeBuffers) ERROR: UnsupportedIndex(0x8000101a)
01-17 15:51:27.566  2293  2320 D HostConnection: HostConnection::get() New Host Connection established 0xddca1280, tid 2320
01-17 15:51:27.567  1773  1848 I OMXClient: IOmx service obtained
01-17 15:51:27.568  1780  1904 I OMXMaster: makeComponentInstance(OMX.google.hevc.decoder) in omx@1.0-service process
01-17 15:51:27.569  2073  2073 I GoogleInputMethod: onStartInput() : Dummy InputConnection bound
01-17 15:51:27.570  2073  2073 I FeaturePermissions: onSharedPreferenceChanged() : Key = enable_incognito_mode : Feature = null
01-17 15:51:27.571  2073  2073 I ShortcutsDataManager: startImportContentTask()
01-17 15:51:27.572  2073  2073 I ShortcutsDataManager: onImportAborted()
01-17 15:51:27.585  1930  1941 D AlarmManagerService: Setting time of day to sec=1673967087
01-17 15:51:27.666  1930  1941 W AlarmManagerService: Unable to set rtc to 1673967087: No such device
01-17 15:51:27.500  1930  2040 E ActivityThread: Failed to find provider info for com.android.calendar
01-17 15:51:27.667  1930  1930 D DevicePolicyManager: updateSystemUpdateFreezePeriodsRecord
01-17 15:51:27.667  1930  1930 W SyncManager: Clock is valid now.
01-17 15:51:27.668  1930  1930 D ConditionProviders.SCP: onReceive android.intent.action.TIME_SET
01-17 15:51:27.668  1930  1930 D ConditionProviders.SCP: evaluateSubscriptionLocked cal=ScheduleCalendar[mDays={1, 2, 3, 4, 5, 6, 7}, mSchedule=ScheduleInfo{days=[1, 2, 3, 4, 5, 6, 7], startHour=22, startMinute=0, endHour=7, endMinute=0, exitAtAlarm=true, nextAlarm=Thu Jan 01 01:00:00 GMT+01:00 1970 (0)}], now=Tue Jan 17 15:51:27 GMT+01:00 2023 (1673967087668), nextUserAlarmTime=Thu Jan 01 01:00:00 GMT+01:00 1970 (0)
01-17 15:51:27.668  1930  2040 E ActivityThread: Failed to find provider info for com.android.calendar
01-17 15:51:27.668  1930  1930 D ConditionProviders.SCP: notifyCondition condition://android/schedule?days=1.2.3.4.5.6.7&start=22.0&end=7.0&exitAtAlarm=true STATE_FALSE reason=!meetsSchedule
01-17 15:51:27.668  1930  2040 E ActivityThread: Failed to find provider info for com.android.calendar
01-17 15:51:27.669  1930  1930 D ConditionProviders.SCP: Scheduling evaluate for Tue Jan 17 22:00:00 GMT+01:00 2023 (1673989200000), in +6h8m32s332ms, now=Tue Jan 17 15:51:27 GMT+01:00 2023 (1673967087668)
01-17 15:51:27.694  2293  2320 D HostConnection: HostComposition ext ANDROID_EMU_CHECKSUM_HELPER_v1 ANDROID_EMU_native_sync_v2 ANDROID_EMU_native_sync_v3 ANDROID_EMU_native_sync_v4 ANDROID_EMU_dma_v1 ANDROID_EMU_YUV420_888_to_NV21 ANDROID_EMU_YUV_Cache ANDROID_EMU_sync_buffer_data GL_OES_EGL_image_external_essl3 GL_OES_vertex_array_object GL_KHR_texture_compression_astc_ldr ANDROID_EMU_host_side_tracing ANDROID_EMU_gles_max_version_3_0 
01-17 15:51:27.697  2293  2320 I ConfigStore: android::hardware::configstore::V1_0::ISurfaceFlingerConfigs::hasWideColorDisplay retrieved: 0
01-17 15:51:27.698  2293  2320 I ConfigStore: android::hardware::configstore::V1_0::ISurfaceFlingerConfigs::hasHDRDisplay retrieved: 0
01-17 15:51:27.698  2293  2320 I OpenGLRenderer: Initialized EGL, version 1.4
01-17 15:51:27.698  2293  2320 D OpenGLRenderer: Swap behavior 1
01-17 15:51:27.699  2293  2320 W OpenGLRenderer: Failed to choose config with EGL_SWAP_BEHAVIOR_PRESERVED, retrying without...
01-17 15:51:27.699  2293  2320 D OpenGLRenderer: Swap behavior 0
01-17 15:51:27.701  2293  2320 D eglCodecCommon: setVertexArrayObject: set vao to 0 (0) 0 0
01-17 15:51:27.701  2293  2320 D EGL_emulation: eglCreateContext: 0xddc85120: maj 3 min 0 rcv 3
01-17 15:51:27.702  2293  2320 D EGL_emulation: eglMakeCurrent: 0xddc85120: ver 3 0 (tinfo 0xddc835d0)
01-17 15:51:27.705  1763  1814 E SurfaceFlinger: ro.sf.lcd_density must be defined as a build property
01-17 15:51:27.768  1930  1981 I WifiService: getWifiServiceMessenger uid=10034
01-17 15:51:27.782  2143  2143 I ImsExternalCallTracker: handleVideoCapabilitiesChanged : isVideoCapable = false
01-17 15:51:27.783  2143  2143 D ImsExternalCallTracker: refreshCallPullState
01-17 15:51:27.786  2143  2143 D PhoneSwitcherNetworkRequstListener: got request NetworkRequest [ BACKGROUND_REQUEST id=2, [ Transports: CELLULAR Capabilities: INTERNET&NOT_RESTRICTED&TRUSTED&NOT_VPN Unwanted: ] ] with score 0
01-17 15:51:27.786  1780  1904 E OMXNodeInstance: getExtensionIndex(0xf3ea6c00:google.hevc.decoder, OMX.google.android.index.configureVideoTunnelMode) ERROR: UnsupportedIndex(0x8000101a)
01-17 15:51:27.786  2143  2143 D PhoneSwitcherNetworkRequstListener: got request NetworkRequest [ REQUEST id=1, [ Capabilities: INTERNET&NOT_RESTRICTED&TRUSTED&NOT_VPN Unwanted: ] ] with score 0
01-17 15:51:27.786  1780  1904 E OMXNodeInstance: getExtensionIndex(0xf3ea6c00:google.hevc.decoder, OMX.google.android.index.enableAndroidNativeBuffers) ERROR: UnsupportedIndex(0x8000101a)
01-17 15:51:27.786  2143  2143 D PhoneSwitcherNetworkRequstListener: got request NetworkRequest [ TRACK_DEFAULT id=7, [ Capabilities: INTERNET&NOT_RESTRICTED&TRUSTED Unwanted:  Uid: 1000] ] with score 0
01-17 15:51:27.787  2143  2143 D TelephonyDebugService: TelephonyDebugService()
01-17 15:51:27.788  1773  1848 I OMXClient: IOmx service obtained
01-17 15:51:27.788  1780  1904 I OMXMaster: makeComponentInstance(OMX.google.mpeg4.decoder) in omx@1.0-service process
01-17 15:51:27.789  1780  1904 E OMXNodeInstance: getExtensionIndex(0xf3ea6c00:google.mpeg4.decoder, OMX.google.android.index.configureVideoTunnelMode) ERROR: UnsupportedIndex(0x8000101a)
01-17 15:51:27.790  1780  1904 E OMXNodeInstance: getExtensionIndex(0xf3ea6c00:google.mpeg4.decoder, OMX.google.android.index.enableAndroidNativeBuffers) ERROR: UnsupportedIndex(0x8000101a)
01-17 15:51:27.795  1773  1848 I OMXClient: IOmx service obtained
01-17 15:51:27.795  1780  1904 I OMXMaster: makeComponentInstance(OMX.google.vp8.decoder) in omx@1.0-service process
01-17 15:51:27.814  1930  1941 D ConnectivityService: requestNetwork for uid/pid:10034/2094 NetworkRequest [ TRACK_DEFAULT id=9, [ Capabilities: INTERNET&NOT_RESTRICTED&TRUSTED Unwanted:  Uid: 10034] ]
01-17 15:51:27.842  2143  2143 D CarrierConfigLoader: mHandler: 12 phoneId: 0
01-17 15:51:27.842  2143  2143 D CarrierConfigLoader: Build fingerprint changed. old: null new: google/sdk_gphone_x86_arm/generic_x86_arm:9/PSR1.180720.122/6736742:userdebug/dev-keys
01-17 15:51:27.911  2143  2143 D PhoneSwitcherNetworkRequstListener: got request NetworkRequest [ TRACK_DEFAULT id=9, [ Capabilities: INTERNET&NOT_RESTRICTED&TRUSTED Unwanted:  Uid: 10034] ] with score 0
01-17 15:51:27.916  1930  1942 I WifiService: WifiService trying to set country code to us
01-17 15:51:27.916  1930  1942 I WifiService: setCountryCode uid=1001
01-17 15:51:27.916  1930  1942 D WifiCountryCode: Succeeded to set country code to: US
01-17 15:51:27.917  1930  1930 I GnssLocationProvider: WakeLock acquired by sendMessage(SUBSCRIPTION_OR_SIM_CHANGED, 0, null)
01-17 15:51:27.919  1930  2028 W BestClock: java.time.DateTimeException: Missing NTP fix
01-17 15:51:27.920  1930  1945 I GnssLocationProvider: WakeLock released by handleMessage(SUBSCRIPTION_OR_SIM_CHANGED, 0, null)
01-17 15:51:27.920  1930  2028 W BestClock: java.time.DateTimeException: Missing NTP fix
01-17 15:51:27.922  1930  1930 I GnssLocationProvider: WakeLock acquired by sendMessage(SUBSCRIPTION_OR_SIM_CHANGED, 0, null)
01-17 15:51:27.924  1930  2028 W BestClock: java.time.DateTimeException: Missing NTP fix
01-17 15:51:27.924  1930  1945 I GnssLocationProvider: WakeLock released by handleMessage(SUBSCRIPTION_OR_SIM_CHANGED, 0, null)
01-17 15:51:27.924  1930  2028 W BestClock: java.time.DateTimeException: Missing NTP fix
01-17 15:51:27.945  1780  1904 E OMXNodeInstance: getExtensionIndex(0xf3ea6c00:google.vp8.decoder, OMX.google.android.index.configureVideoTunnelMode) ERROR: UnsupportedIndex(0x8000101a)
01-17 15:51:27.946  1780  1904 E OMXNodeInstance: getExtensionIndex(0xf3ea6c00:google.vp8.decoder, OMX.google.android.index.enableAndroidNativeBuffers) ERROR: UnsupportedIndex(0x8000101a)
01-17 15:51:27.947  1773  1848 I OMXClient: IOmx service obtained
01-17 15:51:27.948  1780  1904 I OMXMaster: makeComponentInstance(OMX.google.vp9.decoder) in omx@1.0-service process
01-17 15:51:27.950  1780  1904 E OMXNodeInstance: getExtensionIndex(0xf3ea6c00:google.vp9.decoder, OMX.google.android.index.configureVideoTunnelMode) ERROR: UnsupportedIndex(0x8000101a)
01-17 15:51:27.951  1780  1904 E OMXNodeInstance: getExtensionIndex(0xf3ea6c00:google.vp9.decoder, OMX.google.android.index.enableAndroidNativeBuffers) ERROR: UnsupportedIndex(0x8000101a)
01-17 15:51:27.954  1773  1848 I OMXClient: IOmx service obtained
01-17 15:51:27.954  1780  1780 I OMXMaster: makeComponentInstance(OMX.google.h264.encoder) in omx@1.0-service process
01-17 15:51:27.966  1930  1942 W WallpaperManagerService: Cannot extract colors because wallpaper could not be read.
01-17 15:51:27.966  1930  1942 W WallpaperManagerService: Cannot get theme colors because WallpaperColors is null.
01-17 15:51:27.966  1930  1942 W WallpaperManagerService: Cannot extract colors because wallpaper could not be read.
01-17 15:51:27.967  1930  1942 W WallpaperManagerService: Cannot get theme colors because WallpaperColors is null.
01-17 15:51:27.996  1930  2048 I GnssLocationProvider: WakeLock acquired by sendMessage(REPORT_SV_STATUS, 0, com.android.server.location.GnssLocationProvider$SvStatusInfo@69ffa37)
01-17 15:51:27.997  1930  1945 I GnssLocationProvider: WakeLock released by handleMessage(REPORT_SV_STATUS, 0, com.android.server.location.GnssLocationProvider$SvStatusInfo@69ffa37)
01-17 15:51:28.020  2094  2094 D StatusBar: disable<e i a s b h r c s > disable2<q i n >
01-17 15:51:28.021  1930  1942 I StatusBarManagerService: registerStatusBar bar=com.android.internal.statusbar.IStatusBar$Stub$Proxy@de47ba4
01-17 15:51:28.027  2143  2143 D ServiceStateProvider: subId=-2
01-17 15:51:28.035  2293  2320 D HostConnection: createUnique: call
01-17 15:51:28.035  2293  2320 D HostConnection: HostConnection::get() New Host Connection established 0xddca15a0, tid 2320
01-17 15:51:28.035  2143  2286 D IntentBroadcaster: Broadcasting and adding intent for rebroadcast: android.intent.action.SIM_STATE_CHANGED READY for slotId 0
01-17 15:51:28.037  2143  2143 E PhoneInterfaceManager: [PhoneIntfMgr] getIccId: No UICC
01-17 15:51:28.058  2293  2320 D HostConnection: HostComposition ext ANDROID_EMU_CHECKSUM_HELPER_v1 ANDROID_EMU_native_sync_v2 ANDROID_EMU_native_sync_v3 ANDROID_EMU_native_sync_v4 ANDROID_EMU_dma_v1 ANDROID_EMU_YUV420_888_to_NV21 ANDROID_EMU_YUV_Cache ANDROID_EMU_sync_buffer_data GL_OES_EGL_image_external_essl3 GL_OES_vertex_array_object GL_KHR_texture_compression_astc_ldr ANDROID_EMU_host_side_tracing ANDROID_EMU_gles_max_version_3_0 
01-17 15:51:28.058  2293  2320 E eglCodecCommon: GoldfishAddressSpaceHostMemoryAllocator: ioctl_ping failed for device_type=5, ret=-1
01-17 15:51:28.061  2293  2320 D EGL_emulation: eglMakeCurrent: 0xddc85120: ver 3 0 (tinfo 0xddc835d0)
01-17 15:51:28.113  1773  1848 W OMXUtils: do not know color format 0x7f000789 = 2130708361
01-17 15:51:28.115  1773  1848 I OMXClient: IOmx service obtained
01-17 15:51:28.116  1780  1903 I OMXMaster: makeComponentInstance(OMX.google.h263.encoder) in omx@1.0-service process
01-17 15:51:28.141  2143  2143 D OpenGLRenderer: Skia GL Pipeline
01-17 15:51:28.160  1930  1984 W LocalDisplayAdapter: Unable to find color mode 0, ignoring request.
01-17 15:51:28.167  1930  1954 I ActivityManager: Displayed com.android.settings/.FallbackHome: +1s73ms (total +7s170ms)
01-17 15:51:28.167  1930  2006 I InputReader: Reconfiguring input devices.  changes=0x00000004
01-17 15:51:28.176  1930  1946 W KeyguardServiceDelegate: onScreenTurningOn(): no keyguard service!
01-17 15:51:28.177  1763  1814 W SurfaceFlinger: Attempting to destroy on removed layer: AppWindowToken{388e111 token=Token{b5c0d38 ActivityRecord{563459b u0 com.android.settings/.CryptKeeper t1}}}#0
01-17 15:51:28.187  1930  1941 I Telecom : PhoneAccountRegistrar: New phone account registered: [[ ] PhoneAccount: ComponentInfo{com.android.phone/com.android.services.telephony.TelephonyConnectionService}, ***, UserHandle{0} Capabilities: CallProvider MultiUser PlaceEmerg SimSub  Audio Routes: BESW Schemes: tel voicemail  Extras: Bundle[mParcelledData.dataSize=124] GroupId: ***]: TSI.rPA@AAg
01-17 15:51:28.226  1780  1903 I SoftMPEG4Encoder: Construct SoftMPEG4Encoder
01-17 15:51:28.231  1773  1848 W OMXUtils: do not know color format 0x7f000789 = 2130708361
01-17 15:51:28.231  1780  1903 E OMXNodeInstance: getConfig(0xf3a94000:google.h263.encoder, ConfigAndroidIntraRefresh(0x6f60000a)) ERROR: Undefined(0x80001001)
01-17 15:51:28.233  1773  1848 I OMXClient: IOmx service obtained
01-17 15:51:28.234  1780  1903 I OMXMaster: makeComponentInstance(OMX.google.mpeg4.encoder) in omx@1.0-service process
01-17 15:51:28.234  1780  1903 I SoftMPEG4Encoder: Construct SoftMPEG4Encoder
01-17 15:51:28.236  1773  1848 W OMXUtils: do not know color format 0x7f000789 = 2130708361
01-17 15:51:28.237  1780  2349 E OMXNodeInstance: getConfig(0xf3a94000:google.mpeg4.encoder, ConfigAndroidIntraRefresh(0x6f60000a)) ERROR: Undefined(0x80001001)
01-17 15:51:28.238  1773  1848 I OMXClient: IOmx service obtained
01-17 15:51:28.238  1780  2349 I OMXMaster: makeComponentInstance(OMX.google.vp8.encoder) in omx@1.0-service process
01-17 15:51:28.250  1930  1941 I Telecom : CallsManager: Sending phone-account ComponentInfo{com.android.phone/com.android.services.telephony.TelephonyConnectionService}, ***, UserHandle{0} registered intent as user: TSI.rPA@AAg
01-17 15:51:28.250  1930  1941 I Telecom : CallsManager: Sending phone-account registered intent to default dialer: TSI.rPA@AAg
01-17 15:51:28.251  2143  2143 I TelecomFramework: AccountEntry: Registered phoneAccount: [[ ] PhoneAccount: ComponentInfo{com.android.phone/com.android.services.telephony.TelephonyConnectionService}, ***, UserHandle{0} Capabilities: CallProvider MultiUser PlaceEmerg SimSub  Audio Routes: BESW Schemes: tel voicemail  Extras: Bundle[{android.telecom.extra.SUPPORTS_VIDEO_CALLING_FALLBACK=true}] GroupId: ***] with handle: ComponentInfo{com.android.phone/com.android.services.telephony.TelephonyConnectionService}, ***, UserHandle{0}
01-17 15:51:28.300  2143  2143 I TelecomFramework: PstnIncomingCallNotifier: Registering: Handler (com.android.internal.telephony.GsmCdmaPhone) {79885e9}
01-17 15:51:28.312  2143  2143 I TelecomFramework: PstnIncomingCallNotifier: Unregistering: Handler (com.android.internal.telephony.GsmCdmaPhone) {79885e9}
01-17 15:51:28.313  2143  2143 E PhoneInterfaceManager: [PhoneIntfMgr] getIccId: No UICC
01-17 15:51:28.322  1930  1941 I Telecom : PhoneAccountRegistrar: Modify account: [ComponentInfo{com.android.phone/com.android.services.telephony.TelephonyConnectionService}, ***, UserHandle{0}]: TSI.rPA@AAs
01-17 15:51:28.326  2143  2143 I TelecomFramework: AccountEntry: Registered phoneAccount: [[ ] PhoneAccount: ComponentInfo{com.android.phone/com.android.services.telephony.TelephonyConnectionService}, ***, UserHandle{0} Capabilities: CallProvider MultiUser PlaceEmerg SimSub  Audio Routes: BESW Schemes: tel voicemail  Extras: Bundle[{android.telecom.extra.SUPPORTS_VIDEO_CALLING_FALLBACK=true}] GroupId: ***] with handle: ComponentInfo{com.android.phone/com.android.services.telephony.TelephonyConnectionService}, ***, UserHandle{0}
01-17 15:51:28.326  2143  2143 I TelecomFramework: PstnIncomingCallNotifier: Registering: Handler (com.android.internal.telephony.GsmCdmaPhone) {79885e9}
01-17 15:51:28.385  1773  1848 W OMXUtils: do not know color format 0x7f000789 = 2130708361
01-17 15:51:28.385  1780  1903 E OMXNodeInstance: getConfig(0xf3a94000:google.vp8.encoder, ConfigAndroidIntraRefresh(0x6f60000a)) ERROR: Undefined(0x80001001)
01-17 15:51:28.386  1773  1848 D MediaCodecList: ignored a null builder
01-17 15:51:28.414  2143  2143 I ImsExternalCallTracker: handleVideoCapabilitiesChanged : isVideoCapable = false
01-17 15:51:28.414  2143  2143 D ImsExternalCallTracker: refreshCallPullState
01-17 15:51:28.414  2143  2143 I TelecomFramework: PstnPhoneCapabilitiesNotifier: handleVideoCapabilitesChanged. Video capability - false
01-17 15:51:28.414  2143  2143 I ImsExternalCallTracker: handleVideoCapabilitiesChanged : isVideoCapable = false
01-17 15:51:28.414  2143  2143 D ImsExternalCallTracker: refreshCallPullState
01-17 15:51:28.415  2143  2143 E PhoneInterfaceManager: [PhoneIntfMgr] getIccId: No UICC
01-17 15:51:28.414  2143  2143 I TelecomFramework: PstnPhoneCapabilitiesNotifier: handleVideoCapabilitesChanged. Video capability - false
01-17 15:51:28.422  1930  1942 I Telecom : PhoneAccountRegistrar: Modify account: [ComponentInfo{com.android.phone/com.android.services.telephony.TelephonyConnectionService}, ***, UserHandle{0}]: TSI.rPA@AA4
01-17 15:51:28.432  1930  2175 I OMXClient: IOmx service obtained
01-17 15:51:28.432  1780  2349 I OMXMaster: makeComponentInstance(OMX.google.vorbis.decoder) in omx@1.0-service process
01-17 15:51:28.432  2094  2241 I OMXClient: IOmx service obtained
01-17 15:51:28.433  1780  1903 I OMXMaster: makeComponentInstance(OMX.google.vorbis.decoder) in omx@1.0-service process
01-17 15:51:28.433  1780  1904 E OMXNodeInstance: getConfig(0xf3a941e0:google.vorbis.decoder, ConfigAndroidVendorExtension(0x6f100004)) ERROR: Undefined(0x80001001)
01-17 15:51:28.434  1780  1904 E OMXNodeInstance: getConfig(0xf3a94000:google.vorbis.decoder, ConfigAndroidVendorExtension(0x6f100004)) ERROR: Undefined(0x80001001)
01-17 15:51:28.435  1624  1624 W AshmemAllocator: ashmem_create_region(32768) returning hidl_memory(0xf589c180, 32768)
01-17 15:51:28.436  2143  2143 D MccTable: updateMccMncConfiguration mccmnc='310260' fromServiceState=false
01-17 15:51:28.437  2143  2143 D MccTable: updateMccMncConfiguration defaultMccMnc=
01-17 15:51:28.437  2143  2143 D MccTable: updateMccMncConfiguration: mcc=310, mnc=260
01-17 15:51:28.437  2143  2143 D MccTable: updateMccMncConfiguration updateConfig config={0.0 310mcc260mnc ?localeList ?layoutDir ?swdp ?wdp ?hdp ?density ?lsize ?long ?ldr ?wideColorGamut ?orien ?uimode ?night ?touch ?keyb/?/? ?nav/? winConfig={ mBounds=Rect(0, 0 - 0, 0) mAppBounds=null mWindowingMode=undefined mActivityType=undefined}}
01-17 15:51:28.438  1930  1942 I ActivityManager: Config changes=3 {1.0 310mcc260mnc [en_US] ldltr sw411dp w411dp h750dp 560dpi nrml long port finger qwerty/v/v -nav/h winConfig={ mBounds=Rect(0, 0 - 0, 0) mAppBounds=Rect(0, 0 - 1440, 2712) mWindowingMode=fullscreen mActivityType=undefined} s.5}
01-17 15:51:28.441  1930  1942 I ActivityManager: Override config changes=3 {1.0 310mcc260mnc [en_US] ldltr sw411dp w411dp h750dp 560dpi nrml long port finger qwerty/v/v -nav/h winConfig={ mBounds=Rect(0, 0 - 1440, 2712) mAppBounds=Rect(0, 0 - 1440, 2712) mWindowingMode=fullscreen mActivityType=undefined} s.5} for displayId=0
01-17 15:51:28.435  1624  1624 W AshmemAllocator: ashmem_create_region(32768) returning hidl_memory(0xf589c180, 32768)
01-17 15:51:28.444  2073  2073 I GoogleInputMethod: onStartInput() : Dummy InputConnection bound
01-17 15:51:28.445  2073  2073 I ShortcutsDataManager: startImportContentTask()
01-17 15:51:28.445  2073  2073 I ShortcutsDataManager: onImportAborted()
