11-08 16:17:09.571  1716  2549 W ActivityManager: Unable to start service Intent { cmp=com.android.email/.service.AttachmentService } U=0: not found
11-08 16:17:09.571  1716  2549 D PackageManager: Instant App installer not found with android.intent.action.INSTALL_INSTANT_APP_PACKAGE
11-08 16:17:09.571  1716  2549 D PackageManager: Clear ephemeral installer activity
11-08 16:17:09.572  1716  2549 D PackageManager: Instant App installer not found with android.intent.action.INSTALL_INSTANT_APP_PACKAGE
11-08 16:17:09.572  1716  2549 D PackageManager: Clear ephemeral installer activity
11-08 16:17:09.573  1716  2549 D PackageManager: Instant App installer not found with android.intent.action.INSTALL_INSTANT_APP_PACKAGE
11-08 16:17:09.573  1716  2549 D PackageManager: Clear ephemeral installer activity
11-08 16:17:09.573  2752  2780 I Email   : Onetime initialization: 1
11-08 16:17:09.574  1716  2549 D PackageManager: Instant App installer not found with android.intent.action.INSTALL_INSTANT_APP_PACKAGE
11-08 16:17:09.574  1716  2549 D PackageManager: Clear ephemeral installer activity
11-08 16:17:09.574  2752  2780 I Email   : Onetime initialization: 2
11-08 16:17:09.575  2752  2780 I Email   : Onetime initialization: completed.
11-08 16:17:09.576  1716  2549 W ActivityManager: Unable to start service Intent { act=com.android.email.EXCHANGE_INTENT pkg=com.android.exchange } U=0: not found
11-08 16:17:09.577  1716  2549 D PackageManager: Instant App installer not found with android.intent.action.INSTALL_INSTANT_APP_PACKAGE
11-08 16:17:09.577  1716  2549 D PackageManager: Clear ephemeral installer activity
11-08 16:17:09.577  1716  2549 W ActivityManager: Unable to start service Intent { act=com.android.email.EXCHANGE_INTENT pkg=com.android.exchange } U=0: not found
11-08 16:17:09.577  1716  1810 I ActivityManager: Start proc 2781:com.android.gallery3d/u0a53 for broadcast com.android.gallery3d/com.android.camera.DisableCameraReceiver
11-08 16:17:09.580  2752  2752 E ActivityThread: Service com.android.email.service.EmailBroadcastProcessorService has leaked ServiceConnection com.android.emailcommon.service.ServiceProxy$ProxyConnection@2f950f5 that was originally bound here
11-08 16:17:09.580  2752  2752 E ActivityThread: android.app.ServiceConnectionLeaked: Service com.android.email.service.EmailBroadcastProcessorService has leaked ServiceConnection com.android.emailcommon.service.ServiceProxy$ProxyConnection@2f950f5 that was originally bound here
11-08 16:17:09.580  2752  2752 E ActivityThread: 	at android.app.LoadedApk$ServiceDispatcher.<init>(LoadedApk.java:1610)
11-08 16:17:09.580  2752  2752 E ActivityThread: 	at android.app.LoadedApk.getServiceDispatcher(LoadedApk.java:1502)
11-08 16:17:09.580  2752  2752 E ActivityThread: 	at android.app.ContextImpl.bindServiceCommon(ContextImpl.java:1659)
11-08 16:17:09.580  2752  2752 E ActivityThread: 	at android.app.ContextImpl.bindService(ContextImpl.java:1612)
11-08 16:17:09.580  2752  2752 E ActivityThread: 	at android.content.ContextWrapper.bindService(ContextWrapper.java:698)
11-08 16:17:09.580  2752  2752 E ActivityThread: 	at com.android.emailcommon.service.ServiceProxy.setTask(ServiceProxy.java:181)
11-08 16:17:09.580  2752  2752 E ActivityThread: 	at com.android.emailcommon.service.ServiceProxy.test(ServiceProxy.java:224)
11-08 16:17:09.580  2752  2752 E ActivityThread: 	at com.android.email.service.EmailServiceUtils.isServiceAvailable(EmailServiceUtils.java:160)
11-08 16:17:09.580  2752  2752 E ActivityThread: 	at com.android.email.provider.AccountReconciler.reconcileAccountsInternal(AccountReconciler.java:171)
11-08 16:17:09.580  2752  2752 E ActivityThread: 	at com.android.email.provider.AccountReconciler.reconcileAccounts(AccountReconciler.java:115)
11-08 16:17:09.580  2752  2752 E ActivityThread: 	at com.android.email.service.EmailBroadcastProcessorService.reconcileAndStartServices(EmailBroadcastProcessorService.java:305)
11-08 16:17:09.580  2752  2752 E ActivityThread: 	at com.android.email.service.EmailBroadcastProcessorService.onBootCompleted(EmailBroadcastProcessorService.java:295)
11-08 16:17:09.580  2752  2752 E ActivityThread: 	at com.android.email.service.EmailBroadcastProcessorService.onHandleIntent(EmailBroadcastProcessorService.java:130)
11-08 16:17:09.580  2752  2752 E ActivityThread: 	at android.app.IntentService$ServiceHandler.handleMessage(IntentService.java:76)
11-08 16:17:09.580  2752  2752 E ActivityThread: 	at android.os.Handler.dispatchMessage(Handler.java:106)
11-08 16:17:09.580  2752  2752 E ActivityThread: 	at android.os.Looper.loop(Looper.java:193)
11-08 16:17:09.580  2752  2752 E ActivityThread: 	at android.os.HandlerThread.run(HandlerThread.java:65)
11-08 16:17:09.581  1716  2539 W ActivityManager: Unbind failed: could not find connection for android.os.BinderProxy@e69dab3
11-08 16:17:09.581  2781  2781 W droid.gallery3: Unexpected CPU variant for X86 using defaults: x86_64
11-08 16:17:09.585  1716  2549 W ActivityManager: Unable to start service Intent { act=com.android.email.EXCHANGE_INTENT pkg=com.android.exchange } U=0: not found
11-08 16:17:09.591  2781  2781 I droid.gallery3: The ClassLoaderContext is a special shared library.
11-08 16:17:09.592  2781  2781 I droid.gallery3: The ClassLoaderContext is a special shared library.
11-08 16:17:09.592  2752  2778 I Email   : Observing account changes for notifications
11-08 16:17:09.595  1716  2549 W ActivityManager: Unable to start service Intent { cmp=com.android.email/.service.AttachmentService } U=0: not found
11-08 16:17:09.599  1716  2549 W ActivityManager: Unable to start service Intent { act=com.android.email.EXCHANGE_INTENT pkg=com.android.exchange } U=0: not found
11-08 16:17:09.606  2781  2781 I G:DisableCameraReceiver: back camera found: 0
11-08 16:17:09.606  1716  2549 D PackageManager: Instant App installer not found with android.intent.action.INSTALL_INSTANT_APP_PACKAGE
11-08 16:17:09.606  1716  2549 D PackageManager: Clear ephemeral installer activity
11-08 16:17:09.607  1947  1947 I SystemBroadcastReceiver: Boot has been completed
11-08 16:17:09.607  1947  1947 I SystemBroadcastReceiver: toggleAppIcon() : FLAG_SYSTEM = true
11-08 16:17:09.607  1716  2539 D PackageManager: Instant App installer not found with android.intent.action.INSTALL_INSTANT_APP_PACKAGE
11-08 16:17:09.607  1716  2539 D PackageManager: Clear ephemeral installer activity
11-08 16:17:09.625  2798  2798 W droid.messagin: Unexpected CPU variant for X86 using defaults: x86_64
11-08 16:17:09.627  1716  1810 I ActivityManager: Start proc 2798:com.android.messaging/u0a62 for broadcast com.android.messaging/.receiver.BootAndPackageReplacedReceiver
11-08 16:17:09.633  2798  2798 I droid.messagin: The ClassLoaderContext is a special shared library.
11-08 16:17:09.649  1716  2539 D PackageManager: Instant App installer not found with android.intent.action.INSTALL_INSTANT_APP_PACKAGE
11-08 16:17:09.649  1716  2539 D PackageManager: Clear ephemeral installer activity
11-08 16:17:09.649  1716  2539 D PackageManager: Instant App installer not found with android.intent.action.INSTALL_INSTANT_APP_PACKAGE
11-08 16:17:09.649  1716  2539 D PackageManager: Clear ephemeral installer activity
11-08 16:17:09.649  1716  2539 D PackageManager: Instant App installer not found with android.intent.action.INSTALL_INSTANT_APP_PACKAGE
11-08 16:17:09.649  1716  2539 D PackageManager: Clear ephemeral installer activity
11-08 16:17:09.650  1716  2539 D PackageManager: Instant App installer not found with android.intent.action.INSTALL_INSTANT_APP_PACKAGE
11-08 16:17:09.650  1716  2539 D PackageManager: Clear ephemeral installer activity
11-08 16:17:09.650  1716  2539 D PackageManager: Instant App installer not found with android.intent.action.INSTALL_INSTANT_APP_PACKAGE
11-08 16:17:09.650  1716  2539 D PackageManager: Clear ephemeral installer activity
11-08 16:17:09.634  2798  2798 I droid.messagin: The ClassLoaderContext is a special shared library.
11-08 16:17:09.671  2798  2798 I MessagingApp: Carrier config changed. Reloading MMS config.
11-08 16:17:09.672  2798  2816 I MessagingApp: Upgrading shared prefs from -1 to 1
11-08 16:17:09.676  1716  1810 I ActivityManager: Start proc 2818:com.android.nfc/1027 for broadcast com.android.nfc/.NfcBootCompletedReceiver
11-08 16:17:09.685  2798  2817 W MessagingApp: Rebuilt databases: reseting related state
11-08 16:17:09.687  2818  2818 W com.android.nf: Unexpected CPU variant for X86 using defaults: x86_64
11-08 16:17:09.688  2798  2823 W MessagingApp: canonicalizeMccMnc: invalid mccmnc:null ,null
11-08 16:17:09.689  1716  2539 D MmsServiceBroker: getCarrierConfigValues() by com.android.messaging
11-08 16:17:09.689  1716  2539 W MmsServiceBroker: MmsService not connected. Try connecting...
11-08 16:17:09.689  1716  1716 I MmsServiceBroker: Connecting to MmsService
11-08 16:17:09.689  1716  1716 W ContextImpl: Calling a method in the system process without a qualified user: android.app.ContextImpl.bindService:1611 com.android.server.MmsServiceBroker.tryConnecting:241 com.android.server.MmsServiceBroker.access$000:53 com.android.server.MmsServiceBroker$1.handleMessage:83 android.os.Handler.dispatchMessage:106 
11-08 16:17:09.691  2042  2042 I m.android.phon: The ClassLoaderContext is a special shared library.
11-08 16:17:09.693  2042  2042 D MmsService: onCreate
11-08 16:17:09.695  1716  1716 I MmsServiceBroker: MmsService connected
11-08 16:17:09.695  2042  2100 D MmsService: getCarrierConfigValues
11-08 16:17:09.697  2042  2100 I MmsService: mms config for sub 1: null
11-08 16:17:09.697  2042  2042 I MmsService: MmsConfigManager receiver action: android.intent.action.SIM_STATE_CHANGED
11-08 16:17:09.697  2042  2042 I MmsService: MmsConfigManager receiver action: android.telephony.action.CARRIER_CONFIG_CHANGED
11-08 16:17:09.697  2798  2823 I MessagingApp: Carrier configs loaded: Bundle[{maxImageHeight=1944, maxMessageSize=1048576, maxImageWidth=2592}] from resources+system for subId=1
11-08 16:17:09.702  2798  2823 W MessagingApp: canonicalizeMccMnc: invalid mccmnc:null ,null
11-08 16:17:09.703  1716  2539 D MmsServiceBroker: getCarrierConfigValues() by com.android.messaging
11-08 16:17:09.703  2042  2100 D MmsService: getCarrierConfigValues
11-08 16:17:09.703  2042  2100 I MmsService: mms config for sub 1: null
11-08 16:17:09.704  2798  2823 I MessagingApp: Carrier configs loaded: Bundle[{maxImageHeight=1944, maxMessageSize=1048576, maxImageWidth=2592}] from resources+system for subId=1
11-08 16:17:09.709  2798  2817 I MessagingAppDataModel: Fixup: Send failed - 0 Download failed - 0
11-08 16:17:09.710  2042  2829 I MmsService: MmsConfigManager loads in background mcc/mnc: 310/260
11-08 16:17:09.711  2042  2828 I MmsService: MmsConfigManager loads in background mcc/mnc: 310/260
11-08 16:17:09.716  1716  2539 D WificondControl: Scan result ready event
11-08 16:17:09.716  1696  1696 I wificond: Unexpected empty scan result!
11-08 16:17:09.723  2042  2827 I MmsService: MmsConfigManager loads in background mcc/mnc: 310/260
11-08 16:17:09.744  2818  2818 I com.android.nf: The ClassLoaderContext is a special shared library.
11-08 16:17:09.759  2798  2816 W MessagingApp: canonicalizeMccMnc: invalid mccmnc:null ,null
11-08 16:17:09.768  1716  2539 D MmsServiceBroker: getCarrierConfigValues() by com.android.messaging
11-08 16:17:09.769  2042  2100 D MmsService: getCarrierConfigValues
11-08 16:17:09.769  2042  2100 I MmsService: mms config for sub 1: Bundle[{httpSocketTimeout=60000, aliasMinChars=2, smsToMmsTextThreshold=-1, enableSMSDeliveryReports=true, maxMessageTextSize=-1, supportMmsContentDisposition=true, enabledTransID=false, aliasEnabled=false, supportHttpCharsetHeader=false, allowAttachAudio=true, smsToMmsTextLengthThreshold=-1, recipientLimit=2147483647, uaProfTagName=x-wap-profile, aliasMaxChars=48, maxImageHeight=1944, enableMMSDeliveryReports=false, userAgent=, mmsCloseConnection=false, config_cellBroadcastAppLinks=true, maxSubjectLength=40, httpParams=, enableGroupMms=true, emailGatewayNumber=, maxMessageSize=1048576, naiSuffix=, enableMMSReadReports=false, maxImageWidth=2592, uaProfUrl=, enabledMMS=false, enabledNotifyWapMMSC=false, sendMultipartSmsAsSeparateMessages=false, enableMultipartSMS=true}]
11-08 16:17:09.769  2798  2816 I MessagingApp: Carrier configs loaded: Bundle[{httpSocketTimeout=60000, aliasMinChars=2, smsToMmsTextThreshold=-1, enableSMSDeliveryReports=true, maxMessageTextSize=-1, supportMmsContentDisposition=true, enabledTransID=false, aliasEnabled=false, supportHttpCharsetHeader=false, allowAttachAudio=true, smsToMmsTextLengthThreshold=-1, recipientLimit=2147483647, uaProfTagName=x-wap-profile, aliasMaxChars=48, maxImageHeight=1944, enableMMSDeliveryReports=false, userAgent=, mmsCloseConnection=false, config_cellBroadcastAppLinks=true, maxSubjectLength=40, httpParams=, enableGroupMms=true, emailGatewayNumber=, maxMessageSize=1048576, naiSuffix=, enableMMSReadReports=false, maxImageWidth=2592, uaProfUrl=, enabledMMS=false, enabledNotifyWapMMSC=false, sendMultipartSmsAsSeparateMessages=false, enableMultipartSMS=true}] from resources+system for subId=1
11-08 16:17:09.770  2798  2839 I MessagingAppDataModel: SyncMessagesAction: Starting batch for messages from -1 to 1667920629657 (message update limit = 80, message scan limit = 4000)
11-08 16:17:09.783  1716  2539 D PackageManager: Instant App installer not found with android.intent.action.INSTALL_INSTANT_APP_PACKAGE
11-08 16:17:09.783  1716  2539 D PackageManager: Clear ephemeral installer activity
11-08 16:17:09.784  1716  1830 I ActivityManager: Killing 2818:com.android.nfc/1027 (adj 0): change com.android.nfc
11-08 16:17:09.784  1716  1811 W libprocessgroup: kill(-2818, 9) failed: No such process
11-08 16:17:09.793  1716  1900 I InputReader: Reconfiguring input devices.  changes=0x00000010
11-08 16:17:09.800  1716  1716 I Telecom : DefaultDialerCache: Refreshing default dialer for user 0: now com.android.dialer: DDC.oR@AG4
11-08 16:17:09.807  2042  2042 D CarrierSvcBindHelper: No carrier app for: 0
11-08 16:17:09.809  1716  2539 E ActivityManager: Sending non-protected broadcast com.android.systemui.demo from system 2050:com.android.systemui/u0a14 pkg com.android.systemui
11-08 16:17:09.809  1716  2539 E ActivityManager: java.lang.Throwable
11-08 16:17:09.809  1716  2539 E ActivityManager: 	at com.android.server.am.ActivityManagerService.checkBroadcastFromSystem(ActivityManagerService.java:21199)
11-08 16:17:09.809  1716  2539 E ActivityManager: 	at com.android.server.am.ActivityManagerService.broadcastIntentLocked(ActivityManagerService.java:21710)
11-08 16:17:09.809  1716  2539 E ActivityManager: 	at com.android.server.am.ActivityManagerService.broadcastIntent(ActivityManagerService.java:21945)
11-08 16:17:09.809  1716  2539 E ActivityManager: 	at android.app.IActivityManager$Stub.onTransact$broadcastIntent$(IActivityManager.java:10171)
11-08 16:17:09.809  1716  2539 E ActivityManager: 	at android.app.IActivityManager$Stub.onTransact(IActivityManager.java:167)
11-08 16:17:09.809  1716  2539 E ActivityManager: 	at com.android.server.am.ActivityManagerService.onTransact(ActivityManagerService.java:3291)
11-08 16:17:09.809  1716  2539 E ActivityManager: 	at android.os.Binder.execTransact(Binder.java:731)
11-08 16:17:09.812  1716  2539 E ActivityManager: Sending non-protected broadcast com.android.systemui.demo from system 2050:com.android.systemui/u0a14 pkg com.android.systemui
11-08 16:17:09.812  1716  2539 E ActivityManager: java.lang.Throwable
11-08 16:17:09.812  1716  2539 E ActivityManager: 	at com.android.server.am.ActivityManagerService.checkBroadcastFromSystem(ActivityManagerService.java:21199)
11-08 16:17:09.812  1716  2539 E ActivityManager: 	at com.android.server.am.ActivityManagerService.broadcastIntentLocked(ActivityManagerService.java:21803)
11-08 16:17:09.812  1716  2539 E ActivityManager: 	at com.android.server.am.ActivityManagerService.broadcastIntent(ActivityManagerService.java:21945)
11-08 16:17:09.812  1716  2539 E ActivityManager: 	at android.app.IActivityManager$Stub.onTransact$broadcastIntent$(IActivityManager.java:10171)
11-08 16:17:09.812  1716  2539 E ActivityManager: 	at android.app.IActivityManager$Stub.onTransact(IActivityManager.java:167)
11-08 16:17:09.812  1716  2539 E ActivityManager: 	at com.android.server.am.ActivityManagerService.onTransact(ActivityManagerService.java:3291)
11-08 16:17:09.812  1716  2539 E ActivityManager: 	at android.os.Binder.execTransact(Binder.java:731)
11-08 16:17:09.816  1716  1810 I ActivityManager: Start proc 2843:com.android.onetimeinitializer/u0a22 for broadcast com.android.onetimeinitializer/.OneTimeInitializerReceiver
11-08 16:17:09.816  1716  1798 D AutofillManagerServiceImpl: Reset component for user 0 ()
11-08 16:17:09.816  1716  1809 D AutofillUI: destroySaveUiUiThread(): already destroyed
11-08 16:17:09.816  1716  1798 D AutofillManagerServiceImpl: Reset component for user 0 ()
11-08 16:17:09.816  1716  1798 D FieldClassificationStrategy: reset(): service is not bound. Do nothing.
11-08 16:17:09.816  1716  1798 W VoiceInteractionManagerService: no available voice interaction services found for user 0
11-08 16:17:09.829  1716  1811 W libprocessgroup: kill(-2818, 9) failed: No such process
11-08 16:17:09.854  2843  2843 W timeinitialize: Unexpected CPU variant for X86 using defaults: x86_64
11-08 16:17:09.858  1670  1670 I Zygote  : Process 2818 exited due to signal (9)
11-08 16:17:09.866  1716  1811 W libprocessgroup: kill(-2818, 9) failed: No such process
11-08 16:17:09.866  1716  1811 I libprocessgroup: Successfully killed process cgroup uid 1027 pid 2818 in 81ms
11-08 16:17:09.873  2798  2848 I MessagingAppDataModel: SyncMessagesAction: All messages now in sync
11-08 16:17:09.906  2843  2843 I timeinitialize: The ClassLoaderContext is a special shared library.
11-08 16:17:09.942  2843  2859 I OneTimeInitializer: Updating to version 1.
11-08 16:17:09.943  2843  2859 E ActivityThread: Failed to find provider info for com.android.launcher2.settings
11-08 16:17:09.946  1716  2539 I ActivityManager: Killing 2082:com.android.settings:CryptKeeper/1000 (adj 906): empty #17
11-08 16:17:09.946  1716  1811 W libprocessgroup: kill(-2082, 9) failed: No such process
11-08 16:17:09.955  1716  1936 I GnssLocationProvider: WakeLock acquired by sendMessage(REPORT_SV_STATUS, 0, com.android.server.location.GnssLocationProvider$SvStatusInfo@922de85)
11-08 16:17:09.955  1716  1798 I GnssLocationProvider: WakeLock released by handleMessage(REPORT_SV_STATUS, 0, com.android.server.location.GnssLocationProvider$SvStatusInfo@922de85)
11-08 16:17:09.957  1716  1810 I ActivityManager: Start proc 2861:com.android.packageinstaller/u0a21 for broadcast com.android.packageinstaller/.TemporaryFileManager
11-08 16:17:09.962  2861  2861 W ackageinstalle: Unexpected CPU variant for X86 using defaults: x86_64
11-08 16:17:09.967  1670  1670 I Zygote  : Process 2082 exited due to signal (9)
11-08 16:17:09.986  1716  1811 W libprocessgroup: kill(-2082, 9) failed: No such process
11-08 16:17:09.986  1716  1811 I libprocessgroup: Successfully killed process cgroup uid 1000 pid 2082 in 39ms
11-08 16:17:10.000  2861  2861 I ackageinstalle: The ClassLoaderContext is a special shared library.
11-08 16:17:10.013  2042  2042 I VvmSimStateTracker: android.intent.action.BOOT_COMPLETED
11-08 16:17:10.014  1716  2539 I ActivityManager: Killing 2398:com.android.carrierconfig/u0a13 (adj 906): empty #17
11-08 16:17:10.015  1716  1811 W libprocessgroup: kill(-2398, 9) failed: No such process
11-08 16:17:10.036  1670  1670 I Zygote  : Process 2398 exited due to signal (9)
11-08 16:17:10.060  1716  1811 W libprocessgroup: kill(-2398, 9) failed: No such process
11-08 16:17:10.060  1716  1811 I libprocessgroup: Successfully killed process cgroup uid 10013 pid 2398 in 44ms
11-08 16:17:10.091  1716  1876 D CountryDetector: The first listener is added
11-08 16:17:10.196  1716  1810 I ActivityManager: Start proc 2879:com.android.traceur/u0a56 for broadcast com.android.traceur/.Receiver
11-08 16:17:10.197  2879  2879 W android.traceu: Unexpected CPU variant for X86 using defaults: x86_64
11-08 16:17:10.214  2879  2879 I android.traceu: The ClassLoaderContext is a special shared library.
11-08 16:17:10.234  1716  1876 I ActivityManager: Finished processing BOOT_COMPLETED for u0
11-08 16:17:10.214  2879  2879 I android.traceu: The ClassLoaderContext is a special shared library.
11-08 16:17:10.235  2298  2298 D CellBroadcastReceiver: onReceive Intent { act=android.telephony.action.CARRIER_CONFIG_CHANGED flg=0x5000010 cmp=com.android.cellbroadcastreceiver/.CellBroadcastReceiver (has extras) }
11-08 16:17:10.236  2298  2298 D CellBroadcastReceiver: Start Cell Broadcast configuration.
11-08 16:17:10.236  2298  2298 D CellBroadcastReceiver: Default interval 0 did not change.
11-08 16:17:10.237  2042  2042 D OtaspSimStateReceiver: Received intent: android.telephony.action.CARRIER_CONFIG_CHANGED
11-08 16:17:10.237  2042  2042 D OtaspSimStateReceiver: otasp activation not needed: no supported carrier
11-08 16:17:10.238  2042  2042 I VvmSimStateTracker: android.telephony.action.CARRIER_CONFIG_CHANGED
11-08 16:17:10.238  2042  2042 I VvmSimStateTracker: Service connected on ComponentInfo{com.android.phone/com.android.services.telephony.TelephonyConnectionService}, ***, UserHandle{0}
11-08 16:17:10.245  2042  2042 I RemoteVvmTaskManager: Binding to ComponentInfo{com.android.dialer/com.android.voicemail.impl.OmtpService}
11-08 16:17:10.248  2342  2342 I Dialer  : VvmOmtpService - onCellServiceConnected
11-08 16:17:10.257  2342  2342 I Dialer  : VvmTaskReceiver - task received
11-08 16:17:10.257  2342  2342 I Dialer  : VvmTaskReceiver - TaskExecutor already running
11-08 16:17:10.257  2342  2342 I Dialer  : Task.createTask - create task:com.android.voicemail.impl.ActivationTask
11-08 16:17:10.257  2342  2342 I Dialer  : TaskQueue.add - duplicated task added
11-08 16:17:10.257  2342  2342 I Dialer  : VvmTaskExecutor - com.android.voicemail.impl.ActivationTask@5f68b32 added
11-08 16:17:10.268  2298  2895 D CellBroadcastConfigService: Enable CellBroadcast on sub 1
11-08 16:17:10.269  2042  2100 D IccSmsInterfaceManager: [IccSmsInterfaceManager] Calling setGsmBroadcastConfig with 1 configurations
11-08 16:17:10.270  2042  2100 D IccSmsInterfaceManager: [IccSmsInterfaceManager] Failed to add GSM cell broadcast subscription for MID range 4370 to 4370 from client com.android.cellbroadcastreceiver
11-08 16:17:10.270  2042  2100 D IccSmsInterfaceManager: [IccSmsInterfaceManager] Calling setCdmaBroadcastConfig with 1 configurations
11-08 16:17:10.271  2042  2100 D IccSmsInterfaceManager: [IccSmsInterfaceManager] Failed to add cdma broadcast subscription for MID range 4096 to 4096 from client com.android.cellbroadcastreceiver
11-08 16:17:10.271  2042  2100 D IccSmsInterfaceManager: [IccSmsInterfaceManager] Calling setGsmBroadcastConfig with 1 configurations
11-08 16:17:10.272  2042  2100 D IccSmsInterfaceManager: [IccSmsInterfaceManager] Failed to add GSM cell broadcast subscription for MID range 4383 to 4383 from client com.android.cellbroadcastreceiver
11-08 16:17:10.273  2042  2100 D IccSmsInterfaceManager: [IccSmsInterfaceManager] Calling setGsmBroadcastConfig with 1 configurations
11-08 16:17:10.273  2042  2100 D IccSmsInterfaceManager: [IccSmsInterfaceManager] Failed to add GSM cell broadcast subscription for MID range 4371 to 4372 from client com.android.cellbroadcastreceiver
11-08 16:17:10.276  2042  2100 D IccSmsInterfaceManager: [IccSmsInterfaceManager] Calling setCdmaBroadcastConfig with 1 configurations
11-08 16:17:10.277  2042  2100 D IccSmsInterfaceManager: [IccSmsInterfaceManager] Failed to add cdma broadcast subscription for MID range 4097 to 4097 from client com.android.cellbroadcastreceiver
11-08 16:17:10.277  2042  2100 D IccSmsInterfaceManager: [IccSmsInterfaceManager] Calling setGsmBroadcastConfig with 1 configurations
11-08 16:17:10.278  2042  2100 D IccSmsInterfaceManager: [IccSmsInterfaceManager] Failed to add GSM cell broadcast subscription for MID range 4384 to 4385 from client com.android.cellbroadcastreceiver
11-08 16:17:10.279  2042  2100 D IccSmsInterfaceManager: [IccSmsInterfaceManager] Calling setGsmBroadcastConfig with 1 configurations
11-08 16:17:10.279  2042  2100 D IccSmsInterfaceManager: [IccSmsInterfaceManager] Failed to add GSM cell broadcast subscription for MID range 4373 to 4378 from client com.android.cellbroadcastreceiver
11-08 16:17:10.280  2042  2100 D IccSmsInterfaceManager: [IccSmsInterfaceManager] Calling setCdmaBroadcastConfig with 1 configurations
11-08 16:17:10.281  2042  2100 D IccSmsInterfaceManager: [IccSmsInterfaceManager] Failed to add cdma broadcast subscription for MID range 4098 to 4098 from client com.android.cellbroadcastreceiver
11-08 16:17:10.281  2042  2100 D IccSmsInterfaceManager: [IccSmsInterfaceManager] Calling setGsmBroadcastConfig with 1 configurations
11-08 16:17:10.282  2042  2100 D IccSmsInterfaceManager: [IccSmsInterfaceManager] Failed to add GSM cell broadcast subscription for MID range 4386 to 4391 from client com.android.cellbroadcastreceiver
11-08 16:17:10.283  2042  2100 D IccSmsInterfaceManager: [IccSmsInterfaceManager] Calling setGsmBroadcastConfig with 1 configurations
11-08 16:17:10.283  2042  2100 D IccSmsInterfaceManager: [IccSmsInterfaceManager] Failed to add GSM cell broadcast subscription for MID range 4379 to 4379 from client com.android.cellbroadcastreceiver
11-08 16:17:10.284  2042  2100 D IccSmsInterfaceManager: [IccSmsInterfaceManager] Calling setCdmaBroadcastConfig with 1 configurations
11-08 16:17:10.285  2042  2100 D IccSmsInterfaceManager: [IccSmsInterfaceManager] Failed to add cdma broadcast subscription for MID range 4099 to 4099 from client com.android.cellbroadcastreceiver
11-08 16:17:10.286  2042  2100 D IccSmsInterfaceManager: [IccSmsInterfaceManager] Calling setGsmBroadcastConfig with 1 configurations
11-08 16:17:10.287  2042  2100 D IccSmsInterfaceManager: [IccSmsInterfaceManager] Failed to add GSM cell broadcast subscription for MID range 4392 to 4392 from client com.android.cellbroadcastreceiver
11-08 16:17:10.288  2042  2100 D IccSmsInterfaceManager: [IccSmsInterfaceManager] Failed to remove GSM cell broadcast subscription for MID range 4380 to 4380 from client com.android.cellbroadcastreceiver
11-08 16:17:10.290  2042  2100 D IccSmsInterfaceManager: [IccSmsInterfaceManager] Failed to remove cdma broadcast subscription for MID range 4100 to 4100 from client com.android.cellbroadcastreceiver
11-08 16:17:10.292  2042  2100 D IccSmsInterfaceManager: [IccSmsInterfaceManager] Failed to remove GSM cell broadcast subscription for MID range 4393 to 4393 from client com.android.cellbroadcastreceiver
11-08 16:17:10.292  2042  2100 D IccSmsInterfaceManager: [IccSmsInterfaceManager] Failed to remove GSM cell broadcast subscription for MID range 4381 to 4381 from client com.android.cellbroadcastreceiver
11-08 16:17:10.293  2042  2100 D IccSmsInterfaceManager: [IccSmsInterfaceManager] Failed to remove GSM cell broadcast subscription for MID range 4394 to 4394 from client com.android.cellbroadcastreceiver
11-08 16:17:10.294  2042  2100 D IccSmsInterfaceManager: [IccSmsInterfaceManager] Failed to remove GSM cell broadcast subscription for MID range 4382 to 4382 from client com.android.cellbroadcastreceiver
11-08 16:17:10.294  2042  2100 D IccSmsInterfaceManager: [IccSmsInterfaceManager] Failed to remove GSM cell broadcast subscription for MID range 4395 to 4395 from client com.android.cellbroadcastreceiver
11-08 16:17:10.295  2042  2100 D IccSmsInterfaceManager: [IccSmsInterfaceManager] Calling setGsmBroadcastConfig with 1 configurations
11-08 16:17:10.295  2042  2100 D IccSmsInterfaceManager: [IccSmsInterfaceManager] Failed to add GSM cell broadcast subscription for MID range 4352 to 4354 from client com.android.cellbroadcastreceiver
11-08 16:17:10.297  2042  2100 D IccSmsInterfaceManager: [IccSmsInterfaceManager] Calling setGsmBroadcastConfig with 1 configurations
11-08 16:17:10.298  2042  2100 D IccSmsInterfaceManager: [IccSmsInterfaceManager] Failed to add GSM cell broadcast subscription for MID range 4356 to 4356 from client com.android.cellbroadcastreceiver
11-08 16:17:10.298  2042  2100 D IccSmsInterfaceManager: [IccSmsInterfaceManager] Failed to remove GSM cell broadcast subscription for MID range 4355 to 4355 from client com.android.cellbroadcastreceiver
11-08 16:17:10.299  1716  1761 I ActivityManager: Killing 2504:com.android.sdksetup/u0a12 (adj 906): empty #17
11-08 16:17:10.301  1716  1811 W libprocessgroup: kill(-2504, 9) failed: No such process
11-08 16:17:10.313  1716  1733 I system_server: Background concurrent copying GC freed 38224(2MB) AllocSpace objects, 41(1536KB) LOS objects, 42% free, 6MB/10MB, paused 22us total 113.086ms
11-08 16:17:10.326  1670  1670 I Zygote  : Process 2504 exited due to signal (9)
11-08 16:17:10.336  2386  2877 I MediaScanner: forcing rescan of /system/media/audio/notifications/Rubidium.ogg since build fingerprint changed
11-08 16:17:10.346  1716  1811 W libprocessgroup: kill(-2504, 9) failed: No such process
11-08 16:17:10.346  1716  1811 I libprocessgroup: Successfully killed process cgroup uid 10012 pid 2504 in 44ms
11-08 16:17:10.353  2386  2877 I MediaScanner: forcing rescan of /system/media/audio/notifications/Vega.ogg since build fingerprint changed
11-08 16:17:10.359  2386  2877 I MediaScanner: forcing rescan of /system/media/audio/notifications/Bellatrix.ogg since build fingerprint changed
11-08 16:17:10.364  2386  2877 I MediaScanner: forcing rescan of /system/media/audio/notifications/Betelgeuse.ogg since build fingerprint changed
11-08 16:17:10.368  2386  2877 I MediaScanner: forcing rescan of /system/media/audio/notifications/Upsilon.ogg since build fingerprint changed
11-08 16:17:10.375  2386  2877 I MediaScanner: forcing rescan of /system/media/audio/notifications/Strontium.ogg since build fingerprint changed
11-08 16:17:10.389  2386  2877 I MediaScanner: forcing rescan of /system/media/audio/notifications/Pollux.ogg since build fingerprint changed
11-08 16:17:10.401  2386  2877 I MediaScanner: forcing rescan of /system/media/audio/notifications/DearDeer.ogg since build fingerprint changed
11-08 16:17:10.408  2386  2877 I MediaScanner: forcing rescan of /system/media/audio/notifications/Highwire.ogg since build fingerprint changed
11-08 16:17:10.419  2386  2877 I MediaScanner: forcing rescan of /system/media/audio/notifications/Merope.ogg since build fingerprint changed
11-08 16:17:10.432  2386  2877 I MediaScanner: forcing rescan of /system/media/audio/notifications/Gallium.ogg since build fingerprint changed
11-08 16:17:10.437  2386  2877 I MediaScanner: forcing rescan of /system/media/audio/notifications/Antares.ogg since build fingerprint changed
11-08 16:17:10.448  2386  2877 I MediaScanner: forcing rescan of /system/media/audio/notifications/Cricket.ogg since build fingerprint changed
11-08 16:17:10.456  2386  2877 I MediaScanner: forcing rescan of /system/media/audio/notifications/Capella.ogg since build fingerprint changed
11-08 16:17:10.464  2386  2877 I MediaScanner: forcing rescan of /system/media/audio/notifications/Beryllium.ogg since build fingerprint changed
11-08 16:17:10.471  2386  2877 I MediaScanner: forcing rescan of /system/media/audio/notifications/Syrma.ogg since build fingerprint changed
11-08 16:17:10.480  2386  2877 I MediaScanner: forcing rescan of /system/media/audio/notifications/Arcturus.ogg since build fingerprint changed
11-08 16:17:10.485  2386  2877 I MediaScanner: forcing rescan of /system/media/audio/notifications/Voila.ogg since build fingerprint changed
11-08 16:17:10.503  2386  2877 I MediaScanner: forcing rescan of /system/media/audio/notifications/Radon.ogg since build fingerprint changed
11-08 16:17:10.541  2386  2877 I MediaScanner: forcing rescan of /system/media/audio/notifications/Heaven.ogg since build fingerprint changed
11-08 16:17:10.550  2386  2877 I MediaScanner: forcing rescan of /system/media/audio/notifications/Polaris.ogg since build fingerprint changed
11-08 16:17:10.559  2386  2877 I MediaScanner: forcing rescan of /system/media/audio/notifications/Zirconium.ogg since build fingerprint changed
11-08 16:17:10.565  2386  2877 I MediaScanner: forcing rescan of /system/media/audio/notifications/Deneb.ogg since build fingerprint changed
11-08 16:17:10.570  2386  2877 I MediaScanner: forcing rescan of /system/media/audio/notifications/Xenon.ogg since build fingerprint changed
11-08 16:17:10.579  2386  2877 I MediaScanner: forcing rescan of /system/media/audio/notifications/Drip.ogg since build fingerprint changed
11-08 16:17:10.586  2386  2877 I MediaScanner: forcing rescan of /system/media/audio/notifications/Doink.ogg since build fingerprint changed
11-08 16:17:10.591  2386  2877 I MediaScanner: forcing rescan of /system/media/audio/notifications/Lalande.ogg since build fingerprint changed
11-08 16:17:10.598  2386  2877 I MediaScanner: forcing rescan of /system/media/audio/notifications/regulus.ogg since build fingerprint changed
11-08 16:17:10.604  2386  2877 I MediaScanner: forcing rescan of /system/media/audio/notifications/Proxima.ogg since build fingerprint changed
11-08 16:17:10.608  2386  2877 I MediaScanner: forcing rescan of /system/media/audio/notifications/Fluorine.ogg since build fingerprint changed
11-08 16:17:10.619  2386  2877 I MediaScanner: forcing rescan of /system/media/audio/notifications/Thallium.ogg since build fingerprint changed
11-08 16:17:10.629  2386  2877 I MediaScanner: forcing rescan of /system/media/audio/notifications/Tejat.ogg since build fingerprint changed
11-08 16:17:10.635  2386  2877 I MediaScanner: forcing rescan of /system/media/audio/notifications/Krypton.ogg since build fingerprint changed
11-08 16:17:10.652  2386  2877 I MediaScanner: forcing rescan of /system/media/audio/notifications/Palladium.ogg since build fingerprint changed
11-08 16:17:10.658  2386  2877 I MediaScanner: forcing rescan of /system/media/audio/notifications/CaffeineSnake.ogg since build fingerprint changed
11-08 16:17:10.666  2386  2877 I MediaScanner: forcing rescan of /system/media/audio/notifications/arcturus.ogg since build fingerprint changed
11-08 16:17:10.670  2386  2877 I MediaScanner: forcing rescan of /system/media/audio/notifications/Argon.ogg since build fingerprint changed
11-08 16:17:10.678  2386  2877 I MediaScanner: forcing rescan of /system/media/audio/notifications/Beat_Box_Android.ogg since build fingerprint changed
11-08 16:17:10.688  2386  2877 I MediaScanner: forcing rescan of /system/media/audio/notifications/Shaula.ogg since build fingerprint changed
11-08 16:17:10.703  2386  2877 I MediaScanner: forcing rescan of /system/media/audio/notifications/F1_MissedCall.ogg since build fingerprint changed
11-08 16:17:10.713  2386  2877 I MediaScanner: forcing rescan of /system/media/audio/notifications/Altair.ogg since build fingerprint changed
11-08 16:17:10.713  1716  1716 I TransportClient: LocalTransportService#0: Notifying [TransportManager.registerTransport()] transport = IBackupTransport
11-08 16:17:10.713  1716  2373 D BackupTransportManager: Transport android/com.android.internal.backup.LocalTransportService registered
11-08 16:17:10.713  1716  2373 D BackupManagerService: Transport android/com.android.internal.backup.LocalTransport registered 3044ms after first request (delay = 3000ms)
11-08 16:17:10.717  2386  2877 I MediaScanner: forcing rescan of /system/media/audio/notifications/sirius.ogg since build fingerprint changed
11-08 16:17:10.728  2386  2877 I MediaScanner: forcing rescan of /system/media/audio/notifications/Talitha.ogg since build fingerprint changed
11-08 16:17:10.733  2386  2877 I MediaScanner: forcing rescan of /system/media/audio/notifications/Alya.ogg since build fingerprint changed
11-08 16:17:10.737  2386  2877 I MediaScanner: forcing rescan of /system/media/audio/notifications/Mira.ogg since build fingerprint changed
11-08 16:17:10.748  2386  2877 I MediaScanner: forcing rescan of /system/media/audio/notifications/Sirrah.ogg since build fingerprint changed
11-08 16:17:10.758  2386  2877 I MediaScanner: forcing rescan of /system/media/audio/notifications/Aldebaran.ogg since build fingerprint changed
11-08 16:17:10.765  2386  2877 I MediaScanner: forcing rescan of /system/media/audio/notifications/TaDa.ogg since build fingerprint changed
11-08 16:17:10.772  2386  2877 I MediaScanner: forcing rescan of /system/media/audio/notifications/Castor.ogg since build fingerprint changed
11-08 16:17:10.778  2386  2877 W MediaScanner: forcing rescan of /system/media/audio/notifications/pixiedust.oggsince ringtone setting didn't finish
11-08 16:17:10.802  1684  1794 E MetadataRetrieverClient: failed to extract an album art
11-08 16:17:10.808  1684  1794 E MetadataRetrieverClient: failed to extract an album art
11-08 16:17:10.846  2386  2877 E SQLiteDatabase: Error inserting title_key=)K-OQKQM parent=4 is_music=false title=Arcturus _size=7908 duration=1000 bucket_id=-1608219629 is_alarm=false album_artist=null media_type=2 is_notification=true track=2 bucket_display_name=notifications _data=/system/media/audio/notifications/arcturus.ogg is_drm=false _display_name=arcturus.ogg composer=null format=47362 title_resource_uri=null is_ringtone=false artist_id=3 is_podcast=false date_added=1667920630 date_modified=1533059818 mime_type=application/ogg album_id=1
11-08 16:17:10.846  2386  2877 E SQLiteDatabase: android.database.sqlite.SQLiteConstraintException: UNIQUE constraint failed: files._data (code 2067 SQLITE_CONSTRAINT_UNIQUE)
11-08 16:17:10.846  2386  2877 E SQLiteDatabase: 	at android.database.sqlite.SQLiteConnection.nativeExecuteForLastInsertedRowId(Native Method)
11-08 16:17:10.846  2386  2877 E SQLiteDatabase: 	at android.database.sqlite.SQLiteConnection.executeForLastInsertedRowId(SQLiteConnection.java:796)
11-08 16:17:10.846  2386  2877 E SQLiteDatabase: 	at android.database.sqlite.SQLiteSession.executeForLastInsertedRowId(SQLiteSession.java:788)
11-08 16:17:10.846  2386  2877 E SQLiteDatabase: 	at android.database.sqlite.SQLiteStatement.executeInsert(SQLiteStatement.java:86)
11-08 16:17:10.846  2386  2877 E SQLiteDatabase: 	at android.database.sqlite.SQLiteDatabase.insertWithOnConflict(SQLiteDatabase.java:1564)
11-08 16:17:10.846  2386  2877 E SQLiteDatabase: 	at android.database.sqlite.SQLiteDatabase.insert(SQLiteDatabase.java:1433)
11-08 16:17:10.846  2386  2877 E SQLiteDatabase: 	at com.android.providers.media.MediaProvider.insertFile(MediaProvider.java:2359)
11-08 16:17:10.846  2386  2877 E SQLiteDatabase: 	at com.android.providers.media.MediaProvider.insertInternal(MediaProvider.java:2592)
11-08 16:17:10.846  2386  2877 E SQLiteDatabase: 	at com.android.providers.media.MediaProvider.bulkInsert(MediaProvider.java:1853)
11-08 16:17:10.846  2386  2877 E SQLiteDatabase: 	at android.content.ContentProvider$Transport.bulkInsert(ContentProvider.java:280)
11-08 16:17:10.846  2386  2877 E SQLiteDatabase: 	at android.content.ContentProviderClient.bulkInsert(ContentProviderClient.java:299)
11-08 16:17:10.846  2386  2877 E SQLiteDatabase: 	at android.media.MediaInserter.flush(MediaInserter.java:91)
11-08 16:17:10.846  2386  2877 E SQLiteDatabase: 	at android.media.MediaInserter.flushAll(MediaInserter.java:74)
11-08 16:17:10.846  2386  2877 E SQLiteDatabase: 	at android.media.MediaScanner$MyMediaScannerClient.endFile(MediaScanner.java:1062)
11-08 16:17:10.846  2386  2877 E SQLiteDatabase: 	at android.media.MediaScanner$MyMediaScannerClient.doScanFile(MediaScanner.java:655)
11-08 16:17:10.846  2386  2877 E SQLiteDatabase: 	at android.media.MediaScanner$MyMediaScannerClient.scanFile(MediaScanner.java:581)
11-08 16:17:10.846  2386  2877 E SQLiteDatabase: 	at android.media.MediaScanner.processDirectory(Native Method)
11-08 16:17:10.846  2386  2877 E SQLiteDatabase: 	at android.media.MediaScanner.scanDirectories(MediaScanner.java:1365)
11-08 16:17:10.846  2386  2877 E SQLiteDatabase: 	at com.android.providers.media.MediaScannerService.scan(MediaScannerService.java:83)
11-08 16:17:10.846  2386  2877 E SQLiteDatabase: 	at com.android.providers.media.MediaScannerService.access$300(MediaScannerService.java:47)
11-08 16:17:10.846  2386  2877 E SQLiteDatabase: 	at com.android.providers.media.MediaScannerService$ServiceHandler.handleMessage(MediaScannerService.java:258)
11-08 16:17:10.846  2386  2877 E SQLiteDatabase: 	at android.os.Handler.dispatchMessage(Handler.java:106)
11-08 16:17:10.846  2386  2877 E SQLiteDatabase: 	at android.os.Looper.loop(Looper.java:193)
11-08 16:17:10.846  2386  2877 E SQLiteDatabase: 	at com.android.providers.media.MediaScannerService.run(MediaScannerService.java:162)
11-08 16:17:10.846  2386  2877 E SQLiteDatabase: 	at java.lang.Thread.run(Thread.java:764)
11-08 16:17:10.857  2386  2877 I MediaScanner: forcing rescan of /system/media/audio/notifications/SpaceSeed.ogg since build fingerprint changed
11-08 16:17:10.867  2386  2877 I MediaScanner: forcing rescan of /system/media/audio/notifications/Cobalt.ogg since build fingerprint changed
11-08 16:17:10.872  2386  2877 I MediaScanner: forcing rescan of /system/media/audio/notifications/Electra.ogg since build fingerprint changed
11-08 16:17:10.878  2386  2877 I MediaScanner: forcing rescan of /system/media/audio/notifications/Adara.ogg since build fingerprint changed
11-08 16:17:10.883  2386  2877 I MediaScanner: forcing rescan of /system/media/audio/notifications/Antimony.ogg since build fingerprint changed
11-08 16:17:10.901  2386  2877 I MediaScanner: forcing rescan of /system/media/audio/notifications/Canopus.ogg since build fingerprint changed
11-08 16:17:10.906  2386  2877 I MediaScanner: forcing rescan of /system/media/audio/notifications/moonbeam.ogg since build fingerprint changed
11-08 16:17:10.913  2386  2877 I MediaScanner: forcing rescan of /system/media/audio/notifications/Procyon.ogg since build fingerprint changed
11-08 16:17:10.922  2386  2877 I MediaScanner: forcing rescan of /system/media/audio/notifications/Helium.ogg since build fingerprint changed
11-08 16:17:10.928  2386  2877 I MediaScanner: forcing rescan of /system/media/audio/notifications/Plastic_Pipe.ogg since build fingerprint changed
11-08 16:17:10.934  2386  2877 I MediaScanner: forcing rescan of /system/media/audio/notifications/DontPanic.ogg since build fingerprint changed
11-08 16:17:10.946  2386  2877 I MediaScanner: forcing rescan of /system/media/audio/notifications/OnTheHunt.ogg since build fingerprint changed
11-08 16:17:10.955  1716  1936 I GnssLocationProvider: WakeLock acquired by sendMessage(REPORT_SV_STATUS, 0, com.android.server.location.GnssLocationProvider$SvStatusInfo@7d870e1)
11-08 16:17:10.956  1716  1798 I GnssLocationProvider: WakeLock released by handleMessage(REPORT_SV_STATUS, 0, com.android.server.location.GnssLocationProvider$SvStatusInfo@7d870e1)
11-08 16:17:10.957  2386  2877 I MediaScanner: forcing rescan of /system/media/audio/notifications/pizzicato.ogg since build fingerprint changed
11-08 16:17:10.967  2386  2877 I MediaScanner: forcing rescan of /system/media/audio/notifications/Spica.ogg since build fingerprint changed
11-08 16:17:10.973  2386  2877 I MediaScanner: forcing rescan of /system/media/audio/notifications/vega.ogg since build fingerprint changed
11-08 16:17:10.996  2298  2313 I oadcastreceive: Waiting for a blocking GC ProfileSaver
11-08 16:17:10.999  2386  2877 I MediaScanner: forcing rescan of /system/media/audio/notifications/F1_New_SMS.ogg since build fingerprint changed
11-08 16:17:11.008  2386  2877 I MediaScanner: forcing rescan of /system/media/audio/notifications/Iridium.ogg since build fingerprint changed
11-08 16:17:11.031  2386  2877 I MediaScanner: forcing rescan of /system/media/audio/notifications/KzurbSonar.ogg since build fingerprint changed
11-08 16:17:11.041  2386  2877 I MediaScanner: forcing rescan of /system/media/audio/notifications/Hojus.ogg since build fingerprint changed
11-08 16:17:11.050  2386  2877 I MediaScanner: forcing rescan of /system/media/audio/notifications/F1_New_MMS.ogg since build fingerprint changed
11-08 16:17:11.066  2386  2877 I MediaScanner: forcing rescan of /system/media/audio/notifications/Tinkerbell.ogg since build fingerprint changed
11-08 16:17:11.078  2386  2877 I MediaScanner: forcing rescan of /system/media/audio/notifications/tweeters.ogg since build fingerprint changed
11-08 16:17:11.085  2386  2877 I MediaScanner: forcing rescan of /system/media/audio/notifications/Fomalhaut.ogg since build fingerprint changed
11-08 16:17:11.098  2386  2877 I MediaScanner: forcing rescan of /system/media/audio/notifications/Selenium.ogg since build fingerprint changed
11-08 16:17:11.111  2386  2877 I MediaScanner: forcing rescan of /system/media/audio/notifications/CetiAlpha.ogg since build fingerprint changed
11-08 16:17:11.124  2386  2877 I MediaScanner: forcing rescan of /system/media/audio/alarms/Alarm_Beep_01.ogg since build fingerprint changed
11-08 16:17:11.132  2386  2877 I MediaScanner: forcing rescan of /system/media/audio/alarms/Neon.ogg since build fingerprint changed
11-08 16:17:11.150  2386  2877 I MediaScanner: forcing rescan of /system/media/audio/alarms/Alarm_Beep_03.ogg since build fingerprint changed
11-08 16:17:11.167  2386  2877 I MediaScanner: forcing rescan of /system/media/audio/alarms/Alarm_Beep_02.ogg since build fingerprint changed
11-08 16:17:11.178  2386  2877 I MediaScanner: forcing rescan of /system/media/audio/alarms/Fermium.ogg since build fingerprint changed
11-08 16:17:11.188  2386  2877 I MediaScanner: forcing rescan of /system/media/audio/alarms/Carbon.ogg since build fingerprint changed
11-08 16:17:11.203  2386  2877 I MediaScanner: forcing rescan of /system/media/audio/alarms/Platinum.ogg since build fingerprint changed
11-08 16:17:11.219  2386  2877 I MediaScanner: forcing rescan of /system/media/audio/alarms/Alarm_Buzzer.ogg since build fingerprint changed
11-08 16:17:11.230  2386  2877 I MediaScanner: forcing rescan of /system/media/audio/alarms/Barium.ogg since build fingerprint changed
11-08 16:17:11.237  2386  2877 I MediaScanner: forcing rescan of /system/media/audio/alarms/Scandium.ogg since build fingerprint changed
11-08 16:17:11.252  2386  2877 I MediaScanner: forcing rescan of /system/media/audio/alarms/Alarm_Rooster_02.ogg since build fingerprint changed
11-08 16:17:11.262  2386  2877 I MediaScanner: forcing rescan of /system/media/audio/alarms/Plutonium.ogg since build fingerprint changed
11-08 16:17:11.278  2386  2877 I MediaScanner: forcing rescan of /system/media/audio/alarms/Krypton.ogg since build fingerprint changed
11-08 16:17:11.289  2386  2877 I MediaScanner: forcing rescan of /system/media/audio/alarms/Hassium.ogg since build fingerprint changed
11-08 16:17:11.304  2386  2877 I MediaScanner: forcing rescan of /system/media/audio/alarms/Argon.ogg since build fingerprint changed
11-08 16:17:11.321  2386  2877 I MediaScanner: forcing rescan of /system/media/audio/alarms/Nobelium.ogg since build fingerprint changed
11-08 16:17:11.339  2386  2877 I MediaScanner: forcing rescan of /system/media/audio/alarms/Osmium.ogg since build fingerprint changed
11-08 16:17:11.349  2386  2877 W MediaScanner: forcing rescan of /system/media/audio/alarms/Alarm_Classic.oggsince ringtone setting didn't finish
11-08 16:17:11.401  1684  2910 E MetadataRetrieverClient: failed to extract an album art
11-08 16:17:11.432  2386  2877 I MediaScanner: forcing rescan of /system/media/audio/alarms/Cesium.ogg since build fingerprint changed
11-08 16:17:11.437  2386  2877 I MediaScanner: forcing rescan of /system/media/audio/alarms/Neptunium.ogg since build fingerprint changed
11-08 16:17:11.454  2386  2877 I MediaScanner: forcing rescan of /system/media/audio/alarms/Promethium.ogg since build fingerprint changed
11-08 16:17:11.469  2386  2877 I MediaScanner: forcing rescan of /system/media/audio/alarms/Helium.ogg since build fingerprint changed
11-08 16:17:11.497  2386  2877 I MediaScanner: forcing rescan of /system/media/audio/alarms/Oxygen.ogg since build fingerprint changed
11-08 16:17:11.667  2386  2877 I MediaScanner: forcing rescan of /system/media/audio/ringtones/BirdLoop.ogg since build fingerprint changed
11-08 16:17:11.688  2386  2877 I MediaScanner: forcing rescan of /system/media/audio/ringtones/MidEvilJaunt.ogg since build fingerprint changed
11-08 16:17:11.699  2386  2877 I MediaScanner: forcing rescan of /system/media/audio/ringtones/Perseus.ogg since build fingerprint changed
11-08 16:17:11.715  2386  2877 I MediaScanner: forcing rescan of /system/media/audio/ringtones/CrazyDream.ogg since build fingerprint changed
11-08 16:17:11.732  2386  2877 I MediaScanner: forcing rescan of /system/media/audio/ringtones/CrayonRock.ogg since build fingerprint changed
11-08 16:17:11.740  2386  2877 I MediaScanner: forcing rescan of /system/media/audio/ringtones/BussaMove.ogg since build fingerprint changed
11-08 16:17:11.756  2386  2877 I MediaScanner: forcing rescan of /system/media/audio/ringtones/SitarVsSitar.ogg since build fingerprint changed
11-08 16:17:11.765  2386  2877 I MediaScanner: forcing rescan of /system/media/audio/ringtones/NewPlayer.ogg since build fingerprint changed
11-08 16:17:11.773  2386  2877 I MediaScanner: forcing rescan of /system/media/audio/ringtones/RomancingTheTone.ogg since build fingerprint changed
11-08 16:17:11.779  2386  2877 I MediaScanner: forcing rescan of /system/media/audio/ringtones/Andromeda.ogg since build fingerprint changed
11-08 16:17:11.785  2386  2877 I MediaScanner: forcing rescan of /system/media/audio/ringtones/PERSEUS.ogg since build fingerprint changed
11-08 16:17:11.796  2386  2877 I MediaScanner: forcing rescan of /system/media/audio/ringtones/Safari.ogg since build fingerprint changed
