11-08 16:17:07.249  1716  1877 I PackageManager: Replacing preferred activity com.android.messaging/.ui.conversation.LaunchConversationActivity for user 0:
11-08 16:17:07.256  1716  1810 W ActivityManager: Slow operation: 91ms so far, now at startProcess: done updating battery stats
11-08 16:17:07.256  1716  1810 W ActivityManager: Slow operation: 91ms so far, now at startProcess: building log message
11-08 16:17:07.256  1716  1810 I ActivityManager: Start proc 2509:com.android.provision/u0a8 for activity com.android.provision/.DefaultActivity
11-08 16:17:07.256  1716  1810 W ActivityManager: Slow operation: 91ms so far, now at startProcess: starting to update pids map
11-08 16:17:07.256  1716  1810 W ActivityManager: Slow operation: 91ms so far, now at startProcess: done updating pids map
11-08 16:17:07.260  1669  1852 W SurfaceFlinger: Attempting to destroy on removed layer: AppWindowToken{583b756 token=Token{3e0ed71 ActivityRecord{2d50f18 u0 com.android.settings/.FallbackHome t2}}}#0
11-08 16:17:07.265  2509  2509 W droid.provisio: Unexpected CPU variant for X86 using defaults: x86_64
11-08 16:17:07.267  1716  1798 E memtrack: Couldn't load memtrack module
11-08 16:17:07.267  1716  1798 W android.os.Debug: failed to get memory consumption info: -1
11-08 16:17:07.268  1716  1798 E memtrack: Couldn't load memtrack module
11-08 16:17:07.268  1716  1798 W android.os.Debug: failed to get memory consumption info: -1
11-08 16:17:07.269  1716  1798 E memtrack: Couldn't load memtrack module
11-08 16:17:07.269  1716  1798 W android.os.Debug: failed to get memory consumption info: -1
11-08 16:17:07.286  2504  2504 I ndroid.sdksetu: The ClassLoaderContext is a special shared library.
11-08 16:17:07.301  1716  1798 E memtrack: Couldn't load memtrack module
11-08 16:17:07.301  1716  1798 W android.os.Debug: failed to get memory consumption info: -1
11-08 16:17:07.302  1716  1798 E memtrack: Couldn't load memtrack module
11-08 16:17:07.302  1716  1798 W android.os.Debug: failed to get memory consumption info: -1
11-08 16:17:07.304  1716  1798 E memtrack: Couldn't load memtrack module
11-08 16:17:07.304  1716  1798 W android.os.Debug: failed to get memory consumption info: -1
11-08 16:17:07.305  1716  1798 E memtrack: Couldn't load memtrack module
11-08 16:17:07.305  1716  1798 W android.os.Debug: failed to get memory consumption info: -1
11-08 16:17:07.305  1716  1798 E memtrack: Couldn't load memtrack module
11-08 16:17:07.305  1716  1798 W android.os.Debug: failed to get memory consumption info: -1
11-08 16:17:07.329  1716  1798 E memtrack: Couldn't load memtrack module
11-08 16:17:07.329  1716  1798 W android.os.Debug: failed to get memory consumption info: -1
11-08 16:17:07.330  1716  1798 E memtrack: Couldn't load memtrack module
11-08 16:17:07.330  1716  1798 W android.os.Debug: failed to get memory consumption info: -1
11-08 16:17:07.330  1716  1798 E memtrack: Couldn't load memtrack module
11-08 16:17:07.330  1716  1798 W android.os.Debug: failed to get memory consumption info: -1
11-08 16:17:07.335  1716  1798 E memtrack: Couldn't load memtrack module
11-08 16:17:07.335  1716  1798 W android.os.Debug: failed to get memory consumption info: -1
11-08 16:17:07.335  1716  1798 E memtrack: Couldn't load memtrack module
11-08 16:17:07.335  1716  1798 W android.os.Debug: failed to get memory consumption info: -1
11-08 16:17:07.335  1716  1798 E memtrack: Couldn't load memtrack module
11-08 16:17:07.335  1716  1798 W android.os.Debug: failed to get memory consumption info: -1
11-08 16:17:07.336  1716  1798 E memtrack: Couldn't load memtrack module
11-08 16:17:07.336  1716  1798 W android.os.Debug: failed to get memory consumption info: -1
11-08 16:17:07.347  1669  1669 D SurfaceFlinger: duplicate layer name: changing Surface(name=AppWindowToken{b3d2be4 token=Token{2a84377 ActivityRecord{1c78176 u0 com.android.sdksetup/.DefaultActivity t3}}})/@0xdc49e6b - animation-leash to Surface(name=AppWindowToken{b3d2be4 token=Token{2a84377 ActivityRecord{1c78176 u0 com.android.sdksetup/.DefaultActivity t3}}})/@0xdc49e6b - animation-leash#1
11-08 16:17:07.350  1716  2385 W ActivityManager: Slow operation: 60ms so far, now at attachApplicationLocked: after mServices.attachApplicationLocked
11-08 16:17:07.352  2042  2042 D CallNotifier: updatePhoneStateListeners: update CF notifications.
11-08 16:17:07.352  2042  2042 I NotificationMgr: updateCfi: subId= 1, visible=N
11-08 16:17:07.352  2042  2042 I NotificationMgr: updateMwi(): subId 1 update to false
11-08 16:17:07.356  2509  2509 I droid.provisio: The ClassLoaderContext is a special shared library.
11-08 16:17:07.372  2342  2342 I Dialer  : LegacyVoicemailNotificationReceiver.onReceive - received legacy voicemail notification
11-08 16:17:07.372  2342  2342 I Dialer  : LegacyVoicemailNotificationReceiver.onReceive - isRefresh: true
11-08 16:17:07.372  2342  2342 I Dialer  : LegacyVoicemailNotificationReceiver.onReceive - clearing notification
11-08 16:17:07.372  2342  2342 I Dialer  : LegacyVoicemailNotifier.cancelNotification - enter
11-08 16:17:07.373  2042  2042 I TelecomFramework: PstnIncomingCallNotifier: Unregistering: Handler (com.android.internal.telephony.GsmCdmaPhone) {9e57f9}
11-08 16:17:07.382  2469  2525 I ContactsDatabaseHelper: Bootstrapping database contacts2.db version: 1300
11-08 16:17:07.391  2042  2091 W System  : A resource failed to call close. 
11-08 16:17:07.393  1716  2385 I Telecom : PhoneAccountRegistrar: Modify account: [ComponentInfo{com.android.phone/com.android.services.telephony.TelephonyConnectionService}, ***, UserHandle{0}]: TSI.rPA@AD4
11-08 16:17:07.397  2050  2050 I ImageWallpaper: Redrawing in rect: RectF(0.0, 0.0, 1243.0, 1024.0) with surface size: 1243x1024
11-08 16:17:07.398  2050  2233 D EGL_emulation: eglMakeCurrent: 0x7613b1019e40: ver 3 0 (tinfo 0x7613c072a300)
11-08 16:17:07.400  1547  1595 D gralloc_ranchu: gralloc_alloc: Creating ashmem region of size 5095424
11-08 16:17:07.405  2042  2042 I TelecomFramework: AccountEntry: Registered phoneAccount: [[ ] PhoneAccount: ComponentInfo{com.android.phone/com.android.services.telephony.TelephonyConnectionService}, ***, UserHandle{0} Capabilities: CallProvider MultiUser PlaceEmerg SimSub  Audio Routes: BESW Schemes: tel voicemail  Extras: Bundle[{android.telecom.extra.SUPPORTS_VIDEO_CALLING_FALLBACK=true}] GroupId: ***] with handle: ComponentInfo{com.android.phone/com.android.services.telephony.TelephonyConnectionService}, ***, UserHandle{0}
11-08 16:17:07.405  2042  2042 I TelecomFramework: PstnIncomingCallNotifier: Registering: Handler (com.android.internal.telephony.GsmCdmaPhone) {9e57f9}
11-08 16:17:07.406  2050  2050 I Choreographer: Skipped 83 frames!  The application may be doing too much work on its main thread.
11-08 16:17:07.416  2042  2042 D CallNotifier: updatePhoneStateListeners: update CF notifications.
11-08 16:17:07.416  2042  2042 I NotificationMgr: updateCfi: subId= 1, visible=N
11-08 16:17:07.417  2042  2042 I NotificationMgr: updateMwi(): subId 1 update to false
11-08 16:17:07.419  1716  2536 D PackageManager: Instant App installer not found with android.intent.action.INSTALL_INSTANT_APP_PACKAGE
11-08 16:17:07.419  1716  2536 D PackageManager: Clear ephemeral installer activity
11-08 16:17:07.425  2509  2509 D OpenGLRenderer: Skia GL Pipeline
11-08 16:17:07.428  1716  2290 I ActivityManager: START u0 {act=android.intent.action.MAIN cat=[android.intent.category.HOME] flg=0x10000100 cmp=com.android.launcher3/.Launcher} from uid 0
11-08 16:17:07.433  2392  2392 W ActivityThread: handleWindowVisibility: no activity for token android.os.BinderProxy@a5504d0
11-08 16:17:07.440  1716  1798 E memtrack: Couldn't load memtrack module
11-08 16:17:07.440  1716  1798 W android.os.Debug: failed to get memory consumption info: -1
11-08 16:17:07.441  1716  1798 E memtrack: Couldn't load memtrack module
11-08 16:17:07.441  1716  1798 W android.os.Debug: failed to get memory consumption info: -1
11-08 16:17:07.461  2469  2469 I ContactsPerf: VoicemailContentProvider.onCreate start
11-08 16:17:07.479  2342  2342 I Dialer  : LegacyVoicemailNotificationReceiver.onReceive - received legacy voicemail notification
11-08 16:17:07.479  2342  2342 I Dialer  : LegacyVoicemailNotificationReceiver.onReceive - isRefresh: true
11-08 16:17:07.479  2342  2342 I Dialer  : LegacyVoicemailNotificationReceiver.onReceive - clearing notification
11-08 16:17:07.479  2342  2342 I Dialer  : LegacyVoicemailNotifier.cancelNotification - enter
11-08 16:17:07.485  1716  2536 W WallpaperManagerService: Cannot extract colors because wallpaper could not be read.
11-08 16:17:07.485  1716  2536 W WallpaperManagerService: Cannot get theme colors because WallpaperColors is null.
11-08 16:17:07.491  2392  2392 D OpenGLRenderer: Skia GL Pipeline
11-08 16:17:07.491  2042  2042 I TelecomFramework: PstnIncomingCallNotifier: Unregistering: Handler (com.android.internal.telephony.GsmCdmaPhone) {9e57f9}
11-08 16:17:07.503  1716  2539 I Telecom : PhoneAccountRegistrar: Modify account: [ComponentInfo{com.android.phone/com.android.services.telephony.TelephonyConnectionService}, ***, UserHandle{0}]: TSI.rPA@AEM
11-08 16:17:07.504  2042  2042 I TelecomFramework: AccountEntry: Registered phoneAccount: [[ ] PhoneAccount: ComponentInfo{com.android.phone/com.android.services.telephony.TelephonyConnectionService}, ***, UserHandle{0} Capabilities: CallProvider MultiUser PlaceEmerg SimSub  Audio Routes: BESW Schemes: tel voicemail  Extras: Bundle[{android.telecom.extra.SUPPORTS_VIDEO_CALLING_FALLBACK=true}] GroupId: ***] with handle: ComponentInfo{com.android.phone/com.android.services.telephony.TelephonyConnectionService}, ***, UserHandle{0}
11-08 16:17:07.504  2042  2042 I TelecomFramework: PstnIncomingCallNotifier: Registering: Handler (com.android.internal.telephony.GsmCdmaPhone) {9e57f9}
11-08 16:17:07.506  1716  1798 E memtrack: Couldn't load memtrack module
11-08 16:17:07.506  1716  1798 W android.os.Debug: failed to get memory consumption info: -1
11-08 16:17:07.510  2469  2469 I ContactsPerf: VoicemailContentProvider.onCreate finish
11-08 16:17:07.515  2042  2042 I TelecomFramework: PstnPhoneCapabilitiesNotifier: handleVideoCapabilitesChanged. Video capability - false
11-08 16:17:07.518  2469  2469 I d.process.acor: The ClassLoaderContext is a special shared library.
11-08 16:17:07.515  2042  2042 I TelecomFramework: PstnPhoneCapabilitiesNotifier: handleVideoCapabilitesChanged. Video capability - false
11-08 16:17:07.521  1716  1716 W Looper  : Slow dispatch took 554ms main h=android.app.ActivityThread$H c=android.app.-$$Lambda$LoadedApk$ReceiverDispatcher$Args$_BumDX2UKsnxLVrE6UJsJZkotuA@c2cfaf7 m=0
11-08 16:17:07.522  1716  1716 W Looper  : Slow delivery took 553ms main h=com.android.server.notification.NotificationManagerService$WorkerHandler c=com.android.server.notification.NotificationManagerService$14@5a84d64 m=0
11-08 16:17:07.522  1716  1716 I GnssLocationProvider: WakeLock acquired by sendMessage(SUBSCRIPTION_OR_SIM_CHANGED, 0, null)
11-08 16:17:07.522  1716  1716 I LockSettingsService: Reporting device setup complete to IGateKeeperService
11-08 16:17:07.523  1704  1704 D PermissionCache: checking android.permission.ACCESS_KEYGUARD_SECURE_STORAGE for uid=1000 => granted (443 us)
11-08 16:17:07.524  1704  1704 I gatekeeperd: cold boot: clearing state
11-08 16:17:07.526  1716  1716 I Telecom : DefaultDialerCache: Refreshing default dialer for user 0: now com.android.dialer: DDC.oR@AEY
11-08 16:17:07.526  1716  1716 I GnssLocationProvider: WakeLock acquired by sendMessage(SUBSCRIPTION_OR_SIM_CHANGED, 0, null)
11-08 16:17:07.531  1716  1716 W Looper  : Drained
11-08 16:17:07.532  1716  1716 I DevicePolicyManager: Set ro.device_owner property to false
11-08 16:17:07.526  1716  1716 I GnssLocationProvider: WakeLock acquired by sendMessage(SUBSCRIPTION_OR_SIM_CHANGED, 0, null)
11-08 16:17:07.534  2469  2469 D StrictMode: StrictMode policy violation; ~duration=241 ms: android.os.strictmode.DiskWriteViolation
11-08 16:17:07.534  2469  2469 D StrictMode: 	at android.os.StrictMode$AndroidBlockGuardPolicy.onWriteToDisk(StrictMode.java:1460)
11-08 16:17:07.534  2469  2469 D StrictMode: 	at libcore.io.BlockGuardOs.mkdir(BlockGuardOs.java:196)
11-08 16:17:07.534  2469  2469 D StrictMode: 	at android.system.Os.mkdir(Os.java:323)
11-08 16:17:07.534  2469  2469 D StrictMode: 	at android.app.ContextImpl.ensurePrivateDirExists(ContextImpl.java:608)
11-08 16:17:07.534  2469  2469 D StrictMode: 	at android.app.ContextImpl.ensurePrivateDirExists(ContextImpl.java:596)
11-08 16:17:07.534  2469  2469 D StrictMode: 	at android.app.ContextImpl.getPreferencesDir(ContextImpl.java:552)
11-08 16:17:07.534  2469  2469 D StrictMode: 	at android.app.ContextImpl.getSharedPreferencesPath(ContextImpl.java:747)
11-08 16:17:07.534  2469  2469 D StrictMode: 	at android.app.ContextImpl.getSharedPreferences(ContextImpl.java:400)
11-08 16:17:07.534  2469  2469 D StrictMode: 	at android.preference.PreferenceManager.getDefaultSharedPreferences(PreferenceManager.java:526)
11-08 16:17:07.534  2469  2469 D StrictMode: 	at com.android.providers.contacts.FastScrollingIndexCache.getInstance(FastScrollingIndexCache.java:95)
11-08 16:17:07.534  2469  2469 D StrictMode: 	at com.android.providers.contacts.ContactsProvider2.initialize(ContactsProvider2.java:1588)
11-08 16:17:07.534  2469  2469 D StrictMode: 	at com.android.providers.contacts.ContactsProvider2.onCreate(ContactsProvider2.java:1563)
11-08 16:17:07.534  2469  2469 D StrictMode: 	at android.content.ContentProvider.attachInfo(ContentProvider.java:1917)
11-08 16:17:07.534  2469  2469 D StrictMode: 	at android.content.ContentProvider.attachInfo(ContentProvider.java:1892)
11-08 16:17:07.534  2469  2469 D StrictMode: 	at android.app.ActivityThread.installProvider(ActivityThread.java:6391)
11-08 16:17:07.534  2469  2469 D StrictMode: 	at android.app.ActivityThread.installContentProviders(ActivityThread.java:5938)
11-08 16:17:07.534  2469  2469 D StrictMode: 	at android.app.ActivityThread.handleBindApplication(ActivityThread.java:5853)
11-08 16:17:07.534  2469  2469 D StrictMode: 	at android.app.ActivityThread.access$1100(ActivityThread.java:199)
11-08 16:17:07.534  2469  2469 D StrictMode: 	at android.app.ActivityThread$H.handleMessage(ActivityThread.java:1650)
11-08 16:17:07.534  2469  2469 D StrictMode: 	at android.os.Handler.dispatchMessage(Handler.java:106)
11-08 16:17:07.534  2469  2469 D StrictMode: 	at android.os.Looper.loop(Looper.java:193)
11-08 16:17:07.534  2469  2469 D StrictMode: 	at android.app.ActivityThread.main(ActivityThread.java:6669)
11-08 16:17:07.534  2469  2469 D StrictMode: 	at java.lang.reflect.Method.invoke(Native Method)
11-08 16:17:07.534  2469  2469 D StrictMode: 	at com.android.internal.os.RuntimeInit$MethodAndArgsCaller.run(RuntimeInit.java:493)
11-08 16:17:07.534  2469  2469 D StrictMode: 	at com.android.internal.os.ZygoteInit.main(ZygoteInit.java:858)
11-08 16:17:07.534  2469  2469 D StrictMode: StrictMode policy violation; ~duration=241 ms: android.os.strictmode.DiskWriteViolation
11-08 16:17:07.534  2469  2469 D StrictMode: 	at android.os.StrictMode$AndroidBlockGuardPolicy.onWriteToDisk(StrictMode.java:1460)
11-08 16:17:07.534  2469  2469 D StrictMode: 	at libcore.io.BlockGuardOs.chmod(BlockGuardOs.java:72)
11-08 16:17:07.534  2469  2469 D StrictMode: 	at android.system.Os.chmod(Os.java:85)
11-08 16:17:07.534  2469  2469 D StrictMode: 	at android.app.ContextImpl.ensurePrivateDirExists(ContextImpl.java:609)
11-08 16:17:07.534  2469  2469 D StrictMode: 	at android.app.ContextImpl.ensurePrivateDirExists(ContextImpl.java:596)
11-08 16:17:07.534  2469  2469 D StrictMode: 	at android.app.ContextImpl.getPreferencesDir(ContextImpl.java:552)
11-08 16:17:07.534  2469  2469 D StrictMode: 	at android.app.ContextImpl.getSharedPreferencesPath(ContextImpl.java:747)
11-08 16:17:07.534  2469  2469 D StrictMode: 	at android.app.ContextImpl.getSharedPreferences(ContextImpl.java:400)
11-08 16:17:07.534  2469  2469 D StrictMode: 	at android.preference.PreferenceManager.getDefaultSharedPreferences(PreferenceManager.java:526)
11-08 16:17:07.534  2469  2469 D StrictMode: 	at com.android.providers.contacts.FastScrollingIndexCache.getInstance(FastScrollingIndexCache.java:95)
11-08 16:17:07.534  2469  2469 D StrictMode: 	at com.android.providers.contacts.ContactsProvider2.initialize(ContactsProvider2.java:1588)
11-08 16:17:07.534  2469  2469 D StrictMode: 	at com.android.providers.contacts.ContactsProvider2.onCreate(ContactsProvider2.java:1563)
11-08 16:17:07.534  2469  2469 D StrictMode: 	at android.content.ContentProvider.attachInfo(ContentProvider.java:1917)
11-08 16:17:07.534  2469  2469 D StrictMode: 	at android.content.ContentProvider.attachInfo(ContentProvider.java:1892)
11-08 16:17:07.534  2469  2469 D StrictMode: 	at android.app.ActivityThread.installProvider(ActivityThread.java:6391)
11-08 16:17:07.534  2469  2469 D StrictMode: 	at android.app.ActivityThread.installContentProviders(ActivityThread.java:5938)
11-08 16:17:07.534  2469  2469 D StrictMode: 	at android.app.ActivityThread.handleBindApplication(ActivityThread.java:5853)
11-08 16:17:07.534  2469  2469 D StrictMode: 	at android.app.ActivityThread.access$1100(ActivityThread.java:199)
11-08 16:17:07.534  2469  2469 D StrictMode: 	at android.app.ActivityThread$H.handleMessage(ActivityThread.java:1650)
11-08 16:17:07.534  2469  2469 D StrictMode: 	at android.os.Handler.dispatchMessage(Handler.java:106)
11-08 16:17:07.534  2469  2469 D StrictMode: 	at android.os.Looper.loop(Looper.java:193)
11-08 16:17:07.534  2469  2469 D StrictMode: 	at android.app.ActivityThread.main(ActivityThread.java:6669)
11-08 16:17:07.534  2469  2469 D StrictMode: 	at java.lang.reflect.Method.invoke(Native Method)
11-08 16:17:07.534  2469  2469 D StrictMode: 	at com.android.internal.os.RuntimeInit$MethodAndArgsCaller.run(RuntimeInit.java:493)
11-08 16:17:07.534  2469  2469 D StrictMode: 	at com.android.internal.os.ZygoteInit.main(ZygoteInit.java:858)
11-08 16:17:07.539  1716  1716 I DefaultPermGrantPolicy: Granting permissions to default sms app for user:0
11-08 16:17:07.539  1716  1716 W DevicePolicyManager: Trying to set ro.device_owner, but it has already been set?
11-08 16:17:07.554  1716  1733 I system_server: Background concurrent copying GC freed 48639(2MB) AllocSpace objects, 75(2MB) LOS objects, 42% free, 7MB/12MB, paused 21us total 534.688ms
11-08 16:17:07.605  2392  2392 W System  : ClassLoader referenced unknown path: 
11-08 16:17:07.625  1669  1736 E SurfaceFlinger: ro.sf.lcd_density must be defined as a build property
11-08 16:17:07.639  1547  1595 D gralloc_ranchu: gralloc_alloc: Creating ashmem region of size 823296
11-08 16:17:07.640  1547  1595 I chatty  : uid=1000(system) HwBinder:1547_2 identical 1 line
11-08 16:17:07.640  1547  1595 D gralloc_ranchu: gralloc_alloc: Creating ashmem region of size 823296
11-08 16:17:07.641  2392  2564 D         : HostConnection::get() New Host Connection established 0x7613bed85360, tid 2564
11-08 16:17:07.648  2392  2564 I ConfigStore: android::hardware::configstore::V1_0::ISurfaceFlingerConfigs::hasWideColorDisplay retrieved: 0
11-08 16:17:07.648  2392  2564 I ConfigStore: android::hardware::configstore::V1_0::ISurfaceFlingerConfigs::hasHDRDisplay retrieved: 0
11-08 16:17:07.648  2392  2564 I OpenGLRenderer: Initialized EGL, version 1.4
11-08 16:17:07.648  2392  2564 D OpenGLRenderer: Swap behavior 1
11-08 16:17:07.649  2392  2497 D LoaderTask: loadWorkspace: loading default favorites
11-08 16:17:07.649  2392  2564 D EGL_emulation: eglCreateContext: 0x7613b349efc0: maj 3 min 0 rcv 3
11-08 16:17:07.650  2392  2564 D EGL_emulation: eglMakeCurrent: 0x7613b349efc0: ver 3 0 (tinfo 0x7613b34b5840)
11-08 16:17:07.652  1669  2142 E SurfaceFlinger: ro.sf.lcd_density must be defined as a build property
11-08 16:17:07.660  1716  2385 I Telecom : PhoneAccountRegistrar: Modify account: [ComponentInfo{com.android.phone/com.android.services.telephony.TelephonyConnectionService}, ***, UserHandle{0}]: TSI.rPA@AEc
11-08 16:17:07.661  2042  2042 D TelephonyProvider: subIdString = 1 subId = 1
11-08 16:17:07.661  2042  2042 D TelephonyProvider: getPreferredApnIdFromApn: for subId 1
11-08 16:17:07.667  2392  2564 D EGL_emulation: eglMakeCurrent: 0x7613b349efc0: ver 3 0 (tinfo 0x7613b34b5840)
11-08 16:17:07.678  2050  2105 I ndroid.systemu: NativeAlloc concurrent copying GC freed 10306(963KB) AllocSpace objects, 29(644KB) LOS objects, 49% free, 4MB/9MB, paused 160.596ms total 184.151ms
11-08 16:17:07.715  2392  2497 D LauncherProvider: loading default workspace
11-08 16:17:07.733  1716  2549 D ConnectivityService: registerNetworkAgent NetworkAgentInfo{ ni{[type: MOBILE[LTE], state: CONNECTED/CONNECTED, reason: connected, extra: epc.tmobile.com, failover: false, available: true, roaming: false]}  network{100}  nethandle{432902426637}  lp{{InterfaceName: radio0 LinkAddresses: [192.168.200.2/24,]  Routes: [0.0.0.0/0 -> 192.168.200.1 radio0,192.168.200.0/24 -> 0.0.0.0 radio0,] DnsAddresses: [10.0.2.3,] UsePrivateDns: false PrivateDnsServerName: null Domains: null MTU: 1500 TcpBufferSizes: 524288,1048576,2097152,262144,524288,1048576}}  nc{[ Transports: CELLULAR Capabilities: MMS&SUPL&DUN&FOTA&IMS&CBS&IA&INTERNET&NOT_RESTRICTED&TRUSTED&NOT_VPN&NOT_ROAMING&FOREGROUND&NOT_CONGESTED&NOT_SUSPENDED Unwanted:  LinkUpBandwidth>=51200Kbps LinkDnBandwidth>=102400Kbps Specifier: <1>]}  Score{10}  everValidated{false}  lastValidated{false}  created{false} lingering{false} explicitlySelected{false} acceptUnvalidated{false} everCaptivePortalDetected{false} lastCaptivePortalDetected{false} clat{null} }
11-08 16:17:07.733  1716  1922 D ConnectivityService: NetworkAgentInfo [MOBILE (LTE) - 100] EVENT_NETWORK_INFO_CHANGED, going from null to CONNECTED
11-08 16:17:07.734  1685  1755 D TcpSocketMonitor: resuming tcpinfo polling (interval=30000ms)
11-08 16:17:07.734  1716  1922 W DnsManager: updatePrivateDns(100, PrivateDnsConfig{true:/[]})
11-08 16:17:07.734  1716  1922 D ConnectivityService: Setting DNS servers for network 100 to [/10.0.2.3]
11-08 16:17:07.734  1716  1922 D DnsManager: setDnsConfigurationForNetwork(100, [10.0.2.3], [], [1800, 25, 8, 64], , [10.0.2.3])
11-08 16:17:07.739  1716  1922 D ConnectivityService: Adding iface radio0 to network 100
11-08 16:17:07.740  2050  2233 D EGL_emulation: eglMakeCurrent: 0x7613b1019e40: ver 3 0 (tinfo 0x7613c072a300)
11-08 16:17:07.745  1669  1669 D SurfaceFlinger: duplicate layer name: changing Surface(name=AppWindowToken{989bf37 token=Token{3169436 ActivityRecord{d73b1d1 u0 com.android.provision/.DefaultActivity t4}}})/@0xd2fc2a5 - animation-leash to Surface(name=AppWindowToken{989bf37 token=Token{3169436 ActivityRecord{d73b1d1 u0 com.android.provision/.DefaultActivity t4}}})/@0xd2fc2a5 - animation-leash#1
11-08 16:17:07.751  1716  1822 I ActivityManager: Displayed com.android.launcher3/.Launcher: +316ms (total +963ms)
11-08 16:17:07.760  1716  1922 E ConnectivityService: exception in setMtu()java.lang.IllegalStateException: command '36 interface setmtu radio0 1500' failed with '400 36 Failed to set MTU (Permission denied)'
11-08 16:17:07.767  2050  2233 I OpenGLRenderer: Davey! duration=1680ms; Flags=0, IntendedVsync=15860081798, Vsync=17243415076, OldestInputEvent=9223372036854775807, NewestInputEvent=0, HandleInputStart=17250327578, AnimationStart=17250350587, PerformTraversalsStart=17250732481, DrawStart=17518150147, SyncQueued=17519158971, SyncStart=17589751661, IssueDrawCommandsStart=17589791345, SwapBuffers=17591411601, FrameCompleted=17610957293, DequeueBufferDuration=46000, QueueBufferDuration=188000, 
11-08 16:17:07.769  1716  1922 D ConnectivityService: Setting DNS servers for network 100 to [/10.0.2.3]
11-08 16:17:07.769  1716  1922 D DnsManager: setDnsConfigurationForNetwork(100, [10.0.2.3], [], [1800, 25, 8, 64], , [10.0.2.3])
11-08 16:17:07.771  2050  2050 E StatusBarSignalPolicy: Unexpected subscription 1
11-08 16:17:07.773  1716  1922 W BestClock: java.time.DateTimeException: Missing NTP fix
11-08 16:17:07.777  1716  1922 W BestClock: java.time.DateTimeException: Missing NTP fix
11-08 16:17:07.778  1716  1914 W BestClock: java.time.DateTimeException: Missing NTP fix
11-08 16:17:07.779  1716  1922 W BestClock: java.time.DateTimeException: Missing NTP fix
11-08 16:17:07.782  2042  2042 D TelephonyProvider: subIdString = 1 subId = 1
11-08 16:17:07.782  2042  2042 D TelephonyProvider: getPreferredApnIdFromApn: for subId 1
11-08 16:17:07.784  1716  1922 W BestClock: java.time.DateTimeException: Missing NTP fix
11-08 16:17:07.785  1716  1914 W BestClock: java.time.DateTimeException: Missing NTP fix
11-08 16:17:07.786  2042  2042 D TelephonyProvider: subIdString = 1 subId = 1
11-08 16:17:07.786  2042  2042 D TelephonyProvider: getPreferredApnIdFromApn: for subId 1
11-08 16:17:07.788  1716  1922 D ConnectivityService: Switching to new default network: NetworkAgentInfo{ ni{[type: MOBILE[LTE], state: CONNECTED/CONNECTED, reason: connected, extra: epc.tmobile.com, failover: false, available: true, roaming: false]}  network{100}  nethandle{432902426637}  lp{{InterfaceName: radio0 LinkAddresses: [192.168.200.2/24,]  Routes: [0.0.0.0/0 -> 192.168.200.1 radio0,192.168.200.0/24 -> 0.0.0.0 radio0,] DnsAddresses: [10.0.2.3,] UsePrivateDns: false PrivateDnsServerName: null Domains: null MTU: 1500 TcpBufferSizes: 524288,1048576,2097152,262144,524288,1048576}}  nc{[ Transports: CELLULAR Capabilities: MMS&SUPL&DUN&FOTA&IMS&CBS&IA&INTERNET&NOT_RESTRICTED&TRUSTED&NOT_VPN&NOT_ROAMING&FOREGROUND&NOT_CONGESTED&NOT_SUSPENDED Unwanted:  LinkUpBandwidth>=51200Kbps LinkDnBandwidth>=102400Kbps Specifier: <1>]}  Score{10}  everValidated{false}  lastValidated{false}  created{true} lingering{false} explicitlySelected{false} acceptUnvalidated{false} everCaptivePortalDetected{false} lastCaptivePortalDetected{false} clat{null} }
11-08 16:17:07.792  2042  2042 D TelephonyProvider: subIdString = 1 subId = 1
11-08 16:17:07.792  2042  2042 D TelephonyProvider: getPreferredApnIdFromApn: for subId 1
11-08 16:17:07.793  2042  2042 D TelephonyProvider: subIdString = 1 subId = 1
11-08 16:17:07.793  2042  2042 D TelephonyProvider: getPreferredApnIdFromApn: for subId 1
11-08 16:17:07.794  2042  2042 D TelephonyProvider: subIdString = 1 subId = 1
11-08 16:17:07.794  2042  2042 D TelephonyProvider: getPreferredApnIdFromApn: for subId 1
11-08 16:17:07.794  2042  2042 D TelephonyProvider: subIdString = 1 subId = 1
11-08 16:17:07.794  2042  2042 D TelephonyProvider: getPreferredApnIdFromApn: for subId 1
11-08 16:17:07.795  2042  2042 D TelephonyProvider: subIdString = 1 subId = 1
11-08 16:17:07.795  2042  2042 D TelephonyProvider: getPreferredApnIdFromApn: for subId 1
11-08 16:17:07.796  2042  2042 D TelephonyProvider: subIdString = 1 subId = 1
11-08 16:17:07.796  2042  2042 D TelephonyProvider: getPreferredApnIdFromApn: for subId 1
11-08 16:17:07.796  1716  1798 E memtrack: Couldn't load memtrack module
11-08 16:17:07.796  1716  1798 W android.os.Debug: failed to get memory consumption info: -1
11-08 16:17:07.811  1716  1922 W BestClock: java.time.DateTimeException: Missing NTP fix
11-08 16:17:07.820  1716  2373 I BackupManagerService: Unlocking system user; mService=com.android.server.backup.BackupManagerService@196b09a
11-08 16:17:07.820  1716  2373 I BackupManagerService: Backup enable apparently not migrated
11-08 16:17:07.820  1716  2373 I BackupManagerService: Migrating enable state false
11-08 16:17:07.813  1716  1922 W BestClock: java.time.DateTimeException: Missing NTP fix
11-08 16:17:07.822  2392  2497 W DefaultLayoutParser: No preference or single system activity found for Intent { act=android.intent.action.MAIN cat=[android.intent.category.APP_BROWSER] }
11-08 16:17:07.843  2042  2042 D TelephonyProvider: subIdString = 1 subId = 1
11-08 16:17:07.843  2042  2042 D TelephonyProvider: getPreferredApnIdFromApn: for subId 1
11-08 16:17:07.843  1716  1983 D NetworkTimeUpdateService: New default network 100; checking time.
11-08 16:17:07.844  1716  1922 D ConnectivityService: Sending CONNECTED broadcast for type 0 NetworkAgentInfo [MOBILE (LTE) - 100] isDefaultNetwork=true
11-08 16:17:07.847  2042  2042 D TelephonyProvider: subIdString = 1 subId = 1
11-08 16:17:07.879  1669  2142 W SurfaceFlinger: Attempting to destroy on removed layer: AppWindowToken{989bf37 token=Token{3169436 ActivityRecord{d73b1d1 u0 com.android.provision/.DefaultActivity t4}}}#0
11-08 16:17:07.883  1716  2570 D NetworkMonitor/NetworkAgentInfo [MOBILE (LTE) - 100]: PROBE_DNS www.google.com 62ms OK 142.250.186.68,2a00:1450:4001:828::2004
11-08 16:17:07.885  1716  2571 D NetworkMonitor/NetworkAgentInfo [MOBILE (LTE) - 100]: PROBE_DNS connectivitycheck.gstatic.com 66ms OK 142.250.181.227,2a00:1450:4001:82f::2003
11-08 16:17:07.888  2392  2497 W DefaultLayoutParser: No preference or single system activity found for Intent { act=android.intent.action.MAIN cat=[android.intent.category.APP_MARKET] }
11-08 16:17:07.889  2392  2497 W DefaultLayoutParser: No preference or single system activity found for Intent { act=android.intent.action.VIEW dat=market://details?id=com.android.launcher }
11-08 16:17:07.890  2042  2042 D TelephonyProvider: deletePreferredApn: for subId 1
11-08 16:17:07.890  2042  2042 D TelephonyProvider: subIdString = 1 subId = 1
11-08 16:17:07.890  2042  2042 D TelephonyProvider: setPreferredApn: _id 1 subId 1
11-08 16:17:07.917  1716  1914 W BestClock: java.time.DateTimeException: Missing NTP fix
11-08 16:17:07.920  1716  1914 I chatty  : uid=1000(system) NetworkPolicy identical 2 lines
11-08 16:17:07.922  1716  1914 W BestClock: java.time.DateTimeException: Missing NTP fix
11-08 16:17:07.923  1716  1922 W BestClock: java.time.DateTimeException: Missing NTP fix
11-08 16:17:07.923  1716  1922 W BestClock: java.time.DateTimeException: Missing NTP fix
11-08 16:17:07.924  1716  1913 W BestClock: java.time.DateTimeException: Missing NTP fix
11-08 16:17:07.926  1716  1913 W BestClock: java.time.DateTimeException: Missing NTP fix
11-08 16:17:07.926  1716  1914 W BestClock: java.time.DateTimeException: Missing NTP fix
11-08 16:17:07.936  1716  1922 W BestClock: java.time.DateTimeException: Missing NTP fix
11-08 16:17:07.942  1716  2373 I BackupManagerService: Backup enabled => false
11-08 16:17:07.936  1716  1922 W BestClock: java.time.DateTimeException: Missing NTP fix
11-08 16:17:07.944  2392  2392 D TouchInteractionService: Touch service connected
11-08 16:17:07.955  1716  1936 I GnssLocationProvider: WakeLock acquired by sendMessage(REPORT_SV_STATUS, 0, com.android.server.location.GnssLocationProvider$SvStatusInfo@374e5c6)
11-08 16:17:07.968  1716  2571 D NetworkMonitor/NetworkAgentInfo [MOBILE (LTE) - 100]: PROBE_HTTP http://connectivitycheck.gstatic.com/generate_204 time=82ms ret=204 request={User-Agent=[Mozilla/5.0 (X11; Linux x86_64) AppleWebKit/537.36 (KHTML, like Gecko) Chrome/60.0.3112.32 Safari/537.36]} headers={null=[HTTP/1.1 204 No Content], Content-Length=[0], Cross-Origin-Resource-Policy=[cross-origin], Date=[Tue, 08 Nov 2022 15:15:51 GMT], X-Android-Received-Millis=[1667920627967], X-Android-Response-Source=[NETWORK 204], X-Android-Selected-Protocol=[http/1.1], X-Android-Sent-Millis=[1667920627935]}
11-08 16:17:07.984  1669  1736 W SurfaceFlinger: Attempting to destroy on removed layer: AppWindowToken{b3d2be4 token=Token{2a84377 ActivityRecord{1c78176 u0 com.android.sdksetup/.DefaultActivity t3}}}#0
11-08 16:17:07.987  2469  2525 I ContactsProviderV1: Bootstrapping database legacy support
11-08 16:17:08.018  2386  2386 D MediaScannerReceiver: action: android.intent.action.MEDIA_MOUNTED path: /storage/emulated/0
11-08 16:17:08.024  1716  1798 E memtrack: Couldn't load memtrack module
11-08 16:17:08.024  1716  1798 W android.os.Debug: failed to get memory consumption info: -1
11-08 16:17:08.030  1716  1810 I ActivityManager: Start proc 2581:com.android.managedprovisioning/u0a33 for broadcast com.android.managedprovisioning/.ota.PreBootListener
11-08 16:17:08.045  1716  2570 D NetworkMonitor/NetworkAgentInfo [MOBILE (LTE) - 100]: PROBE_HTTPS https://www.google.com/generate_204 time=161ms ret=204 request={User-Agent=[Mozilla/5.0 (X11; Linux x86_64) AppleWebKit/537.36 (KHTML, like Gecko) Chrome/60.0.3112.32 Safari/537.36]} headers={null=[HTTP/1.1 204 No Content], Alt-Svc=[h3=":443"; ma=2592000,h3-29=":443"; ma=2592000,h3-Q050=":443"; ma=2592000,h3-Q046=":443"; ma=2592000,h3-Q043=":443"; ma=2592000,quic=":443"; ma=2592000; v="46,43"], Content-Length=[0], Cross-Origin-Resource-Policy=[cross-origin], Date=[Tue, 08 Nov 2022 15:15:51 GMT], X-Android-Received-Millis=[1667920628045], X-Android-Response-Source=[NETWORK 204], X-Android-Selected-Protocol=[http/1.1], X-Android-Sent-Millis=[1667920628013]}
11-08 16:17:08.046  1716  1922 D ConnectivityService: NetworkAgentInfo [MOBILE (LTE) - 100] validation passed
11-08 16:17:08.046  1716  1934 I GnssLocationProvider: WakeLock acquired by sendMessage(UPDATE_NETWORK_STATE, 0, 100)
11-08 16:17:08.048  1716  1922 W BestClock: java.time.DateTimeException: Missing NTP fix
11-08 16:17:08.049  2581  2581 W gedprovisionin: Unexpected CPU variant for X86 using defaults: x86_64
11-08 16:17:08.055  2469  2525 D ContactsDatabaseHelper: WAL enabled for contacts2.db: true
11-08 16:17:08.071  1557  1557 I qemu-props: tell the host boot completed
11-08 16:17:08.113  2050  2050 W KeyguardUpdateMonitor: invalid subId in handleSimStateChange()
11-08 16:17:08.114  2050  2050 W KeyguardUpdateMonitor: invalid subId in handleServiceStateChange()
11-08 16:17:08.141  2469  2546 W d.process.acor: Long monitor contention with owner Worker-1 (2525) at long android.database.sqlite.SQLiteConnection.nativePrepareStatement(long, java.lang.String)(SQLiteConnection.java:-2) waiters=0 in android.database.sqlite.SQLiteDatabase android.database.sqlite.SQLiteOpenHelper.getWritableDatabase() for 515ms
11-08 16:17:08.142  2469  2546 I CallLogDatabaseHelper: Migrating from old tables...
11-08 16:17:08.142  2469  2546 I CallLogDatabaseHelper: Source tables don't exist.
11-08 16:17:08.142  2469  2547 W d.process.acor: Long monitor contention with owner Worker-1 (2546) at android.database.sqlite.SQLiteDatabase android.database.sqlite.SQLiteOpenHelper.getWritableDatabase()(SQLiteOpenHelper.java:297) waiters=0 in android.database.sqlite.SQLiteDatabase android.database.sqlite.SQLiteOpenHelper.getReadableDatabase() for 532ms
11-08 16:17:08.152  2581  2581 I gedprovisionin: The ClassLoaderContext is a special shared library.
11-08 16:17:08.159  2469  2546 I CallLogDatabaseHelper: Migrating from old tables...
11-08 16:17:08.160  2469  2546 I CallLogDatabaseHelper: Source tables don't exist.
11-08 16:17:08.179  1669  1852 W SurfaceFlinger: Attempting to destroy on removed layer: 858b02b DockedStackDivider#0
11-08 16:17:08.190  2392  2392 E SchedPolicy: set_timerslack_ns write failed: Operation not permitted
11-08 16:17:08.195  1716  1798 E memtrack: Couldn't load memtrack module
11-08 16:17:08.195  1716  1798 W android.os.Debug: failed to get memory consumption info: -1
11-08 16:17:08.217  1716  2549 I PreBootBroadcaster: Pre-boot of {com.android.providers.calendar/com.android.providers.calendar.CalendarUpgradeReceiver} for user 0
11-08 16:17:08.218  2042  2042 I VvmSimStateTracker: android.intent.action.SIM_STATE_CHANGED
11-08 16:17:08.220  2298  2298 D CellBroadcastReceiver: onReceive Intent { act=android.telephony.action.CARRIER_CONFIG_CHANGED flg=0x5000010 cmp=com.android.cellbroadcastreceiver/.CellBroadcastReceiver (has extras) }
11-08 16:17:08.226  2298  2298 D CellBroadcastReceiver: Start Cell Broadcast configuration.
11-08 16:17:08.228  2298  2298 D CellBroadcastReceiver: Default interval 0 did not change.
11-08 16:17:08.232  2050  2050 I ImageWallpaper: Redrawing in rect: RectF(0.0, 0.0, 1243.0, 1024.0) with surface size: 1243x1024
11-08 16:17:08.233  2050  2233 D EGL_emulation: eglMakeCurrent: 0x7613b1019e40: ver 3 0 (tinfo 0x7613c072a300)
11-08 16:17:08.234  2042  2042 D OtaspSimStateReceiver: Received intent: android.telephony.action.CARRIER_CONFIG_CHANGED
11-08 16:17:08.235  2042  2042 D OtaspSimStateReceiver: otasp activation not needed: no supported carrier
11-08 16:17:08.235  2042  2042 I VvmSimStateTracker: android.telephony.action.CARRIER_CONFIG_CHANGED
11-08 16:17:08.236  2042  2042 I VvmSimStateTracker: Service connected on ComponentInfo{com.android.phone/com.android.services.telephony.TelephonyConnectionService}, ***, UserHandle{0}
11-08 16:17:08.245  2042  2042 I RemoteVvmTaskManager: Binding to ComponentInfo{com.android.dialer/com.android.voicemail.impl.OmtpService}
11-08 16:17:08.248  1716  1810 I ActivityManager: Start proc 2608:com.android.quicksearchbox/u0a63 for broadcast com.android.quicksearchbox/.SearchWidgetProvider
11-08 16:17:08.248  1547  1595 D gralloc_ranchu: gralloc_alloc: Creating ashmem region of size 5095424
11-08 16:17:08.251  2342  2342 I Dialer  : VvmOmtpService - onCellServiceConnected
11-08 16:17:08.252  2342  2342 I Dialer  : VoicemailModule.provideVoicemailClient - providing VoicemailClientImpl
11-08 16:17:08.260  2469  2525 I ContactLocale: AddressBook Labels [[en_US]]: [, A, B, C, D, E, F, G, H, I, J, K, L, M, N, O, P, Q, R, S, T, U, V, W, X, Y, Z, , , , , , , , , , , , , , , , , , , , , , , , , , , , , , , , , , , , , , , , , , , , , , , , , , , , , , , , , , , , , , , , , , , , , , , , , , , , , , , , , , , , , , , , , , , , , , , , , , , , , , , , , , , , , , , , , , , , , , , , , , , , , , , , , , , , , , , , , , , , , , , , , , , , , , , , , , , , , , , , , , , , , , , , , , , , , , , , , , , , , , , , , , , #, ]
11-08 16:17:08.273  2050  2050 I ImageWallpaper: Redrawing in rect: RectF(0.0, 0.0, 1243.0, 1024.0) with surface size: 1243x1024
11-08 16:17:08.275  2050  2050 I ImageWallpaper: Redrawing in rect: RectF(0.0, 0.0, 1243.0, 1024.0) with surface size: 1243x1024
11-08 16:17:08.275  2298  2607 D CellBroadcastConfigService: Enable CellBroadcast on sub 1
11-08 16:17:08.282  1547  1595 D gralloc_ranchu: gralloc_alloc: Creating ashmem region of size 5095424
11-08 16:17:08.289  2042  2094 D IccSmsInterfaceManager: [IccSmsInterfaceManager] Calling setGsmBroadcastConfig with 1 configurations
11-08 16:17:08.290  2042  2094 D IccSmsInterfaceManager: [IccSmsInterfaceManager] Failed to add GSM cell broadcast subscription for MID range 4370 to 4370 from client com.android.cellbroadcastreceiver
11-08 16:17:08.292  2042  2094 D IccSmsInterfaceManager: [IccSmsInterfaceManager] Calling setCdmaBroadcastConfig with 1 configurations
11-08 16:17:08.293  2042  2094 D IccSmsInterfaceManager: [IccSmsInterfaceManager] Failed to add cdma broadcast subscription for MID range 4096 to 4096 from client com.android.cellbroadcastreceiver
11-08 16:17:08.293  2042  2094 D IccSmsInterfaceManager: [IccSmsInterfaceManager] Calling setGsmBroadcastConfig with 1 configurations
11-08 16:17:08.294  2042  2094 D IccSmsInterfaceManager: [IccSmsInterfaceManager] Failed to add GSM cell broadcast subscription for MID range 4383 to 4383 from client com.android.cellbroadcastreceiver
11-08 16:17:08.295  2608  2608 W .quicksearchbo: Unexpected CPU variant for X86 using defaults: x86_64
11-08 16:17:08.296  2042  2094 D IccSmsInterfaceManager: [IccSmsInterfaceManager] Calling setGsmBroadcastConfig with 1 configurations
11-08 16:17:08.297  2042  2094 D IccSmsInterfaceManager: [IccSmsInterfaceManager] Failed to add GSM cell broadcast subscription for MID range 4371 to 4372 from client com.android.cellbroadcastreceiver
11-08 16:17:08.307  2042  2094 D IccSmsInterfaceManager: [IccSmsInterfaceManager] Calling setCdmaBroadcastConfig with 1 configurations
11-08 16:17:08.308  2042  2094 D IccSmsInterfaceManager: [IccSmsInterfaceManager] Failed to add cdma broadcast subscription for MID range 4097 to 4097 from client com.android.cellbroadcastreceiver
11-08 16:17:08.310  2042  2094 D IccSmsInterfaceManager: [IccSmsInterfaceManager] Calling setGsmBroadcastConfig with 1 configurations
11-08 16:17:08.310  2042  2094 D IccSmsInterfaceManager: [IccSmsInterfaceManager] Failed to add GSM cell broadcast subscription for MID range 4384 to 4385 from client com.android.cellbroadcastreceiver
11-08 16:17:08.312  2042  2094 D IccSmsInterfaceManager: [IccSmsInterfaceManager] Calling setGsmBroadcastConfig with 1 configurations
11-08 16:17:08.312  2042  2094 D IccSmsInterfaceManager: [IccSmsInterfaceManager] Failed to add GSM cell broadcast subscription for MID range 4373 to 4378 from client com.android.cellbroadcastreceiver
11-08 16:17:08.313  2042  2094 D IccSmsInterfaceManager: [IccSmsInterfaceManager] Calling setCdmaBroadcastConfig with 1 configurations
11-08 16:17:08.314  2042  2094 D IccSmsInterfaceManager: [IccSmsInterfaceManager] Failed to add cdma broadcast subscription for MID range 4098 to 4098 from client com.android.cellbroadcastreceiver
11-08 16:17:08.321  2042  2094 D IccSmsInterfaceManager: [IccSmsInterfaceManager] Calling setGsmBroadcastConfig with 1 configurations
11-08 16:17:08.322  2042  2094 D IccSmsInterfaceManager: [IccSmsInterfaceManager] Failed to add GSM cell broadcast subscription for MID range 4386 to 4391 from client com.android.cellbroadcastreceiver
11-08 16:17:08.324  2050  2050 I Choreographer: Skipped 54 frames!  The application may be doing too much work on its main thread.
11-08 16:17:08.328  2042  2094 D IccSmsInterfaceManager: [IccSmsInterfaceManager] Calling setGsmBroadcastConfig with 1 configurations
11-08 16:17:08.329  2042  2094 D IccSmsInterfaceManager: [IccSmsInterfaceManager] Failed to add GSM cell broadcast subscription for MID range 4379 to 4379 from client com.android.cellbroadcastreceiver
11-08 16:17:08.330  2042  2094 D IccSmsInterfaceManager: [IccSmsInterfaceManager] Calling setCdmaBroadcastConfig with 1 configurations
11-08 16:17:08.331  2042  2094 D IccSmsInterfaceManager: [IccSmsInterfaceManager] Failed to add cdma broadcast subscription for MID range 4099 to 4099 from client com.android.cellbroadcastreceiver
11-08 16:17:08.332  2042  2094 D IccSmsInterfaceManager: [IccSmsInterfaceManager] Calling setGsmBroadcastConfig with 1 configurations
11-08 16:17:08.333  2042  2094 D IccSmsInterfaceManager: [IccSmsInterfaceManager] Failed to add GSM cell broadcast subscription for MID range 4392 to 4392 from client com.android.cellbroadcastreceiver
11-08 16:17:08.342  2469  2525 I ContactsDatabaseHelper: Bootstrapping database contacts2.db version: 1300
11-08 16:17:08.347  2042  2251 D IccSmsInterfaceManager: [IccSmsInterfaceManager] Failed to remove GSM cell broadcast subscription for MID range 4380 to 4380 from client com.android.cellbroadcastreceiver
11-08 16:17:08.348  2042  2251 D IccSmsInterfaceManager: [IccSmsInterfaceManager] Failed to remove cdma broadcast subscription for MID range 4100 to 4100 from client com.android.cellbroadcastreceiver
11-08 16:17:08.348  2042  2251 D IccSmsInterfaceManager: [IccSmsInterfaceManager] Failed to remove GSM cell broadcast subscription for MID range 4393 to 4393 from client com.android.cellbroadcastreceiver
11-08 16:17:08.349  2042  2251 D IccSmsInterfaceManager: [IccSmsInterfaceManager] Failed to remove GSM cell broadcast subscription for MID range 4381 to 4381 from client com.android.cellbroadcastreceiver
11-08 16:17:08.350  2042  2251 D IccSmsInterfaceManager: [IccSmsInterfaceManager] Failed to remove GSM cell broadcast subscription for MID range 4394 to 4394 from client com.android.cellbroadcastreceiver
11-08 16:17:08.351  2042  2251 D IccSmsInterfaceManager: [IccSmsInterfaceManager] Failed to remove GSM cell broadcast subscription for MID range 4382 to 4382 from client com.android.cellbroadcastreceiver
11-08 16:17:08.351  2042  2251 D IccSmsInterfaceManager: [IccSmsInterfaceManager] Failed to remove GSM cell broadcast subscription for MID range 4395 to 4395 from client com.android.cellbroadcastreceiver
11-08 16:17:08.352  2042  2251 D IccSmsInterfaceManager: [IccSmsInterfaceManager] Calling setGsmBroadcastConfig with 1 configurations
11-08 16:17:08.353  2042  2251 D IccSmsInterfaceManager: [IccSmsInterfaceManager] Failed to add GSM cell broadcast subscription for MID range 4352 to 4354 from client com.android.cellbroadcastreceiver
11-08 16:17:08.379  2042  2094 D IccSmsInterfaceManager: [IccSmsInterfaceManager] Calling setGsmBroadcastConfig with 1 configurations
11-08 16:17:08.380  2042  2094 D IccSmsInterfaceManager: [IccSmsInterfaceManager] Failed to add GSM cell broadcast subscription for MID range 4356 to 4356 from client com.android.cellbroadcastreceiver
11-08 16:17:08.381  2042  2094 D IccSmsInterfaceManager: [IccSmsInterfaceManager] Failed to remove GSM cell broadcast subscription for MID range 4355 to 4355 from client com.android.cellbroadcastreceiver
11-08 16:17:08.389  2608  2608 I .quicksearchbo: The ClassLoaderContext is a special shared library.
11-08 16:17:08.390  2608  2608 I .quicksearchbo: The ClassLoaderContext is a special shared library.
11-08 16:17:08.404  1557  1557 I qemu-props: exiting (6 properties set).
11-08 16:17:08.428  2050  2233 D EGL_emulation: eglMakeCurrent: 0x7613b1019e40: ver 3 0 (tinfo 0x7613c072a300)
11-08 16:17:08.435  1716  1798 E memtrack: Couldn't load memtrack module
11-08 16:17:08.435  1716  1798 W android.os.Debug: failed to get memory consumption info: -1
11-08 16:17:08.446  1861  1861 E hostapd : Using interface wlan1 with hwaddr 02:00:00:00:01:00 and ssid "AndroidWifi"
11-08 16:17:08.446  1861  1861 I hostapd : wlan1: interface state HT_SCAN->ENABLED
11-08 16:17:08.446  1861  1861 I hostapd : wlan1: AP-ENABLED 
11-08 16:17:08.471  1716  1810 I ActivityManager: Start proc 2626:com.android.providers.calendar/u0a7 for broadcast com.android.providers.calendar/.CalendarUpgradeReceiver
11-08 16:17:08.497  2626  2626 W viders.calenda: Unexpected CPU variant for X86 using defaults: x86_64
11-08 16:17:08.513  2469  2525 I ContactsProviderV1: Bootstrapping database legacy support
11-08 16:17:08.520  2626  2626 I viders.calenda: The ClassLoaderContext is a special shared library.
11-08 16:17:07.737  1685  1685 W Binder:1685_2: type=1400 audit(0.0:7): avc: denied { write } for name="mtu" dev="sysfs" ino=13765 scontext=u:r:netd:s0 tcontext=u:object_r:sysfs:s0 tclass=file permissive=0
11-08 16:17:08.537  1716  1798 E GnssLocationProvider: no AGPS interface in set_agps_server
11-08 16:17:08.537  1716  1798 I GnssLocationProvider: WakeLock released by handleMessage(SUBSCRIPTION_OR_SIM_CHANGED, 0, null)
11-08 16:17:08.541  2626  2626 I CalendarDatabaseHelper: Bootstrapping database
11-08 16:17:08.546  1716  1798 E GnssLocationProvider: no AGPS interface in set_agps_server
11-08 16:17:08.546  1716  1798 I GnssLocationProvider: WakeLock released by handleMessage(SUBSCRIPTION_OR_SIM_CHANGED, 0, null)
11-08 16:17:08.549  1716  1798 E GnssLocationProvider: no AGPS interface in set_agps_server
11-08 16:17:08.566  2626  2626 I CalendarProvider2: Created com.android.providers.calendar.CalendarAlarmManager@68a9cc9(com.android.providers.calendar.CalendarProvider2@1402fce)
11-08 16:17:08.568  2643  2643 W id.printspoole: Unexpected CPU variant for X86 using defaults: x86_64
11-08 16:17:08.569  1716  1810 I ActivityManager: Start proc 2643:com.android.printspooler/u0a55 for service com.android.printspooler/.model.PrintSpoolerService
11-08 16:17:08.580  2469  2525 D ContactsDatabaseHelper: WAL enabled for profile.db: false
11-08 16:17:08.582  2626  2626 I CalendarUpgradeReceiver: Creating or opening calendar database
11-08 16:17:08.583  1716  2549 I PreBootBroadcaster: Pre-boot of {com.android.providers.contacts/com.android.providers.contacts.ContactsUpgradeReceiver} for user 0
11-08 16:17:08.597  2469  2469 I ContactsUpgradeReceiver: Creating or opening contacts database
11-08 16:17:08.616  2643  2643 I id.printspoole: The ClassLoaderContext is a special shared library.
11-08 16:17:08.655  1716  1810 I ActivityManager: Start proc 2663:com.android.keychain/1000 for service com.android.keychain/.KeyChainService
11-08 16:17:08.662  2663  2663 W ndroid.keychai: Unexpected CPU variant for X86 using defaults: x86_64
11-08 16:17:08.696  2469  2469 I ContactsProvider: Locale has changed from null to [en_US]
11-08 16:17:08.696  2469  2469 I ContactsDatabaseHelper: Switching to locale [en_US] (ICU v60.2)
11-08 16:17:08.708  2663  2663 I ndroid.keychai: The ClassLoaderContext is a special shared library.
11-08 16:17:08.738  1716  1798 E GnssLocationProvider: no AGPS interface in set_agps_server
11-08 16:17:08.739  1716  1798 I GnssLocationProvider: WakeLock released by handleMessage(REPORT_SV_STATUS, 0, com.android.server.location.GnssLocationProvider$SvStatusInfo@acf8329)
11-08 16:17:08.742  1716  1798 W VoiceInteractionManagerService: no available voice interaction services found for user 0
11-08 16:17:08.746  1716  1798 E GnssLocationProvider: no AGPS interface in set_agps_server
11-08 16:17:08.746  1716  1798 I GnssLocationProvider: WakeLock released by handleMessage(SUBSCRIPTION_OR_SIM_CHANGED, 0, null)
11-08 16:17:08.746  1716  1798 D AutofillManagerServiceImpl: Reset component for user 0 ()
11-08 16:17:08.746  1716  1809 D AutofillUI: destroySaveUiUiThread(): already destroyed
11-08 16:17:08.746  1716  1798 D AutofillManagerServiceImpl: Reset component for user 0 ()
11-08 16:17:08.746  1716  1798 D FieldClassificationStrategy: reset(): service is not bound. Do nothing.
11-08 16:17:08.749  1716  1798 E GnssLocationProvider: no AGPS interface in set_agps_server
11-08 16:17:08.749  1716  1798 I GnssLocationProvider: WakeLock released by handleMessage(SUBSCRIPTION_OR_SIM_CHANGED, 0, null)
11-08 16:17:08.753  1716  1798 E GnssLocationProvider: no AGPS interface in set_agps_server
11-08 16:17:08.753  1716  1798 I GnssLocationProvider: WakeLock released by handleMessage(SUBSCRIPTION_OR_SIM_CHANGED, 0, null)
11-08 16:17:08.753  1716  1798 D AutofillManagerServiceImpl: Reset component for user 0 ()
11-08 16:17:08.753  1716  1809 D AutofillUI: destroySaveUiUiThread(): already destroyed
