11-08 16:17:02.285  1716  1716 I SystemServiceManager: Starting com.android.server.wallpaper.WallpaperManagerService$Lifecycle
11-08 16:17:02.286  1716  1716 D SystemServerTiming: StartWallpaperManagerService took to complete: 1ms
11-08 16:17:02.286  1716  1716 I SystemServer: StartAudioService
11-08 16:17:02.286  1716  1716 I SystemServiceManager: Starting com.android.server.audio.AudioService$Lifecycle
11-08 16:17:02.291  1716  1716 W TelecomManager: Telecom Service not found.
11-08 16:17:02.292  1558  1558 D PermissionCache: checking android.permission.MODIFY_AUDIO_ROUTING for uid=1000 => granted (170 us)
11-08 16:17:02.292  1558  1558 D PermissionCache: checking android.permission.MODIFY_AUDIO_SETTINGS for uid=1000 => granted (43 us)
11-08 16:17:02.292  1558  1613 W AudioFlinger: no wake lock to update, system not ready yet
11-08 16:17:02.293  1537  1614 W DeviceHAL: Error from HAL Device in function set_mic_mute: Function not implemented
11-08 16:17:02.297  1558  1558 D AudioFlinger: isLowRamDevice:false totalMemory:1567748096 mClientSharedHeapSize:4194304
11-08 16:17:02.297  1716  1716 D SystemServerTiming: StartAudioService took to complete: 11ms
11-08 16:17:02.297  1716  1716 I SystemServer: StartDockObserver
11-08 16:17:02.298  1716  1716 I SystemServiceManager: Starting com.android.server.DockObserver
11-08 16:17:02.298  1716  1716 W DockObserver: This kernel does not have dock station support
11-08 16:17:02.298  1716  1716 D SystemServerTiming: StartDockObserver took to complete: 1ms
11-08 16:17:02.298  1716  1716 I SystemServer: StartWiredAccessoryManager
11-08 16:17:02.298  1716  1716 W WiredAccessoryManager: This kernel does not have usb audio support
11-08 16:17:02.298  1716  1716 W WiredAccessoryManager: This kernel does not have HDMI audio support
11-08 16:17:02.298  1716  1716 D SystemServerTiming: StartWiredAccessoryManager took to complete: 0ms
11-08 16:17:02.298  1716  1716 I SystemServer: StartMidiManager
11-08 16:17:02.298  1716  1716 I SystemServiceManager: Starting com.android.server.midi.MidiService$Lifecycle
11-08 16:17:02.299  1716  1716 D SystemServerTiming: StartMidiManager took to complete: 1ms
11-08 16:17:02.299  1716  1716 I SystemServer: StartUsbService
11-08 16:17:02.299  1716  1716 I SystemServiceManager: Starting com.android.server.usb.UsbService$Lifecycle
11-08 16:17:02.300  1716  1716 E UsbDeviceManager: failed to write to /sys/class/android_usb/android0/f_rndis/ethaddr
11-08 16:17:02.300  1483  1483 W hwservicemanager: getTransport: Cannot find entry android.hardware.usb.gadget@1.0::IUsbGadget/default in either framework or device manifest.
11-08 16:17:02.302  1716  1716 I UsbDeviceManager: USB GADGET HAL not present in the device
11-08 16:17:02.302  1716  1716 I UsbDeviceManager: java.util.NoSuchElementException
11-08 16:17:02.302  1716  1716 I UsbDeviceManager: 	at android.os.HwBinder.getService(Native Method)
11-08 16:17:02.302  1716  1716 I UsbDeviceManager: 	at android.hardware.usb.gadget.V1_0.IUsbGadget.getService(IUsbGadget.java:40)
11-08 16:17:02.302  1716  1716 I UsbDeviceManager: 	at android.hardware.usb.gadget.V1_0.IUsbGadget.getService(IUsbGadget.java:44)
11-08 16:17:02.302  1716  1716 I UsbDeviceManager: 	at com.android.server.usb.UsbDeviceManager.<init>(UsbDeviceManager.java:267)
11-08 16:17:02.302  1716  1716 I UsbDeviceManager: 	at com.android.server.usb.UsbService.<init>(UsbService.java:139)
11-08 16:17:02.302  1716  1716 I UsbDeviceManager: 	at com.android.server.usb.UsbService$Lifecycle.onStart(UsbService.java:73)
11-08 16:17:02.302  1716  1716 I UsbDeviceManager: 	at com.android.server.SystemServiceManager.startService(SystemServiceManager.java:126)
11-08 16:17:02.302  1716  1716 I UsbDeviceManager: 	at com.android.server.SystemServiceManager.startService(SystemServiceManager.java:113)
11-08 16:17:02.302  1716  1716 I UsbDeviceManager: 	at com.android.server.SystemServiceManager.startService(SystemServiceManager.java:72)
11-08 16:17:02.302  1716  1716 I UsbDeviceManager: 	at com.android.server.SystemServer.startOtherServices(SystemServer.java:1299)
11-08 16:17:02.302  1716  1716 I UsbDeviceManager: 	at com.android.server.SystemServer.run(SystemServer.java:431)
11-08 16:17:02.302  1716  1716 I UsbDeviceManager: 	at com.android.server.SystemServer.main(SystemServer.java:294)
11-08 16:17:02.302  1716  1716 I UsbDeviceManager: 	at java.lang.reflect.Method.invoke(Native Method)
11-08 16:17:02.302  1716  1716 I UsbDeviceManager: 	at com.android.internal.os.RuntimeInit$MethodAndArgsCaller.run(RuntimeInit.java:493)
11-08 16:17:02.302  1716  1716 I UsbDeviceManager: 	at com.android.internal.os.ZygoteInit.main(ZygoteInit.java:838)
11-08 16:17:02.302  1716  1716 E UsbDeviceManagerJNI: could not open control for mtp No such file or directory
11-08 16:17:02.302  1716  1716 E UsbDeviceManager: Failed to open control for mtp
11-08 16:17:02.302  1716  1716 E UsbDeviceManagerJNI: could not open control for ptp No such file or directory
11-08 16:17:02.307  1716  1716 W StorageManagerService: No primary storage defined yet; hacking together a stub
11-08 16:17:02.302  1716  1716 E UsbDeviceManager: Failed to open control for mtp
11-08 16:17:02.308  1716  1716 E UsbDeviceManager: Error initializing UsbHandler
11-08 16:17:02.308  1716  1716 E UsbDeviceManager: java.io.FileNotFoundException: /sys/class/android_usb/android0/state (No such file or directory)
11-08 16:17:02.308  1716  1716 E UsbDeviceManager: 	at java.io.FileInputStream.open0(Native Method)
11-08 16:17:02.308  1716  1716 E UsbDeviceManager: 	at java.io.FileInputStream.open(FileInputStream.java:231)
11-08 16:17:02.308  1716  1716 E UsbDeviceManager: 	at java.io.FileInputStream.<init>(FileInputStream.java:165)
11-08 16:17:02.308  1716  1716 E UsbDeviceManager: 	at android.os.FileUtils.readTextFile(FileUtils.java:514)
11-08 16:17:02.308  1716  1716 E UsbDeviceManager: 	at com.android.server.usb.UsbDeviceManager$UsbHandlerLegacy.<init>(UsbDeviceManager.java:1375)
11-08 16:17:02.308  1716  1716 E UsbDeviceManager: 	at com.android.server.usb.UsbDeviceManager.<init>(UsbDeviceManager.java:297)
11-08 16:17:02.308  1716  1716 E UsbDeviceManager: 	at com.android.server.usb.UsbService.<init>(UsbService.java:139)
11-08 16:17:02.308  1716  1716 E UsbDeviceManager: 	at com.android.server.usb.UsbService$Lifecycle.onStart(UsbService.java:73)
11-08 16:17:02.308  1716  1716 E UsbDeviceManager: 	at com.android.server.SystemServiceManager.startService(SystemServiceManager.java:126)
11-08 16:17:02.308  1716  1716 E UsbDeviceManager: 	at com.android.server.SystemServiceManager.startService(SystemServiceManager.java:113)
11-08 16:17:02.308  1716  1716 E UsbDeviceManager: 	at com.android.server.SystemServiceManager.startService(SystemServiceManager.java:72)
11-08 16:17:02.308  1716  1716 E UsbDeviceManager: 	at com.android.server.SystemServer.startOtherServices(SystemServer.java:1299)
11-08 16:17:02.308  1716  1716 E UsbDeviceManager: 	at com.android.server.SystemServer.run(SystemServer.java:431)
11-08 16:17:02.308  1716  1716 E UsbDeviceManager: 	at com.android.server.SystemServer.main(SystemServer.java:294)
11-08 16:17:02.308  1716  1716 E UsbDeviceManager: 	at java.lang.reflect.Method.invoke(Native Method)
11-08 16:17:02.308  1716  1716 E UsbDeviceManager: 	at com.android.internal.os.RuntimeInit$MethodAndArgsCaller.run(RuntimeInit.java:493)
11-08 16:17:02.308  1716  1716 E UsbDeviceManager: 	at com.android.internal.os.ZygoteInit.main(ZygoteInit.java:838)
11-08 16:17:02.308  1716  1716 E UsbDeviceManagerJNI: could not open /dev/usb_accessory
11-08 16:17:02.308  1716  1716 I android_os_HwBinder: HwBinder: Starting thread pool for default::android.hidl.manager@1.0::IServiceManager
11-08 16:17:02.309  1483  1483 W hwservicemanager: getTransport: Cannot find entry android.hardware.usb@1.0::IUsb/default in either framework or device manifest.
11-08 16:17:02.309  1716  1716 E UsbPortManager: connectToProxy: usb hal service not found. Did the service fail to start?
11-08 16:17:02.309  1716  1716 E UsbPortManager: java.util.NoSuchElementException
11-08 16:17:02.309  1716  1716 E UsbPortManager: 	at android.os.HwBinder.getService(Native Method)
11-08 16:17:02.309  1716  1716 E UsbPortManager: 	at android.os.HwBinder.getService(HwBinder.java:91)
11-08 16:17:02.309  1716  1716 E UsbPortManager: 	at android.hardware.usb.V1_0.IUsb.getService(IUsb.java:48)
11-08 16:17:02.309  1716  1716 E UsbPortManager: 	at android.hardware.usb.V1_0.IUsb.getService(IUsb.java:52)
11-08 16:17:02.309  1716  1716 E UsbPortManager: 	at com.android.server.usb.UsbPortManager.connectToProxy(UsbPortManager.java:531)
11-08 16:17:02.309  1716  1716 E UsbPortManager: 	at com.android.server.usb.UsbPortManager.<init>(UsbPortManager.java:137)
11-08 16:17:02.309  1716  1716 E UsbPortManager: 	at com.android.server.usb.UsbService.<init>(UsbService.java:142)
11-08 16:17:02.309  1716  1716 E UsbPortManager: 	at com.android.server.usb.UsbService$Lifecycle.onStart(UsbService.java:73)
11-08 16:17:02.309  1716  1716 E UsbPortManager: 	at com.android.server.SystemServiceManager.startService(SystemServiceManager.java:126)
11-08 16:17:02.309  1716  1716 E UsbPortManager: 	at com.android.server.SystemServiceManager.startService(SystemServiceManager.java:113)
11-08 16:17:02.309  1716  1716 E UsbPortManager: 	at com.android.server.SystemServiceManager.startService(SystemServiceManager.java:72)
11-08 16:17:02.309  1716  1716 E UsbPortManager: 	at com.android.server.SystemServer.startOtherServices(SystemServer.java:1299)
11-08 16:17:02.309  1716  1716 E UsbPortManager: 	at com.android.server.SystemServer.run(SystemServer.java:431)
11-08 16:17:02.309  1716  1716 E UsbPortManager: 	at com.android.server.SystemServer.main(SystemServer.java:294)
11-08 16:17:02.309  1716  1716 E UsbPortManager: 	at java.lang.reflect.Method.invoke(Native Method)
11-08 16:17:02.309  1716  1716 E UsbPortManager: 	at com.android.internal.os.RuntimeInit$MethodAndArgsCaller.run(RuntimeInit.java:493)
11-08 16:17:02.309  1716  1716 E UsbPortManager: 	at com.android.internal.os.ZygoteInit.main(ZygoteInit.java:838)
11-08 16:17:02.310  1716  1716 D SystemServerTiming: StartUsbService took to complete: 11ms
11-08 16:17:02.310  1716  1716 I SystemServer: StartSerialService
11-08 16:17:02.310  1716  1716 D SystemServerTiming: StartSerialService took to complete: 0ms
11-08 16:17:02.310  1716  1716 I SystemServer: StartHardwarePropertiesManagerService
11-08 16:17:02.311  1483  1483 W hwservicemanager: getTransport: Cannot find entry android.hardware.thermal@1.0::IThermal/default in either framework or device manifest.
11-08 16:17:02.311  1716  1716 E HardwarePropertiesManagerService-JNI: Unable to get Thermal service.
11-08 16:17:02.311  1716  1716 D SystemServerTiming: StartHardwarePropertiesManagerService took to complete: 1ms
11-08 16:17:02.311  1716  1716 I SystemServer: StartTwilightService
11-08 16:17:02.311  1716  1716 I SystemServiceManager: Starting com.android.server.twilight.TwilightService
11-08 16:17:02.311  1716  1716 D SystemServerTiming: StartTwilightService took to complete: 0ms
11-08 16:17:02.311  1716  1716 I SystemServer: StartJobScheduler
11-08 16:17:02.311  1716  1716 I SystemServiceManager: Starting com.android.server.job.JobSchedulerService
11-08 16:17:02.313  1716  1716 I JobStore: Read 0 jobs
11-08 16:17:02.318  1716  1716 D SystemServerTiming: StartJobScheduler took to complete: 7ms
11-08 16:17:02.318  1716  1716 I SystemServer: StartSoundTrigger
11-08 16:17:02.318  1716  1716 I SystemServiceManager: Starting com.android.server.soundtrigger.SoundTriggerService
11-08 16:17:02.318  1716  1716 D SystemServerTiming: StartSoundTrigger took to complete: 0ms
11-08 16:17:02.318  1716  1716 I SystemServer: StartTrustManager
11-08 16:17:02.318  1716  1716 I SystemServiceManager: Starting com.android.server.trust.TrustManagerService
11-08 16:17:02.318  1716  1716 D SystemServerTiming: StartTrustManager took to complete: 0ms
11-08 16:17:02.318  1716  1716 I SystemServer: StartBackupManager
11-08 16:17:02.318  1716  1716 I SystemServiceManager: Starting com.android.server.backup.BackupManagerService$Lifecycle
11-08 16:17:02.319  1716  1716 D SystemServerTiming: StartBackupManager took to complete: 1ms
11-08 16:17:02.319  1716  1716 I SystemServer: StartAppWidgerService
11-08 16:17:02.319  1716  1716 I SystemServiceManager: Starting com.android.server.appwidget.AppWidgetService
11-08 16:17:02.320  1716  1716 D OpenGLRenderer: Skia GL Pipeline
11-08 16:17:02.321  1716  1716 D SystemServerTiming: StartAppWidgerService took to complete: 2ms
11-08 16:17:02.321  1716  1716 I SystemServer: StartVoiceRecognitionManager
11-08 16:17:02.321  1716  1716 I SystemServiceManager: Starting com.android.server.voiceinteraction.VoiceInteractionManagerService
11-08 16:17:02.321  1716  1716 D SystemServerTiming: StartVoiceRecognitionManager took to complete: 0ms
11-08 16:17:02.322  1716  1716 I SystemServer: StartGestureLauncher
11-08 16:17:02.322  1716  1716 I SystemServiceManager: Starting com.android.server.GestureLauncherService
11-08 16:17:02.322  1716  1716 D SystemServerTiming: StartGestureLauncher took to complete: 0ms
11-08 16:17:02.322  1716  1716 I SystemServer: StartSensorNotification
11-08 16:17:02.322  1716  1716 I SystemServiceManager: Starting com.android.server.SensorNotificationService
11-08 16:17:02.322  1716  1716 D SystemServerTiming: StartSensorNotification took to complete: 0ms
11-08 16:17:02.322  1716  1716 I SystemServer: StartContextHubSystemService
11-08 16:17:02.322  1716  1716 I SystemServiceManager: Starting com.android.server.ContextHubSystemService
11-08 16:17:02.322  1716  1716 D SystemServerTiming: StartContextHubSystemService took to complete: 0ms
11-08 16:17:02.322  1716  1716 I SystemServer: StartDiskStatsService
11-08 16:17:02.322  1716  1870 D SystemServerInitThreadPool: Started executing Init ContextHubSystemService
11-08 16:17:02.323  1483  1483 W hwservicemanager: getTransport: Cannot find entry android.hardware.contexthub@1.0::IContexthub/default in either framework or device manifest.
11-08 16:17:02.323  1716  1870 I ContextHubService: Context Hub HAL service not found
11-08 16:17:02.323  1716  1870 D SystemServerInitThreadPool: Finished executing Init ContextHubSystemService
11-08 16:17:02.323  1716  1716 D SystemServerTiming: StartDiskStatsService took to complete: 1ms
11-08 16:17:02.323  1716  1716 I SystemServer: StartNetworkTimeUpdateService
11-08 16:17:02.324  1716  1716 D SystemServerTiming: StartNetworkTimeUpdateService took to complete: 1ms
11-08 16:17:02.324  1716  1716 I SystemServer: StartCommonTimeManagementService
11-08 16:17:02.324  1716  1716 D SystemServerTiming: StartCommonTimeManagementService took to complete: 0ms
11-08 16:17:02.324  1716  1716 I SystemServer: CertBlacklister
11-08 16:17:02.324  1716  1716 D SystemServerTiming: CertBlacklister took to complete: 0ms
11-08 16:17:02.324  1716  1716 I SystemServer: StartEmergencyAffordanceService
11-08 16:17:02.324  1716  1716 I SystemServiceManager: Starting com.android.server.emergency.EmergencyAffordanceService
11-08 16:17:02.324  1716  1716 D SystemServerTiming: StartEmergencyAffordanceService took to complete: 0ms
11-08 16:17:02.324  1716  1716 I SystemServer: StartDreamManager
11-08 16:17:02.324  1716  1716 I SystemServiceManager: Starting com.android.server.dreams.DreamManagerService
11-08 16:17:02.325  1716  1716 D SystemServerTiming: StartDreamManager took to complete: 1ms
11-08 16:17:02.325  1716  1716 I SystemServer: AddGraphicsStatsService
11-08 16:17:02.328  1716  1716 D SystemServerTiming: AddGraphicsStatsService took to complete: 3ms
11-08 16:17:02.328  1716  1716 I SystemServer: StartPrintManager
11-08 16:17:02.328  1716  1716 I SystemServiceManager: Starting com.android.server.print.PrintManagerService
11-08 16:17:02.328  1716  1716 D SystemServerTiming: StartPrintManager took to complete: 0ms
11-08 16:17:02.328  1716  1716 I SystemServer: StartRestrictionManager
11-08 16:17:02.328  1716  1716 I SystemServiceManager: Starting com.android.server.restrictions.RestrictionsManagerService
11-08 16:17:02.329  1716  1716 D SystemServerTiming: StartRestrictionManager took to complete: 1ms
11-08 16:17:02.329  1716  1716 I SystemServer: StartMediaSessionService
11-08 16:17:02.329  1716  1716 I SystemServiceManager: Starting com.android.server.media.MediaSessionService
11-08 16:17:02.329  1716  1716 D SystemServerTiming: StartMediaSessionService took to complete: 0ms
11-08 16:17:02.329  1716  1716 I SystemServer: StartMediaUpdateService
11-08 16:17:02.329  1716  1716 I SystemServiceManager: Starting com.android.server.media.MediaUpdateService
11-08 16:17:02.330  1716  1716 D SystemServerTiming: StartMediaUpdateService took to complete: 1ms
11-08 16:17:02.330  1716  1716 I SystemServer: StartMediaResourceMonitor
11-08 16:17:02.330  1716  1716 I SystemServiceManager: Starting com.android.server.media.MediaResourceMonitorService
11-08 16:17:02.330  1716  1716 D SystemServerTiming: StartMediaResourceMonitor took to complete: 0ms
11-08 16:17:02.330  1716  1716 I SystemServer: StartMediaRouterService
11-08 16:17:02.330  1716  1716 D SystemServerTiming: StartMediaRouterService took to complete: 0ms
11-08 16:17:02.330  1716  1716 I SystemServer: StartFingerprintSensor
11-08 16:17:02.330  1716  1716 I SystemServiceManager: Starting com.android.server.fingerprint.FingerprintService
11-08 16:17:02.331  1716  1716 D SystemServerTiming: StartFingerprintSensor took to complete: 1ms
11-08 16:17:02.331  1716  1716 I SystemServer: StartBackgroundDexOptService
11-08 16:17:02.331  1716  1716 W BackgroundDexOptService: SysProp pm.dexopt.downgrade_after_inactive_days not set
11-08 16:17:02.331  1716  1716 D SystemServerTiming: StartBackgroundDexOptService took to complete: 0ms
11-08 16:17:02.331  1716  1716 I SystemServer: StartPruneInstantAppsJobService
11-08 16:17:02.331  1716  1716 D SystemServerTiming: StartPruneInstantAppsJobService took to complete: 0ms
11-08 16:17:02.331  1716  1716 I SystemServer: StartShortcutServiceLifecycle
11-08 16:17:02.331  1716  1716 I SystemServiceManager: Starting com.android.server.pm.ShortcutService$Lifecycle
11-08 16:17:02.332  1716  1887 D SystemServerInitThreadPool: Started executing FingerprintService.onStart
11-08 16:17:02.332  1716  1887 I android_os_HwBinder: HwBinder: Starting thread pool for default::android.hardware.biometrics.fingerprint@2.1::IBiometricsFingerprint
11-08 16:17:02.333  1711  1711 D FingerprintHal: ----------------> fingerprint_set_active_group -----------------> path /data/vendor_de/0/fpdata
11-08 16:17:02.333  1711  1711 D FingerprintHal: ----------------> loadFingerprints ----------------->
11-08 16:17:02.333  1711  1711 E FingerprintHal: Could not load fingerprints from storage at /data/vendor_de/0/fpdata/emufp.bin; it has not yet been created.
11-08 16:17:02.333  1711  1711 D FingerprintHal: ----------------> loadAuthenticatorId ----------------->
11-08 16:17:02.333  1711  1711 E FingerprintHal: Could not load authenticator id from storage at /data/vendor_de/0/fpdata/emuauthid.bin; it has not yet been created.
11-08 16:17:02.333  1711  1711 D FingerprintHal: ----------------> get_64bit_rand ----------------->
11-08 16:17:02.333  1711  1711 D FingerprintHal: ----------------> saveAuthenticatorId ----------------->
11-08 16:17:02.333  1711  1711 D FingerprintHal: Save authenticator id (0x6b8b4567327b23c6)
11-08 16:17:02.334  1711  1711 D FingerprintHal: ----------------> fingerprint_enumerate ----------------->
11-08 16:17:02.334  1711  1711 D android.hardware.biometrics.fingerprint@2.1-service: onEnumerate(fid=0, gid=0, rem=0)
11-08 16:17:02.334  1716  1887 D SystemServerInitThreadPool: Finished executing FingerprintService.onStart
11-08 16:17:02.334  1716  1716 D SystemServerTiming: StartShortcutServiceLifecycle took to complete: 3ms
11-08 16:17:02.334  1716  1716 I SystemServer: StartLauncherAppsService
11-08 16:17:02.334  1716  1716 I SystemServiceManager: Starting com.android.server.pm.LauncherAppsService
11-08 16:17:02.334  1716  1716 D SystemServerTiming: StartLauncherAppsService took to complete: 0ms
11-08 16:17:02.334  1716  1716 I SystemServer: StartCrossProfileAppsService
11-08 16:17:02.334  1716  1716 I SystemServiceManager: Starting com.android.server.pm.CrossProfileAppsService
11-08 16:17:02.334  1716  1716 D SystemServerTiming: StartCrossProfileAppsService took to complete: 0ms
11-08 16:17:02.334  1716  1716 I SystemServer: StartMediaProjectionManager
11-08 16:17:02.334  1716  1716 I SystemServiceManager: Starting com.android.server.media.projection.MediaProjectionManagerService
11-08 16:17:02.336  1716  1716 D SystemServerTiming: StartMediaProjectionManager took to complete: 2ms
11-08 16:17:02.336  1716  1716 I SystemServer: StartSliceManagerService
11-08 16:17:02.336  1716  1716 I SystemServiceManager: Starting com.android.server.slice.SliceManagerService$Lifecycle
11-08 16:17:02.337  1716  1716 D SystemServerTiming: StartSliceManagerService took to complete: 1ms
11-08 16:17:02.337  1716  1716 I SystemServer: StartCameraServiceProxy
11-08 16:17:02.337  1716  1716 I SystemServiceManager: Starting com.android.server.camera.CameraServiceProxy
11-08 16:17:02.337  1716  1716 D SystemServerTiming: StartCameraServiceProxy took to complete: 0ms
11-08 16:17:02.337  1716  1716 I SystemServer: StartStatsCompanionService
11-08 16:17:02.337  1716  1716 I SystemServiceManager: Starting com.android.server.stats.StatsCompanionService$Lifecycle
11-08 16:17:02.338  1716  1716 I KernelUidCpuFreqTimeReader: mPerClusterTimesAvailable=false
11-08 16:17:02.338  1716  1716 D SystemServerTiming: StartStatsCompanionService took to complete: 1ms
11-08 16:17:02.338  1716  1716 I WindowManager: SAFE MODE not enabled
11-08 16:17:02.338  1716  1716 I SystemServer: StartJitCompilation
11-08 16:17:02.338  1716  1716 D SystemServerTiming: StartJitCompilation took to complete: 0ms
11-08 16:17:02.338  1716  1716 I SystemServer: StartMmsService
11-08 16:17:02.338  1716  1716 I SystemServiceManager: Starting com.android.server.MmsServiceBroker
11-08 16:17:02.339  1716  1716 D SystemServerTiming: StartMmsService took to complete: 1ms
11-08 16:17:02.339  1716  1716 I SystemServer: StartAutoFillService
11-08 16:17:02.339  1716  1716 I SystemServiceManager: Starting com.android.server.autofill.AutofillManagerService
11-08 16:17:02.339  1716  1716 I AutofillManagerService: Setting debug to true
11-08 16:17:02.340  1716  1716 D SystemServerTiming: StartAutoFillService took to complete: 1ms
11-08 16:17:02.340  1716  1716 I SystemServer: MakeVibratorServiceReady
11-08 16:17:02.341  1716  1716 D SystemServerTiming: MakeVibratorServiceReady took to complete: 1ms
11-08 16:17:02.341  1716  1716 I SystemServer: MakeLockSettingsServiceReady
11-08 16:17:02.351  1716  1716 I LockSettingsService: Migrated lock settings to new location
11-08 16:17:02.352  1716  1716 I LockSettingsService: Migrated per-user lock settings to new location
11-08 16:17:02.352  1716  1716 I LockSettingsService: Migrated biometric weak to use the fallback instead
11-08 16:17:02.353  1716  1716 I LockSettingsService: Migrated lockscreen disabled flag
11-08 16:17:02.354  1483  1483 W hwservicemanager: getTransport: Cannot find entry android.hardware.weaver@1.0::IWeaver/default in either framework or device manifest.
11-08 16:17:02.354  1716  1716 I SyntheticPasswordManager: Device does not support weaver
11-08 16:17:02.354  1483  1483 W hwservicemanager: getTransport: Cannot find entry android.hardware.authsecret@1.0::IAuthSecret/default in either framework or device manifest.
11-08 16:17:02.354  1716  1716 I LockSettingsService: Device doesn't implement AuthSecret HAL
11-08 16:17:02.355  1716  1716 E LockSettingsStorage: Cannot read file java.io.FileNotFoundException: /data/system/gatekeeper.password.key: open failed: ENOENT (No such file or directory)
11-08 16:17:02.355  1716  1716 E LockSettingsStorage: Cannot read file java.io.FileNotFoundException: /data/system/password.key: open failed: ENOENT (No such file or directory)
11-08 16:17:02.355  1716  1716 E LockSettingsStorage: Cannot read file java.io.FileNotFoundException: /data/system/gatekeeper.pattern.key: open failed: ENOENT (No such file or directory)
11-08 16:17:02.355  1716  1716 E LockSettingsStorage: Cannot read file java.io.FileNotFoundException: /data/system/gatekeeper.gesture.key: open failed: ENOENT (No such file or directory)
11-08 16:17:02.355  1716  1716 E LockSettingsStorage: Cannot read file java.io.FileNotFoundException: /data/system/gesture.key: open failed: ENOENT (No such file or directory)
11-08 16:17:02.356  1716  1716 D SystemServerTiming: MakeLockSettingsServiceReady took to complete: 15ms
11-08 16:17:02.356  1716  1716 I SystemServer: StartBootPhaseLockSettingsReady
11-08 16:17:02.356  1716  1716 I SystemServiceManager: Starting phase 480
11-08 16:17:02.358  1716  1886 D SystemServerInitThreadPool: Started executing DevicePolicyManager
11-08 16:17:02.358  1716  1886 D SystemServerInitThreadPool: Finished executing DevicePolicyManager
11-08 16:17:02.360  1716  1716 D SystemServerTiming: StartBootPhaseLockSettingsReady took to complete: 4ms
11-08 16:17:02.360  1716  1716 I SystemServer: StartBootPhaseSystemServicesReady
11-08 16:17:02.360  1716  1716 I SystemServiceManager: Starting phase 500
11-08 16:17:02.361  1716  1716 D AppStandbyController: Setting app idle enabled state
11-08 16:17:02.361  1716  1716 D AppStandbyController: Initializing defaults for system apps on user 0, appIdleEnabled=false
11-08 16:17:02.362  1716  1716 E AppIdleHistory: Unable to read app idle file for user 0
11-08 16:17:02.363  1716  1716 I VrManagerService: No default vr listener service found.
11-08 16:17:02.365  1716  1716 I WifiService: WifiService starting up with Wi-Fi enabled
11-08 16:17:02.369  1716  1919 I android_os_HwBinder: HwBinder: Starting thread pool for default::android.hidl.manager@1.0::IServiceManager
11-08 16:17:02.370  1716  1936 D HalDevMgr: IWifi registration notification: fqName=android.hardware.wifi@1.0::IWifi, name=default, preexisting=true
11-08 16:17:02.370  1716  1919 I android_os_HwBinder: HwBinder: Starting thread pool for default::android.hardware.wifi@1.0::IWifi
11-08 16:17:02.371  1716  1919 D WificondControl: tearing down interfaces in wificond
11-08 16:17:02.372  1716  1716 D WifiService: setWifiEnabled: true pid=1716, uid=1000, package=android
11-08 16:17:02.372  1716  1716 I WifiService: setWifiEnabled package=android uid=1000 enable=true
11-08 16:17:02.372  1716  1716 I WifiScanningService: Starting wifiscanner
11-08 16:17:02.375  1716  1716 D ZenLog  : config: cleanUpZenRules,ZenModeConfig[user=0,allowAlarms=true,allowMedia=true,allowSystem=false,allowReminders=false,allowEvents=false,allowCalls=true,allowRepeatCallers=true,allowMessages=false,allowCallsFrom=stars,allowMessagesFrom=contacts,suppressedVisualEffects=511,areChannelsBypassingDnd=false,automaticRules={EVENTS_DEFAULT_RULE=ZenRule[enabled=false,snoozing=false,name=Event,zenMode=ZEN_MODE_IMPORTANT_INTERRUPTIONS,conditionId=condition://android/event?userId=-10000&calendar=&reply=1,condition=null,component=ComponentInfo{android/com.android.server.notification.EventConditionProvider},id=EVENTS_DEFAULT_RULE,creationTime=1667920622258,enabler=null], EVERY_NIGHT_DEFAULT_RULE=ZenRule[enabled=false,snoozing=false,name=Sleeping,zenMode=ZEN_MODE_IMPORTANT_INTERRUPTIONS,conditionId=condition://android/schedule?days=1.2.3.4.5.6.7&start=22.0&end=7.0&exitAtAlarm=true,condition=null,component=ComponentInfo{android/com.android.server.notification.ScheduleConditionProvider},id=EVERY_NIGHT_DEFAULT_RULE,creationTime=1667920622258,enabler=null]},manualRule=null],Diff[]
11-08 16:17:02.375  1716  1716 D ZenLog  : set_zen_mode: off,onSystemReady
11-08 16:17:02.380  1558  1558 D PermissionCache: checking android.permission.CAPTURE_AUDIO_HOTWORD for uid=1000 => granted (55 us)
11-08 16:17:02.380  1716  1716 W SoundTriggerHelper: listModules status=0, # of modules=0
11-08 16:17:02.380  1716  1716 D ContextHubSystemService: onBootPhase: PHASE_SYSTEM_SERVICES_READY
11-08 16:17:02.380  1716  1716 D SystemServerTiming: StartBootPhaseSystemServicesReady took to complete: 20ms
11-08 16:17:02.380  1716  1716 I SystemServer: MakeWindowManagerServiceReady
11-08 16:17:02.382  1716  1716 I android_os_HwBinder: HwBinder: Starting thread pool for default::android.hardware.configstore@1.0::ISurfaceFlingerConfigs
11-08 16:17:02.384  1716  1716 D SystemServerTiming: MakeWindowManagerServiceReady took to complete: 4ms
11-08 16:17:02.384  1716  1716 I SystemServer: MakePowerManagerServiceReady
11-08 16:17:02.392  1716  1812 E KernelCpuSpeedReader: Failed to read cpu-freq: /sys/devices/system/cpu/cpu0/cpufreq/stats/time_in_state (No such file or directory)
11-08 16:17:02.393  1716  1825 W KeyguardServiceDelegate: onScreenTurningOn(): no keyguard service!
11-08 16:17:02.394  1716  1716 D SystemServerTiming: MakePowerManagerServiceReady took to complete: 10ms
11-08 16:17:02.394  1716  1716 I SystemServer: MakePackageManagerServiceReady
11-08 16:17:02.400  1716  1716 I DefaultPermGrantPolicy: Granting permissions to platform components for user 0
11-08 16:17:02.400  1491  1529 D vold    : Remounting 1001 as mode none
11-08 16:17:02.401  1491  1529 D vold    : Found matching PID 1699
11-08 16:17:02.401  1491  1529 W vold    : Skipping due to root namespace
11-08 16:17:02.402  1491  1529 D vold    : Remounting 1001 as mode none
11-08 16:17:02.402  1491  1529 D vold    : Found matching PID 1699
11-08 16:17:02.402  1491  1529 W vold    : Skipping due to root namespace
11-08 16:17:02.403  1491  1529 D vold    : Remounting 1027 as mode none
11-08 16:17:02.406  1491  1529 D vold    : Remounting 1027 as mode none
11-08 16:17:02.407  1491  1529 D vold    : Remounting 1000 as mode none
11-08 16:17:02.407  1491  1529 D vold    : Found matching PID 1482
11-08 16:17:02.407  1491  1529 W vold    : Skipping due to root namespace
11-08 16:17:02.407  1491  1529 D vold    : Found matching PID 1483
11-08 16:17:02.407  1491  1529 W vold    : Skipping due to root namespace
11-08 16:17:02.407  1491  1529 D vold    : Found matching PID 1484
11-08 16:17:02.407  1491  1529 W vold    : Skipping due to root namespace
11-08 16:17:02.407  1491  1529 D vold    : Found matching PID 1490
11-08 16:17:02.407  1491  1529 W vold    : Skipping due to root namespace
11-08 16:17:02.407  1491  1529 D vold    : Found matching PID 1533
11-08 16:17:02.407  1491  1529 W vold    : Skipping due to root namespace
11-08 16:17:02.407  1491  1529 D vold    : Found matching PID 1536
11-08 16:17:02.407  1491  1529 W vold    : Skipping due to root namespace
11-08 16:17:02.407  1491  1529 D vold    : Found matching PID 1541
11-08 16:17:02.407  1491  1529 W vold    : Skipping due to root namespace
11-08 16:17:02.407  1491  1529 D vold    : Found matching PID 1545
11-08 16:17:02.407  1491  1529 W vold    : Skipping due to root namespace
11-08 16:17:02.407  1491  1529 D vold    : Found matching PID 1547
11-08 16:17:02.407  1491  1529 W vold    : Skipping due to root namespace
11-08 16:17:02.407  1491  1529 D vold    : Found matching PID 1549
11-08 16:17:02.407  1491  1529 W vold    : Skipping due to root namespace
11-08 16:17:02.407  1491  1529 D vold    : Found matching PID 1550
11-08 16:17:02.407  1491  1529 W vold    : Skipping due to root namespace
11-08 16:17:02.407  1491  1529 D vold    : Found matching PID 1554
11-08 16:17:02.407  1491  1529 W vold    : Skipping due to root namespace
11-08 16:17:02.407  1491  1529 D vold    : Found matching PID 1561
11-08 16:17:02.408  1491  1529 W vold    : Skipping due to root namespace
11-08 16:17:02.408  1491  1529 D vold    : Found matching PID 1669
11-08 16:17:02.408  1491  1529 W vold    : Skipping due to root namespace
11-08 16:17:02.408  1491  1529 D vold    : Found matching PID 1704
11-08 16:17:02.408  1491  1529 W vold    : Skipping due to root namespace
11-08 16:17:02.408  1491  1529 D vold    : Found matching PID 1711
11-08 16:17:02.408  1491  1529 W vold    : Skipping due to root namespace
11-08 16:17:02.408  1491  1529 D vold    : Found matching PID 1716
11-08 16:17:02.409  1716  1919 D WifiStateMachinePrime: received a message in WifiDisabledState: { when=-3ms what=3 target=com.android.internal.util.StateMachine$SmHandler }
11-08 16:17:02.409  1716  1919 D WifiStateMachinePrime: Switching from WifiDisabledState to WifiDisabled
11-08 16:17:02.409  1716  1919 D WifiStateMachinePrime: Entering WifiDisabledState
11-08 16:17:02.409  1716  1919 D ActiveModeManager: sending scan available broadcast: false
11-08 16:17:02.409  1716  1918 D WifiController: WifiController msg { when=-37ms what=155656 target=com.android.internal.util.StateMachine$SmHandler } deferred for 500ms
11-08 16:17:02.440  1491  1529 D vold    : Found matching PID 1742
11-08 16:17:02.440  1491  1529 W vold    : Skipping due to root namespace
11-08 16:17:02.441  1491  1495 D vold    : Remounting 1000 as mode none
11-08 16:17:02.441  1491  1495 D vold    : Found matching PID 1482
11-08 16:17:02.441  1491  1495 W vold    : Skipping due to root namespace
11-08 16:17:02.441  1491  1495 D vold    : Found matching PID 1483
11-08 16:17:02.441  1491  1495 W vold    : Skipping due to root namespace
11-08 16:17:02.441  1491  1495 D vold    : Found matching PID 1484
11-08 16:17:02.441  1491  1495 W vold    : Skipping due to root namespace
11-08 16:17:02.441  1491  1495 D vold    : Found matching PID 1490
11-08 16:17:02.441  1491  1495 W vold    : Skipping due to root namespace
11-08 16:17:02.441  1491  1495 D vold    : Found matching PID 1533
11-08 16:17:02.441  1491  1495 W vold    : Skipping due to root namespace
11-08 16:17:02.441  1491  1495 D vold    : Found matching PID 1536
11-08 16:17:02.441  1491  1495 W vold    : Skipping due to root namespace
11-08 16:17:02.441  1491  1495 D vold    : Found matching PID 1541
11-08 16:17:02.441  1491  1495 W vold    : Skipping due to root namespace
11-08 16:17:02.441  1491  1495 D vold    : Found matching PID 1545
11-08 16:17:02.441  1491  1495 W vold    : Skipping due to root namespace
11-08 16:17:02.442  1491  1495 D vold    : Found matching PID 1547
11-08 16:17:02.442  1491  1495 W vold    : Skipping due to root namespace
11-08 16:17:02.442  1491  1495 D vold    : Found matching PID 1549
11-08 16:17:02.442  1491  1495 W vold    : Skipping due to root namespace
11-08 16:17:02.442  1491  1495 D vold    : Found matching PID 1550
11-08 16:17:02.442  1491  1495 W vold    : Skipping due to root namespace
11-08 16:17:02.443  1491  1495 D vold    : Found matching PID 1554
11-08 16:17:02.443  1491  1495 W vold    : Skipping due to root namespace
11-08 16:17:02.443  1491  1495 D vold    : Found matching PID 1561
11-08 16:17:02.443  1491  1495 W vold    : Skipping due to root namespace
11-08 16:17:02.443  1491  1495 D vold    : Found matching PID 1669
11-08 16:17:02.443  1491  1495 W vold    : Skipping due to root namespace
11-08 16:17:02.443  1491  1495 D vold    : Found matching PID 1704
11-08 16:17:02.443  1491  1495 W vold    : Skipping due to root namespace
11-08 16:17:02.443  1491  1495 D vold    : Found matching PID 1711
11-08 16:17:02.443  1491  1495 W vold    : Skipping due to root namespace
11-08 16:17:02.443  1491  1495 D vold    : Found matching PID 1716
11-08 16:17:02.445  1491  1495 D vold    : Found matching PID 1742
11-08 16:17:02.445  1491  1495 W vold    : Skipping due to root namespace
11-08 16:17:02.446  1491  1529 D vold    : Remounting 2000 as mode none
11-08 16:17:02.447  1491  1529 D vold    : Found matching PID 1571
11-08 16:17:02.447  1491  1529 W vold    : Skipping due to root namespace
11-08 16:17:02.447  1491  1529 D vold    : Found matching PID 1572
11-08 16:17:02.447  1491  1529 W vold    : Skipping due to root namespace
11-08 16:17:02.448  1491  1529 D vold    : Remounting 2000 as mode none
11-08 16:17:02.448  1491  1529 D vold    : Found matching PID 1571
11-08 16:17:02.448  1491  1529 W vold    : Skipping due to root namespace
11-08 16:17:02.448  1491  1529 D vold    : Found matching PID 1572
11-08 16:17:02.448  1491  1529 W vold    : Skipping due to root namespace
11-08 16:17:02.448  1491  1529 D vold    : Remounting 10014 as mode none
11-08 16:17:02.449  1491  1495 D vold    : Remounting 10014 as mode none
11-08 16:17:02.450  1491  1529 D vold    : Remounting 1002 as mode none
11-08 16:17:02.451  1491  1495 D vold    : Remounting 1002 as mode none
11-08 16:17:02.452  1716  1716 I DefaultPermGrantPolicy: Granting permissions to default platform handlers for user 0
11-08 16:17:02.452  1716  1716 W VoiceInteractionManagerService: no available voice interaction services found for user 0
11-08 16:17:02.452  1716  1716 W VoiceInteractionManagerService: no available voice recognition services found for user 0
11-08 16:17:02.453  1716  1716 I SyncManager: No initial accounts
11-08 16:17:02.453  1716  1716 I SyncManager: No initial status
11-08 16:17:02.453  1716  1716 I SyncManager: No initial statistics
11-08 16:17:02.469  1491  1529 D vold    : Remounting 10021 as mode none
11-08 16:17:02.471  1491  1495 D vold    : Remounting 10046 as mode none
11-08 16:17:02.472  1491  1491 D vold    : Remounting 10046 as mode none
11-08 16:17:02.473  1491  1491 D vold    : Remounting 10009 as mode none
11-08 16:17:02.474  1491  1495 D vold    : Remounting 10009 as mode none
11-08 16:17:02.476  1491  1529 D vold    : Remounting 10016 as mode none
11-08 16:17:02.476  1491  1529 D vold    : Remounting 10016 as mode none
11-08 16:17:02.477  1491  1491 D vold    : Remounting 10026 as mode none
11-08 16:17:02.478  1491  1495 D vold    : Remounting 10026 as mode none
11-08 16:17:02.479  1491  1491 D vold    : Remounting 10062 as mode none
11-08 16:17:02.480  1491  1495 D vold    : Remounting 10062 as mode none
11-08 16:17:02.481  1491  1529 D vold    : Remounting 10007 as mode none
11-08 16:17:02.482  1491  1495 D vold    : Remounting 10007 as mode none
11-08 16:17:02.483  1491  1491 D vold    : Remounting 10053 as mode none
11-08 16:17:02.484  1491  1495 D vold    : Remounting 10053 as mode none
11-08 16:17:02.485  1491  1495 D vold    : Remounting 10065 as mode none
11-08 16:17:02.485  1491  1491 D vold    : Remounting 10065 as mode none
11-08 16:17:02.487  1491  1495 D vold    : Remounting 10015 as mode none
11-08 16:17:02.487  1491  1491 D vold    : Remounting 10015 as mode none
11-08 16:17:02.488  1491  1495 D vold    : Remounting 10029 as mode none
11-08 16:17:02.489  1491  1491 D vold    : Remounting 10029 as mode none
11-08 16:17:02.492  1716  1716 D UserDataPreparer: Serial number missing on /data/user_de/0; assuming current is valid
11-08 16:17:02.492  1716  1716 D UserDataPreparer: Serial number missing on /data/user/0; assuming current is valid
11-08 16:17:02.492  1716  1716 D UserDataPreparer: Serial number missing on /data/system_de/0; assuming current is valid
11-08 16:17:02.493  1716  1716 D SystemServerTiming: MakePackageManagerServiceReady took to complete: 99ms
11-08 16:17:02.493  1716  1716 I SystemServer: MakeDisplayManagerServiceReady
11-08 16:17:02.495  1716  1716 D SystemServerTiming: MakeDisplayManagerServiceReady took to complete: 2ms
11-08 16:17:02.495  1716  1716 I SystemServer: StartDeviceSpecificServices
11-08 16:17:02.495  1716  1716 D SystemServerTiming: StartDeviceSpecificServices took to complete: 0ms
11-08 16:17:02.495  1716  1716 I SystemServer: StartBootPhaseDeviceSpecificServicesReady
11-08 16:17:02.495  1716  1716 I SystemServiceManager: Starting phase 520
11-08 16:17:02.495  1716  1716 D SystemServerTiming: StartBootPhaseDeviceSpecificServicesReady took to complete: 0ms
11-08 16:17:02.496  1716  1716 W UsageStatsService: Event reported without a package name
11-08 16:17:02.496  1716  1716 I ActivityManager: System now ready
11-08 16:17:02.502  1716  1716 I SystemServer: Making services ready
11-08 16:17:02.502  1716  1716 I SystemServer: StartActivityManagerReadyPhase
11-08 16:17:02.502  1716  1716 I SystemServiceManager: Starting phase 550
11-08 16:17:02.502  1716  1716 W ActivityManager: Too early to start/bind service in system_server: Phase=550 ComponentInfo{com.android.server.telecom/com.android.server.telecom.components.TelecomService}
11-08 16:17:02.503  1716  1716 W ActivityManager: Too early to start/bind service in system_server: Phase=550 ComponentInfo{com.android.server.telecom/com.android.server.telecom.components.TelecomService}
11-08 16:17:02.524  1716  1902 D StorageManagerService: Thinking about init, mSystemReady=true, mDaemonConnected=true
11-08 16:17:02.525  1716  1902 D StorageManagerService: Setting up emulation state, initlocked=false
11-08 16:17:02.525  1491  1945 D vold    : e4crypt_unlock_user_key 0 serial=0 token_present=0
11-08 16:17:02.525  1491  1945 E vold    : Failed to chmod /data/system_ce/0: No such file or directory
11-08 16:17:02.525  1491  1945 E vold    : Failed to chmod /data/misc_ce/0: No such file or directory
11-08 16:17:02.525  1491  1945 E vold    : Failed to chmod /data/media/0: No such file or directory
11-08 16:17:02.525  1716  1902 D StorageManagerService: Thinking about reset, mSystemReady=true, mDaemonConnected=true
11-08 16:17:02.525  1716  1801 I ActivityManager: Force stopping com.android.providers.media appid=10009 user=-1: vold reset
11-08 16:17:02.529  1716  1716 I LockSettingsService: Migrated migrated_frp.
11-08 16:17:02.529  1716  1716 I WallpaperManagerService: No static wallpaper imagery; defaults will be shown
11-08 16:17:02.529  1716  1716 W WallpaperManagerService: no current wallpaper -- first boot?
11-08 16:17:02.530  1716  1930 I AudioService: setBluetoothScoOnInt: false resetBluetoothSco
11-08 16:17:02.530  1716  1930 E BluetoothAdapter: Bluetooth binder is null
11-08 16:17:02.531  1716  1810 I ActivityManager: Start proc 1947:com.android.inputmethod.latin/u0a61 for service com.android.inputmethod.latin/.LatinIME
11-08 16:17:02.530  1716  1930 E BluetoothAdapter: Bluetooth binder is null
11-08 16:17:02.531  1558  1558 I AudioFlinger: systemReady
11-08 16:17:02.532  1716  1716 D SystemServerTiming: StartActivityManagerReadyPhase took to complete: 30ms
11-08 16:17:02.532  1716  1716 I SystemServer: StartObservingNativeCrashes
11-08 16:17:02.532  1716  1716 D SystemServerTiming: StartObservingNativeCrashes took to complete: 0ms
11-08 16:17:02.532  1716  1797 D SystemServerInitThreadPool: Started executing WebViewFactoryPreparation
11-08 16:17:02.532  1716  1797 I SystemServer: WebViewFactoryPreparation
11-08 16:17:02.532  1716  1716 I SystemServer: StartSystemUI
11-08 16:17:02.533  1716  1716 D SystemServerTiming: StartSystemUI took to complete: 1ms
11-08 16:17:02.533  1716  1716 I SystemServer: MakeNetworkManagementServiceReady
11-08 16:17:02.533  1716  1716 D NetworkManagement: enabling bandwidth control
11-08 16:17:02.537  1716  1797 D WebViewLibraryLoader: Setting new address space to 147849872
11-08 16:17:02.548  1716  1810 I ActivityManager: Start proc 1958:com.android.systemui/u0a14 for service com.android.systemui/.SystemUIService
11-08 16:17:02.550  1716  1716 W NetworkManagement: setDataSaverMode(): already false
11-08 16:17:02.556  1716  1716 D SystemServerTiming: MakeNetworkManagementServiceReady took to complete: 23ms
11-08 16:17:02.556  1716  1716 I SystemServer: MakeIpSecServiceReady
11-08 16:17:02.556  1716  1812 E BatteryExternalStatsWorker: no controller energy info supplied for wifi
11-08 16:17:02.556  1716  1812 E BatteryExternalStatsWorker: no controller energy info supplied for telephony
11-08 16:17:02.557  1716  1716 D IpSecService: IpSecService is ready
11-08 16:17:02.557  1716  1716 D SystemServerTiming: MakeIpSecServiceReady took to complete: 1ms
11-08 16:17:02.557  1716  1716 I SystemServer: MakeNetworkStatsServiceReady
11-08 16:17:02.561  1716  1716 W BestClock: java.time.DateTimeException: Missing NTP fix
11-08 16:17:02.563  1716  1914 W NetworkPolicy: setRestrictBackgroundUL: already false
11-08 16:17:02.564  1716  1914 W BestClock: java.time.DateTimeException: Missing NTP fix
11-08 16:17:02.566  1716  1797 D SystemServerTimingAsync: WebViewFactoryPreparation took to complete: 34ms
11-08 16:17:02.566  1716  1797 D SystemServerInitThreadPool: Finished executing WebViewFactoryPreparation
11-08 16:17:02.574  1716  1716 D SystemServerTiming: MakeNetworkStatsServiceReady took to complete: 17ms
11-08 16:17:02.574  1716  1716 I SystemServer: MakeConnectivityServiceReady
11-08 16:17:02.574  1716  1716 D PermissionMonitor: Monitoring
11-08 16:17:02.575  1716  1716 D PermissionMonitor: Users: 1, Apps: 73
11-08 16:17:02.577  1716  1716 D SystemServerTiming: MakeConnectivityServiceReady took to complete: 3ms
11-08 16:17:02.577  1716  1716 I SystemServer: MakeNetworkPolicyServiceReady
11-08 16:17:02.577  1716  1716 D SystemServerTiming: MakeNetworkPolicyServiceReady took to complete: 0ms
11-08 16:17:02.577  1716  1716 I SystemServer: StartWatchdog
11-08 16:17:02.577  1716  1716 D SystemServerTiming: StartWatchdog took to complete: 0ms
11-08 16:17:02.577  1716  1716 I SystemServer: PhaseThirdPartyAppsCanStart
11-08 16:17:02.577  1716  1716 I SystemServiceManager: Starting phase 600
11-08 16:17:02.584  1680  1775 E linker  : library "/system/lib64/extractors/.." ("/system/lib64") needed or dlopened by "/system/lib64/libstagefright.so" is not accessible for the namespace: [name="(default)", ld_library_paths="", default_library_paths="/system/lib64", permitted_paths="/system/lib64/drm:/system/lib64/extractors:/system/lib64/hw:/system/product/lib64:/system/framework:/system/app:/system/priv-app:/vendor/framework:/vendor/app:/vendor/priv-app:/odm/framework:/odm/app:/odm/priv-app:/oem/app:/system/product/framework:/system/product/app:/system/product/priv-app:/data:/mnt/expand"]
11-08 16:17:02.584  1680  1775 W MediaExtractorFactory: couldn't dlopen(/system/lib64/extractors/..) No such file or directory
11-08 16:17:02.585  1680  1775 W MediaExtractorFactory: couldn't dlopen(/system/lib64/extractors/.) Is a directory
11-08 16:17:02.586  1947  1947 W putmethod.lati: Unexpected CPU variant for X86 using defaults: x86_64
11-08 16:17:02.589  1958  1958 W ndroid.systemu: Unexpected CPU variant for X86 using defaults: x86_64
11-08 16:17:02.605  1680  1775 E MediaExtractorFactory: couldn't opendir(/vendor/lib64/extractors)
11-08 16:17:02.606  1716  1913 W BestClock: java.time.DateTimeException: Missing NTP fix
11-08 16:17:02.607  1716  1913 W BestClock: java.time.DateTimeException: Missing NTP fix
11-08 16:17:02.607  1716  1914 W BestClock: java.time.DateTimeException: Missing NTP fix
11-08 16:17:02.613  1716  1716 I StatsCompanionService: Told statsd that StatsCompanionService is alive.
11-08 16:17:02.613  1716  1716 D SystemServerTiming: PhaseThirdPartyAppsCanStart took to complete: 36ms
11-08 16:17:02.613  1716  1716 I SystemServer: MakeLocationServiceReady
11-08 16:17:02.614  1483  1483 W hwservicemanager: getTransport: Cannot find entry android.hardware.gnss@1.1::IGnss/default in either framework or device manifest.
11-08 16:17:02.614  1716  1716 D GnssLocationProvider: gnssHal 1.1 was null, trying 1.0
11-08 16:17:02.615  1716  1716 I GnssLocationProvider: WakeLock acquired by sendMessage(INITIALIZE_HANDLER, 0, null)
11-08 16:17:02.615  1716  1716 W LocationManagerService: no network location provider found
11-08 16:17:02.616  1716  1716 E LocationManagerService: no geocoder provider found
11-08 16:17:02.616  1716  1716 D LocationManagerService: Unable to bind FLP Geofence proxy.
11-08 16:17:02.616  1716  1716 E ActivityRecognitionHardware: activity_recognition HAL is deprecated. is_supported is effectively a no-op
11-08 16:17:02.616  1716  1716 D LocationManagerService: Hardware Activity-Recognition not supported.
11-08 16:17:02.616  1716  1716 E ActivityRecognitionProxy: ServiceWatcher could not start.
11-08 16:17:02.616  1716  1716 D LocationManagerService: Unable to bind ActivityRecognitionProxy.
11-08 16:17:02.616  1716  1716 I GnssLocationProvider: WakeLock acquired by sendMessage(ENABLE, 1, null)
11-08 16:17:02.617  1716  1716 D SystemServerTiming: MakeLocationServiceReady took to complete: 4ms
11-08 16:17:02.617  1716  1716 I SystemServer: MakeCountryDetectionServiceReady
11-08 16:17:02.617  1716  1716 D SystemServerTiming: MakeCountryDetectionServiceReady took to complete: 0ms
11-08 16:17:02.617  1716  1716 I SystemServer: MakeNetworkTimeUpdateReady
11-08 16:17:02.617  1716  1798 D GnssLocationProvider: Link to death notification successful
11-08 16:17:02.617  1546  1546 I GnssHAL_GnssInterface: getExtensionXtra: GnssXtra interface not implemented by HAL
11-08 16:17:02.617  1546  1546 I GnssHAL_GnssInterface: getExtensionAGnssRil: GnssRil interface not implemented by HAL
11-08 16:17:02.617  1546  1546 E GnssHAL_GnssInterface: getExtensionAGnss: AGnss interface not implemented by HAL
11-08 16:17:02.617  1546  1546 I GnssHAL_GnssInterface: getExtensionGnssNavigationMessage: GnssNavigationMessage interface not implemented by HAL
11-08 16:17:02.617  1546  1546 E GnssHAL_GnssInterface: getExtensionGnssMeasurement: GnssMeasurement interface not implemented by HAL
11-08 16:17:02.617  1546  1546 I GnssHAL_GnssInterface: getExtensionGnssDebug: GnssDebug interface not implemented by HAL
11-08 16:17:02.617  1546  1546 I GnssHAL_GnssInterface: getExtensionGnssNi: GnssNi interface not implemented by HAL
11-08 16:17:02.617  1546  1546 E GnssHAL_GnssInterface: getExtensionGnssConfiguration: GnssConfiguration interface not implemented by HAL
11-08 16:17:02.617  1546  1546 E GnssHAL_GnssInterface: getExtensionGnssGeofencing: GnssGeofencing interface not implemented by HAL
11-08 16:17:02.618  1546  1546 E GnssHAL_GnssInterface: gnss flp hw_get_module failed: -2
11-08 16:17:02.618  1546  1546 E GnssHAL_GnssInterface: getExtensionGnssBatching: GnssBatching interface is not implemented by HAL
11-08 16:17:02.618  1716  1798 D GnssLocationProvider: gnssSetCapabilitesCb: 0u
