11-08 16:17:03.573  1947  2123 I BinaryDictionaryFileDumper: reinitializeClientRecordInDictionaryContentProvider() : Insert DictionaryInfo : Id = 'main:ru' : Locale=ru : Version=54
11-08 16:17:03.575  1947  2123 I BinaryDictionaryFileDumper: reinitializeClientRecordInDictionaryContentProvider() : Insert DictionaryInfo : Id = 'main:en_us' : Locale=en_US : Version=-1
11-08 16:17:03.576  1947  2123 W BinaryDictionaryFileDumper: Missing metadata.json resource
11-08 16:17:03.588  1947  2123 I LatinIME:LogUtils: Dictionary info: dictionary = main:en ; version = 54 ; date = 1414726273
11-08 16:17:03.600  1716  1880 W LocalDisplayAdapter: Unable to find color mode 0, ignoring request.
11-08 16:17:03.602  1716  1822 I ActivityManager: Displayed com.android.settings/.FallbackHome: +458ms (total +929ms)
11-08 16:17:03.603  1716  1900 I InputReader: Reconfiguring input devices.  changes=0x00000004
11-08 16:17:03.605  1716  1952 D PackageManager: Instant App installer not found with android.intent.action.INSTALL_INSTANT_APP_PACKAGE
11-08 16:17:03.605  1716  1952 D PackageManager: Clear ephemeral installer activity
11-08 16:17:03.610  1947  2123 I LatinIME:LogUtils: Dictionary info: dictionary = main:en ; version = 54 ; date = 1414726273
11-08 16:17:03.614  1947  2123 I LatinIME:LogUtils: Dictionary info: dictionary = main:en ; version = 54 ; date = 1414726273
11-08 16:17:03.616  2050  2050 W SoundPool: Use of stream types is deprecated for operations other than volume control
11-08 16:17:03.616  2050  2050 W SoundPool: See the documentation of SoundPool() for what to use instead with android.media.AudioAttributes to qualify your playback use case
11-08 16:17:03.618  2050  2050 D SystemUIBootTiming: StartServicescom.android.systemui.keyguard.KeyguardViewMediator took to complete: 59ms
11-08 16:17:03.622  1716  1801 W KeyguardServiceDelegate: onScreenTurningOn(): no keyguard service!
11-08 16:17:03.623  2050  2050 D OpenGLRenderer: Skia GL Pipeline
11-08 16:17:03.634  1669  2142 W SurfaceFlinger: Attempting to destroy on removed layer: AppWindowToken{6176b7e token=Token{56fb939 ActivityRecord{8c40d00 u0 com.android.settings/.CryptKeeper t1}}}#0
11-08 16:17:03.636  1947  2123 I LatinIME:LogUtils: Dictionary info: dictionary = main:en ; version = 54 ; date = 1414726273
11-08 16:17:03.641  1674  1674 D incidentd: Start uploading backlogs in /data/misc/incidents/
11-08 16:17:03.641  1674  1674 D incidentd: Successfully uploaded 0 files to Dropbox.
11-08 16:17:03.643  1947  2123 I LatinIME:LogUtils: Dictionary info: dictionary = main:en ; version = 54 ; date = 1414726273
11-08 16:17:03.645  2050  2210 I OMXClient: IOmx service obtained
11-08 16:17:03.646  1697  2113 I OMXMaster: makeComponentInstance(OMX.google.vorbis.decoder) in omx@1.0-service process
11-08 16:17:03.646  1697  2113 E OMXNodeInstance: getConfig(0xef3a72c0:google.vorbis.decoder, ConfigAndroidVendorExtension(0x6f100004)) ERROR: Undefined(0x80001001)
11-08 16:17:03.647  1533  1533 W AshmemAllocator: ashmem_create_region(32768) returning hidl_memory(0x78b42f0310f0, 32768)
11-08 16:17:03.649  1533  1533 I chatty  : uid=1000(system) allocator@1.0-s identical 6 lines
11-08 16:17:03.649  1533  1533 W AshmemAllocator: ashmem_create_region(32768) returning hidl_memory(0x78b42f0310f0, 32768)
11-08 16:17:03.650  1947  2123 I LatinIME:LogUtils: Dictionary info: dictionary = main:en ; version = 54 ; date = 1414726273
11-08 16:17:03.662  1533  1533 W AshmemAllocator: ashmem_create_region(32768) returning hidl_memory(0x78b42f0310f0, 32768)
11-08 16:17:03.662  1533  1533 I chatty  : uid=1000(system) allocator@1.0-s identical 2 lines
11-08 16:17:03.662  1533  1533 W AshmemAllocator: ashmem_create_region(32768) returning hidl_memory(0x78b42f0310f0, 32768)
11-08 16:17:03.672  1947  2123 I LatinIME:LogUtils: Dictionary info: dictionary = main:en ; version = 54 ; date = 1414726273
11-08 16:17:03.683  1947  2123 I LatinIME:LogUtils: Dictionary info: dictionary = main:en ; version = 54 ; date = 1414726273
11-08 16:17:03.684  2050  2220 I OMXClient: IOmx service obtained
11-08 16:17:03.684  1697  2113 I OMXMaster: makeComponentInstance(OMX.google.vorbis.decoder) in omx@1.0-service process
11-08 16:17:03.686  1697  2113 E OMXNodeInstance: getConfig(0xef3a72c0:google.vorbis.decoder, ConfigAndroidVendorExtension(0x6f100004)) ERROR: Undefined(0x80001001)
11-08 16:17:03.687  1533  1533 W AshmemAllocator: ashmem_create_region(32768) returning hidl_memory(0x78b42f0310f0, 32768)
11-08 16:17:03.693  1533  1533 I chatty  : uid=1000(system) allocator@1.0-s identical 10 lines
11-08 16:17:03.694  1533  1533 W AshmemAllocator: ashmem_create_region(32768) returning hidl_memory(0x78b42f0310f0, 32768)
11-08 16:17:03.710  2050  2223 I OMXClient: IOmx service obtained
11-08 16:17:03.710  1697  2113 I OMXMaster: makeComponentInstance(OMX.google.vorbis.decoder) in omx@1.0-service process
11-08 16:17:03.710  1697  2113 E OMXNodeInstance: getConfig(0xef3a72c0:google.vorbis.decoder, ConfigAndroidVendorExtension(0x6f100004)) ERROR: Undefined(0x80001001)
11-08 16:17:03.711  1533  1533 W AshmemAllocator: ashmem_create_region(32768) returning hidl_memory(0x78b42f0310f0, 32768)
11-08 16:17:03.711  2050  2050 D SystemUIBootTiming: StartServicescom.android.systemui.recents.Recents took to complete: 92ms
11-08 16:17:03.719  1533  1533 I chatty  : uid=1000(system) allocator@1.0-s identical 6 lines
11-08 16:17:03.719  1533  1533 W AshmemAllocator: ashmem_create_region(32768) returning hidl_memory(0x78b42f0310f0, 32768)
11-08 16:17:03.720  2050  2050 I vol.Events: writeEvent collection_started
11-08 16:17:03.724  1533  1533 W AshmemAllocator: ashmem_create_region(32768) returning hidl_memory(0x78b42f0310f0, 32768)
11-08 16:17:03.730  1533  1533 I chatty  : uid=1000(system) allocator@1.0-s identical 2 lines
11-08 16:17:03.730  1533  1533 W AshmemAllocator: ashmem_create_region(32768) returning hidl_memory(0x78b42f0310f0, 32768)
11-08 16:17:03.736  2050  2226 I vol.Events: writeEvent external_ringer_mode_changed normal
11-08 16:17:03.736  2050  2226 I vol.Events: writeEvent internal_ringer_mode_changed normal
11-08 16:17:03.776  2042  2042 D TelephonyProvider: dbh.onCreate:+ db=SQLiteDatabase: /data/user_de/0/com.android.providers.telephony/databases/telephony.db
11-08 16:17:03.776  2042  2042 D TelephonyProvider: dbh.createSimInfoTable:+ siminfo
11-08 16:17:03.777  2042  2042 D TelephonyProvider: dbh.createSimInfoTable:-
11-08 16:17:03.777  2042  2042 D TelephonyProvider: dbh.createCarriersTable: carriers
11-08 16:17:03.777  2042  2042 D TelephonyProvider: dbh.createCarriersTable:-
11-08 16:17:03.777  2042  2042 D TelephonyProvider: dbh.onCreate: Apply apns from xml.
11-08 16:17:03.777  2042  2042 D TelephonyProvider: No APNs in OEM image = /oem/telephony/apns-conf.xml Load APNs from system image
11-08 16:17:03.777  2042  2042 D TelephonyProvider: APNs Timestamp: altFileTime = 1667920608000 currFileTime = 1533061006000
11-08 16:17:03.777  2042  2042 D TelephonyProvider: APNs Timestamp: Alternate image /data/misc/apns/apns-conf.xml is greater than System image
11-08 16:17:03.777  2042  2042 D TelephonyProvider: confFile = /data/misc/apns/apns-conf.xml
11-08 16:17:03.787  2042  2042 D TelephonyProvider: Checksum for /data/misc/apns/apns-conf.xml is 2001431324
11-08 16:17:03.792  2050  2226 I vol.Events: writeEvent level_changed STREAM_VOICE_CALL 4
11-08 16:17:03.793  2050  2226 I vol.Events: writeEvent level_changed STREAM_SYSTEM 5
11-08 16:17:03.793  2050  2226 I vol.Events: writeEvent level_changed STREAM_RING 5
11-08 16:17:03.794  2050  2226 I vol.Events: writeEvent level_changed STREAM_MUSIC 5
11-08 16:17:03.794  2050  2226 I vol.Events: writeEvent level_changed STREAM_ALARM 6
11-08 16:17:03.795  2050  2226 I vol.Events: writeEvent level_changed STREAM_BLUETOOTH_SCO 7
11-08 16:17:03.797  2050  2226 I vol.Events: writeEvent zen_mode_config_changed [disallowAlarms=false disallowMedia=false disallowSystem=true disallowRinger=false]
11-08 16:17:03.797  2042  2042 D TelephonyProvider: dbh.onCreate:- db=SQLiteDatabase: /data/user_de/0/com.android.providers.telephony/databases/telephony.db
11-08 16:17:03.798  2042  2042 D TelephonyProvider: dbh.onOpen: ok, queried table=siminfo
11-08 16:17:03.798  2042  2042 D TelephonyProvider: dbh.onOpen: ok, queried table=carriers
11-08 16:17:03.798  1716  1936 I GnssLocationProvider: WakeLock acquired by sendMessage(REPORT_SV_STATUS, 0, com.android.server.location.GnssLocationProvider$SvStatusInfo@3ee12e9)
11-08 16:17:03.799  1716  1798 I GnssLocationProvider: WakeLock released by handleMessage(REPORT_SV_STATUS, 0, com.android.server.location.GnssLocationProvider$SvStatusInfo@3ee12e9)
11-08 16:17:03.799  2042  2042 D TelephonyProvider: onCreate: build id changed from  to PSR1.180720.012
11-08 16:17:03.800  2042  2042 D TelephonyProvider: No APNs in OEM image = /oem/telephony/apns-conf.xml Load APNs from system image
11-08 16:17:03.800  2042  2042 D TelephonyProvider: APNs Timestamp: altFileTime = 1667920608000 currFileTime = 1533061006000
11-08 16:17:03.800  2042  2042 D TelephonyProvider: APNs Timestamp: Alternate image /data/misc/apns/apns-conf.xml is greater than System image
11-08 16:17:03.800  2042  2042 D TelephonyProvider: Checksum for /data/misc/apns/apns-conf.xml is 2001431324
11-08 16:17:03.800  2042  2042 D TelephonyProvider: newChecksum: 2001431324
11-08 16:17:03.800  2042  2042 D TelephonyProvider: oldChecksum: 2001431324
11-08 16:17:03.800  2042  2042 D TelephonyProvider: Skipping apn db update since apn-conf has not changed.
11-08 16:17:03.803  2042  2042 D CarrierIdProvider: onCreate
11-08 16:17:03.803  2050  2050 D SystemUIBootTiming: StartServicescom.android.systemui.volume.VolumeUI took to complete: 92ms
11-08 16:17:03.812  1669  2142 E SurfaceFlinger: ro.sf.lcd_density must be defined as a build property
11-08 16:17:03.813  2042  2042 D CarrierIdDatabaseHelper: onCreate
11-08 16:17:03.813  2042  2042 D CarrierIdProvider: update database from pb file
11-08 16:17:03.816  2050  2050 D SystemUIBootTiming: StartServicescom.android.systemui.stackdivider.Divider took to complete: 13ms
11-08 16:17:03.829  1716  1952 I WifiService: getWifiServiceMessenger uid=10014
11-08 16:17:03.831  2042  2042 E CarrierIdProvider: read carrier list from ota pb failure: java.io.FileNotFoundException: /data/misc/carrierid/carrier_list.pb (No such file or directory)
11-08 16:17:03.831  1716  1952 D ConnectivityService: requestNetwork for uid/pid:10014/2050 NetworkRequest [ TRACK_DEFAULT id=9, [ Capabilities: INTERNET&NOT_RESTRICTED&TRUSTED Unwanted:  Uid: 10014] ]
11-08 16:17:03.832  2042  2042 D CarrierIdProvider: latest version: 4 need update: true
11-08 16:17:03.878  1716  1952 W WallpaperManagerService: Cannot extract colors because wallpaper could not be read.
11-08 16:17:03.878  1716  1952 W WallpaperManagerService: Cannot get theme colors because WallpaperColors is null.
11-08 16:17:03.878  1716  1952 W WallpaperManagerService: Cannot extract colors because wallpaper could not be read.
11-08 16:17:03.878  1716  1952 W WallpaperManagerService: Cannot get theme colors because WallpaperColors is null.
11-08 16:17:03.887  2050  2050 D StatusBar: disable<e i a s b h r c s > disable2<q i n >
11-08 16:17:03.887  1716  1952 I StatusBarManagerService: registerStatusBar bar=com.android.internal.statusbar.IStatusBar$Stub$Proxy@3139193
11-08 16:17:03.957  2050  2050 I CameraManagerGlobal: Connecting to camera service
11-08 16:17:03.988  2042  2042 D CarrierIdProvider: update database from pb. inserted rows = 1671
11-08 16:17:03.989  2042  2042 D CarrierProvider: onCreate
11-08 16:17:03.997  2050  2050 D NotificationEntryMgr: heads up is enabled
11-08 16:17:04.001  2042  2042 I ImsResolver: ImsResolver initialized with static binding.
11-08 16:17:04.001  2042  2042 I ImsResolver: Initializing cache and binding.
11-08 16:17:04.003  2042  2042 I android_os_HwBinder: HwBinder: Starting thread pool for slot1::android.hardware.radio@1.0::IRadio
11-08 16:17:04.005  1483  1483 W hwservicemanager: getTransport: Cannot find entry android.hardware.radio.deprecated@1.0::IOemHook/slot1 in either framework or device manifest.
11-08 16:17:04.031  2050  2050 E BluetoothAdapter: Bluetooth binder is null
11-08 16:17:04.037  2050  2233 D OpenGLRenderer: profile bars disabled
11-08 16:17:04.037  2050  2233 D OpenGLRenderer: ambientRatio = 1.50
11-08 16:17:04.044  2050  2050 D StatusBar: disable<e i a s b h r c s > disable2<q i n >
11-08 16:17:04.065  2050  2238 I SecurityController: could not bind to KeyChainService
11-08 16:17:04.075  1716  1758 I DefaultPermGrantPolicy: Revoking permissions from disabled data services for user:0
11-08 16:17:04.075  1716  1952 I DefaultPermGrantPolicy: Granting permissions to enabled data services for user:0
11-08 16:17:04.102  2050  2050 D SystemUIBootTiming: StartServicescom.android.systemui.SystemBars took to complete: 286ms
11-08 16:17:04.108  2050  2050 D StorageNotification: Notifying about private volume: VolumeInfo{private}:
11-08 16:17:04.108  2050  2050 D StorageNotification:     type=PRIVATE diskId=null partGuid=null mountFlags=0 mountUserId=-1 
11-08 16:17:04.108  2050  2050 D StorageNotification:     state=MOUNTED 
11-08 16:17:04.108  2050  2050 D StorageNotification:     fsType=null fsUuid=null fsLabel=null 
11-08 16:17:04.108  2050  2050 D StorageNotification:     path=/data internalPath=null 
11-08 16:17:04.109  2050  2050 D SystemUIBootTiming: StartServicescom.android.systemui.usb.StorageNotification took to complete: 6ms
11-08 16:17:04.111  2042  2042 D PhoneSwitcherNetworkRequstListener: Registering NetworkFactory
11-08 16:17:04.111  1716  1922 D ConnectivityService: Got NetworkFactory Messenger for PhoneSwitcherNetworkRequstListener
11-08 16:17:04.114  2050  2050 D SystemUIBootTiming: StartServicescom.android.systemui.power.PowerUI took to complete: 5ms
11-08 16:17:04.116  2050  2238 E ActivityThread: Failed to find provider info for com.android.contacts
11-08 16:17:04.119  2050  2050 D SystemUIBootTiming: StartServicescom.android.systemui.media.RingtonePlayer took to complete: 5ms
11-08 16:17:04.120  1716  1922 D ConnectivityService: Got NetworkFactory Messenger for TelephonyNetworkFactory[0]
11-08 16:17:04.123  2042  2042 D CarrierConfigLoader: CarrierConfigLoader has started
11-08 16:17:04.124  2042  2042 E BluetoothAdapter: Bluetooth binder is null
11-08 16:17:04.125  2050  2050 D SystemUIBootTiming: StartServicescom.android.systemui.keyboard.KeyboardUI took to complete: 6ms
11-08 16:17:04.129  2050  2050 D SystemUIBootTiming: StartServicescom.android.systemui.pip.PipUI took to complete: 4ms
11-08 16:17:04.130  2050  2050 D SystemUIBootTiming: StartServicescom.android.systemui.shortcut.ShortcutKeyDispatcher took to complete: 1ms
11-08 16:17:04.130  2050  2050 D SystemUIBootTiming: StartServicescom.android.systemui.VendorServices took to complete: 0ms
11-08 16:17:04.130  2050  2050 D SystemUIBootTiming: StartServicescom.android.systemui.util.leak.GarbageMonitor$Service took to complete: 0ms
11-08 16:17:04.131  2050  2050 D SystemUIBootTiming: StartServicescom.android.systemui.LatencyTester took to complete: 1ms
11-08 16:17:04.134  2042  2254 E ActivityThread: Failed to find provider info for com.android.contacts
11-08 16:17:04.134  2042  2254 W CallerInfoCache: cursor is null
11-08 16:17:04.135  2050  2050 D SystemUIBootTiming: StartServicescom.android.systemui.globalactions.GlobalActionsComponent took to complete: 4ms
11-08 16:17:04.135  2050  2050 D SystemUIBootTiming: StartServicescom.android.systemui.ScreenDecorations took to complete: 0ms
11-08 16:17:04.141  2042  2042 I TelecomFramework: TtyManager: updateUiTtyMode -1 -> 0
11-08 16:17:04.144  2042  2042 D ImsResolver: maybeAddedImsService, packageName: null
11-08 16:17:04.144  2042  2042 I ImsResolver: Adding newly added ImsService to cache: ComponentInfo{com.android.phone/com.android.internal.telephony.ims.ImsResolver}
11-08 16:17:04.144  2050  2050 D SystemUIBootTiming: StartServicescom.android.systemui.fingerprint.FingerprintDialogImpl took to complete: 9ms
11-08 16:17:04.145  2050  2050 D SystemUIBootTiming: StartServicescom.android.systemui.SliceBroadcastRelayHandler took to complete: 1ms
11-08 16:17:04.145  2050  2050 D SystemUIBootTiming: StartServices took to complete: 648ms
11-08 16:17:04.147  2042  2042 I ImsResolver: Binding ImsService: ComponentInfo{com.android.phone/com.android.internal.telephony.ims.ImsResolver} with features: [{s=0, f=0}, {s=0, f=1}]
11-08 16:17:04.147  2042  2042 I ImsServiceController: Granting Runtime permissions to:ComponentInfo{com.android.phone/com.android.internal.telephony.ims.ImsResolver}
11-08 16:17:04.147  1716  1952 I DefaultPermGrantPolicy: Granting permissions to enabled ImsServices for user:0
11-08 16:17:04.147  2042  2042 I ImsServiceController: Binding ImsService:ComponentInfo{com.android.phone/com.android.internal.telephony.ims.ImsResolver}
11-08 16:17:04.149  1483  1483 W hwservicemanager: getTransport: Cannot find entry android.hardware.radio.config@1.0::IRadioConfig/default in either framework or device manifest.
11-08 16:17:04.171  1716  1952 D AlarmManagerService: Kernel timezone updated to -60 minutes west of GMT
11-08 16:17:04.171  1716  1716 D ConditionProviders.SCP: onReceive android.intent.action.TIMEZONE_CHANGED
11-08 16:17:04.172  1716  1716 D ConditionProviders.SCP: evaluateSubscriptionLocked cal=ScheduleCalendar[mDays={1, 2, 3, 4, 5, 6, 7}, mSchedule=ScheduleInfo{days=[1, 2, 3, 4, 5, 6, 7], startHour=22, startMinute=0, endHour=7, endMinute=0, exitAtAlarm=true, nextAlarm=Thu Jan 01 01:00:00 GMT+01:00 1970 (0)}], now=Tue Nov 08 16:17:04 GMT+01:00 2022 (1667920624171), nextUserAlarmTime=Thu Jan 01 01:00:00 GMT+01:00 1970 (0)
11-08 16:17:04.172  1716  1716 D ConditionProviders.SCP: notifyCondition condition://android/schedule?days=1.2.3.4.5.6.7&start=22.0&end=7.0&exitAtAlarm=true STATE_FALSE reason=!meetsSchedule
11-08 16:17:04.175  1716  1716 D ConditionProviders.SCP: Scheduling evaluate for Tue Nov 08 22:00:00 GMT+01:00 2022 (1667941200000), in +5h42m55s829ms, now=Tue Nov 08 16:17:04 GMT+01:00 2022 (1667920624171)
11-08 16:17:04.176  1716  1928 E ActivityThread: Failed to find provider info for com.android.calendar
11-08 16:17:04.180  1716  1758 D AlarmManagerService: Setting time of day to sec=1667920625
11-08 16:17:05.337  1716  1758 W AlarmManagerService: Unable to set rtc to 1667920625: No such device
11-08 16:17:04.176  1716  1928 E ActivityThread: Failed to find provider info for com.android.calendar
11-08 16:17:05.337  1716  1716 D DevicePolicyManager: updateSystemUpdateFreezePeriodsRecord
11-08 16:17:05.337  1716  1716 W SyncManager: Clock is valid now.
11-08 16:17:05.337  1716  1716 D ConditionProviders.SCP: onReceive android.intent.action.TIME_SET
11-08 16:17:05.337  1716  1716 D ConditionProviders.SCP: evaluateSubscriptionLocked cal=ScheduleCalendar[mDays={1, 2, 3, 4, 5, 6, 7}, mSchedule=ScheduleInfo{days=[1, 2, 3, 4, 5, 6, 7], startHour=22, startMinute=0, endHour=7, endMinute=0, exitAtAlarm=true, nextAlarm=Thu Jan 01 01:00:00 GMT+01:00 1970 (0)}], now=Tue Nov 08 16:17:05 GMT+01:00 2022 (1667920625337), nextUserAlarmTime=Thu Jan 01 01:00:00 GMT+01:00 1970 (0)
11-08 16:17:05.337  1716  1716 D ConditionProviders.SCP: notifyCondition condition://android/schedule?days=1.2.3.4.5.6.7&start=22.0&end=7.0&exitAtAlarm=true STATE_FALSE reason=!meetsSchedule
11-08 16:17:05.337  1716  1716 D ConditionProviders.SCP: Scheduling evaluate for Tue Nov 08 22:00:00 GMT+01:00 2022 (1667941200000), in +5h42m54s663ms, now=Tue Nov 08 16:17:05 GMT+01:00 2022 (1667920625337)
11-08 16:17:05.339  1716  1810 I ActivityManager: Start proc 2260:com.android.deskclock/u0a54 for broadcast com.android.deskclock/.AlarmInitReceiver
11-08 16:17:05.340  1716  1928 E ActivityThread: Failed to find provider info for com.android.calendar
11-08 16:17:05.341  1716  1928 E ActivityThread: Failed to find provider info for com.android.calendar
11-08 16:17:05.342  1716  1758 W LocalDisplayAdapter: Unable to find color mode 0, ignoring request.
11-08 16:17:05.342  1716  1900 I InputReader: Reconfiguring input devices.  changes=0x00000004
11-08 16:17:05.350  1716  1880 W LocalDisplayAdapter: Unable to find color mode 0, ignoring request.
11-08 16:17:05.350  1716  1900 I InputReader: Reconfiguring input devices.  changes=0x00000004
11-08 16:17:05.351  2050  2050 D ViewRootImpl[StatusBar]: changeCanvasOpacity: opaque=true
11-08 16:17:05.354  2260  2260 W droid.deskcloc: Unexpected CPU variant for X86 using defaults: x86_64
11-08 16:17:05.377  2050  2238 E ActivityThread: Failed to find provider info for com.android.contacts
11-08 16:17:05.411  2260  2260 I droid.deskcloc: The ClassLoaderContext is a special shared library.
11-08 16:17:05.420  2050  2240 E ActivityThread: Failed to find provider info for com.android.contacts
11-08 16:17:05.413  2260  2260 I droid.deskcloc: The ClassLoaderContext is a special shared library.
11-08 16:17:05.431  2042  2042 D PhoneSwitcherNetworkRequstListener: got request NetworkRequest [ TRACK_DEFAULT id=9, [ Capabilities: INTERNET&NOT_RESTRICTED&TRUSTED Unwanted:  Uid: 10014] ] with score 0
11-08 16:17:05.431  2042  2042 D PhoneSwitcherNetworkRequstListener: got request NetworkRequest [ BACKGROUND_REQUEST id=2, [ Transports: CELLULAR Capabilities: INTERNET&NOT_RESTRICTED&TRUSTED&NOT_VPN Unwanted: ] ] with score 0
11-08 16:17:05.431  2042  2042 D PhoneSwitcherNetworkRequstListener: got request NetworkRequest [ TRACK_DEFAULT id=7, [ Capabilities: INTERNET&NOT_RESTRICTED&TRUSTED Unwanted:  Uid: 1000] ] with score 0
11-08 16:17:05.431  2042  2042 D PhoneSwitcherNetworkRequstListener: got request NetworkRequest [ REQUEST id=1, [ Capabilities: INTERNET&NOT_RESTRICTED&TRUSTED&NOT_VPN Unwanted: ] ] with score 0
11-08 16:17:05.432  2042  2042 D TelephonyDebugService: TelephonyDebugService()
11-08 16:17:05.433  2042  2042 D CarrierConfigLoader: mHandler: 12 phoneId: 0
11-08 16:17:05.433  2042  2042 D CarrierConfigLoader: Build fingerprint changed. old: null new: Android/sdk_phone_x86_64/generic_x86_64:9/PSR1.180720.012/4923214:userdebug/test-keys
11-08 16:17:05.465  1716  1914 W BestClock: java.time.DateTimeException: Missing NTP fix
11-08 16:17:05.466  1716  1914 W BestClock: java.time.DateTimeException: Missing NTP fix
11-08 16:17:05.467  1716  1716 I GnssLocationProvider: WakeLock acquired by sendMessage(SUBSCRIPTION_OR_SIM_CHANGED, 0, null)
11-08 16:17:05.468  1716  1798 I GnssLocationProvider: WakeLock released by handleMessage(SUBSCRIPTION_OR_SIM_CHANGED, 0, null)
11-08 16:17:05.483  2042  2250 D IntentBroadcaster: Broadcasting and adding intent for rebroadcast: android.intent.action.SIM_STATE_CHANGED READY for slotId 0
11-08 16:17:05.490  2042  2042 E PhoneInterfaceManager: [PhoneIntfMgr] getIccId: No UICC
11-08 16:17:05.495  2042  2042 D OpenGLRenderer: Skia GL Pipeline
11-08 16:17:05.501  2260  2260 I AlarmClock: AlarmInitReceiver android.intent.action.TIMEZONE_CHANGED
11-08 16:17:05.505  1716  1761 I Telecom : PhoneAccountRegistrar: New phone account registered: [[ ] PhoneAccount: ComponentInfo{com.android.phone/com.android.services.telephony.TelephonyConnectionService}, ***, UserHandle{0} Capabilities: CallProvider MultiUser PlaceEmerg SimSub  Audio Routes: BESW Schemes: tel voicemail  Extras: Bundle[mParcelledData.dataSize=124] GroupId: ***]: TSI.rPA@AAk
11-08 16:17:05.506  1716  1761 I Telecom : CallsManager: Sending phone-account ComponentInfo{com.android.phone/com.android.services.telephony.TelephonyConnectionService}, ***, UserHandle{0} registered intent as user: TSI.rPA@AAk
11-08 16:17:05.507  1716  1761 I Telecom : CallsManager: Sending phone-account registered intent to default dialer: TSI.rPA@AAk
11-08 16:17:05.508  2042  2042 I TelecomFramework: AccountEntry: Registered phoneAccount: [[ ] PhoneAccount: ComponentInfo{com.android.phone/com.android.services.telephony.TelephonyConnectionService}, ***, UserHandle{0} Capabilities: CallProvider MultiUser PlaceEmerg SimSub  Audio Routes: BESW Schemes: tel voicemail  Extras: Bundle[{android.telecom.extra.SUPPORTS_VIDEO_CALLING_FALLBACK=true}] GroupId: ***] with handle: ComponentInfo{com.android.phone/com.android.services.telephony.TelephonyConnectionService}, ***, UserHandle{0}
11-08 16:17:05.509  2050  2233 D         : HostConnection::get() New Host Connection established 0x7613c075fd60, tid 2233
11-08 16:17:05.510  1547  1547 D gralloc_ranchu: gralloc_alloc: Creating ashmem region of size 32768
11-08 16:17:05.510  2042  2042 I TelecomFramework: PstnIncomingCallNotifier: Registering: Handler (com.android.internal.telephony.GsmCdmaPhone) {9e57f9}
11-08 16:17:05.511  1669  1736 D         : HostConnection::get() New Host Connection established 0x7bbdceb5d7c0, tid 1736
11-08 16:17:05.511  1547  1547 D gralloc_ranchu: gralloc_alloc: Creating ashmem region of size 32768
11-08 16:17:05.512  1547  1547 D gralloc_ranchu: gralloc_alloc: Creating ashmem region of size 32768
11-08 16:17:05.516  2050  2233 I ConfigStore: android::hardware::configstore::V1_0::ISurfaceFlingerConfigs::hasWideColorDisplay retrieved: 0
11-08 16:17:05.516  2050  2233 I ConfigStore: android::hardware::configstore::V1_0::ISurfaceFlingerConfigs::hasHDRDisplay retrieved: 0
11-08 16:17:05.516  2050  2233 I OpenGLRenderer: Initialized EGL, version 1.4
11-08 16:17:05.516  2050  2233 D OpenGLRenderer: Swap behavior 1
11-08 16:17:05.517  2050  2233 D EGL_emulation: eglCreateContext: 0x7613b1019e40: maj 3 min 0 rcv 3
11-08 16:17:05.520  2050  2233 D EGL_emulation: eglMakeCurrent: 0x7613b1019e40: ver 3 0 (tinfo 0x7613c072a300)
11-08 16:17:05.523  1669  1736 E SurfaceFlinger: ro.sf.lcd_density must be defined as a build property
11-08 16:17:05.540  2050  2050 D StatusBar: disable<e i a s b h r c s > disable2<q i n >
11-08 16:17:05.540  2260  2287 I AlarmClock: Fixing alarm instances
11-08 16:17:05.566  1716  1918 D WifiService: New client listening to asynchronous messages
11-08 16:17:05.567  2260  2287 I AlarmClock: Alarms Table created
11-08 16:17:05.568  2260  2287 I AlarmClock: Instance table created
11-08 16:17:05.568  2260  2287 I AlarmClock: Inserting default alarms
11-08 16:17:05.573  1716  1758 E memtrack: Couldn't load memtrack module
11-08 16:17:05.573  1716  1758 W android.os.Debug: failed to get memory consumption info: -1
11-08 16:17:05.595  2042  2042 I TelecomFramework: PstnPhoneCapabilitiesNotifier: handleVideoCapabilitesChanged. Video capability - false
11-08 16:17:05.595  2042  2042 E PhoneInterfaceManager: [PhoneIntfMgr] getIccId: No UICC
11-08 16:17:05.598  1716  1761 I Telecom : PhoneAccountRegistrar: Modify account: [ComponentInfo{com.android.phone/com.android.services.telephony.TelephonyConnectionService}, ***, UserHandle{0}]: TSI.rPA@AAw
11-08 16:17:05.618  1716  1914 W BestClock: java.time.DateTimeException: Missing NTP fix
11-08 16:17:05.618  1716  1914 W BestClock: java.time.DateTimeException: Missing NTP fix
11-08 16:17:05.619  1716  1716 I GnssLocationProvider: WakeLock acquired by sendMessage(SUBSCRIPTION_OR_SIM_CHANGED, 0, null)
11-08 16:17:05.619  1716  1798 I GnssLocationProvider: WakeLock released by handleMessage(SUBSCRIPTION_OR_SIM_CHANGED, 0, null)
11-08 16:17:05.624  1716  1758 I WifiService: WifiService trying to set country code to us
11-08 16:17:05.624  1716  1758 I WifiService: setCountryCode uid=1001
11-08 16:17:05.625  1716  1758 D WifiCountryCode: Succeeded to set country code to: US
11-08 16:17:05.638  2260  2260 I AlarmClock: AlarmInitReceiver android.intent.action.TIME_SET
11-08 16:17:05.639  2260  2287 I AlarmClock: Fixing alarm instances
11-08 16:17:05.657  2042  2042 D ServiceStateProvider: subId=-2
11-08 16:17:05.662  2042  2042 I TelecomFramework: PstnIncomingCallNotifier: Unregistering: Handler (com.android.internal.telephony.GsmCdmaPhone) {9e57f9}
11-08 16:17:05.662  2042  2042 E PhoneInterfaceManager: [PhoneIntfMgr] getIccId: No UICC
11-08 16:17:05.664  1716  1758 I Telecom : PhoneAccountRegistrar: Modify account: [ComponentInfo{com.android.phone/com.android.services.telephony.TelephonyConnectionService}, ***, UserHandle{0}]: TSI.rPA@AA0
11-08 16:17:05.667  2042  2042 I TelecomFramework: AccountEntry: Registered phoneAccount: [[ ] PhoneAccount: ComponentInfo{com.android.phone/com.android.services.telephony.TelephonyConnectionService}, ***, UserHandle{0} Capabilities: CallProvider MultiUser PlaceEmerg SimSub  Audio Routes: BESW Schemes: tel voicemail  Extras: Bundle[{android.telecom.extra.SUPPORTS_VIDEO_CALLING_FALLBACK=true}] GroupId: ***] with handle: ComponentInfo{com.android.phone/com.android.services.telephony.TelephonyConnectionService}, ***, UserHandle{0}
11-08 16:17:05.667  2042  2042 I TelecomFramework: PstnIncomingCallNotifier: Registering: Handler (com.android.internal.telephony.GsmCdmaPhone) {9e57f9}
11-08 16:17:05.668  2042  2042 I VvmSimStateTracker: android.intent.action.SIM_STATE_CHANGED
11-08 16:17:05.698  2042  2042 D MccTable: updateMccMncConfiguration mccmnc='310260' fromServiceState=false
11-08 16:17:05.699  2042  2042 D MccTable: updateMccMncConfiguration defaultMccMnc=
11-08 16:17:05.699  2042  2042 D MccTable: updateMccMncConfiguration: mcc=310, mnc=260
11-08 16:17:05.699  2042  2042 D MccTable: updateMccMncConfiguration updateConfig config={0.0 310mcc260mnc ?localeList ?layoutDir ?swdp ?wdp ?hdp ?density ?lsize ?long ?ldr ?wideColorGamut ?orien ?uimode ?night ?touch ?keyb/?/? ?nav/? winConfig={ mBounds=Rect(0, 0 - 0, 0) mAppBounds=null mWindowingMode=undefined mActivityType=undefined}}
11-08 16:17:05.699  1716  1758 I ActivityManager: Config changes=3 {1.0 310mcc260mnc [en_US] ldltr sw320dp w320dp h616dp 160dpi nrml long port finger -keyb/h/h tball/v winConfig={ mBounds=Rect(0, 0 - 0, 0) mAppBounds=Rect(0, 0 - 320, 640) mWindowingMode=fullscreen mActivityType=undefined} s.6}
11-08 16:17:05.702  1716  1758 I ActivityManager: Override config changes=3 {1.0 310mcc260mnc [en_US] ldltr sw320dp w320dp h616dp 160dpi nrml long port finger -keyb/h/h tball/v winConfig={ mBounds=Rect(0, 0 - 320, 640) mAppBounds=Rect(0, 0 - 320, 640) mWindowingMode=fullscreen mActivityType=undefined} s.6} for displayId=0
11-08 16:17:05.714  1716  1758 W LocalDisplayAdapter: Unable to find color mode 0, ignoring request.
11-08 16:17:05.715  1716  1900 I InputReader: Reconfiguring input devices.  changes=0x00000004
11-08 16:17:05.715  2143  2182 D EGL_emulation: eglMakeCurrent: 0x7613c06fd4c0: ver 3 0 (tinfo 0x7613c0769600)
11-08 16:17:05.717  1547  1547 D gralloc_ranchu: gralloc_alloc: Creating ashmem region of size 823296
11-08 16:17:05.719  2143  2182 D EGL_emulation: eglMakeCurrent: 0x7613c06fd4c0: ver 3 0 (tinfo 0x7613c0769600)
11-08 16:17:05.719  2042  2042 I TelecomFramework: PstnPhoneCapabilitiesNotifier: handleVideoCapabilitesChanged. Video capability - false
11-08 16:17:05.721  1547  1547 D gralloc_ranchu: gralloc_alloc: Creating ashmem region of size 823296
11-08 16:17:05.722  2042  2042 E PhoneInterfaceManager: [PhoneIntfMgr] getIccId: No UICC
11-08 16:17:05.723  1716  1880 W LocalDisplayAdapter: Unable to find color mode 0, ignoring request.
11-08 16:17:05.723  1716  1900 I InputReader: Reconfiguring input devices.  changes=0x00000004
11-08 16:17:05.734  1547  1547 D gralloc_ranchu: gralloc_alloc: Creating ashmem region of size 823296
11-08 16:17:05.735  1716  2290 I Telecom : PhoneAccountRegistrar: Modify account: [ComponentInfo{com.android.phone/com.android.services.telephony.TelephonyConnectionService}, ***, UserHandle{0}]: TSI.rPA@ABA
11-08 16:17:05.746  1716  1914 W BestClock: java.time.DateTimeException: Missing NTP fix
11-08 16:17:05.746  1716  1914 W BestClock: java.time.DateTimeException: Missing NTP fix
11-08 16:17:05.747  1716  1716 I GnssLocationProvider: WakeLock acquired by sendMessage(SUBSCRIPTION_OR_SIM_CHANGED, 0, null)
11-08 16:17:05.749  1716  1798 I GnssLocationProvider: WakeLock released by handleMessage(SUBSCRIPTION_OR_SIM_CHANGED, 0, null)
11-08 16:17:05.775  2042  2042 D TelephonyProvider: subIdString = -2 subId = -2
11-08 16:17:05.778  2042  2042 D TelephonyProvider: getPreferredApnIdFromApn: for subId -2
11-08 16:17:05.786  2042  2042 I TelecomFramework: PstnIncomingCallNotifier: Unregistering: Handler (com.android.internal.telephony.GsmCdmaPhone) {9e57f9}
11-08 16:17:05.786  2042  2042 E PhoneInterfaceManager: [PhoneIntfMgr] getIccId: No UICC
11-08 16:17:05.794  1716  2290 I Telecom : PhoneAccountRegistrar: Modify account: [ComponentInfo{com.android.phone/com.android.services.telephony.TelephonyConnectionService}, ***, UserHandle{0}(addr: tel:************ -> tel:)(subAddr: tel:************ -> tel:)]: TSI.rPA@ABE
11-08 16:17:05.795  2042  2042 I TelecomFramework: AccountEntry: Registered phoneAccount: [[ ] PhoneAccount: ComponentInfo{com.android.phone/com.android.services.telephony.TelephonyConnectionService}, ***, UserHandle{0} Capabilities: CallProvider MultiUser PlaceEmerg SimSub  Audio Routes: BESW Schemes: tel voicemail  Extras: Bundle[{android.telecom.extra.SUPPORTS_VIDEO_CALLING_FALLBACK=true}] GroupId: ***] with handle: ComponentInfo{com.android.phone/com.android.services.telephony.TelephonyConnectionService}, ***, UserHandle{0}
11-08 16:17:05.795  2042  2042 I TelecomFramework: PstnIncomingCallNotifier: Registering: Handler (com.android.internal.telephony.GsmCdmaPhone) {9e57f9}
11-08 16:17:05.796  2042  2042 I TelecomFramework: PstnPhoneCapabilitiesNotifier: handleVideoCapabilitesChanged. Video capability - false
11-08 16:17:05.798  1716  2290 I Telecom : PhoneAccountRegistrar: Modify account: [ComponentInfo{com.android.phone/com.android.services.telephony.TelephonyConnectionService}, ***, UserHandle{0}]: TSI.rPA@ABQ
11-08 16:17:05.825  2042  2250 D MccTable: updateMccMncConfiguration mccmnc='310260' fromServiceState=false
11-08 16:17:05.830  2042  2250 D MccTable: updateMccMncConfiguration defaultMccMnc=310260
11-08 16:17:05.830  2042  2250 D MccTable: updateMccMncConfiguration: mcc=310, mnc=260
11-08 16:17:05.830  2042  2250 D MccTable: updateMccMncConfiguration updateConfig config={0.0 310mcc260mnc ?localeList ?layoutDir ?swdp ?wdp ?hdp ?density ?lsize ?long ?ldr ?wideColorGamut ?orien ?uimode ?night ?touch ?keyb/?/? ?nav/? winConfig={ mBounds=Rect(0, 0 - 0, 0) mAppBounds=null mWindowingMode=undefined mActivityType=undefined}}
11-08 16:17:05.833  2042  2042 I TelecomFramework: PstnIncomingCallNotifier: Unregistering: Handler (com.android.internal.telephony.GsmCdmaPhone) {9e57f9}
11-08 16:17:05.838  1716  2290 I Telecom : PhoneAccountRegistrar: New phone account registered: [[ ] PhoneAccount: ComponentInfo{com.android.phone/com.android.services.telephony.TelephonyConnectionService}, ***, UserHandle{0} Capabilities: CallProvider MultiUser PlaceEmerg SimSub  Audio Routes: BESW Schemes: tel voicemail  Extras: Bundle[mParcelledData.dataSize=124] GroupId: ***]: TSI.rPA@ABU
11-08 16:17:05.839  1716  2290 I Telecom : CallsManager: Sending phone-account ComponentInfo{com.android.phone/com.android.services.telephony.TelephonyConnectionService}, ***, UserHandle{0} registered intent as user: TSI.rPA@ABU
11-08 16:17:05.840  1716  2290 I Telecom : CallsManager: Sending phone-account registered intent to default dialer: TSI.rPA@ABU
11-08 16:17:05.840  2042  2042 I TelecomFramework: AccountEntry: Registered phoneAccount: [[ ] PhoneAccount: ComponentInfo{com.android.phone/com.android.services.telephony.TelephonyConnectionService}, ***, UserHandle{0} Capabilities: CallProvider MultiUser PlaceEmerg SimSub  Audio Routes: BESW Schemes: tel voicemail  Extras: Bundle[{android.telecom.extra.SUPPORTS_VIDEO_CALLING_FALLBACK=true}] GroupId: ***] with handle: ComponentInfo{com.android.phone/com.android.services.telephony.TelephonyConnectionService}, ***, UserHandle{0}
11-08 16:17:05.840  2042  2042 I TelecomFramework: PstnIncomingCallNotifier: Registering: Handler (com.android.internal.telephony.GsmCdmaPhone) {9e57f9}
11-08 16:17:05.841  2042  2042 I TelecomFramework: TelecomAccountRegistry: Unregistering phone account ComponentInfo{com.android.phone/com.android.services.telephony.TelephonyConnectionService}, ***, UserHandle{0}.
11-08 16:17:05.842  1716  2290 I Telecom : CallsManager: Sending phone-account ComponentInfo{com.android.phone/com.android.services.telephony.TelephonyConnectionService}, ***, UserHandle{0} unregistered intent as user: TSI.uPA@ABc
11-08 16:17:05.842  1716  2290 I Telecom : CallsManager: Sending phone-account unregistered intent to default dialer: TSI.uPA@ABc
11-08 16:17:05.844  2042  2042 I TelecomFramework: PstnPhoneCapabilitiesNotifier: handleVideoCapabilitesChanged. Video capability - false
11-08 16:17:05.850  1716  2290 I Telecom : PhoneAccountRegistrar: Modify account: [ComponentInfo{com.android.phone/com.android.services.telephony.TelephonyConnectionService}, ***, UserHandle{0}]: TSI.rPA@ABk
11-08 16:17:05.868  1716  1880 W LocalDisplayAdapter: Unable to find color mode 0, ignoring request.
11-08 16:17:05.797  2042  2042 E PhoneInterfaceManager: [PhoneIntfMgr] getIccId: No UICC
11-08 16:17:05.869  1716  1900 I InputReader: Reconfiguring input devices.  changes=0x00000004
11-08 16:17:05.875  2042  2042 D TelephonyProvider: subIdString = 1 subId = 1
11-08 16:17:05.875  2042  2042 D TelephonyProvider: getPreferredApnIdFromApn: for subId 1
11-08 16:17:05.885  1716  1900 I InputReader: Reconfiguring input devices.  changes=0x00000004
11-08 16:17:05.884  1716  1880 W LocalDisplayAdapter: Unable to find color mode 0, ignoring request.
11-08 16:17:05.928  1716  1810 I ActivityManager: Start proc 2298:com.android.cellbroadcastreceiver/u0a32 for broadcast com.android.cellbroadcastreceiver/.CellBroadcastReceiver
11-08 16:17:05.929  2298  2298 W oadcastreceive: Unexpected CPU variant for X86 using defaults: x86_64
11-08 16:17:05.950  2298  2298 I oadcastreceive: The ClassLoaderContext is a special shared library.
11-08 16:17:05.954  1716  1936 I GnssLocationProvider: WakeLock acquired by sendMessage(REPORT_SV_STATUS, 0, com.android.server.location.GnssLocationProvider$SvStatusInfo@a8b928a)
11-08 16:17:05.954  1716  1798 I GnssLocationProvider: WakeLock released by handleMessage(REPORT_SV_STATUS, 0, com.android.server.location.GnssLocationProvider$SvStatusInfo@a8b928a)
11-08 16:17:05.961  2298  2298 D CellBroadcastReceiver: onReceive Intent { act=android.telephony.action.DEFAULT_SMS_SUBSCRIPTION_CHANGED flg=0x21000010 cmp=com.android.cellbroadcastreceiver/.CellBroadcastReceiver (has extras) }
11-08 16:17:05.961  2298  2298 D CellBroadcastReceiver: Start Cell Broadcast configuration.
11-08 16:17:05.967  2298  2298 D CellBroadcastReceiver: Default interval 0 did not change.
11-08 16:17:05.970  2298  2316 D CellBroadcastConfigService: Enable CellBroadcast on sub 1
11-08 16:17:05.979  2042  2094 D IccSmsInterfaceManager: [IccSmsInterfaceManager] Calling setGsmBroadcastConfig with 1 configurations
11-08 16:17:05.980  2042  2094 D IccSmsInterfaceManager: [IccSmsInterfaceManager] Failed to add GSM cell broadcast subscription for MID range 4370 to 4370 from client com.android.cellbroadcastreceiver
11-08 16:17:05.980  2042  2094 D IccSmsInterfaceManager: [IccSmsInterfaceManager] Calling setCdmaBroadcastConfig with 1 configurations
11-08 16:17:05.981  2042  2094 D IccSmsInterfaceManager: [IccSmsInterfaceManager] Failed to add cdma broadcast subscription for MID range 4096 to 4096 from client com.android.cellbroadcastreceiver
11-08 16:17:05.982  2042  2094 D IccSmsInterfaceManager: [IccSmsInterfaceManager] Calling setGsmBroadcastConfig with 1 configurations
11-08 16:17:05.982  2042  2094 D IccSmsInterfaceManager: [IccSmsInterfaceManager] Failed to add GSM cell broadcast subscription for MID range 4383 to 4383 from client com.android.cellbroadcastreceiver
11-08 16:17:05.983  2042  2094 D IccSmsInterfaceManager: [IccSmsInterfaceManager] Calling setGsmBroadcastConfig with 1 configurations
11-08 16:17:05.983  2042  2094 D IccSmsInterfaceManager: [IccSmsInterfaceManager] Failed to add GSM cell broadcast subscription for MID range 4371 to 4372 from client com.android.cellbroadcastreceiver
11-08 16:17:05.984  2042  2094 D IccSmsInterfaceManager: [IccSmsInterfaceManager] Calling setCdmaBroadcastConfig with 1 configurations
11-08 16:17:05.985  2042  2094 D IccSmsInterfaceManager: [IccSmsInterfaceManager] Failed to add cdma broadcast subscription for MID range 4097 to 4097 from client com.android.cellbroadcastreceiver
11-08 16:17:05.985  2042  2094 D IccSmsInterfaceManager: [IccSmsInterfaceManager] Calling setGsmBroadcastConfig with 1 configurations
11-08 16:17:05.986  2042  2094 D IccSmsInterfaceManager: [IccSmsInterfaceManager] Failed to add GSM cell broadcast subscription for MID range 4384 to 4385 from client com.android.cellbroadcastreceiver
11-08 16:17:05.987  2042  2094 D IccSmsInterfaceManager: [IccSmsInterfaceManager] Calling setGsmBroadcastConfig with 1 configurations
11-08 16:17:05.987  2042  2094 D IccSmsInterfaceManager: [IccSmsInterfaceManager] Failed to add GSM cell broadcast subscription for MID range 4373 to 4378 from client com.android.cellbroadcastreceiver
11-08 16:17:05.988  2042  2094 D IccSmsInterfaceManager: [IccSmsInterfaceManager] Calling setCdmaBroadcastConfig with 1 configurations
11-08 16:17:05.988  2042  2094 D IccSmsInterfaceManager: [IccSmsInterfaceManager] Failed to add cdma broadcast subscription for MID range 4098 to 4098 from client com.android.cellbroadcastreceiver
11-08 16:17:05.989  2042  2094 D IccSmsInterfaceManager: [IccSmsInterfaceManager] Calling setGsmBroadcastConfig with 1 configurations
11-08 16:17:05.990  2042  2094 D IccSmsInterfaceManager: [IccSmsInterfaceManager] Failed to add GSM cell broadcast subscription for MID range 4386 to 4391 from client com.android.cellbroadcastreceiver
11-08 16:17:05.990  2042  2094 D IccSmsInterfaceManager: [IccSmsInterfaceManager] Calling setGsmBroadcastConfig with 1 configurations
11-08 16:17:05.991  2042  2094 D IccSmsInterfaceManager: [IccSmsInterfaceManager] Failed to add GSM cell broadcast subscription for MID range 4379 to 4379 from client com.android.cellbroadcastreceiver
11-08 16:17:05.991  2042  2094 D IccSmsInterfaceManager: [IccSmsInterfaceManager] Calling setCdmaBroadcastConfig with 1 configurations
11-08 16:17:05.992  2042  2094 D IccSmsInterfaceManager: [IccSmsInterfaceManager] Failed to add cdma broadcast subscription for MID range 4099 to 4099 from client com.android.cellbroadcastreceiver
11-08 16:17:05.993  2042  2094 D IccSmsInterfaceManager: [IccSmsInterfaceManager] Calling setGsmBroadcastConfig with 1 configurations
11-08 16:17:05.993  2042  2094 D IccSmsInterfaceManager: [IccSmsInterfaceManager] Failed to add GSM cell broadcast subscription for MID range 4392 to 4392 from client com.android.cellbroadcastreceiver
11-08 16:17:05.994  2042  2094 D IccSmsInterfaceManager: [IccSmsInterfaceManager] Failed to remove GSM cell broadcast subscription for MID range 4380 to 4380 from client com.android.cellbroadcastreceiver
11-08 16:17:05.994  2042  2094 D IccSmsInterfaceManager: [IccSmsInterfaceManager] Failed to remove cdma broadcast subscription for MID range 4100 to 4100 from client com.android.cellbroadcastreceiver
11-08 16:17:05.995  2042  2094 D IccSmsInterfaceManager: [IccSmsInterfaceManager] Failed to remove GSM cell broadcast subscription for MID range 4393 to 4393 from client com.android.cellbroadcastreceiver
11-08 16:17:05.995  2042  2094 D IccSmsInterfaceManager: [IccSmsInterfaceManager] Failed to remove GSM cell broadcast subscription for MID range 4381 to 4381 from client com.android.cellbroadcastreceiver
11-08 16:17:05.996  2042  2094 D IccSmsInterfaceManager: [IccSmsInterfaceManager] Failed to remove GSM cell broadcast subscription for MID range 4394 to 4394 from client com.android.cellbroadcastreceiver
11-08 16:17:05.997  2042  2094 D IccSmsInterfaceManager: [IccSmsInterfaceManager] Failed to remove GSM cell broadcast subscription for MID range 4382 to 4382 from client com.android.cellbroadcastreceiver
11-08 16:17:05.997  2042  2094 D IccSmsInterfaceManager: [IccSmsInterfaceManager] Failed to remove GSM cell broadcast subscription for MID range 4395 to 4395 from client com.android.cellbroadcastreceiver
11-08 16:17:05.998  2042  2094 D IccSmsInterfaceManager: [IccSmsInterfaceManager] Calling setGsmBroadcastConfig with 1 configurations
11-08 16:17:05.999  2042  2094 D IccSmsInterfaceManager: [IccSmsInterfaceManager] Failed to add GSM cell broadcast subscription for MID range 4352 to 4354 from client com.android.cellbroadcastreceiver
11-08 16:17:05.999  2042  2094 D IccSmsInterfaceManager: [IccSmsInterfaceManager] Calling setGsmBroadcastConfig with 1 configurations
11-08 16:17:06.000  2042  2094 D IccSmsInterfaceManager: [IccSmsInterfaceManager] Failed to add GSM cell broadcast subscription for MID range 4356 to 4356 from client com.android.cellbroadcastreceiver
11-08 16:17:06.002  2042  2094 D IccSmsInterfaceManager: [IccSmsInterfaceManager] Failed to remove GSM cell broadcast subscription for MID range 4355 to 4355 from client com.android.cellbroadcastreceiver
11-08 16:17:06.003  1547  1547 D gralloc_ranchu: gralloc_alloc: Creating ashmem region of size 823296
11-08 16:17:06.003  2050  2050 I ImageWallpaper: Redrawing in rect: RectF(0.0, 0.0, 1243.0, 1024.0) with surface size: 1243x1024
11-08 16:17:06.005  2050  2233 D EGL_emulation: eglMakeCurrent: 0x7613b1019e40: ver 3 0 (tinfo 0x7613c072a300)
11-08 16:17:06.012  2050  2050 I Choreographer: Skipped 41 frames!  The application may be doing too much work on its main thread.
11-08 16:17:06.052  1716  1716 I GnssLocationProvider: WakeLock acquired by sendMessage(SUBSCRIPTION_OR_SIM_CHANGED, 0, null)
11-08 16:17:06.054  1716  2290 W ContextImpl: Calling a method in the system process without a qualified user: android.app.ContextImpl.sendBroadcastAsUserMultiplePermissions:1053 com.android.server.TelephonyRegistry.broadcastCallStateChanged:1602 com.android.server.TelephonyRegistry.notifyCallStateForPhoneId:793 com.android.internal.telephony.ITelephonyRegistry$Stub.onTransact:122 android.os.Binder.execTransact:731 
11-08 16:17:06.056  1716  1914 I NetworkPolicy: No policy for subscriber 310260...; generating default policy
11-08 16:17:06.059  1716  1798 E GnssLocationProvider: no AGPS interface in set_agps_server
11-08 16:17:06.059  1716  1798 I GnssLocationProvider: WakeLock released by handleMessage(SUBSCRIPTION_OR_SIM_CHANGED, 0, null)
11-08 16:17:06.061  1716  1914 W BestClock: java.time.DateTimeException: Missing NTP fix
11-08 16:17:06.067  1716  1914 W BestClock: java.time.DateTimeException: Missing NTP fix
11-08 16:17:06.071  1716  1716 I GnssLocationProvider: WakeLock acquired by sendMessage(SUBSCRIPTION_OR_SIM_CHANGED, 0, null)
11-08 16:17:06.074  1716  1798 E GnssLocationProvider: no AGPS interface in set_agps_server
11-08 16:17:06.075  1716  1798 I GnssLocationProvider: WakeLock released by handleMessage(SUBSCRIPTION_OR_SIM_CHANGED, 0, null)
11-08 16:17:06.076  1716  1914 W BestClock: java.time.DateTimeException: Missing NTP fix
11-08 16:17:06.078  1716  1914 I chatty  : uid=1000(system) NetworkPolicy identical 1 line
11-08 16:17:06.080  1716  1914 W BestClock: java.time.DateTimeException: Missing NTP fix
11-08 16:17:06.081  1716  1716 I GnssLocationProvider: WakeLock acquired by sendMessage(SUBSCRIPTION_OR_SIM_CHANGED, 0, null)
11-08 16:17:06.091  1716  1798 E GnssLocationProvider: no AGPS interface in set_agps_server
11-08 16:17:06.091  1716  1798 I GnssLocationProvider: WakeLock released by handleMessage(SUBSCRIPTION_OR_SIM_CHANGED, 0, null)
11-08 16:17:06.093  2042  2042 I TelecomFramework: PstnIncomingCallNotifier: Unregistering: Handler (com.android.internal.telephony.GsmCdmaPhone) {9e57f9}
11-08 16:17:06.094  1716  1914 W BestClock: java.time.DateTimeException: Missing NTP fix
11-08 16:17:06.101  2042  2250 D MccTable: updateMccMncConfiguration mccmnc='310260' fromServiceState=false
11-08 16:17:06.104  1716  2290 I Telecom : PhoneAccountRegistrar: Modify account: [ComponentInfo{com.android.phone/com.android.services.telephony.TelephonyConnectionService}, ***, UserHandle{0}]: TSI.rPA@ABo
11-08 16:17:06.105  2042  2042 I TelecomFramework: AccountEntry: Registered phoneAccount: [[ ] PhoneAccount: ComponentInfo{com.android.phone/com.android.services.telephony.TelephonyConnectionService}, ***, UserHandle{0} Capabilities: CallProvider MultiUser PlaceEmerg SimSub  Audio Routes: BESW Schemes: tel voicemail  Extras: Bundle[{android.telecom.extra.SUPPORTS_VIDEO_CALLING_FALLBACK=true}] GroupId: ***] with handle: ComponentInfo{com.android.phone/com.android.services.telephony.TelephonyConnectionService}, ***, UserHandle{0}
11-08 16:17:06.105  2042  2042 I TelecomFramework: PstnIncomingCallNotifier: Registering: Handler (com.android.internal.telephony.GsmCdmaPhone) {9e57f9}
11-08 16:17:06.108  2042  2250 D MccTable: updateMccMncConfiguration defaultMccMnc=310260
11-08 16:17:06.108  2042  2250 D MccTable: updateMccMncConfiguration: mcc=310, mnc=260
11-08 16:17:06.108  2042  2250 D MccTable: updateMccMncConfiguration updateConfig config={0.0 310mcc260mnc ?localeList ?layoutDir ?swdp ?wdp ?hdp ?density ?lsize ?long ?ldr ?wideColorGamut ?orien ?uimode ?night ?touch ?keyb/?/? ?nav/? winConfig={ mBounds=Rect(0, 0 - 0, 0) mAppBounds=null mWindowingMode=undefined mActivityType=undefined}}
11-08 16:17:06.114  1716  1822 I WindowManager: ******* TELLING SURFACE FLINGER WE ARE BOOTED!
11-08 16:17:06.096  1716  1914 I chatty  : uid=1000(system) NetworkPolicy identical 1 line
11-08 16:17:06.099  1716  1914 W BestClock: java.time.DateTimeException: Missing NTP fix
11-08 16:17:06.114  1669  1736 I SurfaceFlinger: Boot is finished (5378 ms)
11-08 16:17:06.115  1675  1885 E installd: Failed to unlink /data//dalvik-cache/x86_64/.booting: No such file or directory
11-08 16:17:06.115  1716  1822 W ActivityManager: Unable to mark boot complete for abi: x86_64 (android.os.ServiceSpecificException: Failed to unlink /data//dalvik-cache/x86_64/.booting (code 2))
