--------- beginning of main
01-17 15:57:07.590  1571  1571 W auditd  : type=2000 audit(0.0:1): initialized
01-17 15:57:08.640  1571  1571 I auditd  : type=1403 audit(0.0:2): policy loaded auid=4294967295 ses=4294967295
01-17 15:57:08.650  1571  1571 W auditd  : type=1404 audit(0.0:3): enforcing=1 old_enforcing=0 auid=4294967295 ses=4294967295
01-17 15:57:10.085     1     1 W init    : type=1400 audit(0.0:4): avc: denied { setattr } for name="slabinfo" dev="proc" ino=4026532040 scontext=u:r:init:s0 tcontext=u:object_r:proc:s0 tclass=file permissive=0
01-17 15:57:10.085     1     1 W init    : type=1400 audit(0.0:5): avc: denied { setattr } for name="slabinfo" dev="proc" ino=4026532040 scontext=u:r:init:s0 tcontext=u:object_r:proc:s0 tclass=file permissive=0
01-17 15:57:10.420  1572  1572 I SELinux : SELinux: Loaded service_contexts from:
01-17 15:57:10.423  1572  1572 I SELinux :     /system/etc/selinux/plat_service_contexts
01-17 15:57:10.870  1574  1574 I SELinux : SELinux: Loaded service_contexts from:
01-17 15:57:10.870  1574  1574 I SELinux :     /vendor/etc/selinux/vndservice_contexts
01-17 15:57:11.017  1573  1573 I hwservicemanager: hwservicemanager is ready now.
01-17 15:57:11.242  1580  1580 I android.hardware.keymaster@3.0-impl: Fetching keymaster device name default
01-17 15:57:11.242  1580  1580 I android.hardware.keymaster@3.0-impl: Could not find any keystore module, using software-only implementation.
01-17 15:57:11.243  1580  1580 I ServiceManagement: Removing namespace from process name android.hardware.keymaster@3.0-service to keymaster@3.0-service.
01-17 15:57:11.245  1580  1580 I android.hardware.keymaster@3.0-service: Registration complete for android.hardware.keymaster@3.0::IKeymasterDevice/default.
01-17 15:57:11.446  1581  1586 E cutils  : Failed to mkdir(/data/system/users/0): No such file or directory
01-17 15:57:11.469  1623  1623 I /system/bin/tzdatacheck: timezone distro dir /data/misc/zoneinfo/current does not exist. No action required.
01-17 15:57:11.561  1625  1625 I ServiceManagement: Removing namespace from process name android.hidl.allocator@1.0-service to allocator@1.0-service.
01-17 15:57:11.643  1626  1626 I health@2.0/: health@2.0/backup: Hal starting main loop...
01-17 15:57:11.643  1626  1626 I health@2.0/: health@2.0/backup Hal is starting up...
01-17 15:57:11.644  1573  1573 W hwservicemanager: getTransport: Cannot find entry android.hardware.health@1.0::IHealth/default in either framework or device manifest.
01-17 15:57:11.645  1626  1626 I health@2.0/: health@2.0/backup: Hal init done
01-17 15:57:12.010  1629  1629 I ServiceManagement: Removing namespace from process name android.hardware.broadcastradio@1.1-service to broadcastradio@1.1-service.
01-17 15:57:12.475  1632  1632 W /vendor/bin/hw/android.hardware.configstore@1.1-service: Could not find seccomp policy file at: /vendor/etc/seccomp_policy/configstore@1.1.policy
01-17 15:57:12.475  1632  1632 I ServiceManagement: Removing namespace from process name android.hardware.configstore@1.1-service to configstore@1.1-service.
01-17 15:57:12.734  1645  1645 I qemu-props: connected to 'boot-properties' qemud service.
01-17 15:57:12.734  1645  1645 I qemu-props: receiving..
01-17 15:57:12.734  1645  1645 I qemu-props: received: qemu.cmdline=androidboot.logcat=*:V androidboot.consolepipe=qemu_pipe,pipe:logcat
01-17 15:57:12.757  1640  1640 I health@2.0/: health@2.0/default: Hal starting main loop...
01-17 15:57:12.757  1640  1640 I health@2.0/: health@2.0/default Hal is starting up...
01-17 15:57:12.758  1640  1640 I ServiceManagement: Removing namespace from process name android.hardware.health@2.0-service.goldfish to health@2.0-service.goldfish.
01-17 15:57:12.759  1640  1640 I health@2.0/: health@2.0/default: Hal init done
01-17 15:57:12.883  1647  1647 I lowmemorykiller: Using in-kernel low memory killer interface
01-17 15:57:12.929  1645  1645 I qemu-props: successfully set property 'qemu.cmdline' to 'androidboot.logcat=*:V androidboot.consolepipe=qemu_pipe,pipe:logcat'
01-17 15:57:12.929  1645  1645 I qemu-props: receiving..
01-17 15:57:12.929  1645  1645 I qemu-props: received: qemu.logcat=start
01-17 15:57:12.989  1641  1641 I android.hardware.power@1.1-service.ranchu: Power HAL Service 1.1 for Ranchu is starting.
01-17 15:57:12.989  1641  1641 I ServiceManagement: Removing namespace from process name android.hardware.power@1.1-service.ranchu to power@1.1-service.ranchu.
01-17 15:57:12.991  1641  1641 I android.hardware.power@1.1-service.ranchu: Power Service is ready
01-17 15:57:13.084  1645  1645 I qemu-props: successfully set property 'vendor.qemu.logcat' to 'start'
01-17 15:57:13.084  1645  1645 I qemu-props: receiving..
01-17 15:57:13.085  1645  1645 I qemu-props: received: ro.opengles.version=196608
01-17 15:57:13.085  1645  1645 I qemu-props: receiving..
01-17 15:57:13.085  1645  1645 I qemu-props: received: qemu.sf.fake_camera=front
01-17 15:57:13.087  1645  1645 I qemu-props: successfully set property 'vendor.qemu.sf.fake_camera' to 'front'
01-17 15:57:13.087  1645  1645 I qemu-props: receiving..
01-17 15:57:13.087  1645  1645 I qemu-props: received: dalvik.vm.heapsize=384m
01-17 15:57:13.087  1645  1645 I qemu-props: receiving..
01-17 15:57:13.088  1645  1645 I qemu-props: received: qemu.hw.mainkeys=0
01-17 15:57:13.089  1645  1645 I qemu-props: successfully set property 'qemu.hw.mainkeys' to '0'
01-17 15:57:13.089  1645  1645 I qemu-props: receiving..
01-17 15:57:13.090  1645  1645 I qemu-props: received: qemu.sf.lcd_density=560
01-17 15:57:13.091  1645  1645 I qemu-props: successfully set property 'vendor.qemu.sf.lcd_density' to '560'
01-17 15:57:13.091  1645  1645 I qemu-props: receiving..
01-17 15:57:13.091  1645  1645 I qemu-props: received: qemu.timezone=Europe/Malta
01-17 15:57:13.092  1645  1645 I qemu-props: successfully set property 'vendor.qemu.timezone' to 'Europe/Malta'
01-17 15:57:13.092  1645  1645 I qemu-props: receiving..
01-17 15:57:13.434  1581  1581 I vold_prepare_subdirs: SELinux: Loaded file_contexts
01-17 15:57:13.435  1659  1659 D vold_prepare_subdirs: Setting up mode 700 uid 0 gid 0 context u:object_r:vold_data_file:s0 on path: /data/misc_de/0/vold
01-17 15:57:13.435  1659  1659 D vold_prepare_subdirs: Setting up mode 700 uid 0 gid 0 context u:object_r:storaged_data_file:s0 on path: /data/misc_de/0/storaged
01-17 15:57:13.435  1659  1659 D vold_prepare_subdirs: Setting up mode 700 uid 1000 gid 1000 context u:object_r:fingerprint_vendor_data_file:s0 on path: /data/vendor_de/0/fpdata
01-17 15:57:13.447  1663  1663 I /system/bin/tzdatacheck: timezone distro dir /data/misc/zoneinfo/current does not exist. No action required.
01-17 15:57:13.566  1642  1642 I ServiceManagement: Removing namespace from process name android.hardware.sensors@1.0-service to sensors@1.0-service.
01-17 15:57:13.569  1642  1642 I android.hardware.sensors@1.0-service: Registration complete for android.hardware.sensors@1.0::ISensors/default.
01-17 15:57:13.747  1636  1636 E GoldfishGatekeeper: called goldfish_gatekeeper_open with gate keeper 0xee79b0d8 device 0xee3de088
01-17 15:57:13.749  1631  1631 D android.hardware.cas@1.0-service: android.hardware.cas@1.0-service starting...
01-17 15:57:13.749  1636  1636 I ServiceManagement: Removing namespace from process name android.hardware.gatekeeper@1.0-service to gatekeeper@1.0-service.
01-17 15:57:13.749  1631  1631 I ServiceManagement: Removing namespace from process name android.hardware.cas@1.0-service to cas@1.0-service.
01-17 15:57:13.752  1636  1636 I android.hardware.gatekeeper@1.0-service: Registration complete for android.hardware.gatekeeper@1.0::IGatekeeper/default.
01-17 15:57:13.897  1630  1630 I android.hardware.camera.provider@2.4-service: Camera provider Service is starting.
01-17 15:57:13.914  1633  1633 D android.hardware.drm@1.0-service: android.hardware.drm@1.0-service starting...
01-17 15:57:13.915  1634  1634 D android.hardware.drm@1.1-service.clearkey: android.hardware.drm@1.1-service.clearkey starting...
01-17 15:57:13.916  1634  1634 I ServiceManagement: Removing namespace from process name android.hardware.drm@1.1-service.clearkey to drm@1.1-service.clearkey.
01-17 15:57:13.919  1634  1634 I ServiceManagement: Removing namespace from process name android.hardware.drm@1.1-service.clearkey to drm@1.1-service.clearkey.
01-17 15:57:14.184  1573  1573 W hwservicemanager: getTransport: Cannot find entry android.hardware.thermal@1.1::IThermal/default in either framework or device manifest.
01-17 15:57:14.184  1649  1649 W thermalserviced: Unable to get Thermal HAL V1.1, vendor thermal event notification not available
01-17 15:57:14.669  1635  1635 D android.hardware.drm@1.0-service.widevine: android.hardware.drm@1.1-service.widevine starting...
01-17 15:57:14.669  1635  1635 I ServiceManagement: Removing namespace from process name android.hardware.drm@1.1-service.widevine to drm@1.1-service.widevine.
01-17 15:57:14.671  1635  1635 I ServiceManagement: Removing namespace from process name android.hardware.drm@1.1-service.widevine to drm@1.1-service.widevine.
01-17 15:57:14.999  1637  1637 I ServiceManagement: Removing namespace from process name android.hardware.gnss@1.0-service to gnss@1.0-service.
01-17 15:57:15.001  1637  1637 I android.hardware.gnss@1.0-service: Registration complete for android.hardware.gnss@1.0::IGnss/default.
01-17 15:57:15.024  1633  1633 I ServiceManagement: Removing namespace from process name android.hardware.drm@1.0-service to drm@1.0-service.
01-17 15:57:15.025  1633  1633 I android.hardware.drm@1.0-service: Registration complete for android.hardware.drm@1.0::IDrmFactory/default.
01-17 15:57:15.027  1633  1633 I ServiceManagement: Removing namespace from process name android.hardware.drm@1.0-service to drm@1.0-service.
01-17 15:57:15.028  1633  1633 I android.hardware.drm@1.0-service: Registration complete for android.hardware.drm@1.0::ICryptoFactory/default.
01-17 15:57:15.458  1573  1573 W hwservicemanager: getTransport: Cannot find entry android.hardware.keymaster@4.0::IKeymasterDevice/default in either framework or device manifest.
01-17 15:57:15.484  1643  1643 I ServiceManagement: Removing namespace from process name android.hardware.wifi@1.0-service to wifi@1.0-service.
01-17 15:57:15.622  1639  1639 D HostConnection: createUnique: call
01-17 15:57:15.623  1639  1639 D HostConnection: HostConnection::get() New Host Connection established 0xebe24140, tid 1639
01-17 15:57:15.628  1638  1638 D HostConnection: createUnique: call
01-17 15:57:15.628  1638  1638 D HostConnection: HostConnection::get() New Host Connection established 0xe8aa8050, tid 1638
01-17 15:57:15.628  1638  1638 I ServiceManagement: Removing namespace from process name android.hardware.graphics.allocator@2.0-service to allocator@2.0-service.
01-17 15:57:15.629  1638  1638 I android.hardware.graphics.allocator@2.0-service: Registration complete for android.hardware.graphics.allocator@2.0::IAllocator/default.
01-17 15:57:15.637  1639  1639 D HostConnection: HostComposition ext ANDROID_EMU_CHECKSUM_HELPER_v1 ANDROID_EMU_native_sync_v2 ANDROID_EMU_native_sync_v3 ANDROID_EMU_native_sync_v4 ANDROID_EMU_dma_v1 ANDROID_EMU_YUV420_888_to_NV21 ANDROID_EMU_YUV_Cache ANDROID_EMU_sync_buffer_data GL_OES_EGL_image_external_essl3 GL_OES_vertex_array_object GL_KHR_texture_compression_astc_ldr ANDROID_EMU_host_side_tracing ANDROID_EMU_gles_max_version_3_0 
01-17 15:57:15.638  1639  1639 E hwcomposer: unknown display attribute 6
01-17 15:57:15.639  1639  1639 I ServiceManagement: Removing namespace from process name android.hardware.graphics.composer@2.1-service to composer@2.1-service.
01-17 15:57:15.639  1639  1639 I android.hardware.graphics.composer@2.1-service: Registration complete for android.hardware.graphics.composer@2.1::IComposer/default.
01-17 15:57:16.081  1630  1630 D EmulatedCamera_QemuClient: Emulated camera list: name=virtualscene channel=0 pix=876758866 dir=back framedims=640x480,352x288,320x240,176x144,1280x720,1280x960
01-17 15:57:16.081  1630  1630 I EmulatedCamera_QemuCamera3: Constructing emulated qemu camera 3: ID 0
01-17 15:57:16.081  1630  1630 I EmulatedCamera_QemuCamera3: parseResolutions: 640x480
01-17 15:57:16.081  1630  1630 I EmulatedCamera_QemuCamera3: parseResolutions: 352x288
01-17 15:57:16.081  1630  1630 I EmulatedCamera_QemuCamera3: parseResolutions: 320x240
01-17 15:57:16.081  1630  1630 I EmulatedCamera_QemuCamera3: parseResolutions: 176x144
01-17 15:57:16.081  1630  1630 I EmulatedCamera_QemuCamera3: parseResolutions: 1280x720
01-17 15:57:16.081  1630  1630 I EmulatedCamera_QemuCamera3: parseResolutions: 1280x960
01-17 15:57:16.081  1630  1630 I EmulatedCamera_QemuCamera3: Camera 0 capabilities:
01-17 15:57:16.081  1630  1630 I EmulatedCamera_QemuCamera3:   BACKWARD_COMPATIBLE
01-17 15:57:16.082  1630  1630 I EmulatedCamera_FakeCamera3: Constructing emulated fake camera 3: ID 1, facing front
01-17 15:57:16.082  1630  1630 I EmulatedCamera_FakeCamera3: Camera 1 capabilities:
01-17 15:57:16.082  1630  1630 I EmulatedCamera_FakeCamera3:   BACKWARD_COMPATIBLE
01-17 15:57:16.082  1630  1630 I EmulatedCamera_FakeCamera3:   MANUAL_SENSOR
01-17 15:57:16.082  1630  1630 I EmulatedCamera_FakeCamera3:   MANUAL_POST_PROCESSING
01-17 15:57:16.082  1630  1630 I EmulatedCamera_FakeCamera3:   READ_SENSOR_SETTINGS
01-17 15:57:16.082  1630  1630 I EmulatedCamera_FakeCamera3:   BURST_CAPTURE
01-17 15:57:16.082  1630  1630 I EmulatedCamera_FakeCamera3:   FULL_LEVEL
01-17 15:57:16.082  1630  1630 I EmulatedCamera_FakeCamera3:   (null)
01-17 15:57:16.082  1630  1630 E EmulatedCamera_Factory: 2 cameras are being emulated. 1 of them are fake cameras.
01-17 15:57:16.082  1630  1630 E EmulatedCamera_HotplugThread: createFileIfNotExists: Could not create file '/data/misc/media/emulator.camera.hotplug.0', error: 'Permission denied' (13)
01-17 15:57:16.082  1630  1630 E EmulatedCamera_HotplugThread: createFileIfNotExists: Could not create file '/data/misc/media/emulator.camera.hotplug.1', error: 'Permission denied' (13)
01-17 15:57:16.083  1630  1630 I CamProvider@2.4-impl: Loaded "Emulated Camera Module" camera module
01-17 15:57:16.083  1630  1630 E CamProvider@2.4-impl: setUpVendorTags: Vendor tag operations not fully defined. Ignoring definitions.
01-17 15:57:16.083  1630  1630 E CamProvider@2.4-impl: initialize: Vendor tag setup failed, will not be available.
01-17 15:57:16.084  1630  1630 I ServiceManagement: Removing namespace from process name android.hardware.camera.provider@2.4-service to provider@2.4-service.
01-17 15:57:16.084  1630  1630 I android.hardware.camera.provider@2.4-service: Registration complete for android.hardware.camera.provider@2.4::ICameraProvider/legacy/0.
01-17 15:57:16.164  1628  1628 I ServiceManagement: Removing namespace from process name android.hardware.audio@2.0-service to audio@2.0-service.
01-17 15:57:16.165  1628  1628 I audiohalservice: Registration complete for android.hardware.audio@4.0::IDevicesFactory/default.
01-17 15:57:16.217  1648  1648 I ConfigStore: android::hardware::configstore::V1_0::ISurfaceFlingerConfigs::startGraphicsAllocatorService retrieved: 0
01-17 15:57:16.268  1648  1648 I SurfaceFlinger: Using HWComposer service: 'default'
01-17 15:57:16.268  1648  1648 I SurfaceFlinger: SurfaceFlinger is starting
01-17 15:57:16.269  1648  1648 I ConfigStore: android::hardware::configstore::V1_0::ISurfaceFlingerConfigs::vsyncEventPhaseOffsetNs retrieved: 1000000 (default)
01-17 15:57:16.270  1648  1648 I ConfigStore: android::hardware::configstore::V1_0::ISurfaceFlingerConfigs::vsyncSfEventPhaseOffsetNs retrieved: 1000000 (default)
01-17 15:57:16.271  1648  1648 I ConfigStore: android::hardware::configstore::V1_0::ISurfaceFlingerConfigs::hasSyncFramework retrieved: 1
01-17 15:57:16.271  1648  1648 I ConfigStore: android::hardware::configstore::V1_0::ISurfaceFlingerConfigs::presentTimeOffsetFromVSyncNs retrieved: 0
01-17 15:57:16.271  1648  1648 I ConfigStore: android::hardware::configstore::V1_0::ISurfaceFlingerConfigs::useHwcForRGBtoYUV retrieved: 0
01-17 15:57:16.272  1648  1648 I ConfigStore: android::hardware::configstore::V1_0::ISurfaceFlingerConfigs::maxVirtualDisplaySize retrieved: 0 (default)
01-17 15:57:16.272  1648  1648 I ConfigStore: android::hardware::configstore::V1_0::ISurfaceFlingerConfigs::useVrFlinger retrieved: 0 (default)
01-17 15:57:16.272  1648  1648 I ConfigStore: android::hardware::configstore::V1_0::ISurfaceFlingerConfigs::maxFrameBufferAcquiredBuffers retrieved: 3
01-17 15:57:16.272  1648  1648 I ConfigStore: android::hardware::configstore::V1_0::ISurfaceFlingerConfigs::hasWideColorDisplay retrieved: 0
01-17 15:57:16.273  1573  1573 W hwservicemanager: getTransport: Cannot find entry android.hardware.configstore@1.1::ISurfaceFlingerConfigs/default in either framework or device manifest.
01-17 15:57:16.273  1648  1648 I ConfigStore: android::hardware::configstore::V1_1::ISurfaceFlingerConfigs::primaryDisplayOrientation retrieved: ORIENTATION_0 (default)
01-17 15:57:16.273  1648  1648 I SurfaceFlinger: Enabling HWC virtual displays
01-17 15:57:16.273  1648  1648 I SurfaceFlinger: Disabling Triple Buffering
01-17 15:57:16.273  1648  1648 I SurfaceFlinger: Treble testing override: 'false'
01-17 15:57:16.273  1648  1648 I SurfaceFlinger: SurfaceFlinger's main thread ready to run. Initializing graphics H/W...
01-17 15:57:16.273  1648  1648 I SurfaceFlinger: Phase offest NS: 1000000
01-17 15:57:16.274  1648  1648 D libEGL  : Emulator has host GPU support, qemu.gles is set to 1.
01-17 15:57:16.316  1648  1648 E vndksupport: Could not load /vendor/lib/egl/libGLES_emulation.so from sphal namespace: dlopen failed: library "/vendor/lib/egl/libGLES_emulation.so" not found.
01-17 15:57:16.316  1648  1648 E libEGL  : load_driver(/vendor/lib/egl/libGLES_emulation.so): unknown
01-17 15:57:16.362  1648  1648 D libEGL  : loaded /vendor/lib/egl/libEGL_emulation.so
01-17 15:57:16.379  1648  1648 D libEGL  : loaded /vendor/lib/egl/libGLESv1_CM_emulation.so
01-17 15:57:16.381  1628  1628 I audiohalservice: Registration complete for android.hardware.audio.effect@4.0::IEffectsFactory/default.
01-17 15:57:16.382  1573  1573 W hwservicemanager: getTransport: Cannot find entry android.hardware.soundtrigger@2.1::ISoundTriggerHw/default in either framework or device manifest.
01-17 15:57:16.402  1628  1628 E audiohalservice: Could not get passthrough implementation for android.hardware.soundtrigger@2.1::ISoundTriggerHw/default.
01-17 15:57:16.403  1573  1573 W hwservicemanager: getTransport: Cannot find entry android.hardware.soundtrigger@2.0::ISoundTriggerHw/default in either framework or device manifest.
01-17 15:57:16.409  1648  1648 D libEGL  : loaded /vendor/lib/egl/libGLESv2_emulation.so
01-17 15:57:16.418  1648  1648 D HostConnection: HostConnection::get() New Host Connection established 0xe9da4410, tid 1648
01-17 15:57:16.420  1648  1648 D HostConnection: HostComposition ext ANDROID_EMU_CHECKSUM_HELPER_v1 ANDROID_EMU_native_sync_v2 ANDROID_EMU_native_sync_v3 ANDROID_EMU_native_sync_v4 ANDROID_EMU_dma_v1 ANDROID_EMU_YUV420_888_to_NV21 ANDROID_EMU_YUV_Cache ANDROID_EMU_sync_buffer_data GL_OES_EGL_image_external_essl3 GL_OES_vertex_array_object GL_KHR_texture_compression_astc_ldr ANDROID_EMU_host_side_tracing ANDROID_EMU_gles_max_version_3_0 
01-17 15:57:16.422  1648  1648 I ConfigStore: android::hardware::configstore::V1_0::ISurfaceFlingerConfigs::hasWideColorDisplay retrieved: 0
01-17 15:57:16.422  1648  1648 I ConfigStore: android::hardware::configstore::V1_0::ISurfaceFlingerConfigs::hasHDRDisplay retrieved: 0
01-17 15:57:16.422  1648  1648 I SurfaceFlinger: EGL information:
01-17 15:57:16.422  1648  1648 I SurfaceFlinger: vendor    : Android
01-17 15:57:16.422  1648  1648 I SurfaceFlinger: version   : 1.4 Android META-EGL
01-17 15:57:16.422  1648  1648 I SurfaceFlinger: extensions: EGL_KHR_get_all_proc_addresses EGL_ANDROID_presentation_time EGL_KHR_swap_buffers_with_damage EGL_ANDROID_get_native_client_buffer EGL_ANDROID_front_buffer_auto_refresh EGL_ANDROID_get_frame_timestamps EGL_EXT_surface_SMPTE2086_metadata EGL_EXT_surface_CTA861_3_metadata EGL_KHR_image EGL_KHR_image_base EGL_KHR_gl_texture_2D_image EGL_KHR_fence_sync EGL_KHR_create_context EGL_ANDROID_image_native_buffer EGL_KHR_wait_sync EGL_ANDROID_recordable 
01-17 15:57:16.422  1648  1648 I SurfaceFlinger: Client API: OpenGL_ES
01-17 15:57:16.422  1648  1648 I SurfaceFlinger: EGLSurface: 8-8-8-8, config=0x2
01-17 15:57:16.424  1648  1648 D eglCodecCommon: setVertexArrayObject: set vao to 0 (0) 0 0
01-17 15:57:16.424  1648  1648 D EGL_emulation: eglCreateContext: 0xe9da0ae0: maj 3 min 0 rcv 3
01-17 15:57:16.425  1648  1648 D EGL_emulation: eglMakeCurrent: 0xe9da0ae0: ver 3 0 (tinfo 0xe9d9c310)
01-17 15:57:16.429  1648  1648 I SurfaceFlinger: OpenGL ES informations:
01-17 15:57:16.429  1648  1648 I SurfaceFlinger: vendor    : Google (Intel Inc.)
01-17 15:57:16.429  1648  1648 I SurfaceFlinger: renderer  : Android Emulator OpenGL ES Translator (Intel(R) Iris(TM) Plus Graphics 655)
01-17 15:57:16.429  1648  1648 I SurfaceFlinger: version   : OpenGL ES 3.0 (4.1 INTEL-18.7.4)
01-17 15:57:16.429  1648  1648 I SurfaceFlinger: extensions: GL_EXT_debug_marker GL_EXT_robustness GL_OES_EGL_sync GL_OES_EGL_image GL_OES_EGL_image_external GL_OES_depth24 GL_OES_depth32 GL_OES_element_index_uint GL_OES_texture_float GL_OES_texture_float_linear GL_OES_compressed_paletted_texture GL_OES_compressed_ETC1_RGB8_texture GL_OES_depth_texture GL_OES_texture_npot GL_OES_rgb8_rgba8 GL_EXT_color_buffer_float GL_EXT_color_buffer_half_float GL_EXT_texture_format_BGRA8888 GL_APPLE_texture_format_BGRA8888 ANDROID_EMU_CHECKSUM_HELPER_v1 ANDROID_EMU_native_sync_v2 ANDROID_EMU_native_sync_v3 ANDROID_EMU_native_sync_v4 ANDROID_EMU_dma_v1 ANDROID_EMU_YUV420_888_to_NV21 ANDROID_EMU_YUV_Cache ANDROID_EMU_sync_buffer_data GL_OES_EGL_image_external_essl3 GL_OES_vertex_array_object GL_KHR_texture_compression_astc_ldr ANDROID_EMU_host_side_tracing ANDROID_EMU_gles_max_version_3_0 
01-17 15:57:16.429  1648  1648 I SurfaceFlinger: GL_MAX_TEXTURE_SIZE = 16384
01-17 15:57:16.429  1648  1648 I SurfaceFlinger: GL_MAX_VIEWPORT_DIMS = 16384
01-17 15:57:16.436  1628  1628 E SoundTriggerHalImpl: couldn't load sound trigger module sound_trigger.primary (No such file or directory)
01-17 15:57:16.437  1628  1628 I audiohalservice: Registration complete for android.hardware.soundtrigger@2.0::ISoundTriggerHw/default.
01-17 15:57:16.437  1573  1573 W hwservicemanager: getTransport: Cannot find entry android.hardware.bluetooth.a2dp@1.0::IBluetoothAudioOffload/default in either framework or device manifest.
01-17 15:57:16.437  1628  1628 E audiohalservice: Could not get passthrough implementation for android.hardware.bluetooth.a2dp@1.0::IBluetoothAudioOffload/default.
01-17 15:57:16.437  1628  1628 W audiohalservice: Could not register Bluetooth audio offload 1.0
01-17 15:57:16.516  1638  1701 D HostConnection: HostComposition ext ANDROID_EMU_CHECKSUM_HELPER_v1 ANDROID_EMU_native_sync_v2 ANDROID_EMU_native_sync_v3 ANDROID_EMU_native_sync_v4 ANDROID_EMU_dma_v1 ANDROID_EMU_YUV420_888_to_NV21 ANDROID_EMU_YUV_Cache ANDROID_EMU_sync_buffer_data GL_OES_EGL_image_external_essl3 GL_OES_vertex_array_object GL_KHR_texture_compression_astc_ldr ANDROID_EMU_host_side_tracing ANDROID_EMU_gles_max_version_3_0 
01-17 15:57:16.516  1638  1701 D gralloc_ranchu: gralloc_alloc: Creating ashmem region of size 16592896
01-17 15:57:16.516  1638  1701 E eglCodecCommon: GoldfishAddressSpaceHostMemoryAllocator: ioctl_ping failed for device_type=5, ret=-1
01-17 15:57:16.517  1648  1648 D HostConnection: createUnique: call
01-17 15:57:16.517  1648  1648 D HostConnection: HostConnection::get() New Host Connection established 0xe9da5b30, tid 1648
01-17 15:57:16.519  1648  1648 D HostConnection: HostComposition ext ANDROID_EMU_CHECKSUM_HELPER_v1 ANDROID_EMU_native_sync_v2 ANDROID_EMU_native_sync_v3 ANDROID_EMU_native_sync_v4 ANDROID_EMU_dma_v1 ANDROID_EMU_YUV420_888_to_NV21 ANDROID_EMU_YUV_Cache ANDROID_EMU_sync_buffer_data GL_OES_EGL_image_external_essl3 GL_OES_vertex_array_object GL_KHR_texture_compression_astc_ldr ANDROID_EMU_host_side_tracing ANDROID_EMU_gles_max_version_3_0 
01-17 15:57:16.519  1648  1648 E eglCodecCommon: GoldfishAddressSpaceHostMemoryAllocator: ioctl_ping failed for device_type=5, ret=-1
01-17 15:57:16.520  1648  1648 E HWComposer: getSupportedPerFrameMetadata: getSupportedPerFrameMetadata failed for display 0: Unsupported (8)
01-17 15:57:16.520  1638  1701 D gralloc_ranchu: gralloc_alloc: Creating ashmem region of size 16592896
01-17 15:57:16.521  1638  1701 D gralloc_ranchu: gralloc_alloc: Creating ashmem region of size 16592896
01-17 15:57:16.522  1648  1648 D EGL_emulation: eglMakeCurrent: 0xe9da0ae0: ver 3 0 (tinfo 0xe9d9c310)
01-17 15:57:16.604  1648  1648 D SurfaceFlinger: shader cache generated - 24 shaders in 80.913078 ms
01-17 15:57:16.605  1648  1648 D SurfaceFlinger: Set power mode=2, type=0 flinger=0xe9dc6000
01-17 15:57:16.605  1648  1648 D SurfaceFlinger: Finished set power mode=2, type=0
--------- beginning of system
01-17 15:57:17.630  1581  1657 I vold    : Encrypting group 16
01-17 15:57:17.630  1581  1657 I vold    : Encrypted to sector 251921408
01-17 15:57:17.631  1581  1657 I vold    : Encrypting from sector 268435456
01-17 15:57:17.638  1581  1657 I vold    : Encrypting group 17
01-17 15:57:17.639  1581  1657 I vold    : Encrypted to sector 268698624
01-17 15:57:17.639  1581  1657 I vold    : Encrypting from sector 285212672
01-17 15:57:17.647  1581  1657 I vold    : Encrypting group 18
01-17 15:57:17.648  1581  1657 I vold    : Encrypted to sector 285475840
01-17 15:57:17.648  1581  1657 I vold    : Encrypting from sector 301989888
01-17 15:57:17.656  1581  1657 I vold    : Encrypting group 19
01-17 15:57:17.657  1581  1657 I vold    : Encrypted to sector 302253056
01-17 15:57:17.657  1581  1657 I vold    : Encrypting from sector 318767104
01-17 15:57:17.666  1581  1657 I vold    : Encrypting group 20
01-17 15:57:17.667  1581  1657 I vold    : Encrypted to sector 319030272
01-17 15:57:17.667  1581  1657 I vold    : Encrypting from sector 335544320
01-17 15:57:17.677  1581  1657 I vold    : Encrypting group 21
01-17 15:57:17.677  1581  1657 I vold    : Encrypted to sector 335807488
01-17 15:57:17.677  1581  1657 I vold    : Encrypting from sector 352321536
01-17 15:57:17.703  1581  1657 I vold    : Encrypting group 22
01-17 15:57:17.704  1581  1657 I vold    : Encrypted to sector 352584704
01-17 15:57:17.704  1581  1657 I vold    : Encrypting from sector 369098752
01-17 15:57:17.732  1581  1657 I vold    : Encrypting group 23
01-17 15:57:17.733  1581  1657 I vold    : Encrypted to sector 369361920
01-17 15:57:17.733  1581  1657 I vold    : Encrypting from sector 385875968
01-17 15:57:17.759  1581  1657 I vold    : Encrypting group 24
01-17 15:57:17.760  1581  1657 I vold    : Encrypted to sector 386139136
01-17 15:57:17.760  1581  1657 I vold    : Encrypting from sector 402653184
01-17 15:57:17.786  1581  1657 I vold    : Encrypting group 25
01-17 15:57:17.787  1581  1657 I vold    : Encrypted to sector 402916352
01-17 15:57:17.787  1581  1657 I vold    : Encrypting from sector 419430400
01-17 15:57:17.831  1581  1657 I vold    : Encrypting group 26
01-17 15:57:17.832  1581  1657 I vold    : Encrypted to sector 419890688
01-17 15:57:17.832  1581  1657 I vold    : Encrypting from sector 436207616
01-17 15:57:17.856  1581  1657 I vold    : Encrypting group 27
01-17 15:57:17.857  1581  1657 I vold    : Encrypted to sector 436470784
01-17 15:57:17.857  1581  1657 I vold    : Encrypting from sector 452984832
01-17 15:57:17.982  1581  1657 I vold    : Encrypting group 28
01-17 15:57:17.983  1581  1657 I vold    : Encrypted to sector 453445120
01-17 15:57:17.983  1581  1657 I vold    : Encrypting from sector 469762048
01-17 15:57:17.992  1581  1657 I vold    : Encrypting group 29
01-17 15:57:17.993  1581  1657 I vold    : Encrypted to sector 470025216
01-17 15:57:17.993  1581  1657 I vold    : Encrypting from sector 486539264
01-17 15:57:18.002  1581  1657 I vold    : Encrypting group 30
01-17 15:57:18.003  1646  1646 I FastMixerState: sMaxFastTracks = 8
01-17 15:57:18.003  1581  1657 I vold    : Encrypted to sector 486802432
01-17 15:57:18.003  1581  1657 I vold    : Encrypting from sector 503316480
01-17 15:57:18.012  1581  1657 I vold    : Encrypting group 31
01-17 15:57:18.012  1581  1657 I vold    : Encrypted to sector 503579648
01-17 15:57:18.013  1581  1657 I vold    : Encrypting from sector 520093696
01-17 15:57:18.023  1581  1657 I vold    : Encrypting group 32
01-17 15:57:18.024  1581  1657 I vold    : Encrypted to sector 520356864
01-17 15:57:18.024  1581  1657 I vold    : Encrypting from sector 536870912
01-17 15:57:18.035  1581  1657 I vold    : Encrypting group 33
01-17 15:57:18.036  1581  1657 I vold    : Encrypted to sector 537134080
01-17 15:57:18.036  1581  1657 I vold    : Encrypting from sector 553648128
01-17 15:57:18.043  1581  1657 I vold    : Encrypting group 34
01-17 15:57:18.044  1581  1657 I vold    : Encrypted to sector 553911296
01-17 15:57:18.044  1581  1657 I vold    : Encrypting from sector 570425344
01-17 15:57:18.051  1581  1657 I vold    : Encrypting group 35
01-17 15:57:18.052  1581  1657 I vold    : Encrypted to sector 570688512
01-17 15:57:18.052  1581  1657 I vold    : Encrypting from sector 587202560
01-17 15:57:18.074  1581  1657 I vold    : Encrypting group 36
01-17 15:57:18.075  1581  1657 I vold    : Encrypted to sector 587465728
01-17 15:57:18.075  1581  1657 I vold    : Encrypting from sector 603979776
01-17 15:57:18.099  1581  1657 I vold    : Encrypting group 37
01-17 15:57:18.100  1581  1657 I vold    : Encrypted to sector 604242944
01-17 15:57:18.101  1581  1657 I vold    : Encrypting from sector 620756992
01-17 15:57:18.125  1581  1657 I vold    : Encrypting group 38
01-17 15:57:18.126  1581  1657 I vold    : Encrypted to sector 621020160
01-17 15:57:18.126  1581  1657 I vold    : Encrypting from sector 637534208
01-17 15:57:18.150  1581  1657 I vold    : Encrypting group 39
01-17 15:57:18.151  1581  1657 I vold    : Encrypted to sector 637797376
01-17 15:57:18.151  1581  1657 I vold    : Encrypting from sector 654311424
01-17 15:57:18.173  1581  1657 I vold    : Encrypting group 40
01-17 15:57:18.174  1581  1657 I vold    : Encrypted to sector 654574592
01-17 15:57:18.174  1581  1657 I vold    : Encrypting from sector 671088640
01-17 15:57:18.192  1646  1646 I audioserver: ServiceManager: 0xf241aa60
01-17 15:57:18.199  1581  1657 I vold    : Encrypting group 41
01-17 15:57:18.199  1581  1657 I vold    : Encrypted to sector 671351808
01-17 15:57:18.199  1581  1657 I vold    : Encrypting from sector 687865856
01-17 15:57:18.215  1646  1646 W BatteryNotifier: batterystats service unavailable!
01-17 15:57:18.218  1573  1573 W hwservicemanager: getTransport: Cannot find entry android.hardware.audio@4.0::IDevicesFactory/msd in either framework or device manifest.
01-17 15:57:18.220  1646  1646 I AudioFlinger: Using default 3000 mSec as standby time.
01-17 15:57:18.225  1581  1657 I vold    : Encrypting group 42
01-17 15:57:18.226  1581  1657 I vold    : Encrypted to sector 688129024
01-17 15:57:18.226  1581  1657 I vold    : Encrypting from sector 704643072
01-17 15:57:18.250  1581  1657 I vold    : Encrypting group 43
01-17 15:57:18.251  1581  1657 I vold    : Encrypted to sector 704906240
01-17 15:57:18.251  1581  1657 I vold    : Encrypting from sector 721420288
01-17 15:57:18.279  1581  1657 I vold    : Encrypting group 44
01-17 15:57:18.280  1581  1657 I vold    : Encrypted to sector 721683456
01-17 15:57:18.280  1581  1657 I vold    : Encrypting from sector 738197504
01-17 15:57:18.300  1581  1657 I vold    : Encrypting group 45
01-17 15:57:18.301  1581  1657 I vold    : Encrypted to sector 738460672
01-17 15:57:18.301  1581  1657 I vold    : Encrypting from sector 754974720
01-17 15:57:18.347  1581  1657 I vold    : Encrypting group 46
01-17 15:57:18.348  1581  1657 I vold    : Encrypted to sector 755237888
01-17 15:57:18.348  1581  1657 I vold    : Encrypting from sector 771751936
01-17 15:57:18.371  1646  1646 I APM::ConfigParsingUtils: loadAudioPolicyConfig() loaded /vendor/etc/audio_policy.conf
01-17 15:57:18.382  1581  1657 I vold    : Encrypting group 47
01-17 15:57:18.383  1581  1657 I vold    : Encrypted to sector 772015104
01-17 15:57:18.383  1581  1657 I vold    : Encrypting from sector 788529152
01-17 15:57:18.409  1581  1657 I vold    : Encrypted to sector 788792320
01-17 15:57:18.416  1628  1710 D audio_hw_generic: Emulator host-side ALSA audio emulation detected.
01-17 15:57:18.416  1628  1710 D audio_hw_generic: mixer 0 name Master Playback Volume
01-17 15:57:18.416  1628  1710 D audio_hw_generic: set ctl 0 to 100
01-17 15:57:18.416  1628  1710 D audio_hw_generic: set ctl 1 to 100
01-17 15:57:18.416  1628  1710 D audio_hw_generic: mixer 1 name Master Playback Switch
01-17 15:57:18.416  1628  1710 D audio_hw_generic: set ctl 0 to 1
01-17 15:57:18.417  1628  1710 D audio_hw_generic: set ctl 1 to 1
01-17 15:57:18.417  1628  1710 D audio_hw_generic: mixer 2 name Capture Volume
01-17 15:57:18.417  1628  1710 D audio_hw_generic: set ctl 0 to 100
01-17 15:57:18.417  1628  1710 D audio_hw_generic: set ctl 1 to 100
01-17 15:57:18.417  1628  1710 D audio_hw_generic: mixer 3 name Capture Switch
01-17 15:57:18.417  1628  1710 D audio_hw_generic: set ctl 0 to 1
01-17 15:57:18.417  1628  1710 D audio_hw_generic: set ctl 1 to 1
01-17 15:57:18.417  1628  1710 D audio_hw_generic: mixer 4 name Line Phantom Jack
01-17 15:57:18.417  1628  1710 D audio_hw_generic: mixer 5 name Line Out Phantom Jack
01-17 15:57:18.417  1628  1710 D audio_hw_generic: mixer 6 name Playback Channel Map
01-17 15:57:18.417  1628  1710 D audio_hw_generic: mixer 7 name Capture Channel Map
01-17 15:57:18.425  1628  1628 W DeviceHAL: Error from HAL Device in function get_master_volume: Function not implemented
01-17 15:57:18.425  1628  1628 W DeviceHAL: Error from HAL Device in function get_master_mute: Function not implemented
01-17 15:57:18.425  1628  1628 W DeviceHAL: Error from HAL Device in function set_master_volume: Function not implemented
01-17 15:57:18.425  1628  1628 W DeviceHAL: Error from HAL Device in function set_master_mute: Function not implemented
01-17 15:57:18.425  1646  1646 I AudioFlinger: loadHwModule() Loaded primary audio interface, handle 10
01-17 15:57:18.426  1646  1646 I AudioFlinger: openOutput() this 0xf243c000, module 10 Device 0x2, SamplingRate 48000, Format 0x000001, Channels 0x3, flags 0x2
01-17 15:57:18.437  1646  1646 I AudioFlinger: HAL output buffer size 720 frames, normal sink buffer size 1152 frames
01-17 15:57:18.555  1581  1657 D vold    : cryptfs_enable_inplace_ext4 success
01-17 15:57:18.615  1581  1657 I Cryptfs : cryptfs_check_passwd
01-17 15:57:18.616  1581  1657 D Cryptfs : crypt_ftr->fs_size = 12582912
01-17 15:57:18.616  1581  1657 I Cryptfs : Using scrypt for cryptfs KDF
01-17 15:57:18.678  1648  1694 E SurfaceFlinger: ro.sf.lcd_density must be defined as a build property
01-17 15:57:18.680  1646  1646 I BufferProvider: found effect "Multichannel Downmix To Stereo" from The Android Open Source Project
01-17 15:57:18.681  1704  1727 D libEGL  : Emulator has host GPU support, qemu.gles is set to 1.
01-17 15:57:18.681  1646  1646 I AudioFlinger: Using module 10 as the primary audio interface
01-17 15:57:18.681  1704  1727 E vndksupport: Could not load /vendor/lib/egl/libGLES_emulation.so from sphal namespace: dlopen failed: library "/vendor/lib/egl/libGLES_emulation.so" not found.
01-17 15:57:18.682  1704  1727 E libEGL  : load_driver(/vendor/lib/egl/libGLES_emulation.so): unknown
01-17 15:57:18.684  1646  1646 W AudioFlinger: moveEffects() bad srcOutput 0
01-17 15:57:18.685  1704  1727 D libEGL  : loaded /vendor/lib/egl/libEGL_emulation.so
01-17 15:57:18.686  1704  1727 D libEGL  : loaded /vendor/lib/egl/libGLESv1_CM_emulation.so
01-17 15:57:18.691  1646  1729 I AudioFlinger: AudioFlinger's thread 0xf1a03d40 tid=1729 ready to run
01-17 15:57:18.691  1646  1729 W AudioFlinger: no wake lock to update, system not ready yet
01-17 15:57:18.694  1646  1731 I AudioFlinger: AudioFlinger's thread 0xf170ae40 tid=1731 ready to run
01-17 15:57:18.695  1704  1727 D libEGL  : loaded /vendor/lib/egl/libGLESv2_emulation.so
01-17 15:57:18.704  1704  1727 D HostConnection: HostConnection::get() New Host Connection established 0xe3b214a0, tid 1727
01-17 15:57:18.719  1704  1727 D HostConnection: HostComposition ext ANDROID_EMU_CHECKSUM_HELPER_v1 ANDROID_EMU_native_sync_v2 ANDROID_EMU_native_sync_v3 ANDROID_EMU_native_sync_v4 ANDROID_EMU_dma_v1 ANDROID_EMU_YUV420_888_to_NV21 ANDROID_EMU_YUV_Cache ANDROID_EMU_sync_buffer_data GL_OES_EGL_image_external_essl3 GL_OES_vertex_array_object GL_KHR_texture_compression_astc_ldr ANDROID_EMU_host_side_tracing ANDROID_EMU_gles_max_version_3_0 
01-17 15:57:18.727  1704  1727 I ConfigStore: android::hardware::configstore::V1_0::ISurfaceFlingerConfigs::hasWideColorDisplay retrieved: 0
01-17 15:57:18.727  1704  1727 I ConfigStore: android::hardware::configstore::V1_0::ISurfaceFlingerConfigs::hasHDRDisplay retrieved: 0
01-17 15:57:18.728  1638  1701 D gralloc_ranchu: gralloc_alloc: Creating ashmem region of size 16592896
01-17 15:57:18.733  1704  1727 D HostConnection: createUnique: call
01-17 15:57:18.733  1704  1727 D HostConnection: HostConnection::get() New Host Connection established 0xe3b21540, tid 1727
01-17 15:57:18.735  1628  1719 I r_submix: adev_open(name=audio_hw_if)
01-17 15:57:18.736  1628  1719 I r_submix: adev_init_check()
01-17 15:57:18.736  1628  1719 W DeviceHAL: Error from HAL Device in function set_master_mute: Function not implemented
01-17 15:57:18.736  1646  1646 I AudioFlinger: loadHwModule() Loaded r_submix audio interface, handle 18
01-17 15:57:18.736  1628  1719 D r_submix: adev_open_input_stream(addr=0)
01-17 15:57:18.736  1628  1719 D r_submix: submix_audio_device_create_pipe_l(addr=0, idx=9)
01-17 15:57:18.736  1628  1719 D r_submix:   now using address 0 for route 9
01-17 15:57:18.737  1646  1732 I AudioFlinger: AudioFlinger's thread 0xf170a6c0 tid=1732 ready to run
01-17 15:57:18.738  1646  1646 I         : Waiting for activity service
01-17 15:57:18.738  1628  1719 D r_submix: adev_close_input_stream()
01-17 15:57:18.738  1628  1719 D r_submix: submix_audio_device_release_pipe_l(idx=9) addr=0
01-17 15:57:18.738  1628  1719 D r_submix: submix_audio_device_destroy_pipe_l(): pipe destroyed
01-17 15:57:18.747  1704  1727 D HostConnection: HostComposition ext ANDROID_EMU_CHECKSUM_HELPER_v1 ANDROID_EMU_native_sync_v2 ANDROID_EMU_native_sync_v3 ANDROID_EMU_native_sync_v4 ANDROID_EMU_dma_v1 ANDROID_EMU_YUV420_888_to_NV21 ANDROID_EMU_YUV_Cache ANDROID_EMU_sync_buffer_data GL_OES_EGL_image_external_essl3 GL_OES_vertex_array_object GL_KHR_texture_compression_astc_ldr ANDROID_EMU_host_side_tracing ANDROID_EMU_gles_max_version_3_0 
01-17 15:57:18.748  1704  1727 E eglCodecCommon: GoldfishAddressSpaceHostMemoryAllocator: ioctl_ping failed for device_type=5, ret=-1
01-17 15:57:18.750  1704  1727 D eglCodecCommon: setVertexArrayObject: set vao to 0 (0) 0 0
01-17 15:57:18.751  1704  1727 D EGL_emulation: eglCreateContext: 0xe3b194e0: maj 1 min 0 rcv 1
01-17 15:57:18.762  1704  1727 D EGL_emulation: eglMakeCurrent: 0xe3b194e0: ver 1 0 (tinfo 0xe3b0f0b0)
01-17 15:57:18.856  1581  1657 I Cryptfs : Extra parameters for dm_crypt: 1 allow_discards
01-17 15:57:18.871  1581  1587 D vold    : Disk at 252:0 changed
01-17 15:57:19.047  1581  1657 I Cryptfs : Password matches
01-17 15:57:19.048  1581  1657 D Cryptfs : test_mount_encrypted_fs(): Master key saved
01-17 15:57:19.049  1573  1573 W hwservicemanager: getTransport: Cannot find entry android.hardware.keymaster@4.0::IKeymasterDevice/default in either framework or device manifest.
01-17 15:57:19.051  1581  1657 I vold    : List of Keymaster HALs found:
01-17 15:57:19.051  1581  1657 I vold    : Keymaster HAL #1: SoftwareKeymasterDevice from Google SecurityLevel: SOFTWARE HAL: android.hardware.keymaster@3.0::IKeymasterDevice/default
01-17 15:57:19.052  1581  1657 I vold    : Using SoftwareKeymasterDevice from Google for encryption.  Security level: SOFTWARE, HAL: android.hardware.keymaster@3.0::IKeymasterDevice/default
01-17 15:57:19.052  1581  1657 D Cryptfs : Just asked init to shut down class main
01-17 15:57:19.240  1704  1727 D BootAnimation: BootAnimationShownTiming start time: 12240ms
01-17 15:57:19.240  1704  1744 E BootAnimation: Could not add watch for /data/system
01-17 15:57:19.262  1638  1701 D gralloc_ranchu: gralloc_alloc: Creating ashmem region of size 16592896
01-17 15:57:19.269  1648  1648 I SurfaceFlinger: Enter boot animation
01-17 15:57:19.270  1639  1699 E eglCodecCommon: GoldfishAddressSpaceHostMemoryAllocator: ioctl_ping failed for device_type=5, ret=-1
01-17 15:57:20.775  1638  1701 D gralloc_ranchu: gralloc_alloc: Creating ashmem region of size 16592896
01-17 15:57:21.081  1581  1657 D Cryptfs : unmounting /data succeeded
01-17 15:57:21.086  1581  1657 I vold    : [libfs_mgr]superblock s_max_mnt_count:65535,/dev/block/dm-0
01-17 15:57:21.102  1581  1657 I vold    : [libfs_mgr]check_fs(): mount(/dev/block/dm-0,/data,ext4)=0: Success
01-17 15:57:21.166  1581  1657 I vold    : [libfs_mgr]check_fs(): unmount(/data) succeeded
01-17 15:57:21.167  1581  1657 I vold    : [libfs_mgr]Running /system/bin/e2fsck on /dev/block/dm-0
01-17 15:57:21.182  1581  1657 I vold    : [libfs_mgr]superblock s_max_mnt_count:65535,/dev/block/dm-0
01-17 15:57:21.182  1581  1657 W vold    : [libfs_mgr]Reserved blocks 32768 is too large; capping to 31457
01-17 15:57:21.189  1581  1657 I vold    : [libfs_mgr]__mount(source=/dev/block/dm-0,target=/data,type=ext4)=0: Success
01-17 15:57:21.189  1581  1657 D Cryptfs : Just triggered post_fs_data
01-17 15:57:21.222  1581  1589 D vold    : e4crypt_init_user0
01-17 15:57:21.222  1581  1589 D vold    : e4crypt_prepare_user_storage for volume null, user 0, serial 0, flags 1
01-17 15:57:21.222  1581  1589 D vold    : Preparing: /data/system/users/0
01-17 15:57:21.222  1581  1589 D vold    : Preparing: /data/misc/profiles/cur/0
01-17 15:57:21.222  1581  1589 D vold    : Preparing: /data/system_de/0
01-17 15:57:21.222  1581  1589 D vold    : Preparing: /data/misc_de/0
01-17 15:57:21.222  1581  1589 D vold    : Preparing: /data/vendor_de/0
01-17 15:57:21.223  1581  1589 D vold    : Preparing: /data/user_de/0
01-17 15:57:21.229  1581  1589 I vold_prepare_subdirs: SELinux: Loaded file_contexts
01-17 15:57:21.229  1754  1754 D vold_prepare_subdirs: Setting up mode 700 uid 0 gid 0 context u:object_r:vold_data_file:s0 on path: /data/misc_de/0/vold
01-17 15:57:21.230  1754  1754 D vold_prepare_subdirs: Setting up mode 700 uid 0 gid 0 context u:object_r:storaged_data_file:s0 on path: /data/misc_de/0/storaged
01-17 15:57:21.230  1754  1754 D vold_prepare_subdirs: Setting up mode 700 uid 1000 gid 1000 context u:object_r:fingerprint_vendor_data_file:s0 on path: /data/vendor_de/0/fpdata
01-17 15:57:21.230  1581  1589 D vold    : e4crypt_unlock_user_key 0 serial=0 token_present=0
01-17 15:57:21.230  1581  1589 E vold    : Failed to chmod /data/system_ce/0: No such file or directory
01-17 15:57:21.230  1581  1589 E vold    : Failed to chmod /data/misc_ce/0: No such file or directory
01-17 15:57:21.230  1581  1589 E vold    : Failed to chmod /data/media/0: No such file or directory
01-17 15:57:21.247  1755  1755 I /system/bin/tzdatacheck: timezone distro dir /data/misc/zoneinfo/current does not exist. No action required.
01-17 15:57:21.249  1581  1657 D Cryptfs : post_fs_data done
01-17 15:57:21.250  1581  1657 D Cryptfs : Just triggered restart_framework
01-17 15:57:21.283  1756  1756 I bootstat: Service started: /system/bin/bootstat -r post_decrypt_time_elapsed 
01-17 15:57:21.225     1     1 W init    : type=1400 audit(0.0:6): avc: denied { read } for name="nativetest" dev="dm-0" ino=20 scontext=u:r:init:s0 tcontext=u:object_r:nativetest_data_file:s0 tclass=dir permissive=0 b/77873135
01-17 15:57:21.296  1639  1699 D ComposerHal: destroying composer client
01-17 15:57:21.296  1639  1699 I HWC2On1Adapter: unregisterCallback(Hotplug)
01-17 15:57:21.296  1639  1699 I HWC2On1Adapter: unregisterCallback(Refresh)
01-17 15:57:21.296  1639  1699 I HWC2On1Adapter: unregisterCallback(Vsync)
01-17 15:57:21.296  1639  1699 W ComposerHal: destroying client resources for display 1
01-17 15:57:21.296  1639  1699 W ComposerHal: performing a final presentDisplay
01-17 15:57:21.298  1639  1699 D ComposerHal: removed composer client
01-17 15:57:21.337  1758  1758 I ConfigStore: android::hardware::configstore::V1_0::ISurfaceFlingerConfigs::startGraphicsAllocatorService retrieved: 0
01-17 15:57:21.338  1758  1758 I SurfaceFlinger: Using HWComposer service: 'default'
01-17 15:57:21.338  1758  1758 I SurfaceFlinger: SurfaceFlinger is starting
01-17 15:57:21.338  1758  1758 I ConfigStore: android::hardware::configstore::V1_0::ISurfaceFlingerConfigs::vsyncEventPhaseOffsetNs retrieved: 1000000 (default)
01-17 15:57:21.339  1758  1758 I ConfigStore: android::hardware::configstore::V1_0::ISurfaceFlingerConfigs::vsyncSfEventPhaseOffsetNs retrieved: 1000000 (default)
01-17 15:57:21.339  1758  1758 I ConfigStore: android::hardware::configstore::V1_0::ISurfaceFlingerConfigs::hasSyncFramework retrieved: 1
01-17 15:57:21.340  1758  1758 I ConfigStore: android::hardware::configstore::V1_0::ISurfaceFlingerConfigs::presentTimeOffsetFromVSyncNs retrieved: 0
01-17 15:57:21.341  1758  1758 I ConfigStore: android::hardware::configstore::V1_0::ISurfaceFlingerConfigs::useHwcForRGBtoYUV retrieved: 0
01-17 15:57:21.341  1758  1758 I ConfigStore: android::hardware::configstore::V1_0::ISurfaceFlingerConfigs::maxVirtualDisplaySize retrieved: 0 (default)
01-17 15:57:21.342  1758  1758 I ConfigStore: android::hardware::configstore::V1_0::ISurfaceFlingerConfigs::useVrFlinger retrieved: 0 (default)
01-17 15:57:21.343  1758  1758 I ConfigStore: android::hardware::configstore::V1_0::ISurfaceFlingerConfigs::maxFrameBufferAcquiredBuffers retrieved: 3
01-17 15:57:21.344  1758  1758 I ConfigStore: android::hardware::configstore::V1_0::ISurfaceFlingerConfigs::hasWideColorDisplay retrieved: 0
01-17 15:57:21.344  1573  1573 W hwservicemanager: getTransport: Cannot find entry android.hardware.configstore@1.1::ISurfaceFlingerConfigs/default in either framework or device manifest.
01-17 15:57:21.344  1758  1758 I ConfigStore: android::hardware::configstore::V1_1::ISurfaceFlingerConfigs::primaryDisplayOrientation retrieved: ORIENTATION_0 (default)
01-17 15:57:21.345  1758  1758 I SurfaceFlinger: Enabling HWC virtual displays
01-17 15:57:21.345  1758  1758 I SurfaceFlinger: Disabling Triple Buffering
01-17 15:57:21.345  1758  1758 I SurfaceFlinger: Treble testing override: 'false'
01-17 15:57:21.345  1758  1758 I SurfaceFlinger: SurfaceFlinger's main thread ready to run. Initializing graphics H/W...
01-17 15:57:21.345  1758  1758 I SurfaceFlinger: Phase offest NS: 1000000
01-17 15:57:21.346  1758  1758 D libEGL  : Emulator has host GPU support, qemu.gles is set to 1.
01-17 15:57:21.355  1704  1727 E EGL_emulation: tid 1727: swapBuffers(570): error 0x300d (EGL_BAD_SURFACE)
01-17 15:57:21.355  1572  1572 I ServiceManager: service 'SurfaceFlinger' died
01-17 15:57:21.355  1572  1572 I ServiceManager: service 'gpu' died
01-17 15:57:21.355  1704  1725 W SurfaceComposerClient: ComposerService remote (surfaceflinger) died [0xe3e47440]
01-17 15:57:21.355  1704  1725 D BootAnimation: SurfaceFlinger died, exiting...
01-17 15:57:21.475  1758  1758 E vndksupport: Could not load /vendor/lib/egl/libGLES_emulation.so from sphal namespace: dlopen failed: library "/vendor/lib/egl/libGLES_emulation.so" not found.
01-17 15:57:21.475  1758  1758 E libEGL  : load_driver(/vendor/lib/egl/libGLES_emulation.so): unknown
01-17 15:57:21.479  1758  1758 D libEGL  : loaded /vendor/lib/egl/libEGL_emulation.so
01-17 15:57:21.479  1758  1758 D libEGL  : loaded /vendor/lib/egl/libGLESv1_CM_emulation.so
01-17 15:57:21.492  1758  1758 D libEGL  : loaded /vendor/lib/egl/libGLESv2_emulation.so
01-17 15:57:21.493  1767  1767 I mediametrics: ServiceManager: 0xe861a6e0
01-17 15:57:21.493  1767  1767 D MediaAnalyticsService: MediaAnalyticsService created
01-17 15:57:21.508  1758  1758 D HostConnection: HostConnection::get() New Host Connection established 0xf0724410, tid 1758
01-17 15:57:21.512  1758  1758 D HostConnection: HostComposition ext ANDROID_EMU_CHECKSUM_HELPER_v1 ANDROID_EMU_native_sync_v2 ANDROID_EMU_native_sync_v3 ANDROID_EMU_native_sync_v4 ANDROID_EMU_dma_v1 ANDROID_EMU_YUV420_888_to_NV21 ANDROID_EMU_YUV_Cache ANDROID_EMU_sync_buffer_data GL_OES_EGL_image_external_essl3 GL_OES_vertex_array_object GL_KHR_texture_compression_astc_ldr ANDROID_EMU_host_side_tracing ANDROID_EMU_gles_max_version_3_0 
01-17 15:57:21.519  1758  1758 I ConfigStore: android::hardware::configstore::V1_0::ISurfaceFlingerConfigs::hasWideColorDisplay retrieved: 0
01-17 15:57:21.520  1758  1758 I ConfigStore: android::hardware::configstore::V1_0::ISurfaceFlingerConfigs::hasHDRDisplay retrieved: 0
01-17 15:57:21.521  1758  1758 I SurfaceFlinger: EGL information:
01-17 15:57:21.521  1758  1758 I SurfaceFlinger: vendor    : Android
01-17 15:57:21.521  1758  1758 I SurfaceFlinger: version   : 1.4 Android META-EGL
01-17 15:57:21.521  1758  1758 I SurfaceFlinger: extensions: EGL_KHR_get_all_proc_addresses EGL_ANDROID_presentation_time EGL_KHR_swap_buffers_with_damage EGL_ANDROID_get_native_client_buffer EGL_ANDROID_front_buffer_auto_refresh EGL_ANDROID_get_frame_timestamps EGL_EXT_surface_SMPTE2086_metadata EGL_EXT_surface_CTA861_3_metadata EGL_KHR_image EGL_KHR_image_base EGL_KHR_gl_texture_2D_image EGL_KHR_fence_sync EGL_KHR_create_context EGL_ANDROID_image_native_buffer EGL_KHR_wait_sync EGL_ANDROID_recordable 
