01-17 15:58:09.422  1978  2566 E system_server: No package ID 7f found for ID 0x7f08006d.
01-17 15:58:09.422  1978  2566 E system_server: No package ID 7f found for ID 0x7f100215.
01-17 15:58:09.423  1978  2566 E system_server: No package ID 7f found for ID 0x7f020163.
01-17 15:58:09.423  1978  2566 E system_server: No package ID 7f found for ID 0x7f120487.
01-17 15:58:09.423  1978  2566 E system_server: No package ID 7f found for ID 0x7f120487.
01-17 15:58:09.423  1978  2566 E system_server: No package ID 7f found for ID 0x7f120486.
01-17 15:58:09.424  1978  2566 E system_server: No package ID 7f found for ID 0x7f07008d.
01-17 15:58:09.424  1978  2566 E system_server: No package ID 7f found for ID 0x7f10007f.
01-17 15:58:09.425  1978  2566 E system_server: No package ID 7f found for ID 0x7f0203f6.
01-17 15:58:09.425  1978  2566 E system_server: No package ID 7f found for ID 0x7f13080c.
01-17 15:58:09.425  1978  2566 E system_server: No package ID 7f found for ID 0x7f0203f8.
01-17 15:58:09.425  1978  2566 E system_server: No package ID 7f found for ID 0x7f13086b.
01-17 15:58:09.425  1978  2566 E system_server: No package ID 7f found for ID 0x7f0203fa.
01-17 15:58:09.425  1978  2566 E system_server: No package ID 7f found for ID 0x7f1308b0.
01-17 15:58:09.431  2783  2783 W id.partnersetu: Unexpected CPU variant for X86 using defaults: x86
01-17 15:58:09.433  1978  1995 I ActivityManager: Start proc 2783:com.google.android.partnersetup/u0a31 for content provider com.google.android.partnersetup/.RlzAppProvider
01-17 15:58:09.478  2783  2783 I id.partnersetu: The ClassLoaderContext is a special shared library.
01-17 15:58:09.483  1978  1995 I ActivityManager: Start proc 2800:com.android.keychain/1000 for service com.android.keychain/.KeyChainService
01-17 15:58:09.480  2783  2783 I id.partnersetu: The ClassLoaderContext is a special shared library.
01-17 15:58:09.484  2800  2800 W ndroid.keychai: Unexpected CPU variant for X86 using defaults: x86
01-17 15:58:09.489  2616  2616 I MicroDetectionWorker: Initializing MicroDataManager InitializeType-1, isForced-false, isActivePhoneEnrollment-false isActiveGoogleHomeEnrollment-false
01-17 15:58:09.494  2616  2616 W SearchService: Abort, client detached.
01-17 15:58:09.500  1978  1995 I ActivityManager: Start proc 2813:com.google.android.gms/u0a13 for service com.google.android.gms/.checkin.CheckinApiService
01-17 15:58:09.503  2616  2775 W Glide   : Failed to find GeneratedAppGlideModule. You should include an annotationProcessor compile dependency on com.github.bumptech.glide:compiler in your application and a @GlideModule annotated AppGlideModule implementation or LibraryGlideModules will be silently ignored
01-17 15:58:09.505  2813  2813 W gle.android.gm: Unexpected CPU variant for X86 using defaults: x86
01-17 15:58:09.522  2800  2800 I ndroid.keychai: The ClassLoaderContext is a special shared library.
01-17 15:58:09.527  2813  2813 I gle.android.gm: The ClassLoaderContext is a special shared library.
01-17 15:58:09.527  2813  2813 I chatty  : uid=10013(com.google.android.gms) identical 2 lines
01-17 15:58:09.529  2813  2813 I gle.android.gm: The ClassLoaderContext is a special shared library.
01-17 15:58:09.538  1978  1992 E GnssLocationProvider: no AGPS interface in set_agps_server
01-17 15:58:09.552  1978  1992 I GnssLocationProvider: WakeLock released by handleMessage(REPORT_SV_STATUS, 0, com.android.server.location.GnssLocationProvider$SvStatusInfo@5c23725)
01-17 15:58:09.553  1978  1992 E AutofillManagerServiceImpl: Bad AutofillService name: com.google.android.gms/.autofill.service.AutofillService
01-17 15:58:09.553  1978  1992 D AutofillManagerServiceImpl: Reset component for user 0 (com.google.android.gms/.autofill.service.AutofillService)
01-17 15:58:09.553  1978  1994 D AutofillUI: destroySaveUiUiThread(): already destroyed
01-17 15:58:09.553  1978  1992 E AutofillManagerServiceImpl: Bad AutofillService name: com.google.android.gms/.autofill.service.AutofillService
01-17 15:58:09.553  1978  1992 D AutofillManagerServiceImpl: Reset component for user 0 (com.google.android.gms/.autofill.service.AutofillService)
01-17 15:58:09.553  1978  1992 D FieldClassificationStrategy: reset(): service is not bound. Do nothing.
01-17 15:58:09.569  2813  2813 I GmsApplication: Staging modules and/or updating config
01-17 15:58:09.570  2616  2616 I BgTaskExecutorImpl: Starting NONEXCLUSIVE background task update_gservices_config.
01-17 15:58:09.571  2245  2245 I SetupWizard: [GmsCheckinMonitor] Checking Android ID
01-17 15:58:09.573  2616  2763 I GservicesUpdateTask: Updating Gservices keys
01-17 15:58:09.576  1978  2779 I WifiService: startScan uid=10030
01-17 15:58:09.585  2616  2763 W GStaticConfiguration: No valid gstatic url found.
01-17 15:58:09.589  2245  2245 I SetupWizard: [GmsCheckinMonitor] Requesting checkin
01-17 15:58:09.592  2616  2763 I BgTaskExecutorImpl: Starting NONEXCLUSIVE background task refresh_auth_tokens.
01-17 15:58:09.593  2616  2616 I BgTaskExecutorImpl: Starting EXCLUSIVE background task fetch_location_reporting_state.
01-17 15:58:09.594  2616  2616 I BgTaskExecutorImpl: Starting EXCLUSIVE background task fetch_opt_in_statuses.
01-17 15:58:09.596  2616  2616 I BgTaskExecutorImpl: Starting EXCLUSIVE background task predictive_card_preferences_sync.
01-17 15:58:09.604  2616  2616 W SearchService: Abort, client detached.
01-17 15:58:09.604  2616  2616 I chatty  : uid=10040 com.google.android.googlequicksearchbox:search identical 3 lines
01-17 15:58:09.604  2616  2616 W SearchService: Abort, client detached.
01-17 15:58:09.612  2616  2616 I BgTaskExecutorImpl: Starting EXCLUSIVE background task refresh_now_configuration.
01-17 15:58:09.613  2616  2616 W SearchService: Abort, client detached.
01-17 15:58:09.615  2616  2616 I chatty  : uid=10040 com.google.android.googlequicksearchbox:search identical 8 lines
01-17 15:58:09.616  2616  2616 W SearchService: Abort, client detached.
01-17 15:58:09.622  2616  2616 I BgTaskExecutorImpl: Starting EXCLUSIVE background task send_gsa_home_request.
01-17 15:58:09.623  2844  2844 W putmethod.lati: Unexpected CPU variant for X86 using defaults: x86
01-17 15:58:09.628  1978  1995 I ActivityManager: Start proc 2844:com.google.android.inputmethod.latin/u0a78 for service com.google.android.inputmethod.latin/com.android.inputmethod.latin.LatinIME
01-17 15:58:09.628  2616  2616 W SearchService: Abort, client detached.
01-17 15:58:09.639  2139  2139 I vol.Events: writeEvent dismiss_dialog timeout
01-17 15:58:09.660  2616  2616 I BgTaskExecutorImpl: Starting EXCLUSIVE background task sync_gel_prefs.
01-17 15:58:09.665  2616  2616 I BgTaskExecutorImpl: Starting EXCLUSIVE background task silent_speakerid_enrollment.
01-17 15:58:09.666  2616  2616 I BgTaskExecutorImpl: Starting EXCLUSIVE background task velour_background_maintenance.
01-17 15:58:09.669  2844  2844 I putmethod.lati: The ClassLoaderContext is a special shared library.
01-17 15:58:09.670  2844  2844 I putmethod.lati: The ClassLoaderContext is a special shared library.
01-17 15:58:09.678  2844  2844 I InputContentProvider: Created InputContentProvider: exported=[false]
01-17 15:58:09.682  2616  2863 I HotwordSilentEnrollment: Executing HotwordSilentEnrollment
01-17 15:58:09.690  2616  2616 W SearchService: Abort, client detached.
01-17 15:58:09.696  2616  2616 I chatty  : uid=10040 com.google.android.googlequicksearchbox:search identical 7 lines
01-17 15:58:09.696  2616  2616 W SearchService: Abort, client detached.
01-17 15:58:09.705  2600  2600 W Settings: Setting install_non_market_apps has moved from android.provider.Settings.Global to android.provider.Settings.Secure, value is unchanged.
01-17 15:58:09.709  2844  2844 I TransientFileCleaner: Deleting 0 files
01-17 15:58:09.710  1978  2656 D PackageManager: Instant App installer not found with android.intent.action.INSTALL_INSTANT_APP_PACKAGE
01-17 15:58:09.710  1978  2656 D PackageManager: Clear ephemeral installer activity
01-17 15:58:09.711  1978  2007 I ActivityManager: Killing 2600:com.google.android.sdksetup/u0a21 (adj 0): change com.google.android.sdksetup
01-17 15:58:09.709  2844  2844 I TransientFileCleaner: Deleting 0 files
01-17 15:58:09.711  1978  1996 W libprocessgroup: kill(-2600, 9) failed: No such process
01-17 15:58:09.715  1978  2007 I ActivityManager:   Force finishing activity ActivityRecord{691893 u0 com.google.android.sdksetup/.DefaultActivity t4}
01-17 15:58:09.718  1978  2007 I ActivityManager: START u0 {act=android.intent.action.MAIN cat=[android.intent.category.HOME] flg=0x10000100 cmp=com.google.android.apps.nexuslauncher/.NexusLauncherActivity} from uid 0
01-17 15:58:09.727  1978  2779 W ActivityManager: Finishing task with all activities already finished
01-17 15:58:09.727  1978  2779 W ActivityManager: Duplicate finish request for ActivityRecord{691893 u0 com.google.android.sdksetup/.DefaultActivity t4 f}
01-17 15:58:09.730  1928  1931 W SurfaceFlinger: Attempting to set client state on removed layer: Splash Screen com.google.android.sdksetup#0
01-17 15:58:09.731  1928  1931 W SurfaceFlinger: Attempting to destroy on removed layer: Splash Screen com.google.android.sdksetup#0
01-17 15:58:09.736  1928  1930 W SurfaceFlinger: Attempting to destroy on removed layer: AppWindowToken{ac598c9 token=Token{6ee70d0 ActivityRecord{691893 u0 com.google.android.sdksetup/.DefaultActivity t4}}}#0
01-17 15:58:09.738  2616  2763 I cr_CronetLibraryLoader: Cronet version: 67.0.3396.11, arch: i686
01-17 15:58:09.739  2872  2872 W ndroid.sdksetu: Unexpected CPU variant for X86 using defaults: x86
01-17 15:58:09.746  1978  2032 W WindowManager: Failed looking up window callers=com.android.server.wm.WindowManagerService.windowForClientLocked:5513 com.android.server.wm.WindowManagerService.removeWindow:1642 com.android.server.wm.Session.remove:226 
01-17 15:58:09.746  1978  1995 I ActivityManager: Start proc 2872:com.google.android.sdksetup/u0a21 for activity com.google.android.sdksetup/.DefaultActivity
01-17 15:58:09.748  1978  2052 I InputReader: Reconfiguring input devices.  changes=0x00000010
01-17 15:58:09.752  1638  2373 D gralloc_ranchu: gralloc_alloc: Creating ashmem region of size 16592896
01-17 15:58:09.754  1978  1978 I Telecom : DefaultDialerCache: Refreshing default dialer for user 0: now com.google.android.dialer: DDC.oR@ADk
01-17 15:58:09.760  2191  2191 D CarrierSvcBindHelper: No carrier app for: 0
01-17 15:58:09.760  2191  2191 D ImsResolver: maybeAddedImsService, packageName: com.google.android.sdksetup
01-17 15:58:09.768  1978  1996 W libprocessgroup: kill(-2600, 9) failed: No such process
01-17 15:58:09.769  2616  2616 W SearchService: Abort, client detached.
01-17 15:58:09.769  2616  2616 I chatty  : uid=10040 com.google.android.googlequicksearchbox:search identical 1 line
01-17 15:58:09.769  2616  2616 W SearchService: Abort, client detached.
01-17 15:58:09.784  1924  1924 I Zygote  : Process 2600 exited due to signal (9)
01-17 15:58:09.787  2844  2844 I ModuleManager: Key 'module:com.google.android.apps.inputmethod.libs.search.IUniversalMediaExtension' has value 'res/xml/extension_universal_media.xml'
01-17 15:58:09.800  2872  2872 I ndroid.sdksetu: The ClassLoaderContext is a special shared library.
01-17 15:58:09.801  2844  2844 I ModuleManager: Adding [GIMS_UserUnlocked] NotificationListener for module com.google.android.apps.inputmethod.libs.search.universalmedia.UniversalMediaExtension
01-17 15:58:09.801  2844  2844 I ModuleManager: Unexpected key 'com.google.android.partnersetup.RLZ_BOUNTY_ACCESS_POINT' does not match 'module:'
01-17 15:58:09.802  2844  2844 I ModuleManager: Key 'module:com.google.android.apps.inputmethod.libs.search.IDoodleExtension' has value 'res/xml/extension_doodle.xml'
01-17 15:58:09.802  1978  2096 I GnssLocationProvider: WakeLock acquired by sendMessage(REPORT_SV_STATUS, 0, com.android.server.location.GnssLocationProvider$SvStatusInfo@b219998)
01-17 15:58:09.803  2844  2844 I ModuleManager: Adding [GIMS_UserUnlocked] NotificationListener for module com.google.android.apps.inputmethod.libs.search.doodle.DoodleExtension
01-17 15:58:09.803  2844  2844 I ModuleManager: Key 'module:com.google.android.apps.inputmethod.libs.translate.ITranslateUIExtension' has value 'res/xml/extension_def_translate.xml'
01-17 15:58:09.804  2844  2844 I ModuleManager: Adding [GIMS_UserUnlocked] NotificationListener for module com.google.android.apps.inputmethod.libs.translate.TranslateUIExtension
01-17 15:58:09.804  2844  2844 I ModuleManager: Key 'module:com.google.android.apps.inputmethod.libs.hmm.superpacks.IHmmModule' has value 'res/xml/module_hmm.xml'
01-17 15:58:09.805  2844  2844 I ModuleManager: Adding [GIMS_UserUnlocked] NotificationListener for module com.google.android.apps.inputmethod.libs.hmm.superpacks.HmmModule
01-17 15:58:09.805  2844  2844 I ModuleManager: Key 'module:com.google.android.apps.inputmethod.libs.search.sense.IConversationToQueryExtension' has value 'res/xml/extension_conv2query.xml'
01-17 15:58:09.806  2844  2844 I ModuleManager: Adding [GIMS_UserUnlocked] NotificationListener for module com.google.android.apps.inputmethod.libs.search.sense.ConversationToQueryExtension
01-17 15:58:09.806  2844  2844 I ModuleManager: Key 'module:com.google.android.apps.inputmethod.libs.search.IDefaultStickerExtension' has value 'res/xml/extension_default_sticker.xml'
01-17 15:58:09.807  2844  2844 I ModuleManager: Adding [GIMS_UserUnlocked] NotificationListener for module com.google.android.apps.inputmethod.libs.search.sticker.DefaultStickerExtension
01-17 15:58:09.807  2844  2844 I ModuleManager: Key 'module:com.google.android.apps.inputmethod.libs.pill.IPillExtension' has value 'res/xml/extension_pill.xml'
01-17 15:58:09.807  2844  2844 I ModuleManager: Adding [GIMS_UserUnlocked] NotificationListener for module com.google.android.apps.inputmethod.libs.pill.PillExtension
01-17 15:58:09.807  2844  2844 I ModuleManager: Key 'module:com.google.android.apps.inputmethod.libs.search.IStickerExtension' has value 'res/xml/extension_sticker.xml'
01-17 15:58:09.808  2844  2844 I ModuleManager: Adding [GIMS_UserUnlocked] NotificationListener for module com.google.android.apps.inputmethod.libs.search.sticker.StickerExtension
01-17 15:58:09.809  2844  2844 I ModuleManager: Key 'module:com.google.android.apps.inputmethod.libs.search.IGifKeyboardExtension' has value 'res/xml/extension_gif_search.xml'
01-17 15:58:09.810  2844  2844 I ModuleManager: Adding [GIMS_UserUnlocked] NotificationListener for module com.google.android.apps.inputmethod.libs.search.gif.GifExtensionImpl
01-17 15:58:09.810  2844  2844 I ModuleManager: Key 'module:com.google.android.apps.inputmethod.libs.search.IEmoticonExtension' has value 'res/xml/extension_emoticon.xml'
01-17 15:58:09.811  2844  2844 I ModuleManager: Adding [GIMS_UserUnlocked] NotificationListener for module com.google.android.apps.inputmethod.libs.search.emoji.EmoticonExtension
01-17 15:58:09.811  2844  2844 I ModuleManager: Unexpected key 'com.google.android.backup.api_key' does not match 'module:'
01-17 15:58:09.811  2844  2844 I ModuleManager: Key 'module:com.google.android.apps.inputmethod.libs.handwriting.ime.IHandwritingImeExtension' has value 'res/xml/extension_handwriting_ime.xml'
01-17 15:58:09.812  2844  2844 I ModuleManager: Adding [GIMS_UserUnlocked] NotificationListener for module com.google.android.apps.inputmethod.libs.handwriting.ime.HandwritingImeExtension
01-17 15:58:09.812  2844  2844 I ModuleManager: Key 'module:com.google.android.apps.inputmethod.libs.search.IEmojiDataExtension' has value 'res/xml/extension_emoji_data.xml'
01-17 15:58:09.812  2844  2844 I ModuleManager: Adding [GIMS_UserUnlocked] NotificationListener for module com.google.android.apps.inputmethod.libs.search.emojidata.EmojiDataExtension
01-17 15:58:09.813  2844  2844 I ModuleManager: Key 'module:com.google.android.apps.inputmethod.libs.search.IEmojiOrGifExtension' has value 'res/xml/extension_emoji_or_gif.xml'
01-17 15:58:09.813  2844  2844 I ModuleManager: Adding [GIMS_UserUnlocked] NotificationListener for module com.google.android.apps.inputmethod.libs.search.ArtExtension
01-17 15:58:09.813  2844  2844 I ModuleManager: Key 'module:com.google.android.apps.inputmethod.libs.search.INativeCardExtension' has value 'res/xml/extension_native_card.xml'
01-17 15:58:09.814  2844  2844 I ModuleManager: Adding [GIMS_UserUnlocked] NotificationListener for module com.google.android.apps.inputmethod.libs.search.nativecard.NativeCardExtension
01-17 15:58:09.814  2844  2844 I ModuleManager: Key 'module:com.google.android.apps.inputmethod.libs.voiceime.IVoiceImeExtension' has value 'res/xml/extension_voice_ime.xml'
01-17 15:58:09.814  1978  1996 W libprocessgroup: kill(-2600, 9) failed: No such process
01-17 15:58:09.814  1978  1996 I libprocessgroup: Successfully killed process cgroup uid 10021 pid 2600 in 103ms
01-17 15:58:09.815  2844  2844 I ModuleManager: Adding [App_UserUnlocked] NotificationListener for module com.google.android.apps.inputmethod.libs.voiceime.VoiceImeExtension
01-17 15:58:09.815  2844  2844 I ModuleManager: Unexpected key 'com.google.android.gms.version' does not match 'module:'
01-17 15:58:09.815  2844  2844 I ModuleManager: Key 'module:com.google.android.apps.inputmethod.libs.search.IEmojiSearchExtension' has value 'res/xml/extension_emoji_search.xml'
01-17 15:58:09.816  2844  2844 I ModuleManager: Adding [GIMS_UserUnlocked] NotificationListener for module com.google.android.apps.inputmethod.libs.search.emoji.EmojiSearchExtension
01-17 15:58:09.816  2844  2844 I ModuleManager: Key 'module:com.google.android.apps.inputmethod.libs.textediting.ITextEditingExtension' has value 'res/xml/extension_text_editing.xml'
01-17 15:58:09.816  2844  2844 I ModuleManager: Adding [GIMS_UserUnlocked] NotificationListener for module com.google.android.apps.inputmethod.libs.textediting.TextEditingExtension
01-17 15:58:09.817  2844  2844 I ModuleManager: Key 'module:com.google.android.apps.inputmethod.libs.search.IGifEntryPointCandidateExtension' has value 'res/xml/extension_gif_entry_point_candidate.xml'
01-17 15:58:09.817  2844  2844 I ModuleManager: Adding [GIMS_UserUnlocked] NotificationListener for module com.google.android.apps.inputmethod.libs.search.gif.GifEntryPointCandidateExtension
01-17 15:58:09.817  2844  2844 I ModuleManager: Key 'module:com.google.android.apps.inputmethod.libs.search.IBitmojiExtension' has value 'res/xml/extension_bitmoji.xml'
01-17 15:58:09.818  2844  2844 I ModuleManager: Adding [GIMS_UserUnlocked] NotificationListener for module com.google.android.apps.inputmethod.libs.search.sticker.BitmojiExtension
01-17 15:58:09.818  2844  2844 I ModuleManager: Key 'module:com.google.android.apps.inputmethod.libs.search.IFeatureCardNoticeExtension' has value 'res/xml/extension_feature_notice.xml'
01-17 15:58:09.819  2844  2844 I ModuleManager: Adding [GIMS_UserUnlocked] NotificationListener for module com.google.android.apps.inputmethod.libs.search.nativecard.FeatureCardNoticeExtension
01-17 15:58:09.819  2844  2844 I LatinApp: onCreate()
01-17 15:58:09.863  1928  1930 W SurfaceFlinger: Attempting to destroy on removed layer: AppWindowToken{ecc1102 token=Token{d09324d ActivityRecord{1ea2de4 u0 com.android.settings/.FallbackHome t3}}}#0
01-17 15:58:09.867  2844  2844 I TransientFileCleaner: Deleting 0 files
01-17 15:58:09.869  1978  1992 I GnssLocationProvider: WakeLock released by handleMessage(REPORT_SV_STATUS, 0, com.android.server.location.GnssLocationProvider$SvStatusInfo@b219998)
01-17 15:58:09.893  1638  2373 D gralloc_ranchu: gralloc_alloc: Creating ashmem region of size 16592896
01-17 15:58:09.897  2844  2844 I FeaturePermissions: onSharedPreferenceChanged() : Key = pref_key_should_reset_suggestions_pref : Feature = null
01-17 15:58:09.902  2844  2844 I FeaturePermissions: onSharedPreferenceChanged() : Key = show_launcher_icon : Feature = null
01-17 15:58:09.902  2844  2844 I LauncherIconVisibility: doUpdate() : Visible = false
01-17 15:58:09.913  2844  2844 I CrashDetection: App upgrade detected, clearing counters
01-17 15:58:10.010  2511  2599 I ContactLocale: AddressBook Labels [[en_US]]: [, A, B, C, D, E, F, G, H, I, J, K, L, M, N, O, P, Q, R, S, T, U, V, W, X, Y, Z, , , , , , , , , , , , , , , , , , , , , , , , , , , , , , , , , , , , , , , , , , , , , , , , , , , , , , , , , , , , , , , , , , , , , , , , , , , , , , , , , , , , , , , , , , , , , , , , , , , , , , , , , , , , , , , , , , , , , , , , , , , , , , , , , , , , , , , , , , , , , , , , , , , , , , , , , , , , , , , , , , , , , , , , , , , , , , , , , , , , , , , , , , , #, ]
01-17 15:58:10.036  2511  2599 I ContactsDatabaseHelper: Bootstrapping database contacts2.db version: 1300
01-17 15:58:10.056  2511  2599 I ContactsProviderV1: Bootstrapping database legacy support
01-17 15:58:10.073  2657  2657 I Pixelmigrate: [NotificationConsolidatorService] onListenerConnected
01-17 15:58:10.073  2511  2599 D ContactsDatabaseHelper: WAL enabled for profile.db: false
01-17 15:58:10.073  2657  2657 I Pixelmigrate: [NotificationConsolidatorService] Setup wizard disabled, so disabling this component
01-17 15:58:10.077  1978  2427 D NotificationListeners: Disabling component com.google.android.apps.restore/com.google.android.apps.pixelmigrate.component.NotificationConsolidatorService
01-17 15:58:10.079  1978  2427 D PackageManager: Instant App installer not found with android.intent.action.INSTALL_INSTANT_APP_PACKAGE
01-17 15:58:10.079  1978  2427 D PackageManager: Clear ephemeral installer activity
01-17 15:58:10.080  2657  2657 I Pixelmigrate: [NotificationConsolidatorService] onListenerDisconnected
01-17 15:58:10.084  2657  2914 I FA      : App measurement is starting up, version: 12211
01-17 15:58:10.084  2657  2914 I FA      : To enable debug logging run: adb shell setprop log.tag.FA VERBOSE
01-17 15:58:10.084  2657  2914 I FA      : To enable faster debug mode event logging run:
01-17 15:58:10.084  2657  2914 I FA      :   adb shell setprop debug.firebase.analytics.app com.google.android.apps.restore
01-17 15:58:10.104  2844  2904 E LatinCountersUtils: Unhandled flavor name: preload
01-17 15:58:10.113  2844  2844 I UrgentSignal: getInstance(): Creating UrgentSignalsProcessor instance
01-17 15:58:10.125  2844  2904 E LatinCountersUtils: Unhandled flavor name: preload
01-17 15:58:10.127  2844  2904 I chatty  : uid=10078(com.google.android.inputmethod.latin) MetricsManager identical 2 lines
01-17 15:58:10.128  2844  2904 E LatinCountersUtils: Unhandled flavor name: preload
01-17 15:58:10.139  2844  2844 I PhenotypeExpConfig: refreshConfiguration() : Force = true : UpdateAvailable = true : Age = 27899458 minutes : MaxAge = 720 minutes
01-17 15:58:10.145  2844  2844 I FirebaseJobDispatcher: Schedule task: fetch_configuration. Success.
01-17 15:58:10.160  2844  2844 E putmethod.lati: The String#value field is not present on Android versions >= 6.0
01-17 15:58:10.164  2844  2844 I FirebaseJobDispatcher: Schedule task: register. Success.
01-17 15:58:10.169  2844  2904 E LatinCountersUtils: Unhandled flavor name: preload
01-17 15:58:10.291  2925  2925 W e.process.gapp: Unexpected CPU variant for X86 using defaults: x86
01-17 15:58:10.293  1978  1995 I ActivityManager: Start proc 2925:com.google.process.gapps/u0a51 for content provider com.google.android.syncadapters.contacts/.ProxyGalProvider
01-17 15:58:10.324  2925  2925 I e.process.gapp: The ClassLoaderContext is a special shared library.
01-17 15:58:10.325  2925  2925 I e.process.gapp: The ClassLoaderContext is a special shared library.
01-17 15:58:10.337  2107  2107 I ModuleSetMgr: Pending container module APKs: []
01-17 15:58:10.337  2107  2107 I ModuleSetMgr: Pending non-container module APKs: []
01-17 15:58:10.350  2107  2107 E ChimeraCfgMgr: Failed to read module config: java.io.FileNotFoundException: /data/user_de/0/com.google.android.gms/app_chimera/current_config.fb (No such file or directory)
01-17 15:58:10.350  2107  2107 W IntentOperation: Failed to get Chimera config:com.google.android.chimera.config.InvalidConfigException: java.io.FileNotFoundException: /data/user_de/0/com.google.android.gms/app_chimera/current_config.fb (No such file or directory)
01-17 15:58:10.446  1978  2029 D PackageManager: Instant App installer not found with android.intent.action.INSTALL_INSTANT_APP_PACKAGE
01-17 15:58:10.446  1978  2029 D PackageManager: Clear ephemeral installer activity
01-17 15:58:10.451  2632  2632 D OpenGLRenderer: Skia GL Pipeline
01-17 15:58:10.512  2616  2616 W SearchService: Abort, client detached.
01-17 15:58:10.557  1978  2029 W ActivityManager: Unable to start service Intent { act=com.google.android.apps.miphone.aiai.matchmaker.api.IScreenMatchmaker cmp=com.google.android.as/com.google.android.apps.miphone.aiai.matchmaker.MatchmakerService2 } U=0: not found
01-17 15:58:10.512  2616  2616 W SearchService: Abort, client detached.
01-17 15:58:10.559  2632  2632 D TouchInteractionService: Touch service connected
01-17 15:58:10.559  2632  2632 W ActivityThread: handleWindowVisibility: no activity for token android.os.BinderProxy@e2ce9c2
01-17 15:58:10.591  1638  2373 D gralloc_ranchu: gralloc_alloc: Creating ashmem region of size 40960
01-17 15:58:10.600  1638  2373 I chatty  : uid=1000(system) HwBinder:1638_2 identical 2 lines
01-17 15:58:10.604  1638  2373 D gralloc_ranchu: gralloc_alloc: Creating ashmem region of size 40960
01-17 15:58:10.608  1638  2373 D gralloc_ranchu: gralloc_alloc: Creating ashmem region of size 12288
01-17 15:58:10.609  1978  2029 W WallpaperManagerService: Cannot extract colors because wallpaper could not be read.
01-17 15:58:10.609  1978  2029 W WallpaperManagerService: Cannot get theme colors because WallpaperColors is null.
01-17 15:58:10.611  1638  1701 D gralloc_ranchu: gralloc_alloc: Creating ashmem region of size 12288
01-17 15:58:10.646  2139  2364 D EGL_emulation: eglMakeCurrent: 0xcb494600: ver 3 0 (tinfo 0xcb4a82d0)
01-17 15:58:10.655  1638  1701 D gralloc_ranchu: gralloc_alloc: Creating ashmem region of size 40960
01-17 15:58:10.660  1638  1701 I chatty  : uid=1000(system) HwBinder:1638_1 identical 2 lines
01-17 15:58:10.662  1638  1701 D gralloc_ranchu: gralloc_alloc: Creating ashmem region of size 40960
01-17 15:58:10.664  1638  1701 D gralloc_ranchu: gralloc_alloc: Creating ashmem region of size 12288
01-17 15:58:10.667  1638  1701 D gralloc_ranchu: gralloc_alloc: Creating ashmem region of size 12288
01-17 15:58:10.758  2616  2763 W DynamiteModule: Local module descriptor class for com.google.android.gms.googlecertificates not found.
01-17 15:58:10.787  2632  2960 D ProtoStore: no cached data
01-17 15:58:10.787  2632  2960 D ProtoStore: no cached data
01-17 15:58:10.802  2961  2961 W viders.calenda: Unexpected CPU variant for X86 using defaults: x86
01-17 15:58:10.804  1978  2096 I GnssLocationProvider: WakeLock acquired by sendMessage(REPORT_SV_STATUS, 0, com.android.server.location.GnssLocationProvider$SvStatusInfo@cdb79f6)
01-17 15:58:10.804  1978  1992 I GnssLocationProvider: WakeLock released by handleMessage(REPORT_SV_STATUS, 0, com.android.server.location.GnssLocationProvider$SvStatusInfo@cdb79f6)
01-17 15:58:10.805  1928  2056 E SurfaceFlinger: ro.sf.lcd_density must be defined as a build property
01-17 15:58:10.808  1978  1995 I ActivityManager: Start proc 2961:com.android.providers.calendar/u0a35 for content provider com.android.providers.calendar/.CalendarProvider2
01-17 15:58:10.812  1978  2779 D ActivityManager: Raise procstate to external provider: ProcessRecord{2e011f7 2961:com.android.providers.calendar/u0a35}
01-17 15:58:10.818  2961  2961 I viders.calenda: The ClassLoaderContext is a special shared library.
01-17 15:58:10.835  2961  2961 I CalendarDatabaseHelper: Bootstrapping database
01-17 15:58:10.842  2961  2961 I CalendarProvider2: Created com.android.providers.calendar.CalendarAlarmManager@77a0bba(com.android.providers.calendar.CalendarProvider2@a65da6b)
01-17 15:58:10.843  1978  2111 W Binder  : Outgoing transactions from this process must be FLAG_ONEWAY
01-17 15:58:10.843  1978  2111 W Binder  : java.lang.Throwable
01-17 15:58:10.843  1978  2111 W Binder  : 	at android.os.BinderProxy.transact(Binder.java:1114)
01-17 15:58:10.843  1978  2111 W Binder  : 	at android.content.ContentProviderProxy.getType(ContentProviderNative.java:451)
01-17 15:58:10.843  1978  2111 W Binder  : 	at com.android.server.am.ActivityManagerService.getProviderMimeType(ActivityManagerService.java:13000)
01-17 15:58:10.843  1978  2111 W Binder  : 	at android.app.IActivityManager$Stub.onTransact(IActivityManager.java:1416)
01-17 15:58:10.843  1978  2111 W Binder  : 	at com.android.server.am.ActivityManagerService.onTransact(ActivityManagerService.java:3291)
01-17 15:58:10.843  1978  2111 W Binder  : 	at android.os.Binder.execTransact(Binder.java:731)
01-17 15:58:10.843  1978  1990 D ActivityManager: Raise procstate to external provider: ProcessRecord{2e011f7 2961:com.android.providers.calendar/u0a35}
01-17 15:58:10.845  2616  2616 I BgTaskExecutorImpl: Starting NONEXCLUSIVE background task smartspace_update.
01-17 15:58:10.846  2616  2616 E OverlaySController: Calling with an invalid UID, the interface will not work
01-17 15:58:10.848  2925  2939 I ProxyGalProvider: QueryGalProvider in Legacy provider.
01-17 15:58:10.853  2616  2768 W VelvetNetworkClient: Cannot connect to server without account
01-17 15:58:10.865  1978  1995 I ActivityManager: Start proc 2981:com.google.android.gm/u0a46 for content provider com.google.android.gm/com.android.exchange.provider.ExchangeDirectoryProvider
01-17 15:58:10.868  2981  2981 W ogle.android.g: Unexpected CPU variant for X86 using defaults: x86
01-17 15:58:10.888  2632  2945 D LoaderTask: loadWorkspace: loading default favorites
01-17 15:58:10.899  2632  2632 W ActionsController: content provider not found
01-17 15:58:10.899  2632  2632 W ActionsController: java.lang.SecurityException: Failed to find provider com.google.android.as.allapps.actionsuggestprovider for user 0; expected to find a valid ContentProvider for this authority
01-17 15:58:10.899  2632  2632 W ActionsController: 	at android.os.Parcel.createException(Parcel.java:1950)
01-17 15:58:10.899  2632  2632 W ActionsController: 	at android.os.Parcel.readException(Parcel.java:1918)
01-17 15:58:10.899  2632  2632 W ActionsController: 	at android.os.Parcel.readException(Parcel.java:1868)
01-17 15:58:10.899  2632  2632 W ActionsController: 	at android.content.IContentService$Stub$Proxy.registerContentObserver(IContentService.java:779)
01-17 15:58:10.899  2632  2632 W ActionsController: 	at android.content.ContentResolver.registerContentObserver(ContentResolver.java:1972)
01-17 15:58:10.899  2632  2632 W ActionsController: 	at android.content.ContentResolver.registerContentObserver(ContentResolver.java:1961)
01-17 15:58:10.899  2632  2632 W ActionsController: 	at com.google.android.apps.nexuslauncher.allapps.d.cY(SourceFile:193)
01-17 15:58:10.899  2632  2632 W ActionsController: 	at com.google.android.apps.nexuslauncher.allapps.d.<init>(SourceFile:156)
01-17 15:58:10.899  2632  2632 W ActionsController: 	at com.google.android.apps.nexuslauncher.allapps.d.c(SourceFile:116)
01-17 15:58:10.899  2632  2632 W ActionsController: 	at com.google.android.apps.nexuslauncher.allapps.ActionsRowView.onAttachedToWindow(SourceFile:162)
01-17 15:58:10.899  2632  2632 W ActionsController: 	at android.view.View.dispatchAttachedToWindow(View.java:18347)
01-17 15:58:10.899  2632  2632 W ActionsController: 	at android.view.ViewGroup.dispatchAttachedToWindow(ViewGroup.java:3397)
01-17 15:58:10.899  2632  2632 W ActionsController: 	at android.view.ViewGroup.dispatchAttachedToWindow(ViewGroup.java:3404)
01-17 15:58:10.899  2632  2632 W ActionsController: 	at android.view.ViewGroup.dispatchAttachedToWindow(ViewGroup.java:3404)
01-17 15:58:10.899  2632  2632 W ActionsController: 	at android.view.ViewGroup.dispatchAttachedToWindow(ViewGroup.java:3404)
01-17 15:58:10.899  2632  2632 W ActionsController: 	at android.view.ViewGroup.dispatchAttachedToWindow(ViewGroup.java:3404)
01-17 15:58:10.899  2632  2632 W ActionsController: 	at android.view.ViewGroup.dispatchAttachedToWindow(ViewGroup.java:3404)
01-17 15:58:10.899  2632  2632 W ActionsController: 	at android.view.ViewGroup.dispatchAttachedToWindow(ViewGroup.java:3404)
01-17 15:58:10.899  2632  2632 W ActionsController: 	at android.view.ViewGroup.dispatchAttachedToWindow(ViewGroup.java:3404)
01-17 15:58:10.899  2632  2632 W ActionsController: 	at android.view.ViewRootImpl.performTraversals(ViewRootImpl.java:1761)
01-17 15:58:10.899  2632  2632 W ActionsController: 	at android.view.ViewRootImpl.doTraversal(ViewRootImpl.java:1460)
01-17 15:58:10.899  2632  2632 W ActionsController: 	at android.view.ViewRootImpl$TraversalRunnable.run(ViewRootImpl.java:7183)
01-17 15:58:10.899  2632  2632 W ActionsController: 	at android.view.Choreographer$CallbackRecord.run(Choreographer.java:949)
01-17 15:58:10.899  2632  2632 W ActionsController: 	at android.view.Choreographer.doCallbacks(Choreographer.java:761)
01-17 15:58:10.899  2632  2632 W ActionsController: 	at android.view.Choreographer.doFrame(Choreographer.java:696)
01-17 15:58:10.899  2632  2632 W ActionsController: 	at android.view.Choreographer$FrameDisplayEventReceiver.run(Choreographer.java:935)
01-17 15:58:10.899  2632  2632 W ActionsController: 	at android.os.Handler.handleCallback(Handler.java:873)
01-17 15:58:10.899  2632  2632 W ActionsController: 	at android.os.Handler.dispatchMessage(Handler.java:99)
01-17 15:58:10.899  2632  2632 W ActionsController: 	at android.os.Looper.loop(Looper.java:193)
01-17 15:58:10.899  2632  2632 W ActionsController: 	at android.app.ActivityThread.main(ActivityThread.java:6669)
01-17 15:58:10.899  2632  2632 W ActionsController: 	at java.lang.reflect.Method.invoke(Native Method)
01-17 15:58:10.899  2632  2632 W ActionsController: 	at com.android.internal.os.RuntimeInit$MethodAndArgsCaller.run(RuntimeInit.java:493)
01-17 15:58:10.899  2632  2632 W ActionsController: 	at com.android.internal.os.ZygoteInit.main(ZygoteInit.java:858)
01-17 15:58:10.899  2632  2632 W ActionsController: Caused by: android.os.RemoteException: Remote stack trace:
01-17 15:58:10.899  2632  2632 W ActionsController: 	at com.android.server.content.ContentService.registerContentObserver(ContentService.java:340)
01-17 15:58:10.899  2632  2632 W ActionsController: 	at android.content.IContentService$Stub.onTransact(IContentService.java:76)
01-17 15:58:10.899  2632  2632 W ActionsController: 	at com.android.server.content.ContentService.onTransact(ContentService.java:262)
01-17 15:58:10.899  2632  2632 W ActionsController: 	at android.os.Binder.execTransact(Binder.java:731)
01-17 15:58:10.899  2632  2632 W ActionsController: 
01-17 15:58:10.901  2981  2981 I ogle.android.g: The ClassLoaderContext is a special shared library.
01-17 15:58:10.902  2981  2981 I ogle.android.g: The ClassLoaderContext is a special shared library.
01-17 15:58:10.910  2632  2969 D HostConnection: HostConnection::get() New Host Connection established 0xcbf08130, tid 2969
01-17 15:58:10.912  2632  2969 D HostConnection: HostComposition ext ANDROID_EMU_CHECKSUM_HELPER_v1 ANDROID_EMU_native_sync_v2 ANDROID_EMU_native_sync_v3 ANDROID_EMU_native_sync_v4 ANDROID_EMU_dma_v1 ANDROID_EMU_YUV420_888_to_NV21 ANDROID_EMU_YUV_Cache ANDROID_EMU_sync_buffer_data GL_OES_EGL_image_external_essl3 GL_OES_vertex_array_object GL_KHR_texture_compression_astc_ldr ANDROID_EMU_host_side_tracing ANDROID_EMU_gles_max_version_3_0 
01-17 15:58:10.913  1638  1701 D gralloc_ranchu: gralloc_alloc: Creating ashmem region of size 16592896
01-17 15:58:10.914  2632  2945 D LauncherProvider: loading default workspace
01-17 15:58:10.914  1638  1701 D gralloc_ranchu: gralloc_alloc: Creating ashmem region of size 16592896
01-17 15:58:10.915  1638  2373 D gralloc_ranchu: gralloc_alloc: Creating ashmem region of size 16592896
01-17 15:58:10.916  2632  2969 I ConfigStore: android::hardware::configstore::V1_0::ISurfaceFlingerConfigs::hasWideColorDisplay retrieved: 0
01-17 15:58:10.916  2632  2969 I ConfigStore: android::hardware::configstore::V1_0::ISurfaceFlingerConfigs::hasHDRDisplay retrieved: 0
01-17 15:58:10.917  2632  2969 I OpenGLRenderer: Initialized EGL, version 1.4
01-17 15:58:10.917  2632  2969 D OpenGLRenderer: Swap behavior 1
01-17 15:58:10.917  2632  2969 W OpenGLRenderer: Failed to choose config with EGL_SWAP_BEHAVIOR_PRESERVED, retrying without...
01-17 15:58:10.917  2632  2969 D OpenGLRenderer: Swap behavior 0
01-17 15:58:10.918  2632  2969 D eglCodecCommon: setVertexArrayObject: set vao to 0 (0) 0 0
01-17 15:58:10.918  2632  2969 D EGL_emulation: eglCreateContext: 0xcc4dc040: maj 3 min 0 rcv 3
01-17 15:58:10.919  2632  2969 D EGL_emulation: eglMakeCurrent: 0xcc4dc040: ver 3 0 (tinfo 0xcc4b7a00)
01-17 15:58:10.928  1928  2056 E SurfaceFlinger: ro.sf.lcd_density must be defined as a build property
01-17 15:58:10.935  2616  2616 W SearchService: Abort, client detached.
01-17 15:58:10.935  2616  2616 I chatty  : uid=10040 com.google.android.googlequicksearchbox:search identical 1 line
01-17 15:58:10.935  2616  2616 W SearchService: Abort, client detached.
01-17 15:58:10.948  2632  2969 D HostConnection: createUnique: call
01-17 15:58:10.948  2632  2969 D HostConnection: HostConnection::get() New Host Connection established 0xcbf08e50, tid 2969
01-17 15:58:10.952  2632  2969 D HostConnection: HostComposition ext ANDROID_EMU_CHECKSUM_HELPER_v1 ANDROID_EMU_native_sync_v2 ANDROID_EMU_native_sync_v3 ANDROID_EMU_native_sync_v4 ANDROID_EMU_dma_v1 ANDROID_EMU_YUV420_888_to_NV21 ANDROID_EMU_YUV_Cache ANDROID_EMU_sync_buffer_data GL_OES_EGL_image_external_essl3 GL_OES_vertex_array_object GL_KHR_texture_compression_astc_ldr ANDROID_EMU_host_side_tracing ANDROID_EMU_gles_max_version_3_0 
01-17 15:58:10.952  2632  2969 E eglCodecCommon: GoldfishAddressSpaceHostMemoryAllocator: ioctl_ping failed for device_type=5, ret=-1
01-17 15:58:10.960  2107  2107 I ChimeraCfgMgr: Updating module config: <no config> -> container:2024149040700
01-17 15:58:10.960  1638  2373 D gralloc_ranchu: gralloc_alloc: Creating ashmem region of size 126976
01-17 15:58:10.965  2107  2107 E ConfigFileUtils: Failed to read config file: /data/user_de/0/com.google.android.gms/app_chimera/current_modules_init.pb (No such file or directory)
01-17 15:58:10.966  2632  2969 D EGL_emulation: eglMakeCurrent: 0xcc4dc040: ver 3 0 (tinfo 0xcc4b7a00)
01-17 15:58:10.972  2632  2945 E AutoInstalls: Favorite not found: com.android.vending/com.android.vending.AssetBrowserActivity
01-17 15:58:10.976  2632  2945 E AutoInstalls: Favorite not found: com.google.android.GoogleCamera/com.android.camera.CameraLauncher
01-17 15:58:10.988  1978  2002 I ActivityManager: Displayed com.google.android.apps.nexuslauncher/.NexusLauncherActivity: +1s259ms (total +2s423ms)
01-17 15:58:11.006  2107  2107 I ChimeraCfgMgr: Sending com.google.android.chimera.IntentOperation.NEW_MODULE Intents: 1,true,true
01-17 15:58:11.012  2632  2969 D eglCodecCommon: setVertexArrayObject: set vao to 0 (0) 1 2
01-17 15:58:11.030  2632  3005 D Reflection.StBatchTrain: Start loading events from logs...
01-17 15:58:11.038  2616  2616 D OpenGLRenderer: Skia GL Pipeline
01-17 15:58:11.044  1928  1968 E SurfaceFlinger: ro.sf.lcd_density must be defined as a build property
01-17 15:58:11.058  2632  3005 D Reflection.StBatchTrain: Num events loaded: 1, time taken so far: 28ms
01-17 15:58:11.061  2632  3005 D Reflection.StBatchTrain: Progress: InProgress:1
01-17 15:58:11.072  2632  3005 D Reflection.StBatchTrain: Num events loaded: 4, time taken so far: 42ms
01-17 15:58:11.077  1928  1928 D SurfaceFlinger: duplicate layer name: changing com.google.android.apps.nexuslauncher/com.google.android.apps.nexuslauncher.NexusLauncherActivity to com.google.android.apps.nexuslauncher/com.google.android.apps.nexuslauncher.NexusLauncherActivity#1
01-17 15:58:11.078  2632  3005 D Reflection.StBatchTrain: Progress: InProgress:5
01-17 15:58:11.081  2616  3007 D HostConnection: HostConnection::get() New Host Connection established 0xdfb25db0, tid 3007
01-17 15:58:11.082  2632  3005 D Reflection.StBatchTrain: Retrain finished, total time including loading: 52ms
01-17 15:58:11.085  2616  3007 D HostConnection: HostComposition ext ANDROID_EMU_CHECKSUM_HELPER_v1 ANDROID_EMU_native_sync_v2 ANDROID_EMU_native_sync_v3 ANDROID_EMU_native_sync_v4 ANDROID_EMU_dma_v1 ANDROID_EMU_YUV420_888_to_NV21 ANDROID_EMU_YUV_Cache ANDROID_EMU_sync_buffer_data GL_OES_EGL_image_external_essl3 GL_OES_vertex_array_object GL_KHR_texture_compression_astc_ldr ANDROID_EMU_host_side_tracing ANDROID_EMU_gles_max_version_3_0 
01-17 15:58:11.084  1638  2373 D gralloc_ranchu: gralloc_alloc: Creating ashmem region of size 16592896
01-17 15:58:11.086  1638  1701 D gralloc_ranchu: gralloc_alloc: Creating ashmem region of size 16592896
01-17 15:58:11.087  2616  3007 I ConfigStore: android::hardware::configstore::V1_0::ISurfaceFlingerConfigs::hasWideColorDisplay retrieved: 0
01-17 15:58:11.087  1638  1638 D gralloc_ranchu: gralloc_alloc: Creating ashmem region of size 16592896
01-17 15:58:11.087  2616  3007 I ConfigStore: android::hardware::configstore::V1_0::ISurfaceFlingerConfigs::hasHDRDisplay retrieved: 0
01-17 15:58:11.087  2616  3007 I OpenGLRenderer: Initialized EGL, version 1.4
01-17 15:58:11.087  2616  3007 D OpenGLRenderer: Swap behavior 1
01-17 15:58:11.087  2616  3007 W OpenGLRenderer: Failed to choose config with EGL_SWAP_BEHAVIOR_PRESERVED, retrying without...
01-17 15:58:11.087  2616  3007 D OpenGLRenderer: Swap behavior 0
01-17 15:58:11.089  2616  3007 D eglCodecCommon: setVertexArrayObject: set vao to 0 (0) 0 0
01-17 15:58:11.089  2616  3007 D EGL_emulation: eglCreateContext: 0xdfb07340: maj 3 min 0 rcv 3
01-17 15:58:11.089  2616  3007 D EGL_emulation: eglMakeCurrent: 0xdfb07340: ver 3 0 (tinfo 0xc6c18ca0)
01-17 15:58:11.092  1928  1931 E SurfaceFlinger: ro.sf.lcd_density must be defined as a build property
01-17 15:58:11.107  2616  3007 D HostConnection: createUnique: call
01-17 15:58:11.107  2616  3007 D HostConnection: HostConnection::get() New Host Connection established 0xdfb260d0, tid 3007
01-17 15:58:11.109  2616  3007 D HostConnection: HostComposition ext ANDROID_EMU_CHECKSUM_HELPER_v1 ANDROID_EMU_native_sync_v2 ANDROID_EMU_native_sync_v3 ANDROID_EMU_native_sync_v4 ANDROID_EMU_dma_v1 ANDROID_EMU_YUV420_888_to_NV21 ANDROID_EMU_YUV_Cache ANDROID_EMU_sync_buffer_data GL_OES_EGL_image_external_essl3 GL_OES_vertex_array_object GL_KHR_texture_compression_astc_ldr ANDROID_EMU_host_side_tracing ANDROID_EMU_gles_max_version_3_0 
01-17 15:58:11.109  2616  3007 E eglCodecCommon: GoldfishAddressSpaceHostMemoryAllocator: ioctl_ping failed for device_type=5, ret=-1
01-17 15:58:11.112  2616  3007 D EGL_emulation: eglMakeCurrent: 0xdfb07340: ver 3 0 (tinfo 0xc6c18ca0)
01-17 15:58:11.145  2616  2616 W SessionLifecycleManager: Handover failed. Creating new session controller.
01-17 15:58:11.149  2107  2107 I ChmraDebugLogger: [46] 
01-17 15:58:11.197  1928  2429 W SurfaceFlinger: Attempting to set client state on removed layer: Splash Screen com.google.android.apps.nexuslauncher#0
01-17 15:58:11.197  1928  2429 W SurfaceFlinger: Attempting to destroy on removed layer: Splash Screen com.google.android.apps.nexuslauncher#0
01-17 15:58:11.229  2616  2849 E EntrySyncManager: Cannot determine account name: drop request
01-17 15:58:11.235  2616  2849 E NowController: Failed to access data from EntryProvider. ExecutionException.
01-17 15:58:11.235  2616  2849 E NowController: java.util.concurrent.ExecutionException: com.google.android.apps.gsa.sidekick.main.h.n: Could not complete scheduled request to refresh entries. ClientErrorCode: 3
01-17 15:58:11.235  2616  2849 E NowController: 	at com.google.common.util.concurrent.d.eA(SourceFile:85)
01-17 15:58:11.235  2616  2849 E NowController: 	at com.google.common.util.concurrent.d.get(SourceFile:23)
01-17 15:58:11.235  2616  2849 E NowController: 	at com.google.common.util.concurrent.l.get(SourceFile:2)
01-17 15:58:11.235  2616  2849 E NowController: 	at com.google.android.apps.gsa.staticplugins.nowstream.b.a.be.cbB(SourceFile:49)
01-17 15:58:11.235  2616  2849 E NowController: 	at com.google.android.apps.gsa.staticplugins.nowstream.b.a.be.cbA(SourceFile:181)
01-17 15:58:11.235  2616  2849 E NowController: 	at com.google.android.apps.gsa.staticplugins.nowstream.b.a.bh.run(Unknown Source:2)
01-17 15:58:11.235  2616  2849 E NowController: 	at com.google.android.apps.gsa.shared.util.concurrent.at.run(SourceFile:4)
01-17 15:58:11.235  2616  2849 E NowController: 	at java.util.concurrent.Executors$RunnableAdapter.call(Executors.java:458)
01-17 15:58:11.235  2616  2849 E NowController: 	at java.util.concurrent.FutureTask.run(FutureTask.java:266)
01-17 15:58:11.235  2616  2849 E NowController: 	at java.util.concurrent.Executors$RunnableAdapter.call(Executors.java:458)
01-17 15:58:11.235  2616  2849 E NowController: 	at java.util.concurrent.FutureTask.run(FutureTask.java:266)
01-17 15:58:11.235  2616  2849 E NowController: 	at com.google.android.apps.gsa.shared.util.concurrent.b.g.run(Unknown Source:4)
01-17 15:58:11.235  2616  2849 E NowController: 	at com.google.android.apps.gsa.shared.util.concurrent.b.aw.run(SourceFile:4)
01-17 15:58:11.235  2616  2849 E NowController: 	at com.google.android.apps.gsa.shared.util.concurrent.b.aw.run(SourceFile:4)
01-17 15:58:11.235  2616  2849 E NowController: 	at java.util.concurrent.ThreadPoolExecutor.runWorker(ThreadPoolExecutor.java:1167)
01-17 15:58:11.235  2616  2849 E NowController: 	at java.util.concurrent.ThreadPoolExecutor$Worker.run(ThreadPoolExecutor.java:641)
01-17 15:58:11.235  2616  2849 E NowController: 	at java.lang.Thread.run(Thread.java:764)
01-17 15:58:11.235  2616  2849 E NowController: 	at com.google.android.apps.gsa.shared.util.concurrent.b.i.run(SourceFile:6)
01-17 15:58:11.235  2616  2849 E NowController: Caused by: com.google.android.apps.gsa.sidekick.main.h.n: Could not complete scheduled request to refresh entries. ClientErrorCode: 3
01-17 15:58:11.235  2616  2849 E NowController: 	at com.google.android.apps.gsa.staticplugins.nowstream.b.a.ar.az(Unknown Source:4)
01-17 15:58:11.235  2616  2849 E NowController: 	at com.google.common.util.concurrent.q.ap(SourceFile:7)
01-17 15:58:11.235  2616  2849 E NowController: 	at com.google.common.util.concurrent.p.run(SourceFile:32)
01-17 15:58:11.235  2616  2849 E NowController: 	at com.google.common.util.concurrent.bt.execute(SourceFile:3)
01-17 15:58:11.235  2616  2849 E NowController: 	at com.google.common.util.concurrent.d.b(SourceFile:275)
01-17 15:58:11.235  2616  2849 E NowController: 	at com.google.common.util.concurrent.d.addListener(SourceFile:135)
01-17 15:58:11.235  2616  2849 E NowController: 	at com.google.common.util.concurrent.p.b(SourceFile:3)
01-17 15:58:11.235  2616  2849 E NowController: 	at com.google.android.apps.gsa.shared.util.concurrent.h.a(SourceFile:16)
01-17 15:58:11.235  2616  2849 E NowController: 	at com.google.android.apps.gsa.shared.util.concurrent.h.a(SourceFile:13)
01-17 15:58:11.235  2616  2849 E NowController: 	at com.google.android.apps.gsa.staticplugins.nowstream.b.a.be.cbB(SourceFile:47)
01-17 15:58:11.235  2616  2849 E NowController: 	... 14 more
01-17 15:58:11.240  2107  2107 I GmsApplication: Updating config completed
01-17 15:58:11.254  2813  2813 I GmsApplication: Staging modules and/or updating config already complete
01-17 15:58:11.291  2616  2768 W LocationOracle: No location history returned by ContextManager
01-17 15:58:11.364  2657  2908 W id.apps.restor: Unsupported class loader
01-17 15:58:11.365  2616  2763 W earchbox:searc: Unsupported class loader
01-17 15:58:11.374  2657  2908 I DynamiteModule: Considering local module com.google.android.gms.flags:2 and remote module com.google.android.gms.flags:3
01-17 15:58:11.374  2657  2908 I DynamiteModule: Selected remote version of com.google.android.gms.flags, version >= 3
01-17 15:58:11.415  2657  2908 W id.apps.restor: Unsupported class loader
01-17 15:58:11.441  2616  3011 W earchbox:searc: Long monitor contention with owner NonUserFacing3 (2863) at java.lang.Object com.google.common.base.az.K(java.lang.Object)(SourceFile:110) waiters=0 in java.lang.Object com.google.android.apps.gsa.staticplugins.ci.c.p.call() for 216ms
01-17 15:58:11.487  2616  2763 I DynamiteModule: Considering local module com.google.android.gms.googlecertificates:0 and remote module com.google.android.gms.googlecertificates:4
01-17 15:58:11.487  2616  2763 I DynamiteModule: Selected remote version of com.google.android.gms.googlecertificates, version >= 4
01-17 15:58:11.537  2616  2616 I StreamController: registerScope: nowcards-6552195485975967416
01-17 15:58:11.549  2657  2908 W id.apps.restor: Skipping duplicate class check due to unsupported classloader
01-17 15:58:11.556  2657  2908 W ContextImpl: Failed to ensure /data/user/0/com.google.android.gms/shared_prefs: mkdir failed: EACCES (Permission denied)
01-17 15:58:11.557  2657  2908 W DynamiteModule: Local module descriptor class for com.google.android.gms.crash not found.
01-17 15:58:11.563  2657  2908 I DynamiteModule: Considering local module com.google.android.gms.crash:0 and remote module com.google.android.gms.crash:215
01-17 15:58:11.563  2657  2908 I DynamiteModule: Selected remote version of com.google.android.gms.crash, version >= 215
01-17 15:58:11.569  2616  2763 W earchbox:searc: Unsupported class loader
01-17 15:58:11.573  2657  2908 I FirebaseCrashApiImpl: FirebaseCrashApiImpl created by ClassLoader ay[DexPathList[[zip file "/system/priv-app/PrebuiltGmsCore/app_chimera/m/DynamiteModulesC.apk"],nativeLibraryDirectories=[/data/user_de/0/com.google.android.gms/app_chimera/m/00000004/n/x86, /data/user_de/0/com.google.android.gms/app_chimera/m/00000004/n/armeabi-v7a, /data/user_de/0/com.google.android.gms/app_chimera/m/00000004/n/armeabi, /system/lib]]]
