01-17 15:58:11.574  2657  2908 I FirebaseCrash: FirebaseCrash reporting loaded - chd@49e35e
01-17 15:58:11.580  2657  2909 I DynamiteModule: Considering local module com.google.android.gms.flags:2 and remote module com.google.android.gms.flags:3
01-17 15:58:11.580  2657  2909 I DynamiteModule: Selected remote version of com.google.android.gms.flags, version >= 3
01-17 15:58:11.586  2657  2909 W DynamiteModule: Local module descriptor class for com.google.android.gms.crash not found.
01-17 15:58:11.587  2616  3025 E EntrySyncManager: Cannot determine account name: drop request
01-17 15:58:11.588  2616  3025 E NowController: Failed to access data from EntryProvider. ExecutionException.
01-17 15:58:11.588  2616  3025 E NowController: java.util.concurrent.ExecutionException: com.google.android.apps.gsa.sidekick.main.h.n: Could not complete scheduled request to refresh entries. ClientErrorCode: 3
01-17 15:58:11.588  2616  3025 E NowController: 	at com.google.common.util.concurrent.d.eA(SourceFile:85)
01-17 15:58:11.588  2616  3025 E NowController: 	at com.google.common.util.concurrent.d.get(SourceFile:23)
01-17 15:58:11.588  2616  3025 E NowController: 	at com.google.common.util.concurrent.l.get(SourceFile:2)
01-17 15:58:11.588  2616  3025 E NowController: 	at com.google.android.apps.gsa.staticplugins.nowstream.b.a.bj.cbB(SourceFile:17)
01-17 15:58:11.588  2616  3025 E NowController: 	at com.google.android.apps.gsa.staticplugins.nowstream.b.a.bj.cbA(SourceFile:119)
01-17 15:58:11.588  2616  3025 E NowController: 	at com.google.android.apps.gsa.staticplugins.nowstream.b.a.bh.run(Unknown Source:2)
01-17 15:58:11.588  2616  3025 E NowController: 	at com.google.android.apps.gsa.shared.util.concurrent.at.run(SourceFile:4)
01-17 15:58:11.588  2616  3025 E NowController: 	at java.util.concurrent.Executors$RunnableAdapter.call(Executors.java:458)
01-17 15:58:11.588  2616  3025 E NowController: 	at java.util.concurrent.FutureTask.run(FutureTask.java:266)
01-17 15:58:11.588  2616  3025 E NowController: 	at java.util.concurrent.Executors$RunnableAdapter.call(Executors.java:458)
01-17 15:58:11.588  2616  3025 E NowController: 	at java.util.concurrent.FutureTask.run(FutureTask.java:266)
01-17 15:58:11.588  2616  3025 E NowController: 	at com.google.android.apps.gsa.shared.util.concurrent.b.g.run(Unknown Source:4)
01-17 15:58:11.588  2616  3025 E NowController: 	at com.google.android.apps.gsa.shared.util.concurrent.b.aw.run(SourceFile:4)
01-17 15:58:11.588  2616  3025 E NowController: 	at com.google.android.apps.gsa.shared.util.concurrent.b.aw.run(SourceFile:4)
01-17 15:58:11.588  2616  3025 E NowController: 	at java.util.concurrent.ThreadPoolExecutor.runWorker(ThreadPoolExecutor.java:1167)
01-17 15:58:11.588  2616  3025 E NowController: 	at java.util.concurrent.ThreadPoolExecutor$Worker.run(ThreadPoolExecutor.java:641)
01-17 15:58:11.588  2616  3025 E NowController: 	at java.lang.Thread.run(Thread.java:764)
01-17 15:58:11.588  2616  3025 E NowController: 	at com.google.android.apps.gsa.shared.util.concurrent.b.i.run(SourceFile:6)
01-17 15:58:11.588  2616  3025 E NowController: Caused by: com.google.android.apps.gsa.sidekick.main.h.n: Could not complete scheduled request to refresh entries. ClientErrorCode: 3
01-17 15:58:11.588  2616  3025 E NowController: 	at com.google.android.apps.gsa.staticplugins.nowstream.b.a.ar.az(Unknown Source:4)
01-17 15:58:11.588  2616  3025 E NowController: 	at com.google.common.util.concurrent.q.ap(SourceFile:7)
01-17 15:58:11.588  2616  3025 E NowController: 	at com.google.common.util.concurrent.p.run(SourceFile:32)
01-17 15:58:11.588  2616  3025 E NowController: 	at com.google.common.util.concurrent.bt.execute(SourceFile:3)
01-17 15:58:11.588  2616  3025 E NowController: 	at com.google.common.util.concurrent.d.b(SourceFile:275)
01-17 15:58:11.588  2616  3025 E NowController: 	at com.google.common.util.concurrent.d.addListener(SourceFile:135)
01-17 15:58:11.588  2616  3025 E NowController: 	at com.google.common.util.concurrent.p.b(SourceFile:3)
01-17 15:58:11.588  2616  3025 E NowController: 	at com.google.android.apps.gsa.shared.util.concurrent.h.a(SourceFile:16)
01-17 15:58:11.588  2616  3025 E NowController: 	at com.google.android.apps.gsa.shared.util.concurrent.h.a(SourceFile:13)
01-17 15:58:11.588  2616  3025 E NowController: 	at com.google.android.apps.gsa.staticplugins.nowstream.b.a.bj.cbB(SourceFile:15)
01-17 15:58:11.588  2616  3025 E NowController: 	... 14 more
01-17 15:58:11.588  2616  3025 E NowController: Could not complete scheduled request to refresh entries
01-17 15:58:11.592  2616  2616 I StreamRenderer: maybeRegisterNowCardsScope(nowcards-6552195485975967416, com.google.android.sidekick.shared.remoteapi.CardRenderingContext@44c4974)
01-17 15:58:11.613  2616  2616 I MicroDetectionWorker: #startMicroDetector [speakerMode: 0]
01-17 15:58:11.621  2616  2616 I AudioController: Using mInputStreamFactoryBuilder
01-17 15:58:11.622  2616  2616 I AudioController: Created new AudioSource
01-17 15:58:11.625  2657  2909 I FirebaseCrashApiImpl: FirebaseCrash reporting API initialized
01-17 15:58:11.625  2657  2909 I FirebaseCrash: FirebaseCrash reporting initialized chd@49e35e
01-17 15:58:11.634  2616  2616 I StreamController: cleanUpControllerScope(nowcards-6552195485975967416)
01-17 15:58:11.635  2616  2616 I StreamController: registerScope: nowcards-1730502628646684240
01-17 15:58:11.651  2844  2844 W native  : commandlineflags.cc:1503 Ignoring RegisterValidateFunction() for flag pointer 0xcba3d5a4: no flag found at that address
01-17 15:58:11.654  2616  2616 I MicroDetectionWorker: onReady
01-17 15:58:11.667  2616  2616 I StreamRenderer: cleanUpRendererScope(nowcards-6552195485975967416)
01-17 15:58:11.668  2616  2616 I StreamRenderer: maybeRegisterNowCardsScope(nowcards-1730502628646684240, com.google.android.sidekick.shared.remoteapi.CardRenderingContext@2a7c97a)
01-17 15:58:11.697  2107  2107 W DynamiteModule: Local module descriptor class for providerinstaller not found.
01-17 15:58:11.698  2107  2107 W ProviderHelper: Unknown dynamite feature providerinstaller
01-17 15:58:11.698  2107  2107 I DynamiteModule: Considering local module providerinstaller:0 and remote module providerinstaller:0
01-17 15:58:11.701  2616  3027 W native  : commandlineflags.cc:1511 Ignoring RegisterValidateFunction() for flag pointer 0xbfd748a4: no flag found at that address
01-17 15:58:11.728  2616  3007 D eglCodecCommon: setVertexArrayObject: set vao to 0 (0) 1 2
01-17 15:58:11.733  2616  2763 W earchbox:searc: Skipping duplicate class check due to unsupported classloader
01-17 15:58:11.750  1978  2052 I InputReader: Reconfiguring input devices.  changes=0x00000010
01-17 15:58:11.760  2191  2191 D CarrierSvcBindHelper: No carrier app for: 0
01-17 15:58:11.760  2616  3025 I GsaNativeCrashHandler: Loaded shared library: nativecrashreporter
01-17 15:58:11.760  2191  2191 D ImsResolver: maybeAddedImsService, packageName: com.google.android.googlequicksearchbox
01-17 15:58:11.762  2616  3027 I MicroDataManager: Created a new hotword model for:
01-17 15:58:11.762  2616  3027 I MicroDataManager:  LOC: en-US/hotword.data SR: 16000 CC: 1
01-17 15:58:11.765  1978  2052 I InputReader: Reconfiguring input devices.  changes=0x00000010
01-17 15:58:11.768  2616  3011 I MicroRecognitionRunner: Starting detection.
01-17 15:58:11.769  2616  3025 I MicrophoneInputStream: mic_starting  SR : 16000 CC : 16 SO : 6
01-17 15:58:11.783  1826  1826 D PermissionCache: checking android.permission.CAPTURE_AUDIO_HOTWORD for uid=10040 => granted (47 us)
01-17 15:58:11.784  1978  2052 I InputReader: Reconfiguring input devices.  changes=0x00000010
01-17 15:58:11.787  2107  2107 W ProviderInstaller: Failed to load providerinstaller module: No acceptable module found. Local version is 0 and remote version is 0.
01-17 15:58:11.799  1826  3031 I AudioFlinger: AudioFlinger's thread 0xe4503000 tid=3031 ready to run
01-17 15:58:11.802  2616  3025 I MicrophoneInputStream: mic_started  SR : 16000 CC : 16 SO : 6
01-17 15:58:11.807  2844  2844 I ShortcutsDataManager: onContentChanged()
01-17 15:58:11.807  2616  3025 E ActivityThread: Failed to find provider info for com.google.android.apps.gsa.testing.ui.audio.recorded
01-17 15:58:11.808  2844  2844 I ContactsDataManager: onContentChanged()
01-17 15:58:11.812  2616  3011 W SpeechLevelGenerator: Really low audio levels detected. The audio input may have issues.
01-17 15:58:11.813  2616  2616 I MicroDetectionWorker: onReady
01-17 15:58:11.817  1978  2052 I InputReader: Reconfiguring input devices.  changes=0x00000010
01-17 15:58:11.818  1978  2096 I GnssLocationProvider: WakeLock acquired by sendMessage(REPORT_SV_STATUS, 0, com.android.server.location.GnssLocationProvider$SvStatusInfo@eb6ce23)
01-17 15:58:11.829  2616  3025 I MicrophoneInputStream: mic_close  SR : 16000 CC : 16 SO : 6
01-17 15:58:11.830  1978  2052 I InputReader: Reconfiguring input devices.  changes=0x00000010
01-17 15:58:11.831  1978  1978 I Telecom : DefaultDialerCache: Refreshing default dialer for user 0: now com.google.android.dialer: DDC.oR@ADo
01-17 15:58:11.833  2616  3011 I MicroRecognitionRunner: Detection finished
01-17 15:58:11.833  2616  3011 W ErrorReporter: reportError [type: 211, code: 524300]: Error reading from input stream
01-17 15:58:11.835  1638  2373 D gralloc_ranchu: gralloc_alloc: Creating ashmem region of size 40960
01-17 15:58:11.836  2616  3027 I MicroRecognitionRunner: Stopping hotword detection.
01-17 15:58:11.837  1978  2052 I InputReader: Reconfiguring input devices.  changes=0x00000010
01-17 15:58:11.839  2632  2632 D TouchInteractionService: Touch service connected
01-17 15:58:11.836  2616  3011 W ErrorProcessor: onFatalError, processing error from engine(4)
01-17 15:58:11.836  2616  3011 W ErrorProcessor: com.google.android.apps.gsa.shared.speech.b.g: Error reading from input stream
01-17 15:58:11.836  2616  3011 W ErrorProcessor: 	at com.google.android.apps.gsa.staticplugins.microdetection.d.k.a(SourceFile:91)
01-17 15:58:11.836  2616  3011 W ErrorProcessor: 	at com.google.android.apps.gsa.staticplugins.microdetection.d.l.run(Unknown Source:14)
01-17 15:58:11.836  2616  3011 W ErrorProcessor: 	at com.google.android.libraries.gsa.runner.a.a.b(SourceFile:32)
01-17 15:58:11.836  2616  3011 W ErrorProcessor: 	at com.google.android.libraries.gsa.runner.a.c.call(Unknown Source:4)
01-17 15:58:11.836  2616  3011 W ErrorProcessor: 	at java.util.concurrent.FutureTask.run(FutureTask.java:266)
01-17 15:58:11.836  2616  3011 W ErrorProcessor: 	at java.util.concurrent.Executors$RunnableAdapter.call(Executors.java:458)
01-17 15:58:11.836  2616  3011 W ErrorProcessor: 	at java.util.concurrent.FutureTask.run(FutureTask.java:266)
01-17 15:58:11.836  2616  3011 W ErrorProcessor: 	at com.google.android.apps.gsa.shared.util.concurrent.b.g.run(Unknown Source:4)
01-17 15:58:11.836  2616  3011 W ErrorProcessor: 	at com.google.android.apps.gsa.shared.util.concurrent.b.aw.run(SourceFile:4)
01-17 15:58:11.836  2616  3011 W ErrorProcessor: 	at com.google.android.apps.gsa.shared.util.concurrent.b.aw.run(SourceFile:4)
01-17 15:58:11.836  2616  3011 W ErrorProcessor: 	at java.util.concurrent.ThreadPoolExecutor.runWorker(ThreadPoolExecutor.java:1167)
01-17 15:58:11.836  2616  3011 W ErrorProcessor: 	at java.util.concurrent.ThreadPoolExecutor$Worker.run(ThreadPoolExecutor.java:641)
01-17 15:58:11.836  2616  3011 W ErrorProcessor: 	at java.lang.Thread.run(Thread.java:764)
01-17 15:58:11.836  2616  3011 W ErrorProcessor: 	at com.google.android.apps.gsa.shared.util.concurrent.b.i.run(SourceFile:6)
01-17 15:58:11.836  2616  3011 W ErrorProcessor: Caused by: com.google.android.apps.gsa.shared.exception.GsaIOException: Error code: 393238 | Buffer overflow, no available space.
01-17 15:58:11.836  2616  3011 W ErrorProcessor: 	at com.google.android.apps.gsa.speech.audio.Tee.j(SourceFile:103)
01-17 15:58:11.836  2616  3011 W ErrorProcessor: 	at com.google.android.apps.gsa.speech.audio.au.read(SourceFile:2)
01-17 15:58:11.836  2616  3011 W ErrorProcessor: 	at java.io.InputStream.read(InputStream.java:101)
01-17 15:58:11.836  2616  3011 W ErrorProcessor: 	at com.google.android.apps.gsa.speech.audio.ao.run(SourceFile:17)
01-17 15:58:11.836  2616  3011 W ErrorProcessor: 	at com.google.android.apps.gsa.speech.audio.an.run(SourceFile:2)
01-17 15:58:11.836  2616  3011 W ErrorProcessor: 	at java.util.concurrent.Executors$RunnableAdapter.call(Executors.java:458)
01-17 15:58:11.836  2616  3011 W ErrorProcessor: 	... 10 more
01-17 15:58:11.840  2616  3011 I AudioController: internalShutdown
01-17 15:58:11.842  2191  2191 D ImsResolver: maybeAddedImsService, packageName: com.google.android.setupwizard
01-17 15:58:11.850  2191  2191 D CarrierSvcBindHelper: No carrier app for: 0
01-17 15:58:11.852  1638  2373 D gralloc_ranchu: gralloc_alloc: Creating ashmem region of size 40960
01-17 15:58:11.859  1978  1978 I Telecom : DefaultDialerCache: Refreshing default dialer for user 0: now com.google.android.dialer: DDC.oR@ADs
01-17 15:58:11.866  2616  2616 I MicroDetector: Keeping mic open: false
01-17 15:58:11.866  2616  3010 I DeviceStateChecker: DeviceStateChecker cancelled
01-17 15:58:11.866  2616  2616 I MicroDetectionWorker: #onError(false)
01-17 15:58:11.869  1638  1638 D gralloc_ranchu: gralloc_alloc: Creating ashmem region of size 40960
01-17 15:58:11.873  1978  1978 I Telecom : DefaultDialerCache: Refreshing default dialer for user 0: now com.google.android.dialer: DDC.oR@ADw
01-17 15:58:11.873  1638  2373 D gralloc_ranchu: gralloc_alloc: Creating ashmem region of size 40960
01-17 15:58:11.877  2191  2191 D CarrierSvcBindHelper: No carrier app for: 0
01-17 15:58:11.886  1978  1992 E system_server: No package ID 7f found for ID 0x7f08017c.
01-17 15:58:11.886  1978  1992 E system_server: No package ID 7f found for ID 0x7f120f74.
01-17 15:58:11.886  1978  1992 E system_server: No package ID 7f found for ID 0x7f08017b.
01-17 15:58:11.886  1978  1992 E system_server: No package ID 7f found for ID 0x7f120480.
01-17 15:58:11.886  1978  1992 E system_server: No package ID 7f found for ID 0x7f08017a.
01-17 15:58:11.886  1978  1992 E system_server: No package ID 7f found for ID 0x7f12099f.
01-17 15:58:11.890  1638  2373 D gralloc_ranchu: gralloc_alloc: Creating ashmem region of size 12288
01-17 15:58:11.894  1978  1978 I Telecom : DefaultDialerCache: Refreshing default dialer for user 0: now com.google.android.dialer: DDC.oR@AD0
01-17 15:58:11.900  1638  2373 D gralloc_ranchu: gralloc_alloc: Creating ashmem region of size 12288
01-17 15:58:11.900  2191  2191 D CarrierSvcBindHelper: No carrier app for: 0
01-17 15:58:11.906  2632  2960 D ProtoStore: deleting smartspace_current
01-17 15:58:11.906  2632  2960 D ProtoStore: no cached data
01-17 15:58:11.906  2632  2960 D ProtoStore: no cached data
01-17 15:58:11.911  2191  2191 D CarrierSvcBindHelper: No carrier app for: 0
01-17 15:58:11.922  1978  1992 I GnssLocationProvider: WakeLock released by handleMessage(REPORT_SV_STATUS, 0, com.android.server.location.GnssLocationProvider$SvStatusInfo@eb6ce23)
01-17 15:58:11.928  2844  2844 I ContextualPredictionExt: onCreateApp(): registering factories
01-17 15:58:11.933  2191  2191 D CarrierSvcBindHelper: No carrier app for: 0
01-17 15:58:11.933  2191  2191 D ImsResolver: maybeAddedImsService, packageName: com.google.android.apps.nexuslauncher
01-17 15:58:11.933  2191  2191 D ImsResolver: maybeAddedImsService, packageName: com.android.settings
01-17 15:58:11.933  2191  2191 D ImsResolver: maybeAddedImsService, packageName: com.android.systemui
01-17 15:58:11.933  2191  2191 D ImsResolver: maybeAddedImsService, packageName: com.google.android.apps.restore
01-17 15:58:11.946  1638  2373 D gralloc_ranchu: gralloc_alloc: Creating ashmem region of size 40960
01-17 15:58:11.948  1638  2373 D gralloc_ranchu: gralloc_alloc: Creating ashmem region of size 40960
01-17 15:58:11.953  2844  2844 I ContextualPredictionExt: onCreateApp(): Finished in 24 ms
01-17 15:58:11.953  2844  2844 I NotificationSmartReply: onCreateApp false
01-17 15:58:11.954  2844  2844 I LstmExtension: onCreateApp()
01-17 15:58:11.955  2844  2844 I LstmExtension: onCreateApp(): Finished in 1 ms
01-17 15:58:11.958  1978  2420 D ActivityManager: Raise procstate to external provider: ProcessRecord{2e011f7 2961:com.android.providers.calendar/u0a35}
01-17 15:58:11.962  1978  1988 I system_server: Background concurrent copying GC freed 72917(3MB) AllocSpace objects, 82(2MB) LOS objects, 37% free, 10MB/16MB, paused 324us total 196.278ms
01-17 15:58:11.974  2632  2957 W QsbUiManager: Doodle is not valid.
01-17 15:58:11.974  2632  2957 W QsbUiManager: Doodle bitmap is not valid.
01-17 15:58:11.976  1638  2373 D gralloc_ranchu: gralloc_alloc: Creating ashmem region of size 40960
01-17 15:58:11.959  1978  2420 D ActivityManager: Raise procstate to external provider: ProcessRecord{2e011f7 2961:com.android.providers.calendar/u0a35}
01-17 15:58:11.983  1978  1978 I Telecom : DefaultDialerCache: Refreshing default dialer for user 0: now com.google.android.dialer: DDC.oR@AD4
01-17 15:58:11.988  1978  1978 W Looper  : Slow delivery took 203ms main h=com.android.server.media.MediaRouterService$UserHandler c=android.app.-$$Lambda$LoadedApk$ReceiverDispatcher$Args$_BumDX2UKsnxLVrE6UJsJZkotuA@7153bb8 m=0
01-17 15:58:11.986  1638  2373 D gralloc_ranchu: gralloc_alloc: Creating ashmem region of size 40960
01-17 15:58:11.993  1638  2373 D gralloc_ranchu: gralloc_alloc: Creating ashmem region of size 12288
01-17 15:58:11.996  2107  2495 W .gms.persisten: Long monitor contention with owner Binder:2107_6 (2621) at boolean android.os.BinderProxy.transactNative(int, android.os.Parcel, android.os.Parcel, int)(Binder.java:-2) waiters=0 in com.google.android.chimera.ContentProvider ctk.a() for 674ms
01-17 15:58:11.997  1638  2373 D gralloc_ranchu: gralloc_alloc: Creating ashmem region of size 12288
01-17 15:58:12.004  2107  2495 I DynamiteModule: Considering local module com.google.android.gms.googlecertificates:4 and remote module com.google.android.gms.googlecertificates:4
01-17 15:58:12.004  2107  2495 I DynamiteModule: Selected local version of com.google.android.gms.googlecertificates
01-17 15:58:12.006  1978  1978 I Telecom : DefaultDialerCache: Refreshing default dialer for user 0: now com.google.android.dialer: DDC.oR@AD8
01-17 15:58:12.011  2616  2616 I BgTaskExecutorImpl: Starting NONEXCLUSIVE background task smartspace_update.
01-17 15:58:12.017  1978  1978 I TransportClient: LocalTransportService#0: Notifying [TransportManager.registerTransport()] transport = IBackupTransport
01-17 15:58:12.017  1978  1978 W Looper  : Drained
01-17 15:58:12.018  2616  3010 W VelvetNetworkClient: Cannot connect to server without account
01-17 15:58:12.018  1978  2565 D BackupTransportManager: Transport android/com.android.internal.backup.LocalTransportService registered
01-17 15:58:12.018  1978  2565 D BackupManagerService: Transport android/com.android.internal.backup.LocalTransport registered 3270ms after first request (delay = 3000ms)
01-17 15:58:12.034  2813  2813 W DynamiteModule: Local module descriptor class for providerinstaller not found.
01-17 15:58:12.036  2813  2813 W ProviderHelper: Unknown dynamite feature providerinstaller
01-17 15:58:12.044  2844  2844 I FeaturePermissions: onSharedPreferenceChanged() : Key = current_input_method_entry : Feature = null
01-17 15:58:12.045  2844  2844 I ModuleManager: Module object of interface com.google.android.apps.inputmethod.libs.voiceime.VoiceImeExtension loaded.
01-17 15:58:12.046  2139  2153 I ndroid.systemu: Background concurrent copying GC freed 43669(2MB) AllocSpace objects, 4(208KB) LOS objects, 49% free, 5MB/11MB, paused 2.981ms total 117.606ms
01-17 15:58:12.046  2844  2844 I ModuleManager: com.google.android.apps.inputmethod.libs.voiceime.IVoiceImeExtension changed to available
01-17 15:58:12.047  2813  2813 I DynamiteModule: Considering local module providerinstaller:0 and remote module providerinstaller:0
01-17 15:58:12.047  2813  2813 W ProviderInstaller: Failed to load providerinstaller module: No acceptable module found. Local version is 0 and remote version is 0.
01-17 15:58:12.075  2844  2844 I FeaturePermissions: onSharedPreferenceChanged() : Key = pref_key_access_points_showing_order_migrated : Feature = null
01-17 15:58:12.083  2632  2957 W QsbUiManager: Doodle is not valid.
01-17 15:58:12.083  2632  2957 W QsbUiManager: Doodle bitmap is not valid.
01-17 15:58:12.101  2844  2844 I FeaturePermissions: onSharedPreferenceChanged() : Key = ACTIVE_IME.SOFT.und-Latn-x-password : Feature = null
01-17 15:58:12.102  2844  2844 I GoogleInputMethod: performUserUnlock() : isUserInitiallyUnlocked = true
01-17 15:58:12.103  2844  2844 I IcingNotification: IcingNotificationReceiver registered
01-17 15:58:12.168  2844  2844 I LstmExtension: onCreateService()
01-17 15:58:12.416  2844  2844 I LstmTrainingCache: getCacheConfig()
01-17 15:58:12.542  2844  2844 I LstmExtension: onCreateService(): Finished in 374 ms
01-17 15:58:12.542  2844  2844 I EntryActivation: Entry activation content observer disabled.
01-17 15:58:12.544  2844  3046 I EntryActivation: Active entries changed: [] -> {en-US}
01-17 15:58:12.544  2844  3046 I LmManager: asyncUpdateEnabledLanguageModels()
01-17 15:58:12.544  2844  3046 I SuperDelight: initializeDelightSuperpacks() : Bundled = false
01-17 15:58:12.545  2844  2844 I FirebaseJobDispatcher: Schedule task: PeriodicStats. Success.
01-17 15:58:12.546  2844  2844 I FirebaseJobDispatcher: Schedule task: PeriodicTasks. Success.
01-17 15:58:12.573  2844  3046 I SuperDelight: getDelightMetadataUriAndVersion(): Phenotype : 20180317 : https://www.gstatic.com/android/keyboard/dictionarypack/Ney-normal/metadata.json
01-17 15:58:12.574  2844  3042 I SuperpacksMgr: initializeInternal()
01-17 15:58:12.629  2844  2844 I ModuleManager: com.google.android.apps.inputmethod.libs.search.INativeCardExtension changed to available
01-17 15:58:12.630  2844  2844 I ModuleManager: com.google.android.apps.inputmethod.libs.search.IUniversalMediaExtension changed to available
01-17 15:58:12.630  2844  2844 I ModuleManager: com.google.android.apps.inputmethod.libs.search.IEmojiSearchExtension changed to available
01-17 15:58:12.630  2844  2844 I ModuleManager: Module object of interface com.google.android.apps.inputmethod.libs.search.emoji.EmojiSearchExtension loaded.
01-17 15:58:12.631  2844  3042 W DynamiteModule: Local module descriptor class for com.google.android.gms.googlecertificates not found.
01-17 15:58:12.636  2844  3042 W putmethod.lati: Unsupported class loader
01-17 15:58:12.639  2844  3042 I DynamiteModule: Considering local module com.google.android.gms.googlecertificates:0 and remote module com.google.android.gms.googlecertificates:4
01-17 15:58:12.639  2844  3042 I DynamiteModule: Selected remote version of com.google.android.gms.googlecertificates, version >= 4
01-17 15:58:12.654  2844  3042 W putmethod.lati: Unsupported class loader
01-17 15:58:12.672  2844  3042 W putmethod.lati: Skipping duplicate class check due to unsupported classloader
01-17 15:58:12.692  2844  2844 I ModuleManager: com.google.android.apps.inputmethod.libs.textediting.ITextEditingExtension changed to available
01-17 15:58:12.693  2844  2844 I ModuleManager: com.google.android.apps.inputmethod.libs.translate.ITranslateUIExtension changed to available
01-17 15:58:12.693  2844  2844 I ModuleManager: com.google.android.apps.inputmethod.libs.search.IEmoticonExtension changed to available
01-17 15:58:12.694  2844  2844 I ModuleManager: com.google.android.apps.inputmethod.libs.hmm.superpacks.IHmmModule changed to available
01-17 15:58:12.694  2844  2844 I DictSuperpacksManager: onEnabledInputMethodEntriesChanged
01-17 15:58:12.694  2844  2844 I ModuleManager: com.google.android.apps.inputmethod.libs.search.IEmojiDataExtension changed to available
01-17 15:58:12.695  2844  2844 I ModuleManager: Module object of interface com.google.android.apps.inputmethod.libs.search.emojidata.EmojiDataExtension loaded.
01-17 15:58:12.695  2844  2844 I ModuleManager: com.google.android.apps.inputmethod.libs.search.IEmojiOrGifExtension changed to available
01-17 15:58:12.695  2844  2844 I ModuleManager: com.google.android.apps.inputmethod.libs.search.sense.IConversationToQueryExtension changed to available
01-17 15:58:12.695  2844  2844 I ModuleManager: Module object of interface com.google.android.apps.inputmethod.libs.search.sense.ConversationToQueryExtension loaded.
01-17 15:58:12.710  2632  2945 E ActivityThread: Failed to find provider info for com.google.android.as.allapps.actionsettingprovider
01-17 15:58:12.710  2632  2945 E ActionsController: write setting failed
01-17 15:58:12.710  2632  2945 E ActionsController: java.lang.IllegalArgumentException: Unknown URL content://com.google.android.as.allapps.actionsettingprovider
01-17 15:58:12.710  2632  2945 E ActionsController: 	at android.content.ContentResolver.insert(ContentResolver.java:1583)
01-17 15:58:12.710  2632  2945 E ActionsController: 	at com.google.android.apps.nexuslauncher.allapps.d.handleMessage(SourceFile:268)
01-17 15:58:12.710  2632  2945 E ActionsController: 	at android.os.Handler.dispatchMessage(Handler.java:102)
01-17 15:58:12.710  2632  2945 E ActionsController: 	at android.os.Looper.loop(Looper.java:193)
01-17 15:58:12.710  2632  2945 E ActionsController: 	at android.os.HandlerThread.run(HandlerThread.java:65)
01-17 15:58:12.711  2844  3042 I Superpacks: Creating database superpacks.db, version 13
01-17 15:58:12.713  2844  3048 I SuperDelight: SuperDelightManager#registerSuperpacks(delight): current -1, required 20180317
01-17 15:58:12.734  2844  3042 I DictSpacktratProv: getSetupStrategy
01-17 15:58:12.735  2844  3042 I DictSpacktratProv: getSetupStrategy
01-17 15:58:12.781  2813  2813 D NetworkSecurityConfig: Using Network Security Config from resource network_security_config debugBuild: false
01-17 15:58:12.782  2107  2107 D NetworkSecurityConfig: Using Network Security Config from resource network_security_config debugBuild: false
01-17 15:58:12.784  2844  2844 I Conv2QueryExtension: onCreate()
01-17 15:58:12.786  2844  3042 I DictSpacktratProv: getSetupStrategy
01-17 15:58:12.787  2844  3042 I chatty  : uid=10078(com.google.android.inputmethod.latin) sp-control-1 identical 3 lines
01-17 15:58:12.787  2844  3042 I DictSpacktratProv: getSetupStrategy
01-17 15:58:12.788  2844  3042 I Superpacks: Registering manifest delight.20180317 with URL https://www.gstatic.com/android/keyboard/dictionarypack/Ney-normal/metadata.json and constraints: m:*, current version: -1
01-17 15:58:12.788  2844  3042 I Superpacks: Requesting packs for delight-manifest with slices: [{manifests:delight-20180317, m:*}]
01-17 15:58:12.790  2844  3042 I Superpacks-FP: Fetch pipeline requesting slice {manifests:delight-20180317, m:*}
01-17 15:58:12.790  2844  3042 I Superpacks-FP: Fetching pack delight-20180317 to file manifests/delight-20180317.fetched with fetcher fpm:102796493
01-17 15:58:12.790  2844  3042 I Superpacks: Fetching delight-20180317 to file delight-20180317.fetched with params: {m:*, p {absolute:0}}
01-17 15:58:12.795  2844  3042 I Superpacks: => Scheduling downloads, reason: download registered
01-17 15:58:12.796  2844  3042 I Superpacks: Pending (1): [{manifests:delight-20180317, m:b, p500}]
01-17 15:58:12.796  2844  3042 I Superpacks: Active: none
01-17 15:58:12.797  2844  3042 I Superpacks: Candidates for m:b (1): [{manifests:delight-20180317, m:b, p500}]
01-17 15:58:12.797  2844  3042 I Superpacks: Scheduling job with delay of 0s for m:b, 1 candidates
01-17 15:58:12.811  2844  3042 I Superpacks: <== Scheduling result: 0 started, 0 paused, 1 scheduled
01-17 15:58:12.812  1978  2096 I GnssLocationProvider: WakeLock acquired by sendMessage(REPORT_SV_STATUS, 0, com.android.server.location.GnssLocationProvider$SvStatusInfo@3362e9a)
01-17 15:58:12.812  1978  1992 I GnssLocationProvider: WakeLock released by handleMessage(REPORT_SV_STATUS, 0, com.android.server.location.GnssLocationProvider$SvStatusInfo@3362e9a)
01-17 15:58:12.820  1645  1645 I qemu-props: tell the host boot completed
01-17 15:58:12.886  2844  3041 W putmethod.lati: Long monitor contention with owner Primes-init-1 (2922) at boolean android.os.BinderProxy.transactNative(int, android.os.Parcel, android.os.Parcel, int)(Binder.java:-2) waiters=0 in java.util.Map enq.a() for 840ms
01-17 15:58:12.900  2107  2107 I ProviderInstaller: Installed default security provider GmsCore_OpenSSL
01-17 15:58:12.900  2813  2813 I ProviderInstaller: Installed default security provider GmsCore_OpenSSL
01-17 15:58:12.968  2107  2107 I Safeboot: Checking safeboot...
01-17 15:58:12.968  2813  2813 I Safeboot: Checking safeboot...
01-17 15:58:12.969  2813  2813 I Safeboot: Not entering safeboot; wrong process.
01-17 15:58:12.976  2632  2960 D ProtoStore: deleting smartspace_current
01-17 15:58:12.976  2632  2960 D ProtoStore: no cached data
01-17 15:58:12.976  2632  2960 D ProtoStore: no cached data
01-17 15:58:12.983  2107  2107 I Safeboot Condition: No need to enter Safeboot.
01-17 15:58:13.007  2107  3053 I DeviceDrDatabaseHelper: Creating databases!
01-17 15:58:13.166  2813  3004 I FontLog : No directory on disk newer than version 0 [CONTEXT service_id=132 ]
01-17 15:58:13.177  2813  3004 I DynamiteModule: Considering local module com.google.android.gms.googlecertificates:4 and remote module com.google.android.gms.googlecertificates:4
01-17 15:58:13.177  2813  3004 I DynamiteModule: Selected local version of com.google.android.gms.googlecertificates
01-17 15:58:13.225  1978  2420 D WificondControl: Scan result ready event
01-17 15:58:13.262  2813  3004 I FontLog : Received query Noto Color Emoji Compat, URI content://com.google.android.gms.fonts [CONTEXT service_id=132 ]
01-17 15:58:13.264  2813  3004 I FontLog : Query [Noto Color Emoji Compat] resolved to {Noto Color Emoji Compat, wdth 100.0, wght 400, ital 0.0, bestEffort false} [CONTEXT service_id=132 ]
01-17 15:58:13.360  2107  2107 I GmsApplication: Registering the BackgroundBroadcastReceiverSupport receiver.
01-17 15:58:13.377  2107  2107 I GmsReceiverSupport: Registered Receiver for 18+1 IntentFilters
01-17 15:58:13.522  2813  2813 I bezb    : Primes not initialized, returning default (no-op) Primes instance which will ignore all calls. Please call Primes.initialize(...) before using any Primes API.
01-17 15:58:13.522  2107  2107 I bezb    : Primes not initialized, returning default (no-op) Primes instance which will ignore all calls. Please call Primes.initialize(...) before using any Primes API.
01-17 15:58:13.549  2107  2107 W ModuleManager: Unable to get current module's fulfilled APIs in ModuleManager created with non-module Context
01-17 15:58:13.720  2813  3057 W GoogleHttpServiceClient: Timeout on service connection
01-17 15:58:13.720  2813  3057 W GoogleHttpServiceClient: java.lang.Throwable
01-17 15:58:13.720  2813  3057 W GoogleHttpServiceClient: 	at abum.a(:com.google.android.gms@202414022@20.24.14 (040700-319035315):4)
01-17 15:58:13.720  2813  3057 W GoogleHttpServiceClient: 	at abun.a(:com.google.android.gms@202414022@20.24.14 (040700-319035315):4)
01-17 15:58:13.720  2813  3057 W GoogleHttpServiceClient: 	at abue.a(:com.google.android.gms@202414022@20.24.14 (040700-319035315):0)
01-17 15:58:13.720  2813  3057 W GoogleHttpServiceClient: 	at abuj.a(:com.google.android.gms@202414022@20.24.14 (040700-319035315):0)
01-17 15:58:13.720  2813  3057 W GoogleHttpServiceClient: 	at abue.a(:com.google.android.gms@202414022@20.24.14 (040700-319035315):13)
01-17 15:58:13.720  2813  3057 W GoogleHttpServiceClient: 	at abue.execute(:com.google.android.gms@202414022@20.24.14 (040700-319035315):8)
01-17 15:58:13.720  2813  3057 W GoogleHttpServiceClient: 	at abue.execute(:com.google.android.gms@202414022@20.24.14 (040700-319035315):7)
01-17 15:58:13.720  2813  3057 W GoogleHttpServiceClient: 	at zzl.run(:com.google.android.gms@202414022@20.24.14 (040700-319035315):4)
01-17 15:58:13.720  2813  3057 W GoogleHttpServiceClient: 	at soy.b(:com.google.android.gms@202414022@20.24.14 (040700-319035315):12)
01-17 15:58:13.720  2813  3057 W GoogleHttpServiceClient: 	at soy.run(:com.google.android.gms@202414022@20.24.14 (040700-319035315):7)
01-17 15:58:13.720  2813  3057 W GoogleHttpServiceClient: 	at java.util.concurrent.ThreadPoolExecutor.runWorker(ThreadPoolExecutor.java:1167)
01-17 15:58:13.720  2813  3057 W GoogleHttpServiceClient: 	at java.util.concurrent.ThreadPoolExecutor$Worker.run(ThreadPoolExecutor.java:641)
01-17 15:58:13.720  2813  3057 W GoogleHttpServiceClient: 	at sux.run(:com.google.android.gms@202414022@20.24.14 (040700-319035315):0)
01-17 15:58:13.720  2813  3057 W GoogleHttpServiceClient: 	at java.lang.Thread.run(Thread.java:764)
01-17 15:58:13.785  2813  3057 W ProviderHelper: Unknown dynamite feature providerinstaller
01-17 15:58:13.785  2813  3057 I DynamiteModule: Considering local module providerinstaller:0 and remote module providerinstaller:0
01-17 15:58:13.786  2813  3057 I DynamiteModule: Considering local module providerinstaller:0 and remote module providerinstaller:0
01-17 15:58:13.816  1978  2096 I GnssLocationProvider: WakeLock acquired by sendMessage(REPORT_SV_STATUS, 0, com.android.server.location.GnssLocationProvider$SvStatusInfo@146704c)
01-17 15:58:13.816  1978  1992 I GnssLocationProvider: WakeLock released by handleMessage(REPORT_SV_STATUS, 0, com.android.server.location.GnssLocationProvider$SvStatusInfo@146704c)
01-17 15:58:13.899  2813  3057 W Conscrypt: Could not set socket write timeout: java.net.SocketException: Socket closed
01-17 15:58:13.899  2813  3057 W Conscrypt: 	at com.google.android.gms.org.conscrypt.Platform.setSocketWriteTimeout(:com.google.android.gms@202414022@20.24.14 (040700-319035315):2)
01-17 15:58:13.899  2813  3057 W Conscrypt: 	at com.google.android.gms.org.conscrypt.ConscryptFileDescriptorSocket.setSoWriteTimeout(:com.google.android.gms@202414022@20.24.14 (040700-319035315):0)
01-17 15:58:14.018  2813  3057 W Conscrypt: Could not set socket write timeout: java.net.SocketException: Socket closed
01-17 15:58:14.019  2813  3057 W Conscrypt: 	at com.google.android.gms.org.conscrypt.Platform.setSocketWriteTimeout(:com.google.android.gms@202414022@20.24.14 (040700-319035315):2)
01-17 15:58:14.019  2813  3057 W Conscrypt: 	at com.google.android.gms.org.conscrypt.ConscryptFileDescriptorSocket.setSoWriteTimeout(:com.google.android.gms@202414022@20.24.14 (040700-319035315):0)
01-17 15:58:14.090  2107  3072 I aomo    : No Heterodyne serving version in database [CONTEXT service_id=51 ]
01-17 15:58:14.094  2813  3077 I FA-SVC  : App measurement initialized, version: 202414
01-17 15:58:14.259  1978  2029 D PackageManager: Instant App installer not found with android.intent.action.INSTALL_INSTANT_APP_PACKAGE
01-17 15:58:14.259  1978  2029 D PackageManager: Clear ephemeral installer activity
01-17 15:58:14.259  1978  2029 D PackageManager: Instant App installer not found with android.intent.action.INSTALL_INSTANT_APP_PACKAGE
01-17 15:58:14.259  1978  2029 D PackageManager: Clear ephemeral installer activity
01-17 15:58:14.259  1978  2029 D PackageManager: Instant App installer not found with android.intent.action.INSTALL_INSTANT_APP_PACKAGE
01-17 15:58:14.259  1978  2029 D PackageManager: Clear ephemeral installer activity
01-17 15:58:14.361  1978  2029 D PackageManager: Instant App installer not found with android.intent.action.INSTALL_INSTANT_APP_PACKAGE
01-17 15:58:14.361  1978  2029 D PackageManager: Clear ephemeral installer activity
01-17 15:58:14.361  1978  2029 D PackageManager: Instant App installer not found with android.intent.action.INSTALL_INSTANT_APP_PACKAGE
01-17 15:58:14.361  1978  2029 D PackageManager: Clear ephemeral installer activity
01-17 15:58:14.362  1978  2029 D PackageManager: Instant App installer not found with android.intent.action.INSTALL_INSTANT_APP_PACKAGE
01-17 15:58:14.362  1978  2029 D PackageManager: Clear ephemeral installer activity
01-17 15:58:14.362  1978  2029 D PackageManager: Instant App installer not found with android.intent.action.INSTALL_INSTANT_APP_PACKAGE
01-17 15:58:14.362  1978  2029 D PackageManager: Clear ephemeral installer activity
01-17 15:58:14.375  2813  3060 I NativeLibraryUtils: Extraction to /data/user_de/0/com.google.android.gms/app_extracted_libs/x86/libAppDataSearch.so true
01-17 15:58:14.535  2813  2834 I gle.android.gm: Waiting for a blocking GC ProfileSaver
01-17 15:58:14.565  2813  3058 I FontLog : Updating from directory version 0 to 17 from disk [CONTEXT service_id=132 ]
01-17 15:58:14.577  1978  1978 I TransportClient: BackupTransportService#1: Notifying [TransportManager.registerTransport()] transport = IBackupTransport
01-17 15:58:14.579  2813  2813 I Checkin : [CheckinChimeraService] onStartCommand
01-17 15:58:14.583  2813  3057 I CheckinCompat: Disabling old GoogleServicesFramework version [CONTEXT service_id=130 ]
01-17 15:58:14.584  2813  3057 I CheckinCompat: No service .checkin.CheckinService$Receiver to disable [CONTEXT service_id=130 ]
01-17 15:58:14.585  2813  3057 I CheckinCompat: No service .checkin.CheckinService$TriggerReceiver to disable [CONTEXT service_id=130 ]
01-17 15:58:14.585  2813  3057 I CheckinCompat: No service .checkin.CheckinService$SecretCodeReceiver to disable [CONTEXT service_id=130 ]
01-17 15:58:14.589  2813  2813 I Checkin : [CheckinChimeraService] runCheckinOnNewThread
01-17 15:58:14.589  2813  2813 I Checkin : [CheckinChimeraService] Check queued to run. Is task waiting: false
01-17 15:58:14.595  2107  2107 W SystemServiceRegistry: No service published for: persistent_data_block
01-17 15:58:14.598  2813  3060 I NativeLibraryUtils: Extraction to /data/user_de/0/com.google.android.gms/app_extracted_libs/x86/libWhisper.so true
01-17 15:58:14.604  2813  2813 I Checkin : [CheckinChimeraService] Run API request return:3
01-17 15:58:14.605  2813  3095 I Checkin : [CheckinChimeraService] Starting Checkin Task: RunRequestQueueTaskTag Reason : 8 Force : true UserId: 0
01-17 15:58:14.609  2813  3060 I NativeLibraryUtils: Extraction to /data/user_de/0/com.google.android.gms/app_extracted_libs/x86/libconscrypt_gmscore_jni.so true
01-17 15:58:14.621  2813  2813 D Backup  : [BackupScheduler] Setting backup scheduler enabled=true due to desired state 1
01-17 15:58:14.622  2813  2813 D Backup  : [BackupScheduler] Setting backup scheduler enabled=true due to desired state 1
01-17 15:58:14.702  2107  2107 I NetRec  : [2] NetworkRecommendationService.onCreate: Creating service.
01-17 15:58:14.776  1978  2565 W Binder  : Outgoing transactions from this process must be FLAG_ONEWAY
01-17 15:58:14.776  1978  2565 W Binder  : java.lang.Throwable
01-17 15:58:14.776  1978  2565 W Binder  : 	at android.os.BinderProxy.transact(Binder.java:1114)
01-17 15:58:14.776  1978  2565 W Binder  : 	at com.android.internal.backup.IBackupTransport$Stub$Proxy.name(IBackupTransport.java:381)
01-17 15:58:14.776  1978  2565 W Binder  : 	at com.android.server.backup.TransportManager.registerTransport(TransportManager.java:612)
01-17 15:58:14.776  1978  2565 W Binder  : 	at com.android.server.backup.TransportManager.registerTransportsForIntent(TransportManager.java:550)
01-17 15:58:14.776  1978  2565 W Binder  : 	at com.android.server.backup.TransportManager.registerTransports(TransportManager.java:520)
01-17 15:58:14.776  1978  2565 W Binder  : 	at com.android.server.backup.-$$Lambda$pM_c5tVAGDtxjxLF_ONtACWWq6Q.run(Unknown Source:2)
01-17 15:58:14.776  1978  2565 W Binder  : 	at android.os.Handler.handleCallback(Handler.java:873)
01-17 15:58:14.776  1978  2565 W Binder  : 	at android.os.Handler.dispatchMessage(Handler.java:99)
01-17 15:58:14.776  1978  2565 W Binder  : 	at android.os.Looper.loop(Looper.java:193)
01-17 15:58:14.776  1978  2565 W Binder  : 	at android.os.HandlerThread.run(HandlerThread.java:65)
01-17 15:58:14.779  2813  3008 I Backup  : [GmsBackupAccountManager] Backup account not found in gmscore.
01-17 15:58:14.783  1978  2565 D BackupTransportManager: Transport com.google.android.gms/.backup.BackupTransportService registered
01-17 15:58:14.783  1978  2565 D BackupManagerService: Transport com.google.android.gms/.backup.BackupTransportService registered 6035ms after first request (delay = 3000ms)
01-17 15:58:14.810  2813  3060 I NativeLibraryUtils: Extraction to /data/user_de/0/com.google.android.gms/app_extracted_libs/x86/libgcastv2_base.so true
01-17 15:58:14.820  1978  2096 I GnssLocationProvider: WakeLock acquired by sendMessage(REPORT_SV_STATUS, 0, com.android.server.location.GnssLocationProvider$SvStatusInfo@981bf6f)
01-17 15:58:14.821  1978  1992 I GnssLocationProvider: WakeLock released by handleMessage(REPORT_SV_STATUS, 0, com.android.server.location.GnssLocationProvider$SvStatusInfo@981bf6f)
01-17 15:58:14.943  2107  2120 I .gms.persisten: Background concurrent copying GC freed 38100(2MB) AllocSpace objects, 9(1160KB) LOS objects, 49% free, 2MB/4MB, paused 95.697ms total 333.616ms
01-17 15:58:14.951  2813  3060 I NativeLibraryUtils: Extraction to /data/user_de/0/com.google.android.gms/app_extracted_libs/x86/libgcastv2_support.so true
01-17 15:58:14.961  2107  2107 I NetRec  : [2] alqy.<init>: Generating AES key
01-17 15:58:14.961  2107  2107 I NetRec  : [2] alqy.<init>: Generating HMAC key
01-17 15:58:14.967  2107  2107 W NetRec  : [2] alre.<init>: Setting current/known encrypter
01-17 15:58:14.973  2813  3077 I FA-SVC  : Install Referrer Reporter is not available
01-17 15:58:14.977  2107  2107 I NetRec  : [2] alnr.a: Starting service.
01-17 15:58:14.978  2107  2107 I NetRec  : [2] alqo.a: Now the active scorer.
01-17 15:58:15.113  2813  2827 I gle.android.gm: Background concurrent copying GC freed 51325(4MB) AllocSpace objects, 25(1604KB) LOS objects, 44% free, 7MB/13MB, paused 21.727ms total 1.015s
01-17 15:58:15.113  2813  2834 I gle.android.gm: WaitForGcToComplete blocked ProfileSaver on HeapTrim for 578.744ms
01-17 15:58:15.132  2813  3060 I NativeLibraryUtils: Extraction to /data/user_de/0/com.google.android.gms/app_extracted_libs/x86/libgmscore.so true
01-17 15:58:15.169  1978  3034 W ActivityManager: Background start not allowed: service Intent { act=com.google.firebase.INSTANCE_ID_EVENT pkg=com.google.android.gm cmp=com.google.android.gm/com.google.firebase.iid.FirebaseInstanceIdService (has extras) } to com.google.android.gm/com.google.firebase.iid.FirebaseInstanceIdService from pid=2981 uid=10046 pkg=com.google.android.gm startFg?=false
01-17 15:58:15.169  2981  2981 E FirebaseInstanceId: Failed to start service while in background: java.lang.IllegalStateException: Not allowed to start service Intent { act=com.google.firebase.INSTANCE_ID_EVENT pkg=com.google.android.gm cmp=com.google.android.gm/com.google.firebase.iid.FirebaseInstanceIdService (has extras) }: app is in background uid UidRecord{6d5aafe u0a46 LAST idle change:idle|cached procs:1 seq(0,0,0)}
01-17 15:58:15.189  3115  3115 W android.youtub: Unexpected CPU variant for X86 using defaults: x86
01-17 15:58:15.193  1978  1995 I ActivityManager: Start proc 3115:com.google.android.youtube/u0a77 for service com.google.android.youtube/com.google.android.apps.youtube.app.common.ads.AdIdListenerService
01-17 15:58:15.208  3115  3115 I android.youtub: The ClassLoaderContext is a special shared library.
01-17 15:58:15.209  3115  3115 I android.youtub: The ClassLoaderContext is a special shared library.
01-17 15:58:15.219  2107  2107 E GmsRequestQueue: Tried to stop global GMSCore RequestQueue. This is likely unintended, so ignoring.
01-17 15:58:15.288  2813  3060 I NativeLibraryUtils: Extraction to /data/user_de/0/com.google.android.gms/app_extracted_libs/x86/libgoogle-ocrclient-v3.so true
01-17 15:58:15.670  2981  2981 W Gmail   : EasBundling:in EasBundling.init, isBundlingEnabled=false
01-17 15:58:15.671  2813  3060 I NativeLibraryUtils: Extraction to /data/user_de/0/com.google.android.gms/app_extracted_libs/x86/libinertial-anchor-jni.so true
01-17 15:58:15.680  2813  3060 I NativeLibraryUtils: Extraction to /data/user_de/0/com.google.android.gms/app_extracted_libs/x86/libjgcastservice.so true
01-17 15:58:15.681  1978  1992 W Binder  : Outgoing transactions from this process must be FLAG_ONEWAY
01-17 15:58:15.681  1978  1992 W Binder  : java.lang.Throwable
01-17 15:58:15.681  1978  1992 W Binder  : 	at android.os.BinderProxy.transact(Binder.java:1114)
01-17 15:58:15.681  1978  1992 W Binder  : 	at com.android.internal.location.ILocationProvider$Stub$Proxy.getProperties(ILocationProvider.java:236)
01-17 15:58:15.681  1978  1992 W Binder  : 	at com.android.server.location.LocationProviderProxy$1$1.run(LocationProviderProxy.java:117)
01-17 15:58:15.681  1978  1992 W Binder  : 	at com.android.server.ServiceWatcher.runOnBinder(ServiceWatcher.java:425)
01-17 15:58:15.681  1978  1992 W Binder  : 	at com.android.server.location.LocationProviderProxy$1.run(LocationProviderProxy.java:111)
01-17 15:58:15.681  1978  1992 W Binder  : 	at android.os.Handler.handleCallback(Handler.java:873)
01-17 15:58:15.681  1978  1992 W Binder  : 	at android.os.Handler.dispatchMessage(Handler.java:99)
01-17 15:58:15.681  1978  1992 W Binder  : 	at android.os.Looper.loop(Looper.java:193)
01-17 15:58:15.681  1978  1992 W Binder  : 	at android.os.HandlerThread.run(HandlerThread.java:65)
01-17 15:58:15.828  1978  2096 I GnssLocationProvider: WakeLock acquired by sendMessage(REPORT_SV_STATUS, 0, com.android.server.location.GnssLocationProvider$SvStatusInfo@3c43d44)
01-17 15:58:15.830  1978  1992 I GnssLocationProvider: WakeLock released by handleMessage(REPORT_SV_STATUS, 0, com.android.server.location.GnssLocationProvider$SvStatusInfo@3c43d44)
01-17 15:58:16.011  2981  3001 I ogle.android.g: Waiting for a blocking GC ProfileSaver
01-17 15:58:16.070  2813  3004 I FontLog : Fetch {Noto Color Emoji Compat, wdth 100.0, wght 400, ital 0.0, bestEffort false} end status Status{statusCode=SUCCESS, resolution=null} [CONTEXT service_id=132 ]
01-17 15:58:16.075  2813  2828 I FontLog : Pulling font file for id = 1, cache size = 1 [CONTEXT service_id=132 ]
01-17 15:58:16.080  2813  2828 I FontLog : Pulling font file for id = 1, cache size = 1 [CONTEXT service_id=132 ]
01-17 15:58:16.086  2981  3001 I ogle.android.g: WaitForGcToComplete blocked ProfileSaver on HeapTrim for 74.917ms
01-17 15:58:16.174  2632  2632 D Committer: Committed to new configuration from Phenotype
01-17 15:58:16.177  2107  3150 E aoob    : Phenotype API error. Event # ccoz@7e027024, EventCode: 5 [CONTEXT service_id=51 ]
01-17 15:58:16.177  2107  3150 E aoob    : aonf: 29500: Empty (package not registered?) or malformed snapshot token: 
01-17 15:58:16.177  2107  3150 E aoob    : 	at aooe.a(:com.google.android.gms@202414022@20.24.14 (040700-319035315):8)
01-17 15:58:16.177  2107  3150 E aoob    : 	at aood.b(:com.google.android.gms@202414022@20.24.14 (040700-319035315):2)
01-17 15:58:16.177  2107  3150 E aoob    : 	at aoob.a(:com.google.android.gms@202414022@20.24.14 (040700-319035315):91)
01-17 15:58:16.177  2107  3150 E aoob    : 	at aoob.a(:com.google.android.gms@202414022@20.24.14 (040700-319035315):86)
01-17 15:58:16.177  2107  3150 E aoob    : 	at aabt.run(:com.google.android.gms@202414022@20.24.14 (040700-319035315):9)
01-17 15:58:16.177  2107  3150 E aoob    : 	at bnin.run(:com.google.android.gms@202414022@20.24.14 (040700-319035315):2)
01-17 15:58:16.177  2107  3150 E aoob    : 	at soy.b(:com.google.android.gms@202414022@20.24.14 (040700-319035315):12)
01-17 15:58:16.177  2107  3150 E aoob    : 	at soy.run(:com.google.android.gms@202414022@20.24.14 (040700-319035315):7)
01-17 15:58:16.177  2107  3150 E aoob    : 	at java.util.concurrent.ThreadPoolExecutor.runWorker(ThreadPoolExecutor.java:1167)
01-17 15:58:16.177  2107  3150 E aoob    : 	at java.util.concurrent.ThreadPoolExecutor$Worker.run(ThreadPoolExecutor.java:641)
01-17 15:58:16.177  2107  3150 E aoob    : 	at sux.run(:com.google.android.gms@202414022@20.24.14 (040700-319035315):0)
01-17 15:58:16.177  2107  3150 E aoob    : 	at java.lang.Thread.run(Thread.java:764)
01-17 15:58:16.177  2107  3150 E AsyncOperation: serviceID=51, operation=CommitToConfigurationOperationCall
01-17 15:58:16.177  2107  3150 E AsyncOperation: OperationException[Status{statusCode=Empty (package not registered?) or malformed snapshot token: , resolution=null}]
01-17 15:58:16.177  2107  3150 E AsyncOperation: 	at aoob.a(:com.google.android.gms@202414022@20.24.14 (040700-319035315):93)
01-17 15:58:16.177  2107  3150 E AsyncOperation: 	at aoob.a(:com.google.android.gms@202414022@20.24.14 (040700-319035315):86)
01-17 15:58:16.177  2107  3150 E AsyncOperation: 	at aabt.run(:com.google.android.gms@202414022@20.24.14 (040700-319035315):9)
01-17 15:58:16.177  2107  3150 E AsyncOperation: 	at bnin.run(:com.google.android.gms@202414022@20.24.14 (040700-319035315):2)
01-17 15:58:16.177  2107  3150 E AsyncOperation: 	at soy.b(:com.google.android.gms@202414022@20.24.14 (040700-319035315):12)
01-17 15:58:16.177  2107  3150 E AsyncOperation: 	at soy.run(:com.google.android.gms@202414022@20.24.14 (040700-319035315):7)
01-17 15:58:16.177  2107  3150 E AsyncOperation: 	at java.util.concurrent.ThreadPoolExecutor.runWorker(ThreadPoolExecutor.java:1167)
01-17 15:58:16.177  2107  3150 E AsyncOperation: 	at java.util.concurrent.ThreadPoolExecutor$Worker.run(ThreadPoolExecutor.java:641)
01-17 15:58:16.177  2107  3150 E AsyncOperation: 	at sux.run(:com.google.android.gms@202414022@20.24.14 (040700-319035315):0)
01-17 15:58:16.177  2107  3150 E AsyncOperation: 	at java.lang.Thread.run(Thread.java:764)
01-17 15:58:16.178  2632  2632 W PhenotypeFlagCommitter: Committing snapshot for com.google.android.apps.nexuslauncher failed, retrying
01-17 15:58:16.183  2632  2632 D Committer: Committed to new configuration from Phenotype
01-17 15:58:16.185  2107  3150 E aoob    : Phenotype API error. Event # ccoz@7e027024, EventCode: 5 [CONTEXT service_id=51 ]
