01-17 15:58:06.452  2139  2139 D StorageNotification:     type=PUBLIC diskId=disk:253,80 partGuid= mountFlags=VISIBLE mountUserId=0 
01-17 15:58:06.452  2139  2139 D StorageNotification:     state=MOUNTED 
01-17 15:58:06.452  2139  2139 D StorageNotification:     fsType=vfat fsUuid=1415-1210 fsLabel=SDCARD 
01-17 15:58:06.452  2139  2139 D StorageNotification:     path=/storage/1415-1210 internalPath=/mnt/media_rw/1415-1210 
01-17 15:58:06.455  2191  2191 I CallNotifier: onCallForwardingIndicatorChanged(): subId=1, visible=N
01-17 15:58:06.458  2191  2191 D CallNotifier: updatePhoneStateListeners: update CF notifications.
01-17 15:58:06.458  2191  2191 I NotificationMgr: updateCfi: subId= 1, visible=N
01-17 15:58:06.459  2139  2139 D SystemUIBootTiming: StartServicescom.android.systemui.usb.StorageNotification took to complete: 13ms
01-17 15:58:06.460  2191  2191 I NotificationMgr: updateMwi(): subId 1 update to false
01-17 15:58:06.464  2139  2139 D SystemUIBootTiming: StartServicescom.android.systemui.power.PowerUI took to complete: 4ms
01-17 15:58:06.465  2139  2139 D SystemUIBootTiming: StartServicescom.android.systemui.media.RingtonePlayer took to complete: 1ms
01-17 15:58:06.466  2139  2139 D SystemUIBootTiming: StartServicescom.android.systemui.keyboard.KeyboardUI took to complete: 2ms
01-17 15:58:06.468  2191  2191 I ImsExternalCallTracker: handleVideoCapabilitiesChanged : isVideoCapable = false
01-17 15:58:06.468  2191  2191 D ImsExternalCallTracker: refreshCallPullState
01-17 15:58:06.468  2191  2191 I TelecomFramework: PstnPhoneCapabilitiesNotifier: handleVideoCapabilitesChanged. Video capability - false
01-17 15:58:06.468  2191  2191 I ImsExternalCallTracker: handleVideoCapabilitiesChanged : isVideoCapable = false
01-17 15:58:06.468  2191  2191 D ImsExternalCallTracker: refreshCallPullState
01-17 15:58:06.468  2191  2191 I TelecomFramework: PstnPhoneCapabilitiesNotifier: handleVideoCapabilitesChanged. Video capability - false
01-17 15:58:06.469  1978  1995 I ActivityManager: Start proc 2470:com.google.android.dialer/u0a11 for broadcast com.google.android.dialer/com.android.dialer.app.voicemail.LegacyVoicemailNotificationReceiver
01-17 15:58:06.474  2470  2470 W .android.diale: Unexpected CPU variant for X86 using defaults: x86
01-17 15:58:06.474  2191  2191 I ImsExternalCallTracker: handleVideoCapabilitiesChanged : isVideoCapable = false
01-17 15:58:06.474  2191  2191 D ImsExternalCallTracker: refreshCallPullState
01-17 15:58:06.474  2191  2191 I TelecomFramework: PstnPhoneCapabilitiesNotifier: handleVideoCapabilitesChanged. Video capability - false
01-17 15:58:06.474  1978  2090 I AudioService: setBluetoothScoOnInt: false resetBluetoothSco
01-17 15:58:06.474  2191  2191 I ImsExternalCallTracker: handleVideoCapabilitiesChanged : isVideoCapable = false
01-17 15:58:06.474  2191  2191 D ImsExternalCallTracker: refreshCallPullState
01-17 15:58:06.475  2191  2191 I TelecomFramework: PstnPhoneCapabilitiesNotifier: handleVideoCapabilitesChanged. Video capability - false
01-17 15:58:06.485  2139  2139 D SystemUIBootTiming: StartServicescom.android.systemui.pip.PipUI took to complete: 19ms
01-17 15:58:06.486  2139  2139 D SystemUIBootTiming: StartServicescom.android.systemui.shortcut.ShortcutKeyDispatcher took to complete: 1ms
01-17 15:58:06.493  1978  2028 I Telecom : PhoneAccountRegistrar: Modify account: [ComponentInfo{com.android.phone/com.android.services.telephony.TelephonyConnectionService}, ***, UserHandle{0}]: TSI.rPA@AC0
01-17 15:58:06.496  2139  2139 D SystemUIBootTiming: StartServicescom.google.android.systemui.GoogleServices took to complete: 9ms
01-17 15:58:06.496  2191  2191 D CarrierConfigLoader: Connected to config app: com.android.carrierconfig/com.android.carrierconfig.DefaultCarrierConfigService
01-17 15:58:06.498  1978  2086 D NotificationSQLiteLog: Pruned event entries: 0
01-17 15:58:06.499  2139  2139 D SystemUIBootTiming: StartServicescom.android.systemui.util.leak.GarbageMonitor$Service took to complete: 4ms
01-17 15:58:06.500  2139  2139 D SystemUIBootTiming: StartServicescom.android.systemui.LatencyTester took to complete: 0ms
01-17 15:58:06.502  2470  2470 I .android.diale: The ClassLoaderContext is a special shared library.
01-17 15:58:06.503  2139  2139 D SystemUIBootTiming: StartServicescom.android.systemui.globalactions.GlobalActionsComponent took to complete: 4ms
01-17 15:58:06.505  2139  2139 D SystemUIBootTiming: StartServicescom.android.systemui.ScreenDecorations took to complete: 2ms
01-17 15:58:06.509  2191  2191 D TelephonyProvider: subIdString = 1 subId = 1
01-17 15:58:06.509  2191  2191 D TelephonyProvider: getPreferredApnIdFromApn: for subId 1
01-17 15:58:06.512  2107  2107 E ActivityThread: Failed to find provider info for com.google.android.gsf.gservices
01-17 15:58:06.519  2470  2470 I Dialer  : GoogleDialerApplication.onCreate - enter
01-17 15:58:06.524  1978  2029 E memtrack: Couldn't load memtrack module
01-17 15:58:06.524  1978  2029 W android.os.Debug: failed to get memory consumption info: -1
01-17 15:58:06.525  2470  2470 I Dialer  : DialerExecutorModule.newThread - creating low priority thread
01-17 15:58:06.526  2470  2490 I Dialer  : BlockedNumbersAutoMigrator - not attempting auto-migrate: device is locked
01-17 15:58:06.537  2191  2191 D CarrierConfigLoader: mHandler: 3 phoneId: 0
01-17 15:58:06.512  2107  2107 E ActivityThread: Failed to find provider info for com.google.android.gsf.gservices
01-17 15:58:06.537  2470  2470 E ActivityThread: Failed to find provider info for com.google.android.gsf.gservices
01-17 15:58:06.539  2191  2191 D TelephonyProvider: subIdString = 1 subId = 1
01-17 15:58:06.539  2191  2191 D TelephonyProvider: getPreferredApnIdFromApn: for subId 1
01-17 15:58:06.539  2451  2467 D DefaultCarrierConfigService: Config being fetched
01-17 15:58:06.540  2191  2200 W System  : A resource failed to call close. 
01-17 15:58:06.540  2191  2191 D TelephonyProvider: subIdString = 1 subId = 1
01-17 15:58:06.541  2191  2191 D TelephonyProvider: getPreferredApnIdFromApn: for subId 1
01-17 15:58:06.538  2470  2470 I chatty  : uid=10011(com.google.android.dialer) identical 2 lines
01-17 15:58:06.541  2470  2470 E ActivityThread: Failed to find provider info for com.google.android.gsf.gservices
01-17 15:58:06.541  1978  2028 D ConnectivityService: registerNetworkAgent NetworkAgentInfo{ ni{[type: MOBILE[LTE], state: CONNECTED/CONNECTED, reason: connected, extra: epc.tmobile.com, failover: false, available: true, roaming: false]}  network{100}  nethandle{432902426637}  lp{{InterfaceName: radio0 LinkAddresses: [192.168.200.2/24,fe80::b059:e3ff:fe73:f872/64,fec0::b059:e3ff:fe73:f872/64,fec0::b853:9c3a:5bec:4924/64,]  Routes: [0.0.0.0/0 -> 192.168.200.1 radio0,192.168.200.0/24 -> 0.0.0.0 radio0,fe80::/64 -> :: radio0,fec0::/64 -> :: radio0,] DnsAddresses: [10.0.2.3,] UsePrivateDns: false PrivateDnsServerName: null Domains: null MTU: 1500 TcpBufferSizes: 524288,1048576,2097152,262144,524288,1048576}}  nc{[ Transports: CELLULAR Capabilities: MMS&SUPL&DUN&FOTA&IMS&CBS&IA&INTERNET&NOT_RESTRICTED&TRUSTED&NOT_VPN&NOT_ROAMING&FOREGROUND&NOT_CONGESTED&NOT_SUSPENDED Unwanted:  LinkUpBandwidth>=51200Kbps LinkDnBandwidth>=102400Kbps Specifier: <1>]}  Score{10}  everValidated{false}  lastValidated{false}  created{false} lingering{false} explicitlySelected{false} acceptUnvalidated{false} everCaptivePortalDetected{false} lastCaptivePortalDetected{false} clat{null} }
01-17 15:58:06.541  1978  2082 D ConnectivityService: NetworkAgentInfo [MOBILE (LTE) - 100] EVENT_NETWORK_INFO_CHANGED, going from null to CONNECTED
01-17 15:58:06.541  1927  1959 D TcpSocketMonitor: resuming tcpinfo polling (interval=30000ms)
01-17 15:58:06.541  2470  2470 I Dialer  : SpamModule.provideSpam - using in-app spam
01-17 15:58:06.541  1978  2082 W DnsManager: updatePrivateDns(100, PrivateDnsConfig{true:/[]})
01-17 15:58:06.541  1978  2082 D ConnectivityService: Setting DNS servers for network 100 to [/10.0.2.3]
01-17 15:58:06.542  1978  2082 D DnsManager: setDnsConfigurationForNetwork(100, [10.0.2.3], [], [1800, 25, 8, 64], , [10.0.2.3])
01-17 15:58:06.542  2191  2191 D TelephonyProvider: subIdString = 1 subId = 1
01-17 15:58:06.542  2191  2191 D TelephonyProvider: getPreferredApnIdFromApn: for subId 1
01-17 15:58:06.544  1978  2082 D ConnectivityService: Adding iface radio0 to network 100
01-17 15:58:06.544  2470  2470 E ActivityThread: Failed to find provider info for com.google.android.gsf.gservices
01-17 15:58:06.545  1978  1990 W ActivityManager: Unable to start service Intent { act=com.google.android.gms.people.service.START pkg=com.google.android.gms } U=0: not found
01-17 15:58:06.546  1978  1990 W ActivityManager: Unbind failed: could not find connection for android.os.BinderProxy@6d064a
01-17 15:58:06.546  2470  2492 E GmsClient: unable to connect to service: com.google.android.gms.people.service.START on com.google.android.gms
01-17 15:58:06.547  2470  2470 E ActivityThread: Failed to find provider info for com.google.android.gsf.gservices
01-17 15:58:06.547  1978  1990 W ActivityManager: Unable to start service Intent { act=com.google.android.gms.telephonyspam.service.START pkg=com.google.android.gms } U=0: not found
01-17 15:58:06.547  1978  1990 W ActivityManager: Unbind failed: could not find connection for android.os.BinderProxy@d9269bb
01-17 15:58:06.547  2470  2492 E GmsClient: unable to connect to service: com.google.android.gms.telephonyspam.service.START on com.google.android.gms
01-17 15:58:06.547  2470  2470 E ActivityThread: Failed to find provider info for com.google.android.gsf.gservices
01-17 15:58:06.550  1978  1990 W ActivityManager: Unable to start service Intent { act=com.google.android.gms.people.service.START pkg=com.google.android.gms } U=0: not found
01-17 15:58:06.551  2470  2470 E ActivityThread: Failed to find provider info for com.google.android.gsf.gservices
01-17 15:58:06.551  2470  2470 I Dialer  : SpamModule.provideSpam - using in-app spam
01-17 15:58:06.552  1978  1990 W ActivityManager: Unbind failed: could not find connection for android.os.BinderProxy@5302ed8
01-17 15:58:06.552  2470  2470 I Dialer  : DialerApplication.initializeAnnotatedCallLog - framework not enabled
01-17 15:58:06.552  2139  2139 D SystemUIBootTiming: StartServicescom.android.systemui.fingerprint.FingerprintDialogImpl took to complete: 47ms
01-17 15:58:06.552  2470  2492 E GmsClient: unable to connect to service: com.google.android.gms.people.service.START on com.google.android.gms
01-17 15:58:06.552  2139  2139 D SystemUIBootTiming: StartServicescom.android.systemui.SliceBroadcastRelayHandler took to complete: 0ms
01-17 15:58:06.553  2139  2139 D SystemUIBootTiming: StartServices took to complete: 4550ms
01-17 15:58:06.553  1978  1990 W ActivityManager: Unable to start service Intent { act=com.google.android.gms.telephonyspam.service.START pkg=com.google.android.gms } U=0: not found
01-17 15:58:06.553  2470  2470 I Dialer  : NotificationChannelManager.initChannels - doing an expensive initialization of all notification channels
01-17 15:58:06.553  1978  2111 W ActivityManager: Unbind failed: could not find connection for android.os.BinderProxy@ee56084
01-17 15:58:06.553  2470  2470 I Dialer  : NotificationChannelManager.initChannels - desired channel IDs: {phone_ongoing_call, phone_incoming_call, phone_voicemail, phone_missed_call, phone_default}
01-17 15:58:06.553  2470  2470 I Dialer  : NotificationChannelManager.initChannels - existing channel IDs: {}
01-17 15:58:06.553  2470  2492 E GmsClient: unable to connect to service: com.google.android.gms.telephonyspam.service.START on com.google.android.gms
01-17 15:58:06.541  1927  1927 W Binder:1927_2: type=1400 audit(0.0:7): avc: denied { write } for name="mtu" dev="sysfs" ino=14700 scontext=u:r:netd:s0 tcontext=u:object_r:sysfs:s0 tclass=file permissive=0
01-17 15:58:06.558  1978  2082 E ConnectivityService: exception in setMtu()java.lang.IllegalStateException: command '33 interface setmtu radio0 1500' failed with '400 33 Failed to set MTU (Permission denied)'
01-17 15:58:06.559  2191  2191 D TelephonyProvider: subIdString = 1 subId = 1
01-17 15:58:06.559  2191  2191 D TelephonyProvider: getPreferredApnIdFromApn: for subId 1
01-17 15:58:06.560  1978  2082 D ConnectivityService: Setting DNS servers for network 100 to [/10.0.2.3]
01-17 15:58:06.560  1978  2082 D DnsManager: setDnsConfigurationForNetwork(100, [10.0.2.3], [], [1800, 25, 8, 64], , [10.0.2.3])
01-17 15:58:06.562  1978  2082 W BestClock: java.time.DateTimeException: Missing NTP fix
01-17 15:58:06.562  2191  2191 D TelephonyProvider: subIdString = 1 subId = 1
01-17 15:58:06.562  2191  2191 D TelephonyProvider: getPreferredApnIdFromApn: for subId 1
01-17 15:58:06.565  2191  2191 D TelephonyProvider: subIdString = 1 subId = 1
01-17 15:58:06.565  2191  2191 D TelephonyProvider: getPreferredApnIdFromApn: for subId 1
01-17 15:58:06.571  2191  2191 D TelephonyProvider: subIdString = 1 subId = 1
01-17 15:58:06.571  2191  2191 D TelephonyProvider: getPreferredApnIdFromApn: for subId 1
01-17 15:58:06.572  2470  2470 E ActivityThread: Failed to find provider info for com.google.android.gsf.gservices
01-17 15:58:06.573  2191  2191 D TelephonyProvider: subIdString = 1 subId = 1
01-17 15:58:06.573  2191  2191 D TelephonyProvider: getPreferredApnIdFromApn: for subId 1
01-17 15:58:06.573  1978  2082 W BestClock: java.time.DateTimeException: Missing NTP fix
01-17 15:58:06.572  2470  2470 E ActivityThread: Failed to find provider info for com.google.android.gsf.gservices
01-17 15:58:06.574  1978  2028 W ActivityManager: Unable to start service Intent { act=android.intent.action.QUICKSTEP_SERVICE pkg=com.google.android.apps.nexuslauncher } U=0: not found
01-17 15:58:06.574  2139  2139 W OverviewProxyService: Failed to connect on attempt 1 will try again in 5000ms
01-17 15:58:06.574  1978  2076 W BestClock: java.time.DateTimeException: Missing NTP fix
01-17 15:58:06.575  1978  2082 W BestClock: java.time.DateTimeException: Missing NTP fix
01-17 15:58:06.577  2191  2191 D TelephonyProvider: subIdString = 1 subId = 1
01-17 15:58:06.577  2191  2191 D TelephonyProvider: getPreferredApnIdFromApn: for subId 1
01-17 15:58:06.577  1978  2082 W BestClock: java.time.DateTimeException: Missing NTP fix
01-17 15:58:06.578  2470  2470 E .android.diale: The String#value field is not present on Android versions >= 6.0
01-17 15:58:06.579  1978  2028 W ActivityManager: Unable to start service Intent { act=com.google.android.gms.phenotype.service.START pkg=com.google.android.gms } U=0: not found
01-17 15:58:06.579  2139  2139 I Choreographer: Skipped 102 frames!  The application may be doing too much work on its main thread.
01-17 15:58:06.579  1978  2111 W ActivityManager: Unbind failed: could not find connection for android.os.BinderProxy@ec7118f
01-17 15:58:06.579  2470  2492 E GmsClient: unable to connect to service: com.google.android.gms.phenotype.service.START on com.google.android.gms
01-17 15:58:06.580  2470  2470 I Dialer  : GoogleDialerApplication.onCreate - register new client
01-17 15:58:06.582  1978  2076 W BestClock: java.time.DateTimeException: Missing NTP fix
01-17 15:58:06.584  2191  2191 D TelephonyProvider: subIdString = 1 subId = 1
01-17 15:58:06.584  2191  2191 D TelephonyProvider: deletePreferredApn: for subId 1
01-17 15:58:06.585  2191  2191 D TelephonyProvider: subIdString = 1 subId = 1
01-17 15:58:06.585  2191  2191 D TelephonyProvider: setPreferredApn: _id 1 subId 1
01-17 15:58:06.585  1978  2082 D ConnectivityService: Switching to new default network: NetworkAgentInfo{ ni{[type: MOBILE[LTE], state: CONNECTED/CONNECTED, reason: connected, extra: epc.tmobile.com, failover: false, available: true, roaming: false]}  network{100}  nethandle{432902426637}  lp{{InterfaceName: radio0 LinkAddresses: [192.168.200.2/24,fe80::b059:e3ff:fe73:f872/64,fec0::b059:e3ff:fe73:f872/64,fec0::b853:9c3a:5bec:4924/64,]  Routes: [0.0.0.0/0 -> 192.168.200.1 radio0,192.168.200.0/24 -> 0.0.0.0 radio0,fe80::/64 -> :: radio0,fec0::/64 -> :: radio0,] DnsAddresses: [10.0.2.3,] UsePrivateDns: false PrivateDnsServerName: null Domains: null MTU: 1500 TcpBufferSizes: 524288,1048576,2097152,262144,524288,1048576}}  nc{[ Transports: CELLULAR Capabilities: MMS&SUPL&DUN&FOTA&IMS&CBS&IA&INTERNET&NOT_RESTRICTED&TRUSTED&NOT_VPN&NOT_ROAMING&FOREGROUND&NOT_CONGESTED&NOT_SUSPENDED Unwanted:  LinkUpBandwidth>=51200Kbps LinkDnBandwidth>=102400Kbps Specifier: <1>]}  Score{10}  everValidated{false}  lastValidated{false}  created{true} lingering{false} explicitlySelected{false} acceptUnvalidated{false} everCaptivePortalDetected{false} lastCaptivePortalDetected{false} clat{null} }
01-17 15:58:06.594  2470  2470 E ActivityThread: Failed to find provider info for com.google.android.gsf.gservices
01-17 15:58:06.594  1978  2082 W BestClock: java.time.DateTimeException: Missing NTP fix
01-17 15:58:06.595  2470  2470 I Dialer  : GoogleDialerApplication.onCreate - registered new client
01-17 15:58:06.597  2470  2470 I Dialer  : LegacyVoicemailNotificationReceiver.onReceive - received legacy voicemail notification
01-17 15:58:06.598  2139  2364 D HostConnection: HostConnection::get() New Host Connection established 0xde0a4b60, tid 2364
01-17 15:58:06.599  2470  2470 I Dialer  : LegacyVoicemailNotificationReceiver.onReceive - isRefresh: false
01-17 15:58:06.601  2470  2470 I Dialer  : LegacyVoicemailNotificationReceiver.onReceive - clearing notification
01-17 15:58:06.601  2470  2470 I Dialer  : LegacyVoicemailNotifier.cancelNotification - enter
01-17 15:58:06.602  2470  2470 I Dialer  : Flags.register - phenotype register status: false
01-17 15:58:06.605  1638  1701 D gralloc_ranchu: gralloc_alloc: Creating ashmem region of size 970752
01-17 15:58:06.605  1978  2082 W BestClock: java.time.DateTimeException: Missing NTP fix
01-17 15:58:06.606  1978  2076 W BestClock: java.time.DateTimeException: Missing NTP fix
01-17 15:58:06.606  1638  1701 D gralloc_ranchu: gralloc_alloc: Creating ashmem region of size 970752
01-17 15:58:06.596  2470  2470 I chatty  : uid=10011(com.google.android.dialer) identical 2 lines
01-17 15:58:06.596  2470  2470 E ActivityThread: Failed to find provider info for com.google.android.gsf.gservices
01-17 15:58:06.608  1978  2082 D ConnectivityService: Sending CONNECTED broadcast for type 0 NetworkAgentInfo [MOBILE (LTE) - 100] isDefaultNetwork=true
01-17 15:58:06.608  1978  2188 D NetworkTimeUpdateService: New default network 100; checking time.
01-17 15:58:06.608  1638  1701 D gralloc_ranchu: gralloc_alloc: Creating ashmem region of size 970752
01-17 15:58:06.609  2191  2191 D CarrierConfigLoader: mHandler: 5 phoneId: 0
01-17 15:58:06.612  1978  1978 I SyncManager: Loaded persisted syncs: 0 periodic syncs, 0 oneshot syncs, 7 total system server jobs, JobStats: FirstLoad: 0/0/0 LastSave: 2/0/0
01-17 15:58:06.612  1978  2076 W BestClock: java.time.DateTimeException: Missing NTP fix
01-17 15:58:06.615  2139  2139 D ViewRootImpl[StatusBar]: changeCanvasOpacity: opaque=true
01-17 15:58:06.620  1978  2076 W BestClock: java.time.DateTimeException: Missing NTP fix
01-17 15:58:06.621  2191  2424 I CarrierInfoManager: using values for mnc, mcc: 260,310
01-17 15:58:06.622  2470  2470 I Dialer  : LegacyVoicemailNotificationReceiver.onReceive - received legacy voicemail notification
01-17 15:58:06.623  2470  2470 I Dialer  : LegacyVoicemailNotificationReceiver.onReceive - isRefresh: true
01-17 15:58:06.623  2470  2470 I Dialer  : LegacyVoicemailNotificationReceiver.onReceive - clearing notification
01-17 15:58:06.623  2470  2470 I Dialer  : LegacyVoicemailNotifier.cancelNotification - enter
01-17 15:58:06.623  1978  2082 W BestClock: java.time.DateTimeException: Missing NTP fix
01-17 15:58:06.623  1978  2082 W BestClock: java.time.DateTimeException: Missing NTP fix
01-17 15:58:06.625  2191  2191 I ImsResolver: Received Carrier Config Changed for SlotId: 0
01-17 15:58:06.626  2107  2107 W DirectBootExitBR: User is in direct boot mode.
01-17 15:58:06.627  2191  2191 D CarrierKeyDownloadManager: Carrier Config changed: android.telephony.action.CARRIER_CONFIG_CHANGED
01-17 15:58:06.627  2107  2107 E ActivityThread: Failed to find provider info for com.google.android.gsf.gservices
01-17 15:58:06.627  1978  2076 W BestClock: java.time.DateTimeException: Missing NTP fix
01-17 15:58:06.628  2191  2191 D CarrierKeyDownloadManager: Carrier not enabled or invalid values
01-17 15:58:06.628  2191  2191 D CarrierKeyDownloadManager: Cleaning up existing renewal alarms
01-17 15:58:06.629  1978  2075 W BestClock: java.time.DateTimeException: Missing NTP fix
01-17 15:58:06.633  1978  2075 W BestClock: java.time.DateTimeException: Missing NTP fix
01-17 15:58:06.634  1978  2082 W BestClock: java.time.DateTimeException: Missing NTP fix
01-17 15:58:06.636  1978  2076 W BestClock: java.time.DateTimeException: Missing NTP fix
01-17 15:58:06.647  2191  2424 D CarrierInfoManager: No rows found for keyType: 2
01-17 15:58:06.648  1978  2076 W BestClock: java.time.DateTimeException: Missing NTP fix
01-17 15:58:06.649  1978  2082 W BestClock: java.time.DateTimeException: Missing NTP fix
01-17 15:58:06.650  2139  2364 D HostConnection: HostComposition ext ANDROID_EMU_CHECKSUM_HELPER_v1 ANDROID_EMU_native_sync_v2 ANDROID_EMU_native_sync_v3 ANDROID_EMU_native_sync_v4 ANDROID_EMU_dma_v1 ANDROID_EMU_YUV420_888_to_NV21 ANDROID_EMU_YUV_Cache ANDROID_EMU_sync_buffer_data GL_OES_EGL_image_external_essl3 GL_OES_vertex_array_object GL_KHR_texture_compression_astc_ldr ANDROID_EMU_host_side_tracing ANDROID_EMU_gles_max_version_3_0 
01-17 15:58:06.652  1978  2498 D NetworkMonitor/NetworkAgentInfo [MOBILE (LTE) - 100]: PROBE_DNS www.google.com 66ms OK 142.250.180.132,2a00:1450:4002:402::2004
01-17 15:58:06.653  2191  2191 I ImsResolver: Carrier Config updated, binding new ImsService
01-17 15:58:06.656  1978  2499 D NetworkMonitor/NetworkAgentInfo [MOBILE (LTE) - 100]: PROBE_DNS connectivitycheck.gstatic.com 73ms OK 142.250.184.35,2a00:1450:4002:404::2003
01-17 15:58:06.656  1978  2082 W BestClock: java.time.DateTimeException: Missing NTP fix
01-17 15:58:06.657  1978  2076 W BestClock: java.time.DateTimeException: Missing NTP fix
01-17 15:58:06.657  2139  2364 I ConfigStore: android::hardware::configstore::V1_0::ISurfaceFlingerConfigs::hasWideColorDisplay retrieved: 0
01-17 15:58:06.657  2139  2364 I ConfigStore: android::hardware::configstore::V1_0::ISurfaceFlingerConfigs::hasHDRDisplay retrieved: 0
01-17 15:58:06.657  2139  2364 I OpenGLRenderer: Initialized EGL, version 1.4
01-17 15:58:06.657  2139  2364 D OpenGLRenderer: Swap behavior 1
01-17 15:58:06.657  2139  2364 W OpenGLRenderer: Failed to choose config with EGL_SWAP_BEHAVIOR_PRESERVED, retrying without...
01-17 15:58:06.657  2139  2364 D OpenGLRenderer: Swap behavior 0
01-17 15:58:06.627  2107  2107 E ActivityThread: Failed to find provider info for com.google.android.gsf.gservices
01-17 15:58:06.657  1978  1978 I Telecom : PhoneAccountRegistrar: SimCallManager queried, returning: null: TSI.gSCMFU@ADA
01-17 15:58:06.660  2139  2364 D eglCodecCommon: setVertexArrayObject: set vao to 0 (0) 0 0
01-17 15:58:06.660  2139  2364 D EGL_emulation: eglCreateContext: 0xcb494600: maj 3 min 0 rcv 3
01-17 15:58:06.664  2139  2364 D EGL_emulation: eglMakeCurrent: 0xcb494600: ver 3 0 (tinfo 0xcb4a82d0)
01-17 15:58:06.666  1928  2056 E SurfaceFlinger: ro.sf.lcd_density must be defined as a build property
01-17 15:58:06.670  1978  1995 I ActivityManager: Start proc 2511:android.process.acore/u0a25 for content provider com.android.providers.blockednumber/.BlockedNumberProvider
01-17 15:58:06.674  2511  2511 W d.process.acor: Unexpected CPU variant for X86 using defaults: x86
01-17 15:58:06.679  1978  2076 W BestClock: java.time.DateTimeException: Missing NTP fix
01-17 15:58:06.682  2139  2364 D HostConnection: createUnique: call
01-17 15:58:06.683  2139  2364 D HostConnection: HostConnection::get() New Host Connection established 0xcab373f0, tid 2364
01-17 15:58:06.688  2191  2191 D CallNotifier: updatePhoneStateListeners: update CF notifications.
01-17 15:58:06.688  2191  2191 I NotificationMgr: updateCfi: subId= 1, visible=N
01-17 15:58:06.690  1978  2082 W BestClock: java.time.DateTimeException: Missing NTP fix
01-17 15:58:06.691  1978  2076 W BestClock: java.time.DateTimeException: Missing NTP fix
01-17 15:58:06.694  2191  2191 I NotificationMgr: updateMwi(): subId 1 update to false
01-17 15:58:06.696  2139  2468 E ActivityThread: Failed to find provider info for com.android.contacts
01-17 15:58:06.700  1978  2188 D SntpClient: round trip: 45ms, clock offset: 899ms
01-17 15:58:06.702  2191  2191 I TelecomFramework: PstnIncomingCallNotifier: Unregistering: Handler (com.android.internal.telephony.GsmCdmaPhone) {438f6f7}
01-17 15:58:06.703  2470  2470 I Dialer  : LegacyVoicemailNotificationReceiver.onReceive - received legacy voicemail notification
01-17 15:58:06.704  2470  2470 I Dialer  : LegacyVoicemailNotificationReceiver.onReceive - isRefresh: true
01-17 15:58:06.704  2470  2470 I Dialer  : LegacyVoicemailNotificationReceiver.onReceive - clearing notification
01-17 15:58:06.704  2470  2470 I Dialer  : LegacyVoicemailNotifier.cancelNotification - enter
01-17 15:58:06.721  1978  2111 I Telecom : PhoneAccountRegistrar: Modify account: [ComponentInfo{com.android.phone/com.android.services.telephony.TelephonyConnectionService}, ***, UserHandle{0}]: TSI.rPA@ADM
01-17 15:58:06.721  2511  2511 I d.process.acor: The ClassLoaderContext is a special shared library.
01-17 15:58:06.725  2191  2191 I TelecomFramework: AccountEntry: Registered phoneAccount: [[ ] PhoneAccount: ComponentInfo{com.android.phone/com.android.services.telephony.TelephonyConnectionService}, ***, UserHandle{0} Capabilities: CallProvider MultiUser PlaceEmerg SimSub  Audio Routes: BESW Schemes: tel voicemail  Extras: Bundle[{android.telecom.extra.SUPPORTS_VIDEO_CALLING_FALLBACK=true}] GroupId: ***] with handle: ComponentInfo{com.android.phone/com.android.services.telephony.TelephonyConnectionService}, ***, UserHandle{0}
01-17 15:58:06.725  2191  2191 I TelecomFramework: PstnIncomingCallNotifier: Registering: Handler (com.android.internal.telephony.GsmCdmaPhone) {438f6f7}
01-17 15:58:06.728  2191  2191 I ImsExternalCallTracker: handleVideoCapabilitiesChanged : isVideoCapable = false
01-17 15:58:06.728  2191  2191 D ImsExternalCallTracker: refreshCallPullState
01-17 15:58:06.729  2191  2191 I TelecomFramework: PstnPhoneCapabilitiesNotifier: handleVideoCapabilitesChanged. Video capability - false
01-17 15:58:06.735  2139  2364 D HostConnection: HostComposition ext ANDROID_EMU_CHECKSUM_HELPER_v1 ANDROID_EMU_native_sync_v2 ANDROID_EMU_native_sync_v3 ANDROID_EMU_native_sync_v4 ANDROID_EMU_dma_v1 ANDROID_EMU_YUV420_888_to_NV21 ANDROID_EMU_YUV_Cache ANDROID_EMU_sync_buffer_data GL_OES_EGL_image_external_essl3 GL_OES_vertex_array_object GL_KHR_texture_compression_astc_ldr ANDROID_EMU_host_side_tracing ANDROID_EMU_gles_max_version_3_0 
01-17 15:58:06.735  2139  2364 E eglCodecCommon: GoldfishAddressSpaceHostMemoryAllocator: ioctl_ping failed for device_type=5, ret=-1
01-17 15:58:06.742  2511  2511 I d.process.acor: The ClassLoaderContext is a special shared library.
01-17 15:58:06.742  2191  2200 W System  : A resource failed to call close. 
01-17 15:58:06.745  1978  2499 D NetworkMonitor/NetworkAgentInfo [MOBILE (LTE) - 100]: PROBE_HTTP http://connectivitycheck.gstatic.com/generate_204 time=88ms ret=204 request={User-Agent=[Mozilla/5.0 (X11; Linux x86_64) AppleWebKit/537.36 (KHTML, like Gecko) Chrome/60.0.3112.32 Safari/537.36]} headers={null=[HTTP/1.1 204 No Content], Content-Length=[0], Cross-Origin-Resource-Policy=[cross-origin], Date=[Tue, 17 Jan 2023 14:58:07 GMT], X-Android-Received-Millis=[1673967486744], X-Android-Response-Source=[NETWORK 204], X-Android-Selected-Protocol=[http/1.1], X-Android-Sent-Millis=[1673967486707]}
01-17 15:58:06.749  1978  2111 I Telecom : PhoneAccountRegistrar: Modify account: [ComponentInfo{com.android.phone/com.android.services.telephony.TelephonyConnectionService}, ***, UserHandle{0}]: TSI.rPA@ADY
01-17 15:58:06.750  2107  2107 E ActivityThread: Failed to find provider info for com.google.android.gsf.gservices
01-17 15:58:06.752  2107  2107 I chatty  : uid=10013 com.google.android.gms.persistent identical 2 lines
01-17 15:58:06.752  2107  2107 E ActivityThread: Failed to find provider info for com.google.android.gsf.gservices
01-17 15:58:06.780  2139  2383 E ActivityThread: Failed to find provider info for com.android.contacts
01-17 15:58:06.794  1978  2096 I GnssLocationProvider: WakeLock acquired by sendMessage(REPORT_SV_STATUS, 0, com.android.server.location.GnssLocationProvider$SvStatusInfo@d96db14)
01-17 15:58:06.795  1978  1992 I GnssLocationProvider: WakeLock released by handleMessage(REPORT_SV_STATUS, 0, com.android.server.location.GnssLocationProvider$SvStatusInfo@d96db14)
01-17 15:58:06.834  2107  2107 I GmsApplication: Staging modules and/or updating config
01-17 15:58:06.836  2107  2107 E ActivityThread: Failed to find provider info for com.google.android.gsf.gservices
01-17 15:58:06.843  1638  1701 D gralloc_ranchu: gralloc_alloc: Creating ashmem region of size 487424
01-17 15:58:06.846  1638  2373 D gralloc_ranchu: gralloc_alloc: Creating ashmem region of size 487424
01-17 15:58:06.847  1638  2373 D gralloc_ranchu: gralloc_alloc: Creating ashmem region of size 487424
01-17 15:58:06.859  2139  2139 D StatusBar: disable<e i a s b h r c s > disable2<q i n >
01-17 15:58:06.862  1978  2078 D WifiService: New client listening to asynchronous messages
01-17 15:58:06.884  1978  2498 D NetworkMonitor/NetworkAgentInfo [MOBILE (LTE) - 100]: PROBE_HTTPS https://www.google.com/generate_204 time=230ms ret=204 request={User-Agent=[Mozilla/5.0 (X11; Linux x86_64) AppleWebKit/537.36 (KHTML, like Gecko) Chrome/60.0.3112.32 Safari/537.36]} headers={null=[HTTP/1.1 204 No Content], Alt-Svc=[h3=":443"; ma=2592000,h3-29=":443"; ma=2592000,h3-Q050=":443"; ma=2592000,h3-Q046=":443"; ma=2592000,h3-Q043=":443"; ma=2592000,quic=":443"; ma=2592000; v="46,43"], Content-Length=[0], Cross-Origin-Resource-Policy=[cross-origin], Date=[Tue, 17 Jan 2023 14:58:07 GMT], X-Android-Received-Millis=[1673967486884], X-Android-Response-Source=[NETWORK 204], X-Android-Selected-Protocol=[http/1.1], X-Android-Sent-Millis=[1673967486845]}
01-17 15:58:06.884  2107  2107 E ChimeraCfgMgr: Failed to read module config: java.io.FileNotFoundException: /data/user_de/0/com.google.android.gms/app_chimera/current_config.fb (No such file or directory)
01-17 15:58:06.886  1978  2082 D ConnectivityService: NetworkAgentInfo [MOBILE (LTE) - 100] validation passed
01-17 15:58:06.887  1978  2094 I GnssLocationProvider: WakeLock acquired by sendMessage(UPDATE_NETWORK_STATE, 0, 100)
01-17 15:58:06.888  1978  1992 I GnssLocationProvider: WakeLock released by handleMessage(UPDATE_NETWORK_STATE, 0, 100)
01-17 15:58:06.938  2107  2107 I GmsApplication: Staging modules
01-17 15:58:06.965  2107  2107 I FileApkMgr: Extracting modules...
01-17 15:58:07.071  1978  1978 W Looper  : Slow dispatch took 413ms main h=android.app.ActivityThread$H c=android.app.-$$Lambda$LoadedApk$ReceiverDispatcher$Args$_BumDX2UKsnxLVrE6UJsJZkotuA@d97b09d m=0
01-17 15:58:07.071  1978  1978 W Looper  : Slow delivery took 448ms main h=com.android.server.notification.NotificationManagerService$WorkerHandler c=com.android.server.notification.NotificationManagerService$14@7d43912 m=0
01-17 15:58:07.072  1978  1978 I GnssLocationProvider: WakeLock acquired by sendMessage(SUBSCRIPTION_OR_SIM_CHANGED, 0, null)
01-17 15:58:07.079  1978  1978 W Looper  : Drained
01-17 15:58:07.097  1978  1992 E GnssLocationProvider: no AGPS interface in set_agps_server
01-17 15:58:07.098  1978  1992 I GnssLocationProvider: WakeLock released by handleMessage(SUBSCRIPTION_OR_SIM_CHANGED, 0, null)
01-17 15:58:07.099  1978  2032 W LocalDisplayAdapter: Unable to find color mode 0, ignoring request.
01-17 15:58:07.109  1978  2052 I InputReader: Reconfiguring input devices.  changes=0x00000004
01-17 15:58:07.110  1978  2052 I InputReader: Reconfiguring input devices.  changes=0x00000004
01-17 15:58:07.117  2107  2107 E ConfigFileUtils: Failed to read config file: /data/user_de/0/com.google.android.gms/app_chimera/current_fileapks.pb (No such file or directory)
01-17 15:58:07.176  2341  2371 D eglCodecCommon: setVertexArrayObject: set vao to 0 (0) 1 2
01-17 15:58:07.352  2139  2153 I ndroid.systemu: Background concurrent copying GC freed 44449(3MB) AllocSpace objects, 41(1460KB) LOS objects, 49% free, 3MB/7MB, paused 298us total 115.392ms
01-17 15:58:07.104  1978  2032 W LocalDisplayAdapter: Unable to find color mode 0, ignoring request.
01-17 15:58:07.396  2107  2107 E ActivityThread: Failed to find provider info for com.google.android.gsf.gservices
01-17 15:58:07.397  2107  2107 E ActivityThread: Failed to find provider info for com.google.android.gsf.gservices
01-17 15:58:07.627  1978  2032 W LocalDisplayAdapter: Unable to find color mode 0, ignoring request.
01-17 15:58:07.628  1978  2052 I InputReader: Reconfiguring input devices.  changes=0x00000004
01-17 15:58:07.655  1978  2052 I InputReader: Reconfiguring input devices.  changes=0x00000004
01-17 15:58:07.774  1638  2373 D gralloc_ranchu: gralloc_alloc: Creating ashmem region of size 16592896
01-17 15:58:07.776  2139  2139 I ImageWallpaper: Redrawing in rect: RectF(0.0, 0.0, 3495.9375, 2880.0) with surface size: 1440x2880
01-17 15:58:07.777  2139  2364 D EGL_emulation: eglMakeCurrent: 0xcb494600: ver 3 0 (tinfo 0xcb4a82d0)
01-17 15:58:07.795  1978  2096 I GnssLocationProvider: WakeLock acquired by sendMessage(REPORT_SV_STATUS, 0, com.android.server.location.GnssLocationProvider$SvStatusInfo@1190ac2)
01-17 15:58:07.795  1978  1992 I GnssLocationProvider: WakeLock released by handleMessage(REPORT_SV_STATUS, 0, com.android.server.location.GnssLocationProvider$SvStatusInfo@1190ac2)
01-17 15:58:07.798  2139  2139 I Choreographer: Skipped 72 frames!  The application may be doing too much work on its main thread.
01-17 15:58:07.811  2139  2364 D eglCodecCommon: setVertexArrayObject: set vao to 0 (0) 3 2
01-17 15:58:07.830  1638  2373 D gralloc_ranchu: gralloc_alloc: Creating ashmem region of size 16592896
01-17 15:58:07.847  1638  2373 D gralloc_ranchu: gralloc_alloc: Creating ashmem region of size 970752
01-17 15:58:07.852  1638  2373 D gralloc_ranchu: gralloc_alloc: Creating ashmem region of size 40960
01-17 15:58:07.864  1638  2373 I chatty  : uid=1000(system) HwBinder:1638_2 identical 2 lines
01-17 15:58:07.867  1638  2373 D gralloc_ranchu: gralloc_alloc: Creating ashmem region of size 40960
01-17 15:58:07.868  2139  2364 D EGL_emulation: eglMakeCurrent: 0xcb494600: ver 3 0 (tinfo 0xcb4a82d0)
01-17 15:58:07.907  1638  2373 D gralloc_ranchu: gralloc_alloc: Creating ashmem region of size 970752
01-17 15:58:07.911  2139  2364 I OpenGLRenderer: Davey! duration=1315ms; Flags=1, IntendedVsync=59881679177, Vsync=61081679129, OldestInputEvent=9223372036854775807, NewestInputEvent=0, HandleInputStart=61084739614, AnimationStart=61084790435, PerformTraversalsStart=61085579250, DrawStart=61136484980, SyncQueued=61155125605, SyncStart=61155833526, IssueDrawCommandsStart=61156203913, SwapBuffers=61187471425, FrameCompleted=61197899333, DequeueBufferDuration=4345000, QueueBufferDuration=475000, 
01-17 15:58:07.958  2139  2364 D EGL_emulation: eglMakeCurrent: 0xcb494600: ver 3 0 (tinfo 0xcb4a82d0)
01-17 15:58:08.026  2139  2364 I OpenGLRenderer: Davey! duration=1429ms; Flags=1, IntendedVsync=59881679177, Vsync=61081679129, OldestInputEvent=9223372036854775807, NewestInputEvent=0, HandleInputStart=61084739614, AnimationStart=61084790435, PerformTraversalsStart=61085579250, DrawStart=61222620602, SyncQueued=61245066900, SyncStart=61246341997, IssueDrawCommandsStart=61246500249, SwapBuffers=61304040125, FrameCompleted=61312499957, DequeueBufferDuration=367000, QueueBufferDuration=326000, 
01-17 15:58:08.064  2139  2139 W KeyguardUpdateMonitor: invalid subId in handleServiceStateChange()
01-17 15:58:08.082  2139  2139 W KeyguardUpdateMonitor: invalid subId in handleSimStateChange()
01-17 15:58:08.086  2139  2139 W KeyguardUpdateMonitor: invalid subId in handleServiceStateChange()
01-17 15:58:08.112  1928  1930 W SurfaceFlinger: Attempting to destroy on removed layer: cb042e5 DockedStackDivider#0
01-17 15:58:07.652  1978  2032 W LocalDisplayAdapter: Unable to find color mode 0, ignoring request.
01-17 15:58:08.113  1978  2002 I WindowManager: ******* TELLING SURFACE FLINGER WE ARE BOOTED!
01-17 15:58:08.113  1928  1930 I SurfaceFlinger: Boot is finished (42038 ms)
01-17 15:58:08.115  1763  1763 E installd: Failed to unlink /data//dalvik-cache/x86/.booting: No such file or directory
01-17 15:58:08.115  1978  2002 W ActivityManager: Unable to mark boot complete for abi: x86 (android.os.ServiceSpecificException: Failed to unlink /data//dalvik-cache/x86/.booting (code 2))
01-17 15:58:08.115  1763  1763 E installd: Failed to unlink /data//dalvik-cache/arm/.booting: No such file or directory
01-17 15:58:08.116  1978  2002 W ActivityManager: Unable to mark boot complete for abi: armeabi-v7a (android.os.ServiceSpecificException: Failed to unlink /data//dalvik-cache/arm/.booting (code 2))
01-17 15:58:08.116  1978  2002 I SystemServiceManager: Starting phase 1000
01-17 15:58:08.126  1978  2002 D ActivityManager: Finishing user boot 0
01-17 15:58:08.127  1978  2002 I ActivityManager: User 0 state changed from BOOTING to RUNNING_LOCKED
01-17 15:58:08.129  1978  2002 D ActivityManager: Started unlocking user 0
01-17 15:58:08.129  1978  2002 D ActivityManager: Unlocking user 0 progress 0
01-17 15:58:08.129  1978  2002 D ActivityManager: Unlocking user 0 progress 5
01-17 15:58:08.131  1581  1588 D vold    : e4crypt_prepare_user_storage for volume null, user 0, serial 0, flags 2
01-17 15:58:08.131  1581  1588 D vold    : Preparing: /data/system_ce/0
01-17 15:58:08.131  1581  1588 D vold    : Preparing: /data/misc_ce/0
01-17 15:58:08.131  1581  1588 D vold    : Preparing: /data/vendor_ce/0
01-17 15:58:08.131  1581  1588 D vold    : Preparing: /data/media/0
01-17 15:58:08.131  1581  1588 D vold    : Preparing: /data/data
01-17 15:58:08.141  1978  1995 I ActivityManager: Start proc 2538:com.google.android.ext.services/u0a23 for on-hold
01-17 15:58:08.167  2538  2538 W id.ext.service: Unexpected CPU variant for X86 using defaults: x86
01-17 15:58:08.181  2139  2139 I ImageWallpaper: Redrawing in rect: RectF(0.0, 0.0, 3495.9375, 2880.0) with surface size: 1440x2880
01-17 15:58:08.183  2139  2364 D EGL_emulation: eglMakeCurrent: 0xcb494600: ver 3 0 (tinfo 0xcb4a82d0)
01-17 15:58:08.186  1638  2373 D gralloc_ranchu: gralloc_alloc: Creating ashmem region of size 16592896
01-17 15:58:08.190  2139  2139 I ImageWallpaper: Redrawing in rect: RectF(0.0, 0.0, 3495.9375, 2880.0) with surface size: 1440x2880
01-17 15:58:08.193  2139  2139 I chatty  : uid=10033(com.android.systemui) identical 1 line
01-17 15:58:08.198  2139  2139 I ImageWallpaper: Redrawing in rect: RectF(0.0, 0.0, 3495.9375, 2880.0) with surface size: 1440x2880
01-17 15:58:08.208  2538  2538 I id.ext.service: The ClassLoaderContext is a special shared library.
01-17 15:58:08.228  1978  2111 E ActivityManager: Sending non-protected broadcast com.android.systemui.demo from system 2139:com.android.systemui/u0a33 pkg com.android.systemui
01-17 15:58:08.228  1978  2111 E ActivityManager: java.lang.Throwable
01-17 15:58:08.228  1978  2111 E ActivityManager: 	at com.android.server.am.ActivityManagerService.checkBroadcastFromSystem(ActivityManagerService.java:21206)
01-17 15:58:08.228  1978  2111 E ActivityManager: 	at com.android.server.am.ActivityManagerService.broadcastIntentLocked(ActivityManagerService.java:21717)
01-17 15:58:08.228  1978  2111 E ActivityManager: 	at com.android.server.am.ActivityManagerService.broadcastIntent(ActivityManagerService.java:21952)
01-17 15:58:08.228  1978  2111 E ActivityManager: 	at android.app.IActivityManager$Stub.onTransact$broadcastIntent$(IActivityManager.java:10171)
01-17 15:58:08.228  1978  2111 E ActivityManager: 	at android.app.IActivityManager$Stub.onTransact(IActivityManager.java:167)
01-17 15:58:08.228  1978  2111 E ActivityManager: 	at com.android.server.am.ActivityManagerService.onTransact(ActivityManagerService.java:3291)
01-17 15:58:08.228  1978  2111 E ActivityManager: 	at android.os.Binder.execTransact(Binder.java:731)
01-17 15:58:08.235  1978  2111 E ActivityManager: Sending non-protected broadcast com.android.systemui.demo from system 2139:com.android.systemui/u0a33 pkg com.android.systemui
01-17 15:58:08.235  1978  2111 E ActivityManager: java.lang.Throwable
01-17 15:58:08.235  1978  2111 E ActivityManager: 	at com.android.server.am.ActivityManagerService.checkBroadcastFromSystem(ActivityManagerService.java:21206)
01-17 15:58:08.235  1978  2111 E ActivityManager: 	at com.android.server.am.ActivityManagerService.broadcastIntentLocked(ActivityManagerService.java:21810)
01-17 15:58:08.235  1978  2111 E ActivityManager: 	at com.android.server.am.ActivityManagerService.broadcastIntent(ActivityManagerService.java:21952)
01-17 15:58:08.235  1978  2111 E ActivityManager: 	at android.app.IActivityManager$Stub.onTransact$broadcastIntent$(IActivityManager.java:10171)
01-17 15:58:08.235  1978  2111 E ActivityManager: 	at android.app.IActivityManager$Stub.onTransact(IActivityManager.java:167)
01-17 15:58:08.235  1978  2111 E ActivityManager: 	at com.android.server.am.ActivityManagerService.onTransact(ActivityManagerService.java:3291)
01-17 15:58:08.235  1978  2111 E ActivityManager: 	at android.os.Binder.execTransact(Binder.java:731)
01-17 15:58:08.240  1638  2373 D gralloc_ranchu: gralloc_alloc: Creating ashmem region of size 40960
01-17 15:58:08.243  1638  2373 I chatty  : uid=1000(system) HwBinder:1638_2 identical 1 line
01-17 15:58:08.246  1638  2373 D gralloc_ranchu: gralloc_alloc: Creating ashmem region of size 40960
01-17 15:58:08.249  1581  1588 I vold_prepare_subdirs: SELinux: Loaded file_contexts
01-17 15:58:08.251  2557  2557 D vold_prepare_subdirs: Setting up mode 700 uid 0 gid 0 context u:object_r:vold_data_file:s0 on path: /data/misc_ce/0/vold
01-17 15:58:08.251  2557  2557 D vold_prepare_subdirs: Setting up mode 700 uid 0 gid 0 context u:object_r:storaged_data_file:s0 on path: /data/misc_ce/0/storaged
01-17 15:58:08.252  1978  2000 D UserDataPreparer: Serial number missing on /data/system_ce/0; assuming current is valid
01-17 15:58:08.253  1978  2000 D UserDataPreparer: Setting property: sys.user.0.ce_available=true
01-17 15:58:08.255  1638  2373 D gralloc_ranchu: gralloc_alloc: Creating ashmem region of size 40960
01-17 15:58:08.258  2139  2364 D EGL_emulation: eglMakeCurrent: 0xcb494600: ver 3 0 (tinfo 0xcb4a82d0)
01-17 15:58:08.262  1638  2373 D gralloc_ranchu: gralloc_alloc: Creating ashmem region of size 970752
01-17 15:58:08.275  2139  2364 D EGL_emulation: eglMakeCurrent: 0xcb494600: ver 3 0 (tinfo 0xcb4a82d0)
01-17 15:58:08.275  2538  2559 D ExtAssistant: File doesn't exist or isn't readable yet
01-17 15:58:08.297  2139  2139 W System  : ClassLoader referenced unknown path: 
01-17 15:58:08.308  2139  2364 D EGL_emulation: eglMakeCurrent: 0xcb494600: ver 3 0 (tinfo 0xcb4a82d0)
01-17 15:58:08.433  2107  2107 E ActivityThread: Failed to find provider info for com.google.android.gsf.gservices
01-17 15:58:08.382  2139  2364 I chatty  : uid=10033(com.android.systemui) RenderThread identical 2 lines
01-17 15:58:08.398  2139  2364 D EGL_emulation: eglMakeCurrent: 0xcb494600: ver 3 0 (tinfo 0xcb4a82d0)
01-17 15:58:08.435  2107  2107 I FileApkMgr: Extracting modules completed
01-17 15:58:08.435  2107  2107 I GmsApplication: Staging modules completed
01-17 15:58:08.435  2107  2107 I GmsApplication: Updating config
01-17 15:58:08.444  2107  2107 W FileUtils: Failed to set world readable: /data/user_de/0/com.google.android.gms/app_chimera/current_config.fb
01-17 15:58:08.469  2107  2107 E ChimeraCfgMgr: Failed to read module config: java.io.FileNotFoundException: /data/user_de/0/com.google.android.gms/app_chimera/current_config.fb (No such file or directory)
01-17 15:58:08.471  2107  2107 E GservicesValue: Gservices key not whitelisted for directboot access: gms:chimera:dev_module_blacklist
01-17 15:58:08.473  2107  2107 I GmsModuleFndr: Beginning GMS chimera module scan
01-17 15:58:08.473  2107  2107 I chatty  : uid=10013 com.google.android.gms.persistent identical 8 lines
01-17 15:58:08.473  2107  2107 E ActivityThread: Failed to find provider info for com.google.android.gsf.gservices
01-17 15:58:08.485  1978  2000 I ActivityManager: User 0 state changed from RUNNING_LOCKED to RUNNING_UNLOCKING
01-17 15:58:08.485  1978  2000 D ActivityManager: Unlocking user 0 progress 20
01-17 15:58:08.485  1978  2000 W Looper  : Slow dispatch took 354ms android.fg h=android.os.Handler c=com.android.server.am.-$$Lambda$UserController$o6oQFjGYYIfx-I94cSakTLPLt6s@b274d9c m=0
01-17 15:58:08.485  1978  1993 I SystemServiceManager: Calling onUnlockUser u0
01-17 15:58:08.485  1978  2000 W Looper  : Slow delivery took 355ms android.fg h=com.android.server.usb.UsbDeviceManager$UsbHandlerLegacy c=null m=1
01-17 15:58:08.485  1978  1993 D StorageManagerService: onUnlockUser 0
01-17 15:58:08.485  1978  2000 W Looper  : Drained
01-17 15:58:08.491  1581  1588 D vold    : Linking /storage/emulated/0 to /mnt/user/0/primary
01-17 15:58:08.494  1978  2055 D StorageManagerService: Volume public:253,80 broadcasting mounted to UserHandle{0}
01-17 15:58:08.495  1978  2055 D StorageManagerService: Volume emulated broadcasting mounted to UserHandle{0}
01-17 15:58:08.508  1978  2079 W WifiConfigManager: Ignore user unlock until store is read!
01-17 15:58:08.509  1978  1978 W InputMethodManagerService: Illegal subtype state: old subtype = null, new subtype = android.view.inputmethod.InputMethodSubtype@70bfcd7e
01-17 15:58:08.519  2107  2107 E ChimeraCfgMgr: Failed to read module config: java.io.FileNotFoundException: /data/user_de/0/com.google.android.gms/app_chimera/current_config.fb (No such file or directory)
01-17 15:58:08.523  1978  1993 E AutofillManagerServiceImpl: Bad AutofillService name: com.google.android.gms/.autofill.service.AutofillService
01-17 15:58:08.523  1978  1993 D AutofillManagerServiceImpl: Reset component for user 0 (com.google.android.gms/.autofill.service.AutofillService)
01-17 15:58:08.525  1978  1994 D AutofillUI: destroySaveUiUiThread(): already destroyed
01-17 15:58:08.526  1978  1993 E AutofillManagerServiceImpl: Bad AutofillService name: com.google.android.gms/.autofill.service.AutofillService
01-17 15:58:08.526  1978  1993 D AutofillManagerServiceImpl: Reset component for user 0 (com.google.android.gms/.autofill.service.AutofillService)
01-17 15:58:08.526  1978  1993 D FieldClassificationStrategy: reset(): service is not bound. Do nothing.
01-17 15:58:08.526  1978  1993 I ActivityManager: User 0 state changed from RUNNING_UNLOCKING to RUNNING_UNLOCKED
01-17 15:58:08.526  1978  1993 D SystemServerTiming: SystemUserUnlock took to complete: 396ms
01-17 15:58:08.533  2121  2121 I InputContentProvider: Created InputContentProvider: exported=[false]
01-17 15:58:08.536  1978  1995 I ActivityManager: Start proc 2567:com.google.android.googlequicksearchbox:interactor/u0a40 for service com.google.android.googlequicksearchbox/com.google.android.voiceinteraction.GsaVoiceInteractionService
01-17 15:58:08.537  2567  2567 W hbox:interacto: Unexpected CPU variant for X86 using defaults: x86
01-17 15:58:08.538  1978  1993 I PreBootBroadcaster: Pre-boot of {com.android.managedprovisioning/com.android.managedprovisioning.ota.PreBootListener} for user 0
01-17 15:58:08.538  1978  2565 I SELinux : SELinux: Loaded file_contexts
01-17 15:58:08.541  2341  2341 D FallbackHome: User unlocked and real home found; let's go!
01-17 15:58:08.543  2107  2107 I ModuleSetMgr: Config file doesn't exist, writing blank config.
01-17 15:58:08.543  1978  2111 I ActivityManager: START u0 {act=android.intent.action.MAIN cat=[android.intent.category.HOME] flg=0x10000100 cmp=com.google.android.sdksetup/.DefaultActivity} from uid 0
01-17 15:58:08.562  1978  2032 W System  : ClassLoader referenced unknown path: 
01-17 15:58:08.562  1978  1995 I ActivityManager: Start proc 2587:com.android.se/1068 for added application com.android.se
01-17 15:58:08.569  2587  2587 W com.android.se: Unexpected CPU variant for X86 using defaults: x86
01-17 15:58:08.579  1978  2565 E BackupPasswordManager: Unable to read backup pw version
01-17 15:58:08.579  1978  2565 E BackupPasswordManager: Unable to read saved backup pw hash
01-17 15:58:08.581  2191  2191 D CarrierSvcBindHelper: Received android.intent.action.USER_UNLOCKED
01-17 15:58:08.581  2567  2567 I hbox:interacto: The ClassLoaderContext is a special shared library.
01-17 15:58:08.585  1978  1995 I ActivityManager: Start proc 2600:com.google.android.sdksetup/u0a21 for activity com.google.android.sdksetup/.DefaultActivity
01-17 15:58:08.586  1978  1978 D NotificationListeners: Removing active service ComponentInfo{com.google.android.ext.services/android.ext.services.notification.Assistant}
01-17 15:58:08.588  1978  1978 I AccountManagerService: User 0 is unlocked - opening CE database
01-17 15:58:08.590  2191  2191 D CarrierSvcBindHelper: No carrier app for: 0
01-17 15:58:08.590  2191  2191 D IntentBroadcaster: Rebroadcasting intent android.intent.action.SIM_STATE_CHANGED LOADED for slotId 0
01-17 15:58:08.596  2567  2567 I hbox:interacto: The ClassLoaderContext is a special shared library.
01-17 15:58:08.596  2121  2121 I TransientFileCleaner: Deleting 0 files
01-17 15:58:08.604  2600  2600 W ndroid.sdksetu: Unexpected CPU variant for X86 using defaults: x86
01-17 15:58:08.606  2121  2121 I FeaturePermissions: onSharedPreferenceChanged() : Key = pref_key_should_reset_suggestions_pref : Feature = null
