01-17 15:22:19.861  1770  1804 W installd: Requested default storage /data/user_de/0/com.google.android.ext.services is not active; migrating from /data/data/com.google.android.ext.services
01-17 15:22:19.867  1770  1804 W installd: Requested default storage /data/user_de/0/com.android.providers.telephony is not active; migrating from /data/data/com.android.providers.telephony
01-17 15:22:19.870  1770  2029 W installd: Requested default storage /data/user_de/0/com.google.android.ext.shared is not active; migrating from /data/data/com.google.android.ext.shared
01-17 15:22:19.877  1770  1770 W installd: Requested default storage /data/user_de/0/com.android.defcontainer is not active; migrating from /data/data/com.android.defcontainer
01-17 15:22:19.881  1770  1770 W installd: Requested default storage /data/user_de/0/android is not active; migrating from /data/data/android
01-17 15:22:19.885  1770  2029 W installd: Requested default storage /data/user_de/0/com.android.providers.settings is not active; migrating from /data/data/com.android.providers.settings
01-17 15:22:19.890  1770  2029 W installd: Requested default storage /data/user_de/0/com.android.inputdevices is not active; migrating from /data/data/com.android.inputdevices
01-17 15:22:19.898  1770  1770 W installd: Requested default storage /data/user_de/0/com.android.server.telecom is not active; migrating from /data/data/com.android.server.telecom
01-17 15:22:19.903  1770  1770 W installd: Requested default storage /data/user_de/0/com.google.android.packageinstaller is not active; migrating from /data/data/com.google.android.packageinstaller
01-17 15:22:19.906  1770  2029 W installd: Requested default storage /data/user_de/0/com.android.proxyhandler is not active; migrating from /data/data/com.android.proxyhandler
01-17 15:22:19.909  1770  2029 W installd: Requested default storage /data/user_de/0/com.android.settings is not active; migrating from /data/data/com.android.settings
01-17 15:22:19.913  1770  2029 W installd: Requested default storage /data/user_de/0/com.android.phone is not active; migrating from /data/data/com.android.phone
01-17 15:22:19.917  1770  2029 W installd: Requested default storage /data/user_de/0/com.android.shell is not active; migrating from /data/data/com.android.shell
01-17 15:22:19.920  1770  2029 W installd: Requested default storage /data/user_de/0/com.android.location.fused is not active; migrating from /data/data/com.android.location.fused
01-17 15:22:19.923  1770  2029 W installd: Requested default storage /data/user_de/0/com.android.systemui is not active; migrating from /data/data/com.android.systemui
01-17 15:22:19.928  1982  2030 D SystemServerInitThreadPool: Started executing prepareAppData
01-17 15:22:19.928  1770  2029 W installd: Ignoring /data/data/com.android.defcontainer/lib with unexpected GID 0 instead of 10014
01-17 15:22:19.929  1770  2029 W installd: Ignoring /data/data/com.google.android.inputmethod.latin/lib with unexpected GID 0 instead of 10082
01-17 15:22:19.929  1770  2029 W installd: Ignoring /data/user_de/0/com.android.defcontainer/lib with unexpected GID 0 instead of 10014
01-17 15:22:19.929  1982  2030 D SystemServerTimingAsync: AppDataFixup took to complete: 1ms
01-17 15:22:19.960  1982  1982 E PackageManager: There should probably be a verifier, but, none were found
01-17 15:22:19.961  1982  1982 D PackageManager: Set ephemeral resolver: Pair{ComponentInfo{com.google.android.gms/com.google.android.gms.chimera.PersistentBoundBrokerService} android.intent.action.RESOLVE_INSTANT_APP_PACKAGE}
01-17 15:22:19.979  1982  1982 D PackageManager: Instant App installer not found with android.intent.action.INSTALL_INSTANT_APP_PACKAGE
01-17 15:22:19.979  1982  1982 D PackageManager: Clear ephemeral installer activity
01-17 15:22:20.027  1982  1982 I system_server: Explicit concurrent copying GC freed 29110(1712KB) AllocSpace objects, 11(464KB) LOS objects, 42% free, 4MB/7MB, paused 17us total 44.349ms
01-17 15:22:20.028  1982  1982 D SystemServerTiming: StartPackageManagerService took to complete: 8365ms
01-17 15:22:20.028  1982  1982 I SystemServer: StartOtaDexOptService
01-17 15:22:20.029  1982  1982 D OTADexopt: No upgrade, skipping A/B artifacts check.
01-17 15:22:20.030  1982  1982 D SystemServerTiming: StartOtaDexOptService took to complete: 2ms
01-17 15:22:20.030  1982  1982 I SystemServer: StartUserManagerService
01-17 15:22:20.030  1982  1982 I SystemServiceManager: Starting com.android.server.pm.UserManagerService$LifeCycle
01-17 15:22:20.030  1982  1982 D SystemServerTiming: StartUserManagerService took to complete: 0ms
01-17 15:22:20.030  1982  1982 I SystemServer: InitAttributerCache
01-17 15:22:20.033  1982  1982 D SystemServerTiming: InitAttributerCache took to complete: 3ms
01-17 15:22:20.033  1982  1982 I SystemServer: SetSystemProcess
01-17 15:22:20.039  1646  1646 I lowmemorykiller: lmkd data connection established
01-17 15:22:20.073  1982  1982 D SystemServerTiming: SetSystemProcess took to complete: 40ms
01-17 15:22:20.075  1573  1573 W hwservicemanager: getTransport: Cannot find entry android.hardware.soundtrigger@2.0::ISoundTriggerHw/default in either framework or device manifest.
01-17 15:22:20.075  1827  1827 E SoundTriggerHwService: could not read implementation properties
01-17 15:22:20.109  1982  1982 I SystemServer: StartOverlayManagerService
01-17 15:22:20.117  1982  1982 D SystemServerTiming: StartOverlayManagerService took to complete: 8ms
01-17 15:22:20.117  1982  1982 I SystemServer: StartBatteryService
01-17 15:22:20.117  1982  1982 I SystemServiceManager: Starting com.android.server.BatteryService
01-17 15:22:20.117  1982  2039 D SystemServerInitThreadPool: Started executing StartSensorService
01-17 15:22:20.117  1982  2039 D SensorService: nuSensorService starting...
01-17 15:22:20.118  1982  2038 D SystemServerInitThreadPool: Started executing Init OverlayManagerService
01-17 15:22:20.121  1982  2039 E SensorService: Reported power 0.000000 not deemed sane, clamping to 0.001000
01-17 15:22:20.123  1982  2039 I SensorService: Generated new HMAC key.
01-17 15:22:20.124  1982  2039 D SystemServerTimingAsync: StartSensorService took to complete: 7ms
01-17 15:22:20.124  1982  2042 D SensorService: new thread SensorEventAckReceiver
01-17 15:22:20.124  1982  2039 D SystemServerInitThreadPool: Finished executing StartSensorService
01-17 15:22:20.124  1982  2043 D SensorService: nuSensorService thread starting...
01-17 15:22:20.147  1770  2029 W installd: Requested default storage /data/user_de/0/com.android.cellbroadcastreceiver is not active; migrating from /data/data/com.android.cellbroadcastreceiver
01-17 15:22:20.181  1982  1982 I android_os_HwBinder: HwBinder: Starting thread pool for default::android.hardware.health@2.0::IHealth
01-17 15:22:20.215  1982  1982 I android_os_HwBinder: HwBinder: Starting thread pool for default::android.hidl.manager@1.0::IServiceManager
01-17 15:22:20.216  1982  1982 I HealthServiceWrapper: health: HealthServiceWrapper listening to instance default
01-17 15:22:20.216  1982  1982 I BatteryService: health: Waited 0ms for callbacks. Waiting another 1000 ms...
01-17 15:22:20.219  1982  1982 I BatteryService: health: Waited 3ms and received the update.
01-17 15:22:20.219  1982  2001 E BluetoothAdapter: Bluetooth binder is null
01-17 15:22:20.219  1982  1982 W SystemServiceManager: Service com.android.server.BatteryService took 102 ms in onStart
01-17 15:22:20.219  1982  2001 E BatteryExternalStatsWorker: no controller energy info supplied for telephony
01-17 15:22:20.219  1982  1982 D SystemServerTiming: StartBatteryService took to complete: 102ms
01-17 15:22:20.219  1982  1982 I SystemServer: StartUsageService
01-17 15:22:20.219  1982  1982 I SystemServiceManager: Starting com.android.server.usage.UsageStatsService
01-17 15:22:20.220  1982  2001 E KernelUidCpuFreqTimeReader: Failed to read /proc/uid_time_in_state: java.io.FileNotFoundException: /proc/uid_time_in_state (No such file or directory)
01-17 15:22:20.220  1982  2046 I android_os_HwBinder: HwBinder: Starting thread pool for default::android.hardware.health@2.0::IHealth
01-17 15:22:20.225  2044  2044 W ResourceType: CREATING STRING CACHE OF 40436 bytes
01-17 15:22:20.220  1982  2001 E KernelUidCpuFreqTimeReader: Failed to read /proc/uid_time_in_state: java.io.FileNotFoundException: /proc/uid_time_in_state (No such file or directory)
01-17 15:22:20.243  1982  2001 I BatteryStatsImpl: Resetting battery stats: level=100 status=4 dischargeLevel=100 lowAmount=0 highAmount=0
01-17 15:22:20.283  2044  2044 W ResourceType: idmap: overlaid 7 resources not marked overlayable
01-17 15:22:20.307  2047  2047 W ResourceType: CREATING STRING CACHE OF 40436 bytes
01-17 15:22:20.320  2047  2047 W ResourceType: idmap: overlaid 7 resources not marked overlayable
01-17 15:22:20.337  1982  1997 I BinderCallsStatsService: Resetting stats
01-17 15:22:20.343  2048  2048 W ResourceType: CREATING STRING CACHE OF 40436 bytes
01-17 15:22:20.356  2048  2048 W ResourceType: idmap: overlaid 7 resources not marked overlayable
01-17 15:22:20.383  2049  2049 W ResourceType: CREATING STRING CACHE OF 30972 bytes
01-17 15:22:20.405  1982  1982 I UsageStatsDatabase: Upgrading from version 0 to 3
01-17 15:22:20.405  1982  1982 I UsageStatsDatabase: Deleting all usage stats files
01-17 15:22:20.415  1982  1982 I UsageStatsService: User[0] Rollover scheduled @ 2023-01-18 14:22:20(1674051740379)
01-17 15:22:20.415  1982  1982 W SystemServiceManager: Service com.android.server.usage.UsageStatsService took 110 ms in onStart
01-17 15:22:20.415  1982  1982 D SystemServerTiming: StartUsageService took to complete: 196ms
01-17 15:22:20.415  1982  1982 I SystemServer: StartWebViewUpdateService
01-17 15:22:20.415  1982  1982 I SystemServiceManager: Starting com.android.server.webkit.WebViewUpdateService
01-17 15:22:20.416  2049  2049 W ResourceType: idmap: overlaid 2 resources not marked overlayable
01-17 15:22:20.441  2050  2050 W ResourceType: CREATING STRING CACHE OF 40436 bytes
01-17 15:22:20.455  2050  2050 W ResourceType: idmap: overlaid 6 resources not marked overlayable
01-17 15:22:20.458  1982  2038 D SystemServerInitThreadPool: Finished executing Init OverlayManagerService
01-17 15:22:20.460  1982  1982 D SystemServerTiming: StartWebViewUpdateService took to complete: 45ms
01-17 15:22:20.460  1982  1982 I SystemServer: StartBinderCallsStatsService
01-17 15:22:20.461  1982  1982 D SystemServerTiming: StartBinderCallsStatsService took to complete: 1ms
01-17 15:22:20.463  1982  1982 I SystemServer: StartKeyAttestationApplicationIdProviderService
01-17 15:22:20.463  1982  1995 D SystemServerInitThreadPool: Started executing SecondaryZygotePreload
01-17 15:22:20.463  1982  1995 I SystemServer: SecondaryZygotePreload
01-17 15:22:20.473  1982  1982 D SystemServerTiming: StartKeyAttestationApplicationIdProviderService took to complete: 10ms
01-17 15:22:20.473  1982  1995 I Zygote  : Process: zygote socket RESERVED/zygote opened, supported ABIS: x86,armeabi-v7a,armeabi
01-17 15:22:20.473  1982  1982 I SystemServer: StartKeyChainSystemService
01-17 15:22:20.473  1982  1982 I SystemServiceManager: Starting com.android.server.security.KeyChainSystemService
01-17 15:22:20.474  1982  1982 D SystemServerTiming: StartKeyChainSystemService took to complete: 1ms
01-17 15:22:20.474  1982  1982 I SystemServer: StartSchedulingPolicyService
01-17 15:22:20.474  1982  2039 D SystemServerInitThreadPool: Started executing SchedulingPolicyService.<init>
01-17 15:22:20.474  1982  1982 D SystemServerTiming: StartSchedulingPolicyService took to complete: 0ms
01-17 15:22:20.474  1982  1982 I SystemServer: StartTelecomLoaderService
01-17 15:22:20.474  1982  1982 I SystemServiceManager: Starting com.android.server.telecom.TelecomLoaderService
01-17 15:22:20.475  1982  2039 I SchedulingPolicyService: Moving 1785 back to group default
01-17 15:22:20.475  1982  2039 D SystemServerInitThreadPool: Finished executing SchedulingPolicyService.<init>
01-17 15:22:20.488  1982  1982 D SystemServerTiming: StartTelecomLoaderService took to complete: 14ms
01-17 15:22:20.488  1982  1982 I SystemServer: StartTelephonyRegistry
01-17 15:22:20.489  1982  1982 D SystemServerTiming: StartTelephonyRegistry took to complete: 1ms
01-17 15:22:20.490  1982  1982 I SystemServer: StartEntropyMixer
01-17 15:22:20.490  1982  1982 W EntropyMixer: No existing entropy file -- first boot?
01-17 15:22:20.496  1982  1995 E SystemServer: Unable to preload default resources
01-17 15:22:20.496  1982  1995 D SystemServerTimingAsync: SecondaryZygotePreload took to complete: 33ms
01-17 15:22:20.496  1982  1995 D SystemServerInitThreadPool: Finished executing SecondaryZygotePreload
01-17 15:22:20.503  1982  1982 I EntropyMixer: Added HW RNG output to entropy pool
01-17 15:22:20.503  1982  1982 I EntropyMixer: Writing entropy...
01-17 15:22:20.517  1982  1982 D SystemServerTiming: StartEntropyMixer took to complete: 27ms
01-17 15:22:20.517  1982  1982 I SystemServer: StartAccountManagerService
01-17 15:22:20.517  1982  1982 I SystemServiceManager: Starting com.android.server.accounts.AccountManagerService$Lifecycle
01-17 15:22:20.519  1982  1982 D SystemServerTiming: StartAccountManagerService took to complete: 2ms
01-17 15:22:20.519  1982  1982 I SystemServer: StartContentService
01-17 15:22:20.519  1982  1982 I SystemServiceManager: Starting com.android.server.content.ContentService$Lifecycle
01-17 15:22:20.547  1770  2045 W installd: Requested default storage /data/user_de/0/com.android.providers.blockednumber is not active; migrating from /data/data/com.android.providers.blockednumber
01-17 15:22:20.553  1770  2045 W installd: Requested default storage /data/user_de/0/com.android.emergency is not active; migrating from /data/data/com.android.emergency
01-17 15:22:20.563  1982  1982 D SystemServerTiming: StartContentService took to complete: 44ms
01-17 15:22:20.563  1770  2045 W installd: Requested default storage /data/user_de/0/com.android.bluetooth is not active; migrating from /data/data/com.android.bluetooth
01-17 15:22:20.563  1982  1982 I SystemServer: InstallSystemProviders
01-17 15:22:20.573  1982  2030 D SystemServerTimingAsync: AppDataPrepare took to complete: 644ms
01-17 15:22:20.573  1982  2030 I PackageManager: Deferred reconcileAppsData finished 90 packages
01-17 15:22:20.573  1982  2030 D SystemServerInitThreadPool: Finished executing prepareAppData
01-17 15:22:20.608  1982  1982 I system_server: The ClassLoaderContext is a special shared library.
01-17 15:22:20.752  1982  1982 I SettingsState: No settings state /data/system/users/0/settings_system.xml
01-17 15:22:20.758  1982  1982 I SettingsState: No settings state /data/system/users/0/settings_secure.xml
01-17 15:22:20.759  1982  1982 D SettingsProvider: Generated and saved new ANDROID_ID [d774ee5218338582] for user 0
01-17 15:22:20.762  1982  1982 I SettingsState: No settings state /data/system/users/0/settings_global.xml
01-17 15:22:20.772  1982  1982 D SettingsProvider: Setting [com.google.android.gms/.autofill.service.AutofillService] as Autofill Service for user 0
01-17 15:22:20.782  1982  1982 I SettingsState: No settings state /data/system/users/0/settings_ssaid.xml
01-17 15:22:20.800  1982  1982 D SystemServerTiming: InstallSystemProviders took to complete: 237ms
01-17 15:22:20.800  1982  1982 I SystemServer: StartDropBoxManager
01-17 15:22:20.800  1982  1982 I SystemServiceManager: Starting com.android.server.DropBoxManagerService
01-17 15:22:20.801  1982  1982 D SystemServerTiming: StartDropBoxManager took to complete: 1ms
01-17 15:22:20.801  1982  1982 I SystemServer: StartVibratorService
01-17 15:22:20.809  1573  1573 W hwservicemanager: getTransport: Cannot find entry android.hardware.vibrator@1.0::IVibrator/default in either framework or device manifest.
01-17 15:22:20.810  1573  1573 W hwservicemanager: getTransport: Cannot find entry android.hardware.vibrator@1.0::IVibrator/default in either framework or device manifest.
01-17 15:22:20.811  1982  1982 E VibratorService: vibratorOff command failed (1).
01-17 15:22:20.812  1573  1573 W hwservicemanager: getTransport: Cannot find entry android.hardware.vibrator@1.0::IVibrator/default in either framework or device manifest.
01-17 15:22:20.814  1982  1982 D SystemServerTiming: StartVibratorService took to complete: 13ms
01-17 15:22:20.814  1982  1982 I SystemServer: StartConsumerIrService
01-17 15:22:20.815  1573  1573 W hwservicemanager: getTransport: Cannot find entry android.hardware.ir@1.0::IConsumerIr/default in either framework or device manifest.
01-17 15:22:20.816  1982  1982 D SystemServerTiming: StartConsumerIrService took to complete: 2ms
01-17 15:22:20.816  1982  1982 I SystemServer: StartAlarmManagerService
01-17 15:22:20.816  1982  1982 I SystemServiceManager: Starting com.android.server.AlarmManagerService
01-17 15:22:20.816  1982  1982 W AlarmManagerService: no wall clock RTC found
01-17 15:22:20.817  1982  1982 D AlarmManagerService: Kernel timezone updated to 0 minutes west of GMT
01-17 15:22:20.818  1982  1982 D SystemServerTiming: StartAlarmManagerService took to complete: 2ms
01-17 15:22:20.818  1982  1982 I SystemServer: InitWatchdog
01-17 15:22:20.818  1982  1982 D SystemServerTiming: InitWatchdog took to complete: 0ms
01-17 15:22:20.818  1982  1982 I SystemServer: StartInputManagerService
01-17 15:22:20.821  1982  1982 I InputManager: Initializing input manager, mUseDevInputEventForAudioJack=true
01-17 15:22:20.833  1982  1982 D SystemServerTiming: StartInputManagerService took to complete: 15ms
01-17 15:22:20.833  1982  1982 I SystemServer: StartWindowManagerService
01-17 15:22:20.954  1982  2006 I WindowManager: No existing display settings /data/system/display_settings.xml; starting empty
01-17 15:22:21.010  1982  1982 D SystemServerTiming: StartWindowManagerService took to complete: 177ms
01-17 15:22:21.010  1982  1982 I SystemServer: SetWindowManagerService
01-17 15:22:21.181  1982  1982 D SystemServerTiming: SetWindowManagerService took to complete: 171ms
01-17 15:22:21.181  1982  1982 I SystemServer: WindowManagerServiceOnInitReady
01-17 15:22:21.181  1982  2004 W Looper  : Slow dispatch took 163ms android.fg h=com.android.server.DropBoxManagerService$3 c=null m=1
01-17 15:22:21.218  1982  1998 W ShortcutManager: Unable to add bookmark: com.google.android.talk/com.google.android.talk.SigningInActivity
01-17 15:22:21.218  1982  1998 W ShortcutManager: android.content.pm.PackageManager$NameNotFoundException: ComponentInfo{com.google.android.talk/com.google.android.talk.SigningInActivity}
01-17 15:22:21.218  1982  1998 W ShortcutManager: 	at android.app.ApplicationPackageManager.getActivityInfo(ApplicationPackageManager.java:435)
01-17 15:22:21.218  1982  1998 W ShortcutManager: 	at com.android.server.policy.ShortcutManager.loadShortcuts(ShortcutManager.java:142)
01-17 15:22:21.218  1982  1998 W ShortcutManager: 	at com.android.server.policy.ShortcutManager.<init>(ShortcutManager.java:62)
01-17 15:22:21.218  1982  1998 W ShortcutManager: 	at com.android.server.policy.PhoneWindowManager.init(PhoneWindowManager.java:2055)
01-17 15:22:21.218  1982  1998 W ShortcutManager: 	at com.android.server.wm.WindowManagerService$4.run(WindowManagerService.java:914)
01-17 15:22:21.218  1982  1998 W ShortcutManager: 	at android.os.Handler$BlockingRunnable.run(Handler.java:893)
01-17 15:22:21.218  1982  1998 W ShortcutManager: 	at android.os.Handler.handleCallback(Handler.java:873)
01-17 15:22:21.218  1982  1998 W ShortcutManager: 	at android.os.Handler.dispatchMessage(Handler.java:99)
01-17 15:22:21.218  1982  1998 W ShortcutManager: 	at android.os.Looper.loop(Looper.java:193)
01-17 15:22:21.218  1982  1998 W ShortcutManager: 	at android.os.HandlerThread.run(HandlerThread.java:65)
01-17 15:22:21.218  1982  1998 W ShortcutManager: 	at com.android.server.ServiceThread.run(ServiceThread.java:44)
01-17 15:22:21.218  1982  1998 W ShortcutManager: 	at com.android.server.UiThread.run(UiThread.java:43)
01-17 15:22:21.245  1982  1982 D SystemServerTiming: WindowManagerServiceOnInitReady took to complete: 64ms
01-17 15:22:21.246  1982  1982 I SystemServer: StartVrManagerService
01-17 15:22:21.246  1982  2038 D SystemServerInitThreadPool: Started executing StartHidlServices
01-17 15:22:21.246  1982  1982 I SystemServiceManager: Starting com.android.server.vr.VrManagerService
01-17 15:22:21.250  1982  2038 D SystemServerTimingAsync: StartHidlServices took to complete: 4ms
01-17 15:22:21.251  1982  2038 D SystemServerInitThreadPool: Finished executing StartHidlServices
01-17 15:22:21.258  1573  1573 W hwservicemanager: getTransport: Cannot find entry android.hardware.vr@1.0::IVr/default in either framework or device manifest.
01-17 15:22:21.259  1982  1982 W VrManagerService: init_native: Could not open IVr interface
01-17 15:22:21.259  1982  1982 D SystemServerTiming: StartVrManagerService took to complete: 13ms
01-17 15:22:21.259  1982  1982 I SystemServer: StartInputManager
01-17 15:22:21.259  1982  1982 I InputManager: Starting input manager
01-17 15:22:21.262  1982  1982 D SystemServerTiming: StartInputManager took to complete: 3ms
01-17 15:22:21.262  1982  1982 I SystemServer: DisplayManagerWindowManagerAndInputReady
01-17 15:22:21.262  1982  1982 D SystemServerTiming: DisplayManagerWindowManagerAndInputReady took to complete: 0ms
01-17 15:22:21.262  1982  1982 I SystemServer: No Bluetooth Service (emulator)
01-17 15:22:21.262  1982  1982 I SystemServer: IpConnectivityMetrics
01-17 15:22:21.262  1982  1982 I SystemServiceManager: Starting com.android.server.connectivity.IpConnectivityMetrics
01-17 15:22:21.263  1982  2057 E EventHub: could not get driver version for /dev/input/mice, Not a typewriter
01-17 15:22:21.297  1982  1982 D SystemServerTiming: IpConnectivityMetrics took to complete: 35ms
01-17 15:22:21.297  1982  1982 I SystemServer: NetworkWatchlistService
01-17 15:22:21.297  1982  1982 I SystemServiceManager: Starting com.android.server.net.watchlist.NetworkWatchlistService$Lifecycle
01-17 15:22:21.376  1982  2058 I WatchlistLoggingHandler: Start aggregating watchlist records.
01-17 15:22:21.376  1982  1982 W SystemServiceManager: Service com.android.server.net.watchlist.NetworkWatchlistService$Lifecycle took 79 ms in onStart
01-17 15:22:21.376  1982  1982 D SystemServerTiming: NetworkWatchlistService took to complete: 79ms
01-17 15:22:21.376  1982  1982 I SystemServer: PinnerService
01-17 15:22:21.376  1982  1982 I SystemServiceManager: Starting com.android.server.PinnerService
01-17 15:22:21.377  1982  1982 D SystemServerTiming: PinnerService took to complete: 1ms
01-17 15:22:21.377  1982  1982 I SystemServer: StartInputMethodManagerLifecycle
01-17 15:22:21.377  1982  1982 I SystemServiceManager: Starting com.android.server.InputMethodManagerService$Lifecycle
01-17 15:22:21.402  1982  2057 W EventHub: Unable to disable kernel key repeat for /dev/input/event1: Function not implemented
01-17 15:22:21.402  1982  2057 I EventHub: wakeMechanism=EPOLLWAKEUP, usingClockIoctl=true
01-17 15:22:21.402  1982  2057 I EventHub: New device: id=1, fd=108, path='/dev/input/event1', name='qwerty2', classes=0x97, configuration='/system/usr/idc/qwerty2.idc', keyLayout='/system/usr/keylayout/qwerty.kl', keyCharacterMap='/system/usr/keychars/qwerty2.kcm', builtinKeyboard=true, 
01-17 15:22:21.402  1982  2057 D EventHub: No input device configuration file found for device 'Power Button'.
01-17 15:22:21.402  1982  1982 D SystemServerTiming: StartInputMethodManagerLifecycle took to complete: 25ms
01-17 15:22:21.402  1982  1982 I SystemServer: StartAccessibilityManagerService
01-17 15:22:21.418  1982  2057 W EventHub: Unable to disable kernel key repeat for /dev/input/event0: Function not implemented
01-17 15:22:21.418  1982  2057 I EventHub: wakeMechanism=EPOLLWAKEUP, usingClockIoctl=true
01-17 15:22:21.418  1982  2057 I EventHub: New device: id=2, fd=114, path='/dev/input/event0', name='Power Button', classes=0x1, configuration='', keyLayout='/system/usr/keylayout/Generic.kl', keyCharacterMap='/system/usr/keychars/Generic.kcm', builtinKeyboard=false, 
01-17 15:22:21.434  1982  1982 D SystemServerTiming: StartAccessibilityManagerService took to complete: 32ms
01-17 15:22:21.434  1982  1982 I SystemServer: MakeDisplayReady
01-17 15:22:21.435  1982  2057 I InputReader: Device added: id=-1, name='Virtual', sources=0x00000301
01-17 15:22:21.435  1982  2057 I InputReader: Device added: id=2, name='Power Button', sources=0x00000101
01-17 15:22:21.459  1982  2057 I InputReader:   Touch device 'qwerty2' could not query the properties of its associated display.  The device will be inoperable until the display size becomes available.
01-17 15:22:21.460  1982  2057 I InputReader: Device added: id=0, name='qwerty2', sources=0x80005103
01-17 15:22:21.461  1982  1982 I ActivityManager: Config changes=20005df8 {1.0 ?mcc?mnc [en_US] ldltr sw411dp w411dp h822dp 560dpi nrml long port ?uimode ?night -touch -keyb/h/h -nav/h winConfig={ mBounds=Rect(0, 0 - 0, 0) mAppBounds=Rect(0, 0 - 1440, 2880) mWindowingMode=fullscreen mActivityType=undefined} s.2}
01-17 15:22:21.467  1982  1982 I ActivityManager: Override config changes=60007dfc {1.0 ?mcc?mnc [en_US] ldltr sw411dp w411dp h822dp 560dpi nrml long port ?uimode ?night -touch -keyb/h/h -nav/h winConfig={ mBounds=Rect(0, 0 - 1440, 2880) mAppBounds=Rect(0, 0 - 1440, 2880) mWindowingMode=fullscreen mActivityType=undefined} s.2} for displayId=0
01-17 15:22:21.468  1982  1982 I ActivityManager: Config changes=20000438 {1.0 ?mcc?mnc [en_US] ldltr sw411dp w411dp h750dp 560dpi nrml long port ?uimode ?night finger qwerty/v/v -nav/h winConfig={ mBounds=Rect(0, 0 - 0, 0) mAppBounds=Rect(0, 0 - 1440, 2712) mWindowingMode=fullscreen mActivityType=undefined} s.3}
01-17 15:22:21.470  1982  1982 I ActivityManager: Override config changes=20000438 {1.0 ?mcc?mnc [en_US] ldltr sw411dp w411dp h750dp 560dpi nrml long port ?uimode ?night finger qwerty/v/v -nav/h winConfig={ mBounds=Rect(0, 0 - 1440, 2880) mAppBounds=Rect(0, 0 - 1440, 2712) mWindowingMode=fullscreen mActivityType=undefined} s.3} for displayId=0
01-17 15:22:21.473  1982  1982 W LocalDisplayAdapter: Unable to find color mode 0, ignoring request.
01-17 15:22:21.474  1982  1982 D SystemServerTiming: MakeDisplayReady took to complete: 40ms
01-17 15:22:21.474  1982  1982 I SystemServer: StartStorageManagerService
01-17 15:22:21.474  1982  1982 I SystemServiceManager: Starting com.android.server.StorageManagerService$Lifecycle
01-17 15:22:21.477  1982  2059 D StorageManagerService: Thinking about init, mSystemReady=false, mDaemonConnected=true
01-17 15:22:21.477  1982  2059 D StorageManagerService: Thinking about reset, mSystemReady=false, mDaemonConnected=true
01-17 15:22:21.478  1982  1982 D SystemServerTiming: StartStorageManagerService took to complete: 4ms
01-17 15:22:21.478  1982  1982 I SystemServer: StartStorageStatsService
01-17 15:22:21.478  1982  1982 I SystemServiceManager: Starting com.android.server.usage.StorageStatsService$Lifecycle
01-17 15:22:21.479  1770  2029 D installd: Found quota mount /dev/block/dm-0 at /data
01-17 15:22:21.480  1982  1982 D SystemServerTiming: StartStorageStatsService took to complete: 2ms
01-17 15:22:21.481  1982  1982 I SystemServer: StartUiModeManager
01-17 15:22:21.481  1982  1982 I SystemServiceManager: Starting com.android.server.UiModeManagerService
01-17 15:22:21.481  1982  2039 D SystemServerInitThreadPool: Started executing UiModeManager.onStart
01-17 15:22:21.481  1982  2039 I ActivityManager: Config changes=200 {1.0 ?mcc?mnc [en_US] ldltr sw411dp w411dp h750dp 560dpi nrml long port finger qwerty/v/v -nav/h winConfig={ mBounds=Rect(0, 0 - 0, 0) mAppBounds=Rect(0, 0 - 1440, 2712) mWindowingMode=fullscreen mActivityType=undefined} s.4}
01-17 15:22:21.481  1982  1982 D SystemServerTiming: StartUiModeManager took to complete: 0ms
01-17 15:22:21.481  1982  1982 I SystemServer: UpdatePackagesIfNeeded
01-17 15:22:21.483  1982  2039 I ActivityManager: Override config changes=200 {1.0 ?mcc?mnc [en_US] ldltr sw411dp w411dp h750dp 560dpi nrml long port finger qwerty/v/v -nav/h winConfig={ mBounds=Rect(0, 0 - 1440, 2880) mAppBounds=Rect(0, 0 - 1440, 2712) mWindowingMode=fullscreen mActivityType=undefined} s.4} for displayId=0
01-17 15:22:21.484  1982  2039 D SystemServerInitThreadPool: Finished executing UiModeManager.onStart
01-17 15:22:21.480  1770  2029 D installd: Found quota mount /dev/block/dm-0 at /data
01-17 15:22:21.611  1982  2057 I InputReader: Reconfiguring input devices.  changes=0x00000004
01-17 15:22:21.611  1982  2057 I InputReader: Device reconfigured: id=0, name='qwerty2', size 1440x2880, orientation 0, mode 1, display id 0
01-17 15:22:21.612  1982  2057 I InputReader: Reconfiguring input devices.  changes=0x00000004
01-17 15:22:21.629  1982  1982 I system_server: The ClassLoaderContext is a special shared library.
01-17 15:22:21.784  1982  1982 I chatty  : uid=1000 system_server identical 5 lines
01-17 15:22:21.809  1982  1982 I system_server: The ClassLoaderContext is a special shared library.
01-17 15:22:21.909  1982  1982 W system_server: ClassLoaderContext classpath size mismatch for position 0. expected=2, found=1 (PCL[/system/framework/org.apache.http.legacy.boot.jar*796383208:/system/framework/com.google.android.dialer.support.jar*2506097163] | PCL[/system/framework/com.google.android.dialer.support.jar*2506097163])
01-17 15:22:21.911  1982  1982 I PackageManager.DexOptimizer: Running dexopt (dexoptNeeded=1) on: /system/priv-app/GoogleDialer/GoogleDialer.apk pkg=com.google.android.dialer isa=x86 dexoptFlags=public,enable_hidden_api_checks targetFilter=quicken oatDir=null classLoaderContext=PCL[/system/framework/com.google.android.dialer.support.jar]
01-17 15:22:22.066  2060  2060 W dex2oat : Unexpected CPU variant for X86 using defaults: x86
01-17 15:22:22.067  2060  2060 W dex2oat : Mismatch between dex2oat instruction set features (ISA: X86 Feature string: -ssse3,-sse4.1,-sse4.2,-avx,-avx2,-popcnt) and those of dex2oat executable (ISA: X86 Feature string: ssse3,-sse4.1,-sse4.2,-avx,-avx2,-popcnt) for the command line:
01-17 15:22:22.067  2060  2060 W dex2oat : /system/bin/dex2oat --zip-fd=8 --zip-location=GoogleDialer.apk --input-vdex-fd=-1 --output-vdex-fd=10 --oat-fd=9 --oat-location=/data/dalvik-cache/x86/system@priv-app@GoogleDialer@GoogleDialer.apk@classes.dex --instruction-set=x86 --instruction-set-variant=x86 --instruction-set-features=default --runtime-arg -Xms64m --runtime-arg -Xmx512m --compiler-filter=quicken --swap-fd=11 --classpath-dir=/system/priv-app/GoogleDialer --class-loader-context=PCL[/system/framework/com.google.android.dialer.support.jar] --generate-mini-debug-info --compact-dex-level=none --runtime-arg -Xtarget-sdk-version:28 --runtime-arg -Xhidden-api-checks --compilation-reason=first-boot
01-17 15:22:22.067  2060  2060 I dex2oat : /system/bin/dex2oat --input-vdex-fd=-1 --output-vdex-fd=10 --compiler-filter=quicken --classpath-dir=/system/priv-app/GoogleDialer --class-loader-context=PCL[/system/framework/com.google.android.dialer.support.jar] --generate-mini-debug-info --compact-dex-level=none --compilation-reason=first-boot
01-17 15:22:23.314  2060  2060 I dex2oat : dex2oat took 1.293s (2.247s cpu) (threads: 4) arena alloc=117KB (120032B) java alloc=5MB (5273864B) native alloc=7MB (7594440B) free=2MB (2891320B)
01-17 15:22:23.407  1982  1982 I system_server: The ClassLoaderContext is a special shared library.
01-17 15:22:24.868  1982  1982 I chatty  : uid=1000 system_server identical 28 lines
01-17 15:22:24.912  1982  1982 I system_server: The ClassLoaderContext is a special shared library.
01-17 15:22:24.912  1982  1982 I PackageManager.DexOptimizer: Running dexopt (dexoptNeeded=1) on: /system/app/EasterEgg/EasterEgg.apk pkg=com.android.egg isa=x86 dexoptFlags=public targetFilter=quicken oatDir=null classLoaderContext=PCL[]
01-17 15:22:24.935  2067  2067 W dex2oat : Unexpected CPU variant for X86 using defaults: x86
01-17 15:22:24.935  2067  2067 W dex2oat : Mismatch between dex2oat instruction set features (ISA: X86 Feature string: -ssse3,-sse4.1,-sse4.2,-avx,-avx2,-popcnt) and those of dex2oat executable (ISA: X86 Feature string: ssse3,-sse4.1,-sse4.2,-avx,-avx2,-popcnt) for the command line:
01-17 15:22:24.935  2067  2067 W dex2oat : /system/bin/dex2oat --zip-fd=8 --zip-location=EasterEgg.apk --input-vdex-fd=-1 --output-vdex-fd=10 --oat-fd=9 --oat-location=/data/dalvik-cache/x86/system@app@EasterEgg@EasterEgg.apk@classes.dex --instruction-set=x86 --instruction-set-variant=x86 --instruction-set-features=default --runtime-arg -Xms64m --runtime-arg -Xmx512m --compiler-filter=quicken --swap-fd=11 --classpath-dir=/system/app/EasterEgg --class-loader-context=PCL[] --generate-mini-debug-info --compact-dex-level=none --runtime-arg -Xtarget-sdk-version:28 --compilation-reason=first-boot
01-17 15:22:24.936  2067  2067 I dex2oat : /system/bin/dex2oat --input-vdex-fd=-1 --output-vdex-fd=10 --compiler-filter=quicken --classpath-dir=/system/app/EasterEgg --class-loader-context=PCL[] --generate-mini-debug-info --compact-dex-level=none --compilation-reason=first-boot
01-17 15:22:25.089  1982  2001 E KernelUidCpuFreqTimeReader: Failed to read /proc/uid_time_in_state: java.io.FileNotFoundException: /proc/uid_time_in_state (No such file or directory)
01-17 15:22:25.092  2067  2067 I dex2oat : dex2oat took 158.793ms (207.463ms cpu) (threads: 4) arena alloc=3KB (4088B) java alloc=357KB (366408B) native alloc=1676KB (1716416B) free=1907KB (1953600B)
01-17 15:22:25.128  1982  1982 I system_server: The ClassLoaderContext is a special shared library.
01-17 15:22:28.149  1982  1982 D SystemServerTiming: UpdatePackagesIfNeeded took to complete: 6668ms
01-17 15:22:28.149  1982  1982 I SystemServer: PerformFstrimIfNeeded
01-17 15:22:28.149  1982  1982 W PackageManager: No disk maintenance in 1673965348149; running immediately
01-17 15:22:28.150  1982  1982 D SystemServerTiming: PerformFstrimIfNeeded took to complete: 1ms
01-17 15:22:28.150  1982  1982 I SystemServer: StartLockSettingsService
01-17 15:22:28.150  1982  1982 I SystemServiceManager: Starting com.android.server.locksettings.LockSettingsService$Lifecycle
01-17 15:22:28.151  1982  2059 I StorageManagerService: Running fstrim idle maintenance
01-17 15:22:28.154  1581  2074 D vold    : Starting trim of /data
01-17 15:22:28.187  1581  2074 W vold    : Trim failed on /data: Operation not supported on transport endpoint
01-17 15:22:28.281  1982  1982 W SystemServiceManager: Service com.android.server.locksettings.LockSettingsService$Lifecycle took 130 ms in onStart
01-17 15:22:28.282  1982  1982 D SystemServerTiming: StartLockSettingsService took to complete: 132ms
01-17 15:22:28.076  1982  1982 I chatty  : uid=1000 system_server identical 58 lines
01-17 15:22:28.148  1982  1982 I system_server: The ClassLoaderContext is a special shared library.
01-17 15:22:28.282  1573  1573 W hwservicemanager: getTransport: Cannot find entry android.hardware.oemlock@1.0::IOemLock/default in either framework or device manifest.
01-17 15:22:28.283  1982  1982 I OemLock : OemLock HAL not present on device
01-17 15:22:28.283  1982  1982 I SystemServer: StartDeviceIdleController
01-17 15:22:28.283  1982  1982 I SystemServiceManager: Starting com.android.server.DeviceIdleController
01-17 15:22:28.285  1982  1982 D SystemServerTiming: StartDeviceIdleController took to complete: 2ms
01-17 15:22:28.285  1982  1982 I SystemServer: StartDevicePolicyManager
01-17 15:22:28.285  1982  1982 I SystemServiceManager: Starting com.android.server.devicepolicy.DevicePolicyManagerService$Lifecycle
01-17 15:22:28.386  1982  1982 D SystemServerTiming: StartDevicePolicyManager took to complete: 101ms
01-17 15:22:28.386  1982  1982 I SystemServer: StartStatusBarManagerService
01-17 15:22:28.387  1982  1982 D SystemServerTiming: StartStatusBarManagerService took to complete: 1ms
01-17 15:22:28.387  1982  1982 I SystemServer: StartClipboardService
01-17 15:22:28.387  1982  1982 I SystemServiceManager: Starting com.android.server.clipboard.ClipboardService
01-17 15:22:28.390  1982  1982 D SystemServerTiming: StartClipboardService took to complete: 3ms
01-17 15:22:28.390  1982  1982 I SystemServer: StartNetworkManagementService
01-17 15:22:28.392  1982  2077 I NetworkManagement: onDaemonConnected()
01-17 15:22:28.393  1982  1982 D SystemServerTiming: StartNetworkManagementService took to complete: 3ms
01-17 15:22:28.393  1982  1982 I SystemServer: StartIpSecService
01-17 15:22:28.394  1982  1982 D SystemServerTiming: StartIpSecService took to complete: 1ms
01-17 15:22:28.394  1982  1982 I SystemServer: StartTextServicesManager
01-17 15:22:28.394  1982  1982 I SystemServiceManager: Starting com.android.server.TextServicesManagerService$Lifecycle
01-17 15:22:28.395  1982  1982 D SystemServerTiming: StartTextServicesManager took to complete: 1ms
01-17 15:22:28.396  1982  1982 I SystemServer: StartTextClassificationManagerService
01-17 15:22:28.396  1982  1982 I SystemServiceManager: Starting com.android.server.textclassifier.TextClassificationManagerService$Lifecycle
01-17 15:22:28.396  1982  1982 D SystemServerTiming: StartTextClassificationManagerService took to complete: 0ms
01-17 15:22:28.396  1982  1982 I SystemServer: StartNetworkScoreService
01-17 15:22:28.396  1982  1982 I SystemServiceManager: Starting com.android.server.NetworkScoreService$Lifecycle
01-17 15:22:28.396  1982  1982 I NetworkScoreService: Registering network_score
01-17 15:22:28.397  1982  1982 D SystemServerTiming: StartNetworkScoreService took to complete: 1ms
01-17 15:22:28.397  1982  1982 I SystemServer: StartNetworkStatsService
01-17 15:22:28.398  1982  1982 D SystemServerTiming: StartNetworkStatsService took to complete: 1ms
01-17 15:22:28.398  1982  1982 I SystemServer: StartNetworkPolicyManagerService
01-17 15:22:28.427  1982  1982 D SystemServerTiming: StartNetworkPolicyManagerService took to complete: 29ms
01-17 15:22:28.427  1982  1982 I SystemServer: StartWifi
01-17 15:22:28.627  1982  1992 I system_server: Background concurrent copying GC freed 24882(1996KB) AllocSpace objects, 34(904KB) LOS objects, 42% free, 4MB/8MB, paused 390us total 228.759ms
01-17 15:22:28.655  1982  1982 W system_server: Verification of void com.android.server.wifi.WifiService.<init>(android.content.Context) took 132.867ms
01-17 15:22:28.669  1982  1982 I SystemServiceManager: Starting com.android.server.wifi.WifiService
01-17 15:22:28.886  1982  1982 W system_server: Verification of void com.android.server.wifi.WifiInjector.<init>(android.content.Context) took 191.378ms
01-17 15:22:29.218  1982  1982 D WifiApConfigStore: 2G band allowed channels are:1,6,11
01-17 15:22:29.219  1982  1982 E WifiApConfigStore: Error reading hotspot configuration java.io.FileNotFoundException: /data/misc/wifi/softap.conf (No such file or directory)
01-17 15:22:29.219  1982  1982 D WifiApConfigStore: Fallback to use default AP configuration
01-17 15:22:29.248  1982  1982 I WifiScoringParams: rssi2=-85:-85:-73:-60,rssi5=-82:-82:-70:-57,pps=0:1:100,horizon=15,nud=8,expid=0
01-17 15:22:29.283  1982  1982 D WifiStateMachine: EnableConnectedMacRandomization Setting changed to false
01-17 15:22:29.284  1982  1982 E WifiStateMachine: getWifiLinkLayerStats called without an interface
01-17 15:22:29.284  1982  1982 D WifiStateMachinePrime: Starting Wifi in WifiDisabledState
01-17 15:22:29.284  1982  2083 D WifiStateMachinePrime: Entering WifiDisabledState
01-17 15:22:29.284  1982  2083 D ActiveModeManager: sending scan available broadcast: false
01-17 15:22:29.285  1982  1982 D WifiOpenNetworkNotifier: Settings toggle enabled=true
01-17 15:22:29.286  1982  1982 D WifiCarrierNetworkNotifier: Settings toggle enabled=true
01-17 15:22:29.286  1982  1982 D WakeupController: WifiWake enabled
01-17 15:22:29.304  1982  1982 D WifiController: isAirplaneModeOn = false, isWifiEnabled = true, isScanningAvailable = false, isLocationModeActive = false
01-17 15:22:29.315  1982  1982 E SupplicantStaIfaceHal: Can't call setDebugParams, ISupplicant is null
01-17 15:22:29.316  1982  1982 W WifiDiags: no ring buffers found
01-17 15:22:29.316  1982  1982 W WifiDiags: Failed to start packet fate monitoring
01-17 15:22:29.316  1982  1982 I WifiService: Registering wifi
01-17 15:22:29.317  1982  1982 D SystemServerTiming: StartWifi took to complete: 890ms
01-17 15:22:29.318  1982  1982 I SystemServer: StartWifiScanning
01-17 15:22:29.318  1982  1982 I SystemServiceManager: Starting com.android.server.wifi.scanner.WifiScanningService
01-17 15:22:29.319  1982  1982 I WifiScanningService: Creating wifiscanner
01-17 15:22:29.321  1982  1982 I WifiScanningService: Publishing wifiscanner
01-17 15:22:29.321  1982  1982 D SystemServerTiming: StartWifiScanning took to complete: 3ms
01-17 15:22:29.321  1982  1982 I SystemServer: StartWifiP2P
01-17 15:22:29.321  1982  1982 I SystemServiceManager: Starting com.android.server.wifi.p2p.WifiP2pService
01-17 15:22:29.391  1982  1982 W HalDevMgr: isWifiStarted called but mWifi is null!?
01-17 15:22:29.391  1982  1982 I WifiP2pService: Registering wifip2p
01-17 15:22:29.392  1982  1982 D SystemServerTiming: StartWifiP2P took to complete: 71ms
01-17 15:22:29.392  1982  1982 I SystemServer: StartConnectivityService
01-17 15:22:29.393  1982  1982 D ConnectivityService: ConnectivityService starting up
01-17 15:22:29.395  1982  1982 D ConnectivityService: wifiOnly=false
01-17 15:22:29.444  1982  1982 D SystemServerTiming: StartConnectivityService took to complete: 52ms
01-17 15:22:29.445  1982  1982 I SystemServer: StartNsdService
01-17 15:22:29.446  1982  1982 D NsdService: Network service discovery is enabled
01-17 15:22:29.448  1982  1982 D SystemServerTiming: StartNsdService took to complete: 3ms
01-17 15:22:29.448  1982  1982 I SystemServer: StartSystemUpdateManagerService
01-17 15:22:29.448  1982  1982 I SystemUpdateManagerService: No existing info file /data/system/system-update-info.xml
01-17 15:22:29.449  1982  1982 D SystemServerTiming: StartSystemUpdateManagerService took to complete: 1ms
01-17 15:22:29.449  1982  1982 I SystemServer: StartUpdateLockService
01-17 15:22:29.449  1982  1982 D SystemServerTiming: StartUpdateLockService took to complete: 0ms
01-17 15:22:29.449  1982  1982 I SystemServer: StartNotificationManager
01-17 15:22:29.449  1982  1982 I SystemServiceManager: Starting com.android.server.notification.NotificationManagerService
01-17 15:22:29.527  1982  1982 D ConditionProviders.SCP: new ScheduleConditionProvider()
01-17 15:22:29.533  1982  1982 I ConditionProviders:  Allowing condition provider com.google.android.apps.restore/com.google.android.apps.pixelmigrate.component.NotificationConsolidatorService
01-17 15:22:29.533  1982  1982 I NotificationListeners:  Allowing notification listener com.google.android.apps.restore/com.google.android.apps.pixelmigrate.component.NotificationConsolidatorService
01-17 15:22:29.534  1982  1982 I ConditionProviders:  Allowing condition provider com.android.camera2
01-17 15:22:29.534  1982  1982 I ConditionProviders:  Allowing condition provider com.google.android.ext.services/android.ext.services.notification.Assistant
01-17 15:22:29.534  1982  1982 I NotificationAssistants:  Allowing notification assistant com.google.android.ext.services/android.ext.services.notification.Assistant
01-17 15:22:29.535  1982  1982 D ZenLog  : set_zen_mode: off,init
01-17 15:22:29.538  1982  1982 W SystemServiceManager: Service com.android.server.notification.NotificationManagerService took 56 ms in onStart
01-17 15:22:29.561  1982  1982 D SystemServerTiming: StartNotificationManager took to complete: 112ms
01-17 15:22:29.561  1982  1982 I SystemServer: StartDeviceMonitor
01-17 15:22:29.562  1982  1982 I SystemServiceManager: Starting com.android.server.storage.DeviceStorageMonitorService
01-17 15:22:29.564  1982  1982 D SystemServerTiming: StartDeviceMonitor took to complete: 2ms
01-17 15:22:29.564  1982  1982 I SystemServer: StartLocationManagerService
01-17 15:22:29.584  1982  1982 D SystemServerTiming: StartLocationManagerService took to complete: 20ms
01-17 15:22:29.584  1982  1982 I SystemServer: StartCountryDetectorService
01-17 15:22:29.587  1982  1982 D SystemServerTiming: StartCountryDetectorService took to complete: 3ms
01-17 15:22:29.587  1982  1982 I SystemServer: StartSearchManagerService
01-17 15:22:29.587  1982  1982 I SystemServiceManager: Starting com.android.server.search.SearchManagerService$Lifecycle
01-17 15:22:29.589  1982  1982 D SystemServerTiming: StartSearchManagerService took to complete: 2ms
01-17 15:22:29.589  1982  1982 I SystemServer: StartWallpaperManagerService
01-17 15:22:29.589  1982  1982 I SystemServiceManager: Starting com.android.server.wallpaper.WallpaperManagerService$Lifecycle
01-17 15:22:29.592  1982  1982 D SystemServerTiming: StartWallpaperManagerService took to complete: 3ms
01-17 15:22:29.592  1982  1982 I SystemServer: StartAudioService
01-17 15:22:29.592  1982  1982 I SystemServiceManager: Starting com.android.server.audio.AudioService$Lifecycle
01-17 15:22:29.629  1982  1982 W TelecomManager: Telecom Service not found.
01-17 15:22:29.631  1827  1827 D PermissionCache: checking android.permission.MODIFY_AUDIO_SETTINGS for uid=1000 => granted (924 us)
01-17 15:22:29.631  1827  1843 D PermissionCache: checking android.permission.MODIFY_AUDIO_ROUTING for uid=1000 => granted (278 us)
01-17 15:22:29.632  1827  1846 W AudioFlinger: no wake lock to update, system not ready yet
01-17 15:22:29.633  1828  1847 W DeviceHAL: Error from HAL Device in function set_mic_mute: Function not implemented
01-17 15:22:29.675  1827  1843 D AudioFlinger: isLowRamDevice:false totalMemory:1567367168 mClientSharedHeapSize:4194304
01-17 15:22:29.678  1982  1982 D SystemServerTiming: StartAudioService took to complete: 86ms
01-17 15:22:29.678  1982  1982 I SystemServer: StartDockObserver
01-17 15:22:29.678  1982  1982 I SystemServiceManager: Starting com.android.server.DockObserver
01-17 15:22:29.679  1982  1982 W DockObserver: This kernel does not have dock station support
01-17 15:22:29.679  1982  1982 D SystemServerTiming: StartDockObserver took to complete: 1ms
01-17 15:22:29.680  1982  1982 I SystemServer: StartWiredAccessoryManager
01-17 15:22:29.680  1982  1982 W WiredAccessoryManager: This kernel does not have usb audio support
01-17 15:22:29.680  1982  1982 W WiredAccessoryManager: This kernel does not have HDMI audio support
01-17 15:22:29.681  1982  1982 D SystemServerTiming: StartWiredAccessoryManager took to complete: 0ms
01-17 15:22:29.681  1982  1982 I SystemServer: StartMidiManager
01-17 15:22:29.681  1982  1982 I SystemServiceManager: Starting com.android.server.midi.MidiService$Lifecycle
01-17 15:22:29.692  1982  1982 D SystemServerTiming: StartMidiManager took to complete: 11ms
01-17 15:22:29.692  1982  1982 I SystemServer: StartUsbService
01-17 15:22:29.692  1982  1982 I SystemServiceManager: Starting com.android.server.usb.UsbService$Lifecycle
01-17 15:22:29.707  1982  1982 E UsbDeviceManager: failed to write to /sys/class/android_usb/android0/f_rndis/ethaddr
01-17 15:22:29.708  1573  1573 W hwservicemanager: getTransport: Cannot find entry android.hardware.usb.gadget@1.0::IUsbGadget/default in either framework or device manifest.
01-17 15:22:29.797  1982  1982 I UsbDeviceManager: USB GADGET HAL not present in the device
01-17 15:22:29.797  1982  1982 I UsbDeviceManager: java.util.NoSuchElementException
01-17 15:22:29.797  1982  1982 I UsbDeviceManager: 	at android.os.HwBinder.getService(Native Method)
01-17 15:22:29.797  1982  1982 I UsbDeviceManager: 	at android.hardware.usb.gadget.V1_0.IUsbGadget.getService(IUsbGadget.java:40)
01-17 15:22:29.797  1982  1982 I UsbDeviceManager: 	at android.hardware.usb.gadget.V1_0.IUsbGadget.getService(IUsbGadget.java:44)
01-17 15:22:29.797  1982  1982 I UsbDeviceManager: 	at com.android.server.usb.UsbDeviceManager.<init>(UsbDeviceManager.java:267)
01-17 15:22:29.797  1982  1982 I UsbDeviceManager: 	at com.android.server.usb.UsbService.<init>(UsbService.java:139)
01-17 15:22:29.797  1982  1982 I UsbDeviceManager: 	at com.android.server.usb.UsbService$Lifecycle.onStart(UsbService.java:73)
01-17 15:22:29.797  1982  1982 I UsbDeviceManager: 	at com.android.server.SystemServiceManager.startService(SystemServiceManager.java:126)
01-17 15:22:29.797  1982  1982 I UsbDeviceManager: 	at com.android.server.SystemServiceManager.startService(SystemServiceManager.java:113)
01-17 15:22:29.797  1982  1982 I UsbDeviceManager: 	at com.android.server.SystemServiceManager.startService(SystemServiceManager.java:72)
01-17 15:22:29.797  1982  1982 I UsbDeviceManager: 	at com.android.server.SystemServer.startOtherServices(SystemServer.java:1299)
01-17 15:22:29.797  1982  1982 I UsbDeviceManager: 	at com.android.server.SystemServer.run(SystemServer.java:431)
01-17 15:22:29.797  1982  1982 I UsbDeviceManager: 	at com.android.server.SystemServer.main(SystemServer.java:294)
01-17 15:22:29.797  1982  1982 I UsbDeviceManager: 	at java.lang.reflect.Method.invoke(Native Method)
01-17 15:22:29.797  1982  1982 I UsbDeviceManager: 	at com.android.internal.os.RuntimeInit$MethodAndArgsCaller.run(RuntimeInit.java:493)
01-17 15:22:29.797  1982  1982 I UsbDeviceManager: 	at com.android.internal.os.ZygoteInit.main(ZygoteInit.java:838)
01-17 15:22:29.797  1982  1982 E UsbDeviceManagerJNI: could not open control for mtp No such file or directory
01-17 15:22:29.797  1982  1982 E UsbDeviceManager: Failed to open control for mtp
01-17 15:22:29.797  1982  1982 E UsbDeviceManagerJNI: could not open control for ptp No such file or directory
01-17 15:22:29.803  1982  1982 W StorageManagerService: No primary storage defined yet; hacking together a stub
01-17 15:22:29.804  1982  1982 E UsbDeviceManagerJNI: could not open /dev/usb_accessory
