01-17 15:21:53.716  1765  1765 I SurfaceFlinger: Client API: OpenGL_ES
01-17 15:21:53.716  1765  1765 I SurfaceFlinger: EGLSurface: 8-8-8-8, config=0x2
01-17 15:21:53.718  1765  1765 D eglCodecCommon: setVertexArrayObject: set vao to 0 (0) 0 0
01-17 15:21:53.718  1765  1765 D EGL_emulation: eglCreateContext: 0xeeb20ae0: maj 3 min 0 rcv 3
01-17 15:21:53.719  1765  1765 D EGL_emulation: eglMakeCurrent: 0xeeb20ae0: ver 3 0 (tinfo 0xeeb1c310)
01-17 15:21:53.721  1765  1765 I SurfaceFlinger: OpenGL ES informations:
01-17 15:21:53.721  1765  1765 I SurfaceFlinger: vendor    : Google (Intel Inc.)
01-17 15:21:53.721  1765  1765 I SurfaceFlinger: renderer  : Android Emulator OpenGL ES Translator (Intel(R) Iris(TM) Plus Graphics 655)
01-17 15:21:53.721  1765  1765 I SurfaceFlinger: version   : OpenGL ES 3.0 (4.1 INTEL-18.7.4)
01-17 15:21:53.721  1765  1765 I SurfaceFlinger: extensions: GL_EXT_debug_marker GL_EXT_robustness GL_OES_EGL_sync GL_OES_EGL_image GL_OES_EGL_image_external GL_OES_depth24 GL_OES_depth32 GL_OES_element_index_uint GL_OES_texture_float GL_OES_texture_float_linear GL_OES_compressed_paletted_texture GL_OES_compressed_ETC1_RGB8_texture GL_OES_depth_texture GL_OES_texture_npot GL_OES_rgb8_rgba8 GL_EXT_color_buffer_float GL_EXT_color_buffer_half_float GL_EXT_texture_format_BGRA8888 GL_APPLE_texture_format_BGRA8888 ANDROID_EMU_CHECKSUM_HELPER_v1 ANDROID_EMU_native_sync_v2 ANDROID_EMU_native_sync_v3 ANDROID_EMU_native_sync_v4 ANDROID_EMU_dma_v1 ANDROID_EMU_YUV420_888_to_NV21 ANDROID_EMU_YUV_Cache ANDROID_EMU_sync_buffer_data GL_OES_EGL_image_external_essl3 GL_OES_vertex_array_object GL_KHR_texture_compression_astc_ldr ANDROID_EMU_host_side_tracing ANDROID_EMU_gles_max_version_3_0 
01-17 15:21:53.721  1765  1765 I SurfaceFlinger: GL_MAX_TEXTURE_SIZE = 16384
01-17 15:21:53.721  1765  1765 I SurfaceFlinger: GL_MAX_VIEWPORT_DIMS = 16384
01-17 15:21:53.728  1774  1774 I mediametrics: ServiceManager: 0xeb19a6e0
01-17 15:21:53.728  1774  1774 D MediaAnalyticsService: MediaAnalyticsService created
01-17 15:21:53.729  1637  1703 D gralloc_ranchu: gralloc_alloc: Creating ashmem region of size 16592896
01-17 15:21:53.730  1765  1765 D HostConnection: createUnique: call
01-17 15:21:53.730  1765  1765 D HostConnection: HostConnection::get() New Host Connection established 0xeeb25b30, tid 1765
01-17 15:21:53.732  1765  1765 D HostConnection: HostComposition ext ANDROID_EMU_CHECKSUM_HELPER_v1 ANDROID_EMU_native_sync_v2 ANDROID_EMU_native_sync_v3 ANDROID_EMU_native_sync_v4 ANDROID_EMU_dma_v1 ANDROID_EMU_YUV420_888_to_NV21 ANDROID_EMU_YUV_Cache ANDROID_EMU_sync_buffer_data GL_OES_EGL_image_external_essl3 GL_OES_vertex_array_object GL_KHR_texture_compression_astc_ldr ANDROID_EMU_host_side_tracing ANDROID_EMU_gles_max_version_3_0 
01-17 15:21:53.732  1765  1765 E eglCodecCommon: GoldfishAddressSpaceHostMemoryAllocator: ioctl_ping failed for device_type=5, ret=-1
01-17 15:21:53.732  1765  1765 E HWComposer: getSupportedPerFrameMetadata: getSupportedPerFrameMetadata failed for display 0: Unsupported (8)
01-17 15:21:53.733  1637  1703 D gralloc_ranchu: gralloc_alloc: Creating ashmem region of size 16592896
01-17 15:21:53.733  1637  1637 D gralloc_ranchu: gralloc_alloc: Creating ashmem region of size 16592896
01-17 15:21:53.734  1765  1765 D EGL_emulation: eglMakeCurrent: 0xeeb20ae0: ver 3 0 (tinfo 0xeeb1c310)
01-17 15:21:53.789  1765  1765 D SurfaceFlinger: shader cache generated - 24 shaders in 54.290585 ms
01-17 15:21:53.791  1765  1765 D SurfaceFlinger: Set power mode=2, type=0 flinger=0xeeb46000
01-17 15:21:53.791  1765  1765 D SurfaceFlinger: Finished set power mode=2, type=0
01-17 15:21:53.994  1799  1799 D HostConnection: createUnique: call
01-17 15:21:53.995  1799  1799 D HostConnection: HostConnection::get() New Host Connection established 0xe6d24140, tid 1799
01-17 15:21:53.998  1799  1799 D HostConnection: HostComposition ext ANDROID_EMU_CHECKSUM_HELPER_v1 ANDROID_EMU_native_sync_v2 ANDROID_EMU_native_sync_v3 ANDROID_EMU_native_sync_v4 ANDROID_EMU_dma_v1 ANDROID_EMU_YUV420_888_to_NV21 ANDROID_EMU_YUV_Cache ANDROID_EMU_sync_buffer_data GL_OES_EGL_image_external_essl3 GL_OES_vertex_array_object GL_KHR_texture_compression_astc_ldr ANDROID_EMU_host_side_tracing ANDROID_EMU_gles_max_version_3_0 
01-17 15:21:53.999  1799  1799 E hwcomposer: unknown display attribute 6
01-17 15:21:53.999  1799  1799 I ServiceManagement: Removing namespace from process name android.hardware.graphics.composer@2.1-service to composer@2.1-service.
01-17 15:21:54.000  1799  1799 I android.hardware.graphics.composer@2.1-service: Registration complete for android.hardware.graphics.composer@2.1::IComposer/default.
01-17 15:21:54.024  1770  1770 I installd: installd firing up
01-17 15:21:54.024  1770  1770 E cutils  : Failed to read /data/.layout_version: No such file or directory
01-17 15:21:54.024  1770  1770 D installd: Assuming that device has multi-user storage layout; upgrade no longer supported
01-17 15:21:54.024  1770  1770 D installd: Upgrading to /data/misc/user directories
01-17 15:21:54.067  1765  1781 E SurfaceFlinger: ro.sf.lcd_density must be defined as a build property
01-17 15:21:54.069  1765  1765 F HidlStatus: Status.cpp:149] Failed HIDL return status not checked: Status(EX_TRANSACTION_FAILED): 'DEAD_OBJECT: '
--------- beginning of crash
01-17 15:21:54.069  1765  1765 F libc    : Fatal signal 6 (SIGABRT), code -6 (SI_TKILL) in tid 1765 (surfaceflinger), pid 1765 (surfaceflinger)
01-17 15:21:54.246  1795  1795 I /system/bin/tombstoned: tombstoned successfully initialized
01-17 15:21:54.361  1766  1766 D AndroidRuntime: >>>>>> START com.android.internal.os.ZygoteInit uid 0 <<<<<<
01-17 15:21:54.440  1573  1573 W hwservicemanager: getTransport: Cannot find entry android.hardware.usb.gadget@1.0::IUsbGadget/default in either framework or device manifest.
01-17 15:21:54.440  1796  1796 I usbd    : Usb HAL not found
01-17 15:21:54.527  1773  1773 W /system/bin/mediaextractor: Could not read additional policy file '/vendor/etc/seccomp_policy/mediaextractor.policy'
01-17 15:21:54.528  1773  1773 W mediaextractor: libminijail[1773]: failed to get path of fd 5: No such file or directory
01-17 15:21:54.528  1773  1773 W mediaextractor: libminijail[1773]: allowing syscall: socketcall
01-17 15:21:54.528  1773  1773 W mediaextractor: libminijail[1773]: allowing syscall: writev
01-17 15:21:54.528  1773  1773 W mediaextractor: libminijail[1773]: allowing syscall: fcntl64
01-17 15:21:54.528  1773  1773 W mediaextractor: libminijail[1773]: allowing syscall: clock_gettime
01-17 15:21:54.587  1798  1798 D android.hardware.biometrics.fingerprint@2.1-service: Opening fingerprint hal library...
01-17 15:21:54.717  1773  1773 W mediaextractor: libminijail[1773]: logging seccomp filter failures
01-17 15:21:54.737  1819  1819 I crash_dump32: obtaining output fd from tombstoned, type: kDebuggerdTombstone
01-17 15:21:54.737  1795  1795 I /system/bin/tombstoned: received crash request for pid 1765
01-17 15:21:54.737  1819  1819 I crash_dump32: performing dump of process 1765 (target tid = 1765)
01-17 15:21:54.739  1819  1819 F DEBUG   : *** *** *** *** *** *** *** *** *** *** *** *** *** *** *** ***
01-17 15:21:54.739  1819  1819 F DEBUG   : Build fingerprint: 'google/sdk_gphone_x86_arm/generic_x86_arm:9/PSR1.180720.122/6736742:userdebug/dev-keys'
01-17 15:21:54.739  1819  1819 F DEBUG   : Revision: '0'
01-17 15:21:54.739  1819  1819 F DEBUG   : ABI: 'x86'
01-17 15:21:54.739  1819  1819 F DEBUG   : pid: 1765, tid: 1765, name: surfaceflinger  >>> /system/bin/surfaceflinger <<<
01-17 15:21:54.739  1819  1819 F DEBUG   : signal 6 (SIGABRT), code -6 (SI_TKILL), fault addr --------
01-17 15:21:54.739  1819  1819 F DEBUG   : Abort message: 'Status.cpp:149] Failed HIDL return status not checked: Status(EX_TRANSACTION_FAILED): 'DEAD_OBJECT: ''
01-17 15:21:54.739  1819  1819 F DEBUG   :     eax 00000000  ebx 000006e5  ecx 000006e5  edx 00000006
01-17 15:21:54.739  1819  1819 F DEBUG   :     edi 000006e5  esi efc73048
01-17 15:21:54.739  1819  1819 F DEBUG   :     ebp ffab54e8  esp ffab5468  eip f05e6b39
01-17 15:21:54.816  1779  1779 I wificond: wificond is starting up...
01-17 15:21:54.906  1819  1819 F DEBUG   : 
01-17 15:21:54.906  1819  1819 F DEBUG   : backtrace:
01-17 15:21:54.906  1819  1819 F DEBUG   :     #00 pc 00000b39  [vdso:f05e6000] (__kernel_vsyscall+9)
01-17 15:21:54.906  1819  1819 F DEBUG   :     #01 pc 0001fdf8  /system/lib/libc.so (syscall+40)
01-17 15:21:54.906  1819  1819 F DEBUG   :     #02 pc 00022ed3  /system/lib/libc.so (abort+115)
01-17 15:21:54.906  1819  1819 F DEBUG   :     #03 pc 00006f85  /system/lib/libbase.so (android::base::DefaultAborter(char const*)+37)
01-17 15:21:54.906  1819  1819 F DEBUG   :     #04 pc 00008433  /system/lib/libbase.so (_ZNSt3__110__function6__funcIPFvPKcENS_9allocatorIS5_EES4_EclEOS3_+35)
01-17 15:21:54.906  1819  1819 F DEBUG   :     #05 pc 00007ccc  /system/lib/libbase.so (android::base::LogMessage::~LogMessage()+828)
01-17 15:21:54.906  1819  1819 F DEBUG   :     #06 pc 0001bbf2  /system/lib/libhidlbase.so (android::hardware::details::return_status::~return_status()+290)
01-17 15:21:54.906  1819  1819 F DEBUG   :     #07 pc 0004f386  /system/lib/libsurfaceflinger.so (android::Hwc2::impl::Composer::getActiveConfig(unsigned long long, unsigned int*)+118)
01-17 15:21:54.906  1819  1819 F DEBUG   :     #08 pc 0005afe4  /system/lib/libsurfaceflinger.so (HWC2::Display::getActiveConfig(std::__1::shared_ptr<HWC2::Display::Config const>*) const+68)
01-17 15:21:54.906  1819  1819 F DEBUG   :     #09 pc 00061d7b  /system/lib/libsurfaceflinger.so (android::HWComposer::getActiveConfig(int) const+107)
01-17 15:21:54.906  1819  1819 F DEBUG   :     #10 pc 00075ce0  /system/lib/libsurfaceflinger.so (android::Layer::Layer(android::SurfaceFlinger*, android::sp<android::Client> const&, android::String8 const&, unsigned int, unsigned int, unsigned int)+2672)
01-17 15:21:54.906  1819  1819 F DEBUG   :     #11 pc 0003f1fc  /system/lib/libsurfaceflinger.so (android::BufferLayer::BufferLayer(android::SurfaceFlinger*, android::sp<android::Client> const&, android::String8 const&, unsigned int, unsigned int, unsigned int)+76)
01-17 15:21:54.906  1819  1819 F DEBUG   :     #12 pc 000a2ae8  /system/lib/libsurfaceflinger.so (android::SurfaceFlinger::createLayer(android::String8 const&, android::sp<android::Client> const&, unsigned int, unsigned int, int, unsigned int, int, int, android::sp<android::IBinder>*, android::sp<android::IGraphicBufferProducer>*, android::sp<android::Layer>*)+792)
01-17 15:21:54.906  1819  1819 F DEBUG   :     #13 pc 00048a88  /system/lib/libsurfaceflinger.so (_ZZN7android6Client13createSurfaceERKNS_7String8EjjijRKNS_2spINS_7IBinderEEEiiPS6_PNS4_INS_22IGraphicBufferProducerEEEEN18MessageCreateLayer7handlerEv$cc626c412ebb6ae9410a5876e5c2c26d+136)
01-17 15:21:54.906  1819  1819 F DEBUG   :     #14 pc 00086182  /system/lib/libsurfaceflinger.so (android::MessageBase::handleMessage(android::Message const&)+34)
01-17 15:21:54.906  1819  1819 F DEBUG   :     #15 pc 0001364e  /system/lib/libutils.so (android::Looper::pollInner(int)+414)
01-17 15:21:54.906  1819  1819 F DEBUG   :     #16 pc 0001340b  /system/lib/libutils.so (android::Looper::pollOnce(int, int*, int*, void**)+43)
01-17 15:21:54.906  1819  1819 F DEBUG   :     #17 pc 0008662d  /system/lib/libsurfaceflinger.so (android::impl::MessageQueue::waitMessage()+109)
01-17 15:21:54.906  1819  1819 F DEBUG   :     #18 pc 00098c6d  /system/lib/libsurfaceflinger.so (android::SurfaceFlinger::run()+45)
01-17 15:21:54.906  1819  1819 F DEBUG   :     #19 pc 00002884  /system/bin/surfaceflinger (main+1172)
01-17 15:21:54.906  1819  1819 F DEBUG   :     #20 pc 000c0f54  /system/lib/libc.so (__libc_init+100)
01-17 15:21:54.930  1819  1819 E crash_dump32: unable to connect to activity manager: No such file or directory
01-17 15:21:54.930  1795  1795 E /system/bin/tombstoned: Tombstone written to: /data/tombstones/tombstone_00
01-17 15:21:54.948  1778  1805 I ServiceManager: Waiting for service package_native...
01-17 15:21:54.951  1572  1572 I ServiceManager: service 'SurfaceFlinger' died
01-17 15:21:54.951  1572  1572 I ServiceManager: service 'gpu' died
01-17 15:21:54.952  1572  1572 I ServiceManager: service 'media.audio_flinger' died
01-17 15:21:54.951  1800  1809 E BpSurfaceComposerClient: Failed to transact (-32)
01-17 15:21:54.951  1800  1800 W SurfaceComposerClient: ComposerService remote (surfaceflinger) died [0xee747440]
01-17 15:21:54.952  1800  1809 E SurfaceComposerClient: SurfaceComposerClient::createSurface error Broken pipe
01-17 15:21:54.952  1800  1800 D BootAnimation: SurfaceFlinger died, exiting...
01-17 15:21:54.953  1627  1712 I r_submix: adev_close()
01-17 15:21:55.033  1828  1828 I ServiceManagement: Removing namespace from process name android.hardware.audio@2.0-service to audio@2.0-service.
01-17 15:21:55.034  1828  1828 I audiohalservice: Registration complete for android.hardware.audio@4.0::IDevicesFactory/default.
01-17 15:21:55.037  1828  1828 I audiohalservice: Registration complete for android.hardware.audio.effect@4.0::IEffectsFactory/default.
01-17 15:21:55.037  1573  1573 W hwservicemanager: getTransport: Cannot find entry android.hardware.soundtrigger@2.1::ISoundTriggerHw/default in either framework or device manifest.
01-17 15:21:55.037  1828  1828 E audiohalservice: Could not get passthrough implementation for android.hardware.soundtrigger@2.1::ISoundTriggerHw/default.
01-17 15:21:55.038  1573  1573 W hwservicemanager: getTransport: Cannot find entry android.hardware.soundtrigger@2.0::ISoundTriggerHw/default in either framework or device manifest.
01-17 15:21:55.039  1828  1828 E SoundTriggerHalImpl: couldn't load sound trigger module sound_trigger.primary (No such file or directory)
01-17 15:21:55.039  1828  1828 I audiohalservice: Registration complete for android.hardware.soundtrigger@2.0::ISoundTriggerHw/default.
01-17 15:21:55.039  1573  1573 W hwservicemanager: getTransport: Cannot find entry android.hardware.bluetooth.a2dp@1.0::IBluetoothAudioOffload/default in either framework or device manifest.
01-17 15:21:55.040  1828  1828 E audiohalservice: Could not get passthrough implementation for android.hardware.bluetooth.a2dp@1.0::IBluetoothAudioOffload/default.
01-17 15:21:55.040  1828  1828 W audiohalservice: Could not register Bluetooth audio offload 1.0
01-17 15:21:55.041  1572  1572 I ServiceManager: service 'wificond' died
01-17 15:21:55.061  1777  1777 W statsd  : statscompanion service unavailable!
01-17 15:21:55.061  1777  1777 I statsd  : using statsd socket
01-17 15:21:55.071  1798  1798 D FingerprintHal: ----------------> fingerprint_open ----------------->
01-17 15:21:55.071  1798  1798 D FingerprintHal: ----------------> set_notify_callback ----------------->
01-17 15:21:55.071  1798  1798 D FingerprintHal: fingerprint callback notification set
01-17 15:21:55.071  1798  1798 I ServiceManagement: Removing namespace from process name android.hardware.biometrics.fingerprint@2.1-service to fingerprint@2.1-service.
01-17 15:21:55.071  1798  1834 D FingerprintHal: ----------------> listenerFunction ----------------->
01-17 15:21:55.083  1827  1827 I FastMixerState: sMaxFastTracks = 8
01-17 15:21:55.084  1827  1827 I audioserver: ServiceManager: 0xe5c9aa60
01-17 15:21:55.084  1827  1827 W BatteryNotifier: batterystats service unavailable!
01-17 15:21:55.087  1573  1573 W hwservicemanager: getTransport: Cannot find entry android.hardware.audio@4.0::IDevicesFactory/msd in either framework or device manifest.
01-17 15:21:55.088  1827  1827 I AudioFlinger: Using default 3000 mSec as standby time.
01-17 15:21:55.090  1827  1827 I APM::ConfigParsingUtils: loadAudioPolicyConfig() loaded /vendor/etc/audio_policy.conf
01-17 15:21:55.091  1828  1835 D audio_hw_generic: Emulator host-side ALSA audio emulation detected.
01-17 15:21:55.091  1828  1835 D audio_hw_generic: mixer 0 name Master Playback Volume
01-17 15:21:55.091  1828  1835 D audio_hw_generic: set ctl 0 to 100
01-17 15:21:55.091  1828  1835 D audio_hw_generic: set ctl 1 to 100
01-17 15:21:55.091  1828  1835 D audio_hw_generic: mixer 1 name Master Playback Switch
01-17 15:21:55.091  1828  1835 D audio_hw_generic: set ctl 0 to 1
01-17 15:21:55.091  1828  1835 D audio_hw_generic: set ctl 1 to 1
01-17 15:21:55.091  1828  1835 D audio_hw_generic: mixer 2 name Capture Volume
01-17 15:21:55.091  1828  1835 D audio_hw_generic: set ctl 0 to 100
01-17 15:21:55.091  1828  1835 D audio_hw_generic: set ctl 1 to 100
01-17 15:21:55.091  1828  1835 D audio_hw_generic: mixer 3 name Capture Switch
01-17 15:21:55.091  1828  1835 D audio_hw_generic: set ctl 0 to 1
01-17 15:21:55.091  1828  1835 D audio_hw_generic: set ctl 1 to 1
01-17 15:21:55.091  1828  1835 D audio_hw_generic: mixer 4 name Line Phantom Jack
01-17 15:21:55.091  1828  1835 D audio_hw_generic: mixer 5 name Line Out Phantom Jack
01-17 15:21:55.091  1828  1835 D audio_hw_generic: mixer 6 name Playback Channel Map
01-17 15:21:55.091  1828  1835 D audio_hw_generic: mixer 7 name Capture Channel Map
01-17 15:21:55.091  1828  1835 W DeviceHAL: Error from HAL Device in function get_master_volume: Function not implemented
01-17 15:21:55.091  1828  1835 W DeviceHAL: Error from HAL Device in function get_master_mute: Function not implemented
01-17 15:21:55.091  1828  1835 W DeviceHAL: Error from HAL Device in function set_master_volume: Function not implemented
01-17 15:21:55.091  1828  1835 W DeviceHAL: Error from HAL Device in function set_master_mute: Function not implemented
01-17 15:21:55.091  1827  1827 I AudioFlinger: loadHwModule() Loaded primary audio interface, handle 10
01-17 15:21:55.091  1827  1827 I AudioFlinger: openOutput() this 0xe5cbc000, module 10 Device 0x2, SamplingRate 48000, Format 0x000001, Channels 0x3, flags 0x2
01-17 15:21:55.093  1827  1827 I AudioFlinger: HAL output buffer size 720 frames, normal sink buffer size 1152 frames
01-17 15:21:55.095  1827  1827 I BufferProvider: found effect "Multichannel Downmix To Stereo" from The Android Open Source Project
01-17 15:21:55.096  1827  1846 I AudioFlinger: AudioFlinger's thread 0xe5283b80 tid=1846 ready to run
01-17 15:21:55.096  1827  1846 W AudioFlinger: no wake lock to update, system not ready yet
01-17 15:21:55.096  1827  1827 I AudioFlinger: Using module 10 as the primary audio interface
01-17 15:21:55.097  1827  1846 W AudioFlinger: no wake lock to update, system not ready yet
01-17 15:21:55.099  1827  1827 W AudioFlinger: moveEffects() bad srcOutput 0
01-17 15:21:55.102  1827  1849 I AudioFlinger: AudioFlinger's thread 0xe4f96c00 tid=1849 ready to run
01-17 15:21:55.103  1828  1847 I r_submix: adev_open(name=audio_hw_if)
01-17 15:21:55.103  1828  1847 I r_submix: adev_init_check()
01-17 15:21:55.104  1828  1847 W DeviceHAL: Error from HAL Device in function set_master_mute: Function not implemented
01-17 15:21:55.104  1827  1827 I AudioFlinger: loadHwModule() Loaded r_submix audio interface, handle 18
01-17 15:21:55.104  1828  1847 D r_submix: adev_open_input_stream(addr=0)
01-17 15:21:55.104  1828  1847 D r_submix: submix_audio_device_create_pipe_l(addr=0, idx=9)
01-17 15:21:55.104  1828  1847 D r_submix:   now using address 0 for route 9
01-17 15:21:55.105  1827  1850 I AudioFlinger: AudioFlinger's thread 0xe4f96c80 tid=1850 ready to run
01-17 15:21:55.106  1828  1847 D r_submix: adev_close_input_stream()
01-17 15:21:55.106  1828  1847 D r_submix: submix_audio_device_release_pipe_l(idx=9) addr=0
01-17 15:21:55.106  1828  1847 D r_submix: submix_audio_device_destroy_pipe_l(): pipe destroyed
01-17 15:21:55.106  1827  1827 I         : Waiting for activity service
01-17 15:21:55.232  1772  1772 I mediaserver: ServiceManager: 0xe9d9a720
01-17 15:21:55.265  1792  1792 I gatekeeperd: Starting gatekeeperd...
01-17 15:21:55.494  1573  1573 W hwservicemanager: getTransport: Cannot find entry android.hardware.keymaster@4.0::IKeymasterDevice/default in either framework or device manifest.
01-17 15:21:55.496  1771  1771 I keystore: found android.hardware.keymaster@3.0::IKeymasterDevice with interface name default and seclevel SOFTWARE
01-17 15:21:55.496  1771  1771 W keystore: No secure Keymaster implementation found, but device offers insecure Keymaster HAL. Using as default.
01-17 15:21:55.891  1785  1785 I media.codec: mediacodecservice starting
01-17 15:21:55.904  1785  1785 W media.codec: Could not read additional policy file '/vendor/etc/seccomp_policy/mediacodec.policy'
01-17 15:21:55.905  1785  1785 W media.codec: libminijail[1785]: failed to get path of fd 5: No such file or directory
01-17 15:21:55.905  1785  1785 W media.codec: libminijail[1785]: allowing syscall: socketcall
01-17 15:21:55.905  1785  1785 W media.codec: libminijail[1785]: allowing syscall: writev
01-17 15:21:55.905  1785  1785 W media.codec: libminijail[1785]: allowing syscall: fcntl64
01-17 15:21:55.905  1785  1785 W media.codec: libminijail[1785]: allowing syscall: clock_gettime
01-17 15:21:55.906  1785  1785 W media.codec: libminijail[1785]: logging seccomp filter failures
01-17 15:21:55.961  1785  1785 W MediaCodecsXmlParser: unable to open media codecs configuration xml file: /data/misc/media/media_codecs_profiling_results.xml
01-17 15:21:55.961  1785  1785 W MediaCodecsXmlParser: parseTopLevelXMLFile(/data/misc/media/media_codecs_profiling_results.xml) failed
01-17 15:21:55.964  1785  1785 I ServiceManagement: Removing namespace from process name android.hardware.media.omx@1.0-service to omx@1.0-service.
01-17 15:21:55.965  1778  1805 I ServiceManager: Waiting for service package_native...
01-17 15:21:55.965  1785  1785 E vndksupport: Could not load libstagefrighthw.so from default namespace: dlopen failed: library "libstagefrighthw.so" not found.
01-17 15:21:55.966  1785  1785 W MediaCodecsXmlParser: unable to open media codecs configuration xml file: /data/misc/media/media_codecs_profiling_results.xml
01-17 15:21:55.966  1785  1785 W MediaCodecsXmlParser: parseTopLevelXMLFile(/data/misc/media/media_codecs_profiling_results.xml) failed
01-17 15:21:55.967  1785  1785 I ServiceManagement: Removing namespace from process name android.hardware.media.omx@1.0-service to omx@1.0-service.
01-17 15:21:55.967  1785  1785 I media.codec: IOmx HAL service created.
01-17 15:21:55.972  1887  1887 E netmgr  : Failed to open QEMU pipe 'qemud:network': Invalid argument
01-17 15:21:55.972  1887  1887 E netmgr  : WifiForwarder unable to open QEMU pipe: Invalid argument
01-17 15:21:56.366  1921  1921 E hostapd : Configuration file: /data/vendor/wifi/hostapd/hostapd.conf
01-17 15:21:56.368  1921  1921 I hostapd : rfkill: Cannot get wiphy information
01-17 15:21:56.368  1921  1921 I hostapd : wlan1: interface state UNINITIALIZED->COUNTRY_UPDATE
01-17 15:21:56.983  1778  1805 I ServiceManager: Waiting for service package_native...
01-17 15:21:57.271  1918  1918 E ipv6proxy: Failed to forward Neighbor Solicitation for fe80::e433:26ff:fe6a:4b65 from radio0-peer to eth0: Cannot assign requested address
01-17 15:21:58.006  1778  1805 I ServiceManager: Waiting for service package_native...
01-17 15:21:58.278  1918  1918 E ipv6proxy: Failed to forward Router Advertisement from eth0 to wlan1: Network is unreachable
01-17 15:21:58.587  1933  1933 I wificond: wificond is starting up...
01-17 15:21:58.606  1932  1932 I ConfigStore: android::hardware::configstore::V1_0::ISurfaceFlingerConfigs::startGraphicsAllocatorService retrieved: 0
01-17 15:21:58.606  1932  1932 I SurfaceFlinger: Using HWComposer service: 'default'
01-17 15:21:58.606  1932  1932 I SurfaceFlinger: SurfaceFlinger is starting
01-17 15:21:58.607  1932  1932 I ConfigStore: android::hardware::configstore::V1_0::ISurfaceFlingerConfigs::vsyncEventPhaseOffsetNs retrieved: 1000000 (default)
01-17 15:21:58.607  1932  1932 I ConfigStore: android::hardware::configstore::V1_0::ISurfaceFlingerConfigs::vsyncSfEventPhaseOffsetNs retrieved: 1000000 (default)
01-17 15:21:58.608  1932  1932 I ConfigStore: android::hardware::configstore::V1_0::ISurfaceFlingerConfigs::hasSyncFramework retrieved: 1
01-17 15:21:58.608  1932  1932 I ConfigStore: android::hardware::configstore::V1_0::ISurfaceFlingerConfigs::presentTimeOffsetFromVSyncNs retrieved: 0
01-17 15:21:58.608  1932  1932 I ConfigStore: android::hardware::configstore::V1_0::ISurfaceFlingerConfigs::useHwcForRGBtoYUV retrieved: 0
01-17 15:21:58.609  1932  1932 I ConfigStore: android::hardware::configstore::V1_0::ISurfaceFlingerConfigs::maxVirtualDisplaySize retrieved: 0 (default)
01-17 15:21:58.609  1932  1932 I ConfigStore: android::hardware::configstore::V1_0::ISurfaceFlingerConfigs::useVrFlinger retrieved: 0 (default)
01-17 15:21:58.609  1932  1932 I ConfigStore: android::hardware::configstore::V1_0::ISurfaceFlingerConfigs::maxFrameBufferAcquiredBuffers retrieved: 3
01-17 15:21:58.609  1932  1932 I ConfigStore: android::hardware::configstore::V1_0::ISurfaceFlingerConfigs::hasWideColorDisplay retrieved: 0
01-17 15:21:58.610  1573  1573 W hwservicemanager: getTransport: Cannot find entry android.hardware.configstore@1.1::ISurfaceFlingerConfigs/default in either framework or device manifest.
01-17 15:21:58.610  1932  1932 I ConfigStore: android::hardware::configstore::V1_1::ISurfaceFlingerConfigs::primaryDisplayOrientation retrieved: ORIENTATION_0 (default)
01-17 15:21:58.610  1932  1932 I SurfaceFlinger: Enabling HWC virtual displays
01-17 15:21:58.610  1932  1932 I SurfaceFlinger: Disabling Triple Buffering
01-17 15:21:58.610  1932  1932 I SurfaceFlinger: Treble testing override: 'false'
01-17 15:21:58.610  1932  1932 I SurfaceFlinger: SurfaceFlinger's main thread ready to run. Initializing graphics H/W...
01-17 15:21:58.610  1932  1932 I SurfaceFlinger: Phase offest NS: 1000000
01-17 15:21:58.615  1932  1932 D libEGL  : Emulator has host GPU support, qemu.gles is set to 1.
01-17 15:21:58.615  1932  1932 E vndksupport: Could not load /vendor/lib/egl/libGLES_emulation.so from sphal namespace: dlopen failed: library "/vendor/lib/egl/libGLES_emulation.so" not found.
01-17 15:21:58.615  1932  1932 E libEGL  : load_driver(/vendor/lib/egl/libGLES_emulation.so): unknown
01-17 15:21:58.618  1932  1932 D libEGL  : loaded /vendor/lib/egl/libEGL_emulation.so
01-17 15:21:58.618  1932  1932 D libEGL  : loaded /vendor/lib/egl/libGLESv1_CM_emulation.so
01-17 15:21:58.626  1932  1932 D libEGL  : loaded /vendor/lib/egl/libGLESv2_emulation.so
01-17 15:21:58.634  1932  1932 D HostConnection: HostConnection::get() New Host Connection established 0xed924410, tid 1932
01-17 15:21:58.636  1932  1932 D HostConnection: HostComposition ext ANDROID_EMU_CHECKSUM_HELPER_v1 ANDROID_EMU_native_sync_v2 ANDROID_EMU_native_sync_v3 ANDROID_EMU_native_sync_v4 ANDROID_EMU_dma_v1 ANDROID_EMU_YUV420_888_to_NV21 ANDROID_EMU_YUV_Cache ANDROID_EMU_sync_buffer_data GL_OES_EGL_image_external_essl3 GL_OES_vertex_array_object GL_KHR_texture_compression_astc_ldr ANDROID_EMU_host_side_tracing ANDROID_EMU_gles_max_version_3_0 
01-17 15:21:58.638  1932  1932 I ConfigStore: android::hardware::configstore::V1_0::ISurfaceFlingerConfigs::hasWideColorDisplay retrieved: 0
01-17 15:21:58.638  1932  1932 I ConfigStore: android::hardware::configstore::V1_0::ISurfaceFlingerConfigs::hasHDRDisplay retrieved: 0
01-17 15:21:58.639  1932  1932 I SurfaceFlinger: EGL information:
01-17 15:21:58.639  1932  1932 I SurfaceFlinger: vendor    : Android
01-17 15:21:58.639  1932  1932 I SurfaceFlinger: version   : 1.4 Android META-EGL
01-17 15:21:58.639  1932  1932 I SurfaceFlinger: extensions: EGL_KHR_get_all_proc_addresses EGL_ANDROID_presentation_time EGL_KHR_swap_buffers_with_damage EGL_ANDROID_get_native_client_buffer EGL_ANDROID_front_buffer_auto_refresh EGL_ANDROID_get_frame_timestamps EGL_EXT_surface_SMPTE2086_metadata EGL_EXT_surface_CTA861_3_metadata EGL_KHR_image EGL_KHR_image_base EGL_KHR_gl_texture_2D_image EGL_KHR_fence_sync EGL_KHR_create_context EGL_ANDROID_image_native_buffer EGL_KHR_wait_sync EGL_ANDROID_recordable 
01-17 15:21:58.639  1932  1932 I SurfaceFlinger: Client API: OpenGL_ES
01-17 15:21:58.639  1932  1932 I SurfaceFlinger: EGLSurface: 8-8-8-8, config=0x2
01-17 15:21:58.641  1932  1932 D eglCodecCommon: setVertexArrayObject: set vao to 0 (0) 0 0
01-17 15:21:58.641  1932  1932 D EGL_emulation: eglCreateContext: 0xed920ae0: maj 3 min 0 rcv 3
01-17 15:21:58.641  1932  1932 D EGL_emulation: eglMakeCurrent: 0xed920ae0: ver 3 0 (tinfo 0xed91c310)
01-17 15:21:58.643  1932  1932 I SurfaceFlinger: OpenGL ES informations:
01-17 15:21:58.643  1932  1932 I SurfaceFlinger: vendor    : Google (Intel Inc.)
01-17 15:21:58.643  1932  1932 I SurfaceFlinger: renderer  : Android Emulator OpenGL ES Translator (Intel(R) Iris(TM) Plus Graphics 655)
01-17 15:21:58.643  1932  1932 I SurfaceFlinger: version   : OpenGL ES 3.0 (4.1 INTEL-18.7.4)
01-17 15:21:58.643  1932  1932 I SurfaceFlinger: extensions: GL_EXT_debug_marker GL_EXT_robustness GL_OES_EGL_sync GL_OES_EGL_image GL_OES_EGL_image_external GL_OES_depth24 GL_OES_depth32 GL_OES_element_index_uint GL_OES_texture_float GL_OES_texture_float_linear GL_OES_compressed_paletted_texture GL_OES_compressed_ETC1_RGB8_texture GL_OES_depth_texture GL_OES_texture_npot GL_OES_rgb8_rgba8 GL_EXT_color_buffer_float GL_EXT_color_buffer_half_float GL_EXT_texture_format_BGRA8888 GL_APPLE_texture_format_BGRA8888 ANDROID_EMU_CHECKSUM_HELPER_v1 ANDROID_EMU_native_sync_v2 ANDROID_EMU_native_sync_v3 ANDROID_EMU_native_sync_v4 ANDROID_EMU_dma_v1 ANDROID_EMU_YUV420_888_to_NV21 ANDROID_EMU_YUV_Cache ANDROID_EMU_sync_buffer_data GL_OES_EGL_image_external_essl3 GL_OES_vertex_array_object GL_KHR_texture_compression_astc_ldr ANDROID_EMU_host_side_tracing ANDROID_EMU_gles_max_version_3_0 
01-17 15:21:58.643  1932  1932 I SurfaceFlinger: GL_MAX_TEXTURE_SIZE = 16384
01-17 15:21:58.643  1932  1932 I SurfaceFlinger: GL_MAX_VIEWPORT_DIMS = 16384
01-17 15:21:58.652  1637  1637 D gralloc_ranchu: gralloc_alloc: Creating ashmem region of size 16592896
01-17 15:21:58.653  1932  1932 D HostConnection: createUnique: call
01-17 15:21:58.653  1932  1932 D HostConnection: HostConnection::get() New Host Connection established 0xed925b30, tid 1932
01-17 15:21:58.665  1932  1932 D HostConnection: HostComposition ext ANDROID_EMU_CHECKSUM_HELPER_v1 ANDROID_EMU_native_sync_v2 ANDROID_EMU_native_sync_v3 ANDROID_EMU_native_sync_v4 ANDROID_EMU_dma_v1 ANDROID_EMU_YUV420_888_to_NV21 ANDROID_EMU_YUV_Cache ANDROID_EMU_sync_buffer_data GL_OES_EGL_image_external_essl3 GL_OES_vertex_array_object GL_KHR_texture_compression_astc_ldr ANDROID_EMU_host_side_tracing ANDROID_EMU_gles_max_version_3_0 
01-17 15:21:58.665  1932  1932 E eglCodecCommon: GoldfishAddressSpaceHostMemoryAllocator: ioctl_ping failed for device_type=5, ret=-1
01-17 15:21:58.665  1932  1932 E HWComposer: getSupportedPerFrameMetadata: getSupportedPerFrameMetadata failed for display 0: Unsupported (8)
01-17 15:21:58.666  1637  1637 D gralloc_ranchu: gralloc_alloc: Creating ashmem region of size 16592896
01-17 15:21:58.666  1637  1703 D gralloc_ranchu: gralloc_alloc: Creating ashmem region of size 16592896
01-17 15:21:58.668  1932  1932 D EGL_emulation: eglMakeCurrent: 0xed920ae0: ver 3 0 (tinfo 0xed91c310)
01-17 15:21:58.680  1928  1928 D AndroidRuntime: >>>>>> START com.android.internal.os.ZygoteInit uid 0 <<<<<<
01-17 15:21:58.726  1932  1932 D SurfaceFlinger: shader cache generated - 24 shaders in 57.377392 ms
01-17 15:21:58.728  1932  1932 D SurfaceFlinger: Set power mode=2, type=0 flinger=0xed946000
01-17 15:21:58.728  1932  1932 D SurfaceFlinger: Finished set power mode=2, type=0
01-17 15:21:58.802  1931  1931 I Netd    : Netd 1.0 starting
01-17 15:21:58.826  1932  1936 E SurfaceFlinger: ro.sf.lcd_density must be defined as a build property
01-17 15:21:58.828  1946  1949 D libEGL  : Emulator has host GPU support, qemu.gles is set to 1.
01-17 15:21:58.828  1946  1949 E vndksupport: Could not load /vendor/lib/egl/libGLES_emulation.so from sphal namespace: dlopen failed: library "/vendor/lib/egl/libGLES_emulation.so" not found.
01-17 15:21:58.829  1946  1949 E libEGL  : load_driver(/vendor/lib/egl/libGLES_emulation.so): unknown
01-17 15:21:58.832  1946  1949 D libEGL  : loaded /vendor/lib/egl/libEGL_emulation.so
01-17 15:21:58.833  1946  1949 D libEGL  : loaded /vendor/lib/egl/libGLESv1_CM_emulation.so
01-17 15:21:58.841  1946  1949 D libEGL  : loaded /vendor/lib/egl/libGLESv2_emulation.so
01-17 15:21:58.844  1930  1930 I mediaserver: ServiceManager: 0xeb71ab60
01-17 15:21:58.845  1931  1931 D TetherController: Setting IP forward enable = 0
01-17 15:21:58.851  1946  1949 D HostConnection: HostConnection::get() New Host Connection established 0xf06a14a0, tid 1949
01-17 15:21:58.863  1946  1949 D HostConnection: HostComposition ext ANDROID_EMU_CHECKSUM_HELPER_v1 ANDROID_EMU_native_sync_v2 ANDROID_EMU_native_sync_v3 ANDROID_EMU_native_sync_v4 ANDROID_EMU_dma_v1 ANDROID_EMU_YUV420_888_to_NV21 ANDROID_EMU_YUV_Cache ANDROID_EMU_sync_buffer_data GL_OES_EGL_image_external_essl3 GL_OES_vertex_array_object GL_KHR_texture_compression_astc_ldr ANDROID_EMU_host_side_tracing ANDROID_EMU_gles_max_version_3_0 
01-17 15:21:58.866  1946  1949 I ConfigStore: android::hardware::configstore::V1_0::ISurfaceFlingerConfigs::hasWideColorDisplay retrieved: 0
01-17 15:21:58.866  1946  1949 I ConfigStore: android::hardware::configstore::V1_0::ISurfaceFlingerConfigs::hasHDRDisplay retrieved: 0
01-17 15:21:58.867  1637  1703 D gralloc_ranchu: gralloc_alloc: Creating ashmem region of size 16592896
01-17 15:21:58.869  1930  1930 W BatteryNotifier: batterystats service unavailable!
01-17 15:21:58.872  1946  1949 D HostConnection: createUnique: call
01-17 15:21:58.872  1946  1949 D HostConnection: HostConnection::get() New Host Connection established 0xf06a1540, tid 1949
01-17 15:21:58.885  1946  1949 D HostConnection: HostComposition ext ANDROID_EMU_CHECKSUM_HELPER_v1 ANDROID_EMU_native_sync_v2 ANDROID_EMU_native_sync_v3 ANDROID_EMU_native_sync_v4 ANDROID_EMU_dma_v1 ANDROID_EMU_YUV420_888_to_NV21 ANDROID_EMU_YUV_Cache ANDROID_EMU_sync_buffer_data GL_OES_EGL_image_external_essl3 GL_OES_vertex_array_object GL_KHR_texture_compression_astc_ldr ANDROID_EMU_host_side_tracing ANDROID_EMU_gles_max_version_3_0 
01-17 15:21:58.885  1946  1949 E eglCodecCommon: GoldfishAddressSpaceHostMemoryAllocator: ioctl_ping failed for device_type=5, ret=-1
01-17 15:21:58.887  1946  1949 D eglCodecCommon: setVertexArrayObject: set vao to 0 (0) 0 0
01-17 15:21:58.887  1946  1949 D EGL_emulation: eglCreateContext: 0xf06994e0: maj 1 min 0 rcv 1
01-17 15:21:58.897  1946  1949 D EGL_emulation: eglMakeCurrent: 0xf06994e0: ver 1 0 (tinfo 0xf068f0b0)
01-17 15:21:58.915  1946  1949 D BootAnimation: BootAnimationShownTiming start time: 19915ms
01-17 15:21:58.916  1946  1954 E BootAnimation: Could not add watch for /data/system
01-17 15:21:58.931  1637  1703 D gralloc_ranchu: gralloc_alloc: Creating ashmem region of size 16592896
01-17 15:21:58.941  1931  1931 I Netd    : Creating child chains: 93.0ms
01-17 15:21:58.941  1931  1931 I Netd    : Setting up OEM hooks: 0.1ms
01-17 15:21:58.943  1931  1931 I Netd    : Setting up FirewallController hooks: 1.7ms
01-17 15:21:58.944  1931  1931 I Netd    : Setting up TetherController hooks: 1.2ms
01-17 15:21:58.945  1931  1931 I Netd    : Setting up BandwidthController hooks: 0.9ms
01-17 15:21:58.945  1931  1931 I Netd    : Setting up IdletimerController hooks: 0.0ms
01-17 15:21:58.945  1931  1931 I Netd    : initializing traffic control: 0.0ms
01-17 15:21:58.947  1931  1931 I Netd    : Disabling bandwidth control: 1.9ms
01-17 15:21:58.947  1931  1931 E Netd    : cannot find interface dummy0
01-17 15:21:58.948  1931  1931 I Netd    : Initializing RouteController: 0.4ms
01-17 15:21:58.948  1931  1931 D XfrmController: Sending Netlink XFRM Message: XFRM_MSG_FLUSHSA
01-17 15:21:58.948  1931  1931 D XfrmController: Sending Netlink XFRM Message: XFRM_MSG_FLUSHPOLICY
01-17 15:21:58.948  1931  1931 I Netd    : Initializing XfrmController: 0.4ms
01-17 15:21:58.949  1931  1931 E Netd    : Unable to create netlink socket: Protocol not supported
01-17 15:21:58.949  1931  1931 W Netd    : Unable to open qlog quota socket, check if xt_quota2 can send via UeventHandler
01-17 15:21:58.950  1932  1932 I SurfaceFlinger: Enter boot animation
01-17 15:21:58.950  1931  1931 D MDnsDS  : MDnsSdListener::Hander starting up
01-17 15:21:58.951  1799  1945 E eglCodecCommon: GoldfishAddressSpaceHostMemoryAllocator: ioctl_ping failed for device_type=5, ret=-1
01-17 15:21:58.951  1931  1931 I Netd    : Registering NetdNativeService: 1.3ms
01-17 15:21:58.951  1931  1960 D MDnsDS  : MDnsSdListener starting to monitor
01-17 15:21:58.951  1931  1960 D MDnsDS  : Going to poll with pollCount 1
01-17 15:21:58.952  1931  1931 I Netd    : Starting CommandListener: 0.2ms
01-17 15:21:58.953  1931  1931 I Netd    : Registering NetdHwService: 1.0ms
01-17 15:21:58.953  1931  1931 I Netd    : Netd started in 151ms
01-17 15:21:58.963  1929  1929 I cameraserver: ServiceManager: 0xe7a1a700
01-17 15:21:58.963  1929  1929 I CameraService: CameraService started (pid=1929)
01-17 15:21:58.963  1929  1929 I CameraService: CameraService process starting
01-17 15:21:58.964  1929  1929 W BatteryNotifier: batterystats service unavailable!
01-17 15:21:58.965  1929  1929 W BatteryNotifier: batterystats service unavailable!
01-17 15:21:58.968  1929  1929 I CameraProviderManager: Connecting to new camera provider: legacy/0, isRemote? 1
01-17 15:21:58.969  1929  1929 I CameraProviderManager: Enumerating new camera device: device@3.3/legacy/0
01-17 15:21:58.971  1929  1929 I CameraProviderManager: Enumerating new camera device: device@3.3/legacy/1
01-17 15:21:58.972  1929  1929 I CameraProviderManager: Camera provider legacy/0 ready with 2 camera devices
01-17 15:21:58.972  1573  1573 W hwservicemanager: getTransport: Cannot find entry android.hardware.camera.provider@2.4::ICameraProvider/external/0 in either framework or device manifest.
01-17 15:21:58.972  1929  1967 W CameraProviderManager: addProviderLocked: Camera provider HAL with name 'legacy/0' already registered
01-17 15:21:58.988  1929  1929 I CameraHardwareInterface: Opening camera 0
01-17 15:21:58.988  1929  1929 E CameraHardwareInterface: initialize: openSession failed! No such file or directory (-2)
01-17 15:21:58.988  1929  1929 E CameraFlashlight: connectCameraDevice: initializing camera 0 failed
01-17 15:21:58.988  1929  1929 I CameraHardwareInterface: Destroying camera 0
01-17 15:21:58.988  1929  1929 E CameraFlashlight: findFlashUnits: failed to check if camera 0 has a flash unit. No such file or directory (-2)
01-17 15:21:58.989  1929  1929 I CameraHardwareInterface: Opening camera 1
01-17 15:21:58.989  1929  1929 E CameraHardwareInterface: initialize: openSession failed! No such file or directory (-2)
01-17 15:21:58.989  1929  1929 E CameraFlashlight: connectCameraDevice: initializing camera 1 failed
01-17 15:21:58.989  1929  1929 I CameraHardwareInterface: Destroying camera 1
01-17 15:21:58.989  1929  1929 E CameraFlashlight: findFlashUnits: failed to check if camera 1 has a flash unit. No such file or directory (-2)
01-17 15:21:58.989  1929  1929 I CameraService: onDeviceStatusChanged: Status changed for cameraId=1, newStatus=1
01-17 15:21:58.989  1929  1929 I CameraService: onDeviceStatusChanged: Unknown camera ID 1, a new camera is added
01-17 15:21:58.989  1929  1967 I CameraService: onDeviceStatusChanged: Status changed for cameraId=1, newStatus=1
01-17 15:21:58.990  1929  1967 I CameraService: onDeviceStatusChanged: Status changed for cameraId=0, newStatus=1
01-17 15:21:58.990  1929  1967 I CameraService: onDeviceStatusChanged: Unknown camera ID 0, a new camera is added
01-17 15:21:58.990  1929  1929 I CameraService: onDeviceStatusChanged: Status changed for cameraId=0, newStatus=1
01-17 15:21:58.990  1929  1929 E CameraService: onDeviceStatusChanged: State transition to the same status 0x1 not allowed
01-17 15:21:58.991  1929  1929 I         : Waiting for activity service
01-17 15:21:59.031  1928  1928 I zygote  : option[0]=-Xzygote
01-17 15:21:59.031  1928  1928 I zygote  : option[1]=-Xusetombstonedtraces
01-17 15:21:59.031  1928  1928 I zygote  : option[2]=exit
01-17 15:21:59.031  1928  1928 I zygote  : option[3]=vfprintf
01-17 15:21:59.031  1928  1928 I zygote  : option[4]=sensitiveThread
01-17 15:21:59.031  1928  1928 I zygote  : option[5]=-verbose:gc
01-17 15:21:59.031  1928  1928 I zygote  : option[6]=-Xms4m
01-17 15:21:59.031  1928  1928 I zygote  : option[7]=-Xmx384m
01-17 15:21:59.031  1928  1928 I zygote  : option[8]=-Xusejit:true
01-17 15:21:59.031  1928  1928 I zygote  : option[9]=-Xjitsaveprofilinginfo
01-17 15:21:59.031  1928  1928 I zygote  : option[10]=-XjdwpOptions:suspend=n,server=y
01-17 15:21:59.031  1928  1928 I zygote  : option[11]=-XjdwpProvider:default
01-17 15:21:59.031  1928  1928 I zygote  : option[12]=-Xlockprofthreshold:500
01-17 15:21:59.031  1928  1928 I zygote  : option[13]=-Ximage-compiler-option
01-17 15:21:59.031  1928  1928 I zygote  : option[14]=--runtime-arg
01-17 15:21:59.031  1928  1928 I zygote  : option[15]=-Ximage-compiler-option
01-17 15:21:59.032  1928  1928 I zygote  : option[16]=-Xms64m
01-17 15:21:59.032  1928  1928 I zygote  : option[17]=-Ximage-compiler-option
01-17 15:21:59.032  1928  1928 I zygote  : option[18]=--runtime-arg
01-17 15:21:59.032  1928  1928 I zygote  : option[19]=-Ximage-compiler-option
01-17 15:21:59.032  1928  1928 I zygote  : option[20]=-Xmx64m
01-17 15:21:59.032  1928  1928 I zygote  : option[21]=-Ximage-compiler-option
01-17 15:21:59.032  1928  1928 I zygote  : option[22]=--profile-file=/system/etc/boot-image.prof
01-17 15:21:59.032  1928  1928 I zygote  : option[23]=-Ximage-compiler-option
01-17 15:21:59.032  1928  1928 I zygote  : option[24]=--compiler-filter=speed-profile
01-17 15:21:59.032  1928  1928 I zygote  : option[25]=-Xcompiler-option
01-17 15:21:59.032  1928  1928 I zygote  : option[26]=--runtime-arg
01-17 15:21:59.032  1928  1928 I zygote  : option[27]=-Xcompiler-option
01-17 15:21:59.032  1928  1928 I zygote  : option[28]=-Xms64m
01-17 15:21:59.032  1928  1928 I zygote  : option[29]=-Xcompiler-option
01-17 15:21:59.032  1928  1928 I zygote  : option[30]=--runtime-arg
01-17 15:21:59.032  1928  1928 I zygote  : option[31]=-Xcompiler-option
01-17 15:21:59.032  1928  1928 I zygote  : option[32]=-Xmx512m
01-17 15:21:59.032  1928  1928 I zygote  : option[33]=-Ximage-compiler-option
01-17 15:21:59.032  1928  1928 I zygote  : option[34]=--instruction-set-variant=x86
01-17 15:21:59.032  1928  1928 I zygote  : option[35]=-Xcompiler-option
01-17 15:21:59.032  1778  1805 W ServiceManager: Service package_native didn't start. Returning NULL
01-17 15:21:59.032  1928  1928 I zygote  : option[36]=--instruction-set-variant=x86
01-17 15:21:59.032  1928  1928 I zygote  : option[37]=-Ximage-compiler-option
01-17 15:21:59.032  1928  1928 I zygote  : option[38]=--instruction-set-features=default
01-17 15:21:59.032  1928  1928 I zygote  : option[39]=-Xcompiler-option
01-17 15:21:59.032  1778  1805 E storaged: getService package_native failed
01-17 15:21:59.032  1928  1928 I zygote  : option[40]=--instruction-set-features=default
01-17 15:21:59.032  1928  1928 I zygote  : option[41]=-Duser.locale=en-US
01-17 15:21:59.032  1928  1928 I zygote  : option[42]=-XX:NativeBridge=libndk_translation.so
01-17 15:21:59.033  1928  1928 I zygote  : option[43]=--cpu-abilist=x86,armeabi-v7a,armeabi
01-17 15:21:59.033  1928  1928 I zygote  : option[44]=-Xfingerprint:google/sdk_gphone_x86_arm/generic_x86_arm:9/PSR1.180720.122/6736742:userdebug/dev-keys
01-17 15:21:59.038  1778  1805 I storaged: storaged: Start
01-17 15:21:59.039  1778  1805 E storaged: getDiskStats failed with result NOT_SUPPORTED and size 0
01-17 15:21:59.170  1928  1928 I zygote  : VerifyImage: /system/bin/patchoat --input-image-location=/system/framework/boot.art --output-image-directory=/data/dalvik-cache/x86 --instruction-set=x86 --verify
01-17 15:21:59.955  1778  1805 I ServiceManager: Waiting for service package_native...
01-17 15:22:00.442  1637  1703 D gralloc_ranchu: gralloc_alloc: Creating ashmem region of size 16592896
01-17 15:22:00.555  1970  1970 E patchoat: Unable to open relocated image file  /data/dalvik-cache/x86/system@framework@boot.art
01-17 15:22:00.557  1928  1928 W zygote  : Failed execv(/system/bin/patchoat --input-image-location=/system/framework/boot.art --output-image-directory=/data/dalvik-cache/x86 --instruction-set=x86 --verify) because non-0 exit status Preemptively pruning the dalvik cache.
01-17 15:22:00.557  1928  1928 I zygote  : Pruning dalvik-cache since we are relocating an image and will need to recompile
01-17 15:22:00.557  1928  1928 I zygote  : RelocateImage: /system/bin/patchoat --input-image-location=/system/framework/boot.art --output-image-directory=/data/dalvik-cache/x86 --instruction-set=x86 --base-offset-delta=-13058048
01-17 15:22:00.976  1778  1805 I ServiceManager: Waiting for service package_native...
01-17 15:22:01.393  1921  1921 I hostapd : wlan1: interface state COUNTRY_UPDATE->HT_SCAN
01-17 15:22:02.011  1778  1805 I ServiceManager: Waiting for service package_native...
01-17 15:22:02.732  1921  1921 E hostapd : Using interface wlan1 with hwaddr 02:15:b2:00:01:00 and ssid "AndroidWifi"
01-17 15:22:02.732  1921  1921 I hostapd : wlan1: interface state HT_SCAN->ENABLED
01-17 15:22:02.732  1921  1921 I hostapd : wlan1: AP-ENABLED 
01-17 15:22:03.022  1778  1805 I ServiceManager: Waiting for service package_native...
01-17 15:22:03.768  1928  1928 D Zygote  : begin preload
01-17 15:22:03.768  1928  1928 I Zygote  : Installing ICU cache reference pinning...
01-17 15:22:03.768  1928  1928 I Zygote  : Preloading ICU data...
01-17 15:22:04.039  1778  1805 I ServiceManager: Waiting for service package_native...
01-17 15:22:04.126  1928  1928 D Zygote32Timing: BeginIcuCachePinning took to complete: 358ms
01-17 15:22:04.126  1928  1928 I Zygote  : Preloading classes...
01-17 15:22:04.141  1778  1805 W ServiceManager: Service package_native didn't start. Returning NULL
01-17 15:22:04.142  1778  1805 E storaged: getService package_native failed
01-17 15:22:04.304  1928  1928 I PackageBackwardCompatibility: Loaded android.content.pm.OrgApacheHttpLegacyUpdater
01-17 15:22:04.305  1928  1928 I PackageBackwardCompatibility: Could not find android.content.pm.AndroidTestBaseUpdater, ignoring
01-17 15:22:06.871  1928  1928 E ActivityRecognitionHardware: activity_recognition HAL is deprecated. class_init is effectively a no-op
01-17 15:22:07.167  1928  1978 I zygote  : Background concurrent copying GC freed 20832(2MB) AllocSpace objects, 27(496KB) LOS objects, 42% free, 3MB/5MB, paused 9.625ms total 50.033ms
01-17 15:22:07.205  1928  1928 I zygote  : Thread[1,tid=1928,Native,Thread*=0xe49dc000,peer=0x12c401a0,"main"] recursive attempt to load library "/system/lib/libmedia_jni.so"
01-17 15:22:07.205  1928  1928 D MtpDeviceJNI: register_android_mtp_MtpDevice
01-17 15:22:07.205  1928  1928 I zygote  : Thread[1,tid=1928,Native,Thread*=0xe49dc000,peer=0x12c401a0,"main"] recursive attempt to load library "/system/lib/libmedia_jni.so"
01-17 15:22:07.205  1928  1928 I zygote  : Thread[1,tid=1928,Native,Thread*=0xe49dc000,peer=0x12c401a0,"main"] recursive attempt to load library "/system/lib/libmedia_jni.so"
01-17 15:22:07.832  1928  1928 I Zygote  : ...preloaded 6535 classes in 3706ms.
01-17 15:22:07.832  1928  1928 I zygote  : VMRuntime.preloadDexCaches starting
01-17 15:22:07.906  1928  1928 I zygote  : VMRuntime.preloadDexCaches strings total=339033 before=12306 after=12306
01-17 15:22:07.906  1928  1928 I zygote  : VMRuntime.preloadDexCaches types total=31350 before=7821 after=7822
01-17 15:22:07.906  1928  1928 I zygote  : VMRuntime.preloadDexCaches fields total=140738 before=9181 after=9181
01-17 15:22:07.906  1928  1928 I zygote  : VMRuntime.preloadDexCaches methods total=247730 before=12783 after=12783
01-17 15:22:07.906  1928  1928 I zygote  : VMRuntime.preloadDexCaches finished
01-17 15:22:07.906  1928  1928 D Zygote32Timing: PreloadClasses took to complete: 3780ms
01-17 15:22:08.577  1928  1928 I Zygote  : Preloading resources...
01-17 15:22:08.683  1928  1928 W Resources: Preloaded drawable resource #0x1080265 (android:drawable/dialog_background_material) that varies with configuration!!
01-17 15:22:08.725  1928  1928 I Zygote  : ...preloaded 64 resources in 148ms.
01-17 15:22:08.728  1928  1928 I Zygote  : ...preloaded 41 resources in 3ms.
01-17 15:22:08.728  1928  1928 D Zygote32Timing: PreloadResources took to complete: 822ms
01-17 15:22:08.733  1928  1928 D libEGL  : Emulator has host GPU support, qemu.gles is set to 1.
01-17 15:22:08.734  1928  1928 E vndksupport: Could not load /vendor/lib/egl/libGLES_emulation.so from sphal namespace: dlopen failed: library "/vendor/lib/egl/libGLES_emulation.so" not found.
01-17 15:22:08.734  1928  1928 E libEGL  : load_driver(/vendor/lib/egl/libGLES_emulation.so): unknown
01-17 15:22:08.736  1928  1928 D libEGL  : loaded /vendor/lib/egl/libEGL_emulation.so
01-17 15:22:08.737  1928  1928 D libEGL  : loaded /vendor/lib/egl/libGLESv1_CM_emulation.so
01-17 15:22:08.749  1928  1928 D libEGL  : loaded /vendor/lib/egl/libGLESv2_emulation.so
01-17 15:22:08.759  1928  1928 I Zygote  : Preloading shared libraries...
01-17 15:22:08.814  1928  1928 I Zygote  : Uninstalled ICU cache reference pinning...
01-17 15:22:08.823  1928  1928 I Zygote  : Installed AndroidKeyStoreProvider in 9ms.
01-17 15:22:08.833  1928  1928 I Zygote  : Warmed up JCA providers in 10ms.
01-17 15:22:08.833  1928  1928 D Zygote  : end preload
01-17 15:22:08.833  1928  1928 D Zygote32Timing: ZygotePreload took to complete: 5065ms
01-17 15:22:08.833  1928  1928 I zygote  : Waiting for a blocking GC Explicit
01-17 15:22:08.842  1928  1928 I zygote  : WaitForGcToComplete blocked Explicit on None for 8.455ms
