01-17 15:22:43.415  1982  1994 D PackageManager: Instant App installer not found with android.intent.action.INSTALL_INSTANT_APP_PACKAGE
01-17 15:22:43.415  1982  1994 D PackageManager: Clear ephemeral installer activity
01-17 15:22:43.416  1982  1994 D PackageManager: Instant App installer not found with android.intent.action.INSTALL_INSTANT_APP_PACKAGE
01-17 15:22:43.416  1982  1994 D PackageManager: Clear ephemeral installer activity
01-17 15:22:43.417  1982  1994 D PackageManager: Instant App installer not found with android.intent.action.INSTALL_INSTANT_APP_PACKAGE
01-17 15:22:43.417  1982  1994 D PackageManager: Clear ephemeral installer activity
01-17 15:22:43.418  1982  1994 D PackageManager: Instant App installer not found with android.intent.action.INSTALL_INSTANT_APP_PACKAGE
01-17 15:22:43.418  1982  1994 D PackageManager: Clear ephemeral installer activity
01-17 15:22:43.412  2723  2723 I e.process.gapp: The ClassLoaderContext is a special shared library.
01-17 15:22:43.421  2573  2573 I InteractorInitializer: Initialized process com.google.android.googlequicksearchbox:interactor
01-17 15:22:43.423  2507  2644 D ContactsDatabaseHelper: WAL enabled for contacts2.db: true
01-17 15:22:43.445  2507  2719 I CallLogDatabaseHelper: Migrating from old tables...
01-17 15:22:43.446  2507  2719 I CallLogDatabaseHelper: Source tables don't exist.
01-17 15:22:43.462  2507  2719 I CallLogDatabaseHelper: Migrating from old tables...
01-17 15:22:43.462  2507  2719 I CallLogDatabaseHelper: Source tables don't exist.
01-17 15:22:43.513  2145  2145 I vol.Events: writeEvent dismiss_dialog timeout
01-17 15:22:43.516  2740  2740 W id.printspoole: Unexpected CPU variant for X86 using defaults: x86
01-17 15:22:43.518  1982  1999 I ActivityManager: Start proc 2740:com.android.printspooler/u0a54 for service com.android.printspooler/.model.PrintSpoolerService
01-17 15:22:43.538  2740  2740 I id.printspoole: The ClassLoaderContext is a special shared library.
01-17 15:22:43.546  1982  2004 W AppWidgetServiceImpl: Failed to read state: java.io.FileNotFoundException: /data/system/users/0/appwidgets.xml (No such file or directory)
01-17 15:22:43.546  1982  2004 I AppWidgetServiceImpl: Async processing of onUserUnlocked u0 took 586 ms
01-17 15:22:43.546  1982  2004 W Looper  : Slow dispatch took 586ms android.fg h=android.os.Handler c=com.android.server.appwidget.-$$Lambda$AppWidgetService$HIwvoPMyKqEhLVIiysgUKH8QJg8@399c5ed m=0
01-17 15:22:43.546  1982  2004 I ActivityManager: Loading recents for user 0 into memory.
01-17 15:22:43.547  1982  2004 W Looper  : Slow delivery took 580ms android.fg h=android.os.Handler c=com.android.server.am.-$$Lambda$UserController$Eh5Od1-6teHInq04bnfmHhMt3-E@515ac22 m=0
01-17 15:22:43.549  1982  2004 W Looper  : Drained
01-17 15:22:43.551  2573  2573 W AppFlowTracker: Dropping AppFlow event "93" logged from process "com.google.android.googlequicksearchbox:interactor"
01-17 15:22:43.551  2573  2573 W AppFlowTracker: Dropping AppFlow event "24" logged from process "com.google.android.googlequicksearchbox:interactor"
01-17 15:22:43.552  1982  1982 I Telecom : DefaultDialerCache: Refreshing default dialer for user 0: now com.google.android.dialer: DDC.oR@ADg
01-17 15:22:43.553  2628  2628 I GservicesProvider: Gservices pushing to system: true; secure/global: true
01-17 15:22:43.555  2547  2755 D ExtAssistant: File doesn't exist or isn't readable yet
01-17 15:22:43.556  1982  2570 E system_server: No package ID 7f found for ID 0x7f0203d8.
01-17 15:22:43.556  1982  2570 E system_server: No package ID 7f found for ID 0x7f170002.
01-17 15:22:43.556  1982  2570 E system_server: No package ID 7f found for ID 0x7f020483.
01-17 15:22:43.556  1982  2570 E system_server: No package ID 7f found for ID 0x7f170009.
01-17 15:22:43.556  1982  1982 W InputMethodManagerService: Session failed to close due to remote exception
01-17 15:22:43.556  1982  1982 W InputMethodManagerService: android.os.DeadObjectException
01-17 15:22:43.556  1982  1982 W InputMethodManagerService: 	at android.os.BinderProxy.transactNative(Native Method)
01-17 15:22:43.556  1982  1982 W InputMethodManagerService: 	at android.os.BinderProxy.transact(Binder.java:1127)
01-17 15:22:43.556  1982  1982 W InputMethodManagerService: 	at com.android.internal.view.IInputMethodSession$Stub$Proxy.finishSession(IInputMethodSession.java:309)
01-17 15:22:43.556  1982  1982 W InputMethodManagerService: 	at com.android.server.InputMethodManagerService.finishSessionLocked(InputMethodManagerService.java:2130)
01-17 15:22:43.556  1982  1982 W InputMethodManagerService: 	at com.android.server.InputMethodManagerService.clearClientSessionLocked(InputMethodManagerService.java:2121)
01-17 15:22:43.556  1982  1982 W InputMethodManagerService: 	at com.android.server.InputMethodManagerService.clearCurMethodLocked(InputMethodManagerService.java:2147)
01-17 15:22:43.556  1982  1982 W InputMethodManagerService: 	at com.android.server.InputMethodManagerService.onServiceDisconnected(InputMethodManagerService.java:2174)
01-17 15:22:43.556  1982  1982 W InputMethodManagerService: 	at android.app.LoadedApk$ServiceDispatcher.doDeath(LoadedApk.java:1749)
01-17 15:22:43.556  1982  1982 W InputMethodManagerService: 	at android.app.LoadedApk$ServiceDispatcher$RunConnection.run(LoadedApk.java:1764)
01-17 15:22:43.556  1982  1982 W InputMethodManagerService: 	at android.os.Handler.handleCallback(Handler.java:873)
01-17 15:22:43.556  1982  1982 W InputMethodManagerService: 	at android.os.Handler.dispatchMessage(Handler.java:99)
01-17 15:22:43.556  1982  1982 W InputMethodManagerService: 	at android.os.Looper.loop(Looper.java:193)
01-17 15:22:43.556  1982  1982 W InputMethodManagerService: 	at com.android.server.SystemServer.run(SystemServer.java:454)
01-17 15:22:43.556  1982  1982 W InputMethodManagerService: 	at com.android.server.SystemServer.main(SystemServer.java:294)
01-17 15:22:43.556  1982  1982 W InputMethodManagerService: 	at java.lang.reflect.Method.invoke(Native Method)
01-17 15:22:43.556  1982  1982 W InputMethodManagerService: 	at com.android.internal.os.RuntimeInit$MethodAndArgsCaller.run(RuntimeInit.java:493)
01-17 15:22:43.556  1982  1982 W InputMethodManagerService: 	at com.android.internal.os.ZygoteInit.main(ZygoteInit.java:838)
01-17 15:22:43.574  1982  1982 I DefaultPermGrantPolicy: Granting permissions to default sms app for user:0
01-17 15:22:43.576  2345  2378 D EGL_emulation: eglMakeCurrent: 0xdbb29380: ver 3 0 (tinfo 0xdbb30970)
01-17 15:22:43.579  1982  1982 W DevicePolicyManager: Trying to set ro.device_owner, but it has already been set?
01-17 15:22:43.581  1982  1982 W Looper  : Drained
01-17 15:22:43.581  2145  2371 D EGL_emulation: eglMakeCurrent: 0xde7855a0: ver 3 0 (tinfo 0xde7834a0)
01-17 15:22:43.583  2573  2573 I GsaVoiceInteractionSrv: Registering passthrough
01-17 15:22:43.590  1982  2411 D PackageManager: Instant App installer not found with android.intent.action.INSTALL_INSTANT_APP_PACKAGE
01-17 15:22:43.590  1982  2411 D PackageManager: Clear ephemeral installer activity
01-17 15:22:43.598  2145  2371 D EGL_emulation: eglMakeCurrent: 0xde7855a0: ver 3 0 (tinfo 0xde7834a0)
01-17 15:22:43.600  2251  2251 I SetupWizard: [PreDeferredServiceScheduler] Scheduled job#2651 to run
01-17 15:22:43.602  2145  2371 D EGL_emulation: eglMakeCurrent: 0xde7855a0: ver 3 0 (tinfo 0xde7834a0)
01-17 15:22:43.624  2602  2765 I SharedPreferencesProto: load shared preferences: file not found
01-17 15:22:43.644  2602  2766 I SharedPreferencesProto: load shared preferences: file not found
01-17 15:22:43.644  2602  2602 E ActivityThread: Failed to find provider info for com.google.android.voicesearch
01-17 15:22:43.656  2145  2371 D EGL_emulation: eglMakeCurrent: 0xde7855a0: ver 3 0 (tinfo 0xde7834a0)
01-17 15:22:43.658  2145  2371 D EGL_emulation: eglMakeCurrent: 0xde7855a0: ver 3 0 (tinfo 0xde7834a0)
01-17 15:22:43.670  2602  2766 E earchbox:searc: The String#value field is not present on Android versions >= 6.0
01-17 15:22:43.684  1982  2570 E system_server: No package ID 7f found for ID 0x7f02019b.
01-17 15:22:43.684  1982  2570 E system_server: No package ID 7f found for ID 0x7f1303bf.
01-17 15:22:43.684  1982  2570 E system_server: No package ID 7f found for ID 0x7f1303bf.
01-17 15:22:43.684  1982  2570 E system_server: No package ID 7f found for ID 0x7f020197.
01-17 15:22:43.684  1982  2570 E system_server: No package ID 7f found for ID 0x7f1303bd.
01-17 15:22:43.684  1982  2570 E system_server: No package ID 7f found for ID 0x7f1303bd.
01-17 15:22:43.684  1982  2570 E system_server: No package ID 7f found for ID 0x7f020199.
01-17 15:22:43.684  1982  2570 E system_server: No package ID 7f found for ID 0x7f1303be.
01-17 15:22:43.684  1982  2570 E system_server: No package ID 7f found for ID 0x7f1303be.
01-17 15:22:43.686  2145  2371 D EGL_emulation: eglMakeCurrent: 0xde7855a0: ver 3 0 (tinfo 0xde7834a0)
01-17 15:22:43.701  2145  2371 I chatty  : uid=10039(com.android.systemui) RenderThread identical 1 line
01-17 15:22:43.704  2145  2371 D EGL_emulation: eglMakeCurrent: 0xde7855a0: ver 3 0 (tinfo 0xde7834a0)
01-17 15:22:43.729  2602  2767 I OpaEligibilityChecker: send OpaEligibilityChange broadcast to CommonBroadcastReceiver
01-17 15:22:43.730  1982  2033 D PackageManager: Instant App installer not found with android.intent.action.INSTALL_INSTANT_APP_PACKAGE
01-17 15:22:43.730  1982  2033 D PackageManager: Clear ephemeral installer activity
01-17 15:22:43.730  1982  2033 D PackageManager: Instant App installer not found with android.intent.action.INSTALL_INSTANT_APP_PACKAGE
01-17 15:22:43.730  1982  2033 D PackageManager: Clear ephemeral installer activity
01-17 15:22:43.730  1982  2033 D PackageManager: Instant App installer not found with android.intent.action.INSTALL_INSTANT_APP_PACKAGE
01-17 15:22:43.730  1982  2033 D PackageManager: Clear ephemeral installer activity
01-17 15:22:43.747  2602  2602 I VelvetUpgradeTasks: Velvet upgraded from -1 to 300773408: running upgrade tasks.
01-17 15:22:43.747  2602  2602 I VelvetUpgradeTasks: System upgraded from null to PSR1.180720.122: running system upgrade tasks.
01-17 15:22:43.753  2602  2602 I BgTaskExecutorImpl: Starting NONEXCLUSIVE background task refresh_auth_tokens.
01-17 15:22:43.763  2776  2776 W gle.android.gm: Unexpected CPU variant for X86 using defaults: x86
01-17 15:22:43.767  1982  2570 E system_server: No package ID 7f found for ID 0x7f0200c8.
01-17 15:22:43.767  1982  2570 E system_server: No package ID 7f found for ID 0x7f110160.
01-17 15:22:43.767  1982  2570 E system_server: No package ID 7f found for ID 0x7f11015f.
01-17 15:22:43.767  1982  1999 I ActivityManager: Start proc 2776:com.google.android.gms/u0a12 for service com.google.android.gms/.checkin.CheckinApiService
01-17 15:22:43.777  2145  2371 D EGL_emulation: eglMakeCurrent: 0xde7855a0: ver 3 0 (tinfo 0xde7834a0)
01-17 15:22:43.777  1982  2455 I GnssLocationProvider: WakeLock acquired by sendMessage(REPORT_SV_STATUS, 0, com.android.server.location.GnssLocationProvider$SvStatusInfo@12c808d)
01-17 15:22:43.784  2145  2371 D EGL_emulation: eglMakeCurrent: 0xde7855a0: ver 3 0 (tinfo 0xde7834a0)
01-17 15:22:43.786  2794  2794 W id.partnersetu: Unexpected CPU variant for X86 using defaults: x86
01-17 15:22:43.786  1982  1999 I ActivityManager: Start proc 2794:com.google.android.partnersetup/u0a30 for content provider com.google.android.partnersetup/.RlzAppProvider
01-17 15:22:43.791  2602  2624 I HotwordHelper: hasHotwordEverywhere-false
01-17 15:22:43.794  2145  2371 D EGL_emulation: eglMakeCurrent: 0xde7855a0: ver 3 0 (tinfo 0xde7834a0)
01-17 15:22:43.802  2573  2573 W KeyphraseEnrollmentInfo: No enrollment application supports the given keyphrase/locale: 'Ok Google'/en_US
01-17 15:22:43.800  2145  2371 D EGL_emulation: eglMakeCurrent: 0xde7855a0: ver 3 0 (tinfo 0xde7834a0)
01-17 15:22:43.803  2573  2573 I GsaVoiceInteractionSrv: Creating AOHD: Keyphrase - Ok Google, Locale - en-US/en-US
01-17 15:22:43.805  2776  2776 I gle.android.gm: The ClassLoaderContext is a special shared library.
01-17 15:22:43.806  2776  2776 I chatty  : uid=10012(com.google.android.gms) identical 2 lines
01-17 15:22:43.810  2776  2776 I gle.android.gm: The ClassLoaderContext is a special shared library.
01-17 15:22:43.812  1982  2570 E system_server: No package ID 7f found for ID 0x7f020213.
01-17 15:22:43.812  1982  2570 E system_server: No package ID 7f found for ID 0x7f1101c9.
01-17 15:22:43.812  1982  2570 E system_server: No package ID 7f found for ID 0x7f1101c6.
01-17 15:22:43.812  1982  2570 E system_server: No package ID 7f found for ID 0x7f1101c6.
01-17 15:22:43.812  1982  2570 E system_server: No package ID 7f found for ID 0x7f020215.
01-17 15:22:43.812  2145  2371 D EGL_emulation: eglMakeCurrent: 0xde7855a0: ver 3 0 (tinfo 0xde7834a0)
01-17 15:22:43.812  1982  2570 E system_server: No package ID 7f found for ID 0x7f1101c7.
01-17 15:22:43.812  1982  2570 E system_server: No package ID 7f found for ID 0x7f1101c4.
01-17 15:22:43.812  1982  2570 E system_server: No package ID 7f found for ID 0x7f1101c4.
01-17 15:22:43.812  1982  2570 E system_server: No package ID 7f found for ID 0x7f020217.
01-17 15:22:43.812  1982  2570 E system_server: No package ID 7f found for ID 0x7f1101c8.
01-17 15:22:43.812  1982  2570 E system_server: No package ID 7f found for ID 0x7f1101c5.
01-17 15:22:43.812  1982  2570 E system_server: No package ID 7f found for ID 0x7f1101c5.
01-17 15:22:43.815  2145  2371 D EGL_emulation: eglMakeCurrent: 0xde7855a0: ver 3 0 (tinfo 0xde7834a0)
01-17 15:22:43.815  1982  2570 E system_server: No package ID 7f found for ID 0x7f02008c.
01-17 15:22:43.815  1982  2570 E system_server: No package ID 7f found for ID 0x7f120299.
01-17 15:22:43.815  1982  2570 E system_server: No package ID 7f found for ID 0x7f08006d.
01-17 15:22:43.815  1982  2570 E system_server: No package ID 7f found for ID 0x7f100215.
01-17 15:22:43.817  2794  2794 I id.partnersetu: The ClassLoaderContext is a special shared library.
01-17 15:22:43.818  2794  2794 I id.partnersetu: The ClassLoaderContext is a special shared library.
01-17 15:22:43.818  1982  2570 E system_server: No package ID 7f found for ID 0x7f020163.
01-17 15:22:43.818  1982  2570 E system_server: No package ID 7f found for ID 0x7f120487.
01-17 15:22:43.818  1982  2570 E system_server: No package ID 7f found for ID 0x7f120487.
01-17 15:22:43.818  1982  2570 E system_server: No package ID 7f found for ID 0x7f120486.
01-17 15:22:43.819  1982  2570 E system_server: No package ID 7f found for ID 0x7f07008d.
01-17 15:22:43.819  1982  2570 E system_server: No package ID 7f found for ID 0x7f10007f.
01-17 15:22:43.820  1982  2570 E system_server: No package ID 7f found for ID 0x7f0203f6.
01-17 15:22:43.820  1982  2570 E system_server: No package ID 7f found for ID 0x7f13080c.
01-17 15:22:43.803  2573  2573 W KeyphraseEnrollmentInfo: No enrollment application supports the given keyphrase/locale: 'Ok Google'/en_US
01-17 15:22:43.820  2573  2573 W KeyphraseEnrollmentInfo: No enrollment application supports the given keyphrase/locale: 'X Google'/en_US
01-17 15:22:43.820  1982  2570 E system_server: No package ID 7f found for ID 0x7f0203f8.
01-17 15:22:43.820  1982  2570 E system_server: No package ID 7f found for ID 0x7f13086b.
01-17 15:22:43.820  1982  2570 E system_server: No package ID 7f found for ID 0x7f0203fa.
01-17 15:22:43.820  1982  2570 E system_server: No package ID 7f found for ID 0x7f1308b0.
01-17 15:22:43.831  2145  2371 D EGL_emulation: eglMakeCurrent: 0xde7855a0: ver 3 0 (tinfo 0xde7834a0)
01-17 15:22:43.834  2145  2371 D EGL_emulation: eglMakeCurrent: 0xde7855a0: ver 3 0 (tinfo 0xde7834a0)
01-17 15:22:43.837  2251  2251 I SetupWizard: [GmsCheckinMonitor] Checking Android ID
01-17 15:22:43.842  1982  1994 I WifiService: startScan uid=10031
01-17 15:22:43.854  2251  2251 I SetupWizard: [GmsCheckinMonitor] Requesting checkin
01-17 15:22:43.869  2602  2602 I MicroDetectionWorker: Initializing MicroDataManager InitializeType-1, isForced-false, isActivePhoneEnrollment-false isActiveGoogleHomeEnrollment-false
01-17 15:22:43.870  2602  2602 W SessionLifecycleManager: Client : AttachedClient[11445390987256166, ClientConfig[mFlags=[default, headless, launch_external_voice_search_ui, support_transparent_background, legacy_leave_behind_dirty_session_fixme] mSuggestFlags=[0] mClientId=HOTWORD_SERVICE mSessionType=search]] has no associated SessionController
01-17 15:22:43.870  2602  2602 W SearchService: Abort, client detached.
01-17 15:22:43.870  2602  2602 W SearchService: Abort, client detached.
01-17 15:22:43.871  2776  2776 I GmsApplication: Staging modules and/or updating config
01-17 15:22:43.873  2602  2602 I BgTaskExecutorImpl: Starting NONEXCLUSIVE background task update_gservices_config.
01-17 15:22:43.876  2602  2767 I GservicesUpdateTask: Updating Gservices keys
01-17 15:22:43.876  2602  2602 W SearchService: Abort, client detached.
01-17 15:22:43.876  2602  2602 W SearchService: Abort, client detached.
01-17 15:22:43.884  2602  2781 W Glide   : Failed to find GeneratedAppGlideModule. You should include an annotationProcessor compile dependency on com.github.bumptech.glide:compiler in your application and a @GlideModule annotated AppGlideModule implementation or LibraryGlideModules will be silently ignored
01-17 15:22:43.891  2602  2767 W GStaticConfiguration: No valid gstatic url found.
01-17 15:22:43.895  2667  2667 W Settings: Setting install_non_market_apps has moved from android.provider.Settings.Global to android.provider.Settings.Secure, value is unchanged.
01-17 15:22:43.896  1982  1994 D PackageManager: Instant App installer not found with android.intent.action.INSTALL_INSTANT_APP_PACKAGE
01-17 15:22:43.896  1982  1994 D PackageManager: Clear ephemeral installer activity
01-17 15:22:43.897  1982  2011 I ActivityManager: Killing 2667:com.google.android.sdksetup/u0a21 (adj 0): change com.google.android.sdksetup
01-17 15:22:43.897  1982  2000 W libprocessgroup: kill(-2667, 9) failed: No such process
01-17 15:22:43.898  1982  2011 I ActivityManager:   Force finishing activity ActivityRecord{fbc9e3e u0 com.google.android.sdksetup/.DefaultActivity t4}
01-17 15:22:43.900  1982  2011 I ActivityManager: START u0 {act=android.intent.action.MAIN cat=[android.intent.category.HOME] flg=0x10000100 cmp=com.google.android.apps.nexuslauncher/.NexusLauncherActivity} from uid 0
01-17 15:22:43.907  1982  1994 W ActivityManager: Finishing task with all activities already finished
01-17 15:22:43.907  1982  1994 W ActivityManager: Duplicate finish request for ActivityRecord{fbc9e3e u0 com.google.android.sdksetup/.DefaultActivity t4 f}
01-17 15:22:43.908  2602  2767 I BgTaskExecutorImpl: Starting NONEXCLUSIVE background task refresh_auth_tokens.
01-17 15:22:43.912  1932  2410 W SurfaceFlinger: Attempting to set client state on removed layer: Splash Screen com.google.android.sdksetup#0
01-17 15:22:43.912  1932  2410 W SurfaceFlinger: Attempting to destroy on removed layer: Splash Screen com.google.android.sdksetup#0
01-17 15:22:43.916  1932  1972 W SurfaceFlinger: Attempting to destroy on removed layer: AppWindowToken{ea649ec token=Token{d7a749f ActivityRecord{fbc9e3e u0 com.google.android.sdksetup/.DefaultActivity t4}}}#0
01-17 15:22:43.916  2827  2827 W ndroid.sdksetu: Unexpected CPU variant for X86 using defaults: x86
01-17 15:22:43.918  1982  2057 I InputReader: Reconfiguring input devices.  changes=0x00000010
01-17 15:22:43.925  1982  1999 I ActivityManager: Start proc 2827:com.google.android.sdksetup/u0a21 for activity com.google.android.sdksetup/.DefaultActivity
01-17 15:22:43.927  1928  1928 I Zygote  : Process 2667 exited due to signal (9)
01-17 15:22:43.936  2602  2602 W SearchService: Abort, client detached.
01-17 15:22:43.939  1982  2036 W WindowManager: Failed looking up window callers=com.android.server.wm.WindowManagerService.windowForClientLocked:5513 com.android.server.wm.WindowManagerService.removeWindow:1642 com.android.server.wm.Session.remove:226 
01-17 15:22:43.936  2602  2602 W SearchService: Abort, client detached.
01-17 15:22:43.939  1932  1972 W SurfaceFlinger: Attempting to destroy on removed layer: AppWindowToken{7d1b7ed token=Token{650c604 ActivityRecord{ff7217 u0 com.android.settings/.FallbackHome t3}}}#0
01-17 15:22:43.940  1982  2000 W libprocessgroup: kill(-2667, 9) failed: No such process
01-17 15:22:43.940  1982  2000 I libprocessgroup: Successfully killed process cgroup uid 10021 pid 2667 in 42ms
01-17 15:22:43.941  1637  1703 D gralloc_ranchu: gralloc_alloc: Creating ashmem region of size 16592896
01-17 15:22:43.942  1982  1982 I Telecom : DefaultDialerCache: Refreshing default dialer for user 0: now com.google.android.dialer: DDC.oR@ADk
01-17 15:22:43.950  2196  2196 D CarrierSvcBindHelper: No carrier app for: 0
01-17 15:22:43.950  2196  2196 D ImsResolver: maybeAddedImsService, packageName: com.google.android.sdksetup
01-17 15:22:43.965  2827  2827 I ndroid.sdksetu: The ClassLoaderContext is a special shared library.
01-17 15:22:43.973  2602  2602 W SearchService: Abort, client detached.
01-17 15:22:43.982  2602  2602 I BgTaskExecutorImpl: Starting EXCLUSIVE background task fetch_opt_in_statuses.
01-17 15:22:43.983  2602  2602 I BgTaskExecutorImpl: Starting EXCLUSIVE background task refresh_now_configuration.
01-17 15:22:43.984  2602  2602 I BgTaskExecutorImpl: Starting EXCLUSIVE background task predictive_card_preferences_sync.
01-17 15:22:43.985  2602  2602 I BgTaskExecutorImpl: Starting EXCLUSIVE background task fetch_location_reporting_state.
01-17 15:22:43.988  1637  1703 D gralloc_ranchu: gralloc_alloc: Creating ashmem region of size 16592896
01-17 15:22:43.995  1982  1999 I ActivityManager: Start proc 2845:com.android.keychain/1000 for service com.android.keychain/.KeyChainService
01-17 15:22:43.996  2845  2845 W ndroid.keychai: Unexpected CPU variant for X86 using defaults: x86
01-17 15:22:43.998  2602  2602 W SearchService: Abort, client detached.
01-17 15:22:44.002  2602  2602 I chatty  : uid=10040 com.google.android.googlequicksearchbox:search identical 7 lines
01-17 15:22:44.002  2602  2602 W SearchService: Abort, client detached.
01-17 15:22:44.004  2602  2602 I BgTaskExecutorImpl: Starting EXCLUSIVE background task send_gsa_home_request.
01-17 15:22:44.010  2602  2602 W SearchService: Abort, client detached.
01-17 15:22:44.019  2602  2602 I BgTaskExecutorImpl: Starting EXCLUSIVE background task silent_speakerid_enrollment.
01-17 15:22:44.023  2602  2602 I BgTaskExecutorImpl: Starting EXCLUSIVE background task sync_gel_prefs.
01-17 15:22:44.030  2602  2602 I BgTaskExecutorImpl: Starting EXCLUSIVE background task velour_background_maintenance.
01-17 15:22:44.031  2845  2845 I ndroid.keychai: The ClassLoaderContext is a special shared library.
01-17 15:22:44.039  2602  2774 I HotwordSilentEnrollment: Executing HotwordSilentEnrollment
01-17 15:22:44.049  2145  2371 D EGL_emulation: eglMakeCurrent: 0xde7855a0: ver 3 0 (tinfo 0xde7834a0)
01-17 15:22:44.054  2145  2371 I chatty  : uid=10039(com.android.systemui) RenderThread identical 1 line
01-17 15:22:44.064  2145  2371 D EGL_emulation: eglMakeCurrent: 0xde7855a0: ver 3 0 (tinfo 0xde7834a0)
01-17 15:22:44.072  2602  2602 W SearchService: Abort, client detached.
01-17 15:22:44.072  2602  2602 I chatty  : uid=10040 com.google.android.googlequicksearchbox:search identical 7 lines
01-17 15:22:44.072  2602  2602 W SearchService: Abort, client detached.
01-17 15:22:44.073  1982  1996 E GnssLocationProvider: no AGPS interface in set_agps_server
01-17 15:22:44.073  2145  2371 D EGL_emulation: eglMakeCurrent: 0xde7855a0: ver 3 0 (tinfo 0xde7834a0)
01-17 15:22:44.082  2145  2371 D EGL_emulation: eglMakeCurrent: 0xde7855a0: ver 3 0 (tinfo 0xde7834a0)
01-17 15:22:44.084  2602  2602 W SearchService: Abort, client detached.
01-17 15:22:44.085  2602  2602 I chatty  : uid=10040 com.google.android.googlequicksearchbox:search identical 1 line
01-17 15:22:44.085  2602  2602 W SearchService: Abort, client detached.
01-17 15:22:44.085  2145  2371 D EGL_emulation: eglMakeCurrent: 0xde7855a0: ver 3 0 (tinfo 0xde7834a0)
01-17 15:22:44.092  1982  1996 E AutofillManagerServiceImpl: Bad AutofillService name: com.google.android.gms/.autofill.service.AutofillService
01-17 15:22:44.092  1982  1996 D AutofillManagerServiceImpl: Reset component for user 0 (com.google.android.gms/.autofill.service.AutofillService)
01-17 15:22:44.092  1982  1996 E AutofillManagerServiceImpl: Bad AutofillService name: com.google.android.gms/.autofill.service.AutofillService
01-17 15:22:44.092  1982  1996 D AutofillManagerServiceImpl: Reset component for user 0 (com.google.android.gms/.autofill.service.AutofillService)
01-17 15:22:44.092  1982  1996 D FieldClassificationStrategy: reset(): service is not bound. Do nothing.
01-17 15:22:44.093  1982  1998 D AutofillUI: destroySaveUiUiThread(): already destroyed
01-17 15:22:44.098  1982  1996 I GnssLocationProvider: WakeLock released by handleMessage(REPORT_SV_STATUS, 0, com.android.server.location.GnssLocationProvider$SvStatusInfo@12c808d)
01-17 15:22:44.099  2145  2371 D EGL_emulation: eglMakeCurrent: 0xde7855a0: ver 3 0 (tinfo 0xde7834a0)
01-17 15:22:44.100  2870  2870 W putmethod.lati: Unexpected CPU variant for X86 using defaults: x86
01-17 15:22:44.102  1982  1999 I ActivityManager: Start proc 2870:com.google.android.inputmethod.latin/u0a82 for service com.google.android.inputmethod.latin/com.android.inputmethod.latin.LatinIME
01-17 15:22:44.103  2145  2371 D EGL_emulation: eglMakeCurrent: 0xde7855a0: ver 3 0 (tinfo 0xde7834a0)
01-17 15:22:44.109  2602  2767 I cr_CronetLibraryLoader: Cronet version: 67.0.3396.11, arch: i686
01-17 15:22:44.119  2145  2371 D EGL_emulation: eglMakeCurrent: 0xde7855a0: ver 3 0 (tinfo 0xde7834a0)
01-17 15:22:44.135  2145  2371 I chatty  : uid=10039(com.android.systemui) RenderThread identical 2 lines
01-17 15:22:44.136  2145  2371 D EGL_emulation: eglMakeCurrent: 0xde7855a0: ver 3 0 (tinfo 0xde7834a0)
01-17 15:22:44.140  2870  2870 I putmethod.lati: The ClassLoaderContext is a special shared library.
01-17 15:22:44.140  2870  2870 I putmethod.lati: The ClassLoaderContext is a special shared library.
01-17 15:22:44.145  2870  2870 I InputContentProvider: Created InputContentProvider: exported=[false]
01-17 15:22:44.153  2145  2371 D EGL_emulation: eglMakeCurrent: 0xde7855a0: ver 3 0 (tinfo 0xde7834a0)
01-17 15:22:44.154  2145  2371 D EGL_emulation: eglMakeCurrent: 0xde7855a0: ver 3 0 (tinfo 0xde7834a0)
01-17 15:22:44.158  2870  2870 I TransientFileCleaner: Deleting 0 files
01-17 15:22:44.159  2870  2870 I TransientFileCleaner: Deleting 0 files
01-17 15:22:44.161  2870  2870 I ModuleManager: Key 'module:com.google.android.apps.inputmethod.libs.search.IUniversalMediaExtension' has value 'res/xml/extension_universal_media.xml'
01-17 15:22:44.169  2145  2371 D EGL_emulation: eglMakeCurrent: 0xde7855a0: ver 3 0 (tinfo 0xde7834a0)
01-17 15:22:44.172  2870  2870 I ModuleManager: Adding [GIMS_UserUnlocked] NotificationListener for module com.google.android.apps.inputmethod.libs.search.universalmedia.UniversalMediaExtension
01-17 15:22:44.172  2870  2870 I ModuleManager: Unexpected key 'com.google.android.partnersetup.RLZ_BOUNTY_ACCESS_POINT' does not match 'module:'
01-17 15:22:44.172  2870  2870 I ModuleManager: Key 'module:com.google.android.apps.inputmethod.libs.search.IDoodleExtension' has value 'res/xml/extension_doodle.xml'
01-17 15:22:44.173  2870  2870 I ModuleManager: Adding [GIMS_UserUnlocked] NotificationListener for module com.google.android.apps.inputmethod.libs.search.doodle.DoodleExtension
01-17 15:22:44.173  2870  2870 I ModuleManager: Key 'module:com.google.android.apps.inputmethod.libs.translate.ITranslateUIExtension' has value 'res/xml/extension_def_translate.xml'
01-17 15:22:44.174  2145  2371 D EGL_emulation: eglMakeCurrent: 0xde7855a0: ver 3 0 (tinfo 0xde7834a0)
01-17 15:22:44.175  2870  2870 I ModuleManager: Adding [GIMS_UserUnlocked] NotificationListener for module com.google.android.apps.inputmethod.libs.translate.TranslateUIExtension
01-17 15:22:44.175  2870  2870 I ModuleManager: Key 'module:com.google.android.apps.inputmethod.libs.hmm.superpacks.IHmmModule' has value 'res/xml/module_hmm.xml'
01-17 15:22:44.176  2870  2870 I ModuleManager: Adding [GIMS_UserUnlocked] NotificationListener for module com.google.android.apps.inputmethod.libs.hmm.superpacks.HmmModule
01-17 15:22:44.176  2870  2870 I ModuleManager: Key 'module:com.google.android.apps.inputmethod.libs.search.sense.IConversationToQueryExtension' has value 'res/xml/extension_conv2query.xml'
01-17 15:22:44.176  2870  2870 I ModuleManager: Adding [GIMS_UserUnlocked] NotificationListener for module com.google.android.apps.inputmethod.libs.search.sense.ConversationToQueryExtension
01-17 15:22:44.176  2870  2870 I ModuleManager: Key 'module:com.google.android.apps.inputmethod.libs.search.IDefaultStickerExtension' has value 'res/xml/extension_default_sticker.xml'
01-17 15:22:44.177  2870  2870 I ModuleManager: Adding [GIMS_UserUnlocked] NotificationListener for module com.google.android.apps.inputmethod.libs.search.sticker.DefaultStickerExtension
01-17 15:22:44.177  2870  2870 I ModuleManager: Key 'module:com.google.android.apps.inputmethod.libs.pill.IPillExtension' has value 'res/xml/extension_pill.xml'
01-17 15:22:44.178  2870  2870 I ModuleManager: Adding [GIMS_UserUnlocked] NotificationListener for module com.google.android.apps.inputmethod.libs.pill.PillExtension
01-17 15:22:44.178  2870  2870 I ModuleManager: Key 'module:com.google.android.apps.inputmethod.libs.search.IStickerExtension' has value 'res/xml/extension_sticker.xml'
01-17 15:22:44.178  2870  2870 I ModuleManager: Adding [GIMS_UserUnlocked] NotificationListener for module com.google.android.apps.inputmethod.libs.search.sticker.StickerExtension
01-17 15:22:44.178  2870  2870 I ModuleManager: Key 'module:com.google.android.apps.inputmethod.libs.search.IGifKeyboardExtension' has value 'res/xml/extension_gif_search.xml'
01-17 15:22:44.179  2870  2870 I ModuleManager: Adding [GIMS_UserUnlocked] NotificationListener for module com.google.android.apps.inputmethod.libs.search.gif.GifExtensionImpl
01-17 15:22:44.179  2870  2870 I ModuleManager: Key 'module:com.google.android.apps.inputmethod.libs.search.IEmoticonExtension' has value 'res/xml/extension_emoticon.xml'
01-17 15:22:44.180  2870  2870 I ModuleManager: Adding [GIMS_UserUnlocked] NotificationListener for module com.google.android.apps.inputmethod.libs.search.emoji.EmoticonExtension
01-17 15:22:44.180  2870  2870 I ModuleManager: Unexpected key 'com.google.android.backup.api_key' does not match 'module:'
01-17 15:22:44.181  2870  2870 I ModuleManager: Key 'module:com.google.android.apps.inputmethod.libs.handwriting.ime.IHandwritingImeExtension' has value 'res/xml/extension_handwriting_ime.xml'
01-17 15:22:44.182  2870  2870 I ModuleManager: Adding [GIMS_UserUnlocked] NotificationListener for module com.google.android.apps.inputmethod.libs.handwriting.ime.HandwritingImeExtension
01-17 15:22:44.182  2870  2870 I ModuleManager: Key 'module:com.google.android.apps.inputmethod.libs.search.IEmojiDataExtension' has value 'res/xml/extension_emoji_data.xml'
01-17 15:22:44.182  2870  2870 I ModuleManager: Adding [GIMS_UserUnlocked] NotificationListener for module com.google.android.apps.inputmethod.libs.search.emojidata.EmojiDataExtension
01-17 15:22:44.182  2870  2870 I ModuleManager: Key 'module:com.google.android.apps.inputmethod.libs.search.IEmojiOrGifExtension' has value 'res/xml/extension_emoji_or_gif.xml'
01-17 15:22:44.183  2870  2870 I ModuleManager: Adding [GIMS_UserUnlocked] NotificationListener for module com.google.android.apps.inputmethod.libs.search.ArtExtension
01-17 15:22:44.183  2870  2870 I ModuleManager: Key 'module:com.google.android.apps.inputmethod.libs.search.INativeCardExtension' has value 'res/xml/extension_native_card.xml'
01-17 15:22:44.184  2870  2870 I ModuleManager: Adding [GIMS_UserUnlocked] NotificationListener for module com.google.android.apps.inputmethod.libs.search.nativecard.NativeCardExtension
01-17 15:22:44.184  2870  2870 I ModuleManager: Key 'module:com.google.android.apps.inputmethod.libs.voiceime.IVoiceImeExtension' has value 'res/xml/extension_voice_ime.xml'
01-17 15:22:44.185  2870  2870 I ModuleManager: Adding [App_UserUnlocked] NotificationListener for module com.google.android.apps.inputmethod.libs.voiceime.VoiceImeExtension
01-17 15:22:44.185  2870  2870 I ModuleManager: Unexpected key 'com.google.android.gms.version' does not match 'module:'
01-17 15:22:44.185  2870  2870 I ModuleManager: Key 'module:com.google.android.apps.inputmethod.libs.search.IEmojiSearchExtension' has value 'res/xml/extension_emoji_search.xml'
01-17 15:22:44.186  2870  2870 I ModuleManager: Adding [GIMS_UserUnlocked] NotificationListener for module com.google.android.apps.inputmethod.libs.search.emoji.EmojiSearchExtension
01-17 15:22:44.186  2870  2870 I ModuleManager: Key 'module:com.google.android.apps.inputmethod.libs.textediting.ITextEditingExtension' has value 'res/xml/extension_text_editing.xml'
01-17 15:22:44.187  2870  2870 I ModuleManager: Adding [GIMS_UserUnlocked] NotificationListener for module com.google.android.apps.inputmethod.libs.textediting.TextEditingExtension
01-17 15:22:44.187  2870  2870 I ModuleManager: Key 'module:com.google.android.apps.inputmethod.libs.search.IGifEntryPointCandidateExtension' has value 'res/xml/extension_gif_entry_point_candidate.xml'
01-17 15:22:44.187  2870  2870 I ModuleManager: Adding [GIMS_UserUnlocked] NotificationListener for module com.google.android.apps.inputmethod.libs.search.gif.GifEntryPointCandidateExtension
01-17 15:22:44.187  2870  2870 I ModuleManager: Key 'module:com.google.android.apps.inputmethod.libs.search.IBitmojiExtension' has value 'res/xml/extension_bitmoji.xml'
01-17 15:22:44.188  2870  2870 I ModuleManager: Adding [GIMS_UserUnlocked] NotificationListener for module com.google.android.apps.inputmethod.libs.search.sticker.BitmojiExtension
01-17 15:22:44.188  2870  2870 I ModuleManager: Key 'module:com.google.android.apps.inputmethod.libs.search.IFeatureCardNoticeExtension' has value 'res/xml/extension_feature_notice.xml'
01-17 15:22:44.189  2870  2870 I ModuleManager: Adding [GIMS_UserUnlocked] NotificationListener for module com.google.android.apps.inputmethod.libs.search.nativecard.FeatureCardNoticeExtension
01-17 15:22:44.189  2870  2870 I LatinApp: onCreate()
01-17 15:22:44.191  2145  2371 D EGL_emulation: eglMakeCurrent: 0xde7855a0: ver 3 0 (tinfo 0xde7834a0)
01-17 15:22:44.206  2145  2371 I chatty  : uid=10039(com.android.systemui) RenderThread identical 2 lines
01-17 15:22:44.209  2145  2371 D EGL_emulation: eglMakeCurrent: 0xde7855a0: ver 3 0 (tinfo 0xde7834a0)
01-17 15:22:44.218  2870  2870 I TransientFileCleaner: Deleting 0 files
01-17 15:22:44.225  2145  2371 D EGL_emulation: eglMakeCurrent: 0xde7855a0: ver 3 0 (tinfo 0xde7834a0)
01-17 15:22:44.226  2870  2870 I FeaturePermissions: onSharedPreferenceChanged() : Key = pref_key_should_reset_suggestions_pref : Feature = null
01-17 15:22:44.227  2145  2371 D EGL_emulation: eglMakeCurrent: 0xde7855a0: ver 3 0 (tinfo 0xde7834a0)
01-17 15:22:44.229  2870  2870 I FeaturePermissions: onSharedPreferenceChanged() : Key = show_launcher_icon : Feature = null
01-17 15:22:44.229  2870  2870 I LauncherIconVisibility: doUpdate() : Visible = false
01-17 15:22:44.237  2870  2870 I CrashDetection: App upgrade detected, clearing counters
01-17 15:22:44.243  2145  2371 D EGL_emulation: eglMakeCurrent: 0xde7855a0: ver 3 0 (tinfo 0xde7834a0)
01-17 15:22:44.320  2145  2371 I chatty  : uid=10039(com.android.systemui) RenderThread identical 9 lines
01-17 15:22:44.337  2145  2371 D EGL_emulation: eglMakeCurrent: 0xde7855a0: ver 3 0 (tinfo 0xde7834a0)
01-17 15:22:44.376  2870  2907 E LatinCountersUtils: Unhandled flavor name: preload
01-17 15:22:44.378  2870  2870 I UrgentSignal: getInstance(): Creating UrgentSignalsProcessor instance
01-17 15:22:44.386  2870  2907 E LatinCountersUtils: Unhandled flavor name: preload
01-17 15:22:44.387  2870  2907 I chatty  : uid=10082(com.google.android.inputmethod.latin) MetricsManager identical 1 line
01-17 15:22:44.388  2870  2907 E LatinCountersUtils: Unhandled flavor name: preload
01-17 15:22:44.388  2870  2870 I PhenotypeExpConfig: refreshConfiguration() : Force = true : UpdateAvailable = true : Age = 27899422 minutes : MaxAge = 720 minutes
01-17 15:22:44.389  2870  2907 E LatinCountersUtils: Unhandled flavor name: preload
01-17 15:22:44.390  2507  2644 I ContactLocale: AddressBook Labels [[en_US]]: [, A, B, C, D, E, F, G, H, I, J, K, L, M, N, O, P, Q, R, S, T, U, V, W, X, Y, Z, , , , , , , , , , , , , , , , , , , , , , , , , , , , , , , , , , , , , , , , , , , , , , , , , , , , , , , , , , , , , , , , , , , , , , , , , , , , , , , , , , , , , , , , , , , , , , , , , , , , , , , , , , , , , , , , , , , , , , , , , , , , , , , , , , , , , , , , , , , , , , , , , , , , , , , , , , , , , , , , , , , , , , , , , , , , , , , , , , , , , , , , , , , #, ]
01-17 15:22:44.394  2870  2870 I FirebaseJobDispatcher: Schedule task: fetch_configuration. Success.
01-17 15:22:44.398  2870  2870 E putmethod.lati: The String#value field is not present on Android versions >= 6.0
01-17 15:22:44.401  2870  2870 I FirebaseJobDispatcher: Schedule task: register. Success.
01-17 15:22:44.404  2870  2907 E LatinCountersUtils: Unhandled flavor name: preload
01-17 15:22:44.409  2507  2644 I ContactsDatabaseHelper: Bootstrapping database contacts2.db version: 1300
01-17 15:22:44.427  2507  2644 I ContactsProviderV1: Bootstrapping database legacy support
01-17 15:22:44.427  2699  2699 I Pixelmigrate: [NotificationConsolidatorService] onListenerConnected
01-17 15:22:44.427  2699  2699 I Pixelmigrate: [NotificationConsolidatorService] Setup wizard disabled, so disabling this component
01-17 15:22:44.427  1982  2411 D NotificationListeners: Disabling component com.google.android.apps.restore/com.google.android.apps.pixelmigrate.component.NotificationConsolidatorService
01-17 15:22:44.428  1982  2033 D PackageManager: Instant App installer not found with android.intent.action.INSTALL_INSTANT_APP_PACKAGE
01-17 15:22:44.428  1982  2033 D PackageManager: Clear ephemeral installer activity
01-17 15:22:44.429  2699  2699 I Pixelmigrate: [NotificationConsolidatorService] onListenerDisconnected
01-17 15:22:44.434  2699  2924 I FA      : App measurement is starting up, version: 12211
01-17 15:22:44.434  2699  2924 I FA      : To enable debug logging run: adb shell setprop log.tag.FA VERBOSE
01-17 15:22:44.434  2699  2924 I FA      : To enable faster debug mode event logging run:
01-17 15:22:44.434  2699  2924 I FA      :   adb shell setprop debug.firebase.analytics.app com.google.android.apps.restore
01-17 15:22:44.445  2507  2644 D ContactsDatabaseHelper: WAL enabled for profile.db: false
01-17 15:22:44.524  2111  2111 I ModuleSetMgr: Pending container module APKs: []
01-17 15:22:44.524  2111  2111 I ModuleSetMgr: Pending non-container module APKs: []
01-17 15:22:44.537  2111  2111 E ChimeraCfgMgr: Failed to read module config: java.io.FileNotFoundException: /data/user_de/0/com.google.android.gms/app_chimera/current_config.fb (No such file or directory)
01-17 15:22:44.537  2111  2111 W IntentOperation: Failed to get Chimera config:com.google.android.chimera.config.InvalidConfigException: java.io.FileNotFoundException: /data/user_de/0/com.google.android.gms/app_chimera/current_config.fb (No such file or directory)
01-17 15:22:44.562  2931  2931 W e.process.gapp: Unexpected CPU variant for X86 using defaults: x86
01-17 15:22:44.566  1982  1999 I ActivityManager: Start proc 2931:com.google.process.gapps/u0a48 for content provider com.google.android.syncadapters.contacts/.ProxyGalProvider
01-17 15:22:44.584  2931  2931 I e.process.gapp: The ClassLoaderContext is a special shared library.
01-17 15:22:44.584  2931  2931 I e.process.gapp: The ClassLoaderContext is a special shared library.
01-17 15:22:44.781  1982  2455 I GnssLocationProvider: WakeLock acquired by sendMessage(REPORT_SV_STATUS, 0, com.android.server.location.GnssLocationProvider$SvStatusInfo@d64a8f6)
01-17 15:22:44.781  1982  1996 I GnssLocationProvider: WakeLock released by handleMessage(REPORT_SV_STATUS, 0, com.android.server.location.GnssLocationProvider$SvStatusInfo@d64a8f6)
01-17 15:22:44.810  1982  2696 D PackageManager: Instant App installer not found with android.intent.action.INSTALL_INSTANT_APP_PACKAGE
01-17 15:22:44.810  1982  2696 D PackageManager: Clear ephemeral installer activity
01-17 15:22:44.813  2649  2649 D OpenGLRenderer: Skia GL Pipeline
01-17 15:22:44.894  2602  2602 W SearchService: Abort, client detached.
01-17 15:22:44.925  1982  2696 W ActivityManager: Unable to start service Intent { act=com.google.android.apps.miphone.aiai.matchmaker.api.IScreenMatchmaker cmp=com.google.android.as/com.google.android.apps.miphone.aiai.matchmaker.MatchmakerService2 } U=0: not found
01-17 15:22:44.895  2602  2602 W SearchService: Abort, client detached.
01-17 15:22:44.928  2649  2649 D TouchInteractionService: Touch service connected
01-17 15:22:44.928  2649  2649 W ActivityThread: handleWindowVisibility: no activity for token android.os.BinderProxy@e019532
01-17 15:22:44.951  1637  1703 D gralloc_ranchu: gralloc_alloc: Creating ashmem region of size 40960
01-17 15:22:44.955  1637  1703 I chatty  : uid=1000(system) HwBinder:1637_1 identical 2 lines
01-17 15:22:44.958  1637  1703 D gralloc_ranchu: gralloc_alloc: Creating ashmem region of size 40960
01-17 15:22:44.961  1637  1703 D gralloc_ranchu: gralloc_alloc: Creating ashmem region of size 12288
01-17 15:22:44.963  1637  1703 D gralloc_ranchu: gralloc_alloc: Creating ashmem region of size 12288
01-17 15:22:44.976  1637  1703 D gralloc_ranchu: gralloc_alloc: Creating ashmem region of size 40960
01-17 15:22:44.986  1982  2032 W WallpaperManagerService: Cannot extract colors because wallpaper could not be read.
01-17 15:22:44.986  1982  2032 W WallpaperManagerService: Cannot get theme colors because WallpaperColors is null.
01-17 15:22:44.987  1637  1703 I chatty  : uid=1000(system) HwBinder:1637_1 identical 2 lines
01-17 15:22:44.989  1637  1703 D gralloc_ranchu: gralloc_alloc: Creating ashmem region of size 40960
01-17 15:22:45.000  2111  2111 I ChimeraCfgMgr: Updating module config: <no config> -> container:2024149040700
01-17 15:22:45.006  2111  2111 E ConfigFileUtils: Failed to read config file: /data/user_de/0/com.google.android.gms/app_chimera/current_modules_init.pb (No such file or directory)
01-17 15:22:45.033  1637  1703 D gralloc_ranchu: gralloc_alloc: Creating ashmem region of size 12288
01-17 15:22:45.035  1637  1703 D gralloc_ranchu: gralloc_alloc: Creating ashmem region of size 12288
01-17 15:22:45.045  2111  2111 I ChimeraCfgMgr: Sending com.google.android.chimera.IntentOperation.NEW_MODULE Intents: 1,true,true
01-17 15:22:45.096  2111  2111 I ChmraDebugLogger: [46] 
01-17 15:22:45.134  2602  2767 W DynamiteModule: Local module descriptor class for com.google.android.gms.googlecertificates not found.
01-17 15:22:45.157  2931  2945 I ProxyGalProvider: QueryGalProvider in Legacy provider.
01-17 15:22:45.170  2964  2964 W ogle.android.g: Unexpected CPU variant for X86 using defaults: x86
01-17 15:22:45.173  1982  1999 I ActivityManager: Start proc 2964:com.google.android.gm/u0a46 for content provider com.google.android.gm/com.android.exchange.provider.ExchangeDirectoryProvider
01-17 15:22:45.180  2111  2111 I GmsApplication: Updating config completed
01-17 15:22:45.181  2649  2975 D ProtoStore: no cached data
01-17 15:22:45.181  2649  2975 D ProtoStore: no cached data
01-17 15:22:45.182  2776  2776 I GmsApplication: Staging modules and/or updating config already complete
01-17 15:22:45.191  2699  2928 W id.apps.restor: Long monitor contention with owner Measurement Worker (2924) at java.security.KeyPair ddl.d()(PG:893) waiters=0 in void com.google.firebase.iid.FirebaseInstanceId.a(boolean) for 645ms
01-17 15:22:45.196  1932  2410 E SurfaceFlinger: ro.sf.lcd_density must be defined as a build property
01-17 15:22:45.199  2964  2964 I ogle.android.g: The ClassLoaderContext is a special shared library.
01-17 15:22:45.201  2964  2964 I ogle.android.g: The ClassLoaderContext is a special shared library.
01-17 15:22:45.205  2985  2985 W viders.calenda: Unexpected CPU variant for X86 using defaults: x86
01-17 15:22:45.209  1982  1999 I ActivityManager: Start proc 2985:com.android.providers.calendar/u0a35 for content provider com.android.providers.calendar/.CalendarProvider2
01-17 15:22:45.216  1982  2983 D ActivityManager: Raise procstate to external provider: ProcessRecord{793fe66 2985:com.android.providers.calendar/u0a35}
01-17 15:22:45.222  2985  2985 I viders.calenda: The ClassLoaderContext is a special shared library.
01-17 15:22:45.236  2985  2985 I CalendarDatabaseHelper: Bootstrapping database
01-17 15:22:45.241  2985  2985 I CalendarProvider2: Created com.android.providers.calendar.CalendarAlarmManager@3553d2a(com.android.providers.calendar.CalendarProvider2@c6a071b)
01-17 15:22:45.241  1982  1993 W Binder  : Outgoing transactions from this process must be FLAG_ONEWAY
01-17 15:22:45.241  1982  1993 W Binder  : java.lang.Throwable
01-17 15:22:45.241  1982  1993 W Binder  : 	at android.os.BinderProxy.transact(Binder.java:1114)
01-17 15:22:45.241  1982  1993 W Binder  : 	at android.content.ContentProviderProxy.getType(ContentProviderNative.java:451)
01-17 15:22:45.241  1982  1993 W Binder  : 	at com.android.server.am.ActivityManagerService.getProviderMimeType(ActivityManagerService.java:13000)
01-17 15:22:45.241  1982  1993 W Binder  : 	at android.app.IActivityManager$Stub.onTransact(IActivityManager.java:1416)
01-17 15:22:45.241  1982  1993 W Binder  : 	at com.android.server.am.ActivityManagerService.onTransact(ActivityManagerService.java:3291)
01-17 15:22:45.241  1982  1993 W Binder  : 	at android.os.Binder.execTransact(Binder.java:731)
01-17 15:22:45.243  2602  2602 I BgTaskExecutorImpl: Starting NONEXCLUSIVE background task smartspace_update.
01-17 15:22:45.244  2602  2602 E OverlaySController: Calling with an invalid UID, the interface will not work
01-17 15:22:45.246  2602  2824 W VelvetNetworkClient: Cannot connect to server without account
01-17 15:22:45.276  2699  2917 W id.apps.restor: Unsupported class loader
01-17 15:22:45.278  2699  2917 I DynamiteModule: Considering local module com.google.android.gms.flags:2 and remote module com.google.android.gms.flags:3
01-17 15:22:45.278  2699  2917 I DynamiteModule: Selected remote version of com.google.android.gms.flags, version >= 3
01-17 15:22:45.286  2649  2950 D LoaderTask: loadWorkspace: loading default favorites
01-17 15:22:45.290  2602  2767 W earchbox:searc: Unsupported class loader
01-17 15:22:45.294  2602  2602 W SearchService: Abort, client detached.
01-17 15:22:45.294  2602  2602 I chatty  : uid=10040 com.google.android.googlequicksearchbox:search identical 1 line
01-17 15:22:45.294  2602  2602 W SearchService: Abort, client detached.
01-17 15:22:45.295  2602  2767 I DynamiteModule: Considering local module com.google.android.gms.googlecertificates:0 and remote module com.google.android.gms.googlecertificates:4
01-17 15:22:45.295  2602  2767 I DynamiteModule: Selected remote version of com.google.android.gms.googlecertificates, version >= 4
01-17 15:22:45.298  2699  2917 W id.apps.restor: Unsupported class loader
01-17 15:22:45.312  2649  2950 D LauncherProvider: loading default workspace
01-17 15:22:45.314  2602  2767 W earchbox:searc: Unsupported class loader
01-17 15:22:45.322  2649  2950 E AutoInstalls: Favorite not found: com.android.vending/com.android.vending.AssetBrowserActivity
01-17 15:22:45.324  2649  2950 E AutoInstalls: Favorite not found: com.google.android.GoogleCamera/com.android.camera.CameraLauncher
01-17 15:22:45.366  2649  2649 W ActionsController: content provider not found
01-17 15:22:45.366  2649  2649 W ActionsController: java.lang.SecurityException: Failed to find provider com.google.android.as.allapps.actionsuggestprovider for user 0; expected to find a valid ContentProvider for this authority
01-17 15:22:45.366  2649  2649 W ActionsController: 	at android.os.Parcel.createException(Parcel.java:1950)
01-17 15:22:45.366  2649  2649 W ActionsController: 	at android.os.Parcel.readException(Parcel.java:1918)
01-17 15:22:45.366  2649  2649 W ActionsController: 	at android.os.Parcel.readException(Parcel.java:1868)
01-17 15:22:45.366  2649  2649 W ActionsController: 	at android.content.IContentService$Stub$Proxy.registerContentObserver(IContentService.java:779)
01-17 15:22:45.366  2649  2649 W ActionsController: 	at android.content.ContentResolver.registerContentObserver(ContentResolver.java:1972)
01-17 15:22:45.366  2649  2649 W ActionsController: 	at android.content.ContentResolver.registerContentObserver(ContentResolver.java:1961)
01-17 15:22:45.366  2649  2649 W ActionsController: 	at com.google.android.apps.nexuslauncher.allapps.d.cY(SourceFile:193)
01-17 15:22:45.366  2649  2649 W ActionsController: 	at com.google.android.apps.nexuslauncher.allapps.d.<init>(SourceFile:156)
01-17 15:22:45.366  2649  2649 W ActionsController: 	at com.google.android.apps.nexuslauncher.allapps.d.c(SourceFile:116)
01-17 15:22:45.366  2649  2649 W ActionsController: 	at com.google.android.apps.nexuslauncher.allapps.ActionsRowView.onAttachedToWindow(SourceFile:162)
01-17 15:22:45.366  2649  2649 W ActionsController: 	at android.view.View.dispatchAttachedToWindow(View.java:18347)
01-17 15:22:45.366  2649  2649 W ActionsController: 	at android.view.ViewGroup.dispatchAttachedToWindow(ViewGroup.java:3397)
01-17 15:22:45.366  2649  2649 W ActionsController: 	at android.view.ViewGroup.dispatchAttachedToWindow(ViewGroup.java:3404)
