01-17 15:22:40.150  1624  1624 W AshmemAllocator: ashmem_create_region(32768) returning hidl_memory(0xeab1c180, 32768)
01-17 15:22:40.151  1982  2411 I Telecom : PhoneAccountRegistrar: Modify account: [ComponentInfo{com.android.phone/com.android.services.telephony.TelephonyConnectionService}, ***, UserHandle{0}]: TSI.rPA@ACE
01-17 15:22:40.153  2196  2196 I TelecomFramework: AccountEntry: Registered phoneAccount: [[ ] PhoneAccount: ComponentInfo{com.android.phone/com.android.services.telephony.TelephonyConnectionService}, ***, UserHandle{0} Capabilities: CallProvider MultiUser PlaceEmerg SimSub  Audio Routes: BESW Schemes: tel voicemail  Extras: Bundle[{android.telecom.extra.SUPPORTS_VIDEO_CALLING_FALLBACK=true}] GroupId: ***] with handle: ComponentInfo{com.android.phone/com.android.services.telephony.TelephonyConnectionService}, ***, UserHandle{0}
01-17 15:22:40.153  2196  2196 I TelecomFramework: PstnIncomingCallNotifier: Registering: Handler (com.android.internal.telephony.GsmCdmaPhone) {d17baa7}
01-17 15:22:40.153  1624  1624 I chatty  : uid=1000(system) allocator@1.0-s identical 6 lines
01-17 15:22:40.155  1624  1624 W AshmemAllocator: ashmem_create_region(32768) returning hidl_memory(0xeab1c180, 32768)
01-17 15:22:40.164  2196  2196 I TelecomFramework: PstnIncomingCallNotifier: Unregistering: Handler (com.android.internal.telephony.GsmCdmaPhone) {d17baa7}
01-17 15:22:40.181  2145  2371 D OpenGLRenderer: profile bars disabled
01-17 15:22:40.181  2145  2371 D OpenGLRenderer: ambientRatio = 1.50
01-17 15:22:40.184  2437  2437 I d.carrierconfi: The ClassLoaderContext is a special shared library.
01-17 15:22:40.187  1982  1994 I Telecom : PhoneAccountRegistrar: Modify account: [ComponentInfo{com.android.phone/com.android.services.telephony.TelephonyConnectionService}, ***, UserHandle{0}]: TSI.rPA@ACQ
01-17 15:22:40.189  2196  2196 I TelecomFramework: AccountEntry: Registered phoneAccount: [[ ] PhoneAccount: ComponentInfo{com.android.phone/com.android.services.telephony.TelephonyConnectionService}, ***, UserHandle{0} Capabilities: CallProvider MultiUser PlaceEmerg SimSub  Audio Routes: BESW Schemes: tel voicemail  Extras: Bundle[{android.telecom.extra.SUPPORTS_VIDEO_CALLING_FALLBACK=true}] GroupId: ***] with handle: ComponentInfo{com.android.phone/com.android.services.telephony.TelephonyConnectionService}, ***, UserHandle{0}
01-17 15:22:40.189  2196  2196 I TelecomFramework: PstnIncomingCallNotifier: Registering: Handler (com.android.internal.telephony.GsmCdmaPhone) {d17baa7}
01-17 15:22:40.191  2437  2437 D DefaultCarrierConfigService: Service created
01-17 15:22:40.199  2196  2196 D CallNotifier: updatePhoneStateListeners: update CF notifications.
01-17 15:22:40.199  2196  2196 I ImsExternalCallTracker: handleVideoCapabilitiesChanged : isVideoCapable = false
01-17 15:22:40.199  2196  2196 D ImsExternalCallTracker: refreshCallPullState
01-17 15:22:40.199  2196  2196 I TelecomFramework: PstnPhoneCapabilitiesNotifier: handleVideoCapabilitesChanged. Video capability - false
01-17 15:22:40.204  2196  2196 D CallNotifier: updatePhoneStateListeners: update CF notifications.
01-17 15:22:40.205  2196  2196 I NotificationMgr: updateMwi(): subId 1 update to false
01-17 15:22:40.207  2196  2196 I CallNotifier: onCallForwardingIndicatorChanged(): subId=1, visible=N
01-17 15:22:40.208  2196  2196 D CallNotifier: updatePhoneStateListeners: update CF notifications.
01-17 15:22:40.208  2196  2196 I NotificationMgr: updateCfi: subId= 1, visible=N
01-17 15:22:40.210  2196  2196 I NotificationMgr: updateMwi(): subId 1 update to false
01-17 15:22:40.211  2145  2457 I OMXClient: IOmx service obtained
01-17 15:22:40.211  1785  2428 I OMXMaster: makeComponentInstance(OMX.google.vorbis.decoder) in omx@1.0-service process
01-17 15:22:40.214  1785  2428 E OMXNodeInstance: getConfig(0xeeaa6c00:google.vorbis.decoder, ConfigAndroidVendorExtension(0x6f100004)) ERROR: Undefined(0x80001001)
01-17 15:22:40.215  1624  1624 W AshmemAllocator: ashmem_create_region(32768) returning hidl_memory(0xeab1c180, 32768)
01-17 15:22:40.216  1624  1624 I chatty  : uid=1000(system) allocator@1.0-s identical 2 lines
01-17 15:22:40.216  1624  1624 W AshmemAllocator: ashmem_create_region(32768) returning hidl_memory(0xeab1c180, 32768)
01-17 15:22:40.216  2196  2196 D TelephonyProvider: subIdString = 1 subId = 1
01-17 15:22:40.216  2196  2196 D TelephonyProvider: getPreferredApnIdFromApn: for subId 1
01-17 15:22:40.219  1624  1624 W AshmemAllocator: ashmem_create_region(32768) returning hidl_memory(0xeab1c180, 32768)
01-17 15:22:40.219  1982  1999 I ActivityManager: Start proc 2460:com.google.android.dialer/u0a13 for broadcast com.google.android.dialer/com.android.dialer.app.voicemail.LegacyVoicemailNotificationReceiver
01-17 15:22:40.220  1624  1624 I chatty  : uid=1000(system) allocator@1.0-s identical 2 lines
01-17 15:22:40.220  1624  1624 W AshmemAllocator: ashmem_create_region(32768) returning hidl_memory(0xeab1c180, 32768)
01-17 15:22:40.220  2460  2460 W .android.diale: Unexpected CPU variant for X86 using defaults: x86
01-17 15:22:40.221  2196  2196 D CarrierIdProvider: updateCarrierIdForSubId: 1
01-17 15:22:40.222  2196  2196 I ImsExternalCallTracker: handleVideoCapabilitiesChanged : isVideoCapable = false
01-17 15:22:40.222  2196  2196 D ImsExternalCallTracker: refreshCallPullState
01-17 15:22:40.222  2196  2196 I TelecomFramework: PstnPhoneCapabilitiesNotifier: handleVideoCapabilitesChanged. Video capability - false
01-17 15:22:40.222  2196  2196 I ImsExternalCallTracker: handleVideoCapabilitiesChanged : isVideoCapable = false
01-17 15:22:40.222  2196  2196 D ImsExternalCallTracker: refreshCallPullState
01-17 15:22:40.223  2196  2196 I ImsExternalCallTracker: handleVideoCapabilitiesChanged : isVideoCapable = false
01-17 15:22:40.223  2196  2196 D ImsExternalCallTracker: refreshCallPullState
01-17 15:22:40.223  2196  2196 I ImsExternalCallTracker: handleVideoCapabilitiesChanged : isVideoCapable = false
01-17 15:22:40.223  2196  2196 D ImsExternalCallTracker: refreshCallPullState
01-17 15:22:40.225  1624  1624 W AshmemAllocator: ashmem_create_region(32768) returning hidl_memory(0xeab1c180, 32768)
01-17 15:22:40.223  2196  2196 I chatty  : uid=1001(radio) com.android.phone identical 2 lines
01-17 15:22:40.223  2196  2196 I TelecomFramework: PstnPhoneCapabilitiesNotifier: handleVideoCapabilitesChanged. Video capability - false
01-17 15:22:40.238  1982  1994 I Telecom : PhoneAccountRegistrar: Modify account: [ComponentInfo{com.android.phone/com.android.services.telephony.TelephonyConnectionService}, ***, UserHandle{0}]: TSI.rPA@ACs
01-17 15:22:40.226  1624  1624 I chatty  : uid=1000(system) allocator@1.0-s identical 2 lines
01-17 15:22:40.227  1624  1624 W AshmemAllocator: ashmem_create_region(32768) returning hidl_memory(0xeab1c180, 32768)
01-17 15:22:40.240  2196  2196 D CarrierConfigLoader: Connected to config app: com.android.carrierconfig/com.android.carrierconfig.DefaultCarrierConfigService
01-17 15:22:40.243  2145  2145 D StatusBar: disable<e i a s b h r c s > disable2<q i n >
01-17 15:22:40.243  2196  2196 D TelephonyProvider: subIdString = 1 subId = 1
01-17 15:22:40.243  2196  2196 D TelephonyProvider: getPreferredApnIdFromApn: for subId 1
01-17 15:22:40.255  1982  2474 I OMXClient: IOmx service obtained
01-17 15:22:40.255  1785  2428 I OMXMaster: makeComponentInstance(OMX.google.vorbis.decoder) in omx@1.0-service process
01-17 15:22:40.257  1785  1892 E OMXNodeInstance: getConfig(0xeeaa7080:google.vorbis.decoder, ConfigAndroidVendorExtension(0x6f100004)) ERROR: Undefined(0x80001001)
01-17 15:22:40.261  1624  1624 W AshmemAllocator: ashmem_create_region(32768) returning hidl_memory(0xeab1c180, 32768)
01-17 15:22:40.265  1624  1624 I chatty  : uid=1000(system) allocator@1.0-s identical 6 lines
01-17 15:22:40.266  1624  1624 W AshmemAllocator: ashmem_create_region(32768) returning hidl_memory(0xeab1c180, 32768)
01-17 15:22:40.273  2460  2460 I .android.diale: The ClassLoaderContext is a special shared library.
01-17 15:22:40.282  2196  2205 W System  : A resource failed to call close. 
01-17 15:22:40.282  2111  2111 E ActivityThread: Failed to find provider info for com.google.android.gsf.gservices
01-17 15:22:40.284  1982  2411 D ConnectivityService: registerNetworkAgent NetworkAgentInfo{ ni{[type: MOBILE[LTE], state: CONNECTED/CONNECTED, reason: connected, extra: epc.tmobile.com, failover: false, available: true, roaming: false]}  network{100}  nethandle{432902426637}  lp{{InterfaceName: radio0 LinkAddresses: [192.168.200.2/24,fe80::e433:26ff:fe6a:4b65/64,fec0::7878:8421:a41e:34dd/64,fec0::e433:26ff:fe6a:4b65/64,]  Routes: [0.0.0.0/0 -> 192.168.200.1 radio0,192.168.200.0/24 -> 0.0.0.0 radio0,fe80::/64 -> :: radio0,fec0::/64 -> :: radio0,] DnsAddresses: [10.0.2.3,] UsePrivateDns: false PrivateDnsServerName: null Domains: null MTU: 1500 TcpBufferSizes: 524288,1048576,2097152,262144,524288,1048576}}  nc{[ Transports: CELLULAR Capabilities: MMS&SUPL&DUN&FOTA&IMS&CBS&IA&INTERNET&NOT_RESTRICTED&TRUSTED&NOT_VPN&NOT_ROAMING&FOREGROUND&NOT_CONGESTED&NOT_SUSPENDED Unwanted:  LinkUpBandwidth>=51200Kbps LinkDnBandwidth>=102400Kbps Specifier: <1>]}  Score{10}  everValidated{false}  lastValidated{false}  created{false} lingering{false} explicitlySelected{false} acceptUnvalidated{false} everCaptivePortalDetected{false} lastCaptivePortalDetected{false} clat{null} }
01-17 15:22:40.284  1982  2086 D ConnectivityService: NetworkAgentInfo [MOBILE (LTE) - 100] EVENT_NETWORK_INFO_CHANGED, going from null to CONNECTED
01-17 15:22:40.285  1931  1964 D TcpSocketMonitor: resuming tcpinfo polling (interval=30000ms)
01-17 15:22:40.286  1982  2086 W DnsManager: updatePrivateDns(100, PrivateDnsConfig{true:/[]})
01-17 15:22:40.286  1982  2086 D ConnectivityService: Setting DNS servers for network 100 to [/10.0.2.3]
01-17 15:22:40.287  1982  2086 D DnsManager: setDnsConfigurationForNetwork(100, [10.0.2.3], [], [1800, 25, 8, 64], , [10.0.2.3])
01-17 15:22:40.288  2460  2460 I Dialer  : GoogleDialerApplication.onCreate - enter
01-17 15:22:40.292  2460  2460 I Dialer  : DialerExecutorModule.newThread - creating low priority thread
01-17 15:22:40.293  1982  2086 D ConnectivityService: Adding iface radio0 to network 100
01-17 15:22:40.293  2460  2483 I Dialer  : BlockedNumbersAutoMigrator - not attempting auto-migrate: device is locked
01-17 15:22:40.300  2460  2460 E ActivityThread: Failed to find provider info for com.google.android.gsf.gservices
01-17 15:22:40.301  2196  2196 D CarrierConfigLoader: mHandler: 3 phoneId: 0
01-17 15:22:40.301  2196  2196 D TelephonyProvider: subIdString = 1 subId = 1
01-17 15:22:40.302  2196  2196 D TelephonyProvider: getPreferredApnIdFromApn: for subId 1
01-17 15:22:40.303  2460  2460 I Dialer  : SpamModule.provideSpam - using in-app spam
01-17 15:22:40.303  2196  2196 D TelephonyProvider: subIdString = 1 subId = 1
01-17 15:22:40.303  2196  2196 D TelephonyProvider: getPreferredApnIdFromApn: for subId 1
01-17 15:22:40.304  2437  2453 D DefaultCarrierConfigService: Config being fetched
01-17 15:22:40.305  2460  2460 I Dialer  : SpamModule.provideSpam - using in-app spam
01-17 15:22:40.306  2196  2196 D TelephonyProvider: subIdString = 1 subId = 1
01-17 15:22:40.306  2196  2196 D TelephonyProvider: getPreferredApnIdFromApn: for subId 1
01-17 15:22:40.306  2460  2460 I Dialer  : DialerApplication.initializeAnnotatedCallLog - framework not enabled
01-17 15:22:40.305  2460  2460 I chatty  : uid=10013(com.google.android.dialer) identical 6 lines
01-17 15:22:40.305  2460  2460 E ActivityThread: Failed to find provider info for com.google.android.gsf.gservices
01-17 15:22:40.307  1982  2086 E ConnectivityService: exception in setMtu()java.lang.IllegalStateException: command '33 interface setmtu radio0 1500' failed with '400 33 Failed to set MTU (Permission denied)'
01-17 15:22:40.309  2196  2196 D TelephonyProvider: subIdString = 1 subId = 1
01-17 15:22:40.310  2196  2196 D TelephonyProvider: getPreferredApnIdFromApn: for subId 1
01-17 15:22:40.310  2460  2460 I Dialer  : NotificationChannelManager.initChannels - doing an expensive initialization of all notification channels
01-17 15:22:40.310  2460  2460 I Dialer  : NotificationChannelManager.initChannels - desired channel IDs: {phone_ongoing_call, phone_incoming_call, phone_voicemail, phone_missed_call, phone_default}
01-17 15:22:40.310  2460  2460 I Dialer  : NotificationChannelManager.initChannels - existing channel IDs: {}
01-17 15:22:40.311  1982  2033 W ActivityManager: Unable to start service Intent { act=com.google.android.gms.people.service.START pkg=com.google.android.gms } U=0: not found
01-17 15:22:40.311  1982  1994 W ActivityManager: Unbind failed: could not find connection for android.os.BinderProxy@2ca6e50
01-17 15:22:40.312  2460  2485 E GmsClient: unable to connect to service: com.google.android.gms.people.service.START on com.google.android.gms
01-17 15:22:40.312  1982  2086 D ConnectivityService: Setting DNS servers for network 100 to [/10.0.2.3]
01-17 15:22:40.312  1982  2075 W ActivityManager: Unable to start service Intent { act=com.google.android.gms.telephonyspam.service.START pkg=com.google.android.gms } U=0: not found
01-17 15:22:40.312  1982  2075 W ActivityManager: Unbind failed: could not find connection for android.os.BinderProxy@ddf754e
01-17 15:22:40.312  2460  2485 E GmsClient: unable to connect to service: com.google.android.gms.telephonyspam.service.START on com.google.android.gms
01-17 15:22:40.313  1982  2411 W ActivityManager: Unable to start service Intent { act=com.google.android.gms.people.service.START pkg=com.google.android.gms } U=0: not found
01-17 15:22:40.313  1982  2411 W ActivityManager: Unbind failed: could not find connection for android.os.BinderProxy@141985a
01-17 15:22:40.313  2460  2485 E GmsClient: unable to connect to service: com.google.android.gms.people.service.START on com.google.android.gms
01-17 15:22:40.315  1982  2086 D DnsManager: setDnsConfigurationForNetwork(100, [10.0.2.3], [], [1800, 25, 8, 64], , [10.0.2.3])
01-17 15:22:40.316  2196  2196 D TelephonyProvider: subIdString = 1 subId = 1
01-17 15:22:40.316  2196  2196 D TelephonyProvider: getPreferredApnIdFromApn: for subId 1
01-17 15:22:40.319  1982  2086 W BestClock: java.time.DateTimeException: Missing NTP fix
01-17 15:22:40.319  2196  2196 D TelephonyProvider: subIdString = 1 subId = 1
01-17 15:22:40.319  2196  2196 D TelephonyProvider: getPreferredApnIdFromApn: for subId 1
01-17 15:22:40.326  1982  2086 W BestClock: java.time.DateTimeException: Missing NTP fix
01-17 15:22:40.326  2196  2196 D TelephonyProvider: subIdString = 1 subId = 1
01-17 15:22:40.283  1931  1931 W Binder:1931_2: type=1400 audit(0.0:7): avc: denied { write } for name="mtu" dev="sysfs" ino=14700 scontext=u:r:netd:s0 tcontext=u:object_r:sysfs:s0 tclass=file permissive=0
01-17 15:22:40.326  2196  2196 D TelephonyProvider: getPreferredApnIdFromApn: for subId 1
01-17 15:22:40.327  1982  2080 W BestClock: java.time.DateTimeException: Missing NTP fix
01-17 15:22:40.328  1982  2086 W BestClock: java.time.DateTimeException: Missing NTP fix
01-17 15:22:40.329  2196  2196 D TelephonyProvider: subIdString = 1 subId = 1
01-17 15:22:40.329  2196  2196 D TelephonyProvider: getPreferredApnIdFromApn: for subId 1
01-17 15:22:40.329  2145  2488 I SecurityController: could not bind to KeyChainService
01-17 15:22:40.330  2460  2460 E ActivityThread: Failed to find provider info for com.google.android.gsf.gservices
01-17 15:22:40.331  2196  2196 D TelephonyProvider: subIdString = 1 subId = 1
01-17 15:22:40.331  2196  2196 D TelephonyProvider: getPreferredApnIdFromApn: for subId 1
01-17 15:22:40.332  1982  2086 W BestClock: java.time.DateTimeException: Missing NTP fix
01-17 15:22:40.331  2460  2460 E ActivityThread: Failed to find provider info for com.google.android.gsf.gservices
01-17 15:22:40.333  1982  2086 D ConnectivityService: Switching to new default network: NetworkAgentInfo{ ni{[type: MOBILE[LTE], state: CONNECTED/CONNECTED, reason: connected, extra: epc.tmobile.com, failover: false, available: true, roaming: false]}  network{100}  nethandle{432902426637}  lp{{InterfaceName: radio0 LinkAddresses: [192.168.200.2/24,fe80::e433:26ff:fe6a:4b65/64,fec0::7878:8421:a41e:34dd/64,fec0::e433:26ff:fe6a:4b65/64,]  Routes: [0.0.0.0/0 -> 192.168.200.1 radio0,192.168.200.0/24 -> 0.0.0.0 radio0,fe80::/64 -> :: radio0,fec0::/64 -> :: radio0,] DnsAddresses: [10.0.2.3,] UsePrivateDns: false PrivateDnsServerName: null Domains: null MTU: 1500 TcpBufferSizes: 524288,1048576,2097152,262144,524288,1048576}}  nc{[ Transports: CELLULAR Capabilities: MMS&SUPL&DUN&FOTA&IMS&CBS&IA&INTERNET&NOT_RESTRICTED&TRUSTED&NOT_VPN&NOT_ROAMING&FOREGROUND&NOT_CONGESTED&NOT_SUSPENDED Unwanted:  LinkUpBandwidth>=51200Kbps LinkDnBandwidth>=102400Kbps Specifier: <1>]}  Score{10}  everValidated{false}  lastValidated{false}  created{true} lingering{false} explicitlySelected{false} acceptUnvalidated{false} everCaptivePortalDetected{false} lastCaptivePortalDetected{false} clat{null} }
01-17 15:22:40.334  1982  2411 W ActivityManager: Unable to start service Intent { act=com.google.android.gms.phenotype.service.START pkg=com.google.android.gms } U=0: not found
01-17 15:22:40.334  1982  2080 W BestClock: java.time.DateTimeException: Missing NTP fix
01-17 15:22:40.337  2460  2460 E .android.diale: The String#value field is not present on Android versions >= 6.0
01-17 15:22:40.337  1982  2411 W ActivityManager: Unbind failed: could not find connection for android.os.BinderProxy@1fc8abd
01-17 15:22:40.337  2460  2485 E GmsClient: unable to connect to service: com.google.android.gms.phenotype.service.START on com.google.android.gms
01-17 15:22:40.339  2460  2460 I Dialer  : GoogleDialerApplication.onCreate - register new client
01-17 15:22:40.340  2145  2145 D SystemUIBootTiming: StartServicescom.android.systemui.SystemBars took to complete: 1516ms
01-17 15:22:40.340  2145  2145 W SystemUIService: Initialization of com.android.systemui.SystemBars took 2245 ms
01-17 15:22:40.342  1982  2086 W BestClock: java.time.DateTimeException: Missing NTP fix
01-17 15:22:40.343  2145  2382 E ActivityThread: Failed to find provider info for com.android.contacts
01-17 15:22:40.343  2196  2196 D TelephonyProvider: subIdString = 1 subId = 1
01-17 15:22:40.343  2196  2196 D TelephonyProvider: deletePreferredApn: for subId 1
01-17 15:22:40.344  2196  2196 D TelephonyProvider: subIdString = 1 subId = 1
01-17 15:22:40.344  2196  2196 D TelephonyProvider: setPreferredApn: _id 1 subId 1
01-17 15:22:40.345  1982  1994 W ActivityManager: Unable to start service Intent { act=com.google.android.gms.phenotype.service.START pkg=com.google.android.gms } U=0: not found
01-17 15:22:40.345  1982  1994 W ActivityManager: Unbind failed: could not find connection for android.os.BinderProxy@db9cdfe
01-17 15:22:40.345  2460  2485 E GmsClient: unable to connect to service: com.google.android.gms.phenotype.service.START on com.google.android.gms
01-17 15:22:40.349  1982  2086 W BestClock: java.time.DateTimeException: Missing NTP fix
01-17 15:22:40.349  1982  2080 W BestClock: java.time.DateTimeException: Missing NTP fix
01-17 15:22:40.350  2145  2145 D StorageNotification: Notifying about private volume: VolumeInfo{private}:
01-17 15:22:40.350  2145  2145 D StorageNotification:     type=PRIVATE diskId=null partGuid=null mountFlags=0 mountUserId=-1 
01-17 15:22:40.350  2145  2145 D StorageNotification:     state=MOUNTED 
01-17 15:22:40.350  2145  2145 D StorageNotification:     fsType=null fsUuid=null fsLabel=null 
01-17 15:22:40.350  2145  2145 D StorageNotification:     path=/data internalPath=null 
01-17 15:22:40.350  2460  2460 E ActivityThread: Failed to find provider info for com.google.android.gsf.gservices
01-17 15:22:40.350  2460  2460 E ActivityThread: Failed to find provider info for com.google.android.gsf.gservices
01-17 15:22:40.350  1982  2086 D ConnectivityService: Sending CONNECTED broadcast for type 0 NetworkAgentInfo [MOBILE (LTE) - 100] isDefaultNetwork=true
01-17 15:22:40.350  2460  2460 I Dialer  : GoogleDialerApplication.onCreate - registered new client
01-17 15:22:40.351  1982  2193 D NetworkTimeUpdateService: New default network 100; checking time.
01-17 15:22:40.351  2145  2145 D StorageNotification: Notifying about public volume: VolumeInfo{public:253,80}:
01-17 15:22:40.351  2145  2145 D StorageNotification:     type=PUBLIC diskId=disk:253,80 partGuid= mountFlags=VISIBLE mountUserId=0 
01-17 15:22:40.351  2145  2145 D StorageNotification:     state=MOUNTED 
01-17 15:22:40.351  2145  2145 D StorageNotification:     fsType=vfat fsUuid=1415-1210 fsLabel=SDCARD 
01-17 15:22:40.351  2145  2145 D StorageNotification:     path=/storage/1415-1210 internalPath=/mnt/media_rw/1415-1210 
01-17 15:22:40.352  2460  2460 E ActivityThread: Failed to find provider info for com.google.android.gsf.gservices
01-17 15:22:40.353  2460  2460 I Dialer  : LegacyVoicemailNotificationReceiver.onReceive - received legacy voicemail notification
01-17 15:22:40.353  2460  2460 I Dialer  : LegacyVoicemailNotificationReceiver.onReceive - isRefresh: false
01-17 15:22:40.352  2460  2460 E ActivityThread: Failed to find provider info for com.google.android.gsf.gservices
01-17 15:22:40.354  1982  1982 I SyncManager: Loaded persisted syncs: 0 periodic syncs, 0 oneshot syncs, 7 total system server jobs, JobStats: FirstLoad: 0/0/0 LastSave: 2/0/0
01-17 15:22:40.354  2460  2460 I Dialer  : LegacyVoicemailNotificationReceiver.onReceive - clearing notification
01-17 15:22:40.354  2460  2460 I Dialer  : LegacyVoicemailNotifier.cancelNotification - enter
01-17 15:22:40.355  2111  2111 E ActivityThread: Failed to find provider info for com.google.android.gsf.gservices
01-17 15:22:40.356  1982  2080 W BestClock: java.time.DateTimeException: Missing NTP fix
01-17 15:22:40.356  2460  2460 I Dialer  : Flags.register - phenotype register status: false
01-17 15:22:40.358  1982  2086 W BestClock: java.time.DateTimeException: Missing NTP fix
01-17 15:22:40.358  1982  2086 W BestClock: java.time.DateTimeException: Missing NTP fix
01-17 15:22:40.363  2196  2196 D CarrierConfigLoader: mHandler: 5 phoneId: 0
01-17 15:22:40.363  1982  2079 W BestClock: java.time.DateTimeException: Missing NTP fix
01-17 15:22:40.364  1982  2086 W BestClock: java.time.DateTimeException: Missing NTP fix
01-17 15:22:40.365  2460  2460 I Dialer  : LegacyVoicemailNotificationReceiver.onReceive - received legacy voicemail notification
01-17 15:22:40.365  2460  2460 I Dialer  : LegacyVoicemailNotificationReceiver.onReceive - isRefresh: true
01-17 15:22:40.365  2460  2460 I Dialer  : LegacyVoicemailNotificationReceiver.onReceive - clearing notification
01-17 15:22:40.365  2460  2460 I Dialer  : LegacyVoicemailNotifier.cancelNotification - enter
01-17 15:22:40.365  1982  2496 I OMXClient: IOmx service obtained
01-17 15:22:40.365  1785  2428 I OMXMaster: makeComponentInstance(OMX.google.vorbis.decoder) in omx@1.0-service process
01-17 15:22:40.365  1785  2428 E OMXNodeInstance: getConfig(0xeeaa7080:google.vorbis.decoder, ConfigAndroidVendorExtension(0x6f100004)) ERROR: Undefined(0x80001001)
01-17 15:22:40.366  2145  2145 D SystemUIBootTiming: StartServicescom.android.systemui.usb.StorageNotification took to complete: 26ms
01-17 15:22:40.367  1624  1624 W AshmemAllocator: ashmem_create_region(32768) returning hidl_memory(0xeab1c180, 32768)
01-17 15:22:40.368  1624  1624 I chatty  : uid=1000(system) allocator@1.0-s identical 2 lines
01-17 15:22:40.368  1624  1624 W AshmemAllocator: ashmem_create_region(32768) returning hidl_memory(0xeab1c180, 32768)
01-17 15:22:40.369  1982  2079 W BestClock: java.time.DateTimeException: Missing NTP fix
01-17 15:22:40.370  2145  2145 D SystemUIBootTiming: StartServicescom.android.systemui.power.PowerUI took to complete: 4ms
01-17 15:22:40.370  1982  2080 W BestClock: java.time.DateTimeException: Missing NTP fix
01-17 15:22:40.371  2145  2145 D SystemUIBootTiming: StartServicescom.android.systemui.media.RingtonePlayer took to complete: 1ms
01-17 15:22:40.371  2196  2426 I CarrierInfoManager: using values for mnc, mcc: 260,310
01-17 15:22:40.372  2145  2145 D SystemUIBootTiming: StartServicescom.android.systemui.keyboard.KeyboardUI took to complete: 1ms
01-17 15:22:40.371  2196  2196 I ImsResolver: Received Carrier Config Changed for SlotId: 0
01-17 15:22:40.372  2196  2196 D CarrierKeyDownloadManager: Carrier Config changed: android.telephony.action.CARRIER_CONFIG_CHANGED
01-17 15:22:40.372  1624  1624 W AshmemAllocator: ashmem_create_region(32768) returning hidl_memory(0xeab1c180, 32768)
01-17 15:22:40.373  1982  2080 W BestClock: java.time.DateTimeException: Missing NTP fix
01-17 15:22:40.374  1624  1624 W AshmemAllocator: ashmem_create_region(32768) returning hidl_memory(0xeab1c180, 32768)
01-17 15:22:40.374  1624  1624 I chatty  : uid=1000(system) allocator@1.0-s identical 1 line
01-17 15:22:40.374  1624  1624 W AshmemAllocator: ashmem_create_region(32768) returning hidl_memory(0xeab1c180, 32768)
01-17 15:22:40.375  2196  2196 D CarrierKeyDownloadManager: Carrier not enabled or invalid values
01-17 15:22:40.375  2196  2196 D CarrierKeyDownloadManager: Cleaning up existing renewal alarms
01-17 15:22:40.385  1982  2489 D NetworkMonitor/NetworkAgentInfo [MOBILE (LTE) - 100]: PROBE_DNS www.google.com 44ms OK 142.250.184.68
01-17 15:22:40.386  2145  2145 D SystemUIBootTiming: StartServicescom.android.systemui.pip.PipUI took to complete: 14ms
01-17 15:22:40.387  2145  2145 D SystemUIBootTiming: StartServicescom.android.systemui.shortcut.ShortcutKeyDispatcher took to complete: 1ms
01-17 15:22:40.389  1982  2086 W BestClock: java.time.DateTimeException: Missing NTP fix
01-17 15:22:40.389  1982  2080 W BestClock: java.time.DateTimeException: Missing NTP fix
01-17 15:22:40.393  1982  2490 D NetworkMonitor/NetworkAgentInfo [MOBILE (LTE) - 100]: PROBE_DNS connectivitycheck.gstatic.com 44ms OK 142.250.180.163
01-17 15:22:40.396  2145  2145 D SystemUIBootTiming: StartServicescom.google.android.systemui.GoogleServices took to complete: 9ms
01-17 15:22:40.397  2196  2426 D CarrierInfoManager: No rows found for keyType: 2
01-17 15:22:40.398  2145  2145 D SystemUIBootTiming: StartServicescom.android.systemui.util.leak.GarbageMonitor$Service took to complete: 2ms
01-17 15:22:40.399  1982  2080 W BestClock: java.time.DateTimeException: Missing NTP fix
01-17 15:22:40.401  2196  2196 I ImsResolver: Carrier Config updated, binding new ImsService
01-17 15:22:40.401  1982  2090 D NotificationSQLiteLog: Pruned event entries: 0
01-17 15:22:40.403  2145  2145 D SystemUIBootTiming: StartServicescom.android.systemui.LatencyTester took to complete: 5ms
01-17 15:22:40.404  1982  1982 I Telecom : PhoneAccountRegistrar: SimCallManager queried, returning: null: TSI.gSCMFU@ADA
01-17 15:22:40.415  1982  2086 W BestClock: java.time.DateTimeException: Missing NTP fix
01-17 15:22:40.416  1982  1999 I ActivityManager: Start proc 2507:android.process.acore/u0a25 for content provider com.android.providers.blockednumber/.BlockedNumberProvider
01-17 15:22:40.418  1982  2080 W BestClock: java.time.DateTimeException: Missing NTP fix
01-17 15:22:40.420  1982  2006 W WindowManager: App freeze timeout expired.
01-17 15:22:40.421  2507  2507 W d.process.acor: Unexpected CPU variant for X86 using defaults: x86
01-17 15:22:40.423  2145  2145 D SystemUIBootTiming: StartServicescom.android.systemui.globalactions.GlobalActionsComponent took to complete: 20ms
01-17 15:22:40.432  2145  2145 D SystemUIBootTiming: StartServicescom.android.systemui.ScreenDecorations took to complete: 8ms
01-17 15:22:40.432  1982  2080 W BestClock: java.time.DateTimeException: Missing NTP fix
01-17 15:22:40.435  2196  2196 I TelecomFramework: PstnIncomingCallNotifier: Unregistering: Handler (com.android.internal.telephony.GsmCdmaPhone) {d17baa7}
01-17 15:22:40.440  1982  2080 W BestClock: java.time.DateTimeException: Missing NTP fix
01-17 15:22:40.440  1982  2086 W BestClock: java.time.DateTimeException: Missing NTP fix
01-17 15:22:40.444  1982  2075 E memtrack: Couldn't load memtrack module
01-17 15:22:40.445  1982  2075 W android.os.Debug: failed to get memory consumption info: -1
01-17 15:22:40.456  1982  2193 D SntpClient: round trip: 53ms, clock offset: 272ms
01-17 15:22:40.467  1982  2032 I Telecom : PhoneAccountRegistrar: Modify account: [ComponentInfo{com.android.phone/com.android.services.telephony.TelephonyConnectionService}, ***, UserHandle{0}]: TSI.rPA@ADE
01-17 15:22:40.474  1982  2490 D NetworkMonitor/NetworkAgentInfo [MOBILE (LTE) - 100]: PROBE_HTTP http://connectivitycheck.gstatic.com/generate_204 time=78ms ret=204 request={User-Agent=[Mozilla/5.0 (X11; Linux x86_64) AppleWebKit/537.36 (KHTML, like Gecko) Chrome/60.0.3112.32 Safari/537.36]} headers={null=[HTTP/1.1 204 No Content], Content-Length=[0], Cross-Origin-Resource-Policy=[cross-origin], Date=[Tue, 17 Jan 2023 14:22:40 GMT], X-Android-Received-Millis=[1673965360472], X-Android-Response-Source=[NETWORK 204], X-Android-Selected-Protocol=[http/1.1], X-Android-Sent-Millis=[1673965360439]}
01-17 15:22:40.475  2196  2196 I TelecomFramework: AccountEntry: Registered phoneAccount: [[ ] PhoneAccount: ComponentInfo{com.android.phone/com.android.services.telephony.TelephonyConnectionService}, ***, UserHandle{0} Capabilities: CallProvider MultiUser PlaceEmerg SimSub  Audio Routes: BESW Schemes: tel voicemail  Extras: Bundle[{android.telecom.extra.SUPPORTS_VIDEO_CALLING_FALLBACK=true}] GroupId: ***] with handle: ComponentInfo{com.android.phone/com.android.services.telephony.TelephonyConnectionService}, ***, UserHandle{0}
01-17 15:22:40.475  2196  2196 I TelecomFramework: PstnIncomingCallNotifier: Registering: Handler (com.android.internal.telephony.GsmCdmaPhone) {d17baa7}
01-17 15:22:40.477  2196  2205 W System  : A resource failed to call close. 
01-17 15:22:40.477  2196  2196 D CallNotifier: updatePhoneStateListeners: update CF notifications.
01-17 15:22:40.477  2196  2196 I NotificationMgr: updateCfi: subId= 1, visible=N
01-17 15:22:40.479  1982  2523 I OMXClient: IOmx service obtained
01-17 15:22:40.479  2507  2507 I d.process.acor: The ClassLoaderContext is a special shared library.
01-17 15:22:40.480  1785  2428 I OMXMaster: makeComponentInstance(OMX.google.vorbis.decoder) in omx@1.0-service process
01-17 15:22:40.479  2196  2196 I NotificationMgr: updateMwi(): subId 1 update to false
01-17 15:22:40.483  1785  1892 E OMXNodeInstance: getConfig(0xeeaa7080:google.vorbis.decoder, ConfigAndroidVendorExtension(0x6f100004)) ERROR: Undefined(0x80001001)
01-17 15:22:40.485  2145  2145 D SystemUIBootTiming: StartServicescom.android.systemui.fingerprint.FingerprintDialogImpl took to complete: 53ms
01-17 15:22:40.486  2145  2145 D SystemUIBootTiming: StartServicescom.android.systemui.SliceBroadcastRelayHandler took to complete: 1ms
01-17 15:22:40.486  2145  2145 D SystemUIBootTiming: StartServices took to complete: 4592ms
01-17 15:22:40.488  1624  1624 W AshmemAllocator: ashmem_create_region(32768) returning hidl_memory(0xeab1c180, 32768)
01-17 15:22:40.490  1624  1624 W AshmemAllocator: ashmem_create_region(32768) returning hidl_memory(0xeab1c180, 32768)
01-17 15:22:40.490  2507  2507 I d.process.acor: The ClassLoaderContext is a special shared library.
01-17 15:22:40.490  1624  1624 W AshmemAllocator: ashmem_create_region(32768) returning hidl_memory(0xeab1c180, 32768)
01-17 15:22:40.493  1624  1624 I chatty  : uid=1000(system) allocator@1.0-s identical 4 lines
01-17 15:22:40.493  1624  1624 W AshmemAllocator: ashmem_create_region(32768) returning hidl_memory(0xeab1c180, 32768)
01-17 15:22:40.500  2196  2196 I ImsExternalCallTracker: handleVideoCapabilitiesChanged : isVideoCapable = false
01-17 15:22:40.500  2196  2196 D ImsExternalCallTracker: refreshCallPullState
01-17 15:22:40.500  2196  2196 I TelecomFramework: PstnPhoneCapabilitiesNotifier: handleVideoCapabilitesChanged. Video capability - false
01-17 15:22:40.504  2460  2460 I Dialer  : LegacyVoicemailNotificationReceiver.onReceive - received legacy voicemail notification
01-17 15:22:40.504  2460  2460 I Dialer  : LegacyVoicemailNotificationReceiver.onReceive - isRefresh: true
01-17 15:22:40.504  2460  2460 I Dialer  : LegacyVoicemailNotificationReceiver.onReceive - clearing notification
01-17 15:22:40.504  2460  2460 I Dialer  : LegacyVoicemailNotifier.cancelNotification - enter
01-17 15:22:40.504  1624  1624 W AshmemAllocator: ashmem_create_region(32768) returning hidl_memory(0xeab1c180, 32768)
01-17 15:22:40.511  1982  2075 W ActivityManager: Unable to start service Intent { act=android.intent.action.QUICKSTEP_SERVICE pkg=com.google.android.apps.nexuslauncher } U=0: not found
01-17 15:22:40.504  1624  1624 I chatty  : uid=1000(system) allocator@1.0-s identical 2 lines
01-17 15:22:40.505  1624  1624 W AshmemAllocator: ashmem_create_region(32768) returning hidl_memory(0xeab1c180, 32768)
01-17 15:22:40.511  2145  2145 W OverviewProxyService: Failed to connect on attempt 1 will try again in 5000ms
01-17 15:22:40.513  2145  2145 I Choreographer: Skipped 101 frames!  The application may be doing too much work on its main thread.
01-17 15:22:40.516  1982  2411 I Telecom : PhoneAccountRegistrar: Modify account: [ComponentInfo{com.android.phone/com.android.services.telephony.TelephonyConnectionService}, ***, UserHandle{0}]: TSI.rPA@ADY
01-17 15:22:40.531  2145  2371 D HostConnection: HostConnection::get() New Host Connection established 0xde7a1870, tid 2371
01-17 15:22:40.532  1637  1703 D gralloc_ranchu: gralloc_alloc: Creating ashmem region of size 970752
01-17 15:22:40.534  1637  1703 I chatty  : uid=1000(system) HwBinder:1637_1 identical 1 line
01-17 15:22:40.538  1637  1703 D gralloc_ranchu: gralloc_alloc: Creating ashmem region of size 970752
01-17 15:22:40.543  2145  2145 D ViewRootImpl[StatusBar]: changeCanvasOpacity: opaque=true
01-17 15:22:40.554  1982  2094 I AudioService: setBluetoothScoOnInt: false resetBluetoothSco
01-17 15:22:40.555  2145  2371 D HostConnection: HostComposition ext ANDROID_EMU_CHECKSUM_HELPER_v1 ANDROID_EMU_native_sync_v2 ANDROID_EMU_native_sync_v3 ANDROID_EMU_native_sync_v4 ANDROID_EMU_dma_v1 ANDROID_EMU_YUV420_888_to_NV21 ANDROID_EMU_YUV_Cache ANDROID_EMU_sync_buffer_data GL_OES_EGL_image_external_essl3 GL_OES_vertex_array_object GL_KHR_texture_compression_astc_ldr ANDROID_EMU_host_side_tracing ANDROID_EMU_gles_max_version_3_0 
01-17 15:22:40.558  2145  2371 I ConfigStore: android::hardware::configstore::V1_0::ISurfaceFlingerConfigs::hasWideColorDisplay retrieved: 0
01-17 15:22:40.558  2145  2371 I ConfigStore: android::hardware::configstore::V1_0::ISurfaceFlingerConfigs::hasHDRDisplay retrieved: 0
01-17 15:22:40.558  2145  2371 I OpenGLRenderer: Initialized EGL, version 1.4
01-17 15:22:40.558  2145  2371 D OpenGLRenderer: Swap behavior 1
01-17 15:22:40.558  2145  2371 W OpenGLRenderer: Failed to choose config with EGL_SWAP_BEHAVIOR_PRESERVED, retrying without...
01-17 15:22:40.558  2145  2371 D OpenGLRenderer: Swap behavior 0
01-17 15:22:40.559  2145  2371 D eglCodecCommon: setVertexArrayObject: set vao to 0 (0) 0 0
01-17 15:22:40.559  2145  2371 D EGL_emulation: eglCreateContext: 0xde7855a0: maj 3 min 0 rcv 3
01-17 15:22:40.560  2145  2371 D EGL_emulation: eglMakeCurrent: 0xde7855a0: ver 3 0 (tinfo 0xde7834a0)
01-17 15:22:40.562  1932  1972 E SurfaceFlinger: ro.sf.lcd_density must be defined as a build property
01-17 15:22:40.571  2145  2371 D HostConnection: createUnique: call
01-17 15:22:40.572  2145  2371 D HostConnection: HostConnection::get() New Host Connection established 0xde7a1ff0, tid 2371
01-17 15:22:40.605  2145  2371 D HostConnection: HostComposition ext ANDROID_EMU_CHECKSUM_HELPER_v1 ANDROID_EMU_native_sync_v2 ANDROID_EMU_native_sync_v3 ANDROID_EMU_native_sync_v4 ANDROID_EMU_dma_v1 ANDROID_EMU_YUV420_888_to_NV21 ANDROID_EMU_YUV_Cache ANDROID_EMU_sync_buffer_data GL_OES_EGL_image_external_essl3 GL_OES_vertex_array_object GL_KHR_texture_compression_astc_ldr ANDROID_EMU_host_side_tracing ANDROID_EMU_gles_max_version_3_0 
01-17 15:22:40.605  2145  2371 E eglCodecCommon: GoldfishAddressSpaceHostMemoryAllocator: ioctl_ping failed for device_type=5, ret=-1
01-17 15:22:40.614  2145  2488 E ActivityThread: Failed to find provider info for com.android.contacts
01-17 15:22:40.625  2111  2111 E ActivityThread: Failed to find provider info for com.google.android.gsf.gservices
01-17 15:22:40.647  1982  2489 D NetworkMonitor/NetworkAgentInfo [MOBILE (LTE) - 100]: PROBE_HTTPS https://www.google.com/generate_204 time=259ms ret=204 request={User-Agent=[Mozilla/5.0 (X11; Linux x86_64) AppleWebKit/537.36 (KHTML, like Gecko) Chrome/60.0.3112.32 Safari/537.36]} headers={null=[HTTP/1.1 204 No Content], Alt-Svc=[h3=":443"; ma=2592000,h3-29=":443"; ma=2592000,h3-Q050=":443"; ma=2592000,h3-Q046=":443"; ma=2592000,h3-Q043=":443"; ma=2592000,quic=":443"; ma=2592000; v="46,43"], Content-Length=[0], Cross-Origin-Resource-Policy=[cross-origin], Date=[Tue, 17 Jan 2023 14:22:40 GMT], X-Android-Received-Millis=[1673965360647], X-Android-Response-Source=[NETWORK 204], X-Android-Selected-Protocol=[http/1.1], X-Android-Sent-Millis=[1673965360610]}
01-17 15:22:40.625  2111  2111 E ActivityThread: Failed to find provider info for com.google.android.gsf.gservices
01-17 15:22:40.648  1982  2086 D ConnectivityService: NetworkAgentInfo [MOBILE (LTE) - 100] validation passed
01-17 15:22:40.649  1982  2098 I GnssLocationProvider: WakeLock acquired by sendMessage(UPDATE_NETWORK_STATE, 0, 100)
01-17 15:22:40.652  1982  1996 I GnssLocationProvider: WakeLock released by handleMessage(UPDATE_NETWORK_STATE, 0, 100)
01-17 15:22:40.720  2145  2382 E ActivityThread: Failed to find provider info for com.android.contacts
01-17 15:22:40.768  1637  1703 D gralloc_ranchu: gralloc_alloc: Creating ashmem region of size 487424
01-17 15:22:40.771  1637  1942 D gralloc_ranchu: gralloc_alloc: Creating ashmem region of size 487424
01-17 15:22:40.772  1982  2455 I GnssLocationProvider: WakeLock acquired by sendMessage(REPORT_SV_STATUS, 0, com.android.server.location.GnssLocationProvider$SvStatusInfo@b73bccc)
01-17 15:22:40.773  1982  1996 I GnssLocationProvider: WakeLock released by handleMessage(REPORT_SV_STATUS, 0, com.android.server.location.GnssLocationProvider$SvStatusInfo@b73bccc)
01-17 15:22:40.773  1637  1703 D gralloc_ranchu: gralloc_alloc: Creating ashmem region of size 487424
01-17 15:22:40.776  2145  2145 D StatusBar: disable<e i a s b h r c s > disable2<q i n >
01-17 15:22:40.778  1982  2082 D WifiService: New client listening to asynchronous messages
01-17 15:22:40.781  2111  2111 W DirectBootExitBR: User is in direct boot mode.
01-17 15:22:40.781  2111  2111 E ActivityThread: Failed to find provider info for com.google.android.gsf.gservices
01-17 15:22:40.782  2111  2111 E ActivityThread: Failed to find provider info for com.google.android.gsf.gservices
01-17 15:22:40.806  1982  1982 W Looper  : Slow dispatch took 402ms main h=android.app.ActivityThread$H c=android.app.-$$Lambda$LoadedApk$ReceiverDispatcher$Args$_BumDX2UKsnxLVrE6UJsJZkotuA@e2b12f6 m=0
01-17 15:22:40.807  1982  1982 W Looper  : Slow delivery took 416ms main h=com.android.server.notification.NotificationManagerService$WorkerHandler c=com.android.server.notification.NotificationManagerService$14@86236f7 m=0
01-17 15:22:40.807  1982  1982 I GnssLocationProvider: WakeLock acquired by sendMessage(SUBSCRIPTION_OR_SIM_CHANGED, 0, null)
01-17 15:22:40.813  1982  1982 W Looper  : Drained
01-17 15:22:40.816  1982  1996 E GnssLocationProvider: no AGPS interface in set_agps_server
01-17 15:22:40.816  1982  1996 I GnssLocationProvider: WakeLock released by handleMessage(SUBSCRIPTION_OR_SIM_CHANGED, 0, null)
01-17 15:22:40.860  2111  2111 E ActivityThread: Failed to find provider info for com.google.android.gsf.gservices
01-17 15:22:40.899  2111  2111 I GmsApplication: Staging modules and/or updating config
01-17 15:22:40.919  2111  2111 E ChimeraCfgMgr: Failed to read module config: java.io.FileNotFoundException: /data/user_de/0/com.google.android.gms/app_chimera/current_config.fb (No such file or directory)
01-17 15:22:40.989  2111  2111 I GmsApplication: Staging modules
01-17 15:22:41.011  2111  2111 I FileApkMgr: Extracting modules...
01-17 15:22:41.135  2111  2111 E ConfigFileUtils: Failed to read config file: /data/user_de/0/com.google.android.gms/app_chimera/current_fileapks.pb (No such file or directory)
01-17 15:22:40.861  2111  2111 I chatty  : uid=10012 com.google.android.gms.persistent identical 3 lines
01-17 15:22:40.900  2111  2111 E ActivityThread: Failed to find provider info for com.google.android.gsf.gservices
01-17 15:22:41.165  1982  2036 W LocalDisplayAdapter: Unable to find color mode 0, ignoring request.
01-17 15:22:41.169  1982  2057 I InputReader: Reconfiguring input devices.  changes=0x00000004
01-17 15:22:41.166  1982  2036 W LocalDisplayAdapter: Unable to find color mode 0, ignoring request.
01-17 15:22:41.169  1982  2057 I InputReader: Reconfiguring input devices.  changes=0x00000004
01-17 15:22:41.258  2345  2378 D eglCodecCommon: setVertexArrayObject: set vao to 0 (0) 1 2
01-17 15:22:41.305  1982  2036 W LocalDisplayAdapter: Unable to find color mode 0, ignoring request.
01-17 15:22:41.305  1982  2057 I InputReader: Reconfiguring input devices.  changes=0x00000004
01-17 15:22:41.311  2145  2145 I Choreographer: Skipped 46 frames!  The application may be doing too much work on its main thread.
01-17 15:22:41.316  1637  1703 D gralloc_ranchu: gralloc_alloc: Creating ashmem region of size 970752
01-17 15:22:41.325  1637  1703 D gralloc_ranchu: gralloc_alloc: Creating ashmem region of size 40960
01-17 15:22:41.335  1637  1703 I chatty  : uid=1000(system) HwBinder:1637_1 identical 2 lines
01-17 15:22:41.338  1637  1703 D gralloc_ranchu: gralloc_alloc: Creating ashmem region of size 40960
01-17 15:22:41.344  2145  2371 D EGL_emulation: eglMakeCurrent: 0xde7855a0: ver 3 0 (tinfo 0xde7834a0)
01-17 15:22:41.345  2145  2371 D eglCodecCommon: setVertexArrayObject: set vao to 0 (0) 1 2
01-17 15:22:41.433  2111  2111 E ActivityThread: Failed to find provider info for com.google.android.gsf.gservices
01-17 15:22:41.476  1637  1703 D gralloc_ranchu: gralloc_alloc: Creating ashmem region of size 970752
01-17 15:22:41.479  2145  2371 I OpenGLRenderer: Davey! duration=947ms; Flags=1, IntendedVsync=60802440302, Vsync=61569106938, OldestInputEvent=9223372036854775807, NewestInputEvent=0, HandleInputStart=61582299449, AnimationStart=61582325749, PerformTraversalsStart=61582722824, DrawStart=61590448647, SyncQueued=61615486427, SyncStart=61616025815, IssueDrawCommandsStart=61616440853, SwapBuffers=61725148799, FrameCompleted=61750258736, DequeueBufferDuration=3814000, QueueBufferDuration=120000, 
01-17 15:22:41.434  2111  2111 E ActivityThread: Failed to find provider info for com.google.android.gsf.gservices
01-17 15:22:41.481  1982  2036 W LocalDisplayAdapter: Unable to find color mode 0, ignoring request.
01-17 15:22:41.499  1982  2057 I InputReader: Reconfiguring input devices.  changes=0x00000004
01-17 15:22:41.568  2145  2371 D EGL_emulation: eglMakeCurrent: 0xde7855a0: ver 3 0 (tinfo 0xde7834a0)
01-17 15:22:41.674  2145  2371 I OpenGLRenderer: Davey! duration=1142ms; Flags=1, IntendedVsync=60802440302, Vsync=61569106938, OldestInputEvent=9223372036854775807, NewestInputEvent=0, HandleInputStart=61582299449, AnimationStart=61582325749, PerformTraversalsStart=61582722824, DrawStart=61803462468, SyncQueued=61839087628, SyncStart=61839752414, IssueDrawCommandsStart=61839785861, SwapBuffers=61928280089, FrameCompleted=61945978290, DequeueBufferDuration=33000, QueueBufferDuration=193000, 
01-17 15:22:41.780  1982  2455 I GnssLocationProvider: WakeLock acquired by sendMessage(REPORT_SV_STATUS, 0, com.android.server.location.GnssLocationProvider$SvStatusInfo@4196394)
01-17 15:22:41.781  1982  1996 I GnssLocationProvider: WakeLock released by handleMessage(REPORT_SV_STATUS, 0, com.android.server.location.GnssLocationProvider$SvStatusInfo@4196394)
01-17 15:22:41.824  2145  2145 W KeyguardUpdateMonitor: invalid subId in handleServiceStateChange()
01-17 15:22:41.861  2145  2145 W KeyguardUpdateMonitor: invalid subId in handleServiceStateChange()
01-17 15:22:41.863  2145  2145 W KeyguardUpdateMonitor: invalid subId in handleSimStateChange()
01-17 15:22:41.907  1932  1972 W SurfaceFlinger: Attempting to destroy on removed layer: 39b232a DockedStackDivider#0
01-17 15:22:42.060  1637  1703 D gralloc_ranchu: gralloc_alloc: Creating ashmem region of size 16592896
01-17 15:22:42.062  2145  2145 I ImageWallpaper: Redrawing in rect: RectF(0.0, 0.0, 3495.9375, 2880.0) with surface size: 1440x2880
01-17 15:22:42.063  2145  2371 D EGL_emulation: eglMakeCurrent: 0xde7855a0: ver 3 0 (tinfo 0xde7834a0)
01-17 15:22:42.143  1637  1703 D gralloc_ranchu: gralloc_alloc: Creating ashmem region of size 16592896
01-17 15:22:42.208  2145  2157 I ndroid.systemu: NativeAlloc concurrent copying GC freed 15895(1093KB) AllocSpace objects, 14(472KB) LOS objects, 49% free, 4MB/8MB, paused 19us total 150.134ms
01-17 15:22:42.234  2145  2145 I Choreographer: Skipped 54 frames!  The application may be doing too much work on its main thread.
01-17 15:22:42.254  2145  2371 D EGL_emulation: eglMakeCurrent: 0xde7855a0: ver 3 0 (tinfo 0xde7834a0)
01-17 15:22:42.265  1982  2032 E ActivityManager: Sending non-protected broadcast com.android.systemui.demo from system 2145:com.android.systemui/u0a39 pkg com.android.systemui
01-17 15:22:42.265  1982  2032 E ActivityManager: java.lang.Throwable
01-17 15:22:42.265  1982  2032 E ActivityManager: 	at com.android.server.am.ActivityManagerService.checkBroadcastFromSystem(ActivityManagerService.java:21206)
01-17 15:22:42.265  1982  2032 E ActivityManager: 	at com.android.server.am.ActivityManagerService.broadcastIntentLocked(ActivityManagerService.java:21717)
01-17 15:22:42.265  1982  2032 E ActivityManager: 	at com.android.server.am.ActivityManagerService.broadcastIntent(ActivityManagerService.java:21952)
01-17 15:22:42.265  1982  2032 E ActivityManager: 	at android.app.IActivityManager$Stub.onTransact$broadcastIntent$(IActivityManager.java:10171)
01-17 15:22:42.265  1982  2032 E ActivityManager: 	at android.app.IActivityManager$Stub.onTransact(IActivityManager.java:167)
01-17 15:22:42.265  1982  2032 E ActivityManager: 	at com.android.server.am.ActivityManagerService.onTransact(ActivityManagerService.java:3291)
01-17 15:22:42.265  1982  2032 E ActivityManager: 	at android.os.Binder.execTransact(Binder.java:731)
01-17 15:22:42.276  2145  2371 I OpenGLRenderer: Davey! duration=954ms; Flags=0, IntendedVsync=61590197475, Vsync=62490197439, OldestInputEvent=9223372036854775807, NewestInputEvent=0, HandleInputStart=62505702217, AnimationStart=62505714818, PerformTraversalsStart=62507772685, DrawStart=62518733731, SyncQueued=62524301469, SyncStart=62527042152, IssueDrawCommandsStart=62527074504, SwapBuffers=62535563836, FrameCompleted=62547432972, DequeueBufferDuration=2236000, QueueBufferDuration=101000, 
01-17 15:22:42.276  1982  2032 E ActivityManager: Sending non-protected broadcast com.android.systemui.demo from system 2145:com.android.systemui/u0a39 pkg com.android.systemui
01-17 15:22:42.276  1982  2032 E ActivityManager: java.lang.Throwable
01-17 15:22:42.276  1982  2032 E ActivityManager: 	at com.android.server.am.ActivityManagerService.checkBroadcastFromSystem(ActivityManagerService.java:21206)
01-17 15:22:42.276  1982  2032 E ActivityManager: 	at com.android.server.am.ActivityManagerService.broadcastIntentLocked(ActivityManagerService.java:21810)
01-17 15:22:42.276  1982  2032 E ActivityManager: 	at com.android.server.am.ActivityManagerService.broadcastIntent(ActivityManagerService.java:21952)
01-17 15:22:42.276  1982  2032 E ActivityManager: 	at android.app.IActivityManager$Stub.onTransact$broadcastIntent$(IActivityManager.java:10171)
01-17 15:22:42.276  1982  2032 E ActivityManager: 	at android.app.IActivityManager$Stub.onTransact(IActivityManager.java:167)
01-17 15:22:42.276  1982  2032 E ActivityManager: 	at com.android.server.am.ActivityManagerService.onTransact(ActivityManagerService.java:3291)
01-17 15:22:42.276  1982  2032 E ActivityManager: 	at android.os.Binder.execTransact(Binder.java:731)
01-17 15:22:42.283  1637  1703 D gralloc_ranchu: gralloc_alloc: Creating ashmem region of size 40960
01-17 15:22:42.303  1637  1703 I chatty  : uid=1000(system) HwBinder:1637_1 identical 2 lines
01-17 15:22:42.306  1637  1703 D gralloc_ranchu: gralloc_alloc: Creating ashmem region of size 40960
01-17 15:22:42.310  2145  2371 D EGL_emulation: eglMakeCurrent: 0xde7855a0: ver 3 0 (tinfo 0xde7834a0)
01-17 15:22:42.319  1637  1703 D gralloc_ranchu: gralloc_alloc: Creating ashmem region of size 970752
01-17 15:22:42.320  2145  2371 I OpenGLRenderer: Davey! duration=1000ms; Flags=1, IntendedVsync=61590197475, Vsync=62490197439, OldestInputEvent=9223372036854775807, NewestInputEvent=0, HandleInputStart=62505702217, AnimationStart=62505714818, PerformTraversalsStart=62507772685, DrawStart=62552807906, SyncQueued=62581836467, SyncStart=62582359435, IssueDrawCommandsStart=62582550077, SwapBuffers=62584901301, FrameCompleted=62591639948, DequeueBufferDuration=1316000, QueueBufferDuration=269000, 
01-17 15:22:42.328  2145  2145 I ImageWallpaper: Redrawing in rect: RectF(0.0, 0.0, 3495.9375, 2880.0) with surface size: 1440x2880
01-17 15:22:42.330  2145  2371 D EGL_emulation: eglMakeCurrent: 0xde7855a0: ver 3 0 (tinfo 0xde7834a0)
01-17 15:22:42.333  2145  2145 I ImageWallpaper: Redrawing in rect: RectF(0.0, 0.0, 3495.9375, 2880.0) with surface size: 1440x2880
01-17 15:22:42.335  1637  1703 D gralloc_ranchu: gralloc_alloc: Creating ashmem region of size 16592896
01-17 15:22:42.354  2145  2145 I ImageWallpaper: Redrawing in rect: RectF(0.0, 0.0, 3495.9375, 2880.0) with surface size: 1440x2880
